=== dpp (alpha=0.25) | ResNet20BN / gradmatch / dog-bird ===
    targets: pinned from target_sets/ResNet20BN_gradmatch_dog-bird.json (same 10 the random-base run attacked)
    difficulty label tgt14   craft flags: none
    Jacobian score disabled
    budgets: 0.02

--- dpp | ResNet20BN / gradmatch / dog-bird | budget 0.02 ---
[2026-08-26 08:24:39] === run start: CIFAR10_ResNet20BN_gradmatch_ours_dog-bird_b0.02_eps8_seed42_lam1_cosine_seldpp0.25_ce5_tgt14 on cuda [0, 1, 2] ===
[2026-08-26 08:24:39] args: {"FORCE": false, "attack": "gradmatch", "base": "ours", "base_dist": "cosine", "base_topr": null, "budget": 0.02, "cache_dir": "/home/ubuntu/mohammad/PoisonBase/cache_alpha025_live", "class_pair": "dog-bird", "clean_baseline": true, "craft_alpha": 0.0039216, "craft_aug": true, "craft_batch": 256, "craft_ensemble": 5, "craft_lowmem": false, "craft_schedule": false, "craft_steps": 250, "data_path": "/home/ubuntu/mohammad/data", "dataset": "CIFAR10", "dsa_strategy": "color_crop_cutout_flip_scale_rotate", "epsilon": 0.0313725, "fast_gradmatch": false, "fc_mode": "sample", "fc_restarts": 1, "gpus": "all", "jacobian_batch_size": 64, "jacobian_weight": 1.0, "lambda_margin": 1.0, "model": "ResNet20BN", "no_resume": false, "num_poisons": 500, "num_surrogates": 20, "num_targets": 5, "num_victims": 1, "out_dir": "/home/ubuntu/mohammad/PoisonBase/ours_result_alpha025_live", "pair_order": "poison-target", "parallel_pretrain": true, "parallel_targets": true, "precompute_id": null, "precompute_only": false, "precompute_part": "both", "rank_on_victims": true, "recompute_deltas": false, "require_correct_target": false, "restarts": 8, "seed": 42, "sel_K": null, "sel_alpha": 0.25, "sel_criterion": null, "sel_dpp": true, "sel_filter": false, "sel_mmr": false, "sel_mode": "dpp", "sel_model": null, "sel_mu": 1.0, "sel_pca": false, "sel_pool": 3.0, "sharp_mode": "worst", "sharp_samples": 20, "sharp_sigma": 0.05, "steal_timeout": 7200.0, "surrogate_aug": false, "surrogate_bs": 128, "surrogate_decay": [35, 45], "surrogate_epochs": 60, "surrogate_lr": 0.1, "surrogate_wd": 0.0, "target_idx_file": "target_sets/ResNet20BN_gradmatch_dog-bird.json", "target_select": 14, "use_jacobian_score": false, "victim_aug": false, "victim_bs": 125, "victim_decay": [40], "victim_epochs": 50, "victim_lr": 0.1, "victim_wd": 0.0}
[2026-08-26 08:24:39] Jacobian score: disabled
[2026-08-26 08:24:39] N_total=50000 budget=0.02 -> N_p=1000 poisons, y_adv=5(dog) target_class=2(bird)
[2026-08-26 08:24:39] === surrogates (20 x ResNet20BN, trained on the full real set) ===
[2026-08-26 08:24:43]   crafting on 5/20 surrogates
[2026-08-26 08:24:43] === clean victims (1 x ResNet20BN) ===
[2026-08-26 08:24:45]   clean baseline CTA = 0.8384 +/- 0.0000
[2026-08-26 08:24:45]   target pool 1000 -> eligible 969 (31 already predicted as y_adv or dropped)
[2026-08-26 08:24:45]   chosen 5 targets (file), p_adv range 0.0000..0.0905
[2026-08-26 08:24:45]   targets: [5118, 8740, 5324, 4630, 833]
[2026-08-26 08:24:45] === 5 target(s), 5 trials over 3 gpus [0, 1, 2]: one target per gpu while there are targets left to start, then idle gpus help with the victims of the targets still running ===
[2026-08-26 08:25:07] [gpu2] === target 833 (crafting here) ===
[2026-08-26 08:25:08] [gpu1] === target 4630 (crafting here) ===
[2026-08-26 08:25:08] [gpu0] === target 5118 (crafting here) ===
/home/ubuntu/.local/share/uv/python/cpython-3.11.15-linux-x86_64-gnu/lib/python3.11/multiprocessing/resource_tracker.py:254: UserWarning: resource_tracker: There appear to be 3 leaked semaphore objects to clean up at shutdown
  warnings.warn('resource_tracker: There appear to be %d '
