nohup: ignoring input
environment: using the current Python environment (python3)
GPUs: using physical devices 0-7 (two attack workers per GPU)
cache: all ConvNetBN/ResNet20BN surrogate and victim checkpoints are present
/home/ubuntu/PoisonBase/target_sets/ConvNetBN_gradmatch_dog-bird.json -> [843, 1257, 8252, 8730] | [8055, 5859, 8954, 821]
/home/ubuntu/PoisonBase/target_sets/ResNet20BN_gradmatch_dog-bird.json -> [5118, 8740, 5324, 4630] | [833, 2065, 7056, 9059]
launch: starting the eight configurations
GPU 0: launch bmc02_conv_sa_b0002_m part 1 with /home/ubuntu/PoisonBase/.local_bench_shards/targets/conv_part1.json
GPU 0: launch bmc02_conv_sa_b0002_m part 2 with /home/ubuntu/PoisonBase/.local_bench_shards/targets/conv_part2.json
GPU 1: launch bmc05_r20_gm_b0005_m part 1 with /home/ubuntu/PoisonBase/.local_bench_shards/targets/r20_part1.json
GPU 1: launch bmc05_r20_gm_b0005_m part 2 with /home/ubuntu/PoisonBase/.local_bench_shards/targets/r20_part2.json
GPU 2: launch bmc07_r20_sa_b0002_r part 1 with /home/ubuntu/PoisonBase/.local_bench_shards/targets/r20_part1.json
GPU 2: launch bmc07_r20_sa_b0002_r part 2 with /home/ubuntu/PoisonBase/.local_bench_shards/targets/r20_part2.json
GPU 3: launch bmc08_r20_sa_b0002_m part 1 with /home/ubuntu/PoisonBase/.local_bench_shards/targets/r20_part1.json
GPU 3: launch bmc08_r20_sa_b0002_m part 2 with /home/ubuntu/PoisonBase/.local_bench_shards/targets/r20_part2.json
GPU 4: launch bmc09_r20_sa_b0002_gigt part 1 with /home/ubuntu/PoisonBase/.local_bench_shards/targets/r20_part1.json
GPU 4: launch bmc09_r20_sa_b0002_gigt part 2 with /home/ubuntu/PoisonBase/.local_bench_shards/targets/r20_part2.json
GPU 5: launch bmc10_r20_sa_b0005_r part 1 with /home/ubuntu/PoisonBase/.local_bench_shards/targets/r20_part1.json
GPU 5: launch bmc10_r20_sa_b0005_r part 2 with /home/ubuntu/PoisonBase/.local_bench_shards/targets/r20_part2.json
GPU 6: launch bmc11_r20_sa_b0005_m part 1 with /home/ubuntu/PoisonBase/.local_bench_shards/targets/r20_part1.json
GPU 6: launch bmc11_r20_sa_b0005_m part 2 with /home/ubuntu/PoisonBase/.local_bench_shards/targets/r20_part2.json
GPU 7: launch bmc12_r20_sa_b0005_gigt part 1 with /home/ubuntu/PoisonBase/.local_bench_shards/targets/r20_part1.json
GPU 7: launch bmc12_r20_sa_b0005_gigt part 2 with /home/ubuntu/PoisonBase/.local_bench_shards/targets/r20_part2.json
GPU 0: finished bmc02_conv_sa_b0002_m part 1
GPU 0: finished bmc02_conv_sa_b0002_m part 2
==== CIFAR10_ConvNetBN_sapa_ours_dog-bird_b0.002_eps8_seed42_lam1_cosine_selMinusM_worst0.05_ce5_tgt70 : MERGED ASR = 27.5% +/- 24.4% | 8 targets x 5 victims ====
GPU 0: merged bmc02_conv_sa_b0002_m; combined stdout: /home/ubuntu/PoisonBase/local_logs/bench_missing_8gpu/bmc02_conv_sa_b0002_m.out
GPU 1: FAILED bmc05_r20_gm_b0005_m part 1; see /home/ubuntu/PoisonBase/local_logs/bench_missing_8gpu/bmc05_r20_gm_b0005_m.part1.out
GPU 1: finished bmc05_r20_gm_b0005_m part 2
GPU 2: finished bmc07_r20_sa_b0002_r part 1
GPU 2: finished bmc07_r20_sa_b0002_r part 2
==== CIFAR10_ResNet20BN_sapa_ours_dog-bird_b0.002_eps8_seed42_lam1_cosine_selR_worst0.05_ce5_tgt14 : MERGED ASR = 7.5% +/- 9.7% | 8 targets x 5 victims ====
GPU 2: merged bmc07_r20_sa_b0002_r; combined stdout: /home/ubuntu/PoisonBase/local_logs/bench_missing_8gpu/bmc07_r20_sa_b0002_r.out
GPU 3: finished bmc08_r20_sa_b0002_m part 1
GPU 3: finished bmc08_r20_sa_b0002_m part 2
==== CIFAR10_ResNet20BN_sapa_ours_dog-bird_b0.002_eps8_seed42_lam1_cosine_selMinusM_worst0.05_ce5_tgt14 : MERGED ASR = 57.5% +/- 30.7% | 8 targets x 5 victims ====
GPU 3: merged bmc08_r20_sa_b0002_m; combined stdout: /home/ubuntu/PoisonBase/local_logs/bench_missing_8gpu/bmc08_r20_sa_b0002_m.out
GPU 4: finished bmc09_r20_sa_b0002_gigt part 1
GPU 4: finished bmc09_r20_sa_b0002_gigt part 2
==== CIFAR10_ResNet20BN_sapa_ours_dog-bird_b0.002_eps8_seed42_lam1_cosine_selexactgigt_worst0.05_ce5_tgt14 : MERGED ASR = 55.0% +/- 31.2% | 8 targets x 5 victims ====
GPU 4: merged bmc09_r20_sa_b0002_gigt; combined stdout: /home/ubuntu/PoisonBase/local_logs/bench_missing_8gpu/bmc09_r20_sa_b0002_gigt.out
GPU 5: FAILED bmc10_r20_sa_b0005_r part 1; see /home/ubuntu/PoisonBase/local_logs/bench_missing_8gpu/bmc10_r20_sa_b0005_r.part1.out
GPU 5: finished bmc10_r20_sa_b0005_r part 2
GPU 6: finished bmc11_r20_sa_b0005_m part 1
GPU 6: FAILED bmc11_r20_sa_b0005_m part 2; see /home/ubuntu/PoisonBase/local_logs/bench_missing_8gpu/bmc11_r20_sa_b0005_m.part2.out
GPU 7: FAILED bmc12_r20_sa_b0005_gigt part 1; see /home/ubuntu/PoisonBase/local_logs/bench_missing_8gpu/bmc12_r20_sa_b0005_gigt.part1.out
GPU 7: finished bmc12_r20_sa_b0005_gigt part 2
ERROR: 4 configuration(s) failed; rerun this script to resume their shards
