[2026-08-26T06:15:03+00:00] START x03_K1_fc_AResNet20BN_SConvNetBN
DPP alpha=2; Jacobian off; selector K=1; attack surrogates=20
A=V=ResNet20BN; S=ConvNetBN; attack=fc; physical GPUs=4,5
=== cross-architecture sweep ===
    A=V models : ResNet20BN
    S models   : ConvNetBN
    attacks    : fc (fc is BP)
    selections : dpp
    protocol   : 5 targets x 4 victims, 20 surrogates
    selector K : 1 (20 attack surrogates retained)
    Jacobian   : enabled=0 weight=1.0 batch=64

=== S=ConvNetBN -> A=V=ResNet20BN | fc | dpp ===
    targets=target_sets/xarch_ResNet20BN_fc_dog-bird_b0.005.json (5), victims=4, surrogates=20
    Jacobian: enabled=0 weight=1.0 batch=64
[2026-08-26 06:15:27] === run start: CIFAR10_ResNet20BN_fc_ours_dog-bird_b0.005_eps8_seed42_lam1_cosine_seldpp2_selarchConvNetBN_K1_ce5_tgt10 on cuda [0, 1] ===
[2026-08-26 06:15:27] args: {"FORCE": false, "attack": "fc", "base": "ours", "base_dist": "cosine", "base_topr": null, "budget": 0.005, "cache_dir": "/home/ubuntu/mohammad/PoisonBase/cache_cross_k13_live", "class_pair": "dog-bird", "clean_baseline": true, "craft_alpha": 0.0039216, "craft_aug": true, "craft_batch": 256, "craft_ensemble": 5, "craft_lowmem": false, "craft_schedule": false, "craft_steps": 250, "data_path": "/home/ubuntu/mohammad/data", "dataset": "CIFAR10", "dsa_strategy": "color_crop_cutout_flip_scale_rotate", "epsilon": 0.0313725, "fast_gradmatch": false, "fc_mode": "sample", "fc_restarts": 1, "gpus": "all", "jacobian_batch_size": 64, "jacobian_weight": 1.0, "lambda_margin": 1.0, "model": "ResNet20BN", "no_resume": false, "num_poisons": 500, "num_surrogates": 20, "num_targets": 5, "num_victims": 4, "out_dir": "/home/ubuntu/mohammad/PoisonBase/ours_result", "pair_order": "poison-target", "parallel_pretrain": true, "parallel_targets": true, "precompute_id": null, "precompute_only": false, "precompute_part": "both", "rank_on_victims": true, "recompute_deltas": false, "require_correct_target": false, "restarts": 8, "seed": 42, "sel_K": 1, "sel_alpha": 2.0, "sel_criterion": null, "sel_dpp": true, "sel_filter": false, "sel_mmr": false, "sel_mode": "dpp", "sel_model": "ConvNetBN", "sel_mu": 1.0, "sel_pca": false, "sel_pool": 3.0, "sharp_mode": "worst", "sharp_samples": 20, "sharp_sigma": 0.05, "steal_timeout": 7200.0, "surrogate_aug": false, "surrogate_bs": 128, "surrogate_decay": [35, 45], "surrogate_epochs": 60, "surrogate_lr": 0.1, "surrogate_wd": 0.0, "target_idx_file": "target_sets/xarch_ResNet20BN_fc_dog-bird_b0.005.json", "target_select": 10, "use_jacobian_score": false, "victim_aug": false, "victim_bs": 125, "victim_decay": [40], "victim_epochs": 50, "victim_lr": 0.1, "victim_wd": 0.0}
[2026-08-26 06:15:27] Jacobian score: disabled
[2026-08-26 06:15:27] N_total=50000 budget=0.005 -> N_p=250 poisons, y_adv=5(dog) target_class=2(bird)
[2026-08-26 06:15:27] === surrogates (20 x ResNet20BN, trained on the full real set) ===
[2026-08-26 06:15:29]   crafting on 5/20 surrogates
[2026-08-26 06:15:29] === selection surrogates (20 x ConvNetBN, cross-architecture) ===
[2026-08-26 06:15:29] === clean victims (4 x ResNet20BN) ===
[2026-08-26 06:15:31]   clean baseline CTA = 0.8351 +/- 0.0034
[2026-08-26 06:15:31]   target pool 1000 -> eligible 974 (26 already predicted as y_adv or dropped)
[2026-08-26 06:15:31]   chosen 5 targets (file), p_adv range 0.0002..0.4350
[2026-08-26 06:15:31]   targets: [2242, 2312, 2315, 2903, 3495]
[2026-08-26 06:15:31] === 5 target(s), 20 trials over 2 gpus [0, 1]: one target per gpu while there are targets left to start, then idle gpus help with the victims of the targets still running ===
[2026-08-26 06:15:54] [gpu0] === target 2242 (crafting here) ===
[2026-08-26 06:15:54] [gpu1] === target 2312 (crafting here) ===
[2026-08-26 06:16:06] [gpu0]   target 2242: crafted 250 poisons in 12 s, obj=0.01744
[2026-08-26 06:16:06] [gpu0]   target 2242: realized linf = 0.03137 (8.00/255), budget = 8.00/255
[2026-08-26 06:16:10] [gpu1]   target 2312: crafted 250 poisons in 14 s, obj=0.01445
[2026-08-26 06:16:10] [gpu1]   target 2312: realized linf = 0.03137 (8.00/255), budget = 8.00/255
[2026-08-26 06:22:06] [gpu0]   [t2242 v1/4] SUCCESS (pred=dog) CTA=0.8324
[2026-08-26 06:22:16] [gpu1]   [t2312 v1/4] fail (pred=bird) CTA=0.8354
[2026-08-26 06:28:04] [gpu0]   [t2242 v2/4] fail (pred=cat) CTA=0.8349
[2026-08-26 06:28:21] [gpu1]   [t2312 v2/4] SUCCESS (pred=dog) CTA=0.8363
[2026-08-26 06:34:03] [gpu0]   [t2242 v3/4] fail (pred=cat) CTA=0.8340
[2026-08-26 06:34:21] [gpu1]   [t2312 v3/4] SUCCESS (pred=dog) CTA=0.8376
[2026-08-26 06:39:14] [gpu0]   [t2242 v4/4] fail (pred=cat) CTA=0.8329
[2026-08-26 06:39:14] [gpu0] === target 2315 (crafting here) ===
[2026-08-26 06:39:25] [gpu0]   target 2315: crafted 250 poisons in 11 s, obj=0.01694
[2026-08-26 06:39:25] [gpu0]   target 2315: realized linf = 0.03137 (8.00/255), budget = 8.00/255
[2026-08-26 06:39:32] [gpu1]   [t2312 v4/4] SUCCESS (pred=dog) CTA=0.8418
[2026-08-26 06:39:32] [gpu1] === target 2903 (crafting here) ===
[2026-08-26 06:39:44] [gpu1]   target 2903: crafted 250 poisons in 11 s, obj=0.02120
[2026-08-26 06:39:44] [gpu1]   target 2903: realized linf = 0.03137 (8.00/255), budget = 8.00/255
[2026-08-26 06:44:16] [gpu0]   [t2315 v1/4] fail (pred=bird) CTA=0.8374
[2026-08-26 06:44:46] [gpu1]   [t2903 v1/4] SUCCESS (pred=dog) CTA=0.8377
[2026-08-26 06:52:16] [gpu0]   [t2315 v2/4] SUCCESS (pred=dog) CTA=0.8337
[2026-08-26 06:52:53] [gpu1]   [t2903 v2/4] fail (pred=bird) CTA=0.8457
[2026-08-26 07:00:15] [gpu0]   [t2315 v3/4] fail (pred=bird) CTA=0.8366
[2026-08-26 07:01:00] [gpu1]   [t2903 v3/4] SUCCESS (pred=dog) CTA=0.8329
[2026-08-26 07:08:11] [gpu0]   [t2315 v4/4] fail (pred=bird) CTA=0.8412
[2026-08-26 07:08:11] [gpu0] === target 3495 (crafting here) ===
[2026-08-26 07:08:32] [gpu0]   target 3495: crafted 250 poisons in 16 s, obj=0.01595
[2026-08-26 07:08:32] [gpu0]   target 3495: realized linf = 0.03137 (8.00/255), budget = 8.00/255
[2026-08-26 07:09:04] [gpu1]   [t2903 v4/4] fail (pred=bird) CTA=0.8365
[2026-08-26 07:09:04] [gpu1] === target 3495 victim 1 (helping out) ===
[2026-08-26 07:09:04] [gpu1]   target 3495: realized linf = 0.03137 (8.00/255), budget = 8.00/255
[2026-08-26 07:16:30] [gpu0]   [t3495 v1/4] SUCCESS (pred=dog) CTA=0.8415
[2026-08-26 07:17:09] [gpu1]   [t3495 v2/4] SUCCESS (pred=dog) CTA=0.8436
[2026-08-26 07:24:29] [gpu0]   [t3495 v3/4] fail (pred=bird) CTA=0.8383
[2026-08-26 07:25:16] [gpu1]   [t3495 v4/4] SUCCESS (pred=dog) CTA=0.8383
[2026-08-26 07:25:17] === all workers finished in 4186 s ===
[2026-08-26 07:25:17] ==== CIFAR10_ResNet20BN_fc_ours_dog-bird_b0.005_eps8_seed42_lam1_cosine_seldpp2_selarchConvNetBN_K1_ce5_tgt10 : ASR = 50.0% +/- 22.4% | CTA = 0.8374 (baseline 0.8351) ====
[2026-08-26 07:25:17]   target-prediction tally ['airplane', 'automobile', 'bird', 'cat', 'deer', 'dog', 'frog', 'horse', 'ship', 'truck']: [0, 0, 7, 3, 0, 10, 0, 0, 0, 0]

=== cross-architecture sweep finished ===
[2026-08-26T07:25:18+00:00] END rc=0
