[2026-09-18 14:43:46] === run start: CIFAR10_ResNet20BN_sapa_ours_dog-bird_b0.002_eps8_seed42_lam1_cosine_selR_worst0.05_ce5_tgt14 on cuda [0] ===
[2026-09-18 14:43:46] args: {"FORCE": false, "attack": "sapa", "base": "ours", "base_dist": "cosine", "base_topr": null, "budget": 0.002, "cache_dir": "/home/ubuntu/PoisonBase/cache", "class_pair": "dog-bird", "clean_baseline": true, "craft_alpha": 0.0039216, "craft_aug": true, "craft_batch": 256, "craft_ensemble": 5, "craft_lowmem": false, "craft_schedule": false, "craft_steps": 250, "data_path": "/home/ubuntu/PoisonBase/data", "dataset": "CIFAR10", "distance_margin_coef": null, "dsa_strategy": "color_crop_cutout_flip_scale_rotate", "epsilon": 0.0313725, "fast_gradmatch": false, "fc_mode": "sample", "fc_restarts": 1, "fus_alpha": 0.5, "fus_iters": 10, "fus_proxy_restarts": 0, "fus_proxy_steps": 0, "fus_search_decay": [40], "fus_search_epochs": 50, "gpus": "0", "jacobian_batch_size": 64, "jacobian_weight": 1.0, "keep_pinned_targets": false, "lambda_margin": 1.0, "model": "ResNet20BN", "no_resume": false, "num_poisons": 500, "num_surrogates": 20, "num_targets": 4, "num_victims": 5, "out_dir": "/home/ubuntu/PoisonBase/.local_bench_shards/bmc07_r20_sa_b0002_r/part2", "pair_order": "poison-target", "parallel_pretrain": true, "parallel_targets": true, "precompute_id": null, "precompute_only": false, "precompute_part": "both", "rank_on_victims": true, "recompute_deltas": false, "require_correct_target": false, "restarts": 8, "seed": 42, "sel_K": null, "sel_alpha": 1.0, "sel_component": "r", "sel_criterion": null, "sel_dpp": false, "sel_filter": false, "sel_metric_epoch": 10, "sel_mmr": false, "sel_mode": null, "sel_model": null, "sel_mu": 1.0, "sel_pca": false, "sel_pool": 3.0, "selector_metric_dir": null, "sharp_mode": "worst", "sharp_samples": 20, "sharp_sigma": 0.05, "steal_timeout": 7200.0, "surrogate_aug": false, "surrogate_bs": 128, "surrogate_decay": [35, 45], "surrogate_epochs": 60, "surrogate_lr": 0.1, "surrogate_wd": 0.0, "target_idx_file": "/home/ubuntu/PoisonBase/.local_bench_shards/targets/r20_part2.json", "target_select": 14, "use_jacobian_score": false, "victim_aug": false, "victim_bs": 125, "victim_decay": [40], "victim_epochs": 50, "victim_lr": 0.1, "victim_model": null, "victim_wd": 0.0}
[2026-09-18 14:43:46] Jacobian score: disabled
[2026-09-18 14:43:46] R component selector: raw components averaged over surrogates, then each used component standardized across candidates; batch_size=64
[2026-09-18 14:43:46] N_total=50000 budget=0.002 -> N_p=100 poisons, y_adv=5(dog) target_class=2(bird)
[2026-09-18 14:43:46] === selection/crafting surrogates (20 x ResNet20BN, trained on the full real set) ===
[2026-09-18 14:43:58]   crafting on 5/20 surrogates
[2026-09-18 14:43:58] === clean victims (5 x ResNet20BN) ===
[2026-09-18 14:44:02]   clean baseline CTA = 0.8350 +/- 0.0046
[2026-09-18 14:44:02]   target pool 1000 -> eligible 976 (24 already predicted as y_adv or dropped)
[2026-09-18 14:44:02]   chosen 4 targets (file), p_adv range 0.0026..0.0475
[2026-09-18 14:44:02]   targets: [833, 2065, 7056, 9059]
[2026-09-18 14:44:02] === target 833 (1/4) ===
[2026-09-18 14:44:05]   target 833: selector overhead 2.722 s, CUDA peak 842.3 MiB (incremental 78.7 MiB)
[2026-09-18 14:54:08]   target 833: crafted 100 poisons in 603 s, obj=0.21967, CUDA peak=2365.3 MiB (incremental 1600.5 MiB)
[2026-09-18 14:54:08]   target 833: realized linf = 0.03137 (8.00/255), budget = 8.00/255
[2026-09-18 14:57:39]   [t833 v1/5] fail (pred=bird) CTA=0.8394
[2026-09-18 15:02:04]   [t833 v2/5] fail (pred=bird) CTA=0.8436
[2026-09-18 15:06:29]   [t833 v3/5] fail (pred=bird) CTA=0.8338
[2026-09-18 15:10:51]   [t833 v4/5] fail (pred=bird) CTA=0.8409
[2026-09-18 15:13:50]   [t833 v5/5] SUCCESS (pred=dog) CTA=0.8388
[2026-09-18 15:13:50]   target 833, 5 victims on this gpu: ASR=20.0% CTA=0.8393 +/- 0.0032
[2026-09-18 15:13:50] === target 2065 (2/4) ===
[2026-09-18 15:13:52]   target 2065: selector overhead 2.761 s, CUDA peak 874.3 MiB (incremental 78.7 MiB)
[2026-09-18 15:22:44]   target 2065: crafted 100 poisons in 532 s, obj=0.23526, CUDA peak=2365.9 MiB (incremental 1569.1 MiB)
[2026-09-18 15:22:44]   target 2065: realized linf = 0.03137 (8.00/255), budget = 8.00/255
[2026-09-18 15:25:59]   [t2065 v1/5] fail (pred=frog) CTA=0.8363
[2026-09-18 15:29:12]   [t2065 v2/5] fail (pred=deer) CTA=0.8331
[2026-09-18 15:32:21]   [t2065 v3/5] SUCCESS (pred=dog) CTA=0.8427
[2026-09-18 15:35:23]   [t2065 v4/5] fail (pred=bird) CTA=0.8368
[2026-09-18 15:38:52]   [t2065 v5/5] fail (pred=deer) CTA=0.8308
[2026-09-18 15:38:52]   target 2065, 5 victims on this gpu: ASR=20.0% CTA=0.8359 +/- 0.0040
[2026-09-18 15:38:52] === target 7056 (3/4) ===
[2026-09-18 15:38:55]   target 7056: selector overhead 3.053 s, CUDA peak 874.3 MiB (incremental 78.7 MiB)
[2026-09-18 15:52:03]   target 7056: crafted 100 poisons in 787 s, obj=0.27492, CUDA peak=2365.9 MiB (incremental 1569.1 MiB)
[2026-09-18 15:52:03]   target 7056: realized linf = 0.03137 (8.00/255), budget = 8.00/255
[2026-09-18 15:56:28]   [t7056 v1/5] fail (pred=bird) CTA=0.8402
[2026-09-18 16:00:53]   [t7056 v2/5] fail (pred=bird) CTA=0.8370
[2026-09-18 16:05:18]   [t7056 v3/5] fail (pred=bird) CTA=0.8424
[2026-09-18 16:09:43]   [t7056 v4/5] fail (pred=bird) CTA=0.8341
[2026-09-18 16:14:08]   [t7056 v5/5] fail (pred=bird) CTA=0.8423
[2026-09-18 16:14:08]   target 7056, 5 victims on this gpu: ASR=0.0% CTA=0.8392 +/- 0.0032
[2026-09-18 16:14:08] === target 9059 (4/4) ===
[2026-09-18 16:14:11]   target 9059: selector overhead 2.987 s, CUDA peak 874.3 MiB (incremental 78.7 MiB)
[2026-09-18 16:27:18]   target 9059: crafted 100 poisons in 787 s, obj=0.24331, CUDA peak=2365.9 MiB (incremental 1569.1 MiB)
[2026-09-18 16:27:18]   target 9059: realized linf = 0.03137 (8.00/255), budget = 8.00/255
[2026-09-18 16:31:42]   [t9059 v1/5] fail (pred=bird) CTA=0.8385
[2026-09-18 16:36:06]   [t9059 v2/5] fail (pred=frog) CTA=0.8381
[2026-09-18 16:40:31]   [t9059 v3/5] fail (pred=cat) CTA=0.8421
[2026-09-18 16:44:55]   [t9059 v4/5] fail (pred=bird) CTA=0.8381
[2026-09-18 16:49:19]   [t9059 v5/5] fail (pred=bird) CTA=0.8367
[2026-09-18 16:49:19]   target 9059, 5 victims on this gpu: ASR=0.0% CTA=0.8387 +/- 0.0018
[2026-09-18 16:49:19]   selector resources: 4 target(s), 11.5 total target-seconds, max CUDA allocated 874.3 MiB (incremental 78.7 MiB)
[2026-09-18 16:49:19] ==== CIFAR10_ResNet20BN_sapa_ours_dog-bird_b0.002_eps8_seed42_lam1_cosine_selR_worst0.05_ce5_tgt14 : ASR = 10.0% +/- 10.0% | CTA = 0.8383 (baseline 0.8350) ====
[2026-09-18 16:49:19]   target-prediction tally ['airplane', 'automobile', 'bird', 'cat', 'deer', 'dog', 'frog', 'horse', 'ship', 'truck']: [0, 0, 13, 1, 2, 2, 2, 0, 0, 0]
