[2026-09-18 14:43:46] === run start: CIFAR10_ResNet20BN_sapa_ours_dog-bird_b0.002_eps8_seed42_lam1_cosine_selMinusM_worst0.05_ce5_tgt14 on cuda [0] ===
[2026-09-18 14:43:46] args: {"FORCE": false, "attack": "sapa", "base": "ours", "base_dist": "cosine", "base_topr": null, "budget": 0.002, "cache_dir": "/home/ubuntu/PoisonBase/cache", "class_pair": "dog-bird", "clean_baseline": true, "craft_alpha": 0.0039216, "craft_aug": true, "craft_batch": 256, "craft_ensemble": 5, "craft_lowmem": false, "craft_schedule": false, "craft_steps": 250, "data_path": "/home/ubuntu/PoisonBase/data", "dataset": "CIFAR10", "distance_margin_coef": null, "dsa_strategy": "color_crop_cutout_flip_scale_rotate", "epsilon": 0.0313725, "fast_gradmatch": false, "fc_mode": "sample", "fc_restarts": 1, "fus_alpha": 0.5, "fus_iters": 10, "fus_proxy_restarts": 0, "fus_proxy_steps": 0, "fus_search_decay": [40], "fus_search_epochs": 50, "gpus": "0", "jacobian_batch_size": 64, "jacobian_weight": 1.0, "keep_pinned_targets": false, "lambda_margin": 1.0, "model": "ResNet20BN", "no_resume": false, "num_poisons": 500, "num_surrogates": 20, "num_targets": 4, "num_victims": 5, "out_dir": "/home/ubuntu/PoisonBase/.local_bench_shards/bmc08_r20_sa_b0002_m/part2", "pair_order": "poison-target", "parallel_pretrain": true, "parallel_targets": true, "precompute_id": null, "precompute_only": false, "precompute_part": "both", "rank_on_victims": true, "recompute_deltas": false, "require_correct_target": false, "restarts": 8, "seed": 42, "sel_K": null, "sel_alpha": 1.0, "sel_component": "minus-m", "sel_criterion": null, "sel_dpp": false, "sel_filter": false, "sel_metric_epoch": 10, "sel_mmr": false, "sel_mode": null, "sel_model": null, "sel_mu": 1.0, "sel_pca": false, "sel_pool": 3.0, "selector_metric_dir": null, "sharp_mode": "worst", "sharp_samples": 20, "sharp_sigma": 0.05, "steal_timeout": 7200.0, "surrogate_aug": false, "surrogate_bs": 128, "surrogate_decay": [35, 45], "surrogate_epochs": 60, "surrogate_lr": 0.1, "surrogate_wd": 0.0, "target_idx_file": "/home/ubuntu/PoisonBase/.local_bench_shards/targets/r20_part2.json", "target_select": 14, "use_jacobian_score": false, "victim_aug": false, "victim_bs": 125, "victim_decay": [40], "victim_epochs": 50, "victim_lr": 0.1, "victim_model": null, "victim_wd": 0.0}
[2026-09-18 14:43:46] Jacobian score: disabled
[2026-09-18 14:43:46] -M component selector: raw components averaged over surrogates, then each used component standardized across candidates; batch_size=64
[2026-09-18 14:43:46] N_total=50000 budget=0.002 -> N_p=100 poisons, y_adv=5(dog) target_class=2(bird)
[2026-09-18 14:43:46] === selection/crafting surrogates (20 x ResNet20BN, trained on the full real set) ===
[2026-09-18 14:43:58]   crafting on 5/20 surrogates
[2026-09-18 14:43:58] === clean victims (5 x ResNet20BN) ===
[2026-09-18 14:44:02]   clean baseline CTA = 0.8350 +/- 0.0046
[2026-09-18 14:44:02]   target pool 1000 -> eligible 976 (24 already predicted as y_adv or dropped)
[2026-09-18 14:44:02]   chosen 4 targets (file), p_adv range 0.0026..0.0475
[2026-09-18 14:44:02]   targets: [833, 2065, 7056, 9059]
[2026-09-18 14:44:02] === target 833 (1/4) ===
[2026-09-18 14:44:04]   target 833: selector overhead 2.378 s, CUDA peak 842.3 MiB (incremental 78.7 MiB)
[2026-09-18 14:54:06]   target 833: crafted 100 poisons in 602 s, obj=0.21293, CUDA peak=2365.3 MiB (incremental 1600.6 MiB)
[2026-09-18 14:54:06]   target 833: realized linf = 0.03137 (8.00/255), budget = 8.00/255
[2026-09-18 14:57:38]   [t833 v1/5] fail (pred=cat) CTA=0.8363
[2026-09-18 15:00:33]   [t833 v2/5] SUCCESS (pred=dog) CTA=0.8343
[2026-09-18 15:03:29]   [t833 v3/5] SUCCESS (pred=dog) CTA=0.8451
[2026-09-18 15:06:25]   [t833 v4/5] fail (pred=bird) CTA=0.8374
[2026-09-18 15:09:20]   [t833 v5/5] SUCCESS (pred=dog) CTA=0.8358
[2026-09-18 15:09:20]   target 833, 5 victims on this gpu: ASR=60.0% CTA=0.8378 +/- 0.0038
[2026-09-18 15:09:20] === target 2065 (2/4) ===
[2026-09-18 15:09:22]   target 2065: selector overhead 2.153 s, CUDA peak 874.3 MiB (incremental 78.7 MiB)
[2026-09-18 15:18:13]   target 2065: crafted 100 poisons in 531 s, obj=0.19395, CUDA peak=2365.9 MiB (incremental 1569.1 MiB)
[2026-09-18 15:18:13]   target 2065: realized linf = 0.03137 (8.00/255), budget = 8.00/255
[2026-09-18 15:21:07]   [t2065 v1/5] SUCCESS (pred=dog) CTA=0.8367
[2026-09-18 15:23:59]   [t2065 v2/5] SUCCESS (pred=dog) CTA=0.8343
[2026-09-18 15:26:50]   [t2065 v3/5] SUCCESS (pred=dog) CTA=0.8372
