===== bmc11_r20_sa_b0005_m: target shard 1 =====
[2026-09-18 14:43:44] === run start: CIFAR10_ResNet20BN_sapa_ours_dog-bird_b0.005_eps8_seed42_lam1_cosine_selMinusM_worst0.05_ce5_tgt14 on cuda [0] ===
[2026-09-18 14:43:44] args: {"FORCE": false, "attack": "sapa", "base": "ours", "base_dist": "cosine", "base_topr": null, "budget": 0.005, "cache_dir": "/home/ubuntu/PoisonBase/cache", "class_pair": "dog-bird", "clean_baseline": true, "craft_alpha": 0.0039216, "craft_aug": true, "craft_batch": 256, "craft_ensemble": 5, "craft_lowmem": false, "craft_schedule": false, "craft_steps": 250, "data_path": "/home/ubuntu/PoisonBase/data", "dataset": "CIFAR10", "distance_margin_coef": null, "dsa_strategy": "color_crop_cutout_flip_scale_rotate", "epsilon": 0.0313725, "fast_gradmatch": false, "fc_mode": "sample", "fc_restarts": 1, "fus_alpha": 0.5, "fus_iters": 10, "fus_proxy_restarts": 0, "fus_proxy_steps": 0, "fus_search_decay": [40], "fus_search_epochs": 50, "gpus": "0", "jacobian_batch_size": 64, "jacobian_weight": 1.0, "keep_pinned_targets": false, "lambda_margin": 1.0, "model": "ResNet20BN", "no_resume": false, "num_poisons": 500, "num_surrogates": 20, "num_targets": 4, "num_victims": 5, "out_dir": "/home/ubuntu/PoisonBase/.local_bench_shards/bmc11_r20_sa_b0005_m/part1", "pair_order": "poison-target", "parallel_pretrain": true, "parallel_targets": true, "precompute_id": null, "precompute_only": false, "precompute_part": "both", "rank_on_victims": true, "recompute_deltas": false, "require_correct_target": false, "restarts": 8, "seed": 42, "sel_K": null, "sel_alpha": 1.0, "sel_component": "minus-m", "sel_criterion": null, "sel_dpp": false, "sel_filter": false, "sel_metric_epoch": 10, "sel_mmr": false, "sel_mode": null, "sel_model": null, "sel_mu": 1.0, "sel_pca": false, "sel_pool": 3.0, "selector_metric_dir": null, "sharp_mode": "worst", "sharp_samples": 20, "sharp_sigma": 0.05, "steal_timeout": 7200.0, "surrogate_aug": false, "surrogate_bs": 128, "surrogate_decay": [35, 45], "surrogate_epochs": 60, "surrogate_lr": 0.1, "surrogate_wd": 0.0, "target_idx_file": "/home/ubuntu/PoisonBase/.local_bench_shards/targets/r20_part1.json", "target_select": 14, "use_jacobian_score": false, "victim_aug": false, "victim_bs": 125, "victim_decay": [40], "victim_epochs": 50, "victim_lr": 0.1, "victim_model": null, "victim_wd": 0.0}
[2026-09-18 14:43:44] Jacobian score: disabled
[2026-09-18 14:43:44] -M component selector: raw components averaged over surrogates, then each used component standardized across candidates; batch_size=64
[2026-09-18 14:43:44] N_total=50000 budget=0.005 -> N_p=250 poisons, y_adv=5(dog) target_class=2(bird)
[2026-09-18 14:43:44] === selection/crafting surrogates (20 x ResNet20BN, trained on the full real set) ===
[2026-09-18 14:43:56]   crafting on 5/20 surrogates
[2026-09-18 14:43:56] === clean victims (5 x ResNet20BN) ===
[2026-09-18 14:43:59]   clean baseline CTA = 0.8350 +/- 0.0046
[2026-09-18 14:43:59]   target pool 1000 -> eligible 976 (24 already predicted as y_adv or dropped)
[2026-09-18 14:43:59]   chosen 4 targets (file), p_adv range 0.0001..0.3838
[2026-09-18 14:43:59]   targets: [5118, 8740, 5324, 4630]
[2026-09-18 14:43:59] === target 5118 (1/4) ===
[2026-09-18 14:44:01]   target 5118: selector overhead 2.118 s, CUDA peak 842.3 MiB (incremental 78.7 MiB)
[2026-09-18 14:51:45]   target 5118: crafted 250 poisons in 463 s, obj=0.20473, CUDA peak=4731.2 MiB (incremental 3964.7 MiB)
[2026-09-18 14:51:45]   target 5118: realized linf = 0.03137 (8.00/255), budget = 8.00/255
[2026-09-18 14:54:30]   [t5118 v1/5] SUCCESS (pred=dog) CTA=0.8343
[2026-09-18 14:57:06]   [t5118 v2/5] SUCCESS (pred=dog) CTA=0.8432
[2026-09-18 15:00:05]   [t5118 v3/5] SUCCESS (pred=dog) CTA=0.8418
[2026-09-18 15:03:04]   [t5118 v4/5] SUCCESS (pred=dog) CTA=0.8350
[2026-09-18 15:06:02]   [t5118 v5/5] SUCCESS (pred=dog) CTA=0.8369
[2026-09-18 15:06:02]   target 5118, 5 victims on this gpu: ASR=100.0% CTA=0.8382 +/- 0.0036
[2026-09-18 15:06:02] === target 8740 (2/4) ===
[2026-09-18 15:06:04]   target 8740: selector overhead 2.164 s, CUDA peak 874.3 MiB (incremental 78.7 MiB)
[2026-09-18 15:13:31]   target 8740: crafted 250 poisons in 446 s, obj=0.18705, CUDA peak=4740.3 MiB (incremental 3941.5 MiB)
[2026-09-18 15:13:31]   target 8740: realized linf = 0.03137 (8.00/255), budget = 8.00/255
[2026-09-18 15:16:22]   [t8740 v1/5] SUCCESS (pred=dog) CTA=0.8355
[2026-09-18 15:19:10]   [t8740 v2/5] SUCCESS (pred=dog) CTA=0.8338
[2026-09-18 15:21:56]   [t8740 v3/5] SUCCESS (pred=dog) CTA=0.8357
[2026-09-18 15:24:42]   [t8740 v4/5] SUCCESS (pred=dog) CTA=0.8353
[2026-09-18 15:27:26]   [t8740 v5/5] SUCCESS (pred=dog) CTA=0.8410
[2026-09-18 15:27:26]   target 8740, 5 victims on this gpu: ASR=100.0% CTA=0.8363 +/- 0.0025
[2026-09-18 15:27:26] === target 5324 (3/4) ===
[2026-09-18 15:27:28]   target 5324: selector overhead 2.575 s, CUDA peak 874.3 MiB (incremental 78.7 MiB)
[2026-09-18 15:33:20]   target 5324: crafted 250 poisons in 351 s, obj=0.21200, CUDA peak=4739.3 MiB (incremental 3940.5 MiB)
[2026-09-18 15:33:20]   target 5324: realized linf = 0.03137 (8.00/255), budget = 8.00/255
[2026-09-18 15:36:09]   [t5324 v1/5] SUCCESS (pred=dog) CTA=0.8357
[2026-09-18 15:39:01]   [t5324 v2/5] SUCCESS (pred=dog) CTA=0.8319
[2026-09-18 15:41:56]   [t5324 v3/5] SUCCESS (pred=dog) CTA=0.8358
[2026-09-18 15:44:48]   [t5324 v4/5] SUCCESS (pred=dog) CTA=0.8371
[2026-09-18 15:47:37]   [t5324 v5/5] SUCCESS (pred=dog) CTA=0.8350
[2026-09-18 15:47:37]   target 5324, 5 victims on this gpu: ASR=100.0% CTA=0.8351 +/- 0.0017
[2026-09-18 15:47:37] === target 4630 (4/4) ===
[2026-09-18 15:47:39]   target 4630: selector overhead 2.513 s, CUDA peak 874.3 MiB (incremental 78.7 MiB)
[2026-09-18 15:53:34]   target 4630: crafted 250 poisons in 354 s, obj=0.17848, CUDA peak=4739.3 MiB (incremental 3940.5 MiB)
[2026-09-18 15:53:34]   target 4630: realized linf = 0.03137 (8.00/255), budget = 8.00/255
[2026-09-18 15:56:24]   [t4630 v1/5] SUCCESS (pred=dog) CTA=0.8349
[2026-09-18 15:59:13]   [t4630 v2/5] SUCCESS (pred=dog) CTA=0.8367
[2026-09-18 16:02:00]   [t4630 v3/5] SUCCESS (pred=dog) CTA=0.8383
[2026-09-18 16:04:49]   [t4630 v4/5] SUCCESS (pred=dog) CTA=0.8392
[2026-09-18 16:07:37]   [t4630 v5/5] SUCCESS (pred=dog) CTA=0.8334
[2026-09-18 16:07:37]   target 4630, 5 victims on this gpu: ASR=100.0% CTA=0.8365 +/- 0.0021
[2026-09-18 16:07:37]   selector resources: 4 target(s), 9.4 total target-seconds, max CUDA allocated 874.3 MiB (incremental 78.7 MiB)
[2026-09-18 16:07:37] ==== CIFAR10_ResNet20BN_sapa_ours_dog-bird_b0.005_eps8_seed42_lam1_cosine_selMinusM_worst0.05_ce5_tgt14 : ASR = 100.0% +/- 0.0% | CTA = 0.8365 (baseline 0.8350) ====
[2026-09-18 16:07:37]   target-prediction tally ['airplane', 'automobile', 'bird', 'cat', 'deer', 'dog', 'frog', 'horse', 'ship', 'truck']: [0, 0, 0, 0, 0, 20, 0, 0, 0, 0]

===== bmc11_r20_sa_b0005_m: target shard 2 =====
[2026-09-18 14:43:47] === run start: CIFAR10_ResNet20BN_sapa_ours_dog-bird_b0.005_eps8_seed42_lam1_cosine_selMinusM_worst0.05_ce5_tgt14 on cuda [0] ===
[2026-09-18 14:43:47] args: {"FORCE": false, "attack": "sapa", "base": "ours", "base_dist": "cosine", "base_topr": null, "budget": 0.005, "cache_dir": "/home/ubuntu/PoisonBase/cache", "class_pair": "dog-bird", "clean_baseline": true, "craft_alpha": 0.0039216, "craft_aug": true, "craft_batch": 256, "craft_ensemble": 5, "craft_lowmem": false, "craft_schedule": false, "craft_steps": 250, "data_path": "/home/ubuntu/PoisonBase/data", "dataset": "CIFAR10", "distance_margin_coef": null, "dsa_strategy": "color_crop_cutout_flip_scale_rotate", "epsilon": 0.0313725, "fast_gradmatch": false, "fc_mode": "sample", "fc_restarts": 1, "fus_alpha": 0.5, "fus_iters": 10, "fus_proxy_restarts": 0, "fus_proxy_steps": 0, "fus_search_decay": [40], "fus_search_epochs": 50, "gpus": "0", "jacobian_batch_size": 64, "jacobian_weight": 1.0, "keep_pinned_targets": false, "lambda_margin": 1.0, "model": "ResNet20BN", "no_resume": false, "num_poisons": 500, "num_surrogates": 20, "num_targets": 4, "num_victims": 5, "out_dir": "/home/ubuntu/PoisonBase/.local_bench_shards/bmc11_r20_sa_b0005_m/part2", "pair_order": "poison-target", "parallel_pretrain": true, "parallel_targets": true, "precompute_id": null, "precompute_only": false, "precompute_part": "both", "rank_on_victims": true, "recompute_deltas": false, "require_correct_target": false, "restarts": 8, "seed": 42, "sel_K": null, "sel_alpha": 1.0, "sel_component": "minus-m", "sel_criterion": null, "sel_dpp": false, "sel_filter": false, "sel_metric_epoch": 10, "sel_mmr": false, "sel_mode": null, "sel_model": null, "sel_mu": 1.0, "sel_pca": false, "sel_pool": 3.0, "selector_metric_dir": null, "sharp_mode": "worst", "sharp_samples": 20, "sharp_sigma": 0.05, "steal_timeout": 7200.0, "surrogate_aug": false, "surrogate_bs": 128, "surrogate_decay": [35, 45], "surrogate_epochs": 60, "surrogate_lr": 0.1, "surrogate_wd": 0.0, "target_idx_file": "/home/ubuntu/PoisonBase/.local_bench_shards/targets/r20_part2.json", "target_select": 14, "use_jacobian_score": false, "victim_aug": false, "victim_bs": 125, "victim_decay": [40], "victim_epochs": 50, "victim_lr": 0.1, "victim_model": null, "victim_wd": 0.0}
[2026-09-18 14:43:47] Jacobian score: disabled
[2026-09-18 14:43:47] -M component selector: raw components averaged over surrogates, then each used component standardized across candidates; batch_size=64
[2026-09-18 14:43:47] N_total=50000 budget=0.005 -> N_p=250 poisons, y_adv=5(dog) target_class=2(bird)
[2026-09-18 14:43:47] === selection/crafting surrogates (20 x ResNet20BN, trained on the full real set) ===
[2026-09-18 14:43:58]   crafting on 5/20 surrogates
[2026-09-18 14:43:58] === clean victims (5 x ResNet20BN) ===
[2026-09-18 14:44:04]   clean baseline CTA = 0.8350 +/- 0.0046
[2026-09-18 14:44:04]   target pool 1000 -> eligible 976 (24 already predicted as y_adv or dropped)
[2026-09-18 14:44:04]   chosen 4 targets (file), p_adv range 0.0026..0.0475
[2026-09-18 14:44:04]   targets: [833, 2065, 7056, 9059]
[2026-09-18 14:44:04] === target 833 (1/4) ===
[2026-09-18 14:44:07]   target 833: selector overhead 2.976 s, CUDA peak 842.3 MiB (incremental 78.7 MiB)
[W918 14:44:08.911635507 CUDACachingAllocator.cpp:3933] memory allocation failed with OOM on device 0 while trying to allocate 18874368 bytes (free: 9895936, total: 101973819392).
[W918 14:44:08.914543218 CUDACachingAllocator.cpp:3933] memory allocation failed with OOM on device 0 while trying to allocate 18874368 bytes (free: 14090240, total: 101973819392).
[W918 14:44:08.918789176 CUDACachingAllocator.cpp:3933] memory allocation failed with OOM on device 0 while trying to allocate 18874368 bytes (free: 14090240, total: 101973819392).
[W918 14:44:08.918904069 CUDACachingAllocator.cpp:3933] memory allocation failed with OOM on device 0 while trying to allocate 18874368 bytes (free: 14090240, total: 101973819392).
[W918 14:44:08.921226713 CUDACachingAllocator.cpp:3933] memory allocation failed with OOM on device 0 while trying to allocate 18874368 bytes (free: 14090240, total: 101973819392).
[W918 14:44:08.921346043 CUDACachingAllocator.cpp:3933] memory allocation failed with OOM on device 0 while trying to allocate 18874368 bytes (free: 14090240, total: 101973819392).
[W918 14:44:08.922605312 CUDACachingAllocator.cpp:3933] memory allocation failed with OOM on device 0 while trying to allocate 20971520 bytes (free: 14090240, total: 101973819392).
[W918 14:44:08.922700749 CUDACachingAllocator.cpp:3933] memory allocation failed with OOM on device 0 while trying to allocate 20971520 bytes (free: 14090240, total: 101973819392).
[W918 14:44:08.924220229 CUDACachingAllocator.cpp:3933] memory allocation failed with OOM on device 0 while trying to allocate 20971520 bytes (free: 14090240, total: 101973819392).
[W918 14:44:08.924323367 CUDACachingAllocator.cpp:3933] memory allocation failed with OOM on device 0 while trying to allocate 20971520 bytes (free: 14090240, total: 101973819392).
Traceback (most recent call last):
  File "/home/ubuntu/PoisonBase/final_update.py", line 3542, in <module>
    main(parse_args())
  File "/home/ubuntu/PoisonBase/final_update.py", line 3091, in main
    tally += run_one_target(args, ctx, sel_nets, craft_nets, tidx, y_adv,
             ^^^^^^^^^^^^^^^^^^^^^^^^^^^^^^^^^^^^^^^^^^^^^^^^^^^^^^^^^^^^
  File "/home/ubuntu/PoisonBase/final_update.py", line 2493, in run_one_target
    prep = prepare_poisons(args, ctx, sel_nets, craft_nets, tidx, y_adv, N_p,
           ^^^^^^^^^^^^^^^^^^^^^^^^^^^^^^^^^^^^^^^^^^^^^^^^^^^^^^^^^^^^^^^^^^
  File "/home/ubuntu/PoisonBase/final_update.py", line 2403, in prepare_poisons
    base01, x_adv01, obj = craft_selected_bases(
                           ^^^^^^^^^^^^^^^^^^^^^
  File "/home/ubuntu/PoisonBase/final_update.py", line 1937, in craft_selected_bases
    x_adv01, objective = craft_gradmatch(
                         ^^^^^^^^^^^^^^^^
  File "/home/ubuntu/PoisonBase/final_update.py", line 1908, in craft_gradmatch
    g_p = flat_grad(torch.autograd.grad(loss_p, params, create_graph=True))
                    ^^^^^^^^^^^^^^^^^^^^^^^^^^^^^^^^^^^^^^^^^^^^^^^^^^^^^^
  File "/home/ubuntu/unsloth_env/lib/python3.12/site-packages/torch/autograd/__init__.py", line 594, in grad
    result = _engine_run_backward(
             ^^^^^^^^^^^^^^^^^^^^^
  File "/home/ubuntu/unsloth_env/lib/python3.12/site-packages/torch/autograd/graph.py", line 979, in _engine_run_backward
    return Variable._execution_engine.run_backward(  # Calls into the C++ engine to run the backward pass
           ^^^^^^^^^^^^^^^^^^^^^^^^^^^^^^^^^^^^^^^^^^^^^^^^^^^^^^^^^^^^^^^^^^^^^^^^^^^^^^^^^^^^^^^^^^^^^^
torch.OutOfMemoryError: CUDA out of memory. Tried to allocate 20.00 MiB. GPU 0 has a total capacity of 94.97 GiB of which 13.44 MiB is free. Process 9515 has 1024.00 MiB memory in use. Process 14403 has 85.85 GiB memory in use. Process 27259 has 5.42 GiB memory in use. Including non-PyTorch memory, this process has 2.64 GiB memory in use. Of the allocated memory 1.95 GiB is allocated by PyTorch, and 25.05 MiB is reserved by PyTorch but unallocated. If reserved but unallocated memory is large try setting PYTORCH_CUDA_ALLOC_CONF=expandable_segments:True to avoid fragmentation.  See documentation for Memory Management  (https://docs.pytorch.org/docs/stable/notes/cuda.html#optimizing-memory-usage-with-pytorch-cuda-alloc-conf)
[2026-09-18 15:37:31] === run start: CIFAR10_ResNet20BN_sapa_ours_dog-bird_b0.005_eps8_seed42_lam1_cosine_selMinusM_worst0.05_ce5_tgt14 on cuda [0] ===
[2026-09-18 15:37:31] args: {"FORCE": false, "attack": "sapa", "base": "ours", "base_dist": "cosine", "base_topr": null, "budget": 0.005, "cache_dir": "/home/ubuntu/PoisonBase/cache", "class_pair": "dog-bird", "clean_baseline": true, "craft_alpha": 0.0039216, "craft_aug": true, "craft_batch": 256, "craft_ensemble": 5, "craft_lowmem": false, "craft_schedule": false, "craft_steps": 250, "data_path": "/home/ubuntu/PoisonBase/data", "dataset": "CIFAR10", "distance_margin_coef": null, "dsa_strategy": "color_crop_cutout_flip_scale_rotate", "epsilon": 0.0313725, "fast_gradmatch": false, "fc_mode": "sample", "fc_restarts": 1, "fus_alpha": 0.5, "fus_iters": 10, "fus_proxy_restarts": 0, "fus_proxy_steps": 0, "fus_search_decay": [40], "fus_search_epochs": 50, "gpus": "0", "jacobian_batch_size": 64, "jacobian_weight": 1.0, "keep_pinned_targets": false, "lambda_margin": 1.0, "model": "ResNet20BN", "no_resume": false, "num_poisons": 500, "num_surrogates": 20, "num_targets": 4, "num_victims": 5, "out_dir": "/home/ubuntu/PoisonBase/.local_bench_shards/bmc11_r20_sa_b0005_m/part2", "pair_order": "poison-target", "parallel_pretrain": true, "parallel_targets": true, "precompute_id": null, "precompute_only": false, "precompute_part": "both", "rank_on_victims": true, "recompute_deltas": false, "require_correct_target": false, "restarts": 8, "seed": 42, "sel_K": null, "sel_alpha": 1.0, "sel_component": "minus-m", "sel_criterion": null, "sel_dpp": false, "sel_filter": false, "sel_metric_epoch": 10, "sel_mmr": false, "sel_mode": null, "sel_model": null, "sel_mu": 1.0, "sel_pca": false, "sel_pool": 3.0, "selector_metric_dir": null, "sharp_mode": "worst", "sharp_samples": 20, "sharp_sigma": 0.05, "steal_timeout": 7200.0, "surrogate_aug": false, "surrogate_bs": 128, "surrogate_decay": [35, 45], "surrogate_epochs": 60, "surrogate_lr": 0.1, "surrogate_wd": 0.0, "target_idx_file": "/home/ubuntu/PoisonBase/.local_bench_shards/targets/r20_part2.json", "target_select": 14, "use_jacobian_score": false, "victim_aug": false, "victim_bs": 125, "victim_decay": [40], "victim_epochs": 50, "victim_lr": 0.1, "victim_model": null, "victim_wd": 0.0}
[2026-09-18 15:37:31] Jacobian score: disabled
[2026-09-18 15:37:31] -M component selector: raw components averaged over surrogates, then each used component standardized across candidates; batch_size=64
[2026-09-18 15:37:31] N_total=50000 budget=0.005 -> N_p=250 poisons, y_adv=5(dog) target_class=2(bird)
[2026-09-18 15:37:31] === selection/crafting surrogates (20 x ResNet20BN, trained on the full real set) ===
[2026-09-18 15:37:35]   crafting on 5/20 surrogates
[2026-09-18 15:37:35] === clean victims (5 x ResNet20BN) ===
[2026-09-18 15:37:38]   clean baseline CTA = 0.8350 +/- 0.0046
[2026-09-18 15:37:38]   target pool 1000 -> eligible 976 (24 already predicted as y_adv or dropped)
[2026-09-18 15:37:38]   chosen 4 targets (file), p_adv range 0.0026..0.0475
[2026-09-18 15:37:38]   targets: [833, 2065, 7056, 9059]
[2026-09-18 15:37:38] === target 833 (1/4) ===
[2026-09-18 15:37:41]   target 833: selector overhead 3.064 s, CUDA peak 842.3 MiB (incremental 78.7 MiB)
[2026-09-18 15:55:29]   target 833: crafted 250 poisons in 1068 s, obj=0.19860, CUDA peak=4730.9 MiB (incremental 3964.4 MiB)
[2026-09-18 15:55:29]   target 833: realized linf = 0.03137 (8.00/255), budget = 8.00/255
[2026-09-18 15:59:56]   [t833 v1/5] SUCCESS (pred=dog) CTA=0.8398
[2026-09-18 16:04:23]   [t833 v2/5] fail (pred=bird) CTA=0.8416
[2026-09-18 16:08:50]   [t833 v3/5] fail (pred=bird) CTA=0.8353
[2026-09-18 16:13:17]   [t833 v4/5] SUCCESS (pred=dog) CTA=0.8383
[2026-09-18 16:17:40]   [t833 v5/5] SUCCESS (pred=dog) CTA=0.8380
[2026-09-18 16:17:40]   target 833, 5 victims on this gpu: ASR=60.0% CTA=0.8386 +/- 0.0021
[2026-09-18 16:17:40] === target 2065 (2/4) ===
[2026-09-18 16:17:43]   target 2065: selector overhead 2.814 s, CUDA peak 874.3 MiB (incremental 78.7 MiB)
[2026-09-18 16:35:34]   target 2065: crafted 250 poisons in 1071 s, obj=0.18721, CUDA peak=4739.6 MiB (incremental 3940.8 MiB)
[2026-09-18 16:35:34]   target 2065: realized linf = 0.03137 (8.00/255), budget = 8.00/255
[2026-09-18 16:40:01]   [t2065 v1/5] SUCCESS (pred=dog) CTA=0.8299
[2026-09-18 16:44:27]   [t2065 v2/5] SUCCESS (pred=dog) CTA=0.8349
[2026-09-18 16:48:53]   [t2065 v3/5] SUCCESS (pred=dog) CTA=0.8354
