===== bmc10_r20_sa_b0005_r: target shard 1 =====
[2026-09-18 14:43:47] === run start: CIFAR10_ResNet20BN_sapa_ours_dog-bird_b0.005_eps8_seed42_lam1_cosine_selR_worst0.05_ce5_tgt14 on cuda [0] ===
[2026-09-18 14:43:47] args: {"FORCE": false, "attack": "sapa", "base": "ours", "base_dist": "cosine", "base_topr": null, "budget": 0.005, "cache_dir": "/home/ubuntu/PoisonBase/cache", "class_pair": "dog-bird", "clean_baseline": true, "craft_alpha": 0.0039216, "craft_aug": true, "craft_batch": 256, "craft_ensemble": 5, "craft_lowmem": false, "craft_schedule": false, "craft_steps": 250, "data_path": "/home/ubuntu/PoisonBase/data", "dataset": "CIFAR10", "distance_margin_coef": null, "dsa_strategy": "color_crop_cutout_flip_scale_rotate", "epsilon": 0.0313725, "fast_gradmatch": false, "fc_mode": "sample", "fc_restarts": 1, "fus_alpha": 0.5, "fus_iters": 10, "fus_proxy_restarts": 0, "fus_proxy_steps": 0, "fus_search_decay": [40], "fus_search_epochs": 50, "gpus": "0", "jacobian_batch_size": 64, "jacobian_weight": 1.0, "keep_pinned_targets": false, "lambda_margin": 1.0, "model": "ResNet20BN", "no_resume": false, "num_poisons": 500, "num_surrogates": 20, "num_targets": 4, "num_victims": 5, "out_dir": "/home/ubuntu/PoisonBase/.local_bench_shards/bmc10_r20_sa_b0005_r/part1", "pair_order": "poison-target", "parallel_pretrain": true, "parallel_targets": true, "precompute_id": null, "precompute_only": false, "precompute_part": "both", "rank_on_victims": true, "recompute_deltas": false, "require_correct_target": false, "restarts": 8, "seed": 42, "sel_K": null, "sel_alpha": 1.0, "sel_component": "r", "sel_criterion": null, "sel_dpp": false, "sel_filter": false, "sel_metric_epoch": 10, "sel_mmr": false, "sel_mode": null, "sel_model": null, "sel_mu": 1.0, "sel_pca": false, "sel_pool": 3.0, "selector_metric_dir": null, "sharp_mode": "worst", "sharp_samples": 20, "sharp_sigma": 0.05, "steal_timeout": 7200.0, "surrogate_aug": false, "surrogate_bs": 128, "surrogate_decay": [35, 45], "surrogate_epochs": 60, "surrogate_lr": 0.1, "surrogate_wd": 0.0, "target_idx_file": "/home/ubuntu/PoisonBase/.local_bench_shards/targets/r20_part1.json", "target_select": 14, "use_jacobian_score": false, "victim_aug": false, "victim_bs": 125, "victim_decay": [40], "victim_epochs": 50, "victim_lr": 0.1, "victim_model": null, "victim_wd": 0.0}
[2026-09-18 14:43:47] Jacobian score: disabled
[2026-09-18 14:43:47] R component selector: raw components averaged over surrogates, then each used component standardized across candidates; batch_size=64
[2026-09-18 14:43:47] N_total=50000 budget=0.005 -> N_p=250 poisons, y_adv=5(dog) target_class=2(bird)
[2026-09-18 14:43:47] === selection/crafting surrogates (20 x ResNet20BN, trained on the full real set) ===
[2026-09-18 14:43:59]   crafting on 5/20 surrogates
[2026-09-18 14:43:59] === clean victims (5 x ResNet20BN) ===
[2026-09-18 14:44:03]   clean baseline CTA = 0.8350 +/- 0.0046
[2026-09-18 14:44:03]   target pool 1000 -> eligible 976 (24 already predicted as y_adv or dropped)
[2026-09-18 14:44:03]   chosen 4 targets (file), p_adv range 0.0001..0.3838
[2026-09-18 14:44:03]   targets: [5118, 8740, 5324, 4630]
[2026-09-18 14:44:03] === target 5118 (1/4) ===
[2026-09-18 14:44:06]   target 5118: selector overhead 2.593 s, CUDA peak 842.3 MiB (incremental 78.7 MiB)
[W918 14:44:06.678257870 CUDACachingAllocator.cpp:3933] memory allocation failed with OOM on device 0 while trying to allocate 16777216 bytes (free: 3538944, total: 101973819392).
[W918 14:44:06.682445899 CUDACachingAllocator.cpp:3933] memory allocation failed with OOM on device 0 while trying to allocate 16777216 bytes (free: 9830400, total: 101973819392).
[W918 14:44:06.700082907 CUDACachingAllocator.cpp:3933] memory allocation failed with OOM on device 0 while trying to allocate 16777216 bytes (free: 9830400, total: 101973819392).
[W918 14:44:06.700169431 CUDACachingAllocator.cpp:3933] memory allocation failed with OOM on device 0 while trying to allocate 16777216 bytes (free: 9830400, total: 101973819392).
[W918 14:44:06.701974683 CUDACachingAllocator.cpp:3933] memory allocation failed with OOM on device 0 while trying to allocate 39845888 bytes (free: 9830400, total: 101973819392).
[W918 14:44:06.702086840 CUDACachingAllocator.cpp:3933] memory allocation failed with OOM on device 0 while trying to allocate 39845888 bytes (free: 9830400, total: 101973819392).
[W918 14:44:06.702965854 CUDACachingAllocator.cpp:3933] memory allocation failed with OOM on device 0 while trying to allocate 16777216 bytes (free: 9830400, total: 101973819392).
[W918 14:44:06.703058161 CUDACachingAllocator.cpp:3933] memory allocation failed with OOM on device 0 while trying to allocate 16777216 bytes (free: 9830400, total: 101973819392).
[W918 14:44:06.703773907 CUDACachingAllocator.cpp:3933] memory allocation failed with OOM on device 0 while trying to allocate 16777216 bytes (free: 9830400, total: 101973819392).
[W918 14:44:06.703833610 CUDACachingAllocator.cpp:3933] memory allocation failed with OOM on device 0 while trying to allocate 16777216 bytes (free: 9830400, total: 101973819392).
[W918 14:44:06.704541360 CUDACachingAllocator.cpp:3933] memory allocation failed with OOM on device 0 while trying to allocate 16777216 bytes (free: 9830400, total: 101973819392).
[W918 14:44:06.704617947 CUDACachingAllocator.cpp:3933] memory allocation failed with OOM on device 0 while trying to allocate 16777216 bytes (free: 9830400, total: 101973819392).
[W918 14:44:06.705338498 CUDACachingAllocator.cpp:3933] memory allocation failed with OOM on device 0 while trying to allocate 16777216 bytes (free: 9830400, total: 101973819392).
[W918 14:44:06.705401631 CUDACachingAllocator.cpp:3933] memory allocation failed with OOM on device 0 while trying to allocate 16777216 bytes (free: 9830400, total: 101973819392).
[W918 14:44:06.706214915 CUDACachingAllocator.cpp:3933] memory allocation failed with OOM on device 0 while trying to allocate 16777216 bytes (free: 9830400, total: 101973819392).
[W918 14:44:06.706295484 CUDACachingAllocator.cpp:3933] memory allocation failed with OOM on device 0 while trying to allocate 16777216 bytes (free: 9830400, total: 101973819392).
[W918 14:44:06.707083102 CUDACachingAllocator.cpp:3933] memory allocation failed with OOM on device 0 while trying to allocate 16777216 bytes (free: 9830400, total: 101973819392).
[W918 14:44:06.707148418 CUDACachingAllocator.cpp:3933] memory allocation failed with OOM on device 0 while trying to allocate 16777216 bytes (free: 9830400, total: 101973819392).
[W918 14:44:06.707749608 CUDACachingAllocator.cpp:3933] memory allocation failed with OOM on device 0 while trying to allocate 16777216 bytes (free: 9830400, total: 101973819392).
[W918 14:44:06.707808361 CUDACachingAllocator.cpp:3933] memory allocation failed with OOM on device 0 while trying to allocate 16777216 bytes (free: 9830400, total: 101973819392).
[W918 14:44:06.708445174 CUDACachingAllocator.cpp:3933] memory allocation failed with OOM on device 0 while trying to allocate 16777216 bytes (free: 9830400, total: 101973819392).
[W918 14:44:06.708508904 CUDACachingAllocator.cpp:3933] memory allocation failed with OOM on device 0 while trying to allocate 16777216 bytes (free: 9830400, total: 101973819392).
[W918 14:44:06.709282612 CUDACachingAllocator.cpp:3933] memory allocation failed with OOM on device 0 while trying to allocate 16777216 bytes (free: 9830400, total: 101973819392).
[W918 14:44:06.709342927 CUDACachingAllocator.cpp:3933] memory allocation failed with OOM on device 0 while trying to allocate 16777216 bytes (free: 9830400, total: 101973819392).
[W918 14:44:06.709920657 CUDACachingAllocator.cpp:3933] memory allocation failed with OOM on device 0 while trying to allocate 16777216 bytes (free: 9830400, total: 101973819392).
[W918 14:44:06.709978982 CUDACachingAllocator.cpp:3933] memory allocation failed with OOM on device 0 while trying to allocate 16777216 bytes (free: 9830400, total: 101973819392).
[W918 14:44:06.710609755 CUDACachingAllocator.cpp:3933] memory allocation failed with OOM on device 0 while trying to allocate 20971520 bytes (free: 9830400, total: 101973819392).
[W918 14:44:06.710683280 CUDACachingAllocator.cpp:3933] memory allocation failed with OOM on device 0 while trying to allocate 20971520 bytes (free: 9830400, total: 101973819392).
[W918 14:44:06.711327076 CUDACachingAllocator.cpp:3933] memory allocation failed with OOM on device 0 while trying to allocate 75497472 bytes (free: 9830400, total: 101973819392).
[W918 14:44:06.711399246 CUDACachingAllocator.cpp:3933] memory allocation failed with OOM on device 0 while trying to allocate 75497472 bytes (free: 9830400, total: 101973819392).
[W918 14:44:06.712058808 CUDACachingAllocator.cpp:3933] memory allocation failed with OOM on device 0 while trying to allocate 50331648 bytes (free: 9830400, total: 101973819392).
[W918 14:44:06.712142383 CUDACachingAllocator.cpp:3933] memory allocation failed with OOM on device 0 while trying to allocate 50331648 bytes (free: 9830400, total: 101973819392).
[W918 14:44:06.712989298 CUDACachingAllocator.cpp:3933] memory allocation failed with OOM on device 0 while trying to allocate 20971520 bytes (free: 9830400, total: 101973819392).
[W918 14:44:06.713082826 CUDACachingAllocator.cpp:3933] memory allocation failed with OOM on device 0 while trying to allocate 20971520 bytes (free: 9830400, total: 101973819392).
Traceback (most recent call last):
  File "/home/ubuntu/PoisonBase/final_update.py", line 3542, in <module>
    main(parse_args())
  File "/home/ubuntu/PoisonBase/final_update.py", line 3091, in main
    tally += run_one_target(args, ctx, sel_nets, craft_nets, tidx, y_adv,
             ^^^^^^^^^^^^^^^^^^^^^^^^^^^^^^^^^^^^^^^^^^^^^^^^^^^^^^^^^^^^
  File "/home/ubuntu/PoisonBase/final_update.py", line 2493, in run_one_target
    prep = prepare_poisons(args, ctx, sel_nets, craft_nets, tidx, y_adv, N_p,
           ^^^^^^^^^^^^^^^^^^^^^^^^^^^^^^^^^^^^^^^^^^^^^^^^^^^^^^^^^^^^^^^^^^
  File "/home/ubuntu/PoisonBase/final_update.py", line 2403, in prepare_poisons
    base01, x_adv01, obj = craft_selected_bases(
                           ^^^^^^^^^^^^^^^^^^^^^
  File "/home/ubuntu/PoisonBase/final_update.py", line 1937, in craft_selected_bases
    x_adv01, objective = craft_gradmatch(
                         ^^^^^^^^^^^^^^^^
  File "/home/ubuntu/PoisonBase/final_update.py", line 1907, in craft_gradmatch
    loss_p = crit(net(x_adv_norm), y_p)
                  ^^^^^^^^^^^^^^^
  File "/home/ubuntu/unsloth_env/lib/python3.12/site-packages/torch/nn/modules/module.py", line 1778, in _wrapped_call_impl
    return self._call_impl(*args, **kwargs)
           ^^^^^^^^^^^^^^^^^^^^^^^^^^^^^^^^
  File "/home/ubuntu/unsloth_env/lib/python3.12/site-packages/torch/nn/modules/module.py", line 1789, in _call_impl
    return forward_call(*args, **kwargs)
           ^^^^^^^^^^^^^^^^^^^^^^^^^^^^^
  File "/home/ubuntu/PoisonBase/networks.py", line 582, in forward
    out = self.layer2(out)
          ^^^^^^^^^^^^^^^^
  File "/home/ubuntu/unsloth_env/lib/python3.12/site-packages/torch/nn/modules/module.py", line 1778, in _wrapped_call_impl
    return self._call_impl(*args, **kwargs)
           ^^^^^^^^^^^^^^^^^^^^^^^^^^^^^^^^
  File "/home/ubuntu/unsloth_env/lib/python3.12/site-packages/torch/nn/modules/module.py", line 1789, in _call_impl
    return forward_call(*args, **kwargs)
           ^^^^^^^^^^^^^^^^^^^^^^^^^^^^^
  File "/home/ubuntu/unsloth_env/lib/python3.12/site-packages/torch/nn/modules/container.py", line 253, in forward
    input = module(input)
            ^^^^^^^^^^^^^
  File "/home/ubuntu/unsloth_env/lib/python3.12/site-packages/torch/nn/modules/module.py", line 1778, in _wrapped_call_impl
    return self._call_impl(*args, **kwargs)
           ^^^^^^^^^^^^^^^^^^^^^^^^^^^^^^^^
  File "/home/ubuntu/unsloth_env/lib/python3.12/site-packages/torch/nn/modules/module.py", line 1789, in _call_impl
    return forward_call(*args, **kwargs)
           ^^^^^^^^^^^^^^^^^^^^^^^^^^^^^
  File "/home/ubuntu/PoisonBase/networks.py", line 445, in forward
    out = F.relu(self.bn1(self.conv1(x)))
                 ^^^^^^^^^^^^^^^^^^^^^^^
  File "/home/ubuntu/unsloth_env/lib/python3.12/site-packages/torch/nn/modules/module.py", line 1778, in _wrapped_call_impl
    return self._call_impl(*args, **kwargs)
           ^^^^^^^^^^^^^^^^^^^^^^^^^^^^^^^^
  File "/home/ubuntu/unsloth_env/lib/python3.12/site-packages/torch/nn/modules/module.py", line 1789, in _call_impl
    return forward_call(*args, **kwargs)
           ^^^^^^^^^^^^^^^^^^^^^^^^^^^^^
  File "/home/ubuntu/unsloth_env/lib/python3.12/site-packages/torch/nn/modules/batchnorm.py", line 210, in forward
    return F.batch_norm(
           ^^^^^^^^^^^^^
  File "/home/ubuntu/unsloth_env/lib/python3.12/site-packages/torch/nn/functional.py", line 2898, in batch_norm
    return torch.batch_norm(
           ^^^^^^^^^^^^^^^^^
torch.OutOfMemoryError: CUDA out of memory. Tried to allocate 20.00 MiB. GPU 0 has a total capacity of 94.97 GiB of which 9.38 MiB is free. Process 9514 has 1.04 GiB memory in use. Process 14056 has 85.85 GiB memory in use. Process 27253 has 5.48 GiB memory in use. Including non-PyTorch memory, this process has 2.54 GiB memory in use. Of the allocated memory 1.82 GiB is allocated by PyTorch, and 59.69 MiB is reserved by PyTorch but unallocated. If reserved but unallocated memory is large try setting PYTORCH_CUDA_ALLOC_CONF=expandable_segments:True to avoid fragmentation.  See documentation for Memory Management  (https://docs.pytorch.org/docs/stable/notes/cuda.html#optimizing-memory-usage-with-pytorch-cuda-alloc-conf)
[2026-09-18 15:37:31] === run start: CIFAR10_ResNet20BN_sapa_ours_dog-bird_b0.005_eps8_seed42_lam1_cosine_selR_worst0.05_ce5_tgt14 on cuda [0] ===
[2026-09-18 15:37:31] args: {"FORCE": false, "attack": "sapa", "base": "ours", "base_dist": "cosine", "base_topr": null, "budget": 0.005, "cache_dir": "/home/ubuntu/PoisonBase/cache", "class_pair": "dog-bird", "clean_baseline": true, "craft_alpha": 0.0039216, "craft_aug": true, "craft_batch": 256, "craft_ensemble": 5, "craft_lowmem": false, "craft_schedule": false, "craft_steps": 250, "data_path": "/home/ubuntu/PoisonBase/data", "dataset": "CIFAR10", "distance_margin_coef": null, "dsa_strategy": "color_crop_cutout_flip_scale_rotate", "epsilon": 0.0313725, "fast_gradmatch": false, "fc_mode": "sample", "fc_restarts": 1, "fus_alpha": 0.5, "fus_iters": 10, "fus_proxy_restarts": 0, "fus_proxy_steps": 0, "fus_search_decay": [40], "fus_search_epochs": 50, "gpus": "0", "jacobian_batch_size": 64, "jacobian_weight": 1.0, "keep_pinned_targets": false, "lambda_margin": 1.0, "model": "ResNet20BN", "no_resume": false, "num_poisons": 500, "num_surrogates": 20, "num_targets": 4, "num_victims": 5, "out_dir": "/home/ubuntu/PoisonBase/.local_bench_shards/bmc10_r20_sa_b0005_r/part1", "pair_order": "poison-target", "parallel_pretrain": true, "parallel_targets": true, "precompute_id": null, "precompute_only": false, "precompute_part": "both", "rank_on_victims": true, "recompute_deltas": false, "require_correct_target": false, "restarts": 8, "seed": 42, "sel_K": null, "sel_alpha": 1.0, "sel_component": "r", "sel_criterion": null, "sel_dpp": false, "sel_filter": false, "sel_metric_epoch": 10, "sel_mmr": false, "sel_mode": null, "sel_model": null, "sel_mu": 1.0, "sel_pca": false, "sel_pool": 3.0, "selector_metric_dir": null, "sharp_mode": "worst", "sharp_samples": 20, "sharp_sigma": 0.05, "steal_timeout": 7200.0, "surrogate_aug": false, "surrogate_bs": 128, "surrogate_decay": [35, 45], "surrogate_epochs": 60, "surrogate_lr": 0.1, "surrogate_wd": 0.0, "target_idx_file": "/home/ubuntu/PoisonBase/.local_bench_shards/targets/r20_part1.json", "target_select": 14, "use_jacobian_score": false, "victim_aug": false, "victim_bs": 125, "victim_decay": [40], "victim_epochs": 50, "victim_lr": 0.1, "victim_model": null, "victim_wd": 0.0}
[2026-09-18 15:37:31] Jacobian score: disabled
[2026-09-18 15:37:31] R component selector: raw components averaged over surrogates, then each used component standardized across candidates; batch_size=64
[2026-09-18 15:37:31] N_total=50000 budget=0.005 -> N_p=250 poisons, y_adv=5(dog) target_class=2(bird)
[2026-09-18 15:37:31] === selection/crafting surrogates (20 x ResNet20BN, trained on the full real set) ===
[2026-09-18 15:37:33]   crafting on 5/20 surrogates
[2026-09-18 15:37:33] === clean victims (5 x ResNet20BN) ===
[2026-09-18 15:37:34]   clean baseline CTA = 0.8350 +/- 0.0046
[2026-09-18 15:37:34]   target pool 1000 -> eligible 976 (24 already predicted as y_adv or dropped)
[2026-09-18 15:37:34]   chosen 4 targets (file), p_adv range 0.0001..0.3838
[2026-09-18 15:37:34]   targets: [5118, 8740, 5324, 4630]
[2026-09-18 15:37:34] === target 5118 (1/4) ===
[2026-09-18 15:37:36]   target 5118: selector overhead 2.299 s, CUDA peak 842.3 MiB (incremental 78.7 MiB)
[2026-09-18 15:49:20]   target 5118: crafted 250 poisons in 704 s, obj=0.22798, CUDA peak=4730.2 MiB (incremental 3963.6 MiB)
[2026-09-18 15:49:20]   target 5118: realized linf = 0.03137 (8.00/255), budget = 8.00/255
[2026-09-18 15:52:14]   [t5118 v1/5] fail (pred=bird) CTA=0.8334
[2026-09-18 15:55:08]   [t5118 v2/5] fail (pred=bird) CTA=0.8407
[2026-09-18 15:58:02]   [t5118 v3/5] fail (pred=bird) CTA=0.8428
[2026-09-18 16:00:57]   [t5118 v4/5] fail (pred=bird) CTA=0.8369
[2026-09-18 16:03:54]   [t5118 v5/5] SUCCESS (pred=dog) CTA=0.8383
[2026-09-18 16:03:54]   target 5118, 5 victims on this gpu: ASR=20.0% CTA=0.8384 +/- 0.0032
[2026-09-18 16:03:54] === target 8740 (2/4) ===
[2026-09-18 16:03:56]   target 8740: selector overhead 2.142 s, CUDA peak 874.3 MiB (incremental 78.7 MiB)
[2026-09-18 16:14:15]   target 8740: crafted 250 poisons in 619 s, obj=0.20403, CUDA peak=4739.0 MiB (incremental 3940.2 MiB)
[2026-09-18 16:14:15]   target 8740: realized linf = 0.03137 (8.00/255), budget = 8.00/255
[2026-09-18 16:17:08]   [t8740 v1/5] fail (pred=bird) CTA=0.8368
[2026-09-18 16:19:50]   [t8740 v2/5] fail (pred=cat) CTA=0.8371
[2026-09-18 16:22:36]   [t8740 v3/5] fail (pred=bird) CTA=0.8349
[2026-09-18 16:25:20]   [t8740 v4/5] fail (pred=bird) CTA=0.8314
[2026-09-18 16:28:00]   [t8740 v5/5] fail (pred=bird) CTA=0.8436
[2026-09-18 16:28:00]   target 8740, 5 victims on this gpu: ASR=0.0% CTA=0.8368 +/- 0.0040
[2026-09-18 16:28:00] === target 5324 (3/4) ===
[2026-09-18 16:28:02]   target 5324: selector overhead 2.357 s, CUDA peak 874.3 MiB (incremental 78.7 MiB)
[2026-09-18 16:34:15]   target 5324: crafted 250 poisons in 373 s, obj=0.23305, CUDA peak=4739.3 MiB (incremental 3940.5 MiB)
[2026-09-18 16:34:15]   target 5324: realized linf = 0.03137 (8.00/255), budget = 8.00/255
[2026-09-18 16:37:10]   [t5324 v1/5] fail (pred=ship) CTA=0.8331
[2026-09-18 16:40:05]   [t5324 v2/5] fail (pred=ship) CTA=0.8324
[2026-09-18 16:42:52]   [t5324 v3/5] fail (pred=truck) CTA=0.8404
[2026-09-18 16:45:18]   [t5324 v4/5] fail (pred=ship) CTA=0.8390
[2026-09-18 16:47:44]   [t5324 v5/5] fail (pred=ship) CTA=0.8438
[2026-09-18 16:47:44]   target 5324, 5 victims on this gpu: ASR=0.0% CTA=0.8377 +/- 0.0044
[2026-09-18 16:47:44] === target 4630 (4/4) ===
[2026-09-18 16:47:46]   target 4630: selector overhead 1.963 s, CUDA peak 874.3 MiB (incremental 78.7 MiB)

===== bmc10_r20_sa_b0005_r: target shard 2 =====
[2026-09-18 14:43:46] === run start: CIFAR10_ResNet20BN_sapa_ours_dog-bird_b0.005_eps8_seed42_lam1_cosine_selR_worst0.05_ce5_tgt14 on cuda [0] ===
[2026-09-18 14:43:46] args: {"FORCE": false, "attack": "sapa", "base": "ours", "base_dist": "cosine", "base_topr": null, "budget": 0.005, "cache_dir": "/home/ubuntu/PoisonBase/cache", "class_pair": "dog-bird", "clean_baseline": true, "craft_alpha": 0.0039216, "craft_aug": true, "craft_batch": 256, "craft_ensemble": 5, "craft_lowmem": false, "craft_schedule": false, "craft_steps": 250, "data_path": "/home/ubuntu/PoisonBase/data", "dataset": "CIFAR10", "distance_margin_coef": null, "dsa_strategy": "color_crop_cutout_flip_scale_rotate", "epsilon": 0.0313725, "fast_gradmatch": false, "fc_mode": "sample", "fc_restarts": 1, "fus_alpha": 0.5, "fus_iters": 10, "fus_proxy_restarts": 0, "fus_proxy_steps": 0, "fus_search_decay": [40], "fus_search_epochs": 50, "gpus": "0", "jacobian_batch_size": 64, "jacobian_weight": 1.0, "keep_pinned_targets": false, "lambda_margin": 1.0, "model": "ResNet20BN", "no_resume": false, "num_poisons": 500, "num_surrogates": 20, "num_targets": 4, "num_victims": 5, "out_dir": "/home/ubuntu/PoisonBase/.local_bench_shards/bmc10_r20_sa_b0005_r/part2", "pair_order": "poison-target", "parallel_pretrain": true, "parallel_targets": true, "precompute_id": null, "precompute_only": false, "precompute_part": "both", "rank_on_victims": true, "recompute_deltas": false, "require_correct_target": false, "restarts": 8, "seed": 42, "sel_K": null, "sel_alpha": 1.0, "sel_component": "r", "sel_criterion": null, "sel_dpp": false, "sel_filter": false, "sel_metric_epoch": 10, "sel_mmr": false, "sel_mode": null, "sel_model": null, "sel_mu": 1.0, "sel_pca": false, "sel_pool": 3.0, "selector_metric_dir": null, "sharp_mode": "worst", "sharp_samples": 20, "sharp_sigma": 0.05, "steal_timeout": 7200.0, "surrogate_aug": false, "surrogate_bs": 128, "surrogate_decay": [35, 45], "surrogate_epochs": 60, "surrogate_lr": 0.1, "surrogate_wd": 0.0, "target_idx_file": "/home/ubuntu/PoisonBase/.local_bench_shards/targets/r20_part2.json", "target_select": 14, "use_jacobian_score": false, "victim_aug": false, "victim_bs": 125, "victim_decay": [40], "victim_epochs": 50, "victim_lr": 0.1, "victim_model": null, "victim_wd": 0.0}
[2026-09-18 14:43:46] Jacobian score: disabled
[2026-09-18 14:43:46] R component selector: raw components averaged over surrogates, then each used component standardized across candidates; batch_size=64
[2026-09-18 14:43:46] N_total=50000 budget=0.005 -> N_p=250 poisons, y_adv=5(dog) target_class=2(bird)
[2026-09-18 14:43:46] === selection/crafting surrogates (20 x ResNet20BN, trained on the full real set) ===
[2026-09-18 14:43:58]   crafting on 5/20 surrogates
[2026-09-18 14:43:58] === clean victims (5 x ResNet20BN) ===
[2026-09-18 14:44:01]   clean baseline CTA = 0.8350 +/- 0.0046
[2026-09-18 14:44:02]   target pool 1000 -> eligible 976 (24 already predicted as y_adv or dropped)
[2026-09-18 14:44:02]   chosen 4 targets (file), p_adv range 0.0026..0.0475
[2026-09-18 14:44:02]   targets: [833, 2065, 7056, 9059]
[2026-09-18 14:44:02] === target 833 (1/4) ===
[2026-09-18 14:44:04]   target 833: selector overhead 2.464 s, CUDA peak 842.3 MiB (incremental 78.7 MiB)
[2026-09-18 14:51:45]   target 833: crafted 250 poisons in 461 s, obj=0.20574, CUDA peak=4731.6 MiB (incremental 3965.1 MiB)
[2026-09-18 14:51:45]   target 833: realized linf = 0.03137 (8.00/255), budget = 8.00/255
[2026-09-18 14:54:33]   [t833 v1/5] fail (pred=bird) CTA=0.8383
[2026-09-18 14:57:04]   [t833 v2/5] fail (pred=bird) CTA=0.8433
[2026-09-18 14:59:25]   [t833 v3/5] fail (pred=bird) CTA=0.8346
[2026-09-18 15:01:49]   [t833 v4/5] fail (pred=bird) CTA=0.8320
[2026-09-18 15:04:11]   [t833 v5/5] fail (pred=bird) CTA=0.8416
[2026-09-18 15:04:11]   target 833, 5 victims on this gpu: ASR=0.0% CTA=0.8380 +/- 0.0042
[2026-09-18 15:04:11] === target 2065 (2/4) ===
[2026-09-18 15:04:13]   target 2065: selector overhead 1.949 s, CUDA peak 874.3 MiB (incremental 78.7 MiB)
[2026-09-18 15:09:59]   target 2065: crafted 250 poisons in 347 s, obj=0.21348, CUDA peak=4739.3 MiB (incremental 3940.5 MiB)
[2026-09-18 15:09:59]   target 2065: realized linf = 0.03137 (8.00/255), budget = 8.00/255
[2026-09-18 15:12:49]   [t2065 v1/5] fail (pred=deer) CTA=0.8439
[2026-09-18 15:15:42]   [t2065 v2/5] fail (pred=deer) CTA=0.8425
[2026-09-18 15:18:32]   [t2065 v3/5] SUCCESS (pred=dog) CTA=0.8383
[2026-09-18 15:21:21]   [t2065 v4/5] fail (pred=deer) CTA=0.8342
[2026-09-18 15:24:04]   [t2065 v5/5] fail (pred=bird) CTA=0.8352
[2026-09-18 15:24:04]   target 2065, 5 victims on this gpu: ASR=20.0% CTA=0.8388 +/- 0.0038
[2026-09-18 15:24:04] === target 7056 (3/4) ===
[2026-09-18 15:24:06]   target 7056: selector overhead 2.116 s, CUDA peak 874.3 MiB (incremental 78.7 MiB)
[2026-09-18 15:29:56]   target 7056: crafted 250 poisons in 350 s, obj=0.25190, CUDA peak=4739.4 MiB (incremental 3940.6 MiB)
[2026-09-18 15:29:56]   target 7056: realized linf = 0.03137 (8.00/255), budget = 8.00/255
[2026-09-18 15:32:40]   [t7056 v1/5] fail (pred=bird) CTA=0.8387
[2026-09-18 15:35:25]   [t7056 v2/5] fail (pred=bird) CTA=0.8426
[2026-09-18 15:38:15]   [t7056 v3/5] fail (pred=bird) CTA=0.8444
[2026-09-18 15:41:08]   [t7056 v4/5] fail (pred=cat) CTA=0.8407
[2026-09-18 15:44:01]   [t7056 v5/5] fail (pred=bird) CTA=0.8370
[2026-09-18 15:44:01]   target 7056, 5 victims on this gpu: ASR=0.0% CTA=0.8407 +/- 0.0026
[2026-09-18 15:44:01] === target 9059 (4/4) ===
[2026-09-18 15:44:03]   target 9059: selector overhead 2.111 s, CUDA peak 874.3 MiB (incremental 78.7 MiB)
[2026-09-18 15:49:58]   target 9059: crafted 250 poisons in 355 s, obj=0.22119, CUDA peak=4739.3 MiB (incremental 3940.5 MiB)
[2026-09-18 15:49:58]   target 9059: realized linf = 0.03137 (8.00/255), budget = 8.00/255
[2026-09-18 15:52:50]   [t9059 v1/5] fail (pred=bird) CTA=0.8311
[2026-09-18 15:55:37]   [t9059 v2/5] fail (pred=cat) CTA=0.8364
[2026-09-18 15:58:26]   [t9059 v3/5] SUCCESS (pred=dog) CTA=0.8450
[2026-09-18 16:01:13]   [t9059 v4/5] fail (pred=cat) CTA=0.8396
[2026-09-18 16:04:00]   [t9059 v5/5] fail (pred=bird) CTA=0.8363
[2026-09-18 16:04:00]   target 9059, 5 victims on this gpu: ASR=20.0% CTA=0.8377 +/- 0.0046
[2026-09-18 16:04:00]   selector resources: 4 target(s), 8.6 total target-seconds, max CUDA allocated 874.3 MiB (incremental 78.7 MiB)
[2026-09-18 16:04:00] ==== CIFAR10_ResNet20BN_sapa_ours_dog-bird_b0.005_eps8_seed42_lam1_cosine_selR_worst0.05_ce5_tgt14 : ASR = 10.0% +/- 10.0% | CTA = 0.8388 (baseline 0.8350) ====
[2026-09-18 16:04:00]   target-prediction tally ['airplane', 'automobile', 'bird', 'cat', 'deer', 'dog', 'frog', 'horse', 'ship', 'truck']: [0, 0, 12, 3, 3, 2, 0, 0, 0, 0]
