===== part_1_of_4 =====
[2026-09-17 11:17:10] === run start: CIFAR10_ConvNetBN_gradmatch_ours_dog-bird_b0.002_eps8_seed42_lam1_cosine_selfus_i10_a0.5_e50_ps0_pr0_K20_ce5_tgt70 on cuda [0] ===
[2026-09-17 11:17:10] args: {"FORCE": false, "attack": "gradmatch", "base": "ours", "base_dist": "cosine", "base_topr": null, "budget": 0.002, "cache_dir": "/tmp/PoisonBase_influence_fus/cache", "class_pair": "dog-bird", "clean_baseline": true, "craft_alpha": 0.0039216, "craft_aug": true, "craft_batch": 256, "craft_ensemble": 5, "craft_lowmem": false, "craft_schedule": false, "craft_steps": 250, "data_path": "/tmp/PoisonBase_influence_fus/data", "dataset": "CIFAR10", "distance_margin_coef": null, "dsa_strategy": "color_crop_cutout_flip_scale_rotate", "epsilon": 0.0313725, "fast_gradmatch": false, "fc_mode": "sample", "fc_restarts": 1, "fus_alpha": 0.5, "fus_iters": 10, "fus_proxy_restarts": 0, "fus_proxy_steps": 0, "fus_search_decay": [40], "fus_search_epochs": 50, "gpus": "all", "jacobian_batch_size": 64, "jacobian_weight": 1.0, "keep_pinned_targets": true, "lambda_margin": 1.0, "model": "ConvNetBN", "no_resume": false, "num_poisons": 500, "num_surrogates": 20, "num_targets": 3, "num_victims": 6, "out_dir": "/tmp/PoisonBase_influence_fus/influence_fus_baselines_result/part_1_of_4", "pair_order": "poison-target", "parallel_pretrain": true, "parallel_targets": true, "precompute_id": null, "precompute_only": false, "precompute_part": "both", "rank_on_victims": true, "recompute_deltas": false, "require_correct_target": false, "restarts": 8, "seed": 42, "sel_K": 20, "sel_alpha": 1.0, "sel_criterion": "fus", "sel_dpp": false, "sel_filter": false, "sel_metric_epoch": 10, "sel_mmr": false, "sel_mode": null, "sel_model": null, "sel_mu": 1.0, "sel_pca": false, "sel_pool": 3.0, "selector_metric_dir": "/tmp/PoisonBase_influence_fus/cache/selector_metrics", "sharp_mode": "worst", "sharp_samples": 20, "sharp_sigma": 0.05, "steal_timeout": 7200.0, "surrogate_aug": false, "surrogate_bs": 128, "surrogate_decay": [35, 45], "surrogate_epochs": 60, "surrogate_lr": 0.1, "surrogate_wd": 0.0, "target_idx_file": "/tmp/PoisonBase_influence_fus/target_sets/ConvNetBN_gradmatch_dog-bird_part_1_of_4.json", "target_select": 70, "use_jacobian_score": false, "victim_aug": false, "victim_bs": 125, "victim_decay": [40], "victim_epochs": 50, "victim_lr": 0.1, "victim_model": null, "victim_wd": 0.0}
[2026-09-17 11:17:10] Jacobian score: disabled
[2026-09-17 11:17:10] Adapted FUS selector: iterations=10 alpha=0.5 search_epochs=50 proxy_steps=250 proxy_restarts=8
[2026-09-17 11:17:10] N_total=50000 budget=0.002 -> N_p=100 poisons, y_adv=5(dog) target_class=2(bird)
[2026-09-17 11:17:10] === selection/crafting surrogates (20 x ConvNetBN, trained on the full real set) ===
[2026-09-17 11:17:10]   crafting on 5/20 surrogates
[2026-09-17 11:17:10] === clean victims (6 x ConvNetBN) ===
[2026-09-17 11:17:11]   clean baseline CTA = 0.8127 +/- 0.0074
[2026-09-17 11:17:11]   chosen 3 targets (file, fixed across victim architectures), p_adv range 0.0000..0.0000
[2026-09-17 11:17:11]   targets: [843, 1257, 8252]
[2026-09-17 11:17:11] === target 843 (1/3) ===
[2026-09-17 11:17:11]   adapted FUS: iterations=10 alpha=0.5 keep=50/100 search_epochs=50 proxy_steps=250 proxy_restarts=8
[2026-09-17 11:19:27]   adapted FUS target 843 iteration 1/10: objective=0.374965, forgetting min/mean/max=0/1.200/6, retained=50, refreshed=50
[2026-09-17 11:21:43]   adapted FUS target 843 iteration 2/10: objective=0.35825, forgetting min/mean/max=0/1.740/9, retained=50, refreshed=50
[2026-09-17 11:23:59]   adapted FUS target 843 iteration 3/10: objective=0.352548, forgetting min/mean/max=0/2.010/8, retained=50, refreshed=50
[2026-09-17 11:26:15]   adapted FUS target 843 iteration 4/10: objective=0.335966, forgetting min/mean/max=0/1.680/6, retained=50, refreshed=50
[2026-09-17 11:28:31]   adapted FUS target 843 iteration 5/10: objective=0.341095, forgetting min/mean/max=0/0.960/5, retained=50, refreshed=50
[2026-09-17 11:30:47]   adapted FUS target 843 iteration 6/10: objective=0.339185, forgetting min/mean/max=0/1.380/6, retained=50, refreshed=50
[2026-09-17 11:33:03]   adapted FUS target 843 iteration 7/10: objective=0.335614, forgetting min/mean/max=0/1.860/8, retained=50, refreshed=50
[2026-09-17 11:35:19]   adapted FUS target 843 iteration 8/10: objective=0.33433, forgetting min/mean/max=0/1.840/7, retained=50, refreshed=50
[2026-09-17 11:37:35]   adapted FUS target 843 iteration 9/10: objective=0.331423, forgetting min/mean/max=0/3.280/9, retained=50, refreshed=50
[2026-09-17 11:39:51]   adapted FUS target 843 iteration 10/10: objective=0.348664, forgetting min/mean/max=0/2.160/9, retained=50, refreshed=50
[2026-09-17 11:39:51]   target 843: selector overhead 1359.632 s, CUDA peak 2487.9 MiB (incremental 1742.4 MiB)
[2026-09-17 11:41:09]   target 843: crafted 100 poisons in 78 s, obj=0.34749, CUDA peak=2486.8 MiB (incremental 1732.0 MiB)
[2026-09-17 11:41:09]   target 843: realized linf = 0.03137 (8.00/255), budget = 8.00/255
[2026-09-17 11:42:01]   [t843 v1/6] fail (pred=bird) CTA=0.8087
[2026-09-17 11:42:51]   [t843 v2/6] fail (pred=bird) CTA=0.8038
[2026-09-17 11:43:41]   [t843 v3/6] fail (pred=bird) CTA=0.8041
[2026-09-17 11:44:30]   [t843 v4/6] fail (pred=bird) CTA=0.8109
[2026-09-17 11:45:20]   [t843 v5/6] fail (pred=bird) CTA=0.7974
[2026-09-17 11:46:10]   [t843 v6/6] fail (pred=bird) CTA=0.7858
[2026-09-17 11:46:10]   target 843, 6 victims on this gpu: ASR=0.0% CTA=0.8018 +/- 0.0083
[2026-09-17 11:46:10] === target 1257 (2/3) ===
[2026-09-17 11:46:10]   adapted FUS: iterations=10 alpha=0.5 keep=50/100 search_epochs=50 proxy_steps=250 proxy_restarts=8
[2026-09-17 11:48:26]   adapted FUS target 1257 iteration 1/10: objective=0.303578, forgetting min/mean/max=0/1.330/7, retained=50, refreshed=50
[2026-09-17 11:50:42]   adapted FUS target 1257 iteration 2/10: objective=0.289918, forgetting min/mean/max=0/1.880/10, retained=50, refreshed=50
[2026-09-17 11:52:58]   adapted FUS target 1257 iteration 3/10: objective=0.295785, forgetting min/mean/max=0/1.560/7, retained=50, refreshed=50
[2026-09-17 11:55:14]   adapted FUS target 1257 iteration 4/10: objective=0.298724, forgetting min/mean/max=0/2.020/8, retained=50, refreshed=50
[2026-09-17 11:57:30]   adapted FUS target 1257 iteration 5/10: objective=0.292636, forgetting min/mean/max=0/1.960/9, retained=50, refreshed=50
[2026-09-17 11:59:46]   adapted FUS target 1257 iteration 6/10: objective=0.287329, forgetting min/mean/max=0/1.860/8, retained=50, refreshed=50
[2026-09-17 12:02:02]   adapted FUS target 1257 iteration 7/10: objective=0.283593, forgetting min/mean/max=0/1.630/8, retained=50, refreshed=50
[2026-09-17 12:04:18]   adapted FUS target 1257 iteration 8/10: objective=0.281689, forgetting min/mean/max=0/1.750/7, retained=50, refreshed=50
[2026-09-17 12:06:34]   adapted FUS target 1257 iteration 9/10: objective=0.280875, forgetting min/mean/max=0/2.360/9, retained=50, refreshed=50
[2026-09-17 12:08:49]   adapted FUS target 1257 iteration 10/10: objective=0.286094, forgetting min/mean/max=0/1.700/8, retained=50, refreshed=50
[2026-09-17 12:08:49]   target 1257: selector overhead 1359.164 s, CUDA peak 2487.9 MiB (incremental 1734.3 MiB)
[2026-09-17 12:10:07]   target 1257: crafted 100 poisons in 78 s, obj=0.29063, CUDA peak=2487.9 MiB (incremental 1733.1 MiB)
[2026-09-17 12:10:07]   target 1257: realized linf = 0.03137 (8.00/255), budget = 8.00/255
[2026-09-17 12:10:59]   [t1257 v1/6] fail (pred=bird) CTA=0.7950
[2026-09-17 12:11:49]   [t1257 v2/6] fail (pred=bird) CTA=0.8114
[2026-09-17 12:12:39]   [t1257 v3/6] SUCCESS (pred=dog) CTA=0.8139
[2026-09-17 12:13:29]   [t1257 v4/6] fail (pred=bird) CTA=0.8006
[2026-09-17 12:14:19]   [t1257 v5/6] fail (pred=bird) CTA=0.8029
[2026-09-17 12:15:09]   [t1257 v6/6] fail (pred=bird) CTA=0.7921
[2026-09-17 12:15:09]   target 1257, 6 victims on this gpu: ASR=16.7% CTA=0.8027 +/- 0.0079
[2026-09-17 12:15:09] === target 8252 (3/3) ===
[2026-09-17 12:15:09]   adapted FUS: iterations=10 alpha=0.5 keep=50/100 search_epochs=50 proxy_steps=250 proxy_restarts=8
[2026-09-17 12:17:25]   adapted FUS target 8252 iteration 1/10: objective=0.313335, forgetting min/mean/max=0/1.940/9, retained=50, refreshed=50
[2026-09-17 12:19:41]   adapted FUS target 8252 iteration 2/10: objective=0.289148, forgetting min/mean/max=0/1.850/8, retained=50, refreshed=50
[2026-09-17 12:21:57]   adapted FUS target 8252 iteration 3/10: objective=0.279607, forgetting min/mean/max=0/2.960/11, retained=50, refreshed=50
[2026-09-17 12:24:13]   adapted FUS target 8252 iteration 4/10: objective=0.27038, forgetting min/mean/max=0/1.790/8, retained=50, refreshed=50
[2026-09-17 12:26:29]   adapted FUS target 8252 iteration 5/10: objective=0.264293, forgetting min/mean/max=0/3.040/13, retained=50, refreshed=50
[2026-09-17 12:28:44]   adapted FUS target 8252 iteration 6/10: objective=0.266839, forgetting min/mean/max=0/3.380/12, retained=50, refreshed=50
[2026-09-17 12:31:00]   adapted FUS target 8252 iteration 7/10: objective=0.274245, forgetting min/mean/max=0/1.760/7, retained=50, refreshed=50
[2026-09-17 12:33:16]   adapted FUS target 8252 iteration 8/10: objective=0.264534, forgetting min/mean/max=0/2.990/10, retained=50, refreshed=50
[2026-09-17 12:35:32]   adapted FUS target 8252 iteration 9/10: objective=0.265603, forgetting min/mean/max=0/2.300/7, retained=50, refreshed=50
[2026-09-17 12:37:48]   adapted FUS target 8252 iteration 10/10: objective=0.266752, forgetting min/mean/max=0/2.100/9, retained=50, refreshed=50
[2026-09-17 12:37:48]   target 8252: selector overhead 1359.546 s, CUDA peak 2487.9 MiB (incremental 1734.3 MiB)
[2026-09-17 12:39:06]   target 8252: crafted 100 poisons in 78 s, obj=0.26626, CUDA peak=2487.8 MiB (incremental 1733.0 MiB)
[2026-09-17 12:39:06]   target 8252: realized linf = 0.03137 (8.00/255), budget = 8.00/255
[2026-09-17 12:39:58]   [t8252 v1/6] fail (pred=cat) CTA=0.8014
[2026-09-17 12:40:48]   [t8252 v2/6] SUCCESS (pred=dog) CTA=0.8159
[2026-09-17 12:41:38]   [t8252 v3/6] fail (pred=bird) CTA=0.8029
[2026-09-17 12:42:28]   [t8252 v4/6] fail (pred=cat) CTA=0.7946
[2026-09-17 12:43:18]   [t8252 v5/6] fail (pred=bird) CTA=0.7975
[2026-09-17 12:44:08]   [t8252 v6/6] SUCCESS (pred=dog) CTA=0.8055
[2026-09-17 12:44:08]   target 8252, 6 victims on this gpu: ASR=33.3% CTA=0.8030 +/- 0.0068
[2026-09-17 12:44:08]   selector resources: 3 target(s), 4078.3 total target-seconds, max CUDA allocated 2487.9 MiB (incremental 1742.4 MiB)
[2026-09-17 12:44:08] ==== CIFAR10_ConvNetBN_gradmatch_ours_dog-bird_b0.002_eps8_seed42_lam1_cosine_selfus_i10_a0.5_e50_ps0_pr0_K20_ce5_tgt70 : ASR = 16.7% +/- 13.6% | CTA = 0.8025 (baseline 0.8127) ====
[2026-09-17 12:44:08]   target-prediction tally ['airplane', 'automobile', 'bird', 'cat', 'deer', 'dog', 'frog', 'horse', 'ship', 'truck']: [0, 0, 13, 2, 0, 3, 0, 0, 0, 0]

===== part_2_of_4 =====
[2026-09-17 11:17:09] === run start: CIFAR10_ConvNetBN_gradmatch_ours_dog-bird_b0.002_eps8_seed42_lam1_cosine_selfus_i10_a0.5_e50_ps0_pr0_K20_ce5_tgt70 on cuda [0] ===
[2026-09-17 11:17:09] args: {"FORCE": false, "attack": "gradmatch", "base": "ours", "base_dist": "cosine", "base_topr": null, "budget": 0.002, "cache_dir": "/tmp/PoisonBase_influence_fus/cache", "class_pair": "dog-bird", "clean_baseline": true, "craft_alpha": 0.0039216, "craft_aug": true, "craft_batch": 256, "craft_ensemble": 5, "craft_lowmem": false, "craft_schedule": false, "craft_steps": 250, "data_path": "/tmp/PoisonBase_influence_fus/data", "dataset": "CIFAR10", "distance_margin_coef": null, "dsa_strategy": "color_crop_cutout_flip_scale_rotate", "epsilon": 0.0313725, "fast_gradmatch": false, "fc_mode": "sample", "fc_restarts": 1, "fus_alpha": 0.5, "fus_iters": 10, "fus_proxy_restarts": 0, "fus_proxy_steps": 0, "fus_search_decay": [40], "fus_search_epochs": 50, "gpus": "all", "jacobian_batch_size": 64, "jacobian_weight": 1.0, "keep_pinned_targets": true, "lambda_margin": 1.0, "model": "ConvNetBN", "no_resume": false, "num_poisons": 500, "num_surrogates": 20, "num_targets": 3, "num_victims": 6, "out_dir": "/tmp/PoisonBase_influence_fus/influence_fus_baselines_result/part_2_of_4", "pair_order": "poison-target", "parallel_pretrain": true, "parallel_targets": true, "precompute_id": null, "precompute_only": false, "precompute_part": "both", "rank_on_victims": true, "recompute_deltas": false, "require_correct_target": false, "restarts": 8, "seed": 42, "sel_K": 20, "sel_alpha": 1.0, "sel_criterion": "fus", "sel_dpp": false, "sel_filter": false, "sel_metric_epoch": 10, "sel_mmr": false, "sel_mode": null, "sel_model": null, "sel_mu": 1.0, "sel_pca": false, "sel_pool": 3.0, "selector_metric_dir": "/tmp/PoisonBase_influence_fus/cache/selector_metrics", "sharp_mode": "worst", "sharp_samples": 20, "sharp_sigma": 0.05, "steal_timeout": 7200.0, "surrogate_aug": false, "surrogate_bs": 128, "surrogate_decay": [35, 45], "surrogate_epochs": 60, "surrogate_lr": 0.1, "surrogate_wd": 0.0, "target_idx_file": "/tmp/PoisonBase_influence_fus/target_sets/ConvNetBN_gradmatch_dog-bird_part_2_of_4.json", "target_select": 70, "use_jacobian_score": false, "victim_aug": false, "victim_bs": 125, "victim_decay": [40], "victim_epochs": 50, "victim_lr": 0.1, "victim_model": null, "victim_wd": 0.0}
[2026-09-17 11:17:09] Jacobian score: disabled
[2026-09-17 11:17:09] Adapted FUS selector: iterations=10 alpha=0.5 search_epochs=50 proxy_steps=250 proxy_restarts=8
[2026-09-17 11:17:09] N_total=50000 budget=0.002 -> N_p=100 poisons, y_adv=5(dog) target_class=2(bird)
[2026-09-17 11:17:09] === selection/crafting surrogates (20 x ConvNetBN, trained on the full real set) ===
[2026-09-17 11:17:09]   crafting on 5/20 surrogates
[2026-09-17 11:17:09] === clean victims (6 x ConvNetBN) ===
[2026-09-17 11:17:10]   clean baseline CTA = 0.8127 +/- 0.0074
[2026-09-17 11:17:11]   chosen 3 targets (file, fixed across victim architectures), p_adv range 0.0000..0.0000
[2026-09-17 11:17:11]   targets: [8730, 8055, 5859]
[2026-09-17 11:17:11] === target 8730 (1/3) ===
[2026-09-17 11:17:11]   adapted FUS: iterations=10 alpha=0.5 keep=50/100 search_epochs=50 proxy_steps=250 proxy_restarts=8
[2026-09-17 11:19:26]   adapted FUS target 8730 iteration 1/10: objective=0.299185, forgetting min/mean/max=0/1.290/6, retained=50, refreshed=50
[2026-09-17 11:21:42]   adapted FUS target 8730 iteration 2/10: objective=0.279999, forgetting min/mean/max=0/3.300/13, retained=50, refreshed=50
[2026-09-17 11:23:59]   adapted FUS target 8730 iteration 3/10: objective=0.266611, forgetting min/mean/max=0/2.650/9, retained=50, refreshed=50
[2026-09-17 11:26:15]   adapted FUS target 8730 iteration 4/10: objective=0.266377, forgetting min/mean/max=0/1.660/8, retained=50, refreshed=50
[2026-09-17 11:28:31]   adapted FUS target 8730 iteration 5/10: objective=0.27119, forgetting min/mean/max=0/2.370/9, retained=50, refreshed=50
[2026-09-17 11:30:47]   adapted FUS target 8730 iteration 6/10: objective=0.269125, forgetting min/mean/max=0/1.840/7, retained=50, refreshed=50
[2026-09-17 11:33:03]   adapted FUS target 8730 iteration 7/10: objective=0.264742, forgetting min/mean/max=0/2.800/8, retained=50, refreshed=50
[2026-09-17 11:35:18]   adapted FUS target 8730 iteration 8/10: objective=0.259661, forgetting min/mean/max=0/1.670/6, retained=50, refreshed=50
[2026-09-17 11:37:34]   adapted FUS target 8730 iteration 9/10: objective=0.260578, forgetting min/mean/max=0/2.830/10, retained=50, refreshed=50
[2026-09-17 11:39:50]   adapted FUS target 8730 iteration 10/10: objective=0.260685, forgetting min/mean/max=0/2.850/12, retained=50, refreshed=50
[2026-09-17 11:39:50]   target 8730: selector overhead 1359.885 s, CUDA peak 2488.9 MiB (incremental 1743.4 MiB)
[2026-09-17 11:41:08]   target 8730: crafted 100 poisons in 78 s, obj=0.25115, CUDA peak=2488.9 MiB (incremental 1734.1 MiB)
[2026-09-17 11:41:08]   target 8730: realized linf = 0.03137 (8.00/255), budget = 8.00/255
[2026-09-17 11:42:00]   [t8730 v1/6] fail (pred=bird) CTA=0.8103
[2026-09-17 11:42:50]   [t8730 v2/6] fail (pred=bird) CTA=0.8106
[2026-09-17 11:43:40]   [t8730 v3/6] fail (pred=bird) CTA=0.8126
[2026-09-17 11:44:30]   [t8730 v4/6] fail (pred=bird) CTA=0.8029
[2026-09-17 11:45:21]   [t8730 v5/6] fail (pred=bird) CTA=0.8016
[2026-09-17 11:46:11]   [t8730 v6/6] fail (pred=bird) CTA=0.8112
[2026-09-17 11:46:11]   target 8730, 6 victims on this gpu: ASR=0.0% CTA=0.8082 +/- 0.0043
[2026-09-17 11:46:11] === target 8055 (2/3) ===
[2026-09-17 11:46:11]   adapted FUS: iterations=10 alpha=0.5 keep=50/100 search_epochs=50 proxy_steps=250 proxy_restarts=8
[2026-09-17 11:48:26]   adapted FUS target 8055 iteration 1/10: objective=0.379083, forgetting min/mean/max=0/1.550/9, retained=50, refreshed=50
[2026-09-17 11:50:43]   adapted FUS target 8055 iteration 2/10: objective=0.375703, forgetting min/mean/max=0/1.430/8, retained=50, refreshed=50
[2026-09-17 11:52:59]   adapted FUS target 8055 iteration 3/10: objective=0.366221, forgetting min/mean/max=0/1.810/9, retained=50, refreshed=50
[2026-09-17 11:55:15]   adapted FUS target 8055 iteration 4/10: objective=0.357557, forgetting min/mean/max=0/1.260/7, retained=50, refreshed=50
[2026-09-17 11:57:31]   adapted FUS target 8055 iteration 5/10: objective=0.349226, forgetting min/mean/max=0/1.330/8, retained=50, refreshed=50
[2026-09-17 11:59:47]   adapted FUS target 8055 iteration 6/10: objective=0.337157, forgetting min/mean/max=0/1.510/10, retained=50, refreshed=50
[2026-09-17 12:02:03]   adapted FUS target 8055 iteration 7/10: objective=0.326885, forgetting min/mean/max=0/1.830/11, retained=50, refreshed=50
[2026-09-17 12:04:19]   adapted FUS target 8055 iteration 8/10: objective=0.326862, forgetting min/mean/max=0/2.070/9, retained=50, refreshed=50
[2026-09-17 12:06:35]   adapted FUS target 8055 iteration 9/10: objective=0.329354, forgetting min/mean/max=0/1.940/9, retained=50, refreshed=50
[2026-09-17 12:08:51]   adapted FUS target 8055 iteration 10/10: objective=0.325403, forgetting min/mean/max=0/1.100/6, retained=50, refreshed=50
[2026-09-17 12:08:51]   target 8055: selector overhead 1360.154 s, CUDA peak 2488.9 MiB (incremental 1735.3 MiB)
[2026-09-17 12:10:09]   target 8055: crafted 100 poisons in 78 s, obj=0.32198, CUDA peak=2487.3 MiB (incremental 1732.5 MiB)
[2026-09-17 12:10:09]   target 8055: realized linf = 0.03137 (8.00/255), budget = 8.00/255
[2026-09-17 12:11:01]   [t8055 v1/6] fail (pred=bird) CTA=0.8049
[2026-09-17 12:11:51]   [t8055 v2/6] fail (pred=bird) CTA=0.8022
[2026-09-17 12:12:41]   [t8055 v3/6] fail (pred=bird) CTA=0.8171
[2026-09-17 12:13:31]   [t8055 v4/6] fail (pred=bird) CTA=0.7962
[2026-09-17 12:14:21]   [t8055 v5/6] fail (pred=bird) CTA=0.8179
[2026-09-17 12:15:11]   [t8055 v6/6] fail (pred=bird) CTA=0.7960
[2026-09-17 12:15:11]   target 8055, 6 victims on this gpu: ASR=0.0% CTA=0.8057 +/- 0.0089
[2026-09-17 12:15:11] === target 5859 (3/3) ===
[2026-09-17 12:15:11]   adapted FUS: iterations=10 alpha=0.5 keep=50/100 search_epochs=50 proxy_steps=250 proxy_restarts=8
[2026-09-17 12:17:27]   adapted FUS target 5859 iteration 1/10: objective=0.312188, forgetting min/mean/max=0/1.880/10, retained=50, refreshed=50
[2026-09-17 12:19:43]   adapted FUS target 5859 iteration 2/10: objective=0.302581, forgetting min/mean/max=0/1.480/6, retained=50, refreshed=50
[2026-09-17 12:21:59]   adapted FUS target 5859 iteration 3/10: objective=0.300365, forgetting min/mean/max=0/1.330/7, retained=50, refreshed=50
[2026-09-17 12:24:15]   adapted FUS target 5859 iteration 4/10: objective=0.290216, forgetting min/mean/max=0/1.620/8, retained=50, refreshed=50
[2026-09-17 12:26:31]   adapted FUS target 5859 iteration 5/10: objective=0.282741, forgetting min/mean/max=0/2.090/7, retained=50, refreshed=50
[2026-09-17 12:28:47]   adapted FUS target 5859 iteration 6/10: objective=0.280682, forgetting min/mean/max=0/1.740/8, retained=50, refreshed=50
[2026-09-17 12:31:03]   adapted FUS target 5859 iteration 7/10: objective=0.273805, forgetting min/mean/max=0/2.670/11, retained=50, refreshed=50
[2026-09-17 12:33:19]   adapted FUS target 5859 iteration 8/10: objective=0.272092, forgetting min/mean/max=0/1.590/7, retained=50, refreshed=50
[2026-09-17 12:35:35]   adapted FUS target 5859 iteration 9/10: objective=0.271231, forgetting min/mean/max=0/1.520/8, retained=50, refreshed=50
[2026-09-17 12:37:51]   adapted FUS target 5859 iteration 10/10: objective=0.269153, forgetting min/mean/max=0/1.690/7, retained=50, refreshed=50
[2026-09-17 12:37:51]   target 5859: selector overhead 1360.383 s, CUDA peak 2488.0 MiB (incremental 1734.4 MiB)
[2026-09-17 12:39:09]   target 5859: crafted 100 poisons in 78 s, obj=0.26109, CUDA peak=2487.8 MiB (incremental 1733.0 MiB)
[2026-09-17 12:39:09]   target 5859: realized linf = 0.03137 (8.00/255), budget = 8.00/255
[2026-09-17 12:40:01]   [t5859 v1/6] fail (pred=bird) CTA=0.8031
[2026-09-17 12:40:51]   [t5859 v2/6] fail (pred=bird) CTA=0.8071
[2026-09-17 12:41:41]   [t5859 v3/6] SUCCESS (pred=dog) CTA=0.8091
[2026-09-17 12:42:30]   [t5859 v4/6] fail (pred=bird) CTA=0.7948
[2026-09-17 12:43:20]   [t5859 v5/6] fail (pred=bird) CTA=0.8095
[2026-09-17 12:44:10]   [t5859 v6/6] fail (pred=bird) CTA=0.7996
[2026-09-17 12:44:10]   target 5859, 6 victims on this gpu: ASR=16.7% CTA=0.8039 +/- 0.0053
[2026-09-17 12:44:10]   selector resources: 3 target(s), 4080.4 total target-seconds, max CUDA allocated 2488.9 MiB (incremental 1743.4 MiB)
[2026-09-17 12:44:10] ==== CIFAR10_ConvNetBN_gradmatch_ours_dog-bird_b0.002_eps8_seed42_lam1_cosine_selfus_i10_a0.5_e50_ps0_pr0_K20_ce5_tgt70 : ASR = 5.6% +/- 7.9% | CTA = 0.8059 (baseline 0.8127) ====
[2026-09-17 12:44:10]   target-prediction tally ['airplane', 'automobile', 'bird', 'cat', 'deer', 'dog', 'frog', 'horse', 'ship', 'truck']: [0, 0, 17, 0, 0, 1, 0, 0, 0, 0]

===== part_3_of_4 =====
[2026-09-17 11:18:41] === run start: CIFAR10_ConvNetBN_gradmatch_ours_dog-bird_b0.002_eps8_seed42_lam1_cosine_selfus_i10_a0.5_e50_ps0_pr0_K20_ce5_tgt70 on cuda [0] ===
[2026-09-17 11:18:41] args: {"FORCE": false, "attack": "gradmatch", "base": "ours", "base_dist": "cosine", "base_topr": null, "budget": 0.002, "cache_dir": "/tmp/PoisonBase_influence_fus/cache", "class_pair": "dog-bird", "clean_baseline": true, "craft_alpha": 0.0039216, "craft_aug": true, "craft_batch": 256, "craft_ensemble": 5, "craft_lowmem": false, "craft_schedule": false, "craft_steps": 250, "data_path": "/tmp/PoisonBase_influence_fus/data", "dataset": "CIFAR10", "distance_margin_coef": null, "dsa_strategy": "color_crop_cutout_flip_scale_rotate", "epsilon": 0.0313725, "fast_gradmatch": false, "fc_mode": "sample", "fc_restarts": 1, "fus_alpha": 0.5, "fus_iters": 10, "fus_proxy_restarts": 0, "fus_proxy_steps": 0, "fus_search_decay": [40], "fus_search_epochs": 50, "gpus": "all", "jacobian_batch_size": 64, "jacobian_weight": 1.0, "keep_pinned_targets": true, "lambda_margin": 1.0, "model": "ConvNetBN", "no_resume": false, "num_poisons": 500, "num_surrogates": 20, "num_targets": 2, "num_victims": 6, "out_dir": "/tmp/PoisonBase_influence_fus/influence_fus_baselines_result/part_3_of_4", "pair_order": "poison-target", "parallel_pretrain": true, "parallel_targets": true, "precompute_id": null, "precompute_only": false, "precompute_part": "both", "rank_on_victims": true, "recompute_deltas": false, "require_correct_target": false, "restarts": 8, "seed": 42, "sel_K": 20, "sel_alpha": 1.0, "sel_criterion": "fus", "sel_dpp": false, "sel_filter": false, "sel_metric_epoch": 10, "sel_mmr": false, "sel_mode": null, "sel_model": null, "sel_mu": 1.0, "sel_pca": false, "sel_pool": 3.0, "selector_metric_dir": "/tmp/PoisonBase_influence_fus/cache/selector_metrics", "sharp_mode": "worst", "sharp_samples": 20, "sharp_sigma": 0.05, "steal_timeout": 7200.0, "surrogate_aug": false, "surrogate_bs": 128, "surrogate_decay": [35, 45], "surrogate_epochs": 60, "surrogate_lr": 0.1, "surrogate_wd": 0.0, "target_idx_file": "/tmp/PoisonBase_influence_fus/target_sets/ConvNetBN_gradmatch_dog-bird_part_3_of_4.json", "target_select": 70, "use_jacobian_score": false, "victim_aug": false, "victim_bs": 125, "victim_decay": [40], "victim_epochs": 50, "victim_lr": 0.1, "victim_model": null, "victim_wd": 0.0}
[2026-09-17 11:18:41] Jacobian score: disabled
[2026-09-17 11:18:41] Adapted FUS selector: iterations=10 alpha=0.5 search_epochs=50 proxy_steps=250 proxy_restarts=8
[2026-09-17 11:18:41] N_total=50000 budget=0.002 -> N_p=100 poisons, y_adv=5(dog) target_class=2(bird)
[2026-09-17 11:18:41] === selection/crafting surrogates (20 x ConvNetBN, trained on the full real set) ===
[2026-09-17 11:18:42]   crafting on 5/20 surrogates
[2026-09-17 11:18:42] === clean victims (6 x ConvNetBN) ===
[2026-09-17 11:18:42]   clean baseline CTA = 0.8127 +/- 0.0074
[2026-09-17 11:18:42]   chosen 2 targets (file, fixed across victim architectures), p_adv range 0.0000..0.0000
[2026-09-17 11:18:42]   targets: [8954, 821]
[2026-09-17 11:18:42] === target 8954 (1/2) ===
[2026-09-17 11:18:42]   adapted FUS: iterations=10 alpha=0.5 keep=50/100 search_epochs=50 proxy_steps=250 proxy_restarts=8
[2026-09-17 11:20:58]   adapted FUS target 8954 iteration 1/10: objective=0.41331, forgetting min/mean/max=0/0.640/5, retained=50, refreshed=50
[2026-09-17 11:23:14]   adapted FUS target 8954 iteration 2/10: objective=0.374379, forgetting min/mean/max=0/0.840/6, retained=50, refreshed=50
[2026-09-17 11:25:30]   adapted FUS target 8954 iteration 3/10: objective=0.318973, forgetting min/mean/max=0/0.890/8, retained=50, refreshed=50
[2026-09-17 11:27:47]   adapted FUS target 8954 iteration 4/10: objective=0.307376, forgetting min/mean/max=0/1.160/14, retained=50, refreshed=50
[2026-09-17 11:30:03]   adapted FUS target 8954 iteration 5/10: objective=0.307294, forgetting min/mean/max=0/1.600/6, retained=50, refreshed=50
[2026-09-17 11:32:19]   adapted FUS target 8954 iteration 6/10: objective=0.342204, forgetting min/mean/max=0/1.130/6, retained=50, refreshed=50
[2026-09-17 11:34:34]   adapted FUS target 8954 iteration 7/10: objective=0.348623, forgetting min/mean/max=0/2.440/9, retained=50, refreshed=50
[2026-09-17 11:36:50]   adapted FUS target 8954 iteration 8/10: objective=0.350993, forgetting min/mean/max=0/2.020/10, retained=50, refreshed=50
[2026-09-17 11:39:06]   adapted FUS target 8954 iteration 9/10: objective=0.368844, forgetting min/mean/max=0/0.930/6, retained=50, refreshed=50
[2026-09-17 11:41:22]   adapted FUS target 8954 iteration 10/10: objective=0.336603, forgetting min/mean/max=0/1.410/7, retained=50, refreshed=50
[2026-09-17 11:41:22]   target 8954: selector overhead 1359.923 s, CUDA peak 2488.1 MiB (incremental 1742.7 MiB)
[2026-09-17 11:42:40]   target 8954: crafted 100 poisons in 78 s, obj=0.31711, CUDA peak=2487.9 MiB (incremental 1733.1 MiB)
[2026-09-17 11:42:40]   target 8954: realized linf = 0.03137 (8.00/255), budget = 8.00/255
[2026-09-17 11:43:32]   [t8954 v1/6] fail (pred=bird) CTA=0.7952
[2026-09-17 11:44:22]   [t8954 v2/6] SUCCESS (pred=dog) CTA=0.8070
[2026-09-17 11:45:12]   [t8954 v3/6] fail (pred=bird) CTA=0.7972
[2026-09-17 11:46:02]   [t8954 v4/6] fail (pred=bird) CTA=0.7919
[2026-09-17 11:46:52]   [t8954 v5/6] fail (pred=deer) CTA=0.8046
[2026-09-17 11:47:42]   [t8954 v6/6] fail (pred=bird) CTA=0.8049
[2026-09-17 11:47:42]   target 8954, 6 victims on this gpu: ASR=16.7% CTA=0.8001 +/- 0.0056
[2026-09-17 11:47:42] === target 821 (2/2) ===
[2026-09-17 11:47:42]   adapted FUS: iterations=10 alpha=0.5 keep=50/100 search_epochs=50 proxy_steps=250 proxy_restarts=8
[2026-09-17 11:49:58]   adapted FUS target 821 iteration 1/10: objective=0.33277, forgetting min/mean/max=0/1.300/7, retained=50, refreshed=50
[2026-09-17 11:52:14]   adapted FUS target 821 iteration 2/10: objective=0.324851, forgetting min/mean/max=0/2.360/9, retained=50, refreshed=50
[2026-09-17 11:54:30]   adapted FUS target 821 iteration 3/10: objective=0.32781, forgetting min/mean/max=0/3.750/11, retained=50, refreshed=50
[2026-09-17 11:56:46]   adapted FUS target 821 iteration 4/10: objective=0.329292, forgetting min/mean/max=0/2.870/9, retained=50, refreshed=50
[2026-09-17 11:59:02]   adapted FUS target 821 iteration 5/10: objective=0.328285, forgetting min/mean/max=0/2.100/7, retained=50, refreshed=50
[2026-09-17 12:01:18]   adapted FUS target 821 iteration 6/10: objective=0.323462, forgetting min/mean/max=0/2.590/8, retained=50, refreshed=50
[2026-09-17 12:03:34]   adapted FUS target 821 iteration 7/10: objective=0.319202, forgetting min/mean/max=0/2.770/10, retained=50, refreshed=50
[2026-09-17 12:05:50]   adapted FUS target 821 iteration 8/10: objective=0.320127, forgetting min/mean/max=0/1.630/7, retained=50, refreshed=50
[2026-09-17 12:08:06]   adapted FUS target 821 iteration 9/10: objective=0.324926, forgetting min/mean/max=0/2.780/8, retained=50, refreshed=50
[2026-09-17 12:10:22]   adapted FUS target 821 iteration 10/10: objective=0.324079, forgetting min/mean/max=0/1.870/8, retained=50, refreshed=50
[2026-09-17 12:10:22]   target 821: selector overhead 1360.216 s, CUDA peak 2488.9 MiB (incremental 1735.3 MiB)
[2026-09-17 12:11:40]   target 821: crafted 100 poisons in 78 s, obj=0.32446, CUDA peak=2487.2 MiB (incremental 1732.4 MiB)
[2026-09-17 12:11:40]   target 821: realized linf = 0.03137 (8.00/255), budget = 8.00/255
[2026-09-17 12:12:32]   [t821 v1/6] fail (pred=bird) CTA=0.8069
[2026-09-17 12:13:22]   [t821 v2/6] fail (pred=bird) CTA=0.8113
[2026-09-17 12:14:12]   [t821 v3/6] fail (pred=horse) CTA=0.8024
[2026-09-17 12:15:01]   [t821 v4/6] fail (pred=horse) CTA=0.8081
[2026-09-17 12:15:51]   [t821 v5/6] fail (pred=bird) CTA=0.8043
[2026-09-17 12:16:41]   [t821 v6/6] fail (pred=bird) CTA=0.8070
[2026-09-17 12:16:41]   target 821, 6 victims on this gpu: ASR=0.0% CTA=0.8067 +/- 0.0028
[2026-09-17 12:16:41]   selector resources: 2 target(s), 2720.1 total target-seconds, max CUDA allocated 2488.9 MiB (incremental 1742.7 MiB)
[2026-09-17 12:16:41] ==== CIFAR10_ConvNetBN_gradmatch_ours_dog-bird_b0.002_eps8_seed42_lam1_cosine_selfus_i10_a0.5_e50_ps0_pr0_K20_ce5_tgt70 : ASR = 8.3% +/- 8.3% | CTA = 0.8034 (baseline 0.8127) ====
[2026-09-17 12:16:41]   target-prediction tally ['airplane', 'automobile', 'bird', 'cat', 'deer', 'dog', 'frog', 'horse', 'ship', 'truck']: [0, 0, 8, 0, 1, 1, 0, 2, 0, 0]

===== part_4_of_4 =====
[2026-09-17 11:19:45] === run start: CIFAR10_ConvNetBN_gradmatch_ours_dog-bird_b0.002_eps8_seed42_lam1_cosine_selfus_i10_a0.5_e50_ps0_pr0_K20_ce5_tgt70 on cuda [0] ===
[2026-09-17 11:19:45] args: {"FORCE": false, "attack": "gradmatch", "base": "ours", "base_dist": "cosine", "base_topr": null, "budget": 0.002, "cache_dir": "/tmp/PoisonBase_influence_fus/cache", "class_pair": "dog-bird", "clean_baseline": true, "craft_alpha": 0.0039216, "craft_aug": true, "craft_batch": 256, "craft_ensemble": 5, "craft_lowmem": false, "craft_schedule": false, "craft_steps": 250, "data_path": "/tmp/PoisonBase_influence_fus/data", "dataset": "CIFAR10", "distance_margin_coef": null, "dsa_strategy": "color_crop_cutout_flip_scale_rotate", "epsilon": 0.0313725, "fast_gradmatch": false, "fc_mode": "sample", "fc_restarts": 1, "fus_alpha": 0.5, "fus_iters": 10, "fus_proxy_restarts": 0, "fus_proxy_steps": 0, "fus_search_decay": [40], "fus_search_epochs": 50, "gpus": "all", "jacobian_batch_size": 64, "jacobian_weight": 1.0, "keep_pinned_targets": true, "lambda_margin": 1.0, "model": "ConvNetBN", "no_resume": false, "num_poisons": 500, "num_surrogates": 20, "num_targets": 2, "num_victims": 6, "out_dir": "/tmp/PoisonBase_influence_fus/influence_fus_baselines_result/part_4_of_4", "pair_order": "poison-target", "parallel_pretrain": true, "parallel_targets": true, "precompute_id": null, "precompute_only": false, "precompute_part": "both", "rank_on_victims": true, "recompute_deltas": false, "require_correct_target": false, "restarts": 8, "seed": 42, "sel_K": 20, "sel_alpha": 1.0, "sel_criterion": "fus", "sel_dpp": false, "sel_filter": false, "sel_metric_epoch": 10, "sel_mmr": false, "sel_mode": null, "sel_model": null, "sel_mu": 1.0, "sel_pca": false, "sel_pool": 3.0, "selector_metric_dir": "/tmp/PoisonBase_influence_fus/cache/selector_metrics", "sharp_mode": "worst", "sharp_samples": 20, "sharp_sigma": 0.05, "steal_timeout": 7200.0, "surrogate_aug": false, "surrogate_bs": 128, "surrogate_decay": [35, 45], "surrogate_epochs": 60, "surrogate_lr": 0.1, "surrogate_wd": 0.0, "target_idx_file": "/tmp/PoisonBase_influence_fus/target_sets/ConvNetBN_gradmatch_dog-bird_part_4_of_4.json", "target_select": 70, "use_jacobian_score": false, "victim_aug": false, "victim_bs": 125, "victim_decay": [40], "victim_epochs": 50, "victim_lr": 0.1, "victim_model": null, "victim_wd": 0.0}
[2026-09-17 11:19:45] Jacobian score: disabled
[2026-09-17 11:19:45] Adapted FUS selector: iterations=10 alpha=0.5 search_epochs=50 proxy_steps=250 proxy_restarts=8
[2026-09-17 11:19:45] N_total=50000 budget=0.002 -> N_p=100 poisons, y_adv=5(dog) target_class=2(bird)
[2026-09-17 11:19:45] === selection/crafting surrogates (20 x ConvNetBN, trained on the full real set) ===
[2026-09-17 11:19:46]   crafting on 5/20 surrogates
[2026-09-17 11:19:46] === clean victims (6 x ConvNetBN) ===
[2026-09-17 11:19:47]   clean baseline CTA = 0.8127 +/- 0.0074
[2026-09-17 11:19:47]   chosen 2 targets (file, fixed across victim architectures), p_adv range 0.0000..0.0000
[2026-09-17 11:19:47]   targets: [1547, 4427]
[2026-09-17 11:19:47] === target 1547 (1/2) ===
[2026-09-17 11:19:47]   adapted FUS: iterations=10 alpha=0.5 keep=50/100 search_epochs=50 proxy_steps=250 proxy_restarts=8
[2026-09-17 11:22:02]   adapted FUS target 1547 iteration 1/10: objective=0.47203, forgetting min/mean/max=0/1.410/9, retained=50, refreshed=50
[2026-09-17 11:24:18]   adapted FUS target 1547 iteration 2/10: objective=0.439036, forgetting min/mean/max=0/1.910/8, retained=50, refreshed=50
[2026-09-17 11:26:34]   adapted FUS target 1547 iteration 3/10: objective=0.437277, forgetting min/mean/max=0/1.270/8, retained=50, refreshed=50
[2026-09-17 11:28:50]   adapted FUS target 1547 iteration 4/10: objective=0.439594, forgetting min/mean/max=0/2.010/10, retained=50, refreshed=50
[2026-09-17 11:31:04]   adapted FUS target 1547 iteration 5/10: objective=0.425699, forgetting min/mean/max=0/2.280/9, retained=50, refreshed=50
[2026-09-17 11:33:19]   adapted FUS target 1547 iteration 6/10: objective=0.430716, forgetting min/mean/max=0/1.640/7, retained=50, refreshed=50
[2026-09-17 11:35:35]   adapted FUS target 1547 iteration 7/10: objective=0.430326, forgetting min/mean/max=0/1.490/6, retained=50, refreshed=50
[2026-09-17 11:37:51]   adapted FUS target 1547 iteration 8/10: objective=0.414426, forgetting min/mean/max=0/2.090/9, retained=50, refreshed=50
[2026-09-17 11:40:06]   adapted FUS target 1547 iteration 9/10: objective=0.408271, forgetting min/mean/max=0/3.410/12, retained=50, refreshed=50
[2026-09-17 11:42:22]   adapted FUS target 1547 iteration 10/10: objective=0.425903, forgetting min/mean/max=0/1.780/6, retained=50, refreshed=50
[2026-09-17 11:42:22]   target 1547: selector overhead 1355.063 s, CUDA peak 2487.9 MiB (incremental 1742.4 MiB)
[2026-09-17 11:43:40]   target 1547: crafted 100 poisons in 78 s, obj=0.42477, CUDA peak=2486.8 MiB (incremental 1732.1 MiB)
[2026-09-17 11:43:40]   target 1547: realized linf = 0.03137 (8.00/255), budget = 8.00/255
[2026-09-17 11:44:31]   [t1547 v1/6] fail (pred=bird) CTA=0.8074
[2026-09-17 11:45:21]   [t1547 v2/6] fail (pred=airplane) CTA=0.8142
[2026-09-17 11:46:11]   [t1547 v3/6] fail (pred=bird) CTA=0.7749
[2026-09-17 11:47:00]   [t1547 v4/6] fail (pred=bird) CTA=0.8095
[2026-09-17 11:47:50]   [t1547 v5/6] fail (pred=bird) CTA=0.7946
[2026-09-17 11:48:39]   [t1547 v6/6] fail (pred=airplane) CTA=0.7978
[2026-09-17 11:48:40]   target 1547, 6 victims on this gpu: ASR=0.0% CTA=0.7997 +/- 0.0130
[2026-09-17 11:48:40] === target 4427 (2/2) ===
[2026-09-17 11:48:40]   adapted FUS: iterations=10 alpha=0.5 keep=50/100 search_epochs=50 proxy_steps=250 proxy_restarts=8
[2026-09-17 11:50:55]   adapted FUS target 4427 iteration 1/10: objective=0.46355, forgetting min/mean/max=0/1.530/6, retained=50, refreshed=50
[2026-09-17 11:53:11]   adapted FUS target 4427 iteration 2/10: objective=0.440735, forgetting min/mean/max=0/1.690/8, retained=50, refreshed=50
[2026-09-17 11:55:27]   adapted FUS target 4427 iteration 3/10: objective=0.429873, forgetting min/mean/max=0/2.030/9, retained=50, refreshed=50
[2026-09-17 11:57:42]   adapted FUS target 4427 iteration 4/10: objective=0.444473, forgetting min/mean/max=0/1.720/8, retained=50, refreshed=50
[2026-09-17 11:59:58]   adapted FUS target 4427 iteration 5/10: objective=0.428198, forgetting min/mean/max=0/2.540/10, retained=50, refreshed=50
[2026-09-17 12:02:14]   adapted FUS target 4427 iteration 6/10: objective=0.429353, forgetting min/mean/max=0/3.470/11, retained=50, refreshed=50
[2026-09-17 12:04:29]   adapted FUS target 4427 iteration 7/10: objective=0.435876, forgetting min/mean/max=0/2.060/9, retained=50, refreshed=50
[2026-09-17 12:06:45]   adapted FUS target 4427 iteration 8/10: objective=0.435345, forgetting min/mean/max=0/2.500/10, retained=50, refreshed=50
[2026-09-17 12:09:01]   adapted FUS target 4427 iteration 9/10: objective=0.43904, forgetting min/mean/max=0/1.420/6, retained=50, refreshed=50
[2026-09-17 12:11:17]   adapted FUS target 4427 iteration 10/10: objective=0.441809, forgetting min/mean/max=0/2.060/6, retained=50, refreshed=50
[2026-09-17 12:11:17]   target 4427: selector overhead 1357.073 s, CUDA peak 2487.8 MiB (incremental 1734.2 MiB)
[2026-09-17 12:12:34]   target 4427: crafted 100 poisons in 78 s, obj=0.42906, CUDA peak=2488.9 MiB (incremental 1734.1 MiB)
[2026-09-17 12:12:34]   target 4427: realized linf = 0.03137 (8.00/255), budget = 8.00/255
[2026-09-17 12:13:26]   [t4427 v1/6] fail (pred=bird) CTA=0.8182
[2026-09-17 12:14:16]   [t4427 v2/6] fail (pred=bird) CTA=0.8017
[2026-09-17 12:15:05]   [t4427 v3/6] fail (pred=bird) CTA=0.8036
[2026-09-17 12:15:55]   [t4427 v4/6] fail (pred=bird) CTA=0.8061
[2026-09-17 12:16:45]   [t4427 v5/6] fail (pred=bird) CTA=0.8139
[2026-09-17 12:17:34]   [t4427 v6/6] fail (pred=bird) CTA=0.8023
[2026-09-17 12:17:34]   target 4427, 6 victims on this gpu: ASR=0.0% CTA=0.8076 +/- 0.0062
[2026-09-17 12:17:35]   selector resources: 2 target(s), 2712.1 total target-seconds, max CUDA allocated 2487.9 MiB (incremental 1742.4 MiB)
[2026-09-17 12:17:35] ==== CIFAR10_ConvNetBN_gradmatch_ours_dog-bird_b0.002_eps8_seed42_lam1_cosine_selfus_i10_a0.5_e50_ps0_pr0_K20_ce5_tgt70 : ASR = 0.0% +/- 0.0% | CTA = 0.8037 (baseline 0.8127) ====
[2026-09-17 12:17:35]   target-prediction tally ['airplane', 'automobile', 'bird', 'cat', 'deer', 'dog', 'frog', 'horse', 'ship', 'truck']: [2, 0, 10, 0, 0, 0, 0, 0, 0, 0]

