2026-08-10 10:42:55,178 === run start: CIFAR10_ConvNetBN_FC_random_dog-bird_budget0.002_seed42 on cuda ===
2026-08-10 10:42:57,999 [budget] budget=0.002 -> num_poisons=100 (full_train_len=50000)
2026-08-10 10:43:02,219 [clean baseline ConvNetBN v0] test acc = 0.8310
2026-08-10 10:43:03,015 [clean baseline ConvNetBN v1] test acc = 0.8320
2026-08-10 10:43:03,793 [clean baseline ConvNetBN v2] test acc = 0.8401
2026-08-10 10:43:04,602 [clean baseline ConvNetBN v3] test acc = 0.8390
2026-08-10 10:43:05,385 [clean baseline ConvNetBN v4] test acc = 0.8403
2026-08-10 10:43:06,170 [clean baseline ConvNetBN v5] test acc = 0.8330
2026-08-10 10:43:06,171 [clean baseline] ConvNetBN CTA = 0.8359 +/- 0.0040
2026-08-10 10:43:06,193 [targets] 10 fixed targets: [5112, 2890, 6206, 7795, 148, 3083, 4964, 7184, 1244, 5617]
2026-08-10 10:46:14,446 [target 5112 | victim 0] success=0 cta=0.8296
2026-08-10 10:49:06,719 [target 5112 | victim 1] success=0 cta=0.8320
2026-08-10 10:51:59,700 [target 5112 | victim 2] success=1 cta=0.8395
2026-08-10 10:54:52,409 [target 5112 | victim 3] success=0 cta=0.8317
2026-08-10 10:57:44,635 [target 5112 | victim 4] success=1 cta=0.8425
2026-08-10 11:00:37,561 [target 5112 | victim 5] success=1 cta=0.8192
2026-08-10 11:03:47,925 [target 2890 | victim 0] success=0 cta=0.8298
2026-08-10 11:06:40,196 [target 2890 | victim 1] success=0 cta=0.8430
2026-08-10 11:09:33,371 [target 2890 | victim 2] success=0 cta=0.8384
2026-08-10 11:12:26,060 [target 2890 | victim 3] success=0 cta=0.8343
2026-08-10 11:15:18,579 [target 2890 | victim 4] success=0 cta=0.8320
2026-08-10 11:18:11,346 [target 2890 | victim 5] success=0 cta=0.8399
2026-08-10 11:21:22,060 [target 6206 | victim 0] success=0 cta=0.8409
2026-08-10 11:24:15,514 [target 6206 | victim 1] success=1 cta=0.8364
2026-08-10 11:27:08,156 [target 6206 | victim 2] success=0 cta=0.8350
2026-08-10 11:30:00,683 [target 6206 | victim 3] success=0 cta=0.8434
2026-08-10 11:32:53,668 [target 6206 | victim 4] success=0 cta=0.8385
2026-08-10 11:35:46,644 [target 6206 | victim 5] success=0 cta=0.8411
2026-08-10 11:38:57,291 [target 7795 | victim 0] success=0 cta=0.8389
2026-08-10 11:41:50,192 [target 7795 | victim 1] success=0 cta=0.8325
2026-08-10 11:44:43,122 [target 7795 | victim 2] success=0 cta=0.8473
2026-08-10 11:47:35,728 [target 7795 | victim 3] success=0 cta=0.8324
2026-08-10 11:50:28,532 [target 7795 | victim 4] success=0 cta=0.8365
2026-08-10 11:53:21,241 [target 7795 | victim 5] success=0 cta=0.8407
2026-08-10 11:56:27,426 [target 148 | victim 0] success=0 cta=0.8404
2026-08-10 11:59:24,512 [target 148 | victim 1] success=0 cta=0.8395
2026-08-10 12:02:17,418 [target 148 | victim 2] success=0 cta=0.8430
2026-08-10 12:05:10,490 [target 148 | victim 3] success=0 cta=0.8363
2026-08-10 12:08:03,736 [target 148 | victim 4] success=0 cta=0.8412
2026-08-10 12:10:56,876 [target 148 | victim 5] success=0 cta=0.8468
2026-08-10 12:13:58,275 [target 3083 | victim 0] success=0 cta=0.8387
2026-08-10 12:17:00,927 [target 3083 | victim 1] success=0 cta=0.8390
2026-08-10 12:19:53,983 [target 3083 | victim 2] success=0 cta=0.8393
2026-08-10 12:22:46,632 [target 3083 | victim 3] success=0 cta=0.8378
2026-08-10 12:25:39,395 [target 3083 | victim 4] success=0 cta=0.8396
2026-08-10 12:28:32,598 [target 3083 | victim 5] success=0 cta=0.8407
2026-08-10 12:31:33,987 [target 4964 | victim 0] success=1 cta=0.8387
2026-08-10 12:34:36,849 [target 4964 | victim 1] success=1 cta=0.8416
2026-08-10 12:37:30,293 [target 4964 | victim 2] success=1 cta=0.8459
2026-08-10 12:40:23,536 [target 4964 | victim 3] success=1 cta=0.8445
2026-08-10 12:43:17,127 [target 4964 | victim 4] success=1 cta=0.8427
2026-08-10 12:46:10,386 [target 4964 | victim 5] success=1 cta=0.8393
2026-08-10 12:49:11,397 [target 7184 | victim 0] success=0 cta=0.8420
2026-08-10 12:52:13,926 [target 7184 | victim 1] success=0 cta=0.8354
2026-08-10 12:55:06,919 [target 7184 | victim 2] success=1 cta=0.8371
2026-08-10 12:58:00,178 [target 7184 | victim 3] success=0 cta=0.8379
2026-08-10 13:00:53,666 [target 7184 | victim 4] success=0 cta=0.8365
2026-08-10 13:03:47,257 [target 7184 | victim 5] success=1 cta=0.8412
2026-08-10 13:06:48,378 [target 1244 | victim 0] success=0 cta=0.8410
2026-08-10 13:09:51,004 [target 1244 | victim 1] success=0 cta=0.8352
2026-08-10 13:12:44,493 [target 1244 | victim 2] success=0 cta=0.8447
2026-08-10 13:15:38,263 [target 1244 | victim 3] success=0 cta=0.8383
2026-08-10 13:18:31,781 [target 1244 | victim 4] success=0 cta=0.8411
2026-08-10 13:21:24,920 [target 1244 | victim 5] success=0 cta=0.8371
2026-08-10 13:24:26,700 [target 5617 | victim 0] success=0 cta=0.8430
2026-08-10 13:27:26,304 [target 5617 | victim 1] success=0 cta=0.8426
2026-08-10 13:30:22,219 [target 5617 | victim 2] success=0 cta=0.8339
2026-08-10 13:33:15,299 [target 5617 | victim 3] success=0 cta=0.8301
2026-08-10 13:36:08,443 [target 5617 | victim 4] success=0 cta=0.8390
2026-08-10 13:39:00,462 [target 5617 | victim 5] success=0 cta=0.8410
2026-08-10 13:39:00,462 [done] results written to ours_result/CIFAR10_ConvNetBN_FC_random_dog-bird_budget0.002_seed42/results.csv
2026-08-10 13:39:00,463 [summary] ASR = 0.2000 +/- 0.3145 | CTA post = 0.8385 +/- 0.0048 | CTA baseline = 0.8359 +/- 0.0040 | CTA drop = 0.0026
2026-08-10 13:39:00,463 [summary] appended to ours_result/summary_all.csv
