2026-08-10 10:42:58,663 === run start: CIFAR10_ConvNetBN_GRAD_random_dog-bird_budget0.005_seed42 on cuda ===
2026-08-10 10:43:01,829 [budget] budget=0.005 -> num_poisons=250 (full_train_len=50000)
2026-08-10 10:43:07,071 [clean baseline ConvNetBN v0] test acc = 0.8310
2026-08-10 10:43:07,792 [clean baseline ConvNetBN v1] test acc = 0.8320
2026-08-10 10:43:08,588 [clean baseline ConvNetBN v2] test acc = 0.8401
2026-08-10 10:43:09,321 [clean baseline ConvNetBN v3] test acc = 0.8390
2026-08-10 10:43:10,046 [clean baseline ConvNetBN v4] test acc = 0.8403
2026-08-10 10:43:10,790 [clean baseline ConvNetBN v5] test acc = 0.8330
2026-08-10 10:43:10,791 [clean baseline] ConvNetBN CTA = 0.8359 +/- 0.0040
2026-08-10 10:43:10,813 [targets] 10 fixed targets: [5112, 2890, 6206, 7795, 148, 3083, 4964, 7184, 1244, 5617]
2026-08-10 10:45:41,333 [target 5112 | victim 0] success=0 cta=0.8288
2026-08-10 10:48:57,776 [target 5112 | victim 1] success=0 cta=0.8374
2026-08-10 10:52:15,174 [target 5112 | victim 2] success=0 cta=0.8448
2026-08-10 10:55:31,514 [target 5112 | victim 3] success=0 cta=0.8251
2026-08-10 10:58:47,887 [target 5112 | victim 4] success=1 cta=0.8406
2026-08-10 11:02:05,063 [target 5112 | victim 5] success=0 cta=0.8137
2026-08-10 11:05:30,501 [target 2890 | victim 0] success=0 cta=0.8325
2026-08-10 11:08:47,199 [target 2890 | victim 1] success=0 cta=0.8408
2026-08-10 11:12:04,368 [target 2890 | victim 2] success=0 cta=0.8399
2026-08-10 11:15:21,675 [target 2890 | victim 3] success=0 cta=0.8326
2026-08-10 11:18:38,099 [target 2890 | victim 4] success=0 cta=0.8286
2026-08-10 11:21:53,984 [target 2890 | victim 5] success=0 cta=0.8423
2026-08-10 11:25:19,064 [target 6206 | victim 0] success=0 cta=0.8364
2026-08-10 11:28:36,456 [target 6206 | victim 1] success=0 cta=0.8374
2026-08-10 11:31:52,993 [target 6206 | victim 2] success=0 cta=0.8342
2026-08-10 11:35:09,822 [target 6206 | victim 3] success=1 cta=0.8429
2026-08-10 11:38:27,847 [target 6206 | victim 4] success=0 cta=0.8399
2026-08-10 11:41:45,500 [target 6206 | victim 5] success=0 cta=0.8331
2026-08-10 11:45:10,660 [target 7795 | victim 0] success=0 cta=0.8408
2026-08-10 11:48:27,625 [target 7795 | victim 1] success=0 cta=0.8343
2026-08-10 11:51:44,434 [target 7795 | victim 2] success=0 cta=0.8471
2026-08-10 11:55:02,090 [target 7795 | victim 3] success=0 cta=0.8293
2026-08-10 11:58:18,531 [target 7795 | victim 4] success=0 cta=0.8425
2026-08-10 12:01:35,591 [target 7795 | victim 5] success=0 cta=0.8416
2026-08-10 12:05:02,600 [target 148 | victim 0] success=1 cta=0.8370
2026-08-10 12:08:20,454 [target 148 | victim 1] success=0 cta=0.8494
2026-08-10 12:11:37,652 [target 148 | victim 2] success=1 cta=0.8389
2026-08-10 12:14:54,774 [target 148 | victim 3] success=0 cta=0.8409
2026-08-10 12:18:11,750 [target 148 | victim 4] success=0 cta=0.8370
2026-08-10 12:21:29,112 [target 148 | victim 5] success=0 cta=0.8399
2026-08-10 12:24:54,449 [target 3083 | victim 0] success=0 cta=0.8436
2026-08-10 12:28:11,139 [target 3083 | victim 1] success=0 cta=0.8420
2026-08-10 12:31:28,725 [target 3083 | victim 2] success=0 cta=0.8412
2026-08-10 12:34:46,486 [target 3083 | victim 3] success=0 cta=0.8428
2026-08-10 12:38:02,882 [target 3083 | victim 4] success=0 cta=0.8406
2026-08-10 12:41:19,976 [target 3083 | victim 5] success=0 cta=0.8417
2026-08-10 12:44:45,517 [target 4964 | victim 0] success=0 cta=0.8363
2026-08-10 12:48:03,408 [target 4964 | victim 1] success=1 cta=0.8400
2026-08-10 12:51:20,380 [target 4964 | victim 2] success=1 cta=0.8448
2026-08-10 12:54:37,297 [target 4964 | victim 3] success=1 cta=0.8437
2026-08-10 12:57:54,092 [target 4964 | victim 4] success=1 cta=0.8426
2026-08-10 13:01:13,143 [target 4964 | victim 5] success=0 cta=0.8332
2026-08-10 13:04:38,404 [target 7184 | victim 0] success=1 cta=0.8439
2026-08-10 13:07:56,052 [target 7184 | victim 1] success=0 cta=0.8326
2026-08-10 13:11:13,296 [target 7184 | victim 2] success=1 cta=0.8435
2026-08-10 13:14:30,635 [target 7184 | victim 3] success=1 cta=0.8355
2026-08-10 13:17:47,659 [target 7184 | victim 4] success=0 cta=0.8373
2026-08-10 13:21:04,906 [target 7184 | victim 5] success=0 cta=0.8396
2026-08-10 13:24:30,750 [target 1244 | victim 0] success=0 cta=0.8415
2026-08-10 13:27:48,963 [target 1244 | victim 1] success=0 cta=0.8322
2026-08-10 13:31:05,746 [target 1244 | victim 2] success=0 cta=0.8388
2026-08-10 13:34:23,129 [target 1244 | victim 3] success=0 cta=0.8391
2026-08-10 13:37:40,537 [target 1244 | victim 4] success=0 cta=0.8361
2026-08-10 13:40:58,403 [target 1244 | victim 5] success=0 cta=0.8433
2026-08-10 13:44:24,269 [target 5617 | victim 0] success=0 cta=0.8403
2026-08-10 13:47:41,638 [target 5617 | victim 1] success=0 cta=0.8419
2026-08-10 13:50:59,536 [target 5617 | victim 2] success=0 cta=0.8362
2026-08-10 13:54:17,383 [target 5617 | victim 3] success=0 cta=0.8290
2026-08-10 13:57:34,159 [target 5617 | victim 4] success=0 cta=0.8399
2026-08-10 14:00:43,542 [target 5617 | victim 5] success=0 cta=0.8378
2026-08-10 14:00:43,542 [done] results written to ours_result/CIFAR10_ConvNetBN_GRAD_random_dog-bird_budget0.005_seed42/results.csv
2026-08-10 14:00:43,543 [summary] ASR = 0.1833 +/- 0.2291 | CTA post = 0.8382 +/- 0.0058 | CTA baseline = 0.8359 +/- 0.0040 | CTA drop = 0.0023
2026-08-10 14:00:43,543 [summary] appended to ours_result/summary_all.csv
