2026-08-10 10:38:37,227 === run start: CIFAR10_ResNet20BN_GRAD_ours_dog-bird_budget0.05_seed42_K5_coef1.0 on cuda ===
2026-08-10 10:38:41,056 [budget] budget=0.05 -> num_poisons=2500 (full_train_len=50000)
2026-08-10 10:38:51,524 [clean baseline ResNet20BN v0] test acc = 0.8490
2026-08-10 10:38:52,482 [clean baseline ResNet20BN v1] test acc = 0.8573
2026-08-10 10:38:53,401 [clean baseline ResNet20BN v2] test acc = 0.8593
2026-08-10 10:38:54,309 [clean baseline ResNet20BN v3] test acc = 0.8500
2026-08-10 10:38:55,260 [clean baseline ResNet20BN v4] test acc = 0.8545
2026-08-10 10:38:56,246 [clean baseline ResNet20BN v5] test acc = 0.8609
2026-08-10 10:38:56,248 [clean baseline] ResNet20BN CTA = 0.8552 +/- 0.0045
2026-08-10 10:38:56,354 [targets] 10 fixed targets: [5112, 2890, 6206, 7795, 148, 3083, 4964, 7184, 1244, 5617]
2026-08-10 10:55:21,020 [target 5112 | victim 0] success=0 cta=0.8456
2026-08-10 11:03:42,252 [target 5112 | victim 1] success=0 cta=0.8424
2026-08-10 11:12:03,702 [target 5112 | victim 2] success=0 cta=0.8473
2026-08-10 11:20:25,352 [target 5112 | victim 3] success=0 cta=0.8445
2026-08-10 11:28:46,876 [target 5112 | victim 4] success=0 cta=0.8450
2026-08-10 11:37:39,524 [target 5112 | victim 5] success=0 cta=0.8467
2026-08-10 11:53:33,283 [target 2890 | victim 0] success=0 cta=0.8452
2026-08-10 12:01:54,561 [target 2890 | victim 1] success=0 cta=0.8436
2026-08-10 12:10:15,363 [target 2890 | victim 2] success=0 cta=0.8442
2026-08-10 12:18:36,472 [target 2890 | victim 3] success=0 cta=0.8387
2026-08-10 12:27:12,958 [target 2890 | victim 4] success=0 cta=0.8430
2026-08-10 12:35:50,890 [target 2890 | victim 5] success=0 cta=0.8436
2026-08-10 12:51:44,170 [target 6206 | victim 0] success=0 cta=0.8431
2026-08-10 13:00:04,918 [target 6206 | victim 1] success=0 cta=0.8471
2026-08-10 13:08:26,505 [target 6206 | victim 2] success=0 cta=0.8439
2026-08-10 13:16:52,889 [target 6206 | victim 3] success=0 cta=0.8478
2026-08-10 13:25:40,145 [target 6206 | victim 4] success=0 cta=0.8412
2026-08-10 13:34:00,816 [target 6206 | victim 5] success=0 cta=0.8435
2026-08-10 13:49:55,111 [target 7795 | victim 0] success=0 cta=0.8428
2026-08-10 13:58:16,370 [target 7795 | victim 1] success=0 cta=0.8472
2026-08-10 14:06:38,093 [target 7795 | victim 2] success=0 cta=0.8434
2026-08-10 14:15:12,518 [target 7795 | victim 3] success=0 cta=0.8415
2026-08-10 14:23:50,730 [target 7795 | victim 4] success=0 cta=0.8454
2026-08-10 14:32:12,592 [target 7795 | victim 5] success=0 cta=0.8401
2026-08-10 14:48:06,529 [target 148 | victim 0] success=0 cta=0.8478
2026-08-10 14:56:27,832 [target 148 | victim 1] success=0 cta=0.8404
2026-08-10 15:05:03,432 [target 148 | victim 2] success=0 cta=0.8459
2026-08-10 15:13:40,913 [target 148 | victim 3] success=0 cta=0.8448
2026-08-10 15:22:01,815 [target 148 | victim 4] success=0 cta=0.8363
2026-08-10 15:30:22,726 [target 148 | victim 5] success=0 cta=0.8419
2026-08-10 15:46:17,552 [target 3083 | victim 0] success=0 cta=0.8451
2026-08-10 15:54:43,959 [target 3083 | victim 1] success=0 cta=0.8452
2026-08-10 16:03:14,458 [target 3083 | victim 2] success=0 cta=0.8442
2026-08-10 16:11:52,736 [target 3083 | victim 3] success=0 cta=0.8466
2026-08-10 16:20:13,625 [target 3083 | victim 4] success=0 cta=0.8458
2026-08-10 16:28:34,977 [target 3083 | victim 5] success=0 cta=0.8371
2026-08-10 16:44:31,149 [target 4964 | victim 0] success=0 cta=0.8419
2026-08-10 16:53:04,424 [target 4964 | victim 1] success=0 cta=0.8456
2026-08-10 17:01:42,383 [target 4964 | victim 2] success=0 cta=0.8465
2026-08-10 17:10:03,479 [target 4964 | victim 3] success=0 cta=0.8464
2026-08-10 17:18:24,492 [target 4964 | victim 4] success=0 cta=0.8415
2026-08-10 17:26:45,732 [target 4964 | victim 5] success=0 cta=0.8376
2026-08-10 17:42:50,844 [target 7184 | victim 0] success=0 cta=0.8474
2026-08-10 17:51:15,042 [target 7184 | victim 1] success=0 cta=0.8484
2026-08-10 17:59:52,796 [target 7184 | victim 2] success=0 cta=0.8375
2026-08-10 18:08:14,201 [target 7184 | victim 3] success=0 cta=0.8458
2026-08-10 18:16:35,990 [target 7184 | victim 4] success=0 cta=0.8459
2026-08-10 18:24:58,385 [target 7184 | victim 5] success=0 cta=0.8430
2026-08-10 18:41:06,400 [target 1244 | victim 0] success=0 cta=0.8464
2026-08-10 18:49:44,380 [target 1244 | victim 1] success=0 cta=0.8428
2026-08-10 18:58:06,190 [target 1244 | victim 2] success=0 cta=0.8464
2026-08-10 19:06:27,707 [target 1244 | victim 3] success=0 cta=0.8384
2026-08-10 19:14:49,302 [target 1244 | victim 4] success=0 cta=0.8457
2026-08-10 19:22:35,676 [target 1244 | victim 5] success=0 cta=0.8454
2026-08-10 19:37:03,074 [target 5617 | victim 0] success=0 cta=0.8409
2026-08-10 19:44:45,573 [target 5617 | victim 1] success=0 cta=0.8467
2026-08-10 19:52:13,906 [target 5617 | victim 2] success=0 cta=0.8415
2026-08-10 19:59:49,781 [target 5617 | victim 3] success=0 cta=0.8489
2026-08-10 20:07:18,147 [target 5617 | victim 4] success=0 cta=0.8405
2026-08-10 20:15:05,758 [target 5617 | victim 5] success=0 cta=0.8501
2026-08-10 20:15:05,759 [done] results written to ours_result/CIFAR10_ResNet20BN_GRAD_ours_dog-bird_budget0.05_seed42_K5_coef1.0/results.csv
2026-08-10 20:15:05,760 [summary] ASR = 0.0000 +/- 0.0000 | CTA post = 0.8440 +/- 0.0031 | CTA baseline = 0.8552 +/- 0.0045 | CTA drop = -0.0111
2026-08-10 20:15:05,760 [summary] appended to ours_result/summary_all.csv
