===== part_1_of_4 =====
[2026-09-17 11:40:53] === run start: CIFAR10_ConvNetBN_sapa_ours_dog-bird_b0.005_eps8_seed42_lam1_cosine_selfus_i10_a0.5_e50_ps0_pr0_K20_worst0.05_ce5_tgt70 on cuda [0] ===
[2026-09-17 11:40:53] args: {"FORCE": false, "attack": "sapa", "base": "ours", "base_dist": "cosine", "base_topr": null, "budget": 0.005, "cache_dir": "/tmp/PoisonBase_influence_fus/cache", "class_pair": "dog-bird", "clean_baseline": true, "craft_alpha": 0.0039216, "craft_aug": true, "craft_batch": 256, "craft_ensemble": 5, "craft_lowmem": false, "craft_schedule": false, "craft_steps": 250, "data_path": "/tmp/PoisonBase_influence_fus/data", "dataset": "CIFAR10", "distance_margin_coef": null, "dsa_strategy": "color_crop_cutout_flip_scale_rotate", "epsilon": 0.0313725, "fast_gradmatch": false, "fc_mode": "sample", "fc_restarts": 1, "fus_alpha": 0.5, "fus_iters": 10, "fus_proxy_restarts": 0, "fus_proxy_steps": 0, "fus_search_decay": [40], "fus_search_epochs": 50, "gpus": "all", "jacobian_batch_size": 64, "jacobian_weight": 1.0, "keep_pinned_targets": true, "lambda_margin": 1.0, "model": "ConvNetBN", "no_resume": false, "num_poisons": 500, "num_surrogates": 20, "num_targets": 3, "num_victims": 6, "out_dir": "/tmp/PoisonBase_influence_fus/influence_fus_baselines_result/part_1_of_4", "pair_order": "poison-target", "parallel_pretrain": true, "parallel_targets": true, "precompute_id": null, "precompute_only": false, "precompute_part": "both", "rank_on_victims": true, "recompute_deltas": false, "require_correct_target": false, "restarts": 8, "seed": 42, "sel_K": 20, "sel_alpha": 1.0, "sel_criterion": "fus", "sel_dpp": false, "sel_filter": false, "sel_metric_epoch": 10, "sel_mmr": false, "sel_mode": null, "sel_model": null, "sel_mu": 1.0, "sel_pca": false, "sel_pool": 3.0, "selector_metric_dir": "/tmp/PoisonBase_influence_fus/cache/selector_metrics", "sharp_mode": "worst", "sharp_samples": 20, "sharp_sigma": 0.05, "steal_timeout": 7200.0, "surrogate_aug": false, "surrogate_bs": 128, "surrogate_decay": [35, 45], "surrogate_epochs": 60, "surrogate_lr": 0.1, "surrogate_wd": 0.0, "target_idx_file": "/tmp/PoisonBase_influence_fus/target_sets/ConvNetBN_gradmatch_dog-bird_part_1_of_4.json", "target_select": 70, "use_jacobian_score": false, "victim_aug": false, "victim_bs": 125, "victim_decay": [40], "victim_epochs": 50, "victim_lr": 0.1, "victim_model": null, "victim_wd": 0.0}
[2026-09-17 11:40:53] Jacobian score: disabled
[2026-09-17 11:40:53] Adapted FUS selector: iterations=10 alpha=0.5 search_epochs=50 proxy_steps=250 proxy_restarts=8
[2026-09-17 11:40:53] N_total=50000 budget=0.005 -> N_p=250 poisons, y_adv=5(dog) target_class=2(bird)
[2026-09-17 11:40:53] === selection/crafting surrogates (20 x ConvNetBN, trained on the full real set) ===
[2026-09-17 11:40:53]   crafting on 5/20 surrogates
[2026-09-17 11:40:53] === clean victims (6 x ConvNetBN) ===
[2026-09-17 11:40:54]   clean baseline CTA = 0.8127 +/- 0.0074
[2026-09-17 11:40:54]   chosen 3 targets (file, fixed across victim architectures), p_adv range 0.0000..0.0000
[2026-09-17 11:40:54]   targets: [843, 1257, 8252]
[2026-09-17 11:40:55] === target 843 (1/3) ===
[2026-09-17 11:40:55]   adapted FUS: iterations=10 alpha=0.5 keep=125/250 search_epochs=50 proxy_steps=250 proxy_restarts=8
[2026-09-17 11:45:53]   adapted FUS target 843 iteration 1/10: objective=0.345157, forgetting min/mean/max=0/1.196/8, retained=125, refreshed=125
[2026-09-17 11:50:50]   adapted FUS target 843 iteration 2/10: objective=0.331672, forgetting min/mean/max=0/1.580/10, retained=125, refreshed=125
[2026-09-17 11:55:47]   adapted FUS target 843 iteration 3/10: objective=0.329629, forgetting min/mean/max=0/1.420/8, retained=125, refreshed=125
[2026-09-17 12:00:45]   adapted FUS target 843 iteration 4/10: objective=0.323975, forgetting min/mean/max=0/1.076/7, retained=125, refreshed=125
[2026-09-17 12:05:42]   adapted FUS target 843 iteration 5/10: objective=0.310945, forgetting min/mean/max=0/0.880/6, retained=125, refreshed=125
[2026-09-17 12:10:39]   adapted FUS target 843 iteration 6/10: objective=0.308636, forgetting min/mean/max=0/1.088/6, retained=125, refreshed=125
[2026-09-17 12:15:37]   adapted FUS target 843 iteration 7/10: objective=0.304055, forgetting min/mean/max=0/1.196/6, retained=125, refreshed=125
[2026-09-17 12:20:34]   adapted FUS target 843 iteration 8/10: objective=0.303767, forgetting min/mean/max=0/1.380/8, retained=125, refreshed=125
[2026-09-17 12:25:31]   adapted FUS target 843 iteration 9/10: objective=0.312188, forgetting min/mean/max=0/2.632/9, retained=125, refreshed=125
[2026-09-17 12:30:28]   adapted FUS target 843 iteration 10/10: objective=0.302044, forgetting min/mean/max=0/1.320/9, retained=125, refreshed=125
[2026-09-17 12:30:28]   target 843: selector overhead 2973.295 s, CUDA peak 5070.7 MiB (incremental 4325.3 MiB)
[2026-09-17 12:34:27]   target 843: crafted 250 poisons in 239 s, obj=0.30294, CUDA peak=5068.1 MiB (incremental 4311.6 MiB)
[2026-09-17 12:34:27]   target 843: realized linf = 0.03137 (8.00/255), budget = 8.00/255
[2026-09-17 12:35:18]   [t843 v1/6] fail (pred=bird) CTA=0.8131
[2026-09-17 12:36:08]   [t843 v2/6] fail (pred=bird) CTA=0.8037
[2026-09-17 12:36:57]   [t843 v3/6] fail (pred=bird) CTA=0.8024
[2026-09-17 12:37:47]   [t843 v4/6] fail (pred=bird) CTA=0.8119
[2026-09-17 12:38:37]   [t843 v5/6] fail (pred=bird) CTA=0.8005
[2026-09-17 12:39:27]   [t843 v6/6] fail (pred=bird) CTA=0.7839
[2026-09-17 12:39:27]   target 843, 6 victims on this gpu: ASR=0.0% CTA=0.8026 +/- 0.0096
[2026-09-17 12:39:27] === target 1257 (2/3) ===
[2026-09-17 12:39:27]   adapted FUS: iterations=10 alpha=0.5 keep=125/250 search_epochs=50 proxy_steps=250 proxy_restarts=8
[2026-09-17 12:44:24]   adapted FUS target 1257 iteration 1/10: objective=0.284344, forgetting min/mean/max=0/1.020/8, retained=125, refreshed=125
[2026-09-17 12:49:21]   adapted FUS target 1257 iteration 2/10: objective=0.270486, forgetting min/mean/max=0/1.496/8, retained=125, refreshed=125
[2026-09-17 12:54:18]   adapted FUS target 1257 iteration 3/10: objective=0.266278, forgetting min/mean/max=0/0.976/6, retained=125, refreshed=125
[2026-09-17 12:59:15]   adapted FUS target 1257 iteration 4/10: objective=0.267485, forgetting min/mean/max=0/1.360/9, retained=125, refreshed=125
[2026-09-17 13:04:12]   adapted FUS target 1257 iteration 5/10: objective=0.25715, forgetting min/mean/max=0/1.268/9, retained=125, refreshed=125
[2026-09-17 13:09:09]   adapted FUS target 1257 iteration 6/10: objective=0.262045, forgetting min/mean/max=0/1.468/8, retained=125, refreshed=125
[2026-09-17 13:14:06]   adapted FUS target 1257 iteration 7/10: objective=0.262554, forgetting min/mean/max=0/1.060/8, retained=125, refreshed=125
[2026-09-17 13:19:04]   adapted FUS target 1257 iteration 8/10: objective=0.258272, forgetting min/mean/max=0/1.564/8, retained=125, refreshed=125
[2026-09-17 13:24:01]   adapted FUS target 1257 iteration 9/10: objective=0.249515, forgetting min/mean/max=0/1.988/11, retained=125, refreshed=125
[2026-09-17 13:28:58]   adapted FUS target 1257 iteration 10/10: objective=0.251465, forgetting min/mean/max=0/1.044/6, retained=125, refreshed=125
[2026-09-17 13:28:58]   target 1257: selector overhead 2971.576 s, CUDA peak 5068.1 MiB (incremental 4314.6 MiB)
[2026-09-17 13:32:58]   target 1257: crafted 250 poisons in 239 s, obj=0.24835, CUDA peak=5068.1 MiB (incremental 4311.6 MiB)
[2026-09-17 13:32:58]   target 1257: realized linf = 0.03137 (8.00/255), budget = 8.00/255
[2026-09-17 13:33:49]   [t1257 v1/6] fail (pred=bird) CTA=0.8035
[2026-09-17 13:34:39]   [t1257 v2/6] SUCCESS (pred=dog) CTA=0.8089
[2026-09-17 13:35:29]   [t1257 v3/6] fail (pred=bird) CTA=0.8102
[2026-09-17 13:36:19]   [t1257 v4/6] SUCCESS (pred=dog) CTA=0.8008
[2026-09-17 13:37:09]   [t1257 v5/6] fail (pred=bird) CTA=0.8030
[2026-09-17 13:37:58]   [t1257 v6/6] fail (pred=bird) CTA=0.7928
[2026-09-17 13:37:59]   target 1257, 6 victims on this gpu: ASR=33.3% CTA=0.8032 +/- 0.0057
[2026-09-17 13:37:59] === target 8252 (3/3) ===
[2026-09-17 13:37:59]   adapted FUS: iterations=10 alpha=0.5 keep=125/250 search_epochs=50 proxy_steps=250 proxy_restarts=8
[2026-09-17 13:42:56]   adapted FUS target 8252 iteration 1/10: objective=0.259246, forgetting min/mean/max=0/1.280/7, retained=125, refreshed=125
[2026-09-17 13:47:53]   adapted FUS target 8252 iteration 2/10: objective=0.252393, forgetting min/mean/max=0/1.460/8, retained=125, refreshed=125
[2026-09-17 13:52:51]   adapted FUS target 8252 iteration 3/10: objective=0.253215, forgetting min/mean/max=0/2.488/12, retained=125, refreshed=125
[2026-09-17 13:57:48]   adapted FUS target 8252 iteration 4/10: objective=0.242792, forgetting min/mean/max=0/1.372/8, retained=125, refreshed=125
[2026-09-17 14:02:45]   adapted FUS target 8252 iteration 5/10: objective=0.234995, forgetting min/mean/max=0/2.876/11, retained=125, refreshed=125
[2026-09-17 14:07:43]   adapted FUS target 8252 iteration 6/10: objective=0.240992, forgetting min/mean/max=0/2.984/12, retained=125, refreshed=125
[2026-09-17 14:12:40]   adapted FUS target 8252 iteration 7/10: objective=0.241307, forgetting min/mean/max=0/1.376/8, retained=125, refreshed=125
[2026-09-17 14:17:38]   adapted FUS target 8252 iteration 8/10: objective=0.240137, forgetting min/mean/max=0/1.760/9, retained=125, refreshed=125
[2026-09-17 14:22:35]   adapted FUS target 8252 iteration 9/10: objective=0.242362, forgetting min/mean/max=0/1.488/8, retained=125, refreshed=125
[2026-09-17 14:27:33]   adapted FUS target 8252 iteration 10/10: objective=0.227332, forgetting min/mean/max=0/1.880/8, retained=125, refreshed=125
[2026-09-17 14:27:33]   target 8252: selector overhead 2974.063 s, CUDA peak 5070.7 MiB (incremental 4317.1 MiB)
[2026-09-17 14:31:32]   target 8252: crafted 250 poisons in 239 s, obj=0.22559, CUDA peak=5068.1 MiB (incremental 4311.6 MiB)
[2026-09-17 14:31:32]   target 8252: realized linf = 0.03137 (8.00/255), budget = 8.00/255
[2026-09-17 14:32:23]   [t8252 v1/6] SUCCESS (pred=dog) CTA=0.8015
[2026-09-17 14:33:12]   [t8252 v2/6] SUCCESS (pred=dog) CTA=0.8130
[2026-09-17 14:34:02]   [t8252 v3/6] SUCCESS (pred=dog) CTA=0.8027
[2026-09-17 14:34:52]   [t8252 v4/6] SUCCESS (pred=dog) CTA=0.7944
[2026-09-17 14:35:42]   [t8252 v5/6] fail (pred=bird) CTA=0.7904
[2026-09-17 14:36:31]   [t8252 v6/6] SUCCESS (pred=dog) CTA=0.8066
[2026-09-17 14:36:31]   target 8252, 6 victims on this gpu: ASR=83.3% CTA=0.8014 +/- 0.0075
[2026-09-17 14:36:31]   selector resources: 3 target(s), 8918.9 total target-seconds, max CUDA allocated 5070.7 MiB (incremental 4325.3 MiB)
[2026-09-17 14:36:31] ==== CIFAR10_ConvNetBN_sapa_ours_dog-bird_b0.005_eps8_seed42_lam1_cosine_selfus_i10_a0.5_e50_ps0_pr0_K20_worst0.05_ce5_tgt70 : ASR = 38.9% +/- 34.2% | CTA = 0.8024 (baseline 0.8127) ====
[2026-09-17 14:36:31]   target-prediction tally ['airplane', 'automobile', 'bird', 'cat', 'deer', 'dog', 'frog', 'horse', 'ship', 'truck']: [0, 0, 11, 0, 0, 7, 0, 0, 0, 0]

===== part_2_of_4 =====
[2026-09-17 11:41:23] === run start: CIFAR10_ConvNetBN_sapa_ours_dog-bird_b0.005_eps8_seed42_lam1_cosine_selfus_i10_a0.5_e50_ps0_pr0_K20_worst0.05_ce5_tgt70 on cuda [0] ===
[2026-09-17 11:41:23] args: {"FORCE": false, "attack": "sapa", "base": "ours", "base_dist": "cosine", "base_topr": null, "budget": 0.005, "cache_dir": "/tmp/PoisonBase_influence_fus/cache", "class_pair": "dog-bird", "clean_baseline": true, "craft_alpha": 0.0039216, "craft_aug": true, "craft_batch": 256, "craft_ensemble": 5, "craft_lowmem": false, "craft_schedule": false, "craft_steps": 250, "data_path": "/tmp/PoisonBase_influence_fus/data", "dataset": "CIFAR10", "distance_margin_coef": null, "dsa_strategy": "color_crop_cutout_flip_scale_rotate", "epsilon": 0.0313725, "fast_gradmatch": false, "fc_mode": "sample", "fc_restarts": 1, "fus_alpha": 0.5, "fus_iters": 10, "fus_proxy_restarts": 0, "fus_proxy_steps": 0, "fus_search_decay": [40], "fus_search_epochs": 50, "gpus": "all", "jacobian_batch_size": 64, "jacobian_weight": 1.0, "keep_pinned_targets": true, "lambda_margin": 1.0, "model": "ConvNetBN", "no_resume": false, "num_poisons": 500, "num_surrogates": 20, "num_targets": 3, "num_victims": 6, "out_dir": "/tmp/PoisonBase_influence_fus/influence_fus_baselines_result/part_2_of_4", "pair_order": "poison-target", "parallel_pretrain": true, "parallel_targets": true, "precompute_id": null, "precompute_only": false, "precompute_part": "both", "rank_on_victims": true, "recompute_deltas": false, "require_correct_target": false, "restarts": 8, "seed": 42, "sel_K": 20, "sel_alpha": 1.0, "sel_criterion": "fus", "sel_dpp": false, "sel_filter": false, "sel_metric_epoch": 10, "sel_mmr": false, "sel_mode": null, "sel_model": null, "sel_mu": 1.0, "sel_pca": false, "sel_pool": 3.0, "selector_metric_dir": "/tmp/PoisonBase_influence_fus/cache/selector_metrics", "sharp_mode": "worst", "sharp_samples": 20, "sharp_sigma": 0.05, "steal_timeout": 7200.0, "surrogate_aug": false, "surrogate_bs": 128, "surrogate_decay": [35, 45], "surrogate_epochs": 60, "surrogate_lr": 0.1, "surrogate_wd": 0.0, "target_idx_file": "/tmp/PoisonBase_influence_fus/target_sets/ConvNetBN_gradmatch_dog-bird_part_2_of_4.json", "target_select": 70, "use_jacobian_score": false, "victim_aug": false, "victim_bs": 125, "victim_decay": [40], "victim_epochs": 50, "victim_lr": 0.1, "victim_model": null, "victim_wd": 0.0}
[2026-09-17 11:41:23] Jacobian score: disabled
[2026-09-17 11:41:23] Adapted FUS selector: iterations=10 alpha=0.5 search_epochs=50 proxy_steps=250 proxy_restarts=8
[2026-09-17 11:41:23] N_total=50000 budget=0.005 -> N_p=250 poisons, y_adv=5(dog) target_class=2(bird)
[2026-09-17 11:41:23] === selection/crafting surrogates (20 x ConvNetBN, trained on the full real set) ===
[2026-09-17 11:41:23]   crafting on 5/20 surrogates
[2026-09-17 11:41:23] === clean victims (6 x ConvNetBN) ===
[2026-09-17 11:41:24]   clean baseline CTA = 0.8127 +/- 0.0074
[2026-09-17 11:41:24]   chosen 3 targets (file, fixed across victim architectures), p_adv range 0.0000..0.0000
[2026-09-17 11:41:24]   targets: [8730, 8055, 5859]
[2026-09-17 11:41:24] === target 8730 (1/3) ===
[2026-09-17 11:41:24]   adapted FUS: iterations=10 alpha=0.5 keep=125/250 search_epochs=50 proxy_steps=250 proxy_restarts=8
[2026-09-17 11:46:24]   adapted FUS target 8730 iteration 1/10: objective=0.27534, forgetting min/mean/max=0/0.920/6, retained=125, refreshed=125
[2026-09-17 11:51:23]   adapted FUS target 8730 iteration 2/10: objective=0.271008, forgetting min/mean/max=0/2.328/11, retained=125, refreshed=125
[2026-09-17 11:56:22]   adapted FUS target 8730 iteration 3/10: objective=0.25866, forgetting min/mean/max=0/1.800/8, retained=125, refreshed=125
[2026-09-17 12:01:21]   adapted FUS target 8730 iteration 4/10: objective=0.253569, forgetting min/mean/max=0/1.280/7, retained=125, refreshed=125
[2026-09-17 12:06:20]   adapted FUS target 8730 iteration 5/10: objective=0.250716, forgetting min/mean/max=0/1.796/11, retained=125, refreshed=125
[2026-09-17 12:11:20]   adapted FUS target 8730 iteration 6/10: objective=0.252546, forgetting min/mean/max=0/1.440/6, retained=125, refreshed=125
[2026-09-17 12:16:19]   adapted FUS target 8730 iteration 7/10: objective=0.251657, forgetting min/mean/max=0/1.948/8, retained=125, refreshed=125
[2026-09-17 12:21:18]   adapted FUS target 8730 iteration 8/10: objective=0.244601, forgetting min/mean/max=0/1.344/5, retained=125, refreshed=125
[2026-09-17 12:26:17]   adapted FUS target 8730 iteration 9/10: objective=0.245925, forgetting min/mean/max=0/2.108/10, retained=125, refreshed=125
[2026-09-17 12:31:16]   adapted FUS target 8730 iteration 10/10: objective=0.242829, forgetting min/mean/max=0/2.216/9, retained=125, refreshed=125
[2026-09-17 12:31:16]   target 8730: selector overhead 2991.783 s, CUDA peak 5068.7 MiB (incremental 4323.2 MiB)
[2026-09-17 12:35:17]   target 8730: crafted 250 poisons in 241 s, obj=0.24793, CUDA peak=5068.1 MiB (incremental 4311.6 MiB)
[2026-09-17 12:35:17]   target 8730: realized linf = 0.03137 (8.00/255), budget = 8.00/255
[2026-09-17 12:36:08]   [t8730 v1/6] fail (pred=bird) CTA=0.8084
[2026-09-17 12:36:58]   [t8730 v2/6] fail (pred=bird) CTA=0.8088
[2026-09-17 12:37:48]   [t8730 v3/6] fail (pred=bird) CTA=0.8134
[2026-09-17 12:38:38]   [t8730 v4/6] fail (pred=bird) CTA=0.8016
[2026-09-17 12:39:27]   [t8730 v5/6] fail (pred=bird) CTA=0.7997
[2026-09-17 12:40:17]   [t8730 v6/6] fail (pred=deer) CTA=0.8061
[2026-09-17 12:40:17]   target 8730, 6 victims on this gpu: ASR=0.0% CTA=0.8063 +/- 0.0046
[2026-09-17 12:40:17] === target 8055 (2/3) ===
[2026-09-17 12:40:17]   adapted FUS: iterations=10 alpha=0.5 keep=125/250 search_epochs=50 proxy_steps=250 proxy_restarts=8
[2026-09-17 12:45:16]   adapted FUS target 8055 iteration 1/10: objective=0.340691, forgetting min/mean/max=0/1.160/9, retained=125, refreshed=125
[2026-09-17 12:50:15]   adapted FUS target 8055 iteration 2/10: objective=0.328457, forgetting min/mean/max=0/0.968/9, retained=125, refreshed=125
[2026-09-17 12:55:14]   adapted FUS target 8055 iteration 3/10: objective=0.331306, forgetting min/mean/max=0/1.288/9, retained=125, refreshed=125
[2026-09-17 13:00:11]   adapted FUS target 8055 iteration 4/10: objective=0.323513, forgetting min/mean/max=0/1.160/8, retained=125, refreshed=125
[2026-09-17 13:05:08]   adapted FUS target 8055 iteration 5/10: objective=0.328508, forgetting min/mean/max=0/1.132/7, retained=125, refreshed=125
[2026-09-17 13:10:06]   adapted FUS target 8055 iteration 6/10: objective=0.325809, forgetting min/mean/max=0/1.284/7, retained=125, refreshed=125
[2026-09-17 13:15:03]   adapted FUS target 8055 iteration 7/10: objective=0.311395, forgetting min/mean/max=0/1.452/8, retained=125, refreshed=125
[2026-09-17 13:20:01]   adapted FUS target 8055 iteration 8/10: objective=0.311563, forgetting min/mean/max=0/1.628/11, retained=125, refreshed=125
[2026-09-17 13:24:58]   adapted FUS target 8055 iteration 9/10: objective=0.329009, forgetting min/mean/max=0/1.788/11, retained=125, refreshed=125
[2026-09-17 13:29:56]   adapted FUS target 8055 iteration 10/10: objective=0.323359, forgetting min/mean/max=0/1.088/7, retained=125, refreshed=125
[2026-09-17 13:29:56]   target 8055: selector overhead 2978.278 s, CUDA peak 5068.5 MiB (incremental 4315.0 MiB)
[2026-09-17 13:33:55]   target 8055: crafted 250 poisons in 239 s, obj=0.33189, CUDA peak=5070.7 MiB (incremental 4314.2 MiB)
[2026-09-17 13:33:55]   target 8055: realized linf = 0.03137 (8.00/255), budget = 8.00/255
[2026-09-17 13:34:46]   [t8055 v1/6] fail (pred=bird) CTA=0.8081
[2026-09-17 13:35:36]   [t8055 v2/6] fail (pred=bird) CTA=0.8043
[2026-09-17 13:36:25]   [t8055 v3/6] fail (pred=bird) CTA=0.8116
[2026-09-17 13:37:15]   [t8055 v4/6] fail (pred=bird) CTA=0.7925
[2026-09-17 13:38:05]   [t8055 v5/6] fail (pred=bird) CTA=0.8152
[2026-09-17 13:38:55]   [t8055 v6/6] SUCCESS (pred=dog) CTA=0.8022
[2026-09-17 13:38:55]   target 8055, 6 victims on this gpu: ASR=16.7% CTA=0.8056 +/- 0.0073
[2026-09-17 13:38:55] === target 5859 (3/3) ===
[2026-09-17 13:38:55]   adapted FUS: iterations=10 alpha=0.5 keep=125/250 search_epochs=50 proxy_steps=250 proxy_restarts=8
[2026-09-17 13:43:52]   adapted FUS target 5859 iteration 1/10: objective=0.273609, forgetting min/mean/max=0/1.352/11, retained=125, refreshed=125
[2026-09-17 13:48:49]   adapted FUS target 5859 iteration 2/10: objective=0.262882, forgetting min/mean/max=0/1.136/7, retained=125, refreshed=125
[2026-09-17 13:53:46]   adapted FUS target 5859 iteration 3/10: objective=0.253804, forgetting min/mean/max=0/0.900/7, retained=125, refreshed=125
[2026-09-17 13:58:44]   adapted FUS target 5859 iteration 4/10: objective=0.252122, forgetting min/mean/max=0/1.348/7, retained=125, refreshed=125
[2026-09-17 14:03:41]   adapted FUS target 5859 iteration 5/10: objective=0.252427, forgetting min/mean/max=0/1.372/9, retained=125, refreshed=125
[2026-09-17 14:08:39]   adapted FUS target 5859 iteration 6/10: objective=0.244639, forgetting min/mean/max=0/0.988/7, retained=125, refreshed=125
[2026-09-17 14:13:36]   adapted FUS target 5859 iteration 7/10: objective=0.234906, forgetting min/mean/max=0/1.508/8, retained=125, refreshed=125
[2026-09-17 14:18:33]   adapted FUS target 5859 iteration 8/10: objective=0.23432, forgetting min/mean/max=0/1.180/8, retained=125, refreshed=125
[2026-09-17 14:23:31]   adapted FUS target 5859 iteration 9/10: objective=0.237327, forgetting min/mean/max=0/1.012/6, retained=125, refreshed=125
[2026-09-17 14:28:28]   adapted FUS target 5859 iteration 10/10: objective=0.233279, forgetting min/mean/max=0/1.212/6, retained=125, refreshed=125
[2026-09-17 14:28:28]   target 5859: selector overhead 2973.334 s, CUDA peak 5070.7 MiB (incremental 4317.1 MiB)
[2026-09-17 14:32:27]   target 5859: crafted 250 poisons in 239 s, obj=0.24336, CUDA peak=5068.1 MiB (incremental 4311.6 MiB)
[2026-09-17 14:32:27]   target 5859: realized linf = 0.03137 (8.00/255), budget = 8.00/255
[2026-09-17 14:33:18]   [t5859 v1/6] SUCCESS (pred=dog) CTA=0.7979
[2026-09-17 14:34:08]   [t5859 v2/6] fail (pred=bird) CTA=0.8068
[2026-09-17 14:34:58]   [t5859 v3/6] fail (pred=frog) CTA=0.8058
[2026-09-17 14:35:48]   [t5859 v4/6] fail (pred=bird) CTA=0.8024
[2026-09-17 14:36:37]   [t5859 v5/6] fail (pred=bird) CTA=0.8057
[2026-09-17 14:37:27]   [t5859 v6/6] SUCCESS (pred=dog) CTA=0.7927
[2026-09-17 14:37:27]   target 5859, 6 victims on this gpu: ASR=33.3% CTA=0.8019 +/- 0.0051
[2026-09-17 14:37:27]   selector resources: 3 target(s), 8943.4 total target-seconds, max CUDA allocated 5070.7 MiB (incremental 4323.2 MiB)
[2026-09-17 14:37:27] ==== CIFAR10_ConvNetBN_sapa_ours_dog-bird_b0.005_eps8_seed42_lam1_cosine_selfus_i10_a0.5_e50_ps0_pr0_K20_worst0.05_ce5_tgt70 : ASR = 16.7% +/- 13.6% | CTA = 0.8046 (baseline 0.8127) ====
[2026-09-17 14:37:27]   target-prediction tally ['airplane', 'automobile', 'bird', 'cat', 'deer', 'dog', 'frog', 'horse', 'ship', 'truck']: [0, 0, 13, 0, 1, 3, 1, 0, 0, 0]

===== part_3_of_4 =====
[2026-09-17 11:41:22] === run start: CIFAR10_ConvNetBN_sapa_ours_dog-bird_b0.005_eps8_seed42_lam1_cosine_selfus_i10_a0.5_e50_ps0_pr0_K20_worst0.05_ce5_tgt70 on cuda [0] ===
[2026-09-17 11:41:22] args: {"FORCE": false, "attack": "sapa", "base": "ours", "base_dist": "cosine", "base_topr": null, "budget": 0.005, "cache_dir": "/tmp/PoisonBase_influence_fus/cache", "class_pair": "dog-bird", "clean_baseline": true, "craft_alpha": 0.0039216, "craft_aug": true, "craft_batch": 256, "craft_ensemble": 5, "craft_lowmem": false, "craft_schedule": false, "craft_steps": 250, "data_path": "/tmp/PoisonBase_influence_fus/data", "dataset": "CIFAR10", "distance_margin_coef": null, "dsa_strategy": "color_crop_cutout_flip_scale_rotate", "epsilon": 0.0313725, "fast_gradmatch": false, "fc_mode": "sample", "fc_restarts": 1, "fus_alpha": 0.5, "fus_iters": 10, "fus_proxy_restarts": 0, "fus_proxy_steps": 0, "fus_search_decay": [40], "fus_search_epochs": 50, "gpus": "all", "jacobian_batch_size": 64, "jacobian_weight": 1.0, "keep_pinned_targets": true, "lambda_margin": 1.0, "model": "ConvNetBN", "no_resume": false, "num_poisons": 500, "num_surrogates": 20, "num_targets": 2, "num_victims": 6, "out_dir": "/tmp/PoisonBase_influence_fus/influence_fus_baselines_result/part_3_of_4", "pair_order": "poison-target", "parallel_pretrain": true, "parallel_targets": true, "precompute_id": null, "precompute_only": false, "precompute_part": "both", "rank_on_victims": true, "recompute_deltas": false, "require_correct_target": false, "restarts": 8, "seed": 42, "sel_K": 20, "sel_alpha": 1.0, "sel_criterion": "fus", "sel_dpp": false, "sel_filter": false, "sel_metric_epoch": 10, "sel_mmr": false, "sel_mode": null, "sel_model": null, "sel_mu": 1.0, "sel_pca": false, "sel_pool": 3.0, "selector_metric_dir": "/tmp/PoisonBase_influence_fus/cache/selector_metrics", "sharp_mode": "worst", "sharp_samples": 20, "sharp_sigma": 0.05, "steal_timeout": 7200.0, "surrogate_aug": false, "surrogate_bs": 128, "surrogate_decay": [35, 45], "surrogate_epochs": 60, "surrogate_lr": 0.1, "surrogate_wd": 0.0, "target_idx_file": "/tmp/PoisonBase_influence_fus/target_sets/ConvNetBN_gradmatch_dog-bird_part_3_of_4.json", "target_select": 70, "use_jacobian_score": false, "victim_aug": false, "victim_bs": 125, "victim_decay": [40], "victim_epochs": 50, "victim_lr": 0.1, "victim_model": null, "victim_wd": 0.0}
[2026-09-17 11:41:22] Jacobian score: disabled
[2026-09-17 11:41:22] Adapted FUS selector: iterations=10 alpha=0.5 search_epochs=50 proxy_steps=250 proxy_restarts=8
[2026-09-17 11:41:22] N_total=50000 budget=0.005 -> N_p=250 poisons, y_adv=5(dog) target_class=2(bird)
[2026-09-17 11:41:22] === selection/crafting surrogates (20 x ConvNetBN, trained on the full real set) ===
[2026-09-17 11:41:22]   crafting on 5/20 surrogates
[2026-09-17 11:41:22] === clean victims (6 x ConvNetBN) ===
[2026-09-17 11:41:23]   clean baseline CTA = 0.8127 +/- 0.0074
[2026-09-17 11:41:23]   chosen 2 targets (file, fixed across victim architectures), p_adv range 0.0000..0.0000
[2026-09-17 11:41:23]   targets: [8954, 821]
[2026-09-17 11:41:23] === target 8954 (1/2) ===
[2026-09-17 11:41:23]   adapted FUS: iterations=10 alpha=0.5 keep=125/250 search_epochs=50 proxy_steps=250 proxy_restarts=8
[2026-09-17 11:46:20]   adapted FUS target 8954 iteration 1/10: objective=0.323169, forgetting min/mean/max=0/0.512/5, retained=125, refreshed=125
[2026-09-17 11:51:18]   adapted FUS target 8954 iteration 2/10: objective=0.291045, forgetting min/mean/max=0/0.732/8, retained=125, refreshed=125
[2026-09-17 11:56:15]   adapted FUS target 8954 iteration 3/10: objective=0.27511, forgetting min/mean/max=0/1.128/9, retained=125, refreshed=125
[2026-09-17 12:01:12]   adapted FUS target 8954 iteration 4/10: objective=0.287376, forgetting min/mean/max=0/1.208/5, retained=125, refreshed=125
[2026-09-17 12:06:09]   adapted FUS target 8954 iteration 5/10: objective=0.269223, forgetting min/mean/max=0/1.632/12, retained=125, refreshed=125
[2026-09-17 12:11:06]   adapted FUS target 8954 iteration 6/10: objective=0.299547, forgetting min/mean/max=0/1.112/8, retained=125, refreshed=125
[2026-09-17 12:16:03]   adapted FUS target 8954 iteration 7/10: objective=0.301936, forgetting min/mean/max=0/2.508/11, retained=125, refreshed=125
[2026-09-17 12:21:00]   adapted FUS target 8954 iteration 8/10: objective=0.318075, forgetting min/mean/max=0/1.620/9, retained=125, refreshed=125
[2026-09-17 12:25:57]   adapted FUS target 8954 iteration 9/10: objective=0.317999, forgetting min/mean/max=0/0.816/5, retained=125, refreshed=125
[2026-09-17 12:30:54]   adapted FUS target 8954 iteration 10/10: objective=0.323282, forgetting min/mean/max=0/1.264/10, retained=125, refreshed=125
[2026-09-17 12:30:55]   target 8954: selector overhead 2971.809 s, CUDA peak 5068.8 MiB (incremental 4323.3 MiB)
[2026-09-17 12:34:53]   target 8954: crafted 250 poisons in 239 s, obj=0.28090, CUDA peak=5066.7 MiB (incremental 4310.2 MiB)
[2026-09-17 12:34:53]   target 8954: realized linf = 0.03137 (8.00/255), budget = 8.00/255
[2026-09-17 12:35:44]   [t8954 v1/6] fail (pred=bird) CTA=0.7974
[2026-09-17 12:36:34]   [t8954 v2/6] SUCCESS (pred=dog) CTA=0.7988
[2026-09-17 12:37:24]   [t8954 v3/6] fail (pred=bird) CTA=0.7995
[2026-09-17 12:38:14]   [t8954 v4/6] fail (pred=bird) CTA=0.8012
[2026-09-17 12:39:04]   [t8954 v5/6] fail (pred=bird) CTA=0.8051
[2026-09-17 12:39:54]   [t8954 v6/6] fail (pred=bird) CTA=0.7903
[2026-09-17 12:39:54]   target 8954, 6 victims on this gpu: ASR=16.7% CTA=0.7987 +/- 0.0045
[2026-09-17 12:39:54] === target 821 (2/2) ===
[2026-09-17 12:39:54]   adapted FUS: iterations=10 alpha=0.5 keep=125/250 search_epochs=50 proxy_steps=250 proxy_restarts=8
[2026-09-17 12:44:51]   adapted FUS target 821 iteration 1/10: objective=0.326352, forgetting min/mean/max=0/0.940/7, retained=125, refreshed=125
[2026-09-17 12:49:48]   adapted FUS target 821 iteration 2/10: objective=0.324764, forgetting min/mean/max=0/1.768/8, retained=125, refreshed=125
[2026-09-17 12:54:45]   adapted FUS target 821 iteration 3/10: objective=0.316524, forgetting min/mean/max=0/2.536/12, retained=125, refreshed=125
[2026-09-17 12:59:42]   adapted FUS target 821 iteration 4/10: objective=0.312424, forgetting min/mean/max=0/2.040/9, retained=125, refreshed=125
[2026-09-17 13:04:39]   adapted FUS target 821 iteration 5/10: objective=0.306889, forgetting min/mean/max=0/1.296/8, retained=125, refreshed=125
[2026-09-17 13:09:36]   adapted FUS target 821 iteration 6/10: objective=0.293634, forgetting min/mean/max=0/1.888/11, retained=125, refreshed=125
[2026-09-17 13:14:33]   adapted FUS target 821 iteration 7/10: objective=0.299553, forgetting min/mean/max=0/1.900/9, retained=125, refreshed=125
[2026-09-17 13:19:31]   adapted FUS target 821 iteration 8/10: objective=0.298522, forgetting min/mean/max=0/1.068/8, retained=125, refreshed=125
[2026-09-17 13:24:28]   adapted FUS target 821 iteration 9/10: objective=0.290857, forgetting min/mean/max=0/1.796/10, retained=125, refreshed=125
[2026-09-17 13:29:25]   adapted FUS target 821 iteration 10/10: objective=0.298171, forgetting min/mean/max=0/1.384/6, retained=125, refreshed=125
[2026-09-17 13:29:25]   target 821: selector overhead 2971.385 s, CUDA peak 5070.2 MiB (incremental 4316.6 MiB)
[2026-09-17 13:33:24]   target 821: crafted 250 poisons in 239 s, obj=0.29577, CUDA peak=5068.1 MiB (incremental 4311.6 MiB)
[2026-09-17 13:33:24]   target 821: realized linf = 0.03137 (8.00/255), budget = 8.00/255
[2026-09-17 13:34:15]   [t821 v1/6] fail (pred=bird) CTA=0.8067
[2026-09-17 13:35:05]   [t821 v2/6] SUCCESS (pred=dog) CTA=0.8114
[2026-09-17 13:35:55]   [t821 v3/6] fail (pred=horse) CTA=0.8063
[2026-09-17 13:36:45]   [t821 v4/6] fail (pred=bird) CTA=0.8098
[2026-09-17 13:37:35]   [t821 v5/6] fail (pred=bird) CTA=0.8073
[2026-09-17 13:38:25]   [t821 v6/6] fail (pred=bird) CTA=0.8073
[2026-09-17 13:38:25]   target 821, 6 victims on this gpu: ASR=16.7% CTA=0.8081 +/- 0.0018
[2026-09-17 13:38:25]   selector resources: 2 target(s), 5943.2 total target-seconds, max CUDA allocated 5070.2 MiB (incremental 4323.3 MiB)
[2026-09-17 13:38:25] ==== CIFAR10_ConvNetBN_sapa_ours_dog-bird_b0.005_eps8_seed42_lam1_cosine_selfus_i10_a0.5_e50_ps0_pr0_K20_worst0.05_ce5_tgt70 : ASR = 16.7% +/- 0.0% | CTA = 0.8034 (baseline 0.8127) ====
[2026-09-17 13:38:25]   target-prediction tally ['airplane', 'automobile', 'bird', 'cat', 'deer', 'dog', 'frog', 'horse', 'ship', 'truck']: [0, 0, 9, 0, 0, 2, 0, 1, 0, 0]

===== part_4_of_4 =====
[2026-09-17 11:42:22] === run start: CIFAR10_ConvNetBN_sapa_ours_dog-bird_b0.005_eps8_seed42_lam1_cosine_selfus_i10_a0.5_e50_ps0_pr0_K20_worst0.05_ce5_tgt70 on cuda [0] ===
[2026-09-17 11:42:22] args: {"FORCE": false, "attack": "sapa", "base": "ours", "base_dist": "cosine", "base_topr": null, "budget": 0.005, "cache_dir": "/tmp/PoisonBase_influence_fus/cache", "class_pair": "dog-bird", "clean_baseline": true, "craft_alpha": 0.0039216, "craft_aug": true, "craft_batch": 256, "craft_ensemble": 5, "craft_lowmem": false, "craft_schedule": false, "craft_steps": 250, "data_path": "/tmp/PoisonBase_influence_fus/data", "dataset": "CIFAR10", "distance_margin_coef": null, "dsa_strategy": "color_crop_cutout_flip_scale_rotate", "epsilon": 0.0313725, "fast_gradmatch": false, "fc_mode": "sample", "fc_restarts": 1, "fus_alpha": 0.5, "fus_iters": 10, "fus_proxy_restarts": 0, "fus_proxy_steps": 0, "fus_search_decay": [40], "fus_search_epochs": 50, "gpus": "all", "jacobian_batch_size": 64, "jacobian_weight": 1.0, "keep_pinned_targets": true, "lambda_margin": 1.0, "model": "ConvNetBN", "no_resume": false, "num_poisons": 500, "num_surrogates": 20, "num_targets": 2, "num_victims": 6, "out_dir": "/tmp/PoisonBase_influence_fus/influence_fus_baselines_result/part_4_of_4", "pair_order": "poison-target", "parallel_pretrain": true, "parallel_targets": true, "precompute_id": null, "precompute_only": false, "precompute_part": "both", "rank_on_victims": true, "recompute_deltas": false, "require_correct_target": false, "restarts": 8, "seed": 42, "sel_K": 20, "sel_alpha": 1.0, "sel_criterion": "fus", "sel_dpp": false, "sel_filter": false, "sel_metric_epoch": 10, "sel_mmr": false, "sel_mode": null, "sel_model": null, "sel_mu": 1.0, "sel_pca": false, "sel_pool": 3.0, "selector_metric_dir": "/tmp/PoisonBase_influence_fus/cache/selector_metrics", "sharp_mode": "worst", "sharp_samples": 20, "sharp_sigma": 0.05, "steal_timeout": 7200.0, "surrogate_aug": false, "surrogate_bs": 128, "surrogate_decay": [35, 45], "surrogate_epochs": 60, "surrogate_lr": 0.1, "surrogate_wd": 0.0, "target_idx_file": "/tmp/PoisonBase_influence_fus/target_sets/ConvNetBN_gradmatch_dog-bird_part_4_of_4.json", "target_select": 70, "use_jacobian_score": false, "victim_aug": false, "victim_bs": 125, "victim_decay": [40], "victim_epochs": 50, "victim_lr": 0.1, "victim_model": null, "victim_wd": 0.0}
[2026-09-17 11:42:22] Jacobian score: disabled
[2026-09-17 11:42:22] Adapted FUS selector: iterations=10 alpha=0.5 search_epochs=50 proxy_steps=250 proxy_restarts=8
[2026-09-17 11:42:22] N_total=50000 budget=0.005 -> N_p=250 poisons, y_adv=5(dog) target_class=2(bird)
[2026-09-17 11:42:22] === selection/crafting surrogates (20 x ConvNetBN, trained on the full real set) ===
[2026-09-17 11:42:23]   crafting on 5/20 surrogates
[2026-09-17 11:42:23] === clean victims (6 x ConvNetBN) ===
[2026-09-17 11:42:23]   clean baseline CTA = 0.8127 +/- 0.0074
[2026-09-17 11:42:23]   chosen 2 targets (file, fixed across victim architectures), p_adv range 0.0000..0.0000
[2026-09-17 11:42:23]   targets: [1547, 4427]
[2026-09-17 11:42:23] === target 1547 (1/2) ===
[2026-09-17 11:42:23]   adapted FUS: iterations=10 alpha=0.5 keep=125/250 search_epochs=50 proxy_steps=250 proxy_restarts=8
[2026-09-17 11:47:21]   adapted FUS target 1547 iteration 1/10: objective=0.456877, forgetting min/mean/max=0/0.784/8, retained=125, refreshed=125
[2026-09-17 11:52:18]   adapted FUS target 1547 iteration 2/10: objective=0.428471, forgetting min/mean/max=0/1.168/9, retained=125, refreshed=125
[2026-09-17 11:57:15]   adapted FUS target 1547 iteration 3/10: objective=0.423744, forgetting min/mean/max=0/0.852/6, retained=125, refreshed=125
[2026-09-17 12:02:12]   adapted FUS target 1547 iteration 4/10: objective=0.416304, forgetting min/mean/max=0/1.548/8, retained=125, refreshed=125
[2026-09-17 12:07:09]   adapted FUS target 1547 iteration 5/10: objective=0.405322, forgetting min/mean/max=0/1.284/8, retained=125, refreshed=125
[2026-09-17 12:12:05]   adapted FUS target 1547 iteration 6/10: objective=0.406265, forgetting min/mean/max=0/1.056/6, retained=125, refreshed=125
[2026-09-17 12:17:02]   adapted FUS target 1547 iteration 7/10: objective=0.400147, forgetting min/mean/max=0/0.932/6, retained=125, refreshed=125
[2026-09-17 12:21:59]   adapted FUS target 1547 iteration 8/10: objective=0.411761, forgetting min/mean/max=0/1.328/9, retained=125, refreshed=125
[2026-09-17 12:26:56]   adapted FUS target 1547 iteration 9/10: objective=0.406254, forgetting min/mean/max=0/2.608/12, retained=125, refreshed=125
[2026-09-17 12:31:53]   adapted FUS target 1547 iteration 10/10: objective=0.413997, forgetting min/mean/max=0/1.588/8, retained=125, refreshed=125
[2026-09-17 12:31:53]   target 1547: selector overhead 2969.673 s, CUDA peak 5068.7 MiB (incremental 4323.2 MiB)
[2026-09-17 12:35:52]   target 1547: crafted 250 poisons in 239 s, obj=0.40853, CUDA peak=5068.7 MiB (incremental 4312.2 MiB)
[2026-09-17 12:35:52]   target 1547: realized linf = 0.03137 (8.00/255), budget = 8.00/255
[2026-09-17 12:36:43]   [t1547 v1/6] fail (pred=bird) CTA=0.8074
[2026-09-17 12:37:33]   [t1547 v2/6] fail (pred=bird) CTA=0.8070
[2026-09-17 12:38:22]   [t1547 v3/6] fail (pred=bird) CTA=0.7758
[2026-09-17 12:39:12]   [t1547 v4/6] fail (pred=airplane) CTA=0.8025
[2026-09-17 12:40:02]   [t1547 v5/6] fail (pred=bird) CTA=0.7964
[2026-09-17 12:40:52]   [t1547 v6/6] fail (pred=bird) CTA=0.8005
[2026-09-17 12:40:52]   target 1547, 6 victims on this gpu: ASR=0.0% CTA=0.7983 +/- 0.0107
[2026-09-17 12:40:52] === target 4427 (2/2) ===
[2026-09-17 12:40:52]   adapted FUS: iterations=10 alpha=0.5 keep=125/250 search_epochs=50 proxy_steps=250 proxy_restarts=8
[2026-09-17 12:45:49]   adapted FUS target 4427 iteration 1/10: objective=0.430564, forgetting min/mean/max=0/1.052/9, retained=125, refreshed=125
[2026-09-17 12:50:46]   adapted FUS target 4427 iteration 2/10: objective=0.401478, forgetting min/mean/max=0/1.436/7, retained=125, refreshed=125
[2026-09-17 12:55:43]   adapted FUS target 4427 iteration 3/10: objective=0.403981, forgetting min/mean/max=0/1.904/9, retained=125, refreshed=125
[2026-09-17 13:00:40]   adapted FUS target 4427 iteration 4/10: objective=0.388376, forgetting min/mean/max=0/1.328/8, retained=125, refreshed=125
[2026-09-17 13:05:36]   adapted FUS target 4427 iteration 5/10: objective=0.40698, forgetting min/mean/max=0/1.952/11, retained=125, refreshed=125
[2026-09-17 13:10:33]   adapted FUS target 4427 iteration 6/10: objective=0.400264, forgetting min/mean/max=0/2.624/11, retained=125, refreshed=125
[2026-09-17 13:15:30]   adapted FUS target 4427 iteration 7/10: objective=0.402717, forgetting min/mean/max=0/1.280/8, retained=125, refreshed=125
[2026-09-17 13:20:28]   adapted FUS target 4427 iteration 8/10: objective=0.393866, forgetting min/mean/max=0/1.880/9, retained=125, refreshed=125
[2026-09-17 13:25:25]   adapted FUS target 4427 iteration 9/10: objective=0.391232, forgetting min/mean/max=0/0.936/5, retained=125, refreshed=125
[2026-09-17 13:30:22]   adapted FUS target 4427 iteration 10/10: objective=0.393285, forgetting min/mean/max=0/1.256/8, retained=125, refreshed=125
[2026-09-17 13:30:22]   target 4427: selector overhead 2970.450 s, CUDA peak 5070.2 MiB (incremental 4316.6 MiB)
[2026-09-17 13:34:22]   target 4427: crafted 250 poisons in 239 s, obj=0.38519, CUDA peak=5068.1 MiB (incremental 4311.6 MiB)
[2026-09-17 13:34:22]   target 4427: realized linf = 0.03137 (8.00/255), budget = 8.00/255
[2026-09-17 13:35:12]   [t4427 v1/6] fail (pred=bird) CTA=0.8093
[2026-09-17 13:36:02]   [t4427 v2/6] fail (pred=bird) CTA=0.8047
[2026-09-17 13:36:52]   [t4427 v3/6] fail (pred=bird) CTA=0.8062
[2026-09-17 13:37:42]   [t4427 v4/6] fail (pred=bird) CTA=0.8104
[2026-09-17 13:38:32]   [t4427 v5/6] fail (pred=bird) CTA=0.8113
[2026-09-17 13:39:21]   [t4427 v6/6] fail (pred=bird) CTA=0.8084
[2026-09-17 13:39:21]   target 4427, 6 victims on this gpu: ASR=0.0% CTA=0.8084 +/- 0.0023
[2026-09-17 13:39:21]   selector resources: 2 target(s), 5940.1 total target-seconds, max CUDA allocated 5070.2 MiB (incremental 4323.2 MiB)
[2026-09-17 13:39:21] ==== CIFAR10_ConvNetBN_sapa_ours_dog-bird_b0.005_eps8_seed42_lam1_cosine_selfus_i10_a0.5_e50_ps0_pr0_K20_worst0.05_ce5_tgt70 : ASR = 0.0% +/- 0.0% | CTA = 0.8033 (baseline 0.8127) ====
[2026-09-17 13:39:21]   target-prediction tally ['airplane', 'automobile', 'bird', 'cat', 'deer', 'dog', 'frog', 'horse', 'ship', 'truck']: [1, 0, 11, 0, 0, 0, 0, 0, 0, 0]

