[2026-08-27 10:34:40] === run start: CIFAR10_ConvNetBN_gradmatch_ours_dog-bird_b0.002_eps8_seed42_lam1_cosine_selresfull_ce5_tgt70 on cuda [0] ===
[2026-08-27 10:34:40] args: {"FORCE": false, "attack": "gradmatch", "base": "ours", "base_dist": "cosine", "base_topr": null, "budget": 0.002, "cache_dir": "/home/mmoslem3/scratch/PoisonBase/logs-proposiot/cache", "class_pair": "dog-bird", "clean_baseline": true, "craft_alpha": 0.00392156862745098, "craft_aug": true, "craft_batch": 256, "craft_ensemble": 5, "craft_lowmem": false, "craft_schedule": false, "craft_steps": 250, "data_path": "/home/mmoslem3/scratch/PoisonBase/data", "dataset": "CIFAR10", "dsa_strategy": "color_crop_cutout_flip_scale_rotate", "epsilon": 0.03137254901960784, "fast_gradmatch": false, "fc_mode": "sample", "fc_restarts": 1, "gpus": "0", "jacobian_batch_size": 64, "jacobian_weight": 1.0, "lambda_margin": 1.0, "model": "ConvNetBN", "no_resume": false, "num_poisons": 500, "num_surrogates": 5, "num_targets": 5, "num_victims": 5, "out_dir": "/home/mmoslem3/scratch/PoisonBase/logs-proposiot/ablation", "pair_order": "poison-target", "parallel_pretrain": true, "parallel_targets": false, "precompute_id": null, "precompute_only": false, "precompute_part": "both", "rank_on_victims": false, "recompute_deltas": false, "require_correct_target": false, "restarts": 8, "seed": 42, "sel_K": null, "sel_alpha": 1.0, "sel_criterion": "resfull", "sel_dpp": false, "sel_filter": false, "sel_mmr": false, "sel_mode": null, "sel_model": null, "sel_mu": 1.0, "sel_pca": false, "sel_pool": 3.0, "sharp_mode": "worst", "sharp_samples": 20, "sharp_sigma": 0.05, "steal_timeout": 7200.0, "surrogate_aug": false, "surrogate_bs": 128, "surrogate_decay": [35, 45], "surrogate_epochs": 60, "surrogate_lr": 0.1, "surrogate_wd": 0.0, "target_idx_file": "/home/mmoslem3/scratch/PoisonBase/target_sets/ConvNetBN_gradmatch_dog-bird.json", "target_select": 70, "use_jacobian_score": false, "victim_aug": false, "victim_bs": 125, "victim_decay": [40], "victim_epochs": 50, "victim_lr": 0.1, "victim_wd": 0.0}
[2026-08-27 10:34:40] Jacobian score: disabled
[2026-08-27 10:34:40] N_total=50000 budget=0.002 -> N_p=100 poisons, y_adv=5(dog) target_class=2(bird)
[2026-08-27 10:34:40] === surrogates (5 x ConvNetBN, trained on the full real set) ===
[2026-08-27 10:34:40]   crafting on 5/5 surrogates
[2026-08-27 10:34:40] === clean victims (5 x ConvNetBN) ===
[2026-08-27 10:34:41]   clean baseline CTA = 0.8120 +/- 0.0079
[2026-08-27 10:34:41]   target pool 1000 -> eligible 965 (35 already predicted as y_adv or dropped)
[2026-08-27 10:34:41]   chosen 5 targets (file), p_adv range 0.0000..0.0000
[2026-08-27 10:34:41]   targets: [843, 1257, 8252, 8730, 8055]
[2026-08-27 10:34:41] === target 843 (1/5) ===
[2026-08-27 10:36:00]   target 843: crafted 100 poisons in 79 s, obj=0.28797
[2026-08-27 10:36:00]   target 843: realized linf = 0.03137 (8.00/255), budget = 8.00/255
[2026-08-27 10:36:51]   [t843 v1/5] fail (pred=bird) CTA=0.8144
[2026-08-27 10:37:41]   [t843 v2/5] fail (pred=bird) CTA=0.8032
[2026-08-27 10:38:32]   [t843 v3/5] SUCCESS (pred=dog) CTA=0.8080
[2026-08-27 10:39:23]   [t843 v4/5] fail (pred=bird) CTA=0.8071
[2026-08-27 10:40:16]   [t843 v5/5] fail (pred=bird) CTA=0.8033
[2026-08-27 10:40:16]   target 843, 5 victims on this gpu: ASR=20.0% CTA=0.8072 +/- 0.0041
[2026-08-27 10:40:16] === target 1257 (2/5) ===
[2026-08-27 10:41:35]   target 1257: crafted 100 poisons in 79 s, obj=0.24925
[2026-08-27 10:41:35]   target 1257: realized linf = 0.03137 (8.00/255), budget = 8.00/255
[2026-08-27 10:42:29]   [t1257 v1/5] SUCCESS (pred=dog) CTA=0.8015
[2026-08-27 10:43:18]   [t1257 v2/5] fail (pred=bird) CTA=0.8085
[2026-08-27 10:44:09]   [t1257 v3/5] fail (pred=bird) CTA=0.8162
[2026-08-27 10:44:59]   [t1257 v4/5] fail (pred=bird) CTA=0.8080
[2026-08-27 10:45:50]   [t1257 v5/5] fail (pred=bird) CTA=0.8009
[2026-08-27 10:45:50]   target 1257, 5 victims on this gpu: ASR=20.0% CTA=0.8070 +/- 0.0056
[2026-08-27 10:45:50] === target 8252 (3/5) ===
[2026-08-27 10:47:09]   target 8252: crafted 100 poisons in 79 s, obj=0.23252
[2026-08-27 10:47:09]   target 8252: realized linf = 0.03137 (8.00/255), budget = 8.00/255
[2026-08-27 10:48:01]   [t8252 v1/5] SUCCESS (pred=dog) CTA=0.8006
[2026-08-27 10:48:58]   [t8252 v2/5] SUCCESS (pred=dog) CTA=0.8090
[2026-08-27 10:49:49]   [t8252 v3/5] SUCCESS (pred=dog) CTA=0.7971
[2026-08-27 10:50:40]   [t8252 v4/5] fail (pred=bird) CTA=0.7954
[2026-08-27 10:51:35]   [t8252 v5/5] SUCCESS (pred=dog) CTA=0.7945
[2026-08-27 10:51:35]   target 8252, 5 victims on this gpu: ASR=80.0% CTA=0.7993 +/- 0.0053
[2026-08-27 10:51:35] === target 8730 (4/5) ===
[2026-08-27 10:52:54]   target 8730: crafted 100 poisons in 79 s, obj=0.24301
[2026-08-27 10:52:54]   target 8730: realized linf = 0.03137 (8.00/255), budget = 8.00/255
[2026-08-27 10:53:51]   [t8730 v1/5] fail (pred=bird) CTA=0.8147
[2026-08-27 10:54:49]   [t8730 v2/5] fail (pred=bird) CTA=0.8138
[2026-08-27 10:55:41]   [t8730 v3/5] SUCCESS (pred=dog) CTA=0.8108
[2026-08-27 10:56:31]   [t8730 v4/5] fail (pred=deer) CTA=0.7989
[2026-08-27 10:57:23]   [t8730 v5/5] fail (pred=bird) CTA=0.8025
[2026-08-27 10:57:23]   target 8730, 5 victims on this gpu: ASR=20.0% CTA=0.8081 +/- 0.0063
[2026-08-27 10:57:23] === target 8055 (5/5) ===
[2026-08-27 10:58:42]   target 8055: crafted 100 poisons in 79 s, obj=0.27307
[2026-08-27 10:58:42]   target 8055: realized linf = 0.03137 (8.00/255), budget = 8.00/255
[2026-08-27 10:59:34]   [t8055 v1/5] fail (pred=bird) CTA=0.8042
[2026-08-27 11:00:26]   [t8055 v2/5] fail (pred=bird) CTA=0.8076
[2026-08-27 11:01:35]   [t8055 v3/5] SUCCESS (pred=dog) CTA=0.8208
[2026-08-27 11:02:43]   [t8055 v4/5] fail (pred=frog) CTA=0.7958
[2026-08-27 11:03:54]   [t8055 v5/5] fail (pred=bird) CTA=0.8098
[2026-08-27 11:03:54]   target 8055, 5 victims on this gpu: ASR=20.0% CTA=0.8076 +/- 0.0081
[2026-08-27 11:03:54] ==== CIFAR10_ConvNetBN_gradmatch_ours_dog-bird_b0.002_eps8_seed42_lam1_cosine_selresfull_ce5_tgt70 : ASR = 32.0% +/- 24.0% | CTA = 0.8059 (baseline 0.8120) ====
[2026-08-27 11:03:54]   target-prediction tally ['airplane', 'automobile', 'bird', 'cat', 'deer', 'dog', 'frog', 'horse', 'ship', 'truck']: [0, 0, 15, 0, 1, 8, 1, 0, 0, 0]
