[4/9] CIFAR10 ResNet20BN frog-airplane
loading CIFAR10 on cuda:0
candidate pool: 5000; targets: 10; surrogates: 20
  surrogate 0: /scratch/mmoslem3/attack_if/cache/surrogates/ResNet20BN_60ep_lr0.1_bs128_seed42/net_0.pt
    complete, skipping /scratch/mmoslem3/attack_if/gradient_alignment_outputs/CIFAR10/ResNet20BN/frog-airplane/target_9235/surrogate_000.npz
    target 2: index 338
[2026-09-02 01:37:46]   Jacobian score exact backend: torch.func JVP
      wrote /scratch/mmoslem3/attack_if/gradient_alignment_outputs/CIFAR10/ResNet20BN/frog-airplane/target_338/surrogate_000.npz
    target 3: index 255
      wrote /scratch/mmoslem3/attack_if/gradient_alignment_outputs/CIFAR10/ResNet20BN/frog-airplane/target_255/surrogate_000.npz
    target 4: index 3207
      wrote /scratch/mmoslem3/attack_if/gradient_alignment_outputs/CIFAR10/ResNet20BN/frog-airplane/target_3207/surrogate_000.npz
    target 5: index 8563
      wrote /scratch/mmoslem3/attack_if/gradient_alignment_outputs/CIFAR10/ResNet20BN/frog-airplane/target_8563/surrogate_000.npz
    target 6: index 912
      wrote /scratch/mmoslem3/attack_if/gradient_alignment_outputs/CIFAR10/ResNet20BN/frog-airplane/target_912/surrogate_000.npz
    target 7: index 4639
      wrote /scratch/mmoslem3/attack_if/gradient_alignment_outputs/CIFAR10/ResNet20BN/frog-airplane/target_4639/surrogate_000.npz
    target 8: index 2570
      wrote /scratch/mmoslem3/attack_if/gradient_alignment_outputs/CIFAR10/ResNet20BN/frog-airplane/target_2570/surrogate_000.npz
    target 9: index 3117
      wrote /scratch/mmoslem3/attack_if/gradient_alignment_outputs/CIFAR10/ResNet20BN/frog-airplane/target_3117/surrogate_000.npz
    target 10: index 2041
      wrote /scratch/mmoslem3/attack_if/gradient_alignment_outputs/CIFAR10/ResNet20BN/frog-airplane/target_2041/surrogate_000.npz
  surrogate 1: /scratch/mmoslem3/attack_if/cache/surrogates/ResNet20BN_60ep_lr0.1_bs128_seed42/net_1.pt
    target 1: index 9235
      wrote /scratch/mmoslem3/attack_if/gradient_alignment_outputs/CIFAR10/ResNet20BN/frog-airplane/target_9235/surrogate_001.npz
    target 2: index 338
      wrote /scratch/mmoslem3/attack_if/gradient_alignment_outputs/CIFAR10/ResNet20BN/frog-airplane/target_338/surrogate_001.npz
    target 3: index 255
      wrote /scratch/mmoslem3/attack_if/gradient_alignment_outputs/CIFAR10/ResNet20BN/frog-airplane/target_255/surrogate_001.npz
    target 4: index 3207
      wrote /scratch/mmoslem3/attack_if/gradient_alignment_outputs/CIFAR10/ResNet20BN/frog-airplane/target_3207/surrogate_001.npz
    target 5: index 8563
      wrote /scratch/mmoslem3/attack_if/gradient_alignment_outputs/CIFAR10/ResNet20BN/frog-airplane/target_8563/surrogate_001.npz
    target 6: index 912
      wrote /scratch/mmoslem3/attack_if/gradient_alignment_outputs/CIFAR10/ResNet20BN/frog-airplane/target_912/surrogate_001.npz
    target 7: index 4639
      wrote /scratch/mmoslem3/attack_if/gradient_alignment_outputs/CIFAR10/ResNet20BN/frog-airplane/target_4639/surrogate_001.npz
    target 8: index 2570
      wrote /scratch/mmoslem3/attack_if/gradient_alignment_outputs/CIFAR10/ResNet20BN/frog-airplane/target_2570/surrogate_001.npz
    target 9: index 3117
      wrote /scratch/mmoslem3/attack_if/gradient_alignment_outputs/CIFAR10/ResNet20BN/frog-airplane/target_3117/surrogate_001.npz
    target 10: index 2041
      wrote /scratch/mmoslem3/attack_if/gradient_alignment_outputs/CIFAR10/ResNet20BN/frog-airplane/target_2041/surrogate_001.npz
  surrogate 2: /scratch/mmoslem3/attack_if/cache/surrogates/ResNet20BN_60ep_lr0.1_bs128_seed42/net_2.pt
    target 1: index 9235
      wrote /scratch/mmoslem3/attack_if/gradient_alignment_outputs/CIFAR10/ResNet20BN/frog-airplane/target_9235/surrogate_002.npz
    target 2: index 338
      wrote /scratch/mmoslem3/attack_if/gradient_alignment_outputs/CIFAR10/ResNet20BN/frog-airplane/target_338/surrogate_002.npz
    target 3: index 255
      wrote /scratch/mmoslem3/attack_if/gradient_alignment_outputs/CIFAR10/ResNet20BN/frog-airplane/target_255/surrogate_002.npz
    target 4: index 3207
      wrote /scratch/mmoslem3/attack_if/gradient_alignment_outputs/CIFAR10/ResNet20BN/frog-airplane/target_3207/surrogate_002.npz
    target 5: index 8563
      wrote /scratch/mmoslem3/attack_if/gradient_alignment_outputs/CIFAR10/ResNet20BN/frog-airplane/target_8563/surrogate_002.npz
    target 6: index 912
      wrote /scratch/mmoslem3/attack_if/gradient_alignment_outputs/CIFAR10/ResNet20BN/frog-airplane/target_912/surrogate_002.npz
    target 7: index 4639
      wrote /scratch/mmoslem3/attack_if/gradient_alignment_outputs/CIFAR10/ResNet20BN/frog-airplane/target_4639/surrogate_002.npz
    target 8: index 2570
      wrote /scratch/mmoslem3/attack_if/gradient_alignment_outputs/CIFAR10/ResNet20BN/frog-airplane/target_2570/surrogate_002.npz
    target 9: index 3117
      wrote /scratch/mmoslem3/attack_if/gradient_alignment_outputs/CIFAR10/ResNet20BN/frog-airplane/target_3117/surrogate_002.npz
    target 10: index 2041
      wrote /scratch/mmoslem3/attack_if/gradient_alignment_outputs/CIFAR10/ResNet20BN/frog-airplane/target_2041/surrogate_002.npz
  surrogate 3: /scratch/mmoslem3/attack_if/cache/surrogates/ResNet20BN_60ep_lr0.1_bs128_seed42/net_3.pt
    target 1: index 9235
      wrote /scratch/mmoslem3/attack_if/gradient_alignment_outputs/CIFAR10/ResNet20BN/frog-airplane/target_9235/surrogate_003.npz
    target 2: index 338
      wrote /scratch/mmoslem3/attack_if/gradient_alignment_outputs/CIFAR10/ResNet20BN/frog-airplane/target_338/surrogate_003.npz
    target 3: index 255
      wrote /scratch/mmoslem3/attack_if/gradient_alignment_outputs/CIFAR10/ResNet20BN/frog-airplane/target_255/surrogate_003.npz
    target 4: index 3207
      wrote /scratch/mmoslem3/attack_if/gradient_alignment_outputs/CIFAR10/ResNet20BN/frog-airplane/target_3207/surrogate_003.npz
    target 5: index 8563
      wrote /scratch/mmoslem3/attack_if/gradient_alignment_outputs/CIFAR10/ResNet20BN/frog-airplane/target_8563/surrogate_003.npz
    target 6: index 912
      wrote /scratch/mmoslem3/attack_if/gradient_alignment_outputs/CIFAR10/ResNet20BN/frog-airplane/target_912/surrogate_003.npz
    target 7: index 4639
      wrote /scratch/mmoslem3/attack_if/gradient_alignment_outputs/CIFAR10/ResNet20BN/frog-airplane/target_4639/surrogate_003.npz
    target 8: index 2570
      wrote /scratch/mmoslem3/attack_if/gradient_alignment_outputs/CIFAR10/ResNet20BN/frog-airplane/target_2570/surrogate_003.npz
    target 9: index 3117
      wrote /scratch/mmoslem3/attack_if/gradient_alignment_outputs/CIFAR10/ResNet20BN/frog-airplane/target_3117/surrogate_003.npz
    target 10: index 2041
      wrote /scratch/mmoslem3/attack_if/gradient_alignment_outputs/CIFAR10/ResNet20BN/frog-airplane/target_2041/surrogate_003.npz
  surrogate 4: /scratch/mmoslem3/attack_if/cache/surrogates/ResNet20BN_60ep_lr0.1_bs128_seed42/net_4.pt
    target 1: index 9235
      wrote /scratch/mmoslem3/attack_if/gradient_alignment_outputs/CIFAR10/ResNet20BN/frog-airplane/target_9235/surrogate_004.npz
    target 2: index 338
      wrote /scratch/mmoslem3/attack_if/gradient_alignment_outputs/CIFAR10/ResNet20BN/frog-airplane/target_338/surrogate_004.npz
    target 3: index 255
      wrote /scratch/mmoslem3/attack_if/gradient_alignment_outputs/CIFAR10/ResNet20BN/frog-airplane/target_255/surrogate_004.npz
    target 4: index 3207
      wrote /scratch/mmoslem3/attack_if/gradient_alignment_outputs/CIFAR10/ResNet20BN/frog-airplane/target_3207/surrogate_004.npz
    target 5: index 8563
      wrote /scratch/mmoslem3/attack_if/gradient_alignment_outputs/CIFAR10/ResNet20BN/frog-airplane/target_8563/surrogate_004.npz
    target 6: index 912
      wrote /scratch/mmoslem3/attack_if/gradient_alignment_outputs/CIFAR10/ResNet20BN/frog-airplane/target_912/surrogate_004.npz
    target 7: index 4639
      wrote /scratch/mmoslem3/attack_if/gradient_alignment_outputs/CIFAR10/ResNet20BN/frog-airplane/target_4639/surrogate_004.npz
    target 8: index 2570
      wrote /scratch/mmoslem3/attack_if/gradient_alignment_outputs/CIFAR10/ResNet20BN/frog-airplane/target_2570/surrogate_004.npz
    target 9: index 3117
      wrote /scratch/mmoslem3/attack_if/gradient_alignment_outputs/CIFAR10/ResNet20BN/frog-airplane/target_3117/surrogate_004.npz
    target 10: index 2041
      wrote /scratch/mmoslem3/attack_if/gradient_alignment_outputs/CIFAR10/ResNet20BN/frog-airplane/target_2041/surrogate_004.npz
  surrogate 5: /scratch/mmoslem3/attack_if/cache/surrogates/ResNet20BN_60ep_lr0.1_bs128_seed42/net_5.pt
    target 1: index 9235
      wrote /scratch/mmoslem3/attack_if/gradient_alignment_outputs/CIFAR10/ResNet20BN/frog-airplane/target_9235/surrogate_005.npz
    target 2: index 338
      wrote /scratch/mmoslem3/attack_if/gradient_alignment_outputs/CIFAR10/ResNet20BN/frog-airplane/target_338/surrogate_005.npz
    target 3: index 255
      wrote /scratch/mmoslem3/attack_if/gradient_alignment_outputs/CIFAR10/ResNet20BN/frog-airplane/target_255/surrogate_005.npz
    target 4: index 3207
      wrote /scratch/mmoslem3/attack_if/gradient_alignment_outputs/CIFAR10/ResNet20BN/frog-airplane/target_3207/surrogate_005.npz
    target 5: index 8563
      wrote /scratch/mmoslem3/attack_if/gradient_alignment_outputs/CIFAR10/ResNet20BN/frog-airplane/target_8563/surrogate_005.npz
    target 6: index 912
      wrote /scratch/mmoslem3/attack_if/gradient_alignment_outputs/CIFAR10/ResNet20BN/frog-airplane/target_912/surrogate_005.npz
    target 7: index 4639
      wrote /scratch/mmoslem3/attack_if/gradient_alignment_outputs/CIFAR10/ResNet20BN/frog-airplane/target_4639/surrogate_005.npz
    target 8: index 2570
      wrote /scratch/mmoslem3/attack_if/gradient_alignment_outputs/CIFAR10/ResNet20BN/frog-airplane/target_2570/surrogate_005.npz
    target 9: index 3117
      wrote /scratch/mmoslem3/attack_if/gradient_alignment_outputs/CIFAR10/ResNet20BN/frog-airplane/target_3117/surrogate_005.npz
    target 10: index 2041
      wrote /scratch/mmoslem3/attack_if/gradient_alignment_outputs/CIFAR10/ResNet20BN/frog-airplane/target_2041/surrogate_005.npz
  surrogate 6: /scratch/mmoslem3/attack_if/cache/surrogates/ResNet20BN_60ep_lr0.1_bs128_seed42/net_6.pt
    target 1: index 9235
      wrote /scratch/mmoslem3/attack_if/gradient_alignment_outputs/CIFAR10/ResNet20BN/frog-airplane/target_9235/surrogate_006.npz
    target 2: index 338
      wrote /scratch/mmoslem3/attack_if/gradient_alignment_outputs/CIFAR10/ResNet20BN/frog-airplane/target_338/surrogate_006.npz
    target 3: index 255
      wrote /scratch/mmoslem3/attack_if/gradient_alignment_outputs/CIFAR10/ResNet20BN/frog-airplane/target_255/surrogate_006.npz
    target 4: index 3207
      wrote /scratch/mmoslem3/attack_if/gradient_alignment_outputs/CIFAR10/ResNet20BN/frog-airplane/target_3207/surrogate_006.npz
    target 5: index 8563
      wrote /scratch/mmoslem3/attack_if/gradient_alignment_outputs/CIFAR10/ResNet20BN/frog-airplane/target_8563/surrogate_006.npz
    target 6: index 912
      wrote /scratch/mmoslem3/attack_if/gradient_alignment_outputs/CIFAR10/ResNet20BN/frog-airplane/target_912/surrogate_006.npz
    target 7: index 4639
      wrote /scratch/mmoslem3/attack_if/gradient_alignment_outputs/CIFAR10/ResNet20BN/frog-airplane/target_4639/surrogate_006.npz
    target 8: index 2570
      wrote /scratch/mmoslem3/attack_if/gradient_alignment_outputs/CIFAR10/ResNet20BN/frog-airplane/target_2570/surrogate_006.npz
    target 9: index 3117
      wrote /scratch/mmoslem3/attack_if/gradient_alignment_outputs/CIFAR10/ResNet20BN/frog-airplane/target_3117/surrogate_006.npz
    target 10: index 2041
      wrote /scratch/mmoslem3/attack_if/gradient_alignment_outputs/CIFAR10/ResNet20BN/frog-airplane/target_2041/surrogate_006.npz
  surrogate 7: /scratch/mmoslem3/attack_if/cache/surrogates/ResNet20BN_60ep_lr0.1_bs128_seed42/net_7.pt
    target 1: index 9235
      wrote /scratch/mmoslem3/attack_if/gradient_alignment_outputs/CIFAR10/ResNet20BN/frog-airplane/target_9235/surrogate_007.npz
    target 2: index 338
      wrote /scratch/mmoslem3/attack_if/gradient_alignment_outputs/CIFAR10/ResNet20BN/frog-airplane/target_338/surrogate_007.npz
    target 3: index 255
      wrote /scratch/mmoslem3/attack_if/gradient_alignment_outputs/CIFAR10/ResNet20BN/frog-airplane/target_255/surrogate_007.npz
    target 4: index 3207
      wrote /scratch/mmoslem3/attack_if/gradient_alignment_outputs/CIFAR10/ResNet20BN/frog-airplane/target_3207/surrogate_007.npz
    target 5: index 8563
      wrote /scratch/mmoslem3/attack_if/gradient_alignment_outputs/CIFAR10/ResNet20BN/frog-airplane/target_8563/surrogate_007.npz
    target 6: index 912
      wrote /scratch/mmoslem3/attack_if/gradient_alignment_outputs/CIFAR10/ResNet20BN/frog-airplane/target_912/surrogate_007.npz
    target 7: index 4639
      wrote /scratch/mmoslem3/attack_if/gradient_alignment_outputs/CIFAR10/ResNet20BN/frog-airplane/target_4639/surrogate_007.npz
    target 8: index 2570
      wrote /scratch/mmoslem3/attack_if/gradient_alignment_outputs/CIFAR10/ResNet20BN/frog-airplane/target_2570/surrogate_007.npz
    target 9: index 3117
      wrote /scratch/mmoslem3/attack_if/gradient_alignment_outputs/CIFAR10/ResNet20BN/frog-airplane/target_3117/surrogate_007.npz
    target 10: index 2041
      wrote /scratch/mmoslem3/attack_if/gradient_alignment_outputs/CIFAR10/ResNet20BN/frog-airplane/target_2041/surrogate_007.npz
  surrogate 8: /scratch/mmoslem3/attack_if/cache/surrogates/ResNet20BN_60ep_lr0.1_bs128_seed42/net_8.pt
    target 1: index 9235
      wrote /scratch/mmoslem3/attack_if/gradient_alignment_outputs/CIFAR10/ResNet20BN/frog-airplane/target_9235/surrogate_008.npz
    target 2: index 338
      wrote /scratch/mmoslem3/attack_if/gradient_alignment_outputs/CIFAR10/ResNet20BN/frog-airplane/target_338/surrogate_008.npz
    target 3: index 255
      wrote /scratch/mmoslem3/attack_if/gradient_alignment_outputs/CIFAR10/ResNet20BN/frog-airplane/target_255/surrogate_008.npz
    target 4: index 3207
      wrote /scratch/mmoslem3/attack_if/gradient_alignment_outputs/CIFAR10/ResNet20BN/frog-airplane/target_3207/surrogate_008.npz
    target 5: index 8563
      wrote /scratch/mmoslem3/attack_if/gradient_alignment_outputs/CIFAR10/ResNet20BN/frog-airplane/target_8563/surrogate_008.npz
    target 6: index 912
      wrote /scratch/mmoslem3/attack_if/gradient_alignment_outputs/CIFAR10/ResNet20BN/frog-airplane/target_912/surrogate_008.npz
    target 7: index 4639
      wrote /scratch/mmoslem3/attack_if/gradient_alignment_outputs/CIFAR10/ResNet20BN/frog-airplane/target_4639/surrogate_008.npz
    target 8: index 2570
      wrote /scratch/mmoslem3/attack_if/gradient_alignment_outputs/CIFAR10/ResNet20BN/frog-airplane/target_2570/surrogate_008.npz
    target 9: index 3117
      wrote /scratch/mmoslem3/attack_if/gradient_alignment_outputs/CIFAR10/ResNet20BN/frog-airplane/target_3117/surrogate_008.npz
    target 10: index 2041
      wrote /scratch/mmoslem3/attack_if/gradient_alignment_outputs/CIFAR10/ResNet20BN/frog-airplane/target_2041/surrogate_008.npz
  surrogate 9: /scratch/mmoslem3/attack_if/cache/surrogates/ResNet20BN_60ep_lr0.1_bs128_seed42/net_9.pt
    target 1: index 9235
      wrote /scratch/mmoslem3/attack_if/gradient_alignment_outputs/CIFAR10/ResNet20BN/frog-airplane/target_9235/surrogate_009.npz
    target 2: index 338
      wrote /scratch/mmoslem3/attack_if/gradient_alignment_outputs/CIFAR10/ResNet20BN/frog-airplane/target_338/surrogate_009.npz
    target 3: index 255
      wrote /scratch/mmoslem3/attack_if/gradient_alignment_outputs/CIFAR10/ResNet20BN/frog-airplane/target_255/surrogate_009.npz
    target 4: index 3207
      wrote /scratch/mmoslem3/attack_if/gradient_alignment_outputs/CIFAR10/ResNet20BN/frog-airplane/target_3207/surrogate_009.npz
    target 5: index 8563
      wrote /scratch/mmoslem3/attack_if/gradient_alignment_outputs/CIFAR10/ResNet20BN/frog-airplane/target_8563/surrogate_009.npz
    target 6: index 912
      wrote /scratch/mmoslem3/attack_if/gradient_alignment_outputs/CIFAR10/ResNet20BN/frog-airplane/target_912/surrogate_009.npz
    target 7: index 4639
      wrote /scratch/mmoslem3/attack_if/gradient_alignment_outputs/CIFAR10/ResNet20BN/frog-airplane/target_4639/surrogate_009.npz
    target 8: index 2570
      wrote /scratch/mmoslem3/attack_if/gradient_alignment_outputs/CIFAR10/ResNet20BN/frog-airplane/target_2570/surrogate_009.npz
    target 9: index 3117
      wrote /scratch/mmoslem3/attack_if/gradient_alignment_outputs/CIFAR10/ResNet20BN/frog-airplane/target_3117/surrogate_009.npz
    target 10: index 2041
      wrote /scratch/mmoslem3/attack_if/gradient_alignment_outputs/CIFAR10/ResNet20BN/frog-airplane/target_2041/surrogate_009.npz
  surrogate 10: /scratch/mmoslem3/attack_if/cache/surrogates/ResNet20BN_60ep_lr0.1_bs128_seed42/net_10.pt
    target 1: index 9235
      wrote /scratch/mmoslem3/attack_if/gradient_alignment_outputs/CIFAR10/ResNet20BN/frog-airplane/target_9235/surrogate_010.npz
    target 2: index 338
      wrote /scratch/mmoslem3/attack_if/gradient_alignment_outputs/CIFAR10/ResNet20BN/frog-airplane/target_338/surrogate_010.npz
    target 3: index 255
      wrote /scratch/mmoslem3/attack_if/gradient_alignment_outputs/CIFAR10/ResNet20BN/frog-airplane/target_255/surrogate_010.npz
    target 4: index 3207
      wrote /scratch/mmoslem3/attack_if/gradient_alignment_outputs/CIFAR10/ResNet20BN/frog-airplane/target_3207/surrogate_010.npz
    target 5: index 8563
      wrote /scratch/mmoslem3/attack_if/gradient_alignment_outputs/CIFAR10/ResNet20BN/frog-airplane/target_8563/surrogate_010.npz
    target 6: index 912
      wrote /scratch/mmoslem3/attack_if/gradient_alignment_outputs/CIFAR10/ResNet20BN/frog-airplane/target_912/surrogate_010.npz
    target 7: index 4639
      wrote /scratch/mmoslem3/attack_if/gradient_alignment_outputs/CIFAR10/ResNet20BN/frog-airplane/target_4639/surrogate_010.npz
    target 8: index 2570
      wrote /scratch/mmoslem3/attack_if/gradient_alignment_outputs/CIFAR10/ResNet20BN/frog-airplane/target_2570/surrogate_010.npz
    target 9: index 3117
      wrote /scratch/mmoslem3/attack_if/gradient_alignment_outputs/CIFAR10/ResNet20BN/frog-airplane/target_3117/surrogate_010.npz
    target 10: index 2041
      wrote /scratch/mmoslem3/attack_if/gradient_alignment_outputs/CIFAR10/ResNet20BN/frog-airplane/target_2041/surrogate_010.npz
  surrogate 11: /scratch/mmoslem3/attack_if/cache/surrogates/ResNet20BN_60ep_lr0.1_bs128_seed42/net_11.pt
    target 1: index 9235
      wrote /scratch/mmoslem3/attack_if/gradient_alignment_outputs/CIFAR10/ResNet20BN/frog-airplane/target_9235/surrogate_011.npz
    target 2: index 338
      wrote /scratch/mmoslem3/attack_if/gradient_alignment_outputs/CIFAR10/ResNet20BN/frog-airplane/target_338/surrogate_011.npz
    target 3: index 255
      wrote /scratch/mmoslem3/attack_if/gradient_alignment_outputs/CIFAR10/ResNet20BN/frog-airplane/target_255/surrogate_011.npz
    target 4: index 3207
      wrote /scratch/mmoslem3/attack_if/gradient_alignment_outputs/CIFAR10/ResNet20BN/frog-airplane/target_3207/surrogate_011.npz
    target 5: index 8563
      wrote /scratch/mmoslem3/attack_if/gradient_alignment_outputs/CIFAR10/ResNet20BN/frog-airplane/target_8563/surrogate_011.npz
    target 6: index 912
      wrote /scratch/mmoslem3/attack_if/gradient_alignment_outputs/CIFAR10/ResNet20BN/frog-airplane/target_912/surrogate_011.npz
    target 7: index 4639
      wrote /scratch/mmoslem3/attack_if/gradient_alignment_outputs/CIFAR10/ResNet20BN/frog-airplane/target_4639/surrogate_011.npz
    target 8: index 2570
      wrote /scratch/mmoslem3/attack_if/gradient_alignment_outputs/CIFAR10/ResNet20BN/frog-airplane/target_2570/surrogate_011.npz
    target 9: index 3117
      wrote /scratch/mmoslem3/attack_if/gradient_alignment_outputs/CIFAR10/ResNet20BN/frog-airplane/target_3117/surrogate_011.npz
    target 10: index 2041
      wrote /scratch/mmoslem3/attack_if/gradient_alignment_outputs/CIFAR10/ResNet20BN/frog-airplane/target_2041/surrogate_011.npz
  surrogate 12: /scratch/mmoslem3/attack_if/cache/surrogates/ResNet20BN_60ep_lr0.1_bs128_seed42/net_12.pt
    target 1: index 9235
      wrote /scratch/mmoslem3/attack_if/gradient_alignment_outputs/CIFAR10/ResNet20BN/frog-airplane/target_9235/surrogate_012.npz
    target 2: index 338
      wrote /scratch/mmoslem3/attack_if/gradient_alignment_outputs/CIFAR10/ResNet20BN/frog-airplane/target_338/surrogate_012.npz
    target 3: index 255
      wrote /scratch/mmoslem3/attack_if/gradient_alignment_outputs/CIFAR10/ResNet20BN/frog-airplane/target_255/surrogate_012.npz
    target 4: index 3207
      wrote /scratch/mmoslem3/attack_if/gradient_alignment_outputs/CIFAR10/ResNet20BN/frog-airplane/target_3207/surrogate_012.npz
    target 5: index 8563
      wrote /scratch/mmoslem3/attack_if/gradient_alignment_outputs/CIFAR10/ResNet20BN/frog-airplane/target_8563/surrogate_012.npz
    target 6: index 912
      wrote /scratch/mmoslem3/attack_if/gradient_alignment_outputs/CIFAR10/ResNet20BN/frog-airplane/target_912/surrogate_012.npz
    target 7: index 4639
      wrote /scratch/mmoslem3/attack_if/gradient_alignment_outputs/CIFAR10/ResNet20BN/frog-airplane/target_4639/surrogate_012.npz
    target 8: index 2570
      wrote /scratch/mmoslem3/attack_if/gradient_alignment_outputs/CIFAR10/ResNet20BN/frog-airplane/target_2570/surrogate_012.npz
    target 9: index 3117
      wrote /scratch/mmoslem3/attack_if/gradient_alignment_outputs/CIFAR10/ResNet20BN/frog-airplane/target_3117/surrogate_012.npz
    target 10: index 2041
      wrote /scratch/mmoslem3/attack_if/gradient_alignment_outputs/CIFAR10/ResNet20BN/frog-airplane/target_2041/surrogate_012.npz
  surrogate 13: /scratch/mmoslem3/attack_if/cache/surrogates/ResNet20BN_60ep_lr0.1_bs128_seed42/net_13.pt
    target 1: index 9235
      wrote /scratch/mmoslem3/attack_if/gradient_alignment_outputs/CIFAR10/ResNet20BN/frog-airplane/target_9235/surrogate_013.npz
    target 2: index 338
      wrote /scratch/mmoslem3/attack_if/gradient_alignment_outputs/CIFAR10/ResNet20BN/frog-airplane/target_338/surrogate_013.npz
    target 3: index 255
      wrote /scratch/mmoslem3/attack_if/gradient_alignment_outputs/CIFAR10/ResNet20BN/frog-airplane/target_255/surrogate_013.npz
    target 4: index 3207
      wrote /scratch/mmoslem3/attack_if/gradient_alignment_outputs/CIFAR10/ResNet20BN/frog-airplane/target_3207/surrogate_013.npz
    target 5: index 8563
      wrote /scratch/mmoslem3/attack_if/gradient_alignment_outputs/CIFAR10/ResNet20BN/frog-airplane/target_8563/surrogate_013.npz
    target 6: index 912
      wrote /scratch/mmoslem3/attack_if/gradient_alignment_outputs/CIFAR10/ResNet20BN/frog-airplane/target_912/surrogate_013.npz
    target 7: index 4639
      wrote /scratch/mmoslem3/attack_if/gradient_alignment_outputs/CIFAR10/ResNet20BN/frog-airplane/target_4639/surrogate_013.npz
    target 8: index 2570
      wrote /scratch/mmoslem3/attack_if/gradient_alignment_outputs/CIFAR10/ResNet20BN/frog-airplane/target_2570/surrogate_013.npz
    target 9: index 3117
      wrote /scratch/mmoslem3/attack_if/gradient_alignment_outputs/CIFAR10/ResNet20BN/frog-airplane/target_3117/surrogate_013.npz
    target 10: index 2041
      wrote /scratch/mmoslem3/attack_if/gradient_alignment_outputs/CIFAR10/ResNet20BN/frog-airplane/target_2041/surrogate_013.npz
  surrogate 14: /scratch/mmoslem3/attack_if/cache/surrogates/ResNet20BN_60ep_lr0.1_bs128_seed42/net_14.pt
    target 1: index 9235
      wrote /scratch/mmoslem3/attack_if/gradient_alignment_outputs/CIFAR10/ResNet20BN/frog-airplane/target_9235/surrogate_014.npz
    target 2: index 338
      wrote /scratch/mmoslem3/attack_if/gradient_alignment_outputs/CIFAR10/ResNet20BN/frog-airplane/target_338/surrogate_014.npz
    target 3: index 255
      wrote /scratch/mmoslem3/attack_if/gradient_alignment_outputs/CIFAR10/ResNet20BN/frog-airplane/target_255/surrogate_014.npz
    target 4: index 3207
      wrote /scratch/mmoslem3/attack_if/gradient_alignment_outputs/CIFAR10/ResNet20BN/frog-airplane/target_3207/surrogate_014.npz
    target 5: index 8563
      wrote /scratch/mmoslem3/attack_if/gradient_alignment_outputs/CIFAR10/ResNet20BN/frog-airplane/target_8563/surrogate_014.npz
    target 6: index 912
      wrote /scratch/mmoslem3/attack_if/gradient_alignment_outputs/CIFAR10/ResNet20BN/frog-airplane/target_912/surrogate_014.npz
    target 7: index 4639
      wrote /scratch/mmoslem3/attack_if/gradient_alignment_outputs/CIFAR10/ResNet20BN/frog-airplane/target_4639/surrogate_014.npz
    target 8: index 2570
      wrote /scratch/mmoslem3/attack_if/gradient_alignment_outputs/CIFAR10/ResNet20BN/frog-airplane/target_2570/surrogate_014.npz
    target 9: index 3117
      wrote /scratch/mmoslem3/attack_if/gradient_alignment_outputs/CIFAR10/ResNet20BN/frog-airplane/target_3117/surrogate_014.npz
    target 10: index 2041
      wrote /scratch/mmoslem3/attack_if/gradient_alignment_outputs/CIFAR10/ResNet20BN/frog-airplane/target_2041/surrogate_014.npz
  surrogate 15: /scratch/mmoslem3/attack_if/cache/surrogates/ResNet20BN_60ep_lr0.1_bs128_seed42/net_15.pt
    target 1: index 9235
      wrote /scratch/mmoslem3/attack_if/gradient_alignment_outputs/CIFAR10/ResNet20BN/frog-airplane/target_9235/surrogate_015.npz
    target 2: index 338
      wrote /scratch/mmoslem3/attack_if/gradient_alignment_outputs/CIFAR10/ResNet20BN/frog-airplane/target_338/surrogate_015.npz
    target 3: index 255
      wrote /scratch/mmoslem3/attack_if/gradient_alignment_outputs/CIFAR10/ResNet20BN/frog-airplane/target_255/surrogate_015.npz
    target 4: index 3207
      wrote /scratch/mmoslem3/attack_if/gradient_alignment_outputs/CIFAR10/ResNet20BN/frog-airplane/target_3207/surrogate_015.npz
    target 5: index 8563
      wrote /scratch/mmoslem3/attack_if/gradient_alignment_outputs/CIFAR10/ResNet20BN/frog-airplane/target_8563/surrogate_015.npz
    target 6: index 912
      wrote /scratch/mmoslem3/attack_if/gradient_alignment_outputs/CIFAR10/ResNet20BN/frog-airplane/target_912/surrogate_015.npz
    target 7: index 4639
      wrote /scratch/mmoslem3/attack_if/gradient_alignment_outputs/CIFAR10/ResNet20BN/frog-airplane/target_4639/surrogate_015.npz
    target 8: index 2570
      wrote /scratch/mmoslem3/attack_if/gradient_alignment_outputs/CIFAR10/ResNet20BN/frog-airplane/target_2570/surrogate_015.npz
    target 9: index 3117
      wrote /scratch/mmoslem3/attack_if/gradient_alignment_outputs/CIFAR10/ResNet20BN/frog-airplane/target_3117/surrogate_015.npz
    target 10: index 2041
      wrote /scratch/mmoslem3/attack_if/gradient_alignment_outputs/CIFAR10/ResNet20BN/frog-airplane/target_2041/surrogate_015.npz
  surrogate 16: /scratch/mmoslem3/attack_if/cache/surrogates/ResNet20BN_60ep_lr0.1_bs128_seed42/net_16.pt
    target 1: index 9235
      wrote /scratch/mmoslem3/attack_if/gradient_alignment_outputs/CIFAR10/ResNet20BN/frog-airplane/target_9235/surrogate_016.npz
    target 2: index 338
      wrote /scratch/mmoslem3/attack_if/gradient_alignment_outputs/CIFAR10/ResNet20BN/frog-airplane/target_338/surrogate_016.npz
    target 3: index 255
      wrote /scratch/mmoslem3/attack_if/gradient_alignment_outputs/CIFAR10/ResNet20BN/frog-airplane/target_255/surrogate_016.npz
    target 4: index 3207
      wrote /scratch/mmoslem3/attack_if/gradient_alignment_outputs/CIFAR10/ResNet20BN/frog-airplane/target_3207/surrogate_016.npz
    target 5: index 8563
      wrote /scratch/mmoslem3/attack_if/gradient_alignment_outputs/CIFAR10/ResNet20BN/frog-airplane/target_8563/surrogate_016.npz
    target 6: index 912
      wrote /scratch/mmoslem3/attack_if/gradient_alignment_outputs/CIFAR10/ResNet20BN/frog-airplane/target_912/surrogate_016.npz
    target 7: index 4639
      wrote /scratch/mmoslem3/attack_if/gradient_alignment_outputs/CIFAR10/ResNet20BN/frog-airplane/target_4639/surrogate_016.npz
    target 8: index 2570
      wrote /scratch/mmoslem3/attack_if/gradient_alignment_outputs/CIFAR10/ResNet20BN/frog-airplane/target_2570/surrogate_016.npz
    target 9: index 3117
      wrote /scratch/mmoslem3/attack_if/gradient_alignment_outputs/CIFAR10/ResNet20BN/frog-airplane/target_3117/surrogate_016.npz
    target 10: index 2041
      wrote /scratch/mmoslem3/attack_if/gradient_alignment_outputs/CIFAR10/ResNet20BN/frog-airplane/target_2041/surrogate_016.npz
  surrogate 17: /scratch/mmoslem3/attack_if/cache/surrogates/ResNet20BN_60ep_lr0.1_bs128_seed42/net_17.pt
    target 1: index 9235
      wrote /scratch/mmoslem3/attack_if/gradient_alignment_outputs/CIFAR10/ResNet20BN/frog-airplane/target_9235/surrogate_017.npz
    target 2: index 338
      wrote /scratch/mmoslem3/attack_if/gradient_alignment_outputs/CIFAR10/ResNet20BN/frog-airplane/target_338/surrogate_017.npz
    target 3: index 255
      wrote /scratch/mmoslem3/attack_if/gradient_alignment_outputs/CIFAR10/ResNet20BN/frog-airplane/target_255/surrogate_017.npz
    target 4: index 3207
      wrote /scratch/mmoslem3/attack_if/gradient_alignment_outputs/CIFAR10/ResNet20BN/frog-airplane/target_3207/surrogate_017.npz
    target 5: index 8563
      wrote /scratch/mmoslem3/attack_if/gradient_alignment_outputs/CIFAR10/ResNet20BN/frog-airplane/target_8563/surrogate_017.npz
    target 6: index 912
      wrote /scratch/mmoslem3/attack_if/gradient_alignment_outputs/CIFAR10/ResNet20BN/frog-airplane/target_912/surrogate_017.npz
    target 7: index 4639
      wrote /scratch/mmoslem3/attack_if/gradient_alignment_outputs/CIFAR10/ResNet20BN/frog-airplane/target_4639/surrogate_017.npz
    target 8: index 2570
      wrote /scratch/mmoslem3/attack_if/gradient_alignment_outputs/CIFAR10/ResNet20BN/frog-airplane/target_2570/surrogate_017.npz
    target 9: index 3117
      wrote /scratch/mmoslem3/attack_if/gradient_alignment_outputs/CIFAR10/ResNet20BN/frog-airplane/target_3117/surrogate_017.npz
    target 10: index 2041
      wrote /scratch/mmoslem3/attack_if/gradient_alignment_outputs/CIFAR10/ResNet20BN/frog-airplane/target_2041/surrogate_017.npz
  surrogate 18: /scratch/mmoslem3/attack_if/cache/surrogates/ResNet20BN_60ep_lr0.1_bs128_seed42/net_18.pt
    target 1: index 9235
      wrote /scratch/mmoslem3/attack_if/gradient_alignment_outputs/CIFAR10/ResNet20BN/frog-airplane/target_9235/surrogate_018.npz
    target 2: index 338
      wrote /scratch/mmoslem3/attack_if/gradient_alignment_outputs/CIFAR10/ResNet20BN/frog-airplane/target_338/surrogate_018.npz
    target 3: index 255
      wrote /scratch/mmoslem3/attack_if/gradient_alignment_outputs/CIFAR10/ResNet20BN/frog-airplane/target_255/surrogate_018.npz
    target 4: index 3207
      wrote /scratch/mmoslem3/attack_if/gradient_alignment_outputs/CIFAR10/ResNet20BN/frog-airplane/target_3207/surrogate_018.npz
    target 5: index 8563
      wrote /scratch/mmoslem3/attack_if/gradient_alignment_outputs/CIFAR10/ResNet20BN/frog-airplane/target_8563/surrogate_018.npz
    target 6: index 912
      wrote /scratch/mmoslem3/attack_if/gradient_alignment_outputs/CIFAR10/ResNet20BN/frog-airplane/target_912/surrogate_018.npz
    target 7: index 4639
      wrote /scratch/mmoslem3/attack_if/gradient_alignment_outputs/CIFAR10/ResNet20BN/frog-airplane/target_4639/surrogate_018.npz
    target 8: index 2570
      wrote /scratch/mmoslem3/attack_if/gradient_alignment_outputs/CIFAR10/ResNet20BN/frog-airplane/target_2570/surrogate_018.npz
    target 9: index 3117
      wrote /scratch/mmoslem3/attack_if/gradient_alignment_outputs/CIFAR10/ResNet20BN/frog-airplane/target_3117/surrogate_018.npz
    target 10: index 2041
      wrote /scratch/mmoslem3/attack_if/gradient_alignment_outputs/CIFAR10/ResNet20BN/frog-airplane/target_2041/surrogate_018.npz
  surrogate 19: /scratch/mmoslem3/attack_if/cache/surrogates/ResNet20BN_60ep_lr0.1_bs128_seed42/net_19.pt
    target 1: index 9235
      wrote /scratch/mmoslem3/attack_if/gradient_alignment_outputs/CIFAR10/ResNet20BN/frog-airplane/target_9235/surrogate_019.npz
    target 2: index 338
      wrote /scratch/mmoslem3/attack_if/gradient_alignment_outputs/CIFAR10/ResNet20BN/frog-airplane/target_338/surrogate_019.npz
    target 3: index 255
      wrote /scratch/mmoslem3/attack_if/gradient_alignment_outputs/CIFAR10/ResNet20BN/frog-airplane/target_255/surrogate_019.npz
    target 4: index 3207
      wrote /scratch/mmoslem3/attack_if/gradient_alignment_outputs/CIFAR10/ResNet20BN/frog-airplane/target_3207/surrogate_019.npz
    target 5: index 8563
      wrote /scratch/mmoslem3/attack_if/gradient_alignment_outputs/CIFAR10/ResNet20BN/frog-airplane/target_8563/surrogate_019.npz
    target 6: index 912
      wrote /scratch/mmoslem3/attack_if/gradient_alignment_outputs/CIFAR10/ResNet20BN/frog-airplane/target_912/surrogate_019.npz
    target 7: index 4639
      wrote /scratch/mmoslem3/attack_if/gradient_alignment_outputs/CIFAR10/ResNet20BN/frog-airplane/target_4639/surrogate_019.npz
    target 8: index 2570
      wrote /scratch/mmoslem3/attack_if/gradient_alignment_outputs/CIFAR10/ResNet20BN/frog-airplane/target_2570/surrogate_019.npz
    target 9: index 3117
      wrote /scratch/mmoslem3/attack_if/gradient_alignment_outputs/CIFAR10/ResNet20BN/frog-airplane/target_3117/surrogate_019.npz
    target 10: index 2041
      wrote /scratch/mmoslem3/attack_if/gradient_alignment_outputs/CIFAR10/ResNet20BN/frog-airplane/target_2041/surrogate_019.npz
complete: /scratch/mmoslem3/attack_if/gradient_alignment_outputs/CIFAR10/ResNet20BN/frog-airplane
