[8/9] SVHN ConvNetBN 9-2
loading SVHN on cuda:0
candidate pool: 4659; targets: 10; surrogates: 20
  surrogate 0: /scratch/mmoslem3/attack_if/cache/surrogates/SVHN_ConvNetBN_60ep_lr0.1_bs128_seed42/net_0.pt
    target 1: index 23519
[2026-09-02 01:46:29]   Jacobian score exact backend: torch.func JVP
      wrote /scratch/mmoslem3/attack_if/gradient_alignment_outputs/SVHN/ConvNetBN/9-2/target_23519/surrogate_000.npz
    target 2: index 14692
      wrote /scratch/mmoslem3/attack_if/gradient_alignment_outputs/SVHN/ConvNetBN/9-2/target_14692/surrogate_000.npz
    target 3: index 21188
      wrote /scratch/mmoslem3/attack_if/gradient_alignment_outputs/SVHN/ConvNetBN/9-2/target_21188/surrogate_000.npz
    target 4: index 606
      wrote /scratch/mmoslem3/attack_if/gradient_alignment_outputs/SVHN/ConvNetBN/9-2/target_606/surrogate_000.npz
    target 5: index 24675
      wrote /scratch/mmoslem3/attack_if/gradient_alignment_outputs/SVHN/ConvNetBN/9-2/target_24675/surrogate_000.npz
    target 6: index 25983
      wrote /scratch/mmoslem3/attack_if/gradient_alignment_outputs/SVHN/ConvNetBN/9-2/target_25983/surrogate_000.npz
    target 7: index 24921
      wrote /scratch/mmoslem3/attack_if/gradient_alignment_outputs/SVHN/ConvNetBN/9-2/target_24921/surrogate_000.npz
    target 8: index 3478
      wrote /scratch/mmoslem3/attack_if/gradient_alignment_outputs/SVHN/ConvNetBN/9-2/target_3478/surrogate_000.npz
    target 9: index 11954
      wrote /scratch/mmoslem3/attack_if/gradient_alignment_outputs/SVHN/ConvNetBN/9-2/target_11954/surrogate_000.npz
    target 10: index 445
      wrote /scratch/mmoslem3/attack_if/gradient_alignment_outputs/SVHN/ConvNetBN/9-2/target_445/surrogate_000.npz
  surrogate 1: /scratch/mmoslem3/attack_if/cache/surrogates/SVHN_ConvNetBN_60ep_lr0.1_bs128_seed42/net_1.pt
    target 1: index 23519
      wrote /scratch/mmoslem3/attack_if/gradient_alignment_outputs/SVHN/ConvNetBN/9-2/target_23519/surrogate_001.npz
    target 2: index 14692
      wrote /scratch/mmoslem3/attack_if/gradient_alignment_outputs/SVHN/ConvNetBN/9-2/target_14692/surrogate_001.npz
    target 3: index 21188
      wrote /scratch/mmoslem3/attack_if/gradient_alignment_outputs/SVHN/ConvNetBN/9-2/target_21188/surrogate_001.npz
    target 4: index 606
      wrote /scratch/mmoslem3/attack_if/gradient_alignment_outputs/SVHN/ConvNetBN/9-2/target_606/surrogate_001.npz
    target 5: index 24675
      wrote /scratch/mmoslem3/attack_if/gradient_alignment_outputs/SVHN/ConvNetBN/9-2/target_24675/surrogate_001.npz
    target 6: index 25983
      wrote /scratch/mmoslem3/attack_if/gradient_alignment_outputs/SVHN/ConvNetBN/9-2/target_25983/surrogate_001.npz
    target 7: index 24921
      wrote /scratch/mmoslem3/attack_if/gradient_alignment_outputs/SVHN/ConvNetBN/9-2/target_24921/surrogate_001.npz
    target 8: index 3478
      wrote /scratch/mmoslem3/attack_if/gradient_alignment_outputs/SVHN/ConvNetBN/9-2/target_3478/surrogate_001.npz
    target 9: index 11954
      wrote /scratch/mmoslem3/attack_if/gradient_alignment_outputs/SVHN/ConvNetBN/9-2/target_11954/surrogate_001.npz
    target 10: index 445
      wrote /scratch/mmoslem3/attack_if/gradient_alignment_outputs/SVHN/ConvNetBN/9-2/target_445/surrogate_001.npz
  surrogate 2: /scratch/mmoslem3/attack_if/cache/surrogates/SVHN_ConvNetBN_60ep_lr0.1_bs128_seed42/net_2.pt
    target 1: index 23519
      wrote /scratch/mmoslem3/attack_if/gradient_alignment_outputs/SVHN/ConvNetBN/9-2/target_23519/surrogate_002.npz
    target 2: index 14692
      wrote /scratch/mmoslem3/attack_if/gradient_alignment_outputs/SVHN/ConvNetBN/9-2/target_14692/surrogate_002.npz
    target 3: index 21188
      wrote /scratch/mmoslem3/attack_if/gradient_alignment_outputs/SVHN/ConvNetBN/9-2/target_21188/surrogate_002.npz
    target 4: index 606
      wrote /scratch/mmoslem3/attack_if/gradient_alignment_outputs/SVHN/ConvNetBN/9-2/target_606/surrogate_002.npz
    target 5: index 24675
      wrote /scratch/mmoslem3/attack_if/gradient_alignment_outputs/SVHN/ConvNetBN/9-2/target_24675/surrogate_002.npz
    target 6: index 25983
      wrote /scratch/mmoslem3/attack_if/gradient_alignment_outputs/SVHN/ConvNetBN/9-2/target_25983/surrogate_002.npz
    target 7: index 24921
      wrote /scratch/mmoslem3/attack_if/gradient_alignment_outputs/SVHN/ConvNetBN/9-2/target_24921/surrogate_002.npz
    target 8: index 3478
      wrote /scratch/mmoslem3/attack_if/gradient_alignment_outputs/SVHN/ConvNetBN/9-2/target_3478/surrogate_002.npz
    target 9: index 11954
      wrote /scratch/mmoslem3/attack_if/gradient_alignment_outputs/SVHN/ConvNetBN/9-2/target_11954/surrogate_002.npz
    target 10: index 445
      wrote /scratch/mmoslem3/attack_if/gradient_alignment_outputs/SVHN/ConvNetBN/9-2/target_445/surrogate_002.npz
  surrogate 3: /scratch/mmoslem3/attack_if/cache/surrogates/SVHN_ConvNetBN_60ep_lr0.1_bs128_seed42/net_3.pt
    target 1: index 23519
      wrote /scratch/mmoslem3/attack_if/gradient_alignment_outputs/SVHN/ConvNetBN/9-2/target_23519/surrogate_003.npz
    target 2: index 14692
      wrote /scratch/mmoslem3/attack_if/gradient_alignment_outputs/SVHN/ConvNetBN/9-2/target_14692/surrogate_003.npz
    target 3: index 21188
      wrote /scratch/mmoslem3/attack_if/gradient_alignment_outputs/SVHN/ConvNetBN/9-2/target_21188/surrogate_003.npz
    target 4: index 606
      wrote /scratch/mmoslem3/attack_if/gradient_alignment_outputs/SVHN/ConvNetBN/9-2/target_606/surrogate_003.npz
    target 5: index 24675
      wrote /scratch/mmoslem3/attack_if/gradient_alignment_outputs/SVHN/ConvNetBN/9-2/target_24675/surrogate_003.npz
    target 6: index 25983
      wrote /scratch/mmoslem3/attack_if/gradient_alignment_outputs/SVHN/ConvNetBN/9-2/target_25983/surrogate_003.npz
    target 7: index 24921
      wrote /scratch/mmoslem3/attack_if/gradient_alignment_outputs/SVHN/ConvNetBN/9-2/target_24921/surrogate_003.npz
    target 8: index 3478
      wrote /scratch/mmoslem3/attack_if/gradient_alignment_outputs/SVHN/ConvNetBN/9-2/target_3478/surrogate_003.npz
    target 9: index 11954
      wrote /scratch/mmoslem3/attack_if/gradient_alignment_outputs/SVHN/ConvNetBN/9-2/target_11954/surrogate_003.npz
    target 10: index 445
      wrote /scratch/mmoslem3/attack_if/gradient_alignment_outputs/SVHN/ConvNetBN/9-2/target_445/surrogate_003.npz
  surrogate 4: /scratch/mmoslem3/attack_if/cache/surrogates/SVHN_ConvNetBN_60ep_lr0.1_bs128_seed42/net_4.pt
    target 1: index 23519
      wrote /scratch/mmoslem3/attack_if/gradient_alignment_outputs/SVHN/ConvNetBN/9-2/target_23519/surrogate_004.npz
    target 2: index 14692
      wrote /scratch/mmoslem3/attack_if/gradient_alignment_outputs/SVHN/ConvNetBN/9-2/target_14692/surrogate_004.npz
    target 3: index 21188
      wrote /scratch/mmoslem3/attack_if/gradient_alignment_outputs/SVHN/ConvNetBN/9-2/target_21188/surrogate_004.npz
    target 4: index 606
      wrote /scratch/mmoslem3/attack_if/gradient_alignment_outputs/SVHN/ConvNetBN/9-2/target_606/surrogate_004.npz
    target 5: index 24675
      wrote /scratch/mmoslem3/attack_if/gradient_alignment_outputs/SVHN/ConvNetBN/9-2/target_24675/surrogate_004.npz
    target 6: index 25983
      wrote /scratch/mmoslem3/attack_if/gradient_alignment_outputs/SVHN/ConvNetBN/9-2/target_25983/surrogate_004.npz
    target 7: index 24921
      wrote /scratch/mmoslem3/attack_if/gradient_alignment_outputs/SVHN/ConvNetBN/9-2/target_24921/surrogate_004.npz
    target 8: index 3478
      wrote /scratch/mmoslem3/attack_if/gradient_alignment_outputs/SVHN/ConvNetBN/9-2/target_3478/surrogate_004.npz
    target 9: index 11954
      wrote /scratch/mmoslem3/attack_if/gradient_alignment_outputs/SVHN/ConvNetBN/9-2/target_11954/surrogate_004.npz
    target 10: index 445
      wrote /scratch/mmoslem3/attack_if/gradient_alignment_outputs/SVHN/ConvNetBN/9-2/target_445/surrogate_004.npz
  surrogate 5: /scratch/mmoslem3/attack_if/cache/surrogates/SVHN_ConvNetBN_60ep_lr0.1_bs128_seed42/net_5.pt
    target 1: index 23519
      wrote /scratch/mmoslem3/attack_if/gradient_alignment_outputs/SVHN/ConvNetBN/9-2/target_23519/surrogate_005.npz
    target 2: index 14692
      wrote /scratch/mmoslem3/attack_if/gradient_alignment_outputs/SVHN/ConvNetBN/9-2/target_14692/surrogate_005.npz
    target 3: index 21188
      wrote /scratch/mmoslem3/attack_if/gradient_alignment_outputs/SVHN/ConvNetBN/9-2/target_21188/surrogate_005.npz
    target 4: index 606
      wrote /scratch/mmoslem3/attack_if/gradient_alignment_outputs/SVHN/ConvNetBN/9-2/target_606/surrogate_005.npz
    target 5: index 24675
      wrote /scratch/mmoslem3/attack_if/gradient_alignment_outputs/SVHN/ConvNetBN/9-2/target_24675/surrogate_005.npz
    target 6: index 25983
      wrote /scratch/mmoslem3/attack_if/gradient_alignment_outputs/SVHN/ConvNetBN/9-2/target_25983/surrogate_005.npz
    target 7: index 24921
      wrote /scratch/mmoslem3/attack_if/gradient_alignment_outputs/SVHN/ConvNetBN/9-2/target_24921/surrogate_005.npz
    target 8: index 3478
      wrote /scratch/mmoslem3/attack_if/gradient_alignment_outputs/SVHN/ConvNetBN/9-2/target_3478/surrogate_005.npz
    target 9: index 11954
      wrote /scratch/mmoslem3/attack_if/gradient_alignment_outputs/SVHN/ConvNetBN/9-2/target_11954/surrogate_005.npz
    target 10: index 445
      wrote /scratch/mmoslem3/attack_if/gradient_alignment_outputs/SVHN/ConvNetBN/9-2/target_445/surrogate_005.npz
  surrogate 6: /scratch/mmoslem3/attack_if/cache/surrogates/SVHN_ConvNetBN_60ep_lr0.1_bs128_seed42/net_6.pt
    target 1: index 23519
      wrote /scratch/mmoslem3/attack_if/gradient_alignment_outputs/SVHN/ConvNetBN/9-2/target_23519/surrogate_006.npz
    target 2: index 14692
      wrote /scratch/mmoslem3/attack_if/gradient_alignment_outputs/SVHN/ConvNetBN/9-2/target_14692/surrogate_006.npz
    target 3: index 21188
      wrote /scratch/mmoslem3/attack_if/gradient_alignment_outputs/SVHN/ConvNetBN/9-2/target_21188/surrogate_006.npz
    target 4: index 606
      wrote /scratch/mmoslem3/attack_if/gradient_alignment_outputs/SVHN/ConvNetBN/9-2/target_606/surrogate_006.npz
    target 5: index 24675
      wrote /scratch/mmoslem3/attack_if/gradient_alignment_outputs/SVHN/ConvNetBN/9-2/target_24675/surrogate_006.npz
    target 6: index 25983
      wrote /scratch/mmoslem3/attack_if/gradient_alignment_outputs/SVHN/ConvNetBN/9-2/target_25983/surrogate_006.npz
    target 7: index 24921
      wrote /scratch/mmoslem3/attack_if/gradient_alignment_outputs/SVHN/ConvNetBN/9-2/target_24921/surrogate_006.npz
    target 8: index 3478
      wrote /scratch/mmoslem3/attack_if/gradient_alignment_outputs/SVHN/ConvNetBN/9-2/target_3478/surrogate_006.npz
    target 9: index 11954
      wrote /scratch/mmoslem3/attack_if/gradient_alignment_outputs/SVHN/ConvNetBN/9-2/target_11954/surrogate_006.npz
    target 10: index 445
      wrote /scratch/mmoslem3/attack_if/gradient_alignment_outputs/SVHN/ConvNetBN/9-2/target_445/surrogate_006.npz
  surrogate 7: /scratch/mmoslem3/attack_if/cache/surrogates/SVHN_ConvNetBN_60ep_lr0.1_bs128_seed42/net_7.pt
    target 1: index 23519
      wrote /scratch/mmoslem3/attack_if/gradient_alignment_outputs/SVHN/ConvNetBN/9-2/target_23519/surrogate_007.npz
    target 2: index 14692
      wrote /scratch/mmoslem3/attack_if/gradient_alignment_outputs/SVHN/ConvNetBN/9-2/target_14692/surrogate_007.npz
    target 3: index 21188
      wrote /scratch/mmoslem3/attack_if/gradient_alignment_outputs/SVHN/ConvNetBN/9-2/target_21188/surrogate_007.npz
    target 4: index 606
      wrote /scratch/mmoslem3/attack_if/gradient_alignment_outputs/SVHN/ConvNetBN/9-2/target_606/surrogate_007.npz
    target 5: index 24675
      wrote /scratch/mmoslem3/attack_if/gradient_alignment_outputs/SVHN/ConvNetBN/9-2/target_24675/surrogate_007.npz
    target 6: index 25983
      wrote /scratch/mmoslem3/attack_if/gradient_alignment_outputs/SVHN/ConvNetBN/9-2/target_25983/surrogate_007.npz
    target 7: index 24921
      wrote /scratch/mmoslem3/attack_if/gradient_alignment_outputs/SVHN/ConvNetBN/9-2/target_24921/surrogate_007.npz
    target 8: index 3478
      wrote /scratch/mmoslem3/attack_if/gradient_alignment_outputs/SVHN/ConvNetBN/9-2/target_3478/surrogate_007.npz
    target 9: index 11954
      wrote /scratch/mmoslem3/attack_if/gradient_alignment_outputs/SVHN/ConvNetBN/9-2/target_11954/surrogate_007.npz
    target 10: index 445
      wrote /scratch/mmoslem3/attack_if/gradient_alignment_outputs/SVHN/ConvNetBN/9-2/target_445/surrogate_007.npz
  surrogate 8: /scratch/mmoslem3/attack_if/cache/surrogates/SVHN_ConvNetBN_60ep_lr0.1_bs128_seed42/net_8.pt
    target 1: index 23519
      wrote /scratch/mmoslem3/attack_if/gradient_alignment_outputs/SVHN/ConvNetBN/9-2/target_23519/surrogate_008.npz
    target 2: index 14692
      wrote /scratch/mmoslem3/attack_if/gradient_alignment_outputs/SVHN/ConvNetBN/9-2/target_14692/surrogate_008.npz
    target 3: index 21188
      wrote /scratch/mmoslem3/attack_if/gradient_alignment_outputs/SVHN/ConvNetBN/9-2/target_21188/surrogate_008.npz
    target 4: index 606
      wrote /scratch/mmoslem3/attack_if/gradient_alignment_outputs/SVHN/ConvNetBN/9-2/target_606/surrogate_008.npz
    target 5: index 24675
      wrote /scratch/mmoslem3/attack_if/gradient_alignment_outputs/SVHN/ConvNetBN/9-2/target_24675/surrogate_008.npz
    target 6: index 25983
      wrote /scratch/mmoslem3/attack_if/gradient_alignment_outputs/SVHN/ConvNetBN/9-2/target_25983/surrogate_008.npz
    target 7: index 24921
      wrote /scratch/mmoslem3/attack_if/gradient_alignment_outputs/SVHN/ConvNetBN/9-2/target_24921/surrogate_008.npz
    target 8: index 3478
      wrote /scratch/mmoslem3/attack_if/gradient_alignment_outputs/SVHN/ConvNetBN/9-2/target_3478/surrogate_008.npz
    target 9: index 11954
      wrote /scratch/mmoslem3/attack_if/gradient_alignment_outputs/SVHN/ConvNetBN/9-2/target_11954/surrogate_008.npz
    target 10: index 445
      wrote /scratch/mmoslem3/attack_if/gradient_alignment_outputs/SVHN/ConvNetBN/9-2/target_445/surrogate_008.npz
  surrogate 9: /scratch/mmoslem3/attack_if/cache/surrogates/SVHN_ConvNetBN_60ep_lr0.1_bs128_seed42/net_9.pt
    target 1: index 23519
      wrote /scratch/mmoslem3/attack_if/gradient_alignment_outputs/SVHN/ConvNetBN/9-2/target_23519/surrogate_009.npz
    target 2: index 14692
      wrote /scratch/mmoslem3/attack_if/gradient_alignment_outputs/SVHN/ConvNetBN/9-2/target_14692/surrogate_009.npz
    target 3: index 21188
      wrote /scratch/mmoslem3/attack_if/gradient_alignment_outputs/SVHN/ConvNetBN/9-2/target_21188/surrogate_009.npz
    target 4: index 606
      wrote /scratch/mmoslem3/attack_if/gradient_alignment_outputs/SVHN/ConvNetBN/9-2/target_606/surrogate_009.npz
    target 5: index 24675
      wrote /scratch/mmoslem3/attack_if/gradient_alignment_outputs/SVHN/ConvNetBN/9-2/target_24675/surrogate_009.npz
    target 6: index 25983
      wrote /scratch/mmoslem3/attack_if/gradient_alignment_outputs/SVHN/ConvNetBN/9-2/target_25983/surrogate_009.npz
    target 7: index 24921
      wrote /scratch/mmoslem3/attack_if/gradient_alignment_outputs/SVHN/ConvNetBN/9-2/target_24921/surrogate_009.npz
    target 8: index 3478
      wrote /scratch/mmoslem3/attack_if/gradient_alignment_outputs/SVHN/ConvNetBN/9-2/target_3478/surrogate_009.npz
    target 9: index 11954
      wrote /scratch/mmoslem3/attack_if/gradient_alignment_outputs/SVHN/ConvNetBN/9-2/target_11954/surrogate_009.npz
    target 10: index 445
      wrote /scratch/mmoslem3/attack_if/gradient_alignment_outputs/SVHN/ConvNetBN/9-2/target_445/surrogate_009.npz
  surrogate 10: /scratch/mmoslem3/attack_if/cache/surrogates/SVHN_ConvNetBN_60ep_lr0.1_bs128_seed42/net_10.pt
    target 1: index 23519
      wrote /scratch/mmoslem3/attack_if/gradient_alignment_outputs/SVHN/ConvNetBN/9-2/target_23519/surrogate_010.npz
    target 2: index 14692
      wrote /scratch/mmoslem3/attack_if/gradient_alignment_outputs/SVHN/ConvNetBN/9-2/target_14692/surrogate_010.npz
    target 3: index 21188
      wrote /scratch/mmoslem3/attack_if/gradient_alignment_outputs/SVHN/ConvNetBN/9-2/target_21188/surrogate_010.npz
    target 4: index 606
      wrote /scratch/mmoslem3/attack_if/gradient_alignment_outputs/SVHN/ConvNetBN/9-2/target_606/surrogate_010.npz
    target 5: index 24675
      wrote /scratch/mmoslem3/attack_if/gradient_alignment_outputs/SVHN/ConvNetBN/9-2/target_24675/surrogate_010.npz
    target 6: index 25983
      wrote /scratch/mmoslem3/attack_if/gradient_alignment_outputs/SVHN/ConvNetBN/9-2/target_25983/surrogate_010.npz
    target 7: index 24921
      wrote /scratch/mmoslem3/attack_if/gradient_alignment_outputs/SVHN/ConvNetBN/9-2/target_24921/surrogate_010.npz
    target 8: index 3478
      wrote /scratch/mmoslem3/attack_if/gradient_alignment_outputs/SVHN/ConvNetBN/9-2/target_3478/surrogate_010.npz
    target 9: index 11954
      wrote /scratch/mmoslem3/attack_if/gradient_alignment_outputs/SVHN/ConvNetBN/9-2/target_11954/surrogate_010.npz
    target 10: index 445
      wrote /scratch/mmoslem3/attack_if/gradient_alignment_outputs/SVHN/ConvNetBN/9-2/target_445/surrogate_010.npz
  surrogate 11: /scratch/mmoslem3/attack_if/cache/surrogates/SVHN_ConvNetBN_60ep_lr0.1_bs128_seed42/net_11.pt
    target 1: index 23519
      wrote /scratch/mmoslem3/attack_if/gradient_alignment_outputs/SVHN/ConvNetBN/9-2/target_23519/surrogate_011.npz
    target 2: index 14692
      wrote /scratch/mmoslem3/attack_if/gradient_alignment_outputs/SVHN/ConvNetBN/9-2/target_14692/surrogate_011.npz
    target 3: index 21188
      wrote /scratch/mmoslem3/attack_if/gradient_alignment_outputs/SVHN/ConvNetBN/9-2/target_21188/surrogate_011.npz
    target 4: index 606
      wrote /scratch/mmoslem3/attack_if/gradient_alignment_outputs/SVHN/ConvNetBN/9-2/target_606/surrogate_011.npz
    target 5: index 24675
      wrote /scratch/mmoslem3/attack_if/gradient_alignment_outputs/SVHN/ConvNetBN/9-2/target_24675/surrogate_011.npz
    target 6: index 25983
      wrote /scratch/mmoslem3/attack_if/gradient_alignment_outputs/SVHN/ConvNetBN/9-2/target_25983/surrogate_011.npz
    target 7: index 24921
      wrote /scratch/mmoslem3/attack_if/gradient_alignment_outputs/SVHN/ConvNetBN/9-2/target_24921/surrogate_011.npz
    target 8: index 3478
      wrote /scratch/mmoslem3/attack_if/gradient_alignment_outputs/SVHN/ConvNetBN/9-2/target_3478/surrogate_011.npz
    target 9: index 11954
      wrote /scratch/mmoslem3/attack_if/gradient_alignment_outputs/SVHN/ConvNetBN/9-2/target_11954/surrogate_011.npz
    target 10: index 445
      wrote /scratch/mmoslem3/attack_if/gradient_alignment_outputs/SVHN/ConvNetBN/9-2/target_445/surrogate_011.npz
  surrogate 12: /scratch/mmoslem3/attack_if/cache/surrogates/SVHN_ConvNetBN_60ep_lr0.1_bs128_seed42/net_12.pt
    target 1: index 23519
      wrote /scratch/mmoslem3/attack_if/gradient_alignment_outputs/SVHN/ConvNetBN/9-2/target_23519/surrogate_012.npz
    target 2: index 14692
      wrote /scratch/mmoslem3/attack_if/gradient_alignment_outputs/SVHN/ConvNetBN/9-2/target_14692/surrogate_012.npz
    target 3: index 21188
      wrote /scratch/mmoslem3/attack_if/gradient_alignment_outputs/SVHN/ConvNetBN/9-2/target_21188/surrogate_012.npz
    target 4: index 606
      wrote /scratch/mmoslem3/attack_if/gradient_alignment_outputs/SVHN/ConvNetBN/9-2/target_606/surrogate_012.npz
    target 5: index 24675
      wrote /scratch/mmoslem3/attack_if/gradient_alignment_outputs/SVHN/ConvNetBN/9-2/target_24675/surrogate_012.npz
    target 6: index 25983
      wrote /scratch/mmoslem3/attack_if/gradient_alignment_outputs/SVHN/ConvNetBN/9-2/target_25983/surrogate_012.npz
    target 7: index 24921
      wrote /scratch/mmoslem3/attack_if/gradient_alignment_outputs/SVHN/ConvNetBN/9-2/target_24921/surrogate_012.npz
    target 8: index 3478
      wrote /scratch/mmoslem3/attack_if/gradient_alignment_outputs/SVHN/ConvNetBN/9-2/target_3478/surrogate_012.npz
    target 9: index 11954
      wrote /scratch/mmoslem3/attack_if/gradient_alignment_outputs/SVHN/ConvNetBN/9-2/target_11954/surrogate_012.npz
    target 10: index 445
      wrote /scratch/mmoslem3/attack_if/gradient_alignment_outputs/SVHN/ConvNetBN/9-2/target_445/surrogate_012.npz
  surrogate 13: /scratch/mmoslem3/attack_if/cache/surrogates/SVHN_ConvNetBN_60ep_lr0.1_bs128_seed42/net_13.pt
    target 1: index 23519
      wrote /scratch/mmoslem3/attack_if/gradient_alignment_outputs/SVHN/ConvNetBN/9-2/target_23519/surrogate_013.npz
    target 2: index 14692
      wrote /scratch/mmoslem3/attack_if/gradient_alignment_outputs/SVHN/ConvNetBN/9-2/target_14692/surrogate_013.npz
    target 3: index 21188
      wrote /scratch/mmoslem3/attack_if/gradient_alignment_outputs/SVHN/ConvNetBN/9-2/target_21188/surrogate_013.npz
    target 4: index 606
      wrote /scratch/mmoslem3/attack_if/gradient_alignment_outputs/SVHN/ConvNetBN/9-2/target_606/surrogate_013.npz
    target 5: index 24675
      wrote /scratch/mmoslem3/attack_if/gradient_alignment_outputs/SVHN/ConvNetBN/9-2/target_24675/surrogate_013.npz
    target 6: index 25983
      wrote /scratch/mmoslem3/attack_if/gradient_alignment_outputs/SVHN/ConvNetBN/9-2/target_25983/surrogate_013.npz
    target 7: index 24921
      wrote /scratch/mmoslem3/attack_if/gradient_alignment_outputs/SVHN/ConvNetBN/9-2/target_24921/surrogate_013.npz
    target 8: index 3478
      wrote /scratch/mmoslem3/attack_if/gradient_alignment_outputs/SVHN/ConvNetBN/9-2/target_3478/surrogate_013.npz
    target 9: index 11954
      wrote /scratch/mmoslem3/attack_if/gradient_alignment_outputs/SVHN/ConvNetBN/9-2/target_11954/surrogate_013.npz
    target 10: index 445
      wrote /scratch/mmoslem3/attack_if/gradient_alignment_outputs/SVHN/ConvNetBN/9-2/target_445/surrogate_013.npz
  surrogate 14: /scratch/mmoslem3/attack_if/cache/surrogates/SVHN_ConvNetBN_60ep_lr0.1_bs128_seed42/net_14.pt
    target 1: index 23519
      wrote /scratch/mmoslem3/attack_if/gradient_alignment_outputs/SVHN/ConvNetBN/9-2/target_23519/surrogate_014.npz
    target 2: index 14692
      wrote /scratch/mmoslem3/attack_if/gradient_alignment_outputs/SVHN/ConvNetBN/9-2/target_14692/surrogate_014.npz
    target 3: index 21188
      wrote /scratch/mmoslem3/attack_if/gradient_alignment_outputs/SVHN/ConvNetBN/9-2/target_21188/surrogate_014.npz
    target 4: index 606
      wrote /scratch/mmoslem3/attack_if/gradient_alignment_outputs/SVHN/ConvNetBN/9-2/target_606/surrogate_014.npz
    target 5: index 24675
      wrote /scratch/mmoslem3/attack_if/gradient_alignment_outputs/SVHN/ConvNetBN/9-2/target_24675/surrogate_014.npz
    target 6: index 25983
      wrote /scratch/mmoslem3/attack_if/gradient_alignment_outputs/SVHN/ConvNetBN/9-2/target_25983/surrogate_014.npz
    target 7: index 24921
      wrote /scratch/mmoslem3/attack_if/gradient_alignment_outputs/SVHN/ConvNetBN/9-2/target_24921/surrogate_014.npz
    target 8: index 3478
      wrote /scratch/mmoslem3/attack_if/gradient_alignment_outputs/SVHN/ConvNetBN/9-2/target_3478/surrogate_014.npz
    target 9: index 11954
      wrote /scratch/mmoslem3/attack_if/gradient_alignment_outputs/SVHN/ConvNetBN/9-2/target_11954/surrogate_014.npz
    target 10: index 445
      wrote /scratch/mmoslem3/attack_if/gradient_alignment_outputs/SVHN/ConvNetBN/9-2/target_445/surrogate_014.npz
  surrogate 15: /scratch/mmoslem3/attack_if/cache/surrogates/SVHN_ConvNetBN_60ep_lr0.1_bs128_seed42/net_15.pt
    target 1: index 23519
      wrote /scratch/mmoslem3/attack_if/gradient_alignment_outputs/SVHN/ConvNetBN/9-2/target_23519/surrogate_015.npz
    target 2: index 14692
      wrote /scratch/mmoslem3/attack_if/gradient_alignment_outputs/SVHN/ConvNetBN/9-2/target_14692/surrogate_015.npz
    target 3: index 21188
      wrote /scratch/mmoslem3/attack_if/gradient_alignment_outputs/SVHN/ConvNetBN/9-2/target_21188/surrogate_015.npz
    target 4: index 606
      wrote /scratch/mmoslem3/attack_if/gradient_alignment_outputs/SVHN/ConvNetBN/9-2/target_606/surrogate_015.npz
    target 5: index 24675
      wrote /scratch/mmoslem3/attack_if/gradient_alignment_outputs/SVHN/ConvNetBN/9-2/target_24675/surrogate_015.npz
    target 6: index 25983
      wrote /scratch/mmoslem3/attack_if/gradient_alignment_outputs/SVHN/ConvNetBN/9-2/target_25983/surrogate_015.npz
    target 7: index 24921
      wrote /scratch/mmoslem3/attack_if/gradient_alignment_outputs/SVHN/ConvNetBN/9-2/target_24921/surrogate_015.npz
    target 8: index 3478
      wrote /scratch/mmoslem3/attack_if/gradient_alignment_outputs/SVHN/ConvNetBN/9-2/target_3478/surrogate_015.npz
    target 9: index 11954
      wrote /scratch/mmoslem3/attack_if/gradient_alignment_outputs/SVHN/ConvNetBN/9-2/target_11954/surrogate_015.npz
    target 10: index 445
      wrote /scratch/mmoslem3/attack_if/gradient_alignment_outputs/SVHN/ConvNetBN/9-2/target_445/surrogate_015.npz
  surrogate 16: /scratch/mmoslem3/attack_if/cache/surrogates/SVHN_ConvNetBN_60ep_lr0.1_bs128_seed42/net_16.pt
    target 1: index 23519
      wrote /scratch/mmoslem3/attack_if/gradient_alignment_outputs/SVHN/ConvNetBN/9-2/target_23519/surrogate_016.npz
    target 2: index 14692
      wrote /scratch/mmoslem3/attack_if/gradient_alignment_outputs/SVHN/ConvNetBN/9-2/target_14692/surrogate_016.npz
    target 3: index 21188
      wrote /scratch/mmoslem3/attack_if/gradient_alignment_outputs/SVHN/ConvNetBN/9-2/target_21188/surrogate_016.npz
    target 4: index 606
      wrote /scratch/mmoslem3/attack_if/gradient_alignment_outputs/SVHN/ConvNetBN/9-2/target_606/surrogate_016.npz
    target 5: index 24675
      wrote /scratch/mmoslem3/attack_if/gradient_alignment_outputs/SVHN/ConvNetBN/9-2/target_24675/surrogate_016.npz
    target 6: index 25983
      wrote /scratch/mmoslem3/attack_if/gradient_alignment_outputs/SVHN/ConvNetBN/9-2/target_25983/surrogate_016.npz
    target 7: index 24921
      wrote /scratch/mmoslem3/attack_if/gradient_alignment_outputs/SVHN/ConvNetBN/9-2/target_24921/surrogate_016.npz
    target 8: index 3478
      wrote /scratch/mmoslem3/attack_if/gradient_alignment_outputs/SVHN/ConvNetBN/9-2/target_3478/surrogate_016.npz
    target 9: index 11954
      wrote /scratch/mmoslem3/attack_if/gradient_alignment_outputs/SVHN/ConvNetBN/9-2/target_11954/surrogate_016.npz
    target 10: index 445
      wrote /scratch/mmoslem3/attack_if/gradient_alignment_outputs/SVHN/ConvNetBN/9-2/target_445/surrogate_016.npz
  surrogate 17: /scratch/mmoslem3/attack_if/cache/surrogates/SVHN_ConvNetBN_60ep_lr0.1_bs128_seed42/net_17.pt
    target 1: index 23519
      wrote /scratch/mmoslem3/attack_if/gradient_alignment_outputs/SVHN/ConvNetBN/9-2/target_23519/surrogate_017.npz
    target 2: index 14692
      wrote /scratch/mmoslem3/attack_if/gradient_alignment_outputs/SVHN/ConvNetBN/9-2/target_14692/surrogate_017.npz
    target 3: index 21188
      wrote /scratch/mmoslem3/attack_if/gradient_alignment_outputs/SVHN/ConvNetBN/9-2/target_21188/surrogate_017.npz
    target 4: index 606
      wrote /scratch/mmoslem3/attack_if/gradient_alignment_outputs/SVHN/ConvNetBN/9-2/target_606/surrogate_017.npz
    target 5: index 24675
      wrote /scratch/mmoslem3/attack_if/gradient_alignment_outputs/SVHN/ConvNetBN/9-2/target_24675/surrogate_017.npz
    target 6: index 25983
      wrote /scratch/mmoslem3/attack_if/gradient_alignment_outputs/SVHN/ConvNetBN/9-2/target_25983/surrogate_017.npz
    target 7: index 24921
      wrote /scratch/mmoslem3/attack_if/gradient_alignment_outputs/SVHN/ConvNetBN/9-2/target_24921/surrogate_017.npz
    target 8: index 3478
      wrote /scratch/mmoslem3/attack_if/gradient_alignment_outputs/SVHN/ConvNetBN/9-2/target_3478/surrogate_017.npz
    target 9: index 11954
      wrote /scratch/mmoslem3/attack_if/gradient_alignment_outputs/SVHN/ConvNetBN/9-2/target_11954/surrogate_017.npz
    target 10: index 445
      wrote /scratch/mmoslem3/attack_if/gradient_alignment_outputs/SVHN/ConvNetBN/9-2/target_445/surrogate_017.npz
  surrogate 18: /scratch/mmoslem3/attack_if/cache/surrogates/SVHN_ConvNetBN_60ep_lr0.1_bs128_seed42/net_18.pt
    target 1: index 23519
      wrote /scratch/mmoslem3/attack_if/gradient_alignment_outputs/SVHN/ConvNetBN/9-2/target_23519/surrogate_018.npz
    target 2: index 14692
      wrote /scratch/mmoslem3/attack_if/gradient_alignment_outputs/SVHN/ConvNetBN/9-2/target_14692/surrogate_018.npz
    target 3: index 21188
      wrote /scratch/mmoslem3/attack_if/gradient_alignment_outputs/SVHN/ConvNetBN/9-2/target_21188/surrogate_018.npz
    target 4: index 606
      wrote /scratch/mmoslem3/attack_if/gradient_alignment_outputs/SVHN/ConvNetBN/9-2/target_606/surrogate_018.npz
    target 5: index 24675
      wrote /scratch/mmoslem3/attack_if/gradient_alignment_outputs/SVHN/ConvNetBN/9-2/target_24675/surrogate_018.npz
    target 6: index 25983
      wrote /scratch/mmoslem3/attack_if/gradient_alignment_outputs/SVHN/ConvNetBN/9-2/target_25983/surrogate_018.npz
    target 7: index 24921
      wrote /scratch/mmoslem3/attack_if/gradient_alignment_outputs/SVHN/ConvNetBN/9-2/target_24921/surrogate_018.npz
    target 8: index 3478
      wrote /scratch/mmoslem3/attack_if/gradient_alignment_outputs/SVHN/ConvNetBN/9-2/target_3478/surrogate_018.npz
    target 9: index 11954
      wrote /scratch/mmoslem3/attack_if/gradient_alignment_outputs/SVHN/ConvNetBN/9-2/target_11954/surrogate_018.npz
    target 10: index 445
      wrote /scratch/mmoslem3/attack_if/gradient_alignment_outputs/SVHN/ConvNetBN/9-2/target_445/surrogate_018.npz
  surrogate 19: /scratch/mmoslem3/attack_if/cache/surrogates/SVHN_ConvNetBN_60ep_lr0.1_bs128_seed42/net_19.pt
    target 1: index 23519
      wrote /scratch/mmoslem3/attack_if/gradient_alignment_outputs/SVHN/ConvNetBN/9-2/target_23519/surrogate_019.npz
    target 2: index 14692
      wrote /scratch/mmoslem3/attack_if/gradient_alignment_outputs/SVHN/ConvNetBN/9-2/target_14692/surrogate_019.npz
    target 3: index 21188
      wrote /scratch/mmoslem3/attack_if/gradient_alignment_outputs/SVHN/ConvNetBN/9-2/target_21188/surrogate_019.npz
    target 4: index 606
      wrote /scratch/mmoslem3/attack_if/gradient_alignment_outputs/SVHN/ConvNetBN/9-2/target_606/surrogate_019.npz
    target 5: index 24675
      wrote /scratch/mmoslem3/attack_if/gradient_alignment_outputs/SVHN/ConvNetBN/9-2/target_24675/surrogate_019.npz
    target 6: index 25983
      wrote /scratch/mmoslem3/attack_if/gradient_alignment_outputs/SVHN/ConvNetBN/9-2/target_25983/surrogate_019.npz
    target 7: index 24921
      wrote /scratch/mmoslem3/attack_if/gradient_alignment_outputs/SVHN/ConvNetBN/9-2/target_24921/surrogate_019.npz
    target 8: index 3478
      wrote /scratch/mmoslem3/attack_if/gradient_alignment_outputs/SVHN/ConvNetBN/9-2/target_3478/surrogate_019.npz
    target 9: index 11954
      wrote /scratch/mmoslem3/attack_if/gradient_alignment_outputs/SVHN/ConvNetBN/9-2/target_11954/surrogate_019.npz
    target 10: index 445
      wrote /scratch/mmoslem3/attack_if/gradient_alignment_outputs/SVHN/ConvNetBN/9-2/target_445/surrogate_019.npz
complete: /scratch/mmoslem3/attack_if/gradient_alignment_outputs/SVHN/ConvNetBN/9-2
