[resume] skipping 57 already-complete configs (summary.json exists), 87 remaining to dispatch
[launch] gpu=0 idx=018 CIFAR10_VGG13BN_FC_ours_dog-bird_budget0.05_seed42_K5_coef1.0 pid=262499 cold_ref=False cold_group=False
[launch] gpu=0 idx=019 CIFAR10_VGG13BN_FC_ours_dog-bird_budget0.02_seed42_K5_coef1.0 pid=262500 cold_ref=False cold_group=False
[launch] gpu=0 idx=020 CIFAR10_VGG13BN_FC_ours_dog-bird_budget0.01_seed42_K5_coef1.0 pid=262501 cold_ref=False cold_group=False
[launch] gpu=0 idx=021 CIFAR10_VGG13BN_FC_ours_dog-bird_budget0.005_seed42_K5_coef1.0 pid=262503 cold_ref=False cold_group=False
[launch] gpu=0 idx=022 CIFAR10_VGG13BN_FC_ours_dog-bird_budget0.002_seed42_K5_coef1.0 pid=262505 cold_ref=False cold_group=False
[launch] gpu=1 idx=023 CIFAR10_VGG13BN_FC_ours_dog-bird_budget0.001_seed42_K5_coef1.0 pid=262507 cold_ref=False cold_group=False
[launch] gpu=1 idx=043 CIFAR10_ConvNetBN_FC_ours_frog-airplane_budget0.02_seed42_K5_coef1.0 pid=262509 cold_ref=False cold_group=False
[launch] gpu=1 idx=044 CIFAR10_ConvNetBN_FC_ours_frog-airplane_budget0.01_seed42_K5_coef1.0 pid=262511 cold_ref=False cold_group=False
[launch] gpu=1 idx=045 CIFAR10_ConvNetBN_FC_ours_frog-airplane_budget0.005_seed42_K5_coef1.0 pid=262513 cold_ref=False cold_group=False
[launch] gpu=1 idx=046 CIFAR10_ConvNetBN_FC_ours_frog-airplane_budget0.002_seed42_K5_coef1.0 pid=262516 cold_ref=False cold_group=False
[launch] gpu=2 idx=047 CIFAR10_ConvNetBN_FC_ours_frog-airplane_budget0.001_seed42_K5_coef1.0 pid=262517 cold_ref=False cold_group=False
[launch] gpu=2 idx=049 CIFAR10_VGG13BN_FC_random_frog-airplane_budget0.02_seed42 pid=262518 cold_ref=False cold_group=False
[launch] gpu=2 idx=050 CIFAR10_VGG13BN_FC_random_frog-airplane_budget0.01_seed42 pid=262520 cold_ref=False cold_group=False
[launch] gpu=2 idx=051 CIFAR10_VGG13BN_FC_random_frog-airplane_budget0.005_seed42 pid=262524 cold_ref=False cold_group=False
[launch] gpu=2 idx=052 CIFAR10_VGG13BN_FC_random_frog-airplane_budget0.002_seed42 pid=262525 cold_ref=False cold_group=False
[launch] gpu=3 idx=053 CIFAR10_VGG13BN_FC_random_frog-airplane_budget0.001_seed42 pid=262527 cold_ref=False cold_group=False
[launch] gpu=3 idx=054 CIFAR10_VGG13BN_FC_ours_frog-airplane_budget0.05_seed42_K5_coef1.0 pid=262529 cold_ref=False cold_group=False
[launch] gpu=3 idx=055 CIFAR10_VGG13BN_FC_ours_frog-airplane_budget0.02_seed42_K5_coef1.0 pid=262531 cold_ref=False cold_group=False
[launch] gpu=3 idx=056 CIFAR10_VGG13BN_FC_ours_frog-airplane_budget0.01_seed42_K5_coef1.0 pid=262534 cold_ref=False cold_group=False
[launch] gpu=3 idx=057 CIFAR10_VGG13BN_FC_ours_frog-airplane_budget0.005_seed42_K5_coef1.0 pid=262535 cold_ref=False cold_group=False
[launch] gpu=4 idx=058 CIFAR10_VGG13BN_FC_ours_frog-airplane_budget0.002_seed42_K5_coef1.0 pid=262537 cold_ref=False cold_group=False
[launch] gpu=4 idx=059 CIFAR10_VGG13BN_FC_ours_frog-airplane_budget0.001_seed42_K5_coef1.0 pid=262538 cold_ref=False cold_group=False
[launch] gpu=4 idx=060 CIFAR10_ResNet20BN_FC_random_frog-airplane_budget0.05_seed42 pid=262541 cold_ref=False cold_group=False
[launch] gpu=4 idx=061 CIFAR10_ResNet20BN_FC_random_frog-airplane_budget0.02_seed42 pid=262543 cold_ref=False cold_group=False
[launch] gpu=4 idx=062 CIFAR10_ResNet20BN_FC_random_frog-airplane_budget0.01_seed42 pid=262545 cold_ref=False cold_group=False
[launch] gpu=5 idx=063 CIFAR10_ResNet20BN_FC_random_frog-airplane_budget0.005_seed42 pid=262548 cold_ref=False cold_group=False
[launch] gpu=5 idx=064 CIFAR10_ResNet20BN_FC_random_frog-airplane_budget0.002_seed42 pid=262550 cold_ref=False cold_group=False
[launch] gpu=5 idx=065 CIFAR10_ResNet20BN_FC_random_frog-airplane_budget0.001_seed42 pid=262552 cold_ref=False cold_group=False
[launch] gpu=5 idx=066 CIFAR10_ResNet20BN_FC_ours_frog-airplane_budget0.05_seed42_K5_coef1.0 pid=262554 cold_ref=False cold_group=True
[launch] gpu=5 idx=078 CIFAR10_ConvNetBN_GRAD_ours_dog-bird_budget0.05_seed42_K5_coef1.0 pid=262556 cold_ref=False cold_group=False
[launch] gpu=6 idx=079 CIFAR10_ConvNetBN_GRAD_ours_dog-bird_budget0.02_seed42_K5_coef1.0 pid=262557 cold_ref=False cold_group=False
[launch] gpu=6 idx=080 CIFAR10_ConvNetBN_GRAD_ours_dog-bird_budget0.01_seed42_K5_coef1.0 pid=262559 cold_ref=False cold_group=False
[launch] gpu=6 idx=081 CIFAR10_ConvNetBN_GRAD_ours_dog-bird_budget0.005_seed42_K5_coef1.0 pid=262562 cold_ref=False cold_group=False
[launch] gpu=6 idx=082 CIFAR10_ConvNetBN_GRAD_ours_dog-bird_budget0.002_seed42_K5_coef1.0 pid=262563 cold_ref=False cold_group=False
[launch] gpu=6 idx=083 CIFAR10_ConvNetBN_GRAD_ours_dog-bird_budget0.001_seed42_K5_coef1.0 pid=262565 cold_ref=False cold_group=False
[launch] gpu=7 idx=085 CIFAR10_VGG13BN_GRAD_random_dog-bird_budget0.02_seed42 pid=262568 cold_ref=False cold_group=False
[launch] gpu=7 idx=086 CIFAR10_VGG13BN_GRAD_random_dog-bird_budget0.01_seed42 pid=262570 cold_ref=False cold_group=False
[launch] gpu=7 idx=087 CIFAR10_VGG13BN_GRAD_random_dog-bird_budget0.005_seed42 pid=262572 cold_ref=False cold_group=False
[launch] gpu=7 idx=088 CIFAR10_VGG13BN_GRAD_random_dog-bird_budget0.002_seed42 pid=262573 cold_ref=False cold_group=False
[launch] gpu=7 idx=089 CIFAR10_VGG13BN_GRAD_random_dog-bird_budget0.001_seed42 pid=262576 cold_ref=False cold_group=False
[done] idx=043 CIFAR10_ConvNetBN_FC_ours_frog-airplane_budget0.02_seed42_K5_coef1.0 rc=0 dur=19.5min
[launch] gpu=1 idx=090 CIFAR10_VGG13BN_GRAD_ours_dog-bird_budget0.05_seed42_K5_coef1.0 pid=282591 cold_ref=False cold_group=False
