[resume] skipping 34 already-complete configs (summary.json exists), 110 remaining to dispatch
[launch] gpu=0 idx=018 CIFAR10_VGG13BN_FC_ours_dog-bird_budget0.05_seed42_K5_coef1.0 pid=293393 cold_ref=False cold_targets=False cold_group=False
[launch] gpu=0 idx=019 CIFAR10_VGG13BN_FC_ours_dog-bird_budget0.02_seed42_K5_coef1.0 pid=293394 cold_ref=False cold_targets=False cold_group=False
[launch] gpu=0 idx=020 CIFAR10_VGG13BN_FC_ours_dog-bird_budget0.01_seed42_K5_coef1.0 pid=293396 cold_ref=False cold_targets=False cold_group=False
[launch] gpu=0 idx=021 CIFAR10_VGG13BN_FC_ours_dog-bird_budget0.005_seed42_K5_coef1.0 pid=293397 cold_ref=False cold_targets=False cold_group=False
[launch] gpu=0 idx=022 CIFAR10_VGG13BN_FC_ours_dog-bird_budget0.002_seed42_K5_coef1.0 pid=293399 cold_ref=False cold_targets=False cold_group=False
[launch] gpu=1 idx=023 CIFAR10_VGG13BN_FC_ours_dog-bird_budget0.001_seed42_K5_coef1.0 pid=293401 cold_ref=False cold_targets=False cold_group=False
[launch] gpu=1 idx=024 CIFAR10_ResNet20BN_FC_random_dog-bird_budget0.05_seed42 pid=293403 cold_ref=False cold_targets=True cold_group=False
[launch] gpu=1 idx=044 CIFAR10_ConvNetBN_FC_ours_frog-airplane_budget0.01_seed42_K5_coef1.0 pid=293406 cold_ref=False cold_targets=False cold_group=False
[launch] gpu=1 idx=045 CIFAR10_ConvNetBN_FC_ours_frog-airplane_budget0.005_seed42_K5_coef1.0 pid=293408 cold_ref=False cold_targets=False cold_group=False
[launch] gpu=1 idx=046 CIFAR10_ConvNetBN_FC_ours_frog-airplane_budget0.002_seed42_K5_coef1.0 pid=293409 cold_ref=False cold_targets=False cold_group=False
[launch] gpu=2 idx=047 CIFAR10_ConvNetBN_FC_ours_frog-airplane_budget0.001_seed42_K5_coef1.0 pid=293412 cold_ref=False cold_targets=False cold_group=False
[launch] gpu=2 idx=049 CIFAR10_VGG13BN_FC_random_frog-airplane_budget0.02_seed42 pid=293413 cold_ref=False cold_targets=False cold_group=False
[launch] gpu=2 idx=050 CIFAR10_VGG13BN_FC_random_frog-airplane_budget0.01_seed42 pid=293416 cold_ref=False cold_targets=False cold_group=False
[launch] gpu=2 idx=051 CIFAR10_VGG13BN_FC_random_frog-airplane_budget0.005_seed42 pid=293418 cold_ref=False cold_targets=False cold_group=False
[launch] gpu=2 idx=052 CIFAR10_VGG13BN_FC_random_frog-airplane_budget0.002_seed42 pid=293420 cold_ref=False cold_targets=False cold_group=False
[launch] gpu=3 idx=053 CIFAR10_VGG13BN_FC_random_frog-airplane_budget0.001_seed42 pid=293422 cold_ref=False cold_targets=False cold_group=False
[launch] gpu=3 idx=054 CIFAR10_VGG13BN_FC_ours_frog-airplane_budget0.05_seed42_K5_coef1.0 pid=293423 cold_ref=False cold_targets=False cold_group=False
[launch] gpu=3 idx=055 CIFAR10_VGG13BN_FC_ours_frog-airplane_budget0.02_seed42_K5_coef1.0 pid=293426 cold_ref=False cold_targets=False cold_group=False
[launch] gpu=3 idx=056 CIFAR10_VGG13BN_FC_ours_frog-airplane_budget0.01_seed42_K5_coef1.0 pid=293428 cold_ref=False cold_targets=False cold_group=False
[launch] gpu=3 idx=057 CIFAR10_VGG13BN_FC_ours_frog-airplane_budget0.005_seed42_K5_coef1.0 pid=293429 cold_ref=False cold_targets=False cold_group=False
[launch] gpu=4 idx=058 CIFAR10_VGG13BN_FC_ours_frog-airplane_budget0.002_seed42_K5_coef1.0 pid=293432 cold_ref=False cold_targets=False cold_group=False
[launch] gpu=4 idx=059 CIFAR10_VGG13BN_FC_ours_frog-airplane_budget0.001_seed42_K5_coef1.0 pid=293434 cold_ref=False cold_targets=False cold_group=False
[launch] gpu=4 idx=060 CIFAR10_ResNet20BN_FC_random_frog-airplane_budget0.05_seed42 pid=293436 cold_ref=False cold_targets=True cold_group=False
[launch] gpu=4 idx=078 CIFAR10_ConvNetBN_GRAD_ours_dog-bird_budget0.05_seed42_K5_coef1.0 pid=293438 cold_ref=False cold_targets=False cold_group=False
[launch] gpu=4 idx=079 CIFAR10_ConvNetBN_GRAD_ours_dog-bird_budget0.02_seed42_K5_coef1.0 pid=293440 cold_ref=False cold_targets=False cold_group=False
[launch] gpu=5 idx=080 CIFAR10_ConvNetBN_GRAD_ours_dog-bird_budget0.01_seed42_K5_coef1.0 pid=293441 cold_ref=False cold_targets=False cold_group=False
[launch] gpu=5 idx=081 CIFAR10_ConvNetBN_GRAD_ours_dog-bird_budget0.005_seed42_K5_coef1.0 pid=293444 cold_ref=False cold_targets=False cold_group=False
[launch] gpu=5 idx=082 CIFAR10_ConvNetBN_GRAD_ours_dog-bird_budget0.002_seed42_K5_coef1.0 pid=293446 cold_ref=False cold_targets=False cold_group=False
[launch] gpu=5 idx=083 CIFAR10_ConvNetBN_GRAD_ours_dog-bird_budget0.001_seed42_K5_coef1.0 pid=293448 cold_ref=False cold_targets=False cold_group=False
[launch] gpu=5 idx=085 CIFAR10_VGG13BN_GRAD_random_dog-bird_budget0.02_seed42 pid=293449 cold_ref=False cold_targets=False cold_group=False
[launch] gpu=6 idx=086 CIFAR10_VGG13BN_GRAD_random_dog-bird_budget0.01_seed42 pid=293452 cold_ref=False cold_targets=False cold_group=False
[launch] gpu=6 idx=087 CIFAR10_VGG13BN_GRAD_random_dog-bird_budget0.005_seed42 pid=293454 cold_ref=False cold_targets=False cold_group=False
[launch] gpu=6 idx=088 CIFAR10_VGG13BN_GRAD_random_dog-bird_budget0.002_seed42 pid=293456 cold_ref=False cold_targets=False cold_group=False
[launch] gpu=6 idx=089 CIFAR10_VGG13BN_GRAD_random_dog-bird_budget0.001_seed42 pid=293458 cold_ref=False cold_targets=False cold_group=False
[launch] gpu=6 idx=090 CIFAR10_VGG13BN_GRAD_ours_dog-bird_budget0.05_seed42_K5_coef1.0 pid=293460 cold_ref=False cold_targets=False cold_group=False
[launch] gpu=7 idx=091 CIFAR10_VGG13BN_GRAD_ours_dog-bird_budget0.02_seed42_K5_coef1.0 pid=293462 cold_ref=False cold_targets=False cold_group=False
[launch] gpu=7 idx=092 CIFAR10_VGG13BN_GRAD_ours_dog-bird_budget0.01_seed42_K5_coef1.0 pid=293464 cold_ref=False cold_targets=False cold_group=False
[launch] gpu=7 idx=093 CIFAR10_VGG13BN_GRAD_ours_dog-bird_budget0.005_seed42_K5_coef1.0 pid=293466 cold_ref=False cold_targets=False cold_group=False
[launch] gpu=7 idx=094 CIFAR10_VGG13BN_GRAD_ours_dog-bird_budget0.002_seed42_K5_coef1.0 pid=293468 cold_ref=False cold_targets=False cold_group=False
[launch] gpu=7 idx=095 CIFAR10_VGG13BN_GRAD_ours_dog-bird_budget0.001_seed42_K5_coef1.0 pid=293470 cold_ref=False cold_targets=False cold_group=False
[done] idx=057 CIFAR10_VGG13BN_FC_ours_frog-airplane_budget0.005_seed42_K5_coef1.0 rc=1 dur=0.7min
[retry] idx=057 CIFAR10_VGG13BN_FC_ours_frog-airplane_budget0.005_seed42_K5_coef1.0 rc=1, requeuing (attempt 1) -- main_new.py's own resume logic will skip already-completed trials
[done] idx=078 CIFAR10_ConvNetBN_GRAD_ours_dog-bird_budget0.05_seed42_K5_coef1.0 rc=1 dur=0.7min
[retry] idx=078 CIFAR10_ConvNetBN_GRAD_ours_dog-bird_budget0.05_seed42_K5_coef1.0 rc=1, requeuing (attempt 1) -- main_new.py's own resume logic will skip already-completed trials
[done] idx=079 CIFAR10_ConvNetBN_GRAD_ours_dog-bird_budget0.02_seed42_K5_coef1.0 rc=1 dur=0.7min
[retry] idx=079 CIFAR10_ConvNetBN_GRAD_ours_dog-bird_budget0.02_seed42_K5_coef1.0 rc=1, requeuing (attempt 1) -- main_new.py's own resume logic will skip already-completed trials
[launch] gpu=3 idx=025 CIFAR10_ResNet20BN_FC_random_dog-bird_budget0.02_seed42 pid=303844 cold_ref=False cold_targets=False cold_group=False
[launch] gpu=4 idx=026 CIFAR10_ResNet20BN_FC_random_dog-bird_budget0.01_seed42 pid=303845 cold_ref=False cold_targets=False cold_group=False
[launch] gpu=4 idx=027 CIFAR10_ResNet20BN_FC_random_dog-bird_budget0.005_seed42 pid=303847 cold_ref=False cold_targets=False cold_group=False
[done] idx=019 CIFAR10_VGG13BN_FC_ours_dog-bird_budget0.02_seed42_K5_coef1.0 rc=1 dur=0.8min
[retry] idx=019 CIFAR10_VGG13BN_FC_ours_dog-bird_budget0.02_seed42_K5_coef1.0 rc=1, requeuing (attempt 1) -- main_new.py's own resume logic will skip already-completed trials
[done] idx=022 CIFAR10_VGG13BN_FC_ours_dog-bird_budget0.002_seed42_K5_coef1.0 rc=1 dur=0.8min
[retry] idx=022 CIFAR10_VGG13BN_FC_ours_dog-bird_budget0.002_seed42_K5_coef1.0 rc=1, requeuing (attempt 1) -- main_new.py's own resume logic will skip already-completed trials
[done] idx=055 CIFAR10_VGG13BN_FC_ours_frog-airplane_budget0.02_seed42_K5_coef1.0 rc=1 dur=0.8min
[retry] idx=055 CIFAR10_VGG13BN_FC_ours_frog-airplane_budget0.02_seed42_K5_coef1.0 rc=1, requeuing (attempt 1) -- main_new.py's own resume logic will skip already-completed trials
[done] idx=085 CIFAR10_VGG13BN_GRAD_random_dog-bird_budget0.02_seed42 rc=1 dur=0.8min
[retry] idx=085 CIFAR10_VGG13BN_GRAD_random_dog-bird_budget0.02_seed42 rc=1, requeuing (attempt 1) -- main_new.py's own resume logic will skip already-completed trials
[launch] gpu=0 idx=028 CIFAR10_ResNet20BN_FC_random_dog-bird_budget0.002_seed42 pid=304725 cold_ref=False cold_targets=False cold_group=False
[launch] gpu=0 idx=029 CIFAR10_ResNet20BN_FC_random_dog-bird_budget0.001_seed42 pid=304726 cold_ref=False cold_targets=False cold_group=False
[launch] gpu=3 idx=030 CIFAR10_ResNet20BN_FC_ours_dog-bird_budget0.05_seed42_K5_coef1.0 pid=304728 cold_ref=False cold_targets=False cold_group=False
[launch] gpu=5 idx=031 CIFAR10_ResNet20BN_FC_ours_dog-bird_budget0.02_seed42_K5_coef1.0 pid=304730 cold_ref=False cold_targets=False cold_group=False
[done] idx=018 CIFAR10_VGG13BN_FC_ours_dog-bird_budget0.05_seed42_K5_coef1.0 rc=1 dur=1.0min
[retry] idx=018 CIFAR10_VGG13BN_FC_ours_dog-bird_budget0.05_seed42_K5_coef1.0 rc=1, requeuing (attempt 1) -- main_new.py's own resume logic will skip already-completed trials
[done] idx=020 CIFAR10_VGG13BN_FC_ours_dog-bird_budget0.01_seed42_K5_coef1.0 rc=1 dur=1.0min
[retry] idx=020 CIFAR10_VGG13BN_FC_ours_dog-bird_budget0.01_seed42_K5_coef1.0 rc=1, requeuing (attempt 1) -- main_new.py's own resume logic will skip already-completed trials
[done] idx=021 CIFAR10_VGG13BN_FC_ours_dog-bird_budget0.005_seed42_K5_coef1.0 rc=1 dur=1.0min
[retry] idx=021 CIFAR10_VGG13BN_FC_ours_dog-bird_budget0.005_seed42_K5_coef1.0 rc=1, requeuing (attempt 1) -- main_new.py's own resume logic will skip already-completed trials
[done] idx=047 CIFAR10_ConvNetBN_FC_ours_frog-airplane_budget0.001_seed42_K5_coef1.0 rc=1 dur=1.0min
[retry] idx=047 CIFAR10_ConvNetBN_FC_ours_frog-airplane_budget0.001_seed42_K5_coef1.0 rc=1, requeuing (attempt 1) -- main_new.py's own resume logic will skip already-completed trials
[done] idx=053 CIFAR10_VGG13BN_FC_random_frog-airplane_budget0.001_seed42 rc=1 dur=1.0min
[retry] idx=053 CIFAR10_VGG13BN_FC_random_frog-airplane_budget0.001_seed42 rc=1, requeuing (attempt 1) -- main_new.py's own resume logic will skip already-completed trials
[done] idx=054 CIFAR10_VGG13BN_FC_ours_frog-airplane_budget0.05_seed42_K5_coef1.0 rc=1 dur=1.0min
[retry] idx=054 CIFAR10_VGG13BN_FC_ours_frog-airplane_budget0.05_seed42_K5_coef1.0 rc=1, requeuing (attempt 1) -- main_new.py's own resume logic will skip already-completed trials
[done] idx=056 CIFAR10_VGG13BN_FC_ours_frog-airplane_budget0.01_seed42_K5_coef1.0 rc=1 dur=1.0min
[retry] idx=056 CIFAR10_VGG13BN_FC_ours_frog-airplane_budget0.01_seed42_K5_coef1.0 rc=1, requeuing (attempt 1) -- main_new.py's own resume logic will skip already-completed trials
[done] idx=059 CIFAR10_VGG13BN_FC_ours_frog-airplane_budget0.001_seed42_K5_coef1.0 rc=1 dur=1.0min
[retry] idx=059 CIFAR10_VGG13BN_FC_ours_frog-airplane_budget0.001_seed42_K5_coef1.0 rc=1, requeuing (attempt 1) -- main_new.py's own resume logic will skip already-completed trials
[done] idx=080 CIFAR10_ConvNetBN_GRAD_ours_dog-bird_budget0.01_seed42_K5_coef1.0 rc=1 dur=1.0min
[retry] idx=080 CIFAR10_ConvNetBN_GRAD_ours_dog-bird_budget0.01_seed42_K5_coef1.0 rc=1, requeuing (attempt 1) -- main_new.py's own resume logic will skip already-completed trials
[done] idx=081 CIFAR10_ConvNetBN_GRAD_ours_dog-bird_budget0.005_seed42_K5_coef1.0 rc=1 dur=1.0min
[retry] idx=081 CIFAR10_ConvNetBN_GRAD_ours_dog-bird_budget0.005_seed42_K5_coef1.0 rc=1, requeuing (attempt 1) -- main_new.py's own resume logic will skip already-completed trials
[done] idx=082 CIFAR10_ConvNetBN_GRAD_ours_dog-bird_budget0.002_seed42_K5_coef1.0 rc=1 dur=1.0min
[retry] idx=082 CIFAR10_ConvNetBN_GRAD_ours_dog-bird_budget0.002_seed42_K5_coef1.0 rc=1, requeuing (attempt 1) -- main_new.py's own resume logic will skip already-completed trials
[done] idx=083 CIFAR10_ConvNetBN_GRAD_ours_dog-bird_budget0.001_seed42_K5_coef1.0 rc=1 dur=1.0min
[retry] idx=083 CIFAR10_ConvNetBN_GRAD_ours_dog-bird_budget0.001_seed42_K5_coef1.0 rc=1, requeuing (attempt 1) -- main_new.py's own resume logic will skip already-completed trials
[done] idx=086 CIFAR10_VGG13BN_GRAD_random_dog-bird_budget0.01_seed42 rc=1 dur=1.0min
[retry] idx=086 CIFAR10_VGG13BN_GRAD_random_dog-bird_budget0.01_seed42 rc=1, requeuing (attempt 1) -- main_new.py's own resume logic will skip already-completed trials
[done] idx=087 CIFAR10_VGG13BN_GRAD_random_dog-bird_budget0.005_seed42 rc=1 dur=1.0min
[retry] idx=087 CIFAR10_VGG13BN_GRAD_random_dog-bird_budget0.005_seed42 rc=1, requeuing (attempt 1) -- main_new.py's own resume logic will skip already-completed trials
[done] idx=088 CIFAR10_VGG13BN_GRAD_random_dog-bird_budget0.002_seed42 rc=1 dur=1.0min
[retry] idx=088 CIFAR10_VGG13BN_GRAD_random_dog-bird_budget0.002_seed42 rc=1, requeuing (attempt 1) -- main_new.py's own resume logic will skip already-completed trials
[done] idx=089 CIFAR10_VGG13BN_GRAD_random_dog-bird_budget0.001_seed42 rc=1 dur=1.0min
[retry] idx=089 CIFAR10_VGG13BN_GRAD_random_dog-bird_budget0.001_seed42 rc=1, requeuing (attempt 1) -- main_new.py's own resume logic will skip already-completed trials
[launch] gpu=0 idx=032 CIFAR10_ResNet20BN_FC_ours_dog-bird_budget0.01_seed42_K5_coef1.0 pid=305332 cold_ref=False cold_targets=False cold_group=False
[launch] gpu=0 idx=033 CIFAR10_ResNet20BN_FC_ours_dog-bird_budget0.005_seed42_K5_coef1.0 pid=305333 cold_ref=False cold_targets=False cold_group=False
[launch] gpu=0 idx=034 CIFAR10_ResNet20BN_FC_ours_dog-bird_budget0.002_seed42_K5_coef1.0 pid=305335 cold_ref=False cold_targets=False cold_group=False
[launch] gpu=2 idx=035 CIFAR10_ResNet20BN_FC_ours_dog-bird_budget0.001_seed42_K5_coef1.0 pid=305337 cold_ref=False cold_targets=False cold_group=False
[launch] gpu=3 idx=061 CIFAR10_ResNet20BN_FC_random_frog-airplane_budget0.02_seed42 pid=305339 cold_ref=False cold_targets=False cold_group=False
[launch] gpu=3 idx=062 CIFAR10_ResNet20BN_FC_random_frog-airplane_budget0.01_seed42 pid=305341 cold_ref=False cold_targets=False cold_group=False
[launch] gpu=3 idx=063 CIFAR10_ResNet20BN_FC_random_frog-airplane_budget0.005_seed42 pid=305343 cold_ref=False cold_targets=False cold_group=False
[launch] gpu=4 idx=064 CIFAR10_ResNet20BN_FC_random_frog-airplane_budget0.002_seed42 pid=305344 cold_ref=False cold_targets=False cold_group=False
[launch] gpu=5 idx=065 CIFAR10_ResNet20BN_FC_random_frog-airplane_budget0.001_seed42 pid=305347 cold_ref=False cold_targets=False cold_group=False
[launch] gpu=5 idx=066 CIFAR10_ResNet20BN_FC_ours_frog-airplane_budget0.05_seed42_K5_coef1.0 pid=305349 cold_ref=False cold_targets=False cold_group=False
[launch] gpu=5 idx=067 CIFAR10_ResNet20BN_FC_ours_frog-airplane_budget0.02_seed42_K5_coef1.0 pid=305351 cold_ref=False cold_targets=False cold_group=False
[launch] gpu=5 idx=068 CIFAR10_ResNet20BN_FC_ours_frog-airplane_budget0.01_seed42_K5_coef1.0 pid=305353 cold_ref=False cold_targets=False cold_group=False
[launch] gpu=6 idx=069 CIFAR10_ResNet20BN_FC_ours_frog-airplane_budget0.005_seed42_K5_coef1.0 pid=305355 cold_ref=False cold_targets=False cold_group=False
[launch] gpu=6 idx=070 CIFAR10_ResNet20BN_FC_ours_frog-airplane_budget0.002_seed42_K5_coef1.0 pid=305358 cold_ref=False cold_targets=False cold_group=False
[launch] gpu=6 idx=071 CIFAR10_ResNet20BN_FC_ours_frog-airplane_budget0.001_seed42_K5_coef1.0 pid=305359 cold_ref=False cold_targets=False cold_group=False
[launch] gpu=6 idx=096 CIFAR10_ResNet20BN_GRAD_random_dog-bird_budget0.05_seed42 pid=305361 cold_ref=False cold_targets=False cold_group=False
