job: 636577 b2040_attack_040_resnet20_sapa_frog_airplane_b0_02_ours_std on rack10-07
work: /tmp/attack_if
config: USE_JACOBIAN_SCORE=0 JACOBIAN_WEIGHT=1.0 JACOBIAN_BATCH_SIZE=64 CLASS_PAIR=frog-airplane MODEL=ResNet20BN ATTACK=sapa SHARP_MODE=worst SHARP_SIGMA=0.05 BUDGETS=0.02 SELECT=ours SEL_ALPHA=2.0 NUM_TARGETS=8 NUM_VICTIMS=6 sh sel_dpp.sh
protocol: attack=8 targets x 6 victims
gpu: NVIDIA L40S
=== ours (plain greedy top-N_p by score) | ResNet20BN / sapa / frog-airplane | sharp worst sigma=0.05 ===
    targets: pinned from target_sets/ResNet20BN_gradmatch_frog-airplane.json (same 10 the random-base run attacked)
    difficulty label tgt10   craft flags: none
    Jacobian score disabled
    budgets: 0.02

--- ours | ResNet20BN / sapa / frog-airplane | sharp worst sigma=0.05 | budget 0.02 ---
[2026-08-27 08:21:00] === run start: CIFAR10_ResNet20BN_sapa_ours_frog-airplane_b0.02_eps8_seed42_lam1_cosine_worst0.05_ce5_tgt10 on cuda [0] ===
[2026-08-27 08:21:00] args: {"FORCE": false, "attack": "sapa", "base": "ours", "base_dist": "cosine", "base_topr": null, "budget": 0.02, "cache_dir": "/tmp/attack_if/cache", "class_pair": "frog-airplane", "clean_baseline": true, "craft_alpha": 0.0039216, "craft_aug": true, "craft_batch": 256, "craft_ensemble": 5, "craft_lowmem": false, "craft_schedule": false, "craft_steps": 250, "data_path": "/tmp/data", "dataset": "CIFAR10", "dsa_strategy": "color_crop_cutout_flip_scale_rotate", "epsilon": 0.0313725, "fast_gradmatch": false, "fc_mode": "sample", "fc_restarts": 1, "gpus": "all", "jacobian_batch_size": 64, "jacobian_weight": 1.0, "lambda_margin": 1.0, "model": "ResNet20BN", "no_resume": false, "num_poisons": 500, "num_surrogates": 20, "num_targets": 8, "num_victims": 6, "out_dir": "/tmp/attack_if/ours_result", "pair_order": "poison-target", "parallel_pretrain": true, "parallel_targets": true, "precompute_id": null, "precompute_only": false, "precompute_part": "both", "rank_on_victims": true, "recompute_deltas": false, "require_correct_target": false, "restarts": 8, "seed": 42, "sel_K": null, "sel_alpha": 1.0, "sel_criterion": null, "sel_dpp": false, "sel_filter": false, "sel_mmr": false, "sel_mode": null, "sel_model": null, "sel_mu": 1.0, "sel_pca": false, "sel_pool": 3.0, "sharp_mode": "worst", "sharp_samples": 20, "sharp_sigma": 0.05, "steal_timeout": 7200.0, "surrogate_aug": false, "surrogate_bs": 128, "surrogate_decay": [35, 45], "surrogate_epochs": 60, "surrogate_lr": 0.1, "surrogate_wd": 0.0, "target_idx_file": "target_sets/ResNet20BN_gradmatch_frog-airplane.json", "target_select": 10, "use_jacobian_score": false, "victim_aug": false, "victim_bs": 125, "victim_decay": [40], "victim_epochs": 50, "victim_lr": 0.1, "victim_wd": 0.0}
[2026-08-27 08:21:00] Jacobian score: disabled
[2026-08-27 08:21:00] N_total=50000 budget=0.02 -> N_p=1000 poisons, y_adv=6(frog) target_class=0(airplane)
[2026-08-27 08:21:00] === surrogates (20 x ResNet20BN, trained on the full real set) ===
[2026-08-27 08:21:00]   crafting on 5/20 surrogates
[2026-08-27 08:21:00] === clean victims (6 x ResNet20BN) ===
[2026-08-27 08:22:37]   trained clean victim 5 (ResNet20BN): test acc = 0.8375 (97 s)
[2026-08-27 08:22:37]   clean baseline CTA = 0.8354 +/- 0.0043
[2026-08-27 08:22:37]   target pool 1000 -> eligible 996 (4 already predicted as y_adv or dropped)
[2026-08-27 08:22:37]   chosen 8 targets (file), p_adv range 0.0000..0.0590
[2026-08-27 08:22:37]   targets: [9235, 338, 255, 3207, 8563, 912, 4639, 2570]
[2026-08-27 08:22:37]   merged 42 rows left behind by an interrupted run
[2026-08-27 08:22:37]   resume: 42 (target, victim) trials already done
[2026-08-27 08:22:37] === target 2570 (1/1) ===
srun: Job step aborted: Waiting up to 32 seconds for job step to finish.
[2026-08-27T14:23:47.297] error: *** JOB 636577 ON rack10-07 CANCELLED AT 2026-08-27T14:23:47 DUE to SIGNAL Terminated ***
signal: received TERM; stopping the job step before final sync
[2026-08-27T14:23:47.297] error: *** STEP 636577.0 ON rack10-07 CANCELLED AT 2026-08-27T14:23:47 DUE to SIGNAL Terminated ***
srun: forcing job termination
srun: error: rack10-07: task 0: Terminated
sync: preserving outputs in /home/mmoslem3/scratch/PoisonBase
sync: complete
