stage: optional directory absent: /home/mmoslem3/scratch/PoisonBase/last_night_H200_2026-08-26/ours_result/CIFAR10_ConvNetBN_sapa_ours_dog-bird_b0.002_eps8_seed42_lam1_cosine_seldpp2_selarchResNet20BN_K1_worst0.05_ce5_tgt70
stage: optional directory absent: /home/mmoslem3/scratch/PoisonBase/ours_result/CIFAR10_ConvNetBN_sapa_ours_dog-bird_b0.002_eps8_seed42_lam1_cosine_seldpp2_selarchResNet20BN_K1_worst0.05_ce5_tgt70
job: 636554 cross_160_k1_sapa_b0_002_sresnet20_aconvnet_dpp on rack11-01
work: /tmp/attack_if
config: SEL_K=1 BUDGET=0.002 ATTACKS=sapa MODELS=ConvNetBN SELECTOR_MODELS=ResNet20BN SELECTIONS=dpp RUN_MATCHED=1 NUM_TARGETS=5 NUM_VICTIMS=4 sh cross_arch.sh
protocol: one cell, 5 targets x 4 victims
gpu: NVIDIA L40S
=== cross-architecture sweep ===
    A=V models : ConvNetBN
    S models   : ResNet20BN
    attacks    : sapa (fc is BP)
    selections : dpp
    budget     : 0.002 (targets pinned from b0.005)
    protocol   : 5 targets x 4 victims, 20 surrogates
    selector K : 1
    Jacobian   : enabled=0 weight=1.0 batch=64

=== S=ResNet20BN -> A=V=ConvNetBN | sapa | dpp ===
    targets=target_sets/xarch_ConvNetBN_gradmatch_dog-bird_b0.005.json (5), victims=4, surrogates=20
    Jacobian: enabled=0 weight=1.0 batch=64
[2026-08-27 08:18:53] === run start: CIFAR10_ConvNetBN_sapa_ours_dog-bird_b0.002_eps8_seed42_lam1_cosine_seldpp2_selarchResNet20BN_K1_worst0.05_ce5_tgt70 on cuda [0] ===
[2026-08-27 08:18:53] args: {"FORCE": false, "attack": "sapa", "base": "ours", "base_dist": "cosine", "base_topr": null, "budget": 0.002, "cache_dir": "/tmp/attack_if/cache", "class_pair": "dog-bird", "clean_baseline": true, "craft_alpha": 0.0039216, "craft_aug": true, "craft_batch": 256, "craft_ensemble": 5, "craft_lowmem": false, "craft_schedule": false, "craft_steps": 250, "data_path": "/tmp/attack_if/data", "dataset": "CIFAR10", "dsa_strategy": "color_crop_cutout_flip_scale_rotate", "epsilon": 0.0313725, "fast_gradmatch": false, "fc_mode": "sample", "fc_restarts": 1, "gpus": "all", "jacobian_batch_size": 64, "jacobian_weight": 1.0, "lambda_margin": 1.0, "model": "ConvNetBN", "no_resume": false, "num_poisons": 500, "num_surrogates": 20, "num_targets": 5, "num_victims": 4, "out_dir": "/tmp/attack_if/ours_result", "pair_order": "poison-target", "parallel_pretrain": true, "parallel_targets": true, "precompute_id": null, "precompute_only": false, "precompute_part": "both", "rank_on_victims": true, "recompute_deltas": false, "require_correct_target": false, "restarts": 8, "seed": 42, "sel_K": 1, "sel_alpha": 2.0, "sel_criterion": null, "sel_dpp": true, "sel_filter": false, "sel_mmr": false, "sel_mode": "dpp", "sel_model": "ResNet20BN", "sel_mu": 1.0, "sel_pca": false, "sel_pool": 3.0, "sharp_mode": "worst", "sharp_samples": 20, "sharp_sigma": 0.05, "steal_timeout": 7200.0, "surrogate_aug": false, "surrogate_bs": 128, "surrogate_decay": [35, 45], "surrogate_epochs": 60, "surrogate_lr": 0.1, "surrogate_wd": 0.0, "target_idx_file": "target_sets/xarch_ConvNetBN_gradmatch_dog-bird_b0.005.json", "target_select": 70, "use_jacobian_score": false, "victim_aug": false, "victim_bs": 125, "victim_decay": [40], "victim_epochs": 50, "victim_lr": 0.1, "victim_wd": 0.0}
[2026-08-27 08:18:53] Jacobian score: disabled
[2026-08-27 08:18:53] N_total=50000 budget=0.002 -> N_p=100 poisons, y_adv=5(dog) target_class=2(bird)
[2026-08-27 08:18:53] === surrogates (20 x ConvNetBN, trained on the full real set) ===
[2026-08-27 08:18:53]   crafting on 5/20 surrogates
[2026-08-27 08:18:53] === selection surrogates (20 x ResNet20BN, cross-architecture) ===
[2026-08-27 08:18:53] === clean victims (4 x ConvNetBN) ===
[2026-08-27 08:18:54]   clean baseline CTA = 0.8153 +/- 0.0048
[2026-08-27 08:18:54]   target pool 1000 -> eligible 965 (35 already predicted as y_adv or dropped)
[2026-08-27 08:18:54]   chosen 5 targets (file), p_adv range 0.0000..0.0000
[2026-08-27 08:18:54]   targets: [821, 843, 1257, 1547, 4427]
[2026-08-27 08:18:54] === target 821 (1/5) ===
[2026-08-27 08:20:12]   target 821: crafted 100 poisons in 78 s, obj=0.34832
[2026-08-27 08:20:12]   target 821: realized linf = 0.03137 (8.00/255), budget = 8.00/255
[2026-08-27 08:21:04]   [t821 v1/4] fail (pred=bird) CTA=0.8095
[2026-08-27 08:21:53]   [t821 v2/4] fail (pred=bird) CTA=0.8139
[2026-08-27 08:22:43]   [t821 v3/4] fail (pred=bird) CTA=0.8040
[2026-08-27 08:23:33]   [t821 v4/4] fail (pred=bird) CTA=0.8113
[2026-08-27 08:23:33]   target 821, 4 victims on this gpu: ASR=0.0% CTA=0.8097 +/- 0.0036
[2026-08-27 08:23:33] === target 843 (2/5) ===
[2026-08-27 08:24:51]   target 843: crafted 100 poisons in 78 s, obj=0.36530
[2026-08-27 08:24:51]   target 843: realized linf = 0.03137 (8.00/255), budget = 8.00/255
[2026-08-27 08:25:43]   [t843 v1/4] fail (pred=bird) CTA=0.8065
[2026-08-27 08:26:33]   [t843 v2/4] fail (pred=bird) CTA=0.8054
[2026-08-27 08:27:22]   [t843 v3/4] fail (pred=bird) CTA=0.8100
[2026-08-27 08:28:12]   [t843 v4/4] fail (pred=bird) CTA=0.8158
[2026-08-27 08:28:12]   target 843, 4 victims on this gpu: ASR=0.0% CTA=0.8094 +/- 0.0041
[2026-08-27 08:28:12] === target 1257 (3/5) ===
[2026-08-27 08:29:30]   target 1257: crafted 100 poisons in 78 s, obj=0.32133
[2026-08-27 08:29:30]   target 1257: realized linf = 0.03137 (8.00/255), budget = 8.00/255
[2026-08-27 08:30:22]   [t1257 v1/4] fail (pred=bird) CTA=0.7975
[2026-08-27 08:31:12]   [t1257 v2/4] fail (pred=bird) CTA=0.8068
[2026-08-27 08:32:01]   [t1257 v3/4] fail (pred=bird) CTA=0.8086
[2026-08-27 08:32:51]   [t1257 v4/4] fail (pred=bird) CTA=0.8048
[2026-08-27 08:32:51]   target 1257, 4 victims on this gpu: ASR=0.0% CTA=0.8044 +/- 0.0042
[2026-08-27 08:32:51] === target 1547 (4/5) ===
[2026-08-27 08:34:09]   target 1547: crafted 100 poisons in 78 s, obj=0.44307
[2026-08-27 08:34:09]   target 1547: realized linf = 0.03137 (8.00/255), budget = 8.00/255
[2026-08-27 08:35:01]   [t1547 v1/4] fail (pred=bird) CTA=0.8056
