environment modules unavailable; using /home/mmoslem3/ENV directly
paired targets: [833, 4630, 5118, 5324, 8740]
job: 637409 vaug_219_r08_r_r on rack05-01
cell: row=08 selection=random augmentation=randaug
protocol: 5 paired targets x 4 victims
gpu: NVIDIA L40S
[2026-08-27T17:03:42.600] error: couldn't chdir to `/tmp/augment_extra': No such file or directory: going to /tmp instead
[2026-08-27 17:03:45] === defense run: CIFAR10_ResNet20BN_gradmatch_random_dog-bird_b0.01_eps8_seed42_ce5_tgt14__def-none+aug-randaug ===
[2026-08-27 17:03:45]     poisons replayed from /tmp/augment_extra/ours_result/CIFAR10_ResNet20BN_gradmatch_random_dog-bird_b0.01_eps8_seed42_ce5_tgt14
[2026-08-27 17:03:45]     defense = none  (none+aug-randaug)
[2026-08-27 17:03:45]     victim augmentation = randaug  (applied to the poisoned image, resampled every epoch)
[2026-08-27 17:03:45] args: {"adv_eps": 8.0, "adv_step_size": 0.0, "adv_steps": 5, "attack": "gradmatch", "aug_cutout_length": 16, "aug_flip_p": 0.5, "aug_pad": 4, "aug_randaug_magnitude": 9, "aug_randaug_ops": 2, "base": "random", "base_dist": "l2", "budget": 0.01, "cache_dir": "/tmp/augment_extra/cache", "class_pair": "dog-bird", "clean_baseline": true, "craft_aug": true, "craft_ensemble": 5, "data_path": "/tmp/augment_extra/data", "dataset": "CIFAR10", "defense": "none", "defense_out_dir": "/tmp/augment_extra/augment_extra_result", "defense_parts": ["none"], "dsa_strategy": "color_crop_cutout_flip_scale_rotate", "epic_cluster_thresh": 1.0, "epic_drop_after": 10, "epic_freq": 2, "epic_metric": "euclidean", "epic_stop_after": -1, "epic_subset_size": 0.1, "epsilon": 0.0313725, "fc_mode": "sample", "friendly_begin_epoch": 5, "friendly_bs": 512, "friendly_clamp": 16.0, "friendly_epochs": 30, "friendly_lr": 100.0, "friendly_momentum": 0.9, "friendly_mu": 1.0, "gpus": "all", "jacobian_batch_size": 64, "jacobian_weight": 1.0, "lambda_margin": 1.0, "list_cached": false, "model": "ResNet20BN", "no_resume": false, "noise_eps": 8.0, "noise_type": [], "num_targets": 5, "num_victims": 4, "out_dir": "/tmp/augment_extra/ours_result", "pair_order": "poison-target", "parallel_trials": true, "recompute_deltas": false, "seed": 42, "sel_alpha": 1.0, "sel_dpp": false, "sel_filter": false, "sel_mmr": false, "sel_mode": null, "sel_mu": 1.0, "sel_pca": false, "sel_pool": 3.0, "sharp_mode": "worst", "sharp_samples": 20, "sharp_sigma": 0.05, "target_idx_file": "/tmp/augment_extra/target_sets/aug_ResNet20BN_gradmatch_dog-bird_b0.01.json", "target_select": 14, "use_jacobian_score": false, "victim_aug": "randaug", "victim_bs": 125, "victim_decay": [40], "victim_epochs": 50, "victim_lr": 0.1, "victim_wd": 0.0}
[2026-08-27 17:03:57]   5 target(s) with saved poisons: [833, 4630, 5118, 5324, 8740]
[2026-08-27 17:03:57] === defended clean victims (4 x ResNet20BN, defense none+aug-randaug) ===
[2026-08-27 17:03:58]   defended clean CTA = 0.9022 +/- 0.0013
[2026-08-27 17:03:58]   merged 2 rows left behind by an interrupted run
[2026-08-27 17:03:58]   resume: 2 (target, victim) trials already done
[2026-08-27 17:03:58] === target 833: 500 saved poisons, realized linf 8.00/255 ===
[2026-08-27 17:03:58]   victim augmentation: VictimAugmenter(randaug: crop4+flip0.5 -> randaug(n=2, m from 14 ops))
[2026-08-27 17:11:30]   [t833 v3/4] SUCCESS (pred=dog) CTA=0.9000 (452 s)
[2026-08-27 17:19:02]   [t833 v4/4] fail (pred=bird) CTA=0.9052 (452 s)
[2026-08-27 17:19:02] === target 4630: 500 saved poisons, realized linf 8.00/255 ===
[2026-08-27 17:26:35]   [t4630 v1/4] fail (pred=bird) CTA=0.9032 (453 s)
[2026-08-27 17:34:08]   [t4630 v2/4] fail (pred=frog) CTA=0.9029 (453 s)
[2026-08-27 17:41:40]   [t4630 v3/4] fail (pred=frog) CTA=0.9042 (452 s)
[2026-08-27 17:49:13]   [t4630 v4/4] fail (pred=frog) CTA=0.9070 (453 s)
[2026-08-27 17:49:13] === target 5118: 500 saved poisons, realized linf 8.00/255 ===
[2026-08-27 17:56:46]   [t5118 v1/4] fail (pred=bird) CTA=0.9056 (453 s)
[2026-08-27 18:04:19]   [t5118 v2/4] fail (pred=bird) CTA=0.9012 (453 s)
[2026-08-27 18:11:53]   [t5118 v3/4] fail (pred=bird) CTA=0.9041 (454 s)
[2026-08-27 18:19:24]   [t5118 v4/4] fail (pred=bird) CTA=0.9034 (451 s)
[2026-08-27 18:19:24] === target 5324: 500 saved poisons, realized linf 8.00/255 ===
[2026-08-27 18:26:56]   [t5324 v1/4] fail (pred=deer) CTA=0.9062 (452 s)
[2026-08-27 18:34:29]   [t5324 v2/4] fail (pred=deer) CTA=0.9072 (452 s)
[2026-08-27 18:42:02]   [t5324 v3/4] fail (pred=airplane) CTA=0.9049 (453 s)
[2026-08-27 18:49:34]   [t5324 v4/4] fail (pred=ship) CTA=0.8981 (453 s)
[2026-08-27 18:49:34] === target 8740: 500 saved poisons, realized linf 8.00/255 ===
[2026-08-27 18:57:07]   [t8740 v1/4] fail (pred=bird) CTA=0.9029 (453 s)
[2026-08-27 19:04:40]   [t8740 v2/4] fail (pred=bird) CTA=0.9049 (452 s)
[2026-08-27 19:12:13]   [t8740 v3/4] fail (pred=bird) CTA=0.9049 (453 s)
[2026-08-27 19:19:44]   [t8740 v4/4] fail (pred=bird) CTA=0.8991 (452 s)
[2026-08-27 19:19:44] ==== CIFAR10_ResNet20BN_gradmatch_random_dog-bird_b0.01_eps8_seed42_ce5_tgt14 | defense none+aug-randaug : ASR = 5.0% +/- 10.0% | CTA = 0.9036 (defended clean 0.9022) ====
[2026-08-27 19:19:44]   target-prediction tally ['airplane', 'automobile', 'bird', 'cat', 'deer', 'dog', 'frog', 'horse', 'ship', 'truck']: [1, 0, 10, 0, 2, 1, 3, 0, 1, 0]
sync: augment-extra cell -> /home/mmoslem3/scratch/PoisonBase
