==========================================================================
Figure 3 -- poison-optimization trajectories (no ASR)
==========================================================================
  dataset / model:             CIFAR10 / ConvNetBN
  class pair:                  dog-bird (poison-target)
  targets:                     /home/mmoslem3/scratch/attack_if/target_sets/appx_broad_ConvNetBN_dog-bird.json
  attacks:                     gradmatch sapa
  selections:                  random greedy dpp
  budget / epsilon:            0.005 / 0.0313725 (8.00/255)
  schedule:                    8 restarts x 250 steps, signed-Adam lr 0.0039216
  crafting ensemble:           5
  crafts to run:               5 targets x 3 selections x 2 attacks
  mode:                        compute=True plot=True
  outputs:                     /home/mmoslem3/scratch/attack_if/visualization/figs/fig_exp_optimization_trajectories.{pdf,png,csv,npz}
--------------------------------------------------------------------------
  m=250 poisons, K=20 selector surrogates, 5 crafting surrogates
  target 3741: base sets fixed (random=250, greedy=250, dpp=250)
    target 3741 | gradmatch | random
      gradmatch 2000 iters in 243 s, J(0)=0.85855 -> best 0.32856
    target 3741 | gradmatch | greedy
      gradmatch 2000 iters in 243 s, J(0)=0.72213 -> best 0.26800
    target 3741 | gradmatch | dpp
      gradmatch 2000 iters in 243 s, J(0)=0.71708 -> best 0.26732
    target 3741 | sapa | random
      sapa      2000 iters in 243 s, J(0)=0.87859 -> best 0.33740
    target 3741 | sapa | greedy
      sapa      2000 iters in 243 s, J(0)=0.74512 -> best 0.27548
    target 3741 | sapa | dpp
      sapa      2000 iters in 243 s, J(0)=0.73927 -> best 0.27418
  target 6857: base sets fixed (random=250, greedy=250, dpp=250)
    target 6857 | gradmatch | random
      gradmatch 2000 iters in 243 s, J(0)=0.65931 -> best 0.33252
    target 6857 | gradmatch | greedy
      gradmatch 2000 iters in 243 s, J(0)=0.58572 -> best 0.28110
    target 6857 | gradmatch | dpp
      gradmatch 2000 iters in 243 s, J(0)=0.58785 -> best 0.28044
    target 6857 | sapa | random
      sapa      2000 iters in 243 s, J(0)=0.67470 -> best 0.33536
    target 6857 | sapa | greedy
      sapa      2000 iters in 243 s, J(0)=0.59706 -> best 0.28297
    target 6857 | sapa | dpp
      sapa      2000 iters in 243 s, J(0)=0.59950 -> best 0.28475
  target 8252: base sets fixed (random=250, greedy=250, dpp=250)
    target 8252 | gradmatch | random
      gradmatch 2000 iters in 243 s, J(0)=0.62207 -> best 0.25676
    target 8252 | gradmatch | greedy
      gradmatch 2000 iters in 243 s, J(0)=0.57338 -> best 0.22141
    target 8252 | gradmatch | dpp
      gradmatch 2000 iters in 243 s, J(0)=0.57782 -> best 0.22301
    target 8252 | sapa | random
      sapa      2000 iters in 243 s, J(0)=0.62838 -> best 0.25987
    target 8252 | sapa | greedy
      sapa      2000 iters in 243 s, J(0)=0.58147 -> best 0.22775
    target 8252 | sapa | dpp
      sapa      2000 iters in 243 s, J(0)=0.58556 -> best 0.22678
  target 1126: base sets fixed (random=250, greedy=250, dpp=250)
    target 1126 | gradmatch | random
      gradmatch 2000 iters in 243 s, J(0)=0.88842 -> best 0.51695
    target 1126 | gradmatch | greedy
      gradmatch 2000 iters in 243 s, J(0)=0.80887 -> best 0.39438
    target 1126 | gradmatch | dpp
      gradmatch 2000 iters in 243 s, J(0)=0.81085 -> best 0.39588
    target 1126 | sapa | random
      sapa      2000 iters in 243 s, J(0)=0.89062 -> best 0.51527
    target 1126 | sapa | greedy
      sapa      2000 iters in 243 s, J(0)=0.81040 -> best 0.39251
    target 1126 | sapa | dpp
      sapa      2000 iters in 243 s, J(0)=0.81261 -> best 0.39487
  target 3522: base sets fixed (random=250, greedy=250, dpp=250)
    target 3522 | gradmatch | random
      gradmatch 2000 iters in 243 s, J(0)=0.80294 -> best 0.34653
    target 3522 | gradmatch | greedy
      gradmatch 2000 iters in 242 s, J(0)=0.68687 -> best 0.28054
    target 3522 | gradmatch | dpp
      gradmatch 2000 iters in 243 s, J(0)=0.68658 -> best 0.28123
    target 3522 | sapa | random
      sapa      2000 iters in 243 s, J(0)=0.80710 -> best 0.34669
    target 3522 | sapa | greedy
      sapa      2000 iters in 243 s, J(0)=0.69031 -> best 0.27812
    target 3522 | sapa | dpp
      sapa      2000 iters in 243 s, J(0)=0.69028 -> best 0.27595
  wrote /home/mmoslem3/scratch/attack_if/visualization/figs/fig_exp_optimization_trajectories.npz
  wrote /home/mmoslem3/scratch/attack_if/visualization/figs/fig_exp_optimization_trajectories.csv (6030 rows)
  wrote /home/mmoslem3/scratch/attack_if/visualization/figs/fig_exp_optimization_trajectories.pdf
  wrote /home/mmoslem3/scratch/attack_if/visualization/figs/fig_exp_optimization_trajectories.png
