stage: optional directory absent: /home/mmoslem3/scratch/PoisonBase/ours_result/CIFAR10_VGG13BN_fc_ours_dog-bird_b0.001_eps8_seed42_lam1_cosine_selAminusMR_ce5_tgt3
job: 766085 amr03_vgg13_fc_b0001_a_mr on rack01-14
work: /tmp/attack_if
config: SOURCE_ROOT=/home/mmoslem3/scratch/PoisonBase PERSIST_DATA_ROOT=/home/mmoslem3/scratch/PoisonBase/data USE_JACOBIAN_SCORE=0 JACOBIAN_BATCH_SIZE=64 CLASS_PAIR=dog-bird MODEL=VGG13BN ATTACK=fc BUDGETS=0.001 SELECT=a-mr sh sel_dpp.sh
protocol: attack=8 targets x 5 victims
gpu: NVIDIA L40S
=== A - MR: standardized A + (-M)*R | VGG13BN / fc / dog-bird ===
    targets: pinned from target_sets/VGG13BN_fc_dog-bird.json (same 10 the random-base run attacked)
    difficulty label tgt3   craft flags: none
    A - MR uses paper A/M/R (batch=64); average then standardize, then A + (-M)*R
    budgets: 0.001

--- a-mr | VGG13BN / fc / dog-bird | budget 0.001 ---
[2026-09-02 10:14:00] === run start: CIFAR10_VGG13BN_fc_ours_dog-bird_b0.001_eps8_seed42_lam1_cosine_selAminusMR_ce5_tgt3 on cuda [0] ===
[2026-09-02 10:14:00] args: {"FORCE": false, "attack": "fc", "base": "ours", "base_dist": "cosine", "base_topr": null, "budget": 0.001, "cache_dir": "/tmp/attack_if/cache", "class_pair": "dog-bird", "clean_baseline": true, "craft_alpha": 0.0039216, "craft_aug": true, "craft_batch": 256, "craft_ensemble": 5, "craft_lowmem": false, "craft_schedule": false, "craft_steps": 250, "data_path": "/tmp/data", "dataset": "CIFAR10", "dsa_strategy": "color_crop_cutout_flip_scale_rotate", "epsilon": 0.0313725, "fast_gradmatch": false, "fc_mode": "sample", "fc_restarts": 1, "gpus": "all", "jacobian_batch_size": 64, "jacobian_weight": 1.0, "lambda_margin": 1.0, "model": "VGG13BN", "no_resume": false, "num_poisons": 500, "num_surrogates": 20, "num_targets": 8, "num_victims": 5, "out_dir": "/tmp/attack_if/ours_result", "pair_order": "poison-target", "parallel_pretrain": true, "parallel_targets": true, "precompute_id": null, "precompute_only": false, "precompute_part": "both", "rank_on_victims": true, "recompute_deltas": false, "require_correct_target": false, "restarts": 8, "seed": 42, "sel_K": null, "sel_a_minus_mr": true, "sel_alpha": 1.0, "sel_criterion": null, "sel_dpp": false, "sel_filter": false, "sel_mmr": false, "sel_mode": null, "sel_model": null, "sel_mu": 1.0, "sel_pca": false, "sel_pool": 3.0, "sharp_mode": "worst", "sharp_samples": 20, "sharp_sigma": 0.05, "steal_timeout": 7200.0, "surrogate_aug": false, "surrogate_bs": 128, "surrogate_decay": [35, 45], "surrogate_epochs": 60, "surrogate_lr": 0.1, "surrogate_wd": 0.0, "target_idx_file": "target_sets/VGG13BN_fc_dog-bird.json", "target_select": 3, "use_jacobian_score": false, "victim_aug": false, "victim_bs": 125, "victim_decay": [40], "victim_epochs": 50, "victim_lr": 0.1, "victim_wd": 0.0}
[2026-09-02 10:14:00] Jacobian score: disabled
[2026-09-02 10:14:00] A - MR selector: standardized A + (-M)*R, batch_size=64; components averaged over surrogates before standardization
[2026-09-02 10:14:00] N_total=50000 budget=0.001 -> N_p=50 poisons, y_adv=5(dog) target_class=2(bird)
[2026-09-02 10:14:00] === surrogates (20 x VGG13BN, trained on the full real set) ===
[2026-09-02 10:14:02]   crafting on 5/20 surrogates
[2026-09-02 10:14:02] === clean victims (5 x VGG13BN) ===
[2026-09-02 10:14:03]   clean baseline CTA = 0.8451 +/- 0.0161
[2026-09-02 10:14:03]   target pool 1000 -> eligible 970 (30 already predicted as y_adv or dropped)
[2026-09-02 10:14:03]   chosen 8 targets (file), p_adv range 0.0196..0.2338
[2026-09-02 10:14:03]   targets: [3728, 5640, 6922, 7855, 2127, 7586, 7360, 2171]
[2026-09-02 10:14:03] === target 3728 (1/8) ===
[2026-09-02 10:14:04]   Jacobian score exact backend: torch.func JVP
[2026-09-02 10:14:16]   target 3728: crafted 50 poisons in 2 s, obj=0.00233
[2026-09-02 10:14:16]   target 3728: realized linf = 0.03137 (8.00/255), budget = 8.00/255
[2026-09-02 10:15:57]   [t3728 v1/5] fail (pred=cat) CTA=0.8513
[2026-09-02 10:17:38]   [t3728 v2/5] fail (pred=cat) CTA=0.8460
[2026-09-02 10:19:18]   [t3728 v3/5] fail (pred=bird) CTA=0.8535
[2026-09-02 10:20:59]   [t3728 v4/5] fail (pred=frog) CTA=0.8488
[2026-09-02 10:22:40]   [t3728 v5/5] fail (pred=bird) CTA=0.8594
[2026-09-02 10:22:40]   target 3728, 5 victims on this gpu: ASR=0.0% CTA=0.8518 +/- 0.0046
[2026-09-02 10:22:40] === target 5640 (2/8) ===
[2026-09-02 10:22:52]   target 5640: crafted 50 poisons in 2 s, obj=0.00200
[2026-09-02 10:22:52]   target 5640: realized linf = 0.03137 (8.00/255), budget = 8.00/255
[2026-09-02 10:24:34]   [t5640 v1/5] SUCCESS (pred=dog) CTA=0.8516
[2026-09-02 10:26:15]   [t5640 v2/5] fail (pred=cat) CTA=0.8502
[2026-09-02 10:27:55]   [t5640 v3/5] fail (pred=bird) CTA=0.8484
[2026-09-02 10:29:36]   [t5640 v4/5] fail (pred=bird) CTA=0.8543
[2026-09-02 10:31:16]   [t5640 v5/5] fail (pred=cat) CTA=0.8614
[2026-09-02 10:31:16]   target 5640, 5 victims on this gpu: ASR=20.0% CTA=0.8532 +/- 0.0045
[2026-09-02 10:31:16] === target 6922 (3/8) ===
[2026-09-02 10:31:29]   target 6922: crafted 50 poisons in 2 s, obj=0.00220
[2026-09-02 10:31:29]   target 6922: realized linf = 0.03137 (8.00/255), budget = 8.00/255
[2026-09-02 10:33:11]   [t6922 v1/5] fail (pred=bird) CTA=0.8605
[2026-09-02 10:34:52]   [t6922 v2/5] SUCCESS (pred=dog) CTA=0.8553
[2026-09-02 10:36:32]   [t6922 v3/5] SUCCESS (pred=dog) CTA=0.8548
[2026-09-02 10:38:13]   [t6922 v4/5] fail (pred=bird) CTA=0.8516
[2026-09-02 10:39:53]   [t6922 v5/5] SUCCESS (pred=dog) CTA=0.8287
[2026-09-02 10:39:53]   target 6922, 5 victims on this gpu: ASR=60.0% CTA=0.8502 +/- 0.0111
[2026-09-02 10:39:53] === target 7855 (4/8) ===
[2026-09-02 10:40:06]   target 7855: crafted 50 poisons in 2 s, obj=0.00219
[2026-09-02 10:40:06]   target 7855: realized linf = 0.03137 (8.00/255), budget = 8.00/255
[2026-09-02 10:41:48]   [t7855 v1/5] fail (pred=bird) CTA=0.8634
[2026-09-02 10:43:29]   [t7855 v2/5] SUCCESS (pred=dog) CTA=0.8540
[2026-09-02 10:45:09]   [t7855 v3/5] fail (pred=bird) CTA=0.8579
[2026-09-02 10:46:50]   [t7855 v4/5] fail (pred=bird) CTA=0.8462
[2026-09-02 10:48:30]   [t7855 v5/5] fail (pred=bird) CTA=0.8595
[2026-09-02 10:48:30]   target 7855, 5 victims on this gpu: ASR=20.0% CTA=0.8562 +/- 0.0058
[2026-09-02 10:48:30] === target 2127 (5/8) ===
[2026-09-02 10:48:43]   target 2127: crafted 50 poisons in 2 s, obj=0.00199
[2026-09-02 10:48:43]   target 2127: realized linf = 0.03137 (8.00/255), budget = 8.00/255
[2026-09-02 10:50:25]   [t2127 v1/5] fail (pred=deer) CTA=0.8669
[2026-09-02 10:52:06]   [t2127 v2/5] SUCCESS (pred=dog) CTA=0.8398
[2026-09-02 10:53:46]   [t2127 v3/5] SUCCESS (pred=dog) CTA=0.8496
[2026-09-02 10:55:27]   [t2127 v4/5] SUCCESS (pred=dog) CTA=0.8480
[2026-09-02 10:57:08]   [t2127 v5/5] fail (pred=deer) CTA=0.8593
[2026-09-02 10:57:08]   target 2127, 5 victims on this gpu: ASR=60.0% CTA=0.8527 +/- 0.0094
[2026-09-02 10:57:08] === target 7586 (6/8) ===
[2026-09-02 10:57:20]   target 7586: crafted 50 poisons in 2 s, obj=0.00211
[2026-09-02 10:57:20]   target 7586: realized linf = 0.03137 (8.00/255), budget = 8.00/255
[2026-09-02 10:59:02]   [t7586 v1/5] fail (pred=bird) CTA=0.8540
[2026-09-02 11:00:43]   [t7586 v2/5] fail (pred=bird) CTA=0.8614
[2026-09-02 11:02:24]   [t7586 v3/5] SUCCESS (pred=dog) CTA=0.8488
[2026-09-02 11:04:04]   [t7586 v4/5] fail (pred=horse) CTA=0.8601
[2026-09-02 11:05:45]   [t7586 v5/5] fail (pred=cat) CTA=0.8525
[2026-09-02 11:05:45]   target 7586, 5 victims on this gpu: ASR=20.0% CTA=0.8554 +/- 0.0047
[2026-09-02 11:05:45] === target 7360 (7/8) ===
[2026-09-02 11:05:58]   target 7360: crafted 50 poisons in 2 s, obj=0.00236
[2026-09-02 11:05:58]   target 7360: realized linf = 0.03137 (8.00/255), budget = 8.00/255
[2026-09-02 11:07:40]   [t7360 v1/5] fail (pred=bird) CTA=0.8506
[2026-09-02 11:09:20]   [t7360 v2/5] fail (pred=bird) CTA=0.8507
[2026-09-02 11:11:01]   [t7360 v3/5] fail (pred=bird) CTA=0.8537
[2026-09-02 11:12:42]   [t7360 v4/5] fail (pred=bird) CTA=0.8632
[2026-09-02 11:14:23]   [t7360 v5/5] SUCCESS (pred=dog) CTA=0.8412
[2026-09-02 11:14:23]   target 7360, 5 victims on this gpu: ASR=20.0% CTA=0.8519 +/- 0.0071
[2026-09-02 11:14:23] === target 2171 (8/8) ===
[2026-09-02 11:14:35]   target 2171: crafted 50 poisons in 2 s, obj=0.00228
[2026-09-02 11:14:35]   target 2171: realized linf = 0.03137 (8.00/255), budget = 8.00/255
[2026-09-02 11:16:17]   [t2171 v1/5] fail (pred=bird) CTA=0.8517
[2026-09-02 11:17:58]   [t2171 v2/5] fail (pred=bird) CTA=0.8597
[2026-09-02 11:19:38]   [t2171 v3/5] fail (pred=bird) CTA=0.8537
[2026-09-02 11:21:19]   [t2171 v4/5] fail (pred=bird) CTA=0.8389
[2026-09-02 11:23:00]   [t2171 v5/5] fail (pred=bird) CTA=0.8443
[2026-09-02 11:23:00]   target 2171, 5 victims on this gpu: ASR=0.0% CTA=0.8497 +/- 0.0073
[2026-09-02 11:23:00] ==== CIFAR10_VGG13BN_fc_ours_dog-bird_b0.001_eps8_seed42_lam1_cosine_selAminusMR_ce5_tgt3 : ASR = 25.0% +/- 21.8% | CTA = 0.8526 (baseline 0.8451) ====
[2026-09-02 11:23:00]   target-prediction tally ['airplane', 'automobile', 'bird', 'cat', 'deer', 'dog', 'frog', 'horse', 'ship', 'truck']: [0, 0, 21, 5, 2, 10, 1, 1, 0, 0]

sync: preserving outputs in /home/mmoslem3/scratch/PoisonBase
sync: complete
