stage: optional directory absent: /home/mmoslem3/scratch/PoisonBase/ours_result/CIFAR10_ResNet20BN_sapa_ours_dog-bird_b0.001_eps8_seed42_lam1_cosine_selexactgigt_worst0.05_ce5_tgt14
job: 766082 amr02_resnet20_sapa_b0001_exact on rack04-13
work: /tmp/attack_if
config: SOURCE_ROOT=/home/mmoslem3/scratch/PoisonBase PERSIST_DATA_ROOT=/home/mmoslem3/scratch/PoisonBase/data USE_JACOBIAN_SCORE=0 JACOBIAN_BATCH_SIZE=64 CLASS_PAIR=dog-bird MODEL=ResNet20BN ATTACK=sapa BUDGETS=0.001 SELECT=exact sh sel_dpp.sh
protocol: attack=8 targets x 5 victims
gpu: NVIDIA L40S
=== exact full-parameter g_i^T g_t (per-surrogate standardized) | ResNet20BN / sapa / dog-bird | sharp worst sigma=0.05 ===
    targets: pinned from target_sets/ResNet20BN_gradmatch_dog-bird.json (same 10 the random-base run attacked)
    difficulty label tgt14   craft flags: none
    exact selector uses full-parameter gi^T gt (batch=64)
    budgets: 0.001

--- exact | ResNet20BN / sapa / dog-bird | sharp worst sigma=0.05 | budget 0.001 ---
[2026-09-02 10:14:04] === run start: CIFAR10_ResNet20BN_sapa_ours_dog-bird_b0.001_eps8_seed42_lam1_cosine_selexactgigt_worst0.05_ce5_tgt14 on cuda [0] ===
[2026-09-02 10:14:04] args: {"FORCE": false, "attack": "sapa", "base": "ours", "base_dist": "cosine", "base_topr": null, "budget": 0.001, "cache_dir": "/tmp/attack_if/cache", "class_pair": "dog-bird", "clean_baseline": true, "craft_alpha": 0.0039216, "craft_aug": true, "craft_batch": 256, "craft_ensemble": 5, "craft_lowmem": false, "craft_schedule": false, "craft_steps": 250, "data_path": "/tmp/data", "dataset": "CIFAR10", "dsa_strategy": "color_crop_cutout_flip_scale_rotate", "epsilon": 0.0313725, "fast_gradmatch": false, "fc_mode": "sample", "fc_restarts": 1, "gpus": "all", "jacobian_batch_size": 64, "jacobian_weight": 1.0, "lambda_margin": 1.0, "model": "ResNet20BN", "no_resume": false, "num_poisons": 500, "num_surrogates": 20, "num_targets": 8, "num_victims": 5, "out_dir": "/tmp/attack_if/ours_result", "pair_order": "poison-target", "parallel_pretrain": true, "parallel_targets": true, "precompute_id": null, "precompute_only": false, "precompute_part": "both", "rank_on_victims": true, "recompute_deltas": false, "require_correct_target": false, "restarts": 8, "seed": 42, "sel_K": null, "sel_alpha": 1.0, "sel_criterion": null, "sel_dpp": false, "sel_exact_alignment": true, "sel_filter": false, "sel_mmr": false, "sel_mode": null, "sel_model": null, "sel_mu": 1.0, "sel_pca": false, "sel_pool": 3.0, "sharp_mode": "worst", "sharp_samples": 20, "sharp_sigma": 0.05, "steal_timeout": 7200.0, "surrogate_aug": false, "surrogate_bs": 128, "surrogate_decay": [35, 45], "surrogate_epochs": 60, "surrogate_lr": 0.1, "surrogate_wd": 0.0, "target_idx_file": "target_sets/ResNet20BN_gradmatch_dog-bird.json", "target_select": 14, "use_jacobian_score": false, "victim_aug": false, "victim_bs": 125, "victim_decay": [40], "victim_epochs": 50, "victim_lr": 0.1, "victim_wd": 0.0}
[2026-09-02 10:14:04] Jacobian score: disabled
[2026-09-02 10:14:04] Exact full-parameter gi^T gt selector: enabled, batch_size=64; per-surrogate alignment standardization enabled
[2026-09-02 10:14:04] N_total=50000 budget=0.001 -> N_p=50 poisons, y_adv=5(dog) target_class=2(bird)
[2026-09-02 10:14:04] === surrogates (20 x ResNet20BN, trained on the full real set) ===
[2026-09-02 10:14:04]   crafting on 5/20 surrogates
[2026-09-02 10:14:04] === clean victims (5 x ResNet20BN) ===
[2026-09-02 10:14:05]   clean baseline CTA = 0.8350 +/- 0.0046
[2026-09-02 10:14:05]   target pool 1000 -> eligible 976 (24 already predicted as y_adv or dropped)
[2026-09-02 10:14:05]   chosen 8 targets (file), p_adv range 0.0001..0.3835
[2026-09-02 10:14:05]   targets: [5118, 8740, 5324, 4630, 833, 2065, 7056, 9059]
[2026-09-02 10:14:05] === target 5118 (1/8) ===
[2026-09-02 10:14:06]   Exact gi/gt alignment backend: torch.func JVP
[2026-09-02 10:16:53]   target 5118: crafted 50 poisons in 154 s, obj=0.22579
[2026-09-02 10:16:53]   target 5118: realized linf = 0.03137 (8.00/255), budget = 8.00/255
[2026-09-02 10:18:30]   [t5118 v1/5] SUCCESS (pred=dog) CTA=0.8328
[2026-09-02 10:20:06]   [t5118 v2/5] fail (pred=bird) CTA=0.8414
[2026-09-02 10:21:43]   [t5118 v3/5] fail (pred=bird) CTA=0.8344
[2026-09-02 10:23:19]   [t5118 v4/5] fail (pred=bird) CTA=0.8343
[2026-09-02 10:24:56]   [t5118 v5/5] SUCCESS (pred=dog) CTA=0.8364
[2026-09-02 10:24:56]   target 5118, 5 victims on this gpu: ASR=40.0% CTA=0.8359 +/- 0.0030
[2026-09-02 10:24:56] === target 8740 (2/8) ===
[2026-09-02 10:27:43]   target 8740: crafted 50 poisons in 154 s, obj=0.20287
[2026-09-02 10:27:43]   target 8740: realized linf = 0.03137 (8.00/255), budget = 8.00/255
[2026-09-02 10:29:19]   [t8740 v1/5] SUCCESS (pred=dog) CTA=0.8383
[2026-09-02 10:30:56]   [t8740 v2/5] fail (pred=bird) CTA=0.8314
[2026-09-02 10:32:32]   [t8740 v3/5] fail (pred=bird) CTA=0.8362
[2026-09-02 10:34:09]   [t8740 v4/5] fail (pred=bird) CTA=0.8417
[2026-09-02 10:35:45]   [t8740 v5/5] SUCCESS (pred=dog) CTA=0.8356
[2026-09-02 10:35:45]   target 8740, 5 victims on this gpu: ASR=40.0% CTA=0.8366 +/- 0.0034
[2026-09-02 10:35:45] === target 5324 (3/8) ===
[2026-09-02 10:38:32]   target 5324: crafted 50 poisons in 154 s, obj=0.22599
[2026-09-02 10:38:32]   target 5324: realized linf = 0.03137 (8.00/255), budget = 8.00/255
[2026-09-02 10:40:09]   [t5324 v1/5] fail (pred=ship) CTA=0.8420
[2026-09-02 10:41:45]   [t5324 v2/5] fail (pred=ship) CTA=0.8419
[2026-09-02 10:43:22]   [t5324 v3/5] fail (pred=deer) CTA=0.8333
[2026-09-02 10:44:59]   [t5324 v4/5] fail (pred=cat) CTA=0.8392
[2026-09-02 10:46:35]   [t5324 v5/5] fail (pred=ship) CTA=0.8398
[2026-09-02 10:46:35]   target 5324, 5 victims on this gpu: ASR=0.0% CTA=0.8392 +/- 0.0032
[2026-09-02 10:46:35] === target 4630 (4/8) ===
[2026-09-02 10:49:22]   target 4630: crafted 50 poisons in 154 s, obj=0.19352
[2026-09-02 10:49:22]   target 4630: realized linf = 0.03137 (8.00/255), budget = 8.00/255
[2026-09-02 10:50:58]   [t4630 v1/5] SUCCESS (pred=dog) CTA=0.8294
[2026-09-02 10:52:35]   [t4630 v2/5] fail (pred=bird) CTA=0.8391
[2026-09-02 10:54:11]   [t4630 v3/5] SUCCESS (pred=dog) CTA=0.8385
[2026-09-02 10:55:48]   [t4630 v4/5] fail (pred=bird) CTA=0.8362
[2026-09-02 10:57:24]   [t4630 v5/5] SUCCESS (pred=dog) CTA=0.8377
[2026-09-02 10:57:24]   target 4630, 5 victims on this gpu: ASR=60.0% CTA=0.8362 +/- 0.0035
[2026-09-02 10:57:24] === target 833 (5/8) ===
[2026-09-02 11:00:11]   target 833: crafted 50 poisons in 154 s, obj=0.21215
[2026-09-02 11:00:11]   target 833: realized linf = 0.03137 (8.00/255), budget = 8.00/255
[2026-09-02 11:01:48]   [t833 v1/5] SUCCESS (pred=dog) CTA=0.8423
[2026-09-02 11:03:24]   [t833 v2/5] SUCCESS (pred=dog) CTA=0.8365
[2026-09-02 11:05:01]   [t833 v3/5] fail (pred=bird) CTA=0.8400
[2026-09-02 11:06:38]   [t833 v4/5] SUCCESS (pred=dog) CTA=0.8364
[2026-09-02 11:08:14]   [t833 v5/5] SUCCESS (pred=dog) CTA=0.8324
[2026-09-02 11:08:14]   target 833, 5 victims on this gpu: ASR=80.0% CTA=0.8375 +/- 0.0034
[2026-09-02 11:08:14] === target 2065 (6/8) ===
[2026-09-02 11:11:01]   target 2065: crafted 50 poisons in 154 s, obj=0.19893
[2026-09-02 11:11:01]   target 2065: realized linf = 0.03137 (8.00/255), budget = 8.00/255
[2026-09-02 11:12:38]   [t2065 v1/5] SUCCESS (pred=dog) CTA=0.8390
[2026-09-02 11:14:14]   [t2065 v2/5] SUCCESS (pred=dog) CTA=0.8437
[2026-09-02 11:15:51]   [t2065 v3/5] SUCCESS (pred=dog) CTA=0.8354
[2026-09-02 11:17:27]   [t2065 v4/5] SUCCESS (pred=dog) CTA=0.8369
[2026-09-02 11:19:04]   [t2065 v5/5] SUCCESS (pred=dog) CTA=0.8371
[2026-09-02 11:19:04]   target 2065, 5 victims on this gpu: ASR=100.0% CTA=0.8384 +/- 0.0029
[2026-09-02 11:19:04] === target 7056 (7/8) ===
[2026-09-02 11:21:51]   target 7056: crafted 50 poisons in 154 s, obj=0.26706
[2026-09-02 11:21:51]   target 7056: realized linf = 0.03137 (8.00/255), budget = 8.00/255
[2026-09-02 11:23:27]   [t7056 v1/5] fail (pred=bird) CTA=0.8379
[2026-09-02 11:25:04]   [t7056 v2/5] fail (pred=bird) CTA=0.8368
[2026-09-02 11:26:41]   [t7056 v3/5] fail (pred=bird) CTA=0.8383
[2026-09-02 11:28:17]   [t7056 v4/5] fail (pred=bird) CTA=0.8404
[2026-09-02 11:29:54]   [t7056 v5/5] fail (pred=cat) CTA=0.8399
[2026-09-02 11:29:54]   target 7056, 5 victims on this gpu: ASR=0.0% CTA=0.8387 +/- 0.0013
[2026-09-02 11:29:54] === target 9059 (8/8) ===
[2026-09-02 11:32:41]   target 9059: crafted 50 poisons in 154 s, obj=0.24018
[2026-09-02 11:32:41]   target 9059: realized linf = 0.03137 (8.00/255), budget = 8.00/255
[2026-09-02 11:34:17]   [t9059 v1/5] SUCCESS (pred=dog) CTA=0.8407
[2026-09-02 11:35:54]   [t9059 v2/5] fail (pred=bird) CTA=0.8365
[2026-09-02 11:37:30]   [t9059 v3/5] SUCCESS (pred=dog) CTA=0.8417
[2026-09-02 11:39:07]   [t9059 v4/5] SUCCESS (pred=dog) CTA=0.8351
[2026-09-02 11:40:43]   [t9059 v5/5] fail (pred=bird) CTA=0.8270
[2026-09-02 11:40:43]   target 9059, 5 victims on this gpu: ASR=60.0% CTA=0.8362 +/- 0.0052
[2026-09-02 11:40:43] ==== CIFAR10_ResNet20BN_sapa_ours_dog-bird_b0.001_eps8_seed42_lam1_cosine_selexactgigt_worst0.05_ce5_tgt14 : ASR = 47.5% +/- 33.1% | CTA = 0.8373 (baseline 0.8350) ====
[2026-09-02 11:40:43]   target-prediction tally ['airplane', 'automobile', 'bird', 'cat', 'deer', 'dog', 'frog', 'horse', 'ship', 'truck']: [0, 0, 15, 2, 1, 19, 0, 0, 3, 0]

sync: preserving outputs in /home/mmoslem3/scratch/PoisonBase
sync: complete
