stage: optional directory absent: /home/mmoslem3/scratch/PoisonBase/ours_result/CIFAR10_VGG13BN_fc_ours_dog-bird_b0.002_eps8_seed42_lam1_cosine_selexactgigt_ce5_tgt3
job: 766086 amr04_vgg13_fc_b0002_exact on rack01-14
work: /tmp/attack_if
config: SOURCE_ROOT=/home/mmoslem3/scratch/PoisonBase PERSIST_DATA_ROOT=/home/mmoslem3/scratch/PoisonBase/data USE_JACOBIAN_SCORE=0 JACOBIAN_BATCH_SIZE=64 CLASS_PAIR=dog-bird MODEL=VGG13BN ATTACK=fc BUDGETS=0.002 SELECT=exact sh sel_dpp.sh
protocol: attack=8 targets x 5 victims
gpu: NVIDIA L40S
=== exact full-parameter g_i^T g_t (per-surrogate standardized) | VGG13BN / fc / dog-bird ===
    targets: pinned from target_sets/VGG13BN_fc_dog-bird.json (same 10 the random-base run attacked)
    difficulty label tgt3   craft flags: none
    exact selector uses full-parameter gi^T gt (batch=64)
    budgets: 0.002

--- exact | VGG13BN / fc / dog-bird | budget 0.002 ---
[2026-09-02 10:14:00] === run start: CIFAR10_VGG13BN_fc_ours_dog-bird_b0.002_eps8_seed42_lam1_cosine_selexactgigt_ce5_tgt3 on cuda [0] ===
[2026-09-02 10:14:00] args: {"FORCE": false, "attack": "fc", "base": "ours", "base_dist": "cosine", "base_topr": null, "budget": 0.002, "cache_dir": "/tmp/attack_if/cache", "class_pair": "dog-bird", "clean_baseline": true, "craft_alpha": 0.0039216, "craft_aug": true, "craft_batch": 256, "craft_ensemble": 5, "craft_lowmem": false, "craft_schedule": false, "craft_steps": 250, "data_path": "/tmp/data", "dataset": "CIFAR10", "dsa_strategy": "color_crop_cutout_flip_scale_rotate", "epsilon": 0.0313725, "fast_gradmatch": false, "fc_mode": "sample", "fc_restarts": 1, "gpus": "all", "jacobian_batch_size": 64, "jacobian_weight": 1.0, "lambda_margin": 1.0, "model": "VGG13BN", "no_resume": false, "num_poisons": 500, "num_surrogates": 20, "num_targets": 8, "num_victims": 5, "out_dir": "/tmp/attack_if/ours_result", "pair_order": "poison-target", "parallel_pretrain": true, "parallel_targets": true, "precompute_id": null, "precompute_only": false, "precompute_part": "both", "rank_on_victims": true, "recompute_deltas": false, "require_correct_target": false, "restarts": 8, "seed": 42, "sel_K": null, "sel_alpha": 1.0, "sel_criterion": null, "sel_dpp": false, "sel_exact_alignment": true, "sel_filter": false, "sel_mmr": false, "sel_mode": null, "sel_model": null, "sel_mu": 1.0, "sel_pca": false, "sel_pool": 3.0, "sharp_mode": "worst", "sharp_samples": 20, "sharp_sigma": 0.05, "steal_timeout": 7200.0, "surrogate_aug": false, "surrogate_bs": 128, "surrogate_decay": [35, 45], "surrogate_epochs": 60, "surrogate_lr": 0.1, "surrogate_wd": 0.0, "target_idx_file": "target_sets/VGG13BN_fc_dog-bird.json", "target_select": 3, "use_jacobian_score": false, "victim_aug": false, "victim_bs": 125, "victim_decay": [40], "victim_epochs": 50, "victim_lr": 0.1, "victim_wd": 0.0}
[2026-09-02 10:14:00] Jacobian score: disabled
[2026-09-02 10:14:00] Exact full-parameter gi^T gt selector: enabled, batch_size=64; per-surrogate alignment standardization enabled
[2026-09-02 10:14:00] N_total=50000 budget=0.002 -> N_p=100 poisons, y_adv=5(dog) target_class=2(bird)
[2026-09-02 10:14:00] === surrogates (20 x VGG13BN, trained on the full real set) ===
[2026-09-02 10:14:02]   crafting on 5/20 surrogates
[2026-09-02 10:14:02] === clean victims (5 x VGG13BN) ===
[2026-09-02 10:14:03]   clean baseline CTA = 0.8451 +/- 0.0161
[2026-09-02 10:14:03]   target pool 1000 -> eligible 970 (30 already predicted as y_adv or dropped)
[2026-09-02 10:14:03]   chosen 8 targets (file), p_adv range 0.0196..0.2338
[2026-09-02 10:14:03]   targets: [3728, 5640, 6922, 7855, 2127, 7586, 7360, 2171]
[2026-09-02 10:14:03] === target 3728 (1/8) ===
[2026-09-02 10:14:04]   Exact gi/gt alignment backend: torch.func JVP
[2026-09-02 10:14:15]   target 3728: crafted 100 poisons in 3 s, obj=0.00240
[2026-09-02 10:14:15]   target 3728: realized linf = 0.03137 (8.00/255), budget = 8.00/255
[2026-09-02 10:15:57]   [t3728 v1/5] fail (pred=deer) CTA=0.8490
[2026-09-02 10:17:39]   [t3728 v2/5] SUCCESS (pred=dog) CTA=0.8528
[2026-09-02 10:19:21]   [t3728 v3/5] fail (pred=bird) CTA=0.8468
[2026-09-02 10:21:03]   [t3728 v4/5] fail (pred=bird) CTA=0.8555
[2026-09-02 10:22:45]   [t3728 v5/5] fail (pred=bird) CTA=0.8601
[2026-09-02 10:22:45]   target 3728, 5 victims on this gpu: ASR=20.0% CTA=0.8528 +/- 0.0047
[2026-09-02 10:22:45] === target 5640 (2/8) ===
[2026-09-02 10:22:57]   target 5640: crafted 100 poisons in 3 s, obj=0.00201
[2026-09-02 10:22:57]   target 5640: realized linf = 0.03137 (8.00/255), budget = 8.00/255
[2026-09-02 10:24:40]   [t5640 v1/5] SUCCESS (pred=dog) CTA=0.8496
[2026-09-02 10:26:22]   [t5640 v2/5] SUCCESS (pred=dog) CTA=0.8527
[2026-09-02 10:28:04]   [t5640 v3/5] fail (pred=cat) CTA=0.8491
[2026-09-02 10:29:46]   [t5640 v4/5] fail (pred=bird) CTA=0.8565
[2026-09-02 10:31:28]   [t5640 v5/5] fail (pred=bird) CTA=0.8530
[2026-09-02 10:31:28]   target 5640, 5 victims on this gpu: ASR=40.0% CTA=0.8522 +/- 0.0027
[2026-09-02 10:31:28] === target 6922 (3/8) ===
[2026-09-02 10:31:39]   target 6922: crafted 100 poisons in 3 s, obj=0.00234
[2026-09-02 10:31:39]   target 6922: realized linf = 0.03137 (8.00/255), budget = 8.00/255
[2026-09-02 10:33:23]   [t6922 v1/5] SUCCESS (pred=dog) CTA=0.8606
[2026-09-02 10:35:05]   [t6922 v2/5] SUCCESS (pred=dog) CTA=0.8598
[2026-09-02 10:36:47]   [t6922 v3/5] SUCCESS (pred=dog) CTA=0.8503
[2026-09-02 10:38:29]   [t6922 v4/5] fail (pred=bird) CTA=0.8512
[2026-09-02 10:40:10]   [t6922 v5/5] SUCCESS (pred=dog) CTA=0.8307
[2026-09-02 10:40:10]   target 6922, 5 victims on this gpu: ASR=80.0% CTA=0.8505 +/- 0.0108
[2026-09-02 10:40:10] === target 7855 (4/8) ===
[2026-09-02 10:40:22]   target 7855: crafted 100 poisons in 3 s, obj=0.00248
[2026-09-02 10:40:22]   target 7855: realized linf = 0.03137 (8.00/255), budget = 8.00/255
[2026-09-02 10:42:05]   [t7855 v1/5] SUCCESS (pred=dog) CTA=0.8612
[2026-09-02 10:43:47]   [t7855 v2/5] SUCCESS (pred=dog) CTA=0.8495
[2026-09-02 10:45:29]   [t7855 v3/5] SUCCESS (pred=dog) CTA=0.8586
[2026-09-02 10:47:11]   [t7855 v4/5] fail (pred=bird) CTA=0.8557
[2026-09-02 10:48:53]   [t7855 v5/5] fail (pred=bird) CTA=0.8604
[2026-09-02 10:48:53]   target 7855, 5 victims on this gpu: ASR=60.0% CTA=0.8571 +/- 0.0042
[2026-09-02 10:48:53] === target 2127 (5/8) ===
[2026-09-02 10:49:04]   target 2127: crafted 100 poisons in 3 s, obj=0.00220
[2026-09-02 10:49:04]   target 2127: realized linf = 0.03137 (8.00/255), budget = 8.00/255
[2026-09-02 10:50:47]   [t2127 v1/5] fail (pred=deer) CTA=0.8649
[2026-09-02 10:52:29]   [t2127 v2/5] fail (pred=deer) CTA=0.8437
[2026-09-02 10:54:11]   [t2127 v3/5] fail (pred=deer) CTA=0.8484
[2026-09-02 10:55:52]   [t2127 v4/5] SUCCESS (pred=dog) CTA=0.8501
[2026-09-02 10:57:34]   [t2127 v5/5] fail (pred=deer) CTA=0.8590
[2026-09-02 10:57:34]   target 2127, 5 victims on this gpu: ASR=20.0% CTA=0.8532 +/- 0.0077
[2026-09-02 10:57:34] === target 7586 (6/8) ===
[2026-09-02 10:57:45]   target 7586: crafted 100 poisons in 3 s, obj=0.00219
[2026-09-02 10:57:45]   target 7586: realized linf = 0.03137 (8.00/255), budget = 8.00/255
[2026-09-02 10:59:29]   [t7586 v1/5] fail (pred=bird) CTA=0.8587
[2026-09-02 11:01:11]   [t7586 v2/5] fail (pred=cat) CTA=0.8640
[2026-09-02 11:02:53]   [t7586 v3/5] fail (pred=cat) CTA=0.8426
[2026-09-02 11:04:35]   [t7586 v4/5] fail (pred=bird) CTA=0.8573
[2026-09-02 11:06:16]   [t7586 v5/5] fail (pred=bird) CTA=0.8460
[2026-09-02 11:06:17]   target 7586, 5 victims on this gpu: ASR=0.0% CTA=0.8537 +/- 0.0081
[2026-09-02 11:06:17] === target 7360 (7/8) ===
[2026-09-02 11:06:28]   target 7360: crafted 100 poisons in 3 s, obj=0.00252
[2026-09-02 11:06:28]   target 7360: realized linf = 0.03137 (8.00/255), budget = 8.00/255
[2026-09-02 11:08:11]   [t7360 v1/5] SUCCESS (pred=dog) CTA=0.8592
[2026-09-02 11:09:53]   [t7360 v2/5] fail (pred=bird) CTA=0.8500
[2026-09-02 11:11:34]   [t7360 v3/5] fail (pred=bird) CTA=0.8577
[2026-09-02 11:13:16]   [t7360 v4/5] fail (pred=bird) CTA=0.8595
[2026-09-02 11:14:58]   [t7360 v5/5] fail (pred=bird) CTA=0.8417
[2026-09-02 11:14:58]   target 7360, 5 victims on this gpu: ASR=20.0% CTA=0.8536 +/- 0.0069
[2026-09-02 11:14:58] === target 2171 (8/8) ===
[2026-09-02 11:15:10]   target 2171: crafted 100 poisons in 3 s, obj=0.00255
[2026-09-02 11:15:10]   target 2171: realized linf = 0.03137 (8.00/255), budget = 8.00/255
[2026-09-02 11:16:53]   [t2171 v1/5] SUCCESS (pred=dog) CTA=0.8574
[2026-09-02 11:18:35]   [t2171 v2/5] fail (pred=bird) CTA=0.8581
[2026-09-02 11:20:17]   [t2171 v3/5] SUCCESS (pred=dog) CTA=0.8546
[2026-09-02 11:21:59]   [t2171 v4/5] fail (pred=bird) CTA=0.8434
[2026-09-02 11:23:41]   [t2171 v5/5] fail (pred=bird) CTA=0.8477
[2026-09-02 11:23:41]   target 2171, 5 victims on this gpu: ASR=40.0% CTA=0.8522 +/- 0.0057
[2026-09-02 11:23:41] ==== CIFAR10_VGG13BN_fc_ours_dog-bird_b0.002_eps8_seed42_lam1_cosine_selexactgigt_ce5_tgt3 : ASR = 35.0% +/- 24.0% | CTA = 0.8532 (baseline 0.8451) ====
[2026-09-02 11:23:41]   target-prediction tally ['airplane', 'automobile', 'bird', 'cat', 'deer', 'dog', 'frog', 'horse', 'ship', 'truck']: [0, 0, 18, 3, 5, 14, 0, 0, 0, 0]

sync: preserving outputs in /home/mmoslem3/scratch/PoisonBase
sync: complete
