stage: optional directory absent: /home/mmoslem3/scratch/PoisonBase/ours_result/CIFAR10_ConvNetBN_fc_ours_dog-bird_b0.002_eps8_seed42_lam1_cosine_selAminusMR_ce5_tgt50
job: 766091 amr06_convnet_fc_b0002_a_mr on rack12-01
work: /tmp/attack_if
config: SOURCE_ROOT=/home/mmoslem3/scratch/PoisonBase PERSIST_DATA_ROOT=/home/mmoslem3/scratch/PoisonBase/data USE_JACOBIAN_SCORE=0 JACOBIAN_BATCH_SIZE=64 CLASS_PAIR=dog-bird MODEL=ConvNetBN ATTACK=fc BUDGETS=0.002 SELECT=a-mr sh sel_dpp.sh
protocol: attack=8 targets x 5 victims
gpu: NVIDIA L40S
=== A - MR: standardized A + (-M)*R | ConvNetBN / fc / dog-bird ===
    targets: pinned from target_sets/ConvNetBN_fc_dog-bird.json (same 10 the random-base run attacked)
    difficulty label tgt50   craft flags: none
    A - MR uses paper A/M/R (batch=64); average then standardize, then A + (-M)*R
    budgets: 0.002

--- a-mr | ConvNetBN / fc / dog-bird | budget 0.002 ---
[2026-09-02 10:24:35] === run start: CIFAR10_ConvNetBN_fc_ours_dog-bird_b0.002_eps8_seed42_lam1_cosine_selAminusMR_ce5_tgt50 on cuda [0] ===
[2026-09-02 10:24:35] args: {"FORCE": false, "attack": "fc", "base": "ours", "base_dist": "cosine", "base_topr": null, "budget": 0.002, "cache_dir": "/tmp/attack_if/cache", "class_pair": "dog-bird", "clean_baseline": true, "craft_alpha": 0.0039216, "craft_aug": true, "craft_batch": 256, "craft_ensemble": 5, "craft_lowmem": false, "craft_schedule": false, "craft_steps": 250, "data_path": "/tmp/data", "dataset": "CIFAR10", "dsa_strategy": "color_crop_cutout_flip_scale_rotate", "epsilon": 0.0313725, "fast_gradmatch": false, "fc_mode": "sample", "fc_restarts": 1, "gpus": "all", "jacobian_batch_size": 64, "jacobian_weight": 1.0, "lambda_margin": 1.0, "model": "ConvNetBN", "no_resume": false, "num_poisons": 500, "num_surrogates": 20, "num_targets": 8, "num_victims": 5, "out_dir": "/tmp/attack_if/ours_result", "pair_order": "poison-target", "parallel_pretrain": true, "parallel_targets": true, "precompute_id": null, "precompute_only": false, "precompute_part": "both", "rank_on_victims": true, "recompute_deltas": false, "require_correct_target": false, "restarts": 8, "seed": 42, "sel_K": null, "sel_a_minus_mr": true, "sel_alpha": 1.0, "sel_criterion": null, "sel_dpp": false, "sel_filter": false, "sel_mmr": false, "sel_mode": null, "sel_model": null, "sel_mu": 1.0, "sel_pca": false, "sel_pool": 3.0, "sharp_mode": "worst", "sharp_samples": 20, "sharp_sigma": 0.05, "steal_timeout": 7200.0, "surrogate_aug": false, "surrogate_bs": 128, "surrogate_decay": [35, 45], "surrogate_epochs": 60, "surrogate_lr": 0.1, "surrogate_wd": 0.0, "target_idx_file": "target_sets/ConvNetBN_fc_dog-bird.json", "target_select": 50, "use_jacobian_score": false, "victim_aug": false, "victim_bs": 125, "victim_decay": [40], "victim_epochs": 50, "victim_lr": 0.1, "victim_wd": 0.0}
[2026-09-02 10:24:35] Jacobian score: disabled
[2026-09-02 10:24:35] A - MR selector: standardized A + (-M)*R, batch_size=64; components averaged over surrogates before standardization
[2026-09-02 10:24:35] N_total=50000 budget=0.002 -> N_p=100 poisons, y_adv=5(dog) target_class=2(bird)
[2026-09-02 10:24:35] === surrogates (20 x ConvNetBN, trained on the full real set) ===
[2026-09-02 10:24:35]   crafting on 5/20 surrogates
[2026-09-02 10:24:35] === clean victims (5 x ConvNetBN) ===
[2026-09-02 10:24:36]   clean baseline CTA = 0.8120 +/- 0.0079
[2026-09-02 10:24:36]   target pool 1000 -> eligible 964 (36 already predicted as y_adv or dropped)
[2026-09-02 10:24:36]   chosen 8 targets (file), p_adv range 0.0000..0.0082
[2026-09-02 10:24:36]   targets: [2540, 8129, 3725, 5705, 7663, 3875, 5169, 6335]
[2026-09-02 10:24:36] === target 2540 (1/8) ===
[2026-09-02 10:24:36]   Jacobian score exact backend: torch.func JVP
[2026-09-02 10:24:42]   target 2540: crafted 100 poisons in 2 s, obj=0.15195
[2026-09-02 10:24:42]   target 2540: realized linf = 0.03137 (8.00/255), budget = 8.00/255
[2026-09-02 10:25:32]   [t2540 v1/5] SUCCESS (pred=dog) CTA=0.8057
[2026-09-02 10:26:22]   [t2540 v2/5] SUCCESS (pred=dog) CTA=0.7760
[2026-09-02 10:27:12]   [t2540 v3/5] SUCCESS (pred=dog) CTA=0.8055
[2026-09-02 10:28:02]   [t2540 v4/5] SUCCESS (pred=dog) CTA=0.8020
[2026-09-02 10:28:52]   [t2540 v5/5] fail (pred=bird) CTA=0.8003
[2026-09-02 10:28:52]   target 2540, 5 victims on this gpu: ASR=80.0% CTA=0.7979 +/- 0.0111
[2026-09-02 10:28:52] === target 8129 (2/8) ===
[2026-09-02 10:28:58]   target 8129: crafted 100 poisons in 1 s, obj=0.11665
[2026-09-02 10:28:58]   target 8129: realized linf = 0.03137 (8.00/255), budget = 8.00/255
[2026-09-02 10:29:50]   [t8129 v1/5] SUCCESS (pred=dog) CTA=0.8043
[2026-09-02 10:30:40]   [t8129 v2/5] SUCCESS (pred=dog) CTA=0.8000
[2026-09-02 10:31:30]   [t8129 v3/5] SUCCESS (pred=dog) CTA=0.7993
[2026-09-02 10:32:20]   [t8129 v4/5] SUCCESS (pred=dog) CTA=0.8029
[2026-09-02 10:33:10]   [t8129 v5/5] SUCCESS (pred=dog) CTA=0.7935
[2026-09-02 10:33:10]   target 8129, 5 victims on this gpu: ASR=100.0% CTA=0.8000 +/- 0.0037
[2026-09-02 10:33:10] === target 3725 (3/8) ===
[2026-09-02 10:33:16]   target 3725: crafted 100 poisons in 2 s, obj=0.19402
[2026-09-02 10:33:16]   target 3725: realized linf = 0.03137 (8.00/255), budget = 8.00/255
[2026-09-02 10:34:07]   [t3725 v1/5] fail (pred=bird) CTA=0.8026
[2026-09-02 10:34:57]   [t3725 v2/5] fail (pred=bird) CTA=0.7985
[2026-09-02 10:35:47]   [t3725 v3/5] SUCCESS (pred=dog) CTA=0.7962
[2026-09-02 10:36:38]   [t3725 v4/5] fail (pred=bird) CTA=0.7918
[2026-09-02 10:37:28]   [t3725 v5/5] SUCCESS (pred=dog) CTA=0.8062
[2026-09-02 10:37:28]   target 3725, 5 victims on this gpu: ASR=40.0% CTA=0.7991 +/- 0.0050
[2026-09-02 10:37:28] === target 5705 (4/8) ===
[2026-09-02 10:37:33]   target 5705: crafted 100 poisons in 1 s, obj=0.08474
[2026-09-02 10:37:33]   target 5705: realized linf = 0.03137 (8.00/255), budget = 8.00/255
[2026-09-02 10:38:25]   [t5705 v1/5] SUCCESS (pred=dog) CTA=0.8051
[2026-09-02 10:39:15]   [t5705 v2/5] fail (pred=bird) CTA=0.8187
[2026-09-02 10:40:05]   [t5705 v3/5] SUCCESS (pred=dog) CTA=0.8037
[2026-09-02 10:40:55]   [t5705 v4/5] SUCCESS (pred=dog) CTA=0.8067
[2026-09-02 10:41:45]   [t5705 v5/5] SUCCESS (pred=dog) CTA=0.8007
[2026-09-02 10:41:45]   target 5705, 5 victims on this gpu: ASR=80.0% CTA=0.8070 +/- 0.0062
[2026-09-02 10:41:45] === target 7663 (5/8) ===
[2026-09-02 10:41:51]   target 7663: crafted 100 poisons in 2 s, obj=0.09443
[2026-09-02 10:41:51]   target 7663: realized linf = 0.03137 (8.00/255), budget = 8.00/255
[2026-09-02 10:42:43]   [t7663 v1/5] fail (pred=bird) CTA=0.8035
[2026-09-02 10:43:33]   [t7663 v2/5] SUCCESS (pred=dog) CTA=0.8082
[2026-09-02 10:44:23]   [t7663 v3/5] SUCCESS (pred=dog) CTA=0.8004
[2026-09-02 10:45:13]   [t7663 v4/5] fail (pred=bird) CTA=0.8203
[2026-09-02 10:46:03]   [t7663 v5/5] fail (pred=bird) CTA=0.8070
[2026-09-02 10:46:03]   target 7663, 5 victims on this gpu: ASR=40.0% CTA=0.8079 +/- 0.0068
[2026-09-02 10:46:03] === target 3875 (6/8) ===
[2026-09-02 10:46:09]   target 3875: crafted 100 poisons in 1 s, obj=0.17891
[2026-09-02 10:46:09]   target 3875: realized linf = 0.03137 (8.00/255), budget = 8.00/255
[2026-09-02 10:47:00]   [t3875 v1/5] fail (pred=bird) CTA=0.8026
[2026-09-02 10:47:50]   [t3875 v2/5] SUCCESS (pred=dog) CTA=0.8025
[2026-09-02 10:48:40]   [t3875 v3/5] fail (pred=bird) CTA=0.8086
[2026-09-02 10:49:31]   [t3875 v4/5] fail (pred=bird) CTA=0.7979
[2026-09-02 10:50:21]   [t3875 v5/5] fail (pred=airplane) CTA=0.7966
[2026-09-02 10:50:21]   target 3875, 5 victims on this gpu: ASR=20.0% CTA=0.8016 +/- 0.0042
[2026-09-02 10:50:21] === target 5169 (7/8) ===
[2026-09-02 10:50:26]   target 5169: crafted 100 poisons in 1 s, obj=0.09222
[2026-09-02 10:50:26]   target 5169: realized linf = 0.03137 (8.00/255), budget = 8.00/255
[2026-09-02 10:51:18]   [t5169 v1/5] fail (pred=bird) CTA=0.7885
[2026-09-02 10:52:08]   [t5169 v2/5] fail (pred=bird) CTA=0.7917
[2026-09-02 10:52:58]   [t5169 v3/5] SUCCESS (pred=dog) CTA=0.8091
[2026-09-02 10:53:48]   [t5169 v4/5] SUCCESS (pred=dog) CTA=0.8116
[2026-09-02 10:54:38]   [t5169 v5/5] SUCCESS (pred=dog) CTA=0.8079
[2026-09-02 10:54:38]   target 5169, 5 victims on this gpu: ASR=60.0% CTA=0.8018 +/- 0.0096
[2026-09-02 10:54:38] === target 6335 (8/8) ===
[2026-09-02 10:54:44]   target 6335: crafted 100 poisons in 1 s, obj=0.12154
[2026-09-02 10:54:44]   target 6335: realized linf = 0.03137 (8.00/255), budget = 8.00/255
[2026-09-02 10:55:36]   [t6335 v1/5] fail (pred=bird) CTA=0.7951
[2026-09-02 10:56:26]   [t6335 v2/5] fail (pred=bird) CTA=0.7985
[2026-09-02 10:57:16]   [t6335 v3/5] fail (pred=bird) CTA=0.8063
[2026-09-02 10:58:07]   [t6335 v4/5] SUCCESS (pred=dog) CTA=0.8053
[2026-09-02 10:58:57]   [t6335 v5/5] SUCCESS (pred=dog) CTA=0.8169
[2026-09-02 10:58:57]   target 6335, 5 victims on this gpu: ASR=40.0% CTA=0.8044 +/- 0.0075
[2026-09-02 10:58:57] ==== CIFAR10_ConvNetBN_fc_ours_dog-bird_b0.002_eps8_seed42_lam1_cosine_selAminusMR_ce5_tgt50 : ASR = 57.5% +/- 25.4% | CTA = 0.8025 (baseline 0.8120) ====
[2026-09-02 10:58:57]   target-prediction tally ['airplane', 'automobile', 'bird', 'cat', 'deer', 'dog', 'frog', 'horse', 'ship', 'truck']: [1, 0, 16, 0, 0, 23, 0, 0, 0, 0]

sync: preserving outputs in /home/mmoslem3/scratch/PoisonBase
sync: complete
