job: 5025973 attack_120_resnet20_sapa_frog_airplane_b0_01_dpp_j on kn150
work: /tmp/attack_if
config: USE_JACOBIAN_SCORE=1 JACOBIAN_WEIGHT=1.0 JACOBIAN_BATCH_SIZE=64 CLASS_PAIR="frog-airplane" MODEL="ResNet20BN" ATTACK="sapa" SHARP_MODE="worst" SHARP_SIGMA="0.05" BUDGETS=0.01 SELECT="dpp" SEL_ALPHA=2.0 sh sel_dpp.sh
protocol: attack=8 targets x 5 victims; defense=7 targets x 5 victims
gpu: NVIDIA L40S
=== dpp (alpha=2.0) | ResNet20BN / sapa / frog-airplane | sharp worst sigma=0.05 ===
    targets: pinned from target_sets/ResNet20BN_gradmatch_frog-airplane.json (same 10 the random-base run attacked)
    difficulty label tgt10   craft flags: none
    Jacobian score enabled (weight=1.0, batch=64)
    budgets: 0.01

--- dpp | ResNet20BN / sapa / frog-airplane | sharp worst sigma=0.05 | budget 0.01 ---
[2026-08-26 04:13:00] === run start: CIFAR10_ResNet20BN_sapa_ours_frog-airplane_b0.01_eps8_seed42_lam1_cosine_seldpp2_jacw1_worst0.05_ce5_tgt10 on cuda [0] ===
[2026-08-26 04:13:00] args: {"FORCE": false, "attack": "sapa", "base": "ours", "base_dist": "cosine", "base_topr": null, "budget": 0.01, "cache_dir": "/tmp/attack_if/cache", "class_pair": "frog-airplane", "clean_baseline": true, "craft_alpha": 0.0039216, "craft_aug": true, "craft_batch": 256, "craft_ensemble": 5, "craft_lowmem": false, "craft_schedule": false, "craft_steps": 250, "data_path": "/tmp/data", "dataset": "CIFAR10", "dsa_strategy": "color_crop_cutout_flip_scale_rotate", "epsilon": 0.0313725, "fast_gradmatch": false, "fc_mode": "sample", "fc_restarts": 1, "gpus": "all", "jacobian_batch_size": 64, "jacobian_weight": 1.0, "lambda_margin": 1.0, "model": "ResNet20BN", "no_resume": false, "num_poisons": 500, "num_surrogates": 20, "num_targets": 8, "num_victims": 5, "out_dir": "/tmp/attack_if/ours_result", "pair_order": "poison-target", "parallel_pretrain": true, "parallel_targets": true, "precompute_id": null, "precompute_only": false, "precompute_part": "both", "rank_on_victims": true, "recompute_deltas": false, "require_correct_target": false, "restarts": 8, "seed": 42, "sel_K": null, "sel_alpha": 2.0, "sel_criterion": null, "sel_dpp": true, "sel_filter": false, "sel_mmr": false, "sel_mode": "dpp", "sel_model": null, "sel_mu": 1.0, "sel_pca": false, "sel_pool": 3.0, "sharp_mode": "worst", "sharp_samples": 20, "sharp_sigma": 0.05, "steal_timeout": 7200.0, "surrogate_aug": false, "surrogate_bs": 128, "surrogate_decay": [35, 45], "surrogate_epochs": 60, "surrogate_lr": 0.1, "surrogate_wd": 0.0, "target_idx_file": "target_sets/ResNet20BN_gradmatch_frog-airplane.json", "target_select": 10, "use_jacobian_score": true, "victim_aug": false, "victim_bs": 125, "victim_decay": [40], "victim_epochs": 50, "victim_lr": 0.1, "victim_wd": 0.0}
[2026-08-26 04:13:00] Jacobian score: enabled, weight=1, batch_size=64
[2026-08-26 04:13:00] N_total=50000 budget=0.01 -> N_p=500 poisons, y_adv=6(frog) target_class=0(airplane)
[2026-08-26 04:13:00] === surrogates (20 x ResNet20BN, trained on the full real set) ===
[2026-08-26 04:13:01]   crafting on 5/20 surrogates
[2026-08-26 04:13:01] === clean victims (5 x ResNet20BN) ===
[2026-08-26 04:13:02]   clean baseline CTA = 0.8401 +/- 0.0030
[2026-08-26 04:13:02]   target pool 1000 -> eligible 998 (2 already predicted as y_adv or dropped)
[2026-08-26 04:13:02]   chosen 8 targets (file), p_adv range 0.0000..0.0001
[2026-08-26 04:13:02]   targets: [9235, 338, 255, 3207, 8563, 912, 4639, 2570]
[2026-08-26 04:13:02]   merged 30 rows left behind by an interrupted run
[2026-08-26 04:13:02]   resume: 30 (target, victim) trials already done
[2026-08-26 04:13:02] === target 912 (1/3) ===
[2026-08-26 04:13:04]   Jacobian score exact backend: torch.func JVP
[2026-08-26 04:29:39]   target 912: crafted 500 poisons in 973 s, obj=0.17437
[2026-08-26 04:29:39]   target 912: realized linf = 0.03137 (8.00/255), budget = 8.00/255
[2026-08-26 04:31:51]   [t912 v1/5] SUCCESS (pred=frog) CTA=0.8413
[2026-08-26 04:34:04]   [t912 v2/5] SUCCESS (pred=frog) CTA=0.8328
[2026-08-26 04:36:16]   [t912 v3/5] SUCCESS (pred=frog) CTA=0.8404
[2026-08-26 04:38:29]   [t912 v4/5] SUCCESS (pred=frog) CTA=0.8391
[2026-08-26 04:40:41]   [t912 v5/5] SUCCESS (pred=frog) CTA=0.8367
[2026-08-26 04:40:41]   target 912, 5 victims on this gpu: ASR=100.0% CTA=0.8381 +/- 0.0031
[2026-08-26 04:40:41] === target 4639 (2/3) ===
[2026-08-26 04:57:04]   target 4639: crafted 500 poisons in 961 s, obj=0.18424
[2026-08-26 04:57:04]   target 4639: realized linf = 0.03137 (8.00/255), budget = 8.00/255
[2026-08-26 04:59:17]   [t4639 v1/5] SUCCESS (pred=frog) CTA=0.8334
[2026-08-26 05:01:30]   [t4639 v2/5] SUCCESS (pred=frog) CTA=0.8322
[2026-08-26 05:03:42]   [t4639 v3/5] SUCCESS (pred=frog) CTA=0.8343
[2026-08-26 05:05:55]   [t4639 v4/5] SUCCESS (pred=frog) CTA=0.8353
[2026-08-26 05:08:07]   [t4639 v5/5] SUCCESS (pred=frog) CTA=0.8350
[2026-08-26 05:08:07]   target 4639, 5 victims on this gpu: ASR=100.0% CTA=0.8340 +/- 0.0011
[2026-08-26 05:08:07] === target 2570 (3/3) ===
[2026-08-26 05:24:43]   target 2570: crafted 500 poisons in 974 s, obj=0.23518
[2026-08-26 05:24:43]   target 2570: realized linf = 0.03137 (8.00/255), budget = 8.00/255
[2026-08-26 05:26:57]   [t2570 v1/5] SUCCESS (pred=frog) CTA=0.8348
[2026-08-26 05:29:11]   [t2570 v2/5] SUCCESS (pred=frog) CTA=0.8338
[2026-08-26 05:31:23]   [t2570 v3/5] SUCCESS (pred=frog) CTA=0.8385
[2026-08-26 05:33:36]   [t2570 v4/5] SUCCESS (pred=frog) CTA=0.8375
[2026-08-26 05:35:48]   [t2570 v5/5] SUCCESS (pred=frog) CTA=0.8406
[2026-08-26 05:35:49]   target 2570, 5 victims on this gpu: ASR=100.0% CTA=0.8370 +/- 0.0025
[2026-08-26 05:35:49] ==== CIFAR10_ResNet20BN_sapa_ours_frog-airplane_b0.01_eps8_seed42_lam1_cosine_seldpp2_jacw1_worst0.05_ce5_tgt10 : ASR = 83.3% +/- 18.6% | CTA = 0.8362 (baseline 0.8401) ====
[2026-08-26 05:35:49]   target-prediction tally ['airplane', 'automobile', 'bird', 'cat', 'deer', 'dog', 'frog', 'horse', 'ship', 'truck']: [0, 0, 0, 0, 0, 0, 15, 0, 0, 0]

sync: preserving outputs in /home/mmoslem3/scratch/attack_if
sync: complete
