stage: optional directory absent: /home/mmoslem3/scratch/attack_if/ours_result/CIFAR10_VGG13BN_fc_ours_frog-airplane_b0.01_eps8_seed42_lam1_cosine_jacw1_ce5_tgt3
job: 5025978 attack_125_vgg13_fc_frog_airplane_b0_01_ours_j on kn006
work: /tmp/attack_if
config: USE_JACOBIAN_SCORE=1 JACOBIAN_WEIGHT=1.0 JACOBIAN_BATCH_SIZE=64 CLASS_PAIR="frog-airplane" MODEL="VGG13BN" ATTACK="fc" BUDGETS=0.01 SELECT="ours" sh sel_dpp.sh
protocol: attack=8 targets x 5 victims; defense=7 targets x 5 victims
gpu: NVIDIA L40S
=== ours (plain greedy top-N_p by score) | VGG13BN / fc / frog-airplane ===
    targets: pinned from target_sets/VGG13BN_fc_frog-airplane.json (same 10 the random-base run attacked)
    difficulty label tgt3   craft flags: none
    Jacobian score enabled (weight=1.0, batch=64)
    budgets: 0.01

--- ours | VGG13BN / fc / frog-airplane | budget 0.01 ---
[2026-08-26 04:31:03] === run start: CIFAR10_VGG13BN_fc_ours_frog-airplane_b0.01_eps8_seed42_lam1_cosine_jacw1_ce5_tgt3 on cuda [0] ===
[2026-08-26 04:31:03] args: {"FORCE": false, "attack": "fc", "base": "ours", "base_dist": "cosine", "base_topr": null, "budget": 0.01, "cache_dir": "/tmp/attack_if/cache", "class_pair": "frog-airplane", "clean_baseline": true, "craft_alpha": 0.0039216, "craft_aug": true, "craft_batch": 256, "craft_ensemble": 5, "craft_lowmem": false, "craft_schedule": false, "craft_steps": 250, "data_path": "/tmp/data", "dataset": "CIFAR10", "dsa_strategy": "color_crop_cutout_flip_scale_rotate", "epsilon": 0.0313725, "fast_gradmatch": false, "fc_mode": "sample", "fc_restarts": 1, "gpus": "all", "jacobian_batch_size": 64, "jacobian_weight": 1.0, "lambda_margin": 1.0, "model": "VGG13BN", "no_resume": false, "num_poisons": 500, "num_surrogates": 20, "num_targets": 8, "num_victims": 5, "out_dir": "/tmp/attack_if/ours_result", "pair_order": "poison-target", "parallel_pretrain": true, "parallel_targets": true, "precompute_id": null, "precompute_only": false, "precompute_part": "both", "rank_on_victims": true, "recompute_deltas": false, "require_correct_target": false, "restarts": 8, "seed": 42, "sel_K": null, "sel_alpha": 1.0, "sel_criterion": null, "sel_dpp": false, "sel_filter": false, "sel_mmr": false, "sel_mode": null, "sel_model": null, "sel_mu": 1.0, "sel_pca": false, "sel_pool": 3.0, "sharp_mode": "worst", "sharp_samples": 20, "sharp_sigma": 0.05, "steal_timeout": 7200.0, "surrogate_aug": false, "surrogate_bs": 128, "surrogate_decay": [35, 45], "surrogate_epochs": 60, "surrogate_lr": 0.1, "surrogate_wd": 0.0, "target_idx_file": "target_sets/VGG13BN_fc_frog-airplane.json", "target_select": 3, "use_jacobian_score": true, "victim_aug": false, "victim_bs": 125, "victim_decay": [40], "victim_epochs": 50, "victim_lr": 0.1, "victim_wd": 0.0}
[2026-08-26 04:31:03] Jacobian score: enabled, weight=1, batch_size=64
[2026-08-26 04:31:03] N_total=50000 budget=0.01 -> N_p=500 poisons, y_adv=6(frog) target_class=0(airplane)
[2026-08-26 04:31:03] === surrogates (20 x VGG13BN, trained on the full real set) ===
[2026-08-26 04:31:05]   crafting on 5/20 surrogates
[2026-08-26 04:31:05] === clean victims (5 x VGG13BN) ===
[2026-08-26 04:31:06]   clean baseline CTA = 0.8451 +/- 0.0161
[2026-08-26 04:31:06]   target pool 1000 -> eligible 998 (2 already predicted as y_adv or dropped)
[2026-08-26 04:31:06]   chosen 8 targets (file), p_adv range 0.0004..0.0117
[2026-08-26 04:31:06]   targets: [912, 9957, 1739, 1165, 3278, 4313, 416, 6491]
[2026-08-26 04:31:06] === target 912 (1/8) ===
[2026-08-26 04:31:08]   Jacobian score exact backend: torch.func JVP
[2026-08-26 04:31:42]   target 912: crafted 500 poisons in 20 s, obj=0.00204
[2026-08-26 04:31:42]   target 912: realized linf = 0.03137 (8.00/255), budget = 8.00/255
[2026-08-26 04:33:24]   [t912 v1/5] fail (pred=horse) CTA=0.8518
[2026-08-26 04:35:05]   [t912 v2/5] fail (pred=cat) CTA=0.8474
[2026-08-26 04:36:47]   [t912 v3/5] fail (pred=truck) CTA=0.8610
[2026-08-26 04:38:28]   [t912 v4/5] SUCCESS (pred=frog) CTA=0.8499
[2026-08-26 04:40:10]   [t912 v5/5] fail (pred=automobile) CTA=0.8514
[2026-08-26 04:40:10]   target 912, 5 victims on this gpu: ASR=20.0% CTA=0.8523 +/- 0.0046
[2026-08-26 04:40:10] === target 9957 (2/8) ===
[2026-08-26 04:40:45]   target 9957: crafted 500 poisons in 20 s, obj=0.00254
[2026-08-26 04:40:45]   target 9957: realized linf = 0.03137 (8.00/255), budget = 8.00/255
[2026-08-26 04:42:27]   [t9957 v1/5] fail (pred=airplane) CTA=0.8548
[2026-08-26 04:44:07]   [t9957 v2/5] fail (pred=airplane) CTA=0.8490
[2026-08-26 04:45:46]   [t9957 v3/5] fail (pred=cat) CTA=0.8436
[2026-08-26 04:47:26]   [t9957 v4/5] fail (pred=airplane) CTA=0.8492
[2026-08-26 04:49:06]   [t9957 v5/5] fail (pred=automobile) CTA=0.8549
[2026-08-26 04:49:06]   target 9957, 5 victims on this gpu: ASR=0.0% CTA=0.8503 +/- 0.0042
[2026-08-26 04:49:06] === target 1739 (3/8) ===
[2026-08-26 04:49:41]   target 1739: crafted 500 poisons in 20 s, obj=0.00350
[2026-08-26 04:49:41]   target 1739: realized linf = 0.03137 (8.00/255), budget = 8.00/255
[2026-08-26 04:51:23]   [t1739 v1/5] SUCCESS (pred=frog) CTA=0.8576
[2026-08-26 04:53:03]   [t1739 v2/5] SUCCESS (pred=frog) CTA=0.8567
[2026-08-26 04:54:43]   [t1739 v3/5] SUCCESS (pred=frog) CTA=0.8375
[2026-08-26 04:56:23]   [t1739 v4/5] SUCCESS (pred=frog) CTA=0.8553
[2026-08-26 04:58:02]   [t1739 v5/5] fail (pred=airplane) CTA=0.8529
[2026-08-26 04:58:02]   target 1739, 5 victims on this gpu: ASR=80.0% CTA=0.8520 +/- 0.0074
[2026-08-26 04:58:02] === target 1165 (4/8) ===
[2026-08-26 04:58:38]   target 1165: crafted 500 poisons in 20 s, obj=0.00320
[2026-08-26 04:58:38]   target 1165: realized linf = 0.03137 (8.00/255), budget = 8.00/255
[2026-08-26 05:00:19]   [t1165 v1/5] fail (pred=airplane) CTA=0.8647
[2026-08-26 05:01:59]   [t1165 v2/5] fail (pred=airplane) CTA=0.8358
[2026-08-26 05:03:39]   [t1165 v3/5] fail (pred=airplane) CTA=0.8617
[2026-08-26 05:05:19]   [t1165 v4/5] fail (pred=airplane) CTA=0.8662
[2026-08-26 05:06:58]   [t1165 v5/5] fail (pred=airplane) CTA=0.8508
[2026-08-26 05:06:58]   target 1165, 5 victims on this gpu: ASR=0.0% CTA=0.8558 +/- 0.0114
[2026-08-26 05:06:58] === target 3278 (5/8) ===
[2026-08-26 05:07:34]   target 3278: crafted 500 poisons in 20 s, obj=0.00278
[2026-08-26 05:07:34]   target 3278: realized linf = 0.03137 (8.00/255), budget = 8.00/255
[2026-08-26 05:09:15]   [t3278 v1/5] fail (pred=airplane) CTA=0.8456
[2026-08-26 05:10:55]   [t3278 v2/5] fail (pred=airplane) CTA=0.8581
[2026-08-26 05:12:36]   [t3278 v3/5] fail (pred=airplane) CTA=0.8561
[2026-08-26 05:14:15]   [t3278 v4/5] fail (pred=airplane) CTA=0.8598
[2026-08-26 05:15:55]   [t3278 v5/5] fail (pred=airplane) CTA=0.8464
[2026-08-26 05:15:55]   target 3278, 5 victims on this gpu: ASR=0.0% CTA=0.8532 +/- 0.0060
[2026-08-26 05:15:55] === target 4313 (6/8) ===
[2026-08-26 05:16:30]   target 4313: crafted 500 poisons in 20 s, obj=0.00182
[2026-08-26 05:16:30]   target 4313: realized linf = 0.03137 (8.00/255), budget = 8.00/255
[2026-08-26 05:18:12]   [t4313 v1/5] SUCCESS (pred=frog) CTA=0.8683
[2026-08-26 05:19:52]   [t4313 v2/5] fail (pred=bird) CTA=0.8509
[2026-08-26 05:21:32]   [t4313 v3/5] SUCCESS (pred=frog) CTA=0.8515
[2026-08-26 05:23:12]   [t4313 v4/5] fail (pred=cat) CTA=0.8387
[2026-08-26 05:24:52]   [t4313 v5/5] fail (pred=cat) CTA=0.8487
[2026-08-26 05:24:52]   target 4313, 5 victims on this gpu: ASR=40.0% CTA=0.8516 +/- 0.0095
[2026-08-26 05:24:52] === target 416 (7/8) ===
[2026-08-26 05:25:27]   target 416: crafted 500 poisons in 20 s, obj=0.00224
[2026-08-26 05:25:27]   target 416: realized linf = 0.03137 (8.00/255), budget = 8.00/255
[2026-08-26 05:27:09]   [t416 v1/5] fail (pred=cat) CTA=0.8634
[2026-08-26 05:28:49]   [t416 v2/5] fail (pred=dog) CTA=0.8541
[2026-08-26 05:30:29]   [t416 v3/5] fail (pred=airplane) CTA=0.8563
[2026-08-26 05:32:09]   [t416 v4/5] SUCCESS (pred=frog) CTA=0.8525
[2026-08-26 05:33:49]   [t416 v5/5] fail (pred=cat) CTA=0.8582
[2026-08-26 05:33:49]   target 416, 5 victims on this gpu: ASR=20.0% CTA=0.8569 +/- 0.0038
[2026-08-26 05:33:49] === target 6491 (8/8) ===
[2026-08-26 05:34:24]   target 6491: crafted 500 poisons in 20 s, obj=0.00255
[2026-08-26 05:34:24]   target 6491: realized linf = 0.03137 (8.00/255), budget = 8.00/255
[2026-08-26 05:36:06]   [t6491 v1/5] fail (pred=bird) CTA=0.8564
[2026-08-26 05:37:46]   [t6491 v2/5] fail (pred=airplane) CTA=0.8569
[2026-08-26 05:39:26]   [t6491 v3/5] fail (pred=ship) CTA=0.8646
[2026-08-26 05:41:06]   [t6491 v4/5] fail (pred=cat) CTA=0.8560
[2026-08-26 05:42:45]   [t6491 v5/5] fail (pred=airplane) CTA=0.8470
[2026-08-26 05:42:45]   target 6491, 5 victims on this gpu: ASR=0.0% CTA=0.8562 +/- 0.0056
[2026-08-26 05:42:45] ==== CIFAR10_VGG13BN_fc_ours_frog-airplane_b0.01_eps8_seed42_lam1_cosine_jacw1_ce5_tgt3 : ASR = 20.0% +/- 26.5% | CTA = 0.8535 (baseline 0.8451) ====
[2026-08-26 05:42:45]   target-prediction tally ['airplane', 'automobile', 'bird', 'cat', 'deer', 'dog', 'frog', 'horse', 'ship', 'truck']: [17, 2, 2, 7, 0, 1, 8, 1, 1, 1]

sync: preserving outputs in /home/mmoslem3/scratch/attack_if
sync: complete
