job: 5025858 attack_015_convnet_sapa_dog_bird_b0_01_ours_j on kn075
work: /tmp/attack_if
config: USE_JACOBIAN_SCORE=1 JACOBIAN_WEIGHT=1.0 JACOBIAN_BATCH_SIZE=64 CLASS_PAIR="dog-bird" MODEL="ConvNetBN" ATTACK="sapa" SHARP_MODE="worst" SHARP_SIGMA="0.05" BUDGETS=0.01 SELECT="ours" sh sel_dpp.sh
protocol: attack=8 targets x 5 victims; defense=7 targets x 5 victims
gpu: NVIDIA L40S
=== ours (plain greedy top-N_p by score) | ConvNetBN / sapa / dog-bird | sharp worst sigma=0.05 ===
    targets: pinned from target_sets/ConvNetBN_gradmatch_dog-bird.json (same 10 the random-base run attacked)
    difficulty label tgt70   craft flags: none
    Jacobian score enabled (weight=1.0, batch=64)
    budgets: 0.01

--- ours | ConvNetBN / sapa / dog-bird | sharp worst sigma=0.05 | budget 0.01 ---
[2026-08-26 02:43:44] === run start: CIFAR10_ConvNetBN_sapa_ours_dog-bird_b0.01_eps8_seed42_lam1_cosine_jacw1_worst0.05_ce5_tgt70 on cuda [0] ===
[2026-08-26 02:43:44] args: {"FORCE": false, "attack": "sapa", "base": "ours", "base_dist": "cosine", "base_topr": null, "budget": 0.01, "cache_dir": "/tmp/attack_if/cache", "class_pair": "dog-bird", "clean_baseline": true, "craft_alpha": 0.0039216, "craft_aug": true, "craft_batch": 256, "craft_ensemble": 5, "craft_lowmem": false, "craft_schedule": false, "craft_steps": 250, "data_path": "/tmp/data", "dataset": "CIFAR10", "dsa_strategy": "color_crop_cutout_flip_scale_rotate", "epsilon": 0.0313725, "fast_gradmatch": false, "fc_mode": "sample", "fc_restarts": 1, "gpus": "all", "jacobian_batch_size": 64, "jacobian_weight": 1.0, "lambda_margin": 1.0, "model": "ConvNetBN", "no_resume": false, "num_poisons": 500, "num_surrogates": 20, "num_targets": 8, "num_victims": 5, "out_dir": "/tmp/attack_if/ours_result", "pair_order": "poison-target", "parallel_pretrain": true, "parallel_targets": true, "precompute_id": null, "precompute_only": false, "precompute_part": "both", "rank_on_victims": true, "recompute_deltas": false, "require_correct_target": false, "restarts": 8, "seed": 42, "sel_K": null, "sel_alpha": 1.0, "sel_criterion": null, "sel_dpp": false, "sel_filter": false, "sel_mmr": false, "sel_mode": null, "sel_model": null, "sel_mu": 1.0, "sel_pca": false, "sel_pool": 3.0, "sharp_mode": "worst", "sharp_samples": 20, "sharp_sigma": 0.05, "steal_timeout": 7200.0, "surrogate_aug": false, "surrogate_bs": 128, "surrogate_decay": [35, 45], "surrogate_epochs": 60, "surrogate_lr": 0.1, "surrogate_wd": 0.0, "target_idx_file": "target_sets/ConvNetBN_gradmatch_dog-bird.json", "target_select": 70, "use_jacobian_score": true, "victim_aug": false, "victim_bs": 125, "victim_decay": [40], "victim_epochs": 50, "victim_lr": 0.1, "victim_wd": 0.0}
[2026-08-26 02:43:44] Jacobian score: enabled, weight=1, batch_size=64
[2026-08-26 02:43:44] N_total=50000 budget=0.01 -> N_p=500 poisons, y_adv=5(dog) target_class=2(bird)
[2026-08-26 02:43:44] === surrogates (20 x ConvNetBN, trained on the full real set) ===
[2026-08-26 02:43:44]   crafting on 5/20 surrogates
[2026-08-26 02:43:44] === clean victims (5 x ConvNetBN) ===
[2026-08-26 02:43:45]   clean baseline CTA = 0.8105 +/- 0.0070
[2026-08-26 02:43:45]   target pool 1000 -> eligible 962 (38 already predicted as y_adv or dropped)
[2026-08-26 02:43:45]   chosen 8 targets (file), p_adv range 0.0000..0.0354
[2026-08-26 02:43:45]   targets: [843, 1257, 8252, 8730, 8055, 5859, 8954, 821]
[2026-08-26 02:43:45]   merged 18 rows left behind by an interrupted run
[2026-08-26 02:43:45]   resume: 18 (target, victim) trials already done
[2026-08-26 02:43:45] === target 8730 (1/5) ===
[2026-08-26 02:43:46]   Jacobian score exact backend: torch.func JVP
[2026-08-26 02:52:32]   target 8730: crafted 500 poisons in 520 s, obj=0.23785
[2026-08-26 02:52:32]   target 8730: realized linf = 0.03137 (8.00/255), budget = 8.00/255
[2026-08-26 02:53:23]   [t8730 v1/5] SUCCESS (pred=dog) CTA=0.8059
[2026-08-26 02:54:13]   [t8730 v2/5] SUCCESS (pred=dog) CTA=0.8138
[2026-08-26 02:55:04]   [t8730 v3/5] fail (pred=bird) CTA=0.8188
[2026-08-26 02:55:54]   [t8730 v4/5] fail (pred=bird) CTA=0.8078
[2026-08-26 02:56:44]   [t8730 v5/5] SUCCESS (pred=dog) CTA=0.8032
[2026-08-26 02:56:44]   target 8730, 5 victims on this gpu: ASR=60.0% CTA=0.8099 +/- 0.0057
[2026-08-26 02:56:44] === target 8055 (2/5) ===
[2026-08-26 03:05:30]   target 8055: crafted 500 poisons in 520 s, obj=0.24177
[2026-08-26 03:05:30]   target 8055: realized linf = 0.03137 (8.00/255), budget = 8.00/255
[2026-08-26 03:06:21]   [t8055 v1/5] SUCCESS (pred=dog) CTA=0.8116
[2026-08-26 03:07:11]   [t8055 v2/5] SUCCESS (pred=dog) CTA=0.8094
[2026-08-26 03:08:01]   [t8055 v3/5] SUCCESS (pred=dog) CTA=0.8086
[2026-08-26 03:08:51]   [t8055 v4/5] SUCCESS (pred=dog) CTA=0.7956
[2026-08-26 03:09:41]   [t8055 v5/5] SUCCESS (pred=dog) CTA=0.8125
[2026-08-26 03:09:41]   target 8055, 5 victims on this gpu: ASR=100.0% CTA=0.8075 +/- 0.0061
[2026-08-26 03:09:41] === target 5859 (3/5) ===
[2026-08-26 03:18:27]   target 5859: crafted 500 poisons in 520 s, obj=0.23566
[2026-08-26 03:18:27]   target 5859: realized linf = 0.03137 (8.00/255), budget = 8.00/255
[2026-08-26 03:19:17]   [t5859 v1/5] SUCCESS (pred=dog) CTA=0.8035
[2026-08-26 03:20:07]   [t5859 v2/5] SUCCESS (pred=dog) CTA=0.8111
[2026-08-26 03:20:57]   [t5859 v3/5] SUCCESS (pred=dog) CTA=0.8003
[2026-08-26 03:21:47]   [t5859 v4/5] SUCCESS (pred=dog) CTA=0.8047
[2026-08-26 03:22:37]   [t5859 v5/5] SUCCESS (pred=dog) CTA=0.8101
[2026-08-26 03:22:37]   target 5859, 5 victims on this gpu: ASR=100.0% CTA=0.8059 +/- 0.0041
[2026-08-26 03:22:37] === target 8954 (4/5) ===
[2026-08-26 03:31:24]   target 8954: crafted 500 poisons in 521 s, obj=0.21152
[2026-08-26 03:31:24]   target 8954: realized linf = 0.03137 (8.00/255), budget = 8.00/255
[2026-08-26 03:32:15]   [t8954 v1/5] SUCCESS (pred=dog) CTA=0.7963
[2026-08-26 03:33:05]   [t8954 v2/5] SUCCESS (pred=dog) CTA=0.8019
[2026-08-26 03:33:55]   [t8954 v3/5] SUCCESS (pred=dog) CTA=0.8030
[2026-08-26 03:34:45]   [t8954 v4/5] SUCCESS (pred=dog) CTA=0.8006
[2026-08-26 03:35:35]   [t8954 v5/5] SUCCESS (pred=dog) CTA=0.8083
[2026-08-26 03:35:35]   target 8954, 5 victims on this gpu: ASR=100.0% CTA=0.8020 +/- 0.0039
[2026-08-26 03:35:35] === target 821 (5/5) ===
[2026-08-26 03:44:22]   target 821: crafted 500 poisons in 521 s, obj=0.26379
[2026-08-26 03:44:22]   target 821: realized linf = 0.03137 (8.00/255), budget = 8.00/255
[2026-08-26 03:45:13]   [t821 v1/5] SUCCESS (pred=dog) CTA=0.8134
[2026-08-26 03:46:03]   [t821 v2/5] SUCCESS (pred=dog) CTA=0.8115
[2026-08-26 03:46:53]   [t821 v3/5] SUCCESS (pred=dog) CTA=0.8034
[2026-08-26 03:47:43]   [t821 v4/5] SUCCESS (pred=dog) CTA=0.8119
[2026-08-26 03:48:33]   [t821 v5/5] SUCCESS (pred=dog) CTA=0.8012
[2026-08-26 03:48:33]   target 821, 5 victims on this gpu: ASR=100.0% CTA=0.8083 +/- 0.0050
[2026-08-26 03:48:33] ==== CIFAR10_ConvNetBN_sapa_ours_dog-bird_b0.01_eps8_seed42_lam1_cosine_jacw1_worst0.05_ce5_tgt70 : ASR = 88.8% +/- 15.7% | CTA = 0.8055 (baseline 0.8105) ====
[2026-08-26 03:48:33]   target-prediction tally ['airplane', 'automobile', 'bird', 'cat', 'deer', 'dog', 'frog', 'horse', 'ship', 'truck']: [0, 0, 2, 0, 0, 23, 0, 0, 0, 0]

sync: preserving outputs in /home/mmoslem3/scratch/attack_if
sync: complete
