job: 5025977 attack_124_vgg13_sapa_dog_bird_b0_01_dpp_j on kn133
work: /tmp/attack_if
config: USE_JACOBIAN_SCORE=1 JACOBIAN_WEIGHT=1.0 JACOBIAN_BATCH_SIZE=64 CLASS_PAIR="dog-bird" MODEL="VGG13BN" ATTACK="sapa" SHARP_MODE="worst" SHARP_SIGMA="0.05" BUDGETS=0.01 SELECT="dpp" SEL_ALPHA=2.0 sh sel_dpp.sh
protocol: attack=8 targets x 5 victims; defense=7 targets x 5 victims
gpu: NVIDIA L40S
=== dpp (alpha=2.0) | VGG13BN / sapa / dog-bird | sharp worst sigma=0.05 ===
    targets: pinned from target_sets/VGG13BN_gradmatch_dog-bird.json (same 10 the random-base run attacked)
    difficulty label tgt50   craft flags: --craft_lowmem --craft_batch 256 --fast_gradmatch
    Jacobian score enabled (weight=1.0, batch=64)
    budgets: 0.01

--- dpp | VGG13BN / sapa / dog-bird | sharp worst sigma=0.05 | budget 0.01 ---
[2026-08-26 04:28:42] === run start: CIFAR10_VGG13BN_sapa_ours_dog-bird_b0.01_eps8_seed42_lam1_cosine_seldpp2_jacw1_worst0.05_ce5_tgt50 on cuda [0] ===
[2026-08-26 04:28:42] args: {"FORCE": false, "attack": "sapa", "base": "ours", "base_dist": "cosine", "base_topr": null, "budget": 0.01, "cache_dir": "/tmp/attack_if/cache", "class_pair": "dog-bird", "clean_baseline": true, "craft_alpha": 0.0039216, "craft_aug": true, "craft_batch": 256, "craft_ensemble": 5, "craft_lowmem": true, "craft_schedule": false, "craft_steps": 250, "data_path": "/tmp/data", "dataset": "CIFAR10", "dsa_strategy": "color_crop_cutout_flip_scale_rotate", "epsilon": 0.0313725, "fast_gradmatch": true, "fc_mode": "sample", "fc_restarts": 1, "gpus": "all", "jacobian_batch_size": 64, "jacobian_weight": 1.0, "lambda_margin": 1.0, "model": "VGG13BN", "no_resume": false, "num_poisons": 500, "num_surrogates": 20, "num_targets": 8, "num_victims": 5, "out_dir": "/tmp/attack_if/ours_result", "pair_order": "poison-target", "parallel_pretrain": true, "parallel_targets": true, "precompute_id": null, "precompute_only": false, "precompute_part": "both", "rank_on_victims": true, "recompute_deltas": false, "require_correct_target": false, "restarts": 8, "seed": 42, "sel_K": null, "sel_alpha": 2.0, "sel_criterion": null, "sel_dpp": true, "sel_filter": false, "sel_mmr": false, "sel_mode": "dpp", "sel_model": null, "sel_mu": 1.0, "sel_pca": false, "sel_pool": 3.0, "sharp_mode": "worst", "sharp_samples": 20, "sharp_sigma": 0.05, "steal_timeout": 7200.0, "surrogate_aug": false, "surrogate_bs": 128, "surrogate_decay": [35, 45], "surrogate_epochs": 60, "surrogate_lr": 0.1, "surrogate_wd": 0.0, "target_idx_file": "target_sets/VGG13BN_gradmatch_dog-bird.json", "target_select": 50, "use_jacobian_score": true, "victim_aug": false, "victim_bs": 125, "victim_decay": [40], "victim_epochs": 50, "victim_lr": 0.1, "victim_wd": 0.0}
[2026-08-26 04:28:42] Jacobian score: enabled, weight=1, batch_size=64
[2026-08-26 04:28:42] N_total=50000 budget=0.01 -> N_p=500 poisons, y_adv=5(dog) target_class=2(bird)
[2026-08-26 04:28:42] === surrogates (20 x VGG13BN, trained on the full real set) ===
[2026-08-26 04:28:44]   crafting on 5/20 surrogates
[2026-08-26 04:28:44] === clean victims (5 x VGG13BN) ===
[2026-08-26 04:28:46]   clean baseline CTA = 0.8451 +/- 0.0161
[2026-08-26 04:28:46]   target pool 1000 -> eligible 970 (30 already predicted as y_adv or dropped)
[2026-08-26 04:28:46]   chosen 8 targets (file), p_adv range 0.0000..0.0000
[2026-08-26 04:28:46]   targets: [630, 409, 2270, 9870, 1656, 5022, 9090, 6033]
[2026-08-26 04:28:46]   merged 18 rows left behind by an interrupted run
[2026-08-26 04:28:46]   resume: 18 (target, victim) trials already done
[2026-08-26 04:28:46] === target 9870 (1/5) ===
[2026-08-26 04:28:48]   Jacobian score exact backend: torch.func JVP
[2026-08-26 04:48:49]   target 9870: crafted 500 poisons in 1186 s, obj=0.24837
[2026-08-26 04:48:49]   target 9870: realized linf = 0.03137 (8.00/255), budget = 8.00/255
[2026-08-26 04:50:31]   [t9870 v1/5] SUCCESS (pred=dog) CTA=0.8550
[2026-08-26 04:52:12]   [t9870 v2/5] SUCCESS (pred=dog) CTA=0.8450
[2026-08-26 04:53:52]   [t9870 v3/5] SUCCESS (pred=dog) CTA=0.8487
[2026-08-26 04:55:32]   [t9870 v4/5] SUCCESS (pred=dog) CTA=0.8598
[2026-08-26 04:57:13]   [t9870 v5/5] SUCCESS (pred=dog) CTA=0.8493
[2026-08-26 04:57:13]   target 9870, 5 victims on this gpu: ASR=100.0% CTA=0.8516 +/- 0.0052
[2026-08-26 04:57:13] === target 1656 (2/5) ===
[2026-08-26 05:17:19]   target 1656: crafted 500 poisons in 1190 s, obj=0.25697
[2026-08-26 05:17:19]   target 1656: realized linf = 0.03137 (8.00/255), budget = 8.00/255
[2026-08-26 05:19:02]   [t1656 v1/5] SUCCESS (pred=dog) CTA=0.8508
[2026-08-26 05:20:43]   [t1656 v2/5] SUCCESS (pred=dog) CTA=0.8517
[2026-08-26 05:22:23]   [t1656 v3/5] SUCCESS (pred=dog) CTA=0.8446
[2026-08-26 05:24:04]   [t1656 v4/5] SUCCESS (pred=dog) CTA=0.8656
[2026-08-26 05:25:44]   [t1656 v5/5] SUCCESS (pred=dog) CTA=0.8519
[2026-08-26 05:25:44]   target 1656, 5 victims on this gpu: ASR=100.0% CTA=0.8529 +/- 0.0069
[2026-08-26 05:25:44] === target 5022 (3/5) ===
[2026-08-26 05:45:51]   target 5022: crafted 500 poisons in 1191 s, obj=0.24678
[2026-08-26 05:45:51]   target 5022: realized linf = 0.03137 (8.00/255), budget = 8.00/255
[2026-08-26 05:47:34]   [t5022 v1/5] SUCCESS (pred=dog) CTA=0.8651
[2026-08-26 05:49:15]   [t5022 v2/5] SUCCESS (pred=dog) CTA=0.8443
[2026-08-26 05:50:55]   [t5022 v3/5] SUCCESS (pred=dog) CTA=0.8516
[2026-08-26 05:52:35]   [t5022 v4/5] SUCCESS (pred=dog) CTA=0.8518
[2026-08-26 05:54:16]   [t5022 v5/5] SUCCESS (pred=dog) CTA=0.8550
[2026-08-26 05:54:16]   target 5022, 5 victims on this gpu: ASR=100.0% CTA=0.8536 +/- 0.0068
[2026-08-26 05:54:16] === target 9090 (4/5) ===
[2026-08-26 06:14:23]   target 9090: crafted 500 poisons in 1191 s, obj=0.23344
[2026-08-26 06:14:23]   target 9090: realized linf = 0.03137 (8.00/255), budget = 8.00/255
[2026-08-26 06:16:06]   [t9090 v1/5] SUCCESS (pred=dog) CTA=0.8612
[2026-08-26 06:17:47]   [t9090 v2/5] SUCCESS (pred=dog) CTA=0.8496
[2026-08-26 06:19:27]   [t9090 v3/5] SUCCESS (pred=dog) CTA=0.8593
[2026-08-26 06:21:07]   [t9090 v4/5] SUCCESS (pred=dog) CTA=0.8549
[2026-08-26 06:22:48]   [t9090 v5/5] SUCCESS (pred=dog) CTA=0.8552
[2026-08-26 06:22:48]   target 9090, 5 victims on this gpu: ASR=100.0% CTA=0.8560 +/- 0.0040
[2026-08-26 06:22:48] === target 6033 (5/5) ===
[2026-08-26 06:42:52]   target 6033: crafted 500 poisons in 1188 s, obj=0.20780
[2026-08-26 06:42:52]   target 6033: realized linf = 0.03137 (8.00/255), budget = 8.00/255
[2026-08-26 06:44:35]   [t6033 v1/5] SUCCESS (pred=dog) CTA=0.8410
[2026-08-26 06:46:16]   [t6033 v2/5] SUCCESS (pred=dog) CTA=0.8572
[2026-08-26 06:47:56]   [t6033 v3/5] SUCCESS (pred=dog) CTA=0.8593
[2026-08-26 06:49:37]   [t6033 v4/5] SUCCESS (pred=dog) CTA=0.8587
[2026-08-26 06:51:18]   [t6033 v5/5] SUCCESS (pred=dog) CTA=0.8633
[2026-08-26 06:51:18]   target 6033, 5 victims on this gpu: ASR=100.0% CTA=0.8559 +/- 0.0077
[2026-08-26 06:51:18] ==== CIFAR10_VGG13BN_sapa_ours_dog-bird_b0.01_eps8_seed42_lam1_cosine_seldpp2_jacw1_worst0.05_ce5_tgt50 : ASR = 100.0% +/- 0.0% | CTA = 0.8533 (baseline 0.8451) ====
[2026-08-26 06:51:18]   target-prediction tally ['airplane', 'automobile', 'bird', 'cat', 'deer', 'dog', 'frog', 'horse', 'ship', 'truck']: [0, 0, 0, 0, 0, 25, 0, 0, 0, 0]

sync: preserving outputs in /home/mmoslem3/scratch/attack_if
sync: complete
