stage: optional directory absent: /home/mmoslem3/scratch/attack_if/ours_result/CIFAR10_ResNet20BN_gradmatch_ours_dog-bird_b0.001_eps8_seed42_lam1_cosine_ce5_tgt14
job: 5025879 attack_035_resnet20_gradmatch_dog_bird_b0_001_ours_std on kn015
work: /tmp/attack_if
config: USE_JACOBIAN_SCORE=0 CLASS_PAIR="dog-bird" MODEL="ResNet20BN" ATTACK="gradmatch" BUDGETS=0.001 SELECT="ours" sh sel_dpp.sh
protocol: attack=8 targets x 5 victims; defense=7 targets x 5 victims
gpu: NVIDIA L40S
=== ours (plain greedy top-N_p by score) | ResNet20BN / gradmatch / dog-bird ===
    targets: pinned from target_sets/ResNet20BN_gradmatch_dog-bird.json (same 10 the random-base run attacked)
    difficulty label tgt14   craft flags: none
    Jacobian score disabled
    budgets: 0.001

--- ours | ResNet20BN / gradmatch / dog-bird | budget 0.001 ---
[2026-08-26 02:35:53] === run start: CIFAR10_ResNet20BN_gradmatch_ours_dog-bird_b0.001_eps8_seed42_lam1_cosine_ce5_tgt14 on cuda [0] ===
[2026-08-26 02:35:53] args: {"FORCE": false, "attack": "gradmatch", "base": "ours", "base_dist": "cosine", "base_topr": null, "budget": 0.001, "cache_dir": "/tmp/attack_if/cache", "class_pair": "dog-bird", "clean_baseline": true, "craft_alpha": 0.0039216, "craft_aug": true, "craft_batch": 256, "craft_ensemble": 5, "craft_lowmem": false, "craft_schedule": false, "craft_steps": 250, "data_path": "/tmp/data", "dataset": "CIFAR10", "dsa_strategy": "color_crop_cutout_flip_scale_rotate", "epsilon": 0.0313725, "fast_gradmatch": false, "fc_mode": "sample", "fc_restarts": 1, "gpus": "all", "jacobian_batch_size": 64, "jacobian_weight": 1.0, "lambda_margin": 1.0, "model": "ResNet20BN", "no_resume": false, "num_poisons": 500, "num_surrogates": 20, "num_targets": 8, "num_victims": 5, "out_dir": "/tmp/attack_if/ours_result", "pair_order": "poison-target", "parallel_pretrain": true, "parallel_targets": true, "precompute_id": null, "precompute_only": false, "precompute_part": "both", "rank_on_victims": true, "recompute_deltas": false, "require_correct_target": false, "restarts": 8, "seed": 42, "sel_K": null, "sel_alpha": 1.0, "sel_criterion": null, "sel_dpp": false, "sel_filter": false, "sel_mmr": false, "sel_mode": null, "sel_model": null, "sel_mu": 1.0, "sel_pca": false, "sel_pool": 3.0, "sharp_mode": "worst", "sharp_samples": 20, "sharp_sigma": 0.05, "steal_timeout": 7200.0, "surrogate_aug": false, "surrogate_bs": 128, "surrogate_decay": [35, 45], "surrogate_epochs": 60, "surrogate_lr": 0.1, "surrogate_wd": 0.0, "target_idx_file": "target_sets/ResNet20BN_gradmatch_dog-bird.json", "target_select": 14, "use_jacobian_score": false, "victim_aug": false, "victim_bs": 125, "victim_decay": [40], "victim_epochs": 50, "victim_lr": 0.1, "victim_wd": 0.0}
[2026-08-26 02:35:53] Jacobian score: disabled
[2026-08-26 02:35:53] N_total=50000 budget=0.001 -> N_p=50 poisons, y_adv=5(dog) target_class=2(bird)
[2026-08-26 02:35:53] === surrogates (20 x ResNet20BN, trained on the full real set) ===
[2026-08-26 02:35:53]   crafting on 5/20 surrogates
[2026-08-26 02:35:53] === clean victims (5 x ResNet20BN) ===
[2026-08-26 02:35:54]   clean baseline CTA = 0.8401 +/- 0.0030
[2026-08-26 02:35:54]   target pool 1000 -> eligible 973 (27 already predicted as y_adv or dropped)
[2026-08-26 02:35:54]   chosen 8 targets (file), p_adv range 0.0001..0.0214
[2026-08-26 02:35:54]   targets: [5118, 8740, 5324, 4630, 833, 2065, 7056, 9059]
[2026-08-26 02:35:54] === target 5118 (1/8) ===
[2026-08-26 02:39:08]   target 5118: crafted 50 poisons in 192 s, obj=0.23073
[2026-08-26 02:39:08]   target 5118: realized linf = 0.03137 (8.00/255), budget = 8.00/255
[2026-08-26 02:41:18]   [t5118 v1/5] fail (pred=bird) CTA=0.8359
[2026-08-26 02:43:28]   [t5118 v2/5] fail (pred=bird) CTA=0.8457
[2026-08-26 02:45:38]   [t5118 v3/5] SUCCESS (pred=dog) CTA=0.8329
[2026-08-26 02:47:47]   [t5118 v4/5] fail (pred=bird) CTA=0.8309
[2026-08-26 02:49:56]   [t5118 v5/5] fail (pred=cat) CTA=0.8364
[2026-08-26 02:49:56]   target 5118, 5 victims on this gpu: ASR=20.0% CTA=0.8364 +/- 0.0051
[2026-08-26 02:49:56] === target 8740 (2/8) ===
[2026-08-26 02:53:09]   target 8740: crafted 50 poisons in 192 s, obj=0.19703
[2026-08-26 02:53:09]   target 8740: realized linf = 0.03137 (8.00/255), budget = 8.00/255
[2026-08-26 02:55:20]   [t8740 v1/5] fail (pred=bird) CTA=0.8438
[2026-08-26 02:57:29]   [t8740 v2/5] fail (pred=bird) CTA=0.8387
[2026-08-26 02:59:39]   [t8740 v3/5] fail (pred=bird) CTA=0.8356
[2026-08-26 03:01:49]   [t8740 v4/5] fail (pred=bird) CTA=0.8419
[2026-08-26 03:03:58]   [t8740 v5/5] fail (pred=bird) CTA=0.8389
[2026-08-26 03:03:58]   target 8740, 5 victims on this gpu: ASR=0.0% CTA=0.8398 +/- 0.0028
[2026-08-26 03:03:58] === target 5324 (3/8) ===
[2026-08-26 03:07:11]   target 5324: crafted 50 poisons in 192 s, obj=0.20224
[2026-08-26 03:07:11]   target 5324: realized linf = 0.03137 (8.00/255), budget = 8.00/255
[2026-08-26 03:09:22]   [t5324 v1/5] fail (pred=truck) CTA=0.8376
[2026-08-26 03:11:31]   [t5324 v2/5] SUCCESS (pred=dog) CTA=0.8328
[2026-08-26 03:13:40]   [t5324 v3/5] fail (pred=truck) CTA=0.8359
[2026-08-26 03:15:50]   [t5324 v4/5] fail (pred=ship) CTA=0.8283
[2026-08-26 03:17:59]   [t5324 v5/5] SUCCESS (pred=dog) CTA=0.8374
[2026-08-26 03:17:59]   target 5324, 5 victims on this gpu: ASR=40.0% CTA=0.8344 +/- 0.0035
[2026-08-26 03:17:59] === target 4630 (4/8) ===
[2026-08-26 03:21:11]   target 4630: crafted 50 poisons in 191 s, obj=0.19066
[2026-08-26 03:21:11]   target 4630: realized linf = 0.03137 (8.00/255), budget = 8.00/255
[2026-08-26 03:23:21]   [t4630 v1/5] SUCCESS (pred=dog) CTA=0.8335
[2026-08-26 03:25:30]   [t4630 v2/5] SUCCESS (pred=dog) CTA=0.8359
[2026-08-26 03:27:39]   [t4630 v3/5] SUCCESS (pred=dog) CTA=0.8377
[2026-08-26 03:29:49]   [t4630 v4/5] SUCCESS (pred=dog) CTA=0.8370
[2026-08-26 03:31:58]   [t4630 v5/5] fail (pred=cat) CTA=0.8358
[2026-08-26 03:31:58]   target 4630, 5 victims on this gpu: ASR=80.0% CTA=0.8360 +/- 0.0014
[2026-08-26 03:31:58] === target 833 (5/8) ===
[2026-08-26 03:35:11]   target 833: crafted 50 poisons in 191 s, obj=0.20544
[2026-08-26 03:35:11]   target 833: realized linf = 0.03137 (8.00/255), budget = 8.00/255
[2026-08-26 03:37:21]   [t833 v1/5] fail (pred=bird) CTA=0.8366
[2026-08-26 03:39:31]   [t833 v2/5] fail (pred=bird) CTA=0.8384
[2026-08-26 03:41:40]   [t833 v3/5] SUCCESS (pred=dog) CTA=0.8334
[2026-08-26 03:43:50]   [t833 v4/5] fail (pred=bird) CTA=0.8347
[2026-08-26 03:46:00]   [t833 v5/5] fail (pred=bird) CTA=0.8335
[2026-08-26 03:46:00]   target 833, 5 victims on this gpu: ASR=20.0% CTA=0.8353 +/- 0.0019
[2026-08-26 03:46:00] === target 2065 (6/8) ===
[2026-08-26 03:49:12]   target 2065: crafted 50 poisons in 191 s, obj=0.20044
[2026-08-26 03:49:12]   target 2065: realized linf = 0.03137 (8.00/255), budget = 8.00/255
[2026-08-26 03:51:22]   [t2065 v1/5] SUCCESS (pred=dog) CTA=0.8330
[2026-08-26 03:53:32]   [t2065 v2/5] SUCCESS (pred=dog) CTA=0.8333
[2026-08-26 03:55:42]   [t2065 v3/5] SUCCESS (pred=dog) CTA=0.8377
[2026-08-26 03:57:51]   [t2065 v4/5] SUCCESS (pred=dog) CTA=0.8308
[2026-08-26 04:00:01]   [t2065 v5/5] fail (pred=deer) CTA=0.8366
[2026-08-26 04:00:01]   target 2065, 5 victims on this gpu: ASR=80.0% CTA=0.8343 +/- 0.0025
[2026-08-26 04:00:01] === target 7056 (7/8) ===
[2026-08-26 04:03:14]   target 7056: crafted 50 poisons in 192 s, obj=0.24147
[2026-08-26 04:03:14]   target 7056: realized linf = 0.03137 (8.00/255), budget = 8.00/255
[2026-08-26 04:05:24]   [t7056 v1/5] fail (pred=bird) CTA=0.8377
[2026-08-26 04:07:33]   [t7056 v2/5] fail (pred=bird) CTA=0.8323
[2026-08-26 04:09:43]   [t7056 v3/5] fail (pred=bird) CTA=0.8390
[2026-08-26 04:11:53]   [t7056 v4/5] fail (pred=bird) CTA=0.8328
[2026-08-26 04:14:02]   [t7056 v5/5] fail (pred=bird) CTA=0.8417
[2026-08-26 04:14:02]   target 7056, 5 victims on this gpu: ASR=0.0% CTA=0.8367 +/- 0.0036
[2026-08-26 04:14:02] === target 9059 (8/8) ===
[2026-08-26 04:17:14]   target 9059: crafted 50 poisons in 191 s, obj=0.23781
[2026-08-26 04:17:14]   target 9059: realized linf = 0.03137 (8.00/255), budget = 8.00/255
[2026-08-26 04:19:24]   [t9059 v1/5] SUCCESS (pred=dog) CTA=0.8313
[2026-08-26 04:21:34]   [t9059 v2/5] fail (pred=bird) CTA=0.8366
[2026-08-26 04:23:43]   [t9059 v3/5] fail (pred=bird) CTA=0.8372
[2026-08-26 04:25:53]   [t9059 v4/5] fail (pred=frog) CTA=0.8399
[2026-08-26 04:28:03]   [t9059 v5/5] SUCCESS (pred=dog) CTA=0.8339
[2026-08-26 04:28:03]   target 9059, 5 victims on this gpu: ASR=40.0% CTA=0.8358 +/- 0.0029
[2026-08-26 04:28:03] ==== CIFAR10_ResNet20BN_gradmatch_ours_dog-bird_b0.001_eps8_seed42_lam1_cosine_ce5_tgt14 : ASR = 35.0% +/- 29.6% | CTA = 0.8361 (baseline 0.8401) ====
[2026-08-26 04:28:03]   target-prediction tally ['airplane', 'automobile', 'bird', 'cat', 'deer', 'dog', 'frog', 'horse', 'ship', 'truck']: [0, 0, 19, 2, 1, 14, 1, 0, 1, 2]

sync: preserving outputs in /home/mmoslem3/scratch/attack_if
sync: complete
