stage: optional directory absent: /home/mmoslem3/scratch/attack_if/ours_result/CIFAR10_VGG13BN_sapa_ours_dog-bird_b0.002_eps8_seed42_lam1_cosine_jacw1_worst0.05_ce5_tgt50
job: 5025929 attack_084_vgg13_sapa_dog_bird_b0_002_ours_j on kn149
work: /tmp/attack_if
config: USE_JACOBIAN_SCORE=1 JACOBIAN_WEIGHT=1.0 JACOBIAN_BATCH_SIZE=64 CLASS_PAIR="dog-bird" MODEL="VGG13BN" ATTACK="sapa" SHARP_MODE="worst" SHARP_SIGMA="0.05" BUDGETS=0.002 SELECT="ours" sh sel_dpp.sh
protocol: attack=8 targets x 5 victims; defense=7 targets x 5 victims
gpu: NVIDIA L40S
=== ours (plain greedy top-N_p by score) | VGG13BN / sapa / dog-bird | sharp worst sigma=0.05 ===
    targets: pinned from target_sets/VGG13BN_gradmatch_dog-bird.json (same 10 the random-base run attacked)
    difficulty label tgt50   craft flags: --craft_lowmem --craft_batch 256 --fast_gradmatch
    Jacobian score enabled (weight=1.0, batch=64)
    budgets: 0.002

--- ours | VGG13BN / sapa / dog-bird | sharp worst sigma=0.05 | budget 0.002 ---
[2026-08-25 23:42:09] === run start: CIFAR10_VGG13BN_sapa_ours_dog-bird_b0.002_eps8_seed42_lam1_cosine_jacw1_worst0.05_ce5_tgt50 on cuda [0] ===
[2026-08-25 23:42:09] args: {"FORCE": false, "attack": "sapa", "base": "ours", "base_dist": "cosine", "base_topr": null, "budget": 0.002, "cache_dir": "/tmp/attack_if/cache", "class_pair": "dog-bird", "clean_baseline": true, "craft_alpha": 0.0039216, "craft_aug": true, "craft_batch": 256, "craft_ensemble": 5, "craft_lowmem": true, "craft_schedule": false, "craft_steps": 250, "data_path": "/tmp/data", "dataset": "CIFAR10", "dsa_strategy": "color_crop_cutout_flip_scale_rotate", "epsilon": 0.0313725, "fast_gradmatch": true, "fc_mode": "sample", "fc_restarts": 1, "gpus": "all", "jacobian_batch_size": 64, "jacobian_weight": 1.0, "lambda_margin": 1.0, "model": "VGG13BN", "no_resume": false, "num_poisons": 500, "num_surrogates": 20, "num_targets": 8, "num_victims": 5, "out_dir": "/tmp/attack_if/ours_result", "pair_order": "poison-target", "parallel_pretrain": true, "parallel_targets": true, "precompute_id": null, "precompute_only": false, "precompute_part": "both", "rank_on_victims": true, "recompute_deltas": false, "require_correct_target": false, "restarts": 8, "seed": 42, "sel_K": null, "sel_alpha": 1.0, "sel_criterion": null, "sel_dpp": false, "sel_filter": false, "sel_mmr": false, "sel_mode": null, "sel_model": null, "sel_mu": 1.0, "sel_pca": false, "sel_pool": 3.0, "sharp_mode": "worst", "sharp_samples": 20, "sharp_sigma": 0.05, "steal_timeout": 7200.0, "surrogate_aug": false, "surrogate_bs": 128, "surrogate_decay": [35, 45], "surrogate_epochs": 60, "surrogate_lr": 0.1, "surrogate_wd": 0.0, "target_idx_file": "target_sets/VGG13BN_gradmatch_dog-bird.json", "target_select": 50, "use_jacobian_score": true, "victim_aug": false, "victim_bs": 125, "victim_decay": [40], "victim_epochs": 50, "victim_lr": 0.1, "victim_wd": 0.0}
[2026-08-25 23:42:09] Jacobian score: enabled, weight=1, batch_size=64
[2026-08-25 23:42:09] N_total=50000 budget=0.002 -> N_p=100 poisons, y_adv=5(dog) target_class=2(bird)
[2026-08-25 23:42:09] === surrogates (20 x VGG13BN, trained on the full real set) ===
[2026-08-25 23:42:11]   crafting on 5/20 surrogates
[2026-08-25 23:42:11] === clean victims (5 x VGG13BN) ===
[2026-08-25 23:42:13]   clean baseline CTA = 0.8451 +/- 0.0161
[2026-08-25 23:42:13]   target pool 1000 -> eligible 970 (30 already predicted as y_adv or dropped)
[2026-08-25 23:42:13]   chosen 8 targets (file), p_adv range 0.0000..0.0000
[2026-08-25 23:42:13]   targets: [630, 409, 2270, 9870, 1656, 5022, 9090, 6033]
[2026-08-25 23:42:13] === target 630 (1/8) ===
[2026-08-25 23:42:14]   Jacobian score exact backend: torch.func JVP
[2026-08-25 23:45:51]   target 630: crafted 100 poisons in 201 s, obj=0.28202
[2026-08-25 23:45:51]   target 630: realized linf = 0.03137 (8.00/255), budget = 8.00/255
[2026-08-25 23:47:31]   [t630 v1/5] SUCCESS (pred=dog) CTA=0.8610
[2026-08-25 23:49:12]   [t630 v2/5] fail (pred=bird) CTA=0.8477
[2026-08-25 23:50:54]   [t630 v3/5] SUCCESS (pred=dog) CTA=0.8552
[2026-08-25 23:52:35]   [t630 v4/5] SUCCESS (pred=dog) CTA=0.8614
[2026-08-25 23:54:16]   [t630 v5/5] SUCCESS (pred=dog) CTA=0.8471
[2026-08-25 23:54:16]   target 630, 5 victims on this gpu: ASR=80.0% CTA=0.8545 +/- 0.0062
[2026-08-25 23:54:16] === target 409 (2/8) ===
[2026-08-25 23:57:55]   target 409: crafted 100 poisons in 203 s, obj=0.27697
[2026-08-25 23:57:55]   target 409: realized linf = 0.03137 (8.00/255), budget = 8.00/255
[2026-08-25 23:59:36]   [t409 v1/5] SUCCESS (pred=dog) CTA=0.8544
[2026-08-26 00:01:17]   [t409 v2/5] SUCCESS (pred=dog) CTA=0.8478
[2026-08-26 00:02:58]   [t409 v3/5] fail (pred=bird) CTA=0.8543
[2026-08-26 00:04:39]   [t409 v4/5] fail (pred=bird) CTA=0.8544
[2026-08-26 00:06:20]   [t409 v5/5] SUCCESS (pred=dog) CTA=0.8598
[2026-08-26 00:06:20]   target 409, 5 victims on this gpu: ASR=60.0% CTA=0.8541 +/- 0.0038
[2026-08-26 00:06:20] === target 2270 (3/8) ===
[2026-08-26 00:09:59]   target 2270: crafted 100 poisons in 203 s, obj=0.29074
[2026-08-26 00:09:59]   target 2270: realized linf = 0.03137 (8.00/255), budget = 8.00/255
[2026-08-26 00:11:40]   [t2270 v1/5] SUCCESS (pred=dog) CTA=0.8649
[2026-08-26 00:13:21]   [t2270 v2/5] SUCCESS (pred=dog) CTA=0.8538
[2026-08-26 00:15:02]   [t2270 v3/5] SUCCESS (pred=dog) CTA=0.8486
[2026-08-26 00:16:43]   [t2270 v4/5] SUCCESS (pred=dog) CTA=0.8618
[2026-08-26 00:18:24]   [t2270 v5/5] SUCCESS (pred=dog) CTA=0.8526
[2026-08-26 00:18:24]   target 2270, 5 victims on this gpu: ASR=100.0% CTA=0.8563 +/- 0.0061
[2026-08-26 00:18:24] === target 9870 (4/8) ===
[2026-08-26 00:22:03]   target 9870: crafted 100 poisons in 203 s, obj=0.26828
[2026-08-26 00:22:03]   target 9870: realized linf = 0.03137 (8.00/255), budget = 8.00/255
[2026-08-26 00:23:44]   [t9870 v1/5] SUCCESS (pred=dog) CTA=0.8505
[2026-08-26 00:25:25]   [t9870 v2/5] fail (pred=bird) CTA=0.8328
[2026-08-26 00:27:06]   [t9870 v3/5] SUCCESS (pred=dog) CTA=0.8524
[2026-08-26 00:28:47]   [t9870 v4/5] fail (pred=bird) CTA=0.8381
[2026-08-26 00:30:28]   [t9870 v5/5] SUCCESS (pred=dog) CTA=0.8558
[2026-08-26 00:30:28]   target 9870, 5 victims on this gpu: ASR=60.0% CTA=0.8459 +/- 0.0089
[2026-08-26 00:30:28] === target 1656 (5/8) ===
[2026-08-26 00:34:07]   target 1656: crafted 100 poisons in 204 s, obj=0.27727
[2026-08-26 00:34:07]   target 1656: realized linf = 0.03137 (8.00/255), budget = 8.00/255
[2026-08-26 00:35:49]   [t1656 v1/5] SUCCESS (pred=dog) CTA=0.8452
