job: 5025912 attack_067_vgg13_fc_dog_bird_b0_002_ours_std on kn135
work: /tmp/attack_if
config: USE_JACOBIAN_SCORE=0 CLASS_PAIR="dog-bird" MODEL="VGG13BN" ATTACK="fc" BUDGETS=0.002 SELECT="ours" sh sel_dpp.sh
protocol: attack=8 targets x 5 victims; defense=7 targets x 5 victims
gpu: NVIDIA L40S
=== ours (plain greedy top-N_p by score) | VGG13BN / fc / dog-bird ===
    targets: pinned from target_sets/VGG13BN_fc_dog-bird.json (same 10 the random-base run attacked)
    difficulty label tgt3   craft flags: none
    Jacobian score disabled
    budgets: 0.002

--- ours | VGG13BN / fc / dog-bird | budget 0.002 ---
[2026-08-25 22:55:32] === run start: CIFAR10_VGG13BN_fc_ours_dog-bird_b0.002_eps8_seed42_lam1_cosine_ce5_tgt3 on cuda [0] ===
[2026-08-25 22:55:32] args: {"FORCE": false, "attack": "fc", "base": "ours", "base_dist": "cosine", "base_topr": null, "budget": 0.002, "cache_dir": "/tmp/attack_if/cache", "class_pair": "dog-bird", "clean_baseline": true, "craft_alpha": 0.0039216, "craft_aug": true, "craft_batch": 256, "craft_ensemble": 5, "craft_lowmem": false, "craft_schedule": false, "craft_steps": 250, "data_path": "/tmp/data", "dataset": "CIFAR10", "dsa_strategy": "color_crop_cutout_flip_scale_rotate", "epsilon": 0.0313725, "fast_gradmatch": false, "fc_mode": "sample", "fc_restarts": 1, "gpus": "all", "jacobian_batch_size": 64, "jacobian_weight": 1.0, "lambda_margin": 1.0, "model": "VGG13BN", "no_resume": false, "num_poisons": 500, "num_surrogates": 20, "num_targets": 8, "num_victims": 5, "out_dir": "/tmp/attack_if/ours_result", "pair_order": "poison-target", "parallel_pretrain": true, "parallel_targets": true, "precompute_id": null, "precompute_only": false, "precompute_part": "both", "rank_on_victims": true, "recompute_deltas": false, "require_correct_target": false, "restarts": 8, "seed": 42, "sel_K": null, "sel_alpha": 1.0, "sel_criterion": null, "sel_dpp": false, "sel_filter": false, "sel_mmr": false, "sel_mode": null, "sel_model": null, "sel_mu": 1.0, "sel_pca": false, "sel_pool": 3.0, "sharp_mode": "worst", "sharp_samples": 20, "sharp_sigma": 0.05, "steal_timeout": 7200.0, "surrogate_aug": false, "surrogate_bs": 128, "surrogate_decay": [35, 45], "surrogate_epochs": 60, "surrogate_lr": 0.1, "surrogate_wd": 0.0, "target_idx_file": "target_sets/VGG13BN_fc_dog-bird.json", "target_select": 3, "use_jacobian_score": false, "victim_aug": false, "victim_bs": 125, "victim_decay": [40], "victim_epochs": 50, "victim_lr": 0.1, "victim_wd": 0.0}
[2026-08-25 22:55:32] Jacobian score: disabled
[2026-08-25 22:55:32] N_total=50000 budget=0.002 -> N_p=100 poisons, y_adv=5(dog) target_class=2(bird)
[2026-08-25 22:55:32] === surrogates (20 x VGG13BN, trained on the full real set) ===
[2026-08-25 22:55:34]   crafting on 5/20 surrogates
[2026-08-25 22:55:34] === clean victims (5 x VGG13BN) ===
[2026-08-25 22:55:35]   clean baseline CTA = 0.8451 +/- 0.0161
[2026-08-25 22:55:35]   target pool 1000 -> eligible 970 (30 already predicted as y_adv or dropped)
[2026-08-25 22:55:35]   chosen 8 targets (file), p_adv range 0.0196..0.2338
[2026-08-25 22:55:35]   targets: [3728, 5640, 6922, 7855, 2127, 7586, 7360, 2171]
[2026-08-25 22:55:35]   resume: 60 (target, victim) trials already done
[2026-08-25 22:55:35] ==== CIFAR10_VGG13BN_fc_ours_dog-bird_b0.002_eps8_seed42_lam1_cosine_ce5_tgt3 : ASR = 36.7% +/- 20.8% | CTA = 0.8530 (baseline 0.8451) ====
[2026-08-25 22:55:35]   target-prediction tally ['airplane', 'automobile', 'bird', 'cat', 'deer', 'dog', 'frog', 'horse', 'ship', 'truck']: [0, 0, 0, 0, 0, 0, 0, 0, 0, 0]

sync: preserving outputs in /home/mmoslem3/scratch/attack_if
sync: complete
