stage: optional directory absent: /home/mmoslem3/scratch/attack_if/ours_result/CIFAR10_ResNet20BN_sapa_ours_frog-airplane_b0.001_eps8_seed42_lam1_cosine_worst0.05_ce5_tgt10
job: 5025904 attack_060_resnet20_sapa_frog_airplane_b0_001_ours_std on kn065
work: /tmp/attack_if
config: USE_JACOBIAN_SCORE=0 CLASS_PAIR="frog-airplane" MODEL="ResNet20BN" ATTACK="sapa" SHARP_MODE="worst" SHARP_SIGMA="0.05" BUDGETS=0.001 SELECT="ours" sh sel_dpp.sh
protocol: attack=8 targets x 5 victims; defense=7 targets x 5 victims
gpu: NVIDIA L40S
=== ours (plain greedy top-N_p by score) | ResNet20BN / sapa / frog-airplane | sharp worst sigma=0.05 ===
    targets: pinned from target_sets/ResNet20BN_gradmatch_frog-airplane.json (same 10 the random-base run attacked)
    difficulty label tgt10   craft flags: none
    Jacobian score disabled
    budgets: 0.001

--- ours | ResNet20BN / sapa / frog-airplane | sharp worst sigma=0.05 | budget 0.001 ---
[2026-08-26 03:30:56] === run start: CIFAR10_ResNet20BN_sapa_ours_frog-airplane_b0.001_eps8_seed42_lam1_cosine_worst0.05_ce5_tgt10 on cuda [0] ===
[2026-08-26 03:30:56] args: {"FORCE": false, "attack": "sapa", "base": "ours", "base_dist": "cosine", "base_topr": null, "budget": 0.001, "cache_dir": "/tmp/attack_if/cache", "class_pair": "frog-airplane", "clean_baseline": true, "craft_alpha": 0.0039216, "craft_aug": true, "craft_batch": 256, "craft_ensemble": 5, "craft_lowmem": false, "craft_schedule": false, "craft_steps": 250, "data_path": "/tmp/data", "dataset": "CIFAR10", "dsa_strategy": "color_crop_cutout_flip_scale_rotate", "epsilon": 0.0313725, "fast_gradmatch": false, "fc_mode": "sample", "fc_restarts": 1, "gpus": "all", "jacobian_batch_size": 64, "jacobian_weight": 1.0, "lambda_margin": 1.0, "model": "ResNet20BN", "no_resume": false, "num_poisons": 500, "num_surrogates": 20, "num_targets": 8, "num_victims": 5, "out_dir": "/tmp/attack_if/ours_result", "pair_order": "poison-target", "parallel_pretrain": true, "parallel_targets": true, "precompute_id": null, "precompute_only": false, "precompute_part": "both", "rank_on_victims": true, "recompute_deltas": false, "require_correct_target": false, "restarts": 8, "seed": 42, "sel_K": null, "sel_alpha": 1.0, "sel_criterion": null, "sel_dpp": false, "sel_filter": false, "sel_mmr": false, "sel_mode": null, "sel_model": null, "sel_mu": 1.0, "sel_pca": false, "sel_pool": 3.0, "sharp_mode": "worst", "sharp_samples": 20, "sharp_sigma": 0.05, "steal_timeout": 7200.0, "surrogate_aug": false, "surrogate_bs": 128, "surrogate_decay": [35, 45], "surrogate_epochs": 60, "surrogate_lr": 0.1, "surrogate_wd": 0.0, "target_idx_file": "target_sets/ResNet20BN_gradmatch_frog-airplane.json", "target_select": 10, "use_jacobian_score": false, "victim_aug": false, "victim_bs": 125, "victim_decay": [40], "victim_epochs": 50, "victim_lr": 0.1, "victim_wd": 0.0}
[2026-08-26 03:30:56] Jacobian score: disabled
[2026-08-26 03:30:56] N_total=50000 budget=0.001 -> N_p=50 poisons, y_adv=6(frog) target_class=0(airplane)
[2026-08-26 03:30:56] === surrogates (20 x ResNet20BN, trained on the full real set) ===
[2026-08-26 03:30:57]   crafting on 5/20 surrogates
[2026-08-26 03:30:57] === clean victims (5 x ResNet20BN) ===
[2026-08-26 03:30:57]   clean baseline CTA = 0.8401 +/- 0.0030
[2026-08-26 03:30:57]   target pool 1000 -> eligible 998 (2 already predicted as y_adv or dropped)
[2026-08-26 03:30:57]   chosen 8 targets (file), p_adv range 0.0000..0.0001
[2026-08-26 03:30:57]   targets: [9235, 338, 255, 3207, 8563, 912, 4639, 2570]
[2026-08-26 03:30:58] === target 9235 (1/8) ===
[2026-08-26 03:34:30]   target 9235: crafted 50 poisons in 211 s, obj=0.21599
[2026-08-26 03:34:30]   target 9235: realized linf = 0.03137 (8.00/255), budget = 8.00/255
[2026-08-26 03:36:54]   [t9235 v1/5] SUCCESS (pred=frog) CTA=0.8344
[2026-08-26 03:39:20]   [t9235 v2/5] SUCCESS (pred=frog) CTA=0.8389
[2026-08-26 03:41:46]   [t9235 v3/5] SUCCESS (pred=frog) CTA=0.8395
[2026-08-26 03:44:11]   [t9235 v4/5] fail (pred=airplane) CTA=0.8283
[2026-08-26 03:46:35]   [t9235 v5/5] SUCCESS (pred=frog) CTA=0.8338
[2026-08-26 03:46:35]   target 9235, 5 victims on this gpu: ASR=80.0% CTA=0.8350 +/- 0.0041
[2026-08-26 03:46:35] === target 338 (2/8) ===
[2026-08-26 03:50:07]   target 338: crafted 50 poisons in 210 s, obj=0.22225
[2026-08-26 03:50:07]   target 338: realized linf = 0.03137 (8.00/255), budget = 8.00/255
[2026-08-26 03:52:31]   [t338 v1/5] fail (pred=airplane) CTA=0.8476
[2026-08-26 03:54:55]   [t338 v2/5] SUCCESS (pred=frog) CTA=0.8437
[2026-08-26 03:57:19]   [t338 v3/5] fail (pred=airplane) CTA=0.8411
[2026-08-26 03:59:44]   [t338 v4/5] fail (pred=airplane) CTA=0.8330
[2026-08-26 04:02:10]   [t338 v5/5] fail (pred=airplane) CTA=0.8347
[2026-08-26 04:02:10]   target 338, 5 victims on this gpu: ASR=20.0% CTA=0.8400 +/- 0.0055
[2026-08-26 04:02:10] === target 255 (3/8) ===
[2026-08-26 04:05:42]   target 255: crafted 50 poisons in 210 s, obj=0.20925
[2026-08-26 04:05:42]   target 255: realized linf = 0.03137 (8.00/255), budget = 8.00/255
[2026-08-26 04:08:04]   [t255 v1/5] fail (pred=ship) CTA=0.8453
[2026-08-26 04:10:26]   [t255 v2/5] fail (pred=cat) CTA=0.8417
[2026-08-26 04:12:52]   [t255 v3/5] fail (pred=ship) CTA=0.8430
[2026-08-26 04:15:17]   [t255 v4/5] fail (pred=airplane) CTA=0.8300
[2026-08-26 04:17:41]   [t255 v5/5] fail (pred=cat) CTA=0.8427
[2026-08-26 04:17:41]   target 255, 5 victims on this gpu: ASR=0.0% CTA=0.8405 +/- 0.0054
[2026-08-26 04:17:41] === target 3207 (4/8) ===
[2026-08-26 04:21:12]   target 3207: crafted 50 poisons in 211 s, obj=0.21017
[2026-08-26 04:21:12]   target 3207: realized linf = 0.03137 (8.00/255), budget = 8.00/255
[2026-08-26 04:23:36]   [t3207 v1/5] fail (pred=airplane) CTA=0.8430
[2026-08-26 04:26:02]   [t3207 v2/5] SUCCESS (pred=frog) CTA=0.8301
[2026-08-26 04:28:27]   [t3207 v3/5] fail (pred=airplane) CTA=0.8385
[2026-08-26 04:30:51]   [t3207 v4/5] fail (pred=airplane) CTA=0.8413
[2026-08-26 04:33:14]   [t3207 v5/5] fail (pred=airplane) CTA=0.8339
[2026-08-26 04:33:14]   target 3207, 5 victims on this gpu: ASR=20.0% CTA=0.8374 +/- 0.0048
[2026-08-26 04:33:14] === target 8563 (5/8) ===
[2026-08-26 04:36:41]   target 8563: crafted 50 poisons in 206 s, obj=0.19773
[2026-08-26 04:36:41]   target 8563: realized linf = 0.03137 (8.00/255), budget = 8.00/255
[2026-08-26 04:38:56]   [t8563 v1/5] fail (pred=airplane) CTA=0.8349
[2026-08-26 04:41:11]   [t8563 v2/5] fail (pred=horse) CTA=0.8291
[2026-08-26 04:43:25]   [t8563 v3/5] fail (pred=horse) CTA=0.8318
[2026-08-26 04:45:40]   [t8563 v4/5] SUCCESS (pred=frog) CTA=0.8382
[2026-08-26 04:47:55]   [t8563 v5/5] fail (pred=horse) CTA=0.8384
[2026-08-26 04:47:55]   target 8563, 5 victims on this gpu: ASR=20.0% CTA=0.8345 +/- 0.0036
[2026-08-26 04:47:55] === target 912 (6/8) ===
[2026-08-26 04:51:17]   target 912: crafted 50 poisons in 201 s, obj=0.19801
[2026-08-26 04:51:17]   target 912: realized linf = 0.03137 (8.00/255), budget = 8.00/255
[2026-08-26 04:53:32]   [t912 v1/5] fail (pred=airplane) CTA=0.8391
[2026-08-26 04:55:47]   [t912 v2/5] SUCCESS (pred=frog) CTA=0.8340
[2026-08-26 04:58:01]   [t912 v3/5] SUCCESS (pred=frog) CTA=0.8429
[2026-08-26 05:00:16]   [t912 v4/5] fail (pred=cat) CTA=0.8385
[2026-08-26 05:02:31]   [t912 v5/5] fail (pred=airplane) CTA=0.8328
[2026-08-26 05:02:31]   target 912, 5 victims on this gpu: ASR=40.0% CTA=0.8375 +/- 0.0037
[2026-08-26 05:02:31] === target 4639 (7/8) ===
[2026-08-26 05:05:53]   target 4639: crafted 50 poisons in 202 s, obj=0.20347
[2026-08-26 05:05:53]   target 4639: realized linf = 0.03137 (8.00/255), budget = 8.00/255
[2026-08-26 05:08:10]   [t4639 v1/5] fail (pred=airplane) CTA=0.8309
[2026-08-26 05:10:26]   [t4639 v2/5] SUCCESS (pred=frog) CTA=0.8387
[2026-08-26 05:12:43]   [t4639 v3/5] SUCCESS (pred=frog) CTA=0.8354
[2026-08-26 05:14:59]   [t4639 v4/5] fail (pred=airplane) CTA=0.8333
[2026-08-26 05:17:15]   [t4639 v5/5] fail (pred=airplane) CTA=0.8302
[2026-08-26 05:17:15]   target 4639, 5 victims on this gpu: ASR=40.0% CTA=0.8337 +/- 0.0031
[2026-08-26 05:17:15] === target 2570 (8/8) ===
[2026-08-26 05:20:41]   target 2570: crafted 50 poisons in 205 s, obj=0.23885
[2026-08-26 05:20:41]   target 2570: realized linf = 0.03137 (8.00/255), budget = 8.00/255
[2026-08-26 05:22:58]   [t2570 v1/5] fail (pred=cat) CTA=0.8378
[2026-08-26 05:25:14]   [t2570 v2/5] fail (pred=bird) CTA=0.8372
[2026-08-26 05:27:30]   [t2570 v3/5] fail (pred=airplane) CTA=0.8372
[2026-08-26 05:29:46]   [t2570 v4/5] fail (pred=airplane) CTA=0.8327
[2026-08-26 05:32:00]   [t2570 v5/5] fail (pred=airplane) CTA=0.8344
[2026-08-26 05:32:00]   target 2570, 5 victims on this gpu: ASR=0.0% CTA=0.8359 +/- 0.0020
[2026-08-26 05:32:00] ==== CIFAR10_ResNet20BN_sapa_ours_frog-airplane_b0.001_eps8_seed42_lam1_cosine_worst0.05_ce5_tgt10 : ASR = 27.5% +/- 24.4% | CTA = 0.8368 (baseline 0.8401) ====
[2026-08-26 05:32:00]   target-prediction tally ['airplane', 'automobile', 'bird', 'cat', 'deer', 'dog', 'frog', 'horse', 'ship', 'truck']: [19, 0, 1, 4, 0, 0, 11, 3, 2, 0]

sync: preserving outputs in /home/mmoslem3/scratch/attack_if
sync: complete
