stage: optional directory absent: /home/mmoslem3/scratch/attack_if/ours_result/CIFAR10_VGG13BN_fc_ours_dog-bird_b0.001_eps8_seed42_lam1_cosine_jacw1_ce5_tgt3
job: 5025913 attack_068_vgg13_fc_dog_bird_b0_001_ours_j on kn150
work: /tmp/attack_if
config: USE_JACOBIAN_SCORE=1 JACOBIAN_WEIGHT=1.0 JACOBIAN_BATCH_SIZE=64 CLASS_PAIR="dog-bird" MODEL="VGG13BN" ATTACK="fc" BUDGETS=0.001 SELECT="ours" sh sel_dpp.sh
protocol: attack=8 targets x 5 victims; defense=7 targets x 5 victims
gpu: NVIDIA L40S
=== ours (plain greedy top-N_p by score) | VGG13BN / fc / dog-bird ===
    targets: pinned from target_sets/VGG13BN_fc_dog-bird.json (same 10 the random-base run attacked)
    difficulty label tgt3   craft flags: none
    Jacobian score enabled (weight=1.0, batch=64)
    budgets: 0.001

--- ours | VGG13BN / fc / dog-bird | budget 0.001 ---
[2026-08-25 22:55:30] === run start: CIFAR10_VGG13BN_fc_ours_dog-bird_b0.001_eps8_seed42_lam1_cosine_jacw1_ce5_tgt3 on cuda [0] ===
[2026-08-25 22:55:30] args: {"FORCE": false, "attack": "fc", "base": "ours", "base_dist": "cosine", "base_topr": null, "budget": 0.001, "cache_dir": "/tmp/attack_if/cache", "class_pair": "dog-bird", "clean_baseline": true, "craft_alpha": 0.0039216, "craft_aug": true, "craft_batch": 256, "craft_ensemble": 5, "craft_lowmem": false, "craft_schedule": false, "craft_steps": 250, "data_path": "/tmp/data", "dataset": "CIFAR10", "dsa_strategy": "color_crop_cutout_flip_scale_rotate", "epsilon": 0.0313725, "fast_gradmatch": false, "fc_mode": "sample", "fc_restarts": 1, "gpus": "all", "jacobian_batch_size": 64, "jacobian_weight": 1.0, "lambda_margin": 1.0, "model": "VGG13BN", "no_resume": false, "num_poisons": 500, "num_surrogates": 20, "num_targets": 8, "num_victims": 5, "out_dir": "/tmp/attack_if/ours_result", "pair_order": "poison-target", "parallel_pretrain": true, "parallel_targets": true, "precompute_id": null, "precompute_only": false, "precompute_part": "both", "rank_on_victims": true, "recompute_deltas": false, "require_correct_target": false, "restarts": 8, "seed": 42, "sel_K": null, "sel_alpha": 1.0, "sel_criterion": null, "sel_dpp": false, "sel_filter": false, "sel_mmr": false, "sel_mode": null, "sel_model": null, "sel_mu": 1.0, "sel_pca": false, "sel_pool": 3.0, "sharp_mode": "worst", "sharp_samples": 20, "sharp_sigma": 0.05, "steal_timeout": 7200.0, "surrogate_aug": false, "surrogate_bs": 128, "surrogate_decay": [35, 45], "surrogate_epochs": 60, "surrogate_lr": 0.1, "surrogate_wd": 0.0, "target_idx_file": "target_sets/VGG13BN_fc_dog-bird.json", "target_select": 3, "use_jacobian_score": true, "victim_aug": false, "victim_bs": 125, "victim_decay": [40], "victim_epochs": 50, "victim_lr": 0.1, "victim_wd": 0.0}
[2026-08-25 22:55:30] Jacobian score: enabled, weight=1, batch_size=64
[2026-08-25 22:55:30] N_total=50000 budget=0.001 -> N_p=50 poisons, y_adv=5(dog) target_class=2(bird)
[2026-08-25 22:55:30] === surrogates (20 x VGG13BN, trained on the full real set) ===
[2026-08-25 22:55:33]   crafting on 5/20 surrogates
[2026-08-25 22:55:33] === clean victims (5 x VGG13BN) ===
[2026-08-25 22:55:34]   clean baseline CTA = 0.8451 +/- 0.0161
[2026-08-25 22:55:34]   target pool 1000 -> eligible 970 (30 already predicted as y_adv or dropped)
[2026-08-25 22:55:34]   chosen 8 targets (file), p_adv range 0.0196..0.2338
[2026-08-25 22:55:34]   targets: [3728, 5640, 6922, 7855, 2127, 7586, 7360, 2171]
[2026-08-25 22:55:34] === target 3728 (1/8) ===
[2026-08-25 22:55:36]   Jacobian score exact backend: torch.func JVP
[2026-08-25 22:55:54]   target 3728: crafted 50 poisons in 3 s, obj=0.00225
[2026-08-25 22:55:54]   target 3728: realized linf = 0.03137 (8.00/255), budget = 8.00/255
[2026-08-25 22:57:35]   [t3728 v1/5] fail (pred=bird) CTA=0.8520
[2026-08-25 22:59:17]   [t3728 v2/5] fail (pred=deer) CTA=0.8471
[2026-08-25 23:00:58]   [t3728 v3/5] SUCCESS (pred=dog) CTA=0.8404
[2026-08-25 23:02:39]   [t3728 v4/5] fail (pred=deer) CTA=0.8514
[2026-08-25 23:04:21]   [t3728 v5/5] fail (pred=deer) CTA=0.8587
[2026-08-25 23:04:21]   target 3728, 5 victims on this gpu: ASR=20.0% CTA=0.8499 +/- 0.0060
[2026-08-25 23:04:21] === target 5640 (2/8) ===
[2026-08-25 23:04:39]   target 5640: crafted 50 poisons in 3 s, obj=0.00192
[2026-08-25 23:04:39]   target 5640: realized linf = 0.03137 (8.00/255), budget = 8.00/255
[2026-08-25 23:06:20]   [t5640 v1/5] fail (pred=bird) CTA=0.8431
[2026-08-25 23:08:01]   [t5640 v2/5] SUCCESS (pred=dog) CTA=0.8555
[2026-08-25 23:09:43]   [t5640 v3/5] fail (pred=bird) CTA=0.8468
[2026-08-25 23:11:24]   [t5640 v4/5] fail (pred=cat) CTA=0.8558
[2026-08-25 23:13:05]   [t5640 v5/5] fail (pred=cat) CTA=0.8634
[2026-08-25 23:13:05]   target 5640, 5 victims on this gpu: ASR=20.0% CTA=0.8529 +/- 0.0072
[2026-08-25 23:13:05] === target 6922 (3/8) ===
[2026-08-25 23:13:23]   target 6922: crafted 50 poisons in 3 s, obj=0.00201
[2026-08-25 23:13:23]   target 6922: realized linf = 0.03137 (8.00/255), budget = 8.00/255
[2026-08-25 23:15:07]   [t6922 v1/5] SUCCESS (pred=dog) CTA=0.8439
[2026-08-25 23:16:48]   [t6922 v2/5] SUCCESS (pred=dog) CTA=0.8526
[2026-08-25 23:18:30]   [t6922 v3/5] fail (pred=frog) CTA=0.8562
[2026-08-25 23:20:11]   [t6922 v4/5] fail (pred=bird) CTA=0.8560
[2026-08-25 23:21:52]   [t6922 v5/5] SUCCESS (pred=dog) CTA=0.8332
[2026-08-25 23:21:52]   target 6922, 5 victims on this gpu: ASR=60.0% CTA=0.8484 +/- 0.0088
[2026-08-25 23:21:52] === target 7855 (4/8) ===
[2026-08-25 23:22:11]   target 7855: crafted 50 poisons in 3 s, obj=0.00194
[2026-08-25 23:22:11]   target 7855: realized linf = 0.03137 (8.00/255), budget = 8.00/255
[2026-08-25 23:23:52]   [t7855 v1/5] SUCCESS (pred=dog) CTA=0.8538
[2026-08-25 23:25:33]   [t7855 v2/5] fail (pred=bird) CTA=0.8532
[2026-08-25 23:27:14]   [t7855 v3/5] fail (pred=bird) CTA=0.8620
[2026-08-25 23:28:56]   [t7855 v4/5] SUCCESS (pred=dog) CTA=0.8577
[2026-08-25 23:30:37]   [t7855 v5/5] SUCCESS (pred=dog) CTA=0.8598
[2026-08-25 23:30:37]   target 7855, 5 victims on this gpu: ASR=60.0% CTA=0.8573 +/- 0.0034
[2026-08-25 23:30:37] === target 2127 (5/8) ===
[2026-08-25 23:30:55]   target 2127: crafted 50 poisons in 3 s, obj=0.00198
[2026-08-25 23:30:55]   target 2127: realized linf = 0.03137 (8.00/255), budget = 8.00/255
[2026-08-25 23:32:36]   [t2127 v1/5] fail (pred=deer) CTA=0.8622
[2026-08-25 23:34:17]   [t2127 v2/5] fail (pred=deer) CTA=0.8387
[2026-08-25 23:35:59]   [t2127 v3/5] SUCCESS (pred=dog) CTA=0.8535
[2026-08-25 23:37:40]   [t2127 v4/5] fail (pred=bird) CTA=0.8623
[2026-08-25 23:39:21]   [t2127 v5/5] SUCCESS (pred=dog) CTA=0.8574
[2026-08-25 23:39:21]   target 2127, 5 victims on this gpu: ASR=40.0% CTA=0.8548 +/- 0.0087
[2026-08-25 23:39:21] === target 7586 (6/8) ===
[2026-08-25 23:39:39]   target 7586: crafted 50 poisons in 3 s, obj=0.00186
[2026-08-25 23:39:39]   target 7586: realized linf = 0.03137 (8.00/255), budget = 8.00/255
[2026-08-25 23:41:22]   [t7586 v1/5] fail (pred=bird) CTA=0.8588
[2026-08-25 23:43:03]   [t7586 v2/5] fail (pred=horse) CTA=0.8573
[2026-08-25 23:44:44]   [t7586 v3/5] SUCCESS (pred=dog) CTA=0.8675
[2026-08-25 23:46:26]   [t7586 v4/5] fail (pred=cat) CTA=0.8585
[2026-08-25 23:48:07]   [t7586 v5/5] fail (pred=bird) CTA=0.8554
[2026-08-25 23:48:07]   target 7586, 5 victims on this gpu: ASR=20.0% CTA=0.8595 +/- 0.0042
[2026-08-25 23:48:07] === target 7360 (7/8) ===
[2026-08-25 23:48:25]   target 7360: crafted 50 poisons in 3 s, obj=0.00202
[2026-08-25 23:48:25]   target 7360: realized linf = 0.03137 (8.00/255), budget = 8.00/255
[2026-08-25 23:50:09]   [t7360 v1/5] fail (pred=bird) CTA=0.8580
[2026-08-25 23:51:50]   [t7360 v2/5] fail (pred=bird) CTA=0.8603
[2026-08-25 23:53:32]   [t7360 v3/5] fail (pred=bird) CTA=0.8629
[2026-08-25 23:55:13]   [t7360 v4/5] SUCCESS (pred=dog) CTA=0.8625
[2026-08-25 23:56:54]   [t7360 v5/5] fail (pred=bird) CTA=0.8442
[2026-08-25 23:56:54]   target 7360, 5 victims on this gpu: ASR=20.0% CTA=0.8576 +/- 0.0069
[2026-08-25 23:56:54] === target 2171 (8/8) ===
[2026-08-25 23:57:12]   target 2171: crafted 50 poisons in 3 s, obj=0.00217
[2026-08-25 23:57:12]   target 2171: realized linf = 0.03137 (8.00/255), budget = 8.00/255
[2026-08-25 23:58:53]   [t2171 v1/5] fail (pred=bird) CTA=0.8505
[2026-08-26 00:00:35]   [t2171 v2/5] fail (pred=bird) CTA=0.8531
[2026-08-26 00:02:16]   [t2171 v3/5] fail (pred=bird) CTA=0.8534
[2026-08-26 00:03:57]   [t2171 v4/5] fail (pred=cat) CTA=0.8357
[2026-08-26 00:05:39]   [t2171 v5/5] fail (pred=cat) CTA=0.8447
[2026-08-26 00:05:39]   target 2171, 5 victims on this gpu: ASR=0.0% CTA=0.8475 +/- 0.0067
[2026-08-26 00:05:39] ==== CIFAR10_VGG13BN_fc_ours_dog-bird_b0.001_eps8_seed42_lam1_cosine_jacw1_ce5_tgt3 : ASR = 30.0% +/- 20.0% | CTA = 0.8535 (baseline 0.8451) ====
[2026-08-26 00:05:39]   target-prediction tally ['airplane', 'automobile', 'bird', 'cat', 'deer', 'dog', 'frog', 'horse', 'ship', 'truck']: [0, 0, 16, 5, 5, 12, 1, 1, 0, 0]

sync: preserving outputs in /home/mmoslem3/scratch/attack_if
sync: complete
