stage: optional directory absent: /home/mmoslem3/scratch/attack_if/ours_result/CIFAR10_ResNet20BN_sapa_ours_dog-bird_b0.01_eps8_seed42_lam1_cosine_jacw1_worst0.05_ce5_tgt14
job: 5025963 attack_114_resnet20_sapa_dog_bird_b0_01_ours_j on kn128
work: /tmp/attack_if
config: USE_JACOBIAN_SCORE=1 JACOBIAN_WEIGHT=1.0 JACOBIAN_BATCH_SIZE=64 CLASS_PAIR="dog-bird" MODEL="ResNet20BN" ATTACK="sapa" SHARP_MODE="worst" SHARP_SIGMA="0.05" BUDGETS=0.01 SELECT="ours" sh sel_dpp.sh
protocol: attack=8 targets x 5 victims; defense=7 targets x 5 victims
gpu: NVIDIA L40S
=== ours (plain greedy top-N_p by score) | ResNet20BN / sapa / dog-bird | sharp worst sigma=0.05 ===
    targets: pinned from target_sets/ResNet20BN_gradmatch_dog-bird.json (same 10 the random-base run attacked)
    difficulty label tgt14   craft flags: none
    Jacobian score enabled (weight=1.0, batch=64)
    budgets: 0.01

--- ours | ResNet20BN / sapa / dog-bird | sharp worst sigma=0.05 | budget 0.01 ---
[2026-08-26 04:01:12] === run start: CIFAR10_ResNet20BN_sapa_ours_dog-bird_b0.01_eps8_seed42_lam1_cosine_jacw1_worst0.05_ce5_tgt14 on cuda [0] ===
[2026-08-26 04:01:12] args: {"FORCE": false, "attack": "sapa", "base": "ours", "base_dist": "cosine", "base_topr": null, "budget": 0.01, "cache_dir": "/tmp/attack_if/cache", "class_pair": "dog-bird", "clean_baseline": true, "craft_alpha": 0.0039216, "craft_aug": true, "craft_batch": 256, "craft_ensemble": 5, "craft_lowmem": false, "craft_schedule": false, "craft_steps": 250, "data_path": "/tmp/data", "dataset": "CIFAR10", "dsa_strategy": "color_crop_cutout_flip_scale_rotate", "epsilon": 0.0313725, "fast_gradmatch": false, "fc_mode": "sample", "fc_restarts": 1, "gpus": "all", "jacobian_batch_size": 64, "jacobian_weight": 1.0, "lambda_margin": 1.0, "model": "ResNet20BN", "no_resume": false, "num_poisons": 500, "num_surrogates": 20, "num_targets": 8, "num_victims": 5, "out_dir": "/tmp/attack_if/ours_result", "pair_order": "poison-target", "parallel_pretrain": true, "parallel_targets": true, "precompute_id": null, "precompute_only": false, "precompute_part": "both", "rank_on_victims": true, "recompute_deltas": false, "require_correct_target": false, "restarts": 8, "seed": 42, "sel_K": null, "sel_alpha": 1.0, "sel_criterion": null, "sel_dpp": false, "sel_filter": false, "sel_mmr": false, "sel_mode": null, "sel_model": null, "sel_mu": 1.0, "sel_pca": false, "sel_pool": 3.0, "sharp_mode": "worst", "sharp_samples": 20, "sharp_sigma": 0.05, "steal_timeout": 7200.0, "surrogate_aug": false, "surrogate_bs": 128, "surrogate_decay": [35, 45], "surrogate_epochs": 60, "surrogate_lr": 0.1, "surrogate_wd": 0.0, "target_idx_file": "target_sets/ResNet20BN_gradmatch_dog-bird.json", "target_select": 14, "use_jacobian_score": true, "victim_aug": false, "victim_bs": 125, "victim_decay": [40], "victim_epochs": 50, "victim_lr": 0.1, "victim_wd": 0.0}
[2026-08-26 04:01:12] Jacobian score: enabled, weight=1, batch_size=64
[2026-08-26 04:01:12] N_total=50000 budget=0.01 -> N_p=500 poisons, y_adv=5(dog) target_class=2(bird)
[2026-08-26 04:01:12] === surrogates (20 x ResNet20BN, trained on the full real set) ===
[2026-08-26 04:01:13]   crafting on 5/20 surrogates
[2026-08-26 04:01:13] === clean victims (5 x ResNet20BN) ===
[2026-08-26 04:01:14]   clean baseline CTA = 0.8401 +/- 0.0030
[2026-08-26 04:01:14]   target pool 1000 -> eligible 973 (27 already predicted as y_adv or dropped)
[2026-08-26 04:01:14]   chosen 8 targets (file), p_adv range 0.0001..0.0214
[2026-08-26 04:01:14]   targets: [5118, 8740, 5324, 4630, 833, 2065, 7056, 9059]
[2026-08-26 04:01:14] === target 5118 (1/8) ===
[2026-08-26 04:01:16]   Jacobian score exact backend: torch.func JVP
[2026-08-26 04:17:46]   target 5118: crafted 500 poisons in 969 s, obj=0.22150
[2026-08-26 04:17:46]   target 5118: realized linf = 0.03137 (8.00/255), budget = 8.00/255
[2026-08-26 04:19:56]   [t5118 v1/5] SUCCESS (pred=dog) CTA=0.8401
[2026-08-26 04:22:06]   [t5118 v2/5] SUCCESS (pred=dog) CTA=0.8399
[2026-08-26 04:24:15]   [t5118 v3/5] SUCCESS (pred=dog) CTA=0.8352
[2026-08-26 04:26:25]   [t5118 v4/5] SUCCESS (pred=dog) CTA=0.8325
[2026-08-26 04:28:34]   [t5118 v5/5] SUCCESS (pred=dog) CTA=0.8375
[2026-08-26 04:28:34]   target 5118, 5 victims on this gpu: ASR=100.0% CTA=0.8370 +/- 0.0029
[2026-08-26 04:28:34] === target 8740 (2/8) ===
[2026-08-26 04:45:04]   target 8740: crafted 500 poisons in 969 s, obj=0.18236
[2026-08-26 04:45:04]   target 8740: realized linf = 0.03137 (8.00/255), budget = 8.00/255
[2026-08-26 04:47:15]   [t8740 v1/5] SUCCESS (pred=dog) CTA=0.8315
[2026-08-26 04:49:25]   [t8740 v2/5] SUCCESS (pred=dog) CTA=0.8441
[2026-08-26 04:51:35]   [t8740 v3/5] SUCCESS (pred=dog) CTA=0.8431
[2026-08-26 04:53:45]   [t8740 v4/5] SUCCESS (pred=dog) CTA=0.8393
[2026-08-26 04:55:55]   [t8740 v5/5] SUCCESS (pred=dog) CTA=0.8410
[2026-08-26 04:55:55]   target 8740, 5 victims on this gpu: ASR=100.0% CTA=0.8398 +/- 0.0045
[2026-08-26 04:55:55] === target 5324 (3/8) ===
[2026-08-26 05:12:26]   target 5324: crafted 500 poisons in 969 s, obj=0.18554
[2026-08-26 05:12:26]   target 5324: realized linf = 0.03137 (8.00/255), budget = 8.00/255
[2026-08-26 05:14:36]   [t5324 v1/5] fail (pred=deer) CTA=0.8432
[2026-08-26 05:16:46]   [t5324 v2/5] SUCCESS (pred=dog) CTA=0.8307
[2026-08-26 05:18:56]   [t5324 v3/5] fail (pred=cat) CTA=0.8355
[2026-08-26 05:21:05]   [t5324 v4/5] SUCCESS (pred=dog) CTA=0.8309
[2026-08-26 05:23:16]   [t5324 v5/5] SUCCESS (pred=dog) CTA=0.8410
[2026-08-26 05:23:16]   target 5324, 5 victims on this gpu: ASR=60.0% CTA=0.8363 +/- 0.0051
[2026-08-26 05:23:16] === target 4630 (4/8) ===
[2026-08-26 05:39:45]   target 4630: crafted 500 poisons in 967 s, obj=0.18939
[2026-08-26 05:39:45]   target 4630: realized linf = 0.03137 (8.00/255), budget = 8.00/255
[2026-08-26 05:41:56]   [t4630 v1/5] SUCCESS (pred=dog) CTA=0.8357
[2026-08-26 05:44:06]   [t4630 v2/5] SUCCESS (pred=dog) CTA=0.8359
[2026-08-26 05:46:16]   [t4630 v3/5] fail (pred=bird) CTA=0.8390
[2026-08-26 05:48:25]   [t4630 v4/5] SUCCESS (pred=dog) CTA=0.8364
[2026-08-26 05:50:35]   [t4630 v5/5] SUCCESS (pred=dog) CTA=0.8395
[2026-08-26 05:50:35]   target 4630, 5 victims on this gpu: ASR=80.0% CTA=0.8373 +/- 0.0016
[2026-08-26 05:50:35] === target 833 (5/8) ===
[2026-08-26 06:07:05]   target 833: crafted 500 poisons in 968 s, obj=0.17733
[2026-08-26 06:07:05]   target 833: realized linf = 0.03137 (8.00/255), budget = 8.00/255
[2026-08-26 06:09:15]   [t833 v1/5] SUCCESS (pred=dog) CTA=0.8386
[2026-08-26 06:11:25]   [t833 v2/5] SUCCESS (pred=dog) CTA=0.8301
[2026-08-26 06:13:35]   [t833 v3/5] SUCCESS (pred=dog) CTA=0.8332
[2026-08-26 06:15:44]   [t833 v4/5] SUCCESS (pred=dog) CTA=0.8328
[2026-08-26 06:17:54]   [t833 v5/5] SUCCESS (pred=dog) CTA=0.8360
[2026-08-26 06:17:54]   target 833, 5 victims on this gpu: ASR=100.0% CTA=0.8341 +/- 0.0029
[2026-08-26 06:17:54] === target 2065 (6/8) ===
[2026-08-26 06:34:25]   target 2065: crafted 500 poisons in 969 s, obj=0.19126
[2026-08-26 06:34:25]   target 2065: realized linf = 0.03137 (8.00/255), budget = 8.00/255
[2026-08-26 06:36:36]   [t2065 v1/5] SUCCESS (pred=dog) CTA=0.8397
[2026-08-26 06:38:46]   [t2065 v2/5] SUCCESS (pred=dog) CTA=0.8397
[2026-08-26 06:40:56]   [t2065 v3/5] SUCCESS (pred=dog) CTA=0.8378
[2026-08-26 06:43:06]   [t2065 v4/5] SUCCESS (pred=dog) CTA=0.8341
[2026-08-26 06:45:17]   [t2065 v5/5] SUCCESS (pred=dog) CTA=0.8302
[2026-08-26 06:45:17]   target 2065, 5 victims on this gpu: ASR=100.0% CTA=0.8363 +/- 0.0037
[2026-08-26 06:45:17] === target 7056 (7/8) ===
[2026-08-26 07:01:49]   target 7056: crafted 500 poisons in 970 s, obj=0.23204
[2026-08-26 07:01:49]   target 7056: realized linf = 0.03137 (8.00/255), budget = 8.00/255
[2026-08-26 07:04:00]   [t7056 v1/5] SUCCESS (pred=dog) CTA=0.8402
[2026-08-26 07:06:11]   [t7056 v2/5] SUCCESS (pred=dog) CTA=0.8342
[2026-08-26 07:08:21]   [t7056 v3/5] SUCCESS (pred=dog) CTA=0.8485
[2026-08-26 07:10:31]   [t7056 v4/5] fail (pred=bird) CTA=0.8408
[2026-08-26 07:12:41]   [t7056 v5/5] SUCCESS (pred=dog) CTA=0.8352
[2026-08-26 07:12:41]   target 7056, 5 victims on this gpu: ASR=80.0% CTA=0.8398 +/- 0.0051
[2026-08-26 07:12:41] === target 9059 (8/8) ===
[2026-08-26 07:29:12]   target 9059: crafted 500 poisons in 969 s, obj=0.21289
[2026-08-26 07:29:12]   target 9059: realized linf = 0.03137 (8.00/255), budget = 8.00/255
[2026-08-26 07:31:23]   [t9059 v1/5] fail (pred=bird) CTA=0.8411
[2026-08-26 07:33:33]   [t9059 v2/5] SUCCESS (pred=dog) CTA=0.8378
[2026-08-26 07:35:43]   [t9059 v3/5] SUCCESS (pred=dog) CTA=0.8418
[2026-08-26 07:37:53]   [t9059 v4/5] fail (pred=cat) CTA=0.8373
[2026-08-26 07:40:03]   [t9059 v5/5] SUCCESS (pred=dog) CTA=0.8388
[2026-08-26 07:40:03]   target 9059, 5 victims on this gpu: ASR=60.0% CTA=0.8394 +/- 0.0018
[2026-08-26 07:40:03] ==== CIFAR10_ResNet20BN_sapa_ours_dog-bird_b0.01_eps8_seed42_lam1_cosine_jacw1_worst0.05_ce5_tgt14 : ASR = 85.0% +/- 16.6% | CTA = 0.8375 (baseline 0.8401) ====
[2026-08-26 07:40:03]   target-prediction tally ['airplane', 'automobile', 'bird', 'cat', 'deer', 'dog', 'frog', 'horse', 'ship', 'truck']: [0, 0, 3, 2, 1, 34, 0, 0, 0, 0]

sync: preserving outputs in /home/mmoslem3/scratch/attack_if
sync: complete
