stage: optional directory absent: /home/mmoslem3/scratch/attack_if/ours_result/CIFAR10_VGG13BN_sapa_ours_dog-bird_b0.005_eps8_seed42_lam1_cosine_worst0.05_ce5_tgt50
job: 5025926 attack_081_vgg13_sapa_dog_bird_b0_005_ours_std on kn019
work: /tmp/attack_if
config: USE_JACOBIAN_SCORE=0 CLASS_PAIR="dog-bird" MODEL="VGG13BN" ATTACK="sapa" SHARP_MODE="worst" SHARP_SIGMA="0.05" BUDGETS=0.005 SELECT="ours" sh sel_dpp.sh
protocol: attack=8 targets x 5 victims; defense=7 targets x 5 victims
gpu: NVIDIA L40S
=== ours (plain greedy top-N_p by score) | VGG13BN / sapa / dog-bird | sharp worst sigma=0.05 ===
    targets: pinned from target_sets/VGG13BN_gradmatch_dog-bird.json (same 10 the random-base run attacked)
    difficulty label tgt50   craft flags: --craft_lowmem --craft_batch 256 --fast_gradmatch
    Jacobian score disabled
    budgets: 0.005

--- ours | VGG13BN / sapa / dog-bird | sharp worst sigma=0.05 | budget 0.005 ---
[2026-08-26 03:41:23] === run start: CIFAR10_VGG13BN_sapa_ours_dog-bird_b0.005_eps8_seed42_lam1_cosine_worst0.05_ce5_tgt50 on cuda [0] ===
[2026-08-26 03:41:23] args: {"FORCE": false, "attack": "sapa", "base": "ours", "base_dist": "cosine", "base_topr": null, "budget": 0.005, "cache_dir": "/tmp/attack_if/cache", "class_pair": "dog-bird", "clean_baseline": true, "craft_alpha": 0.0039216, "craft_aug": true, "craft_batch": 256, "craft_ensemble": 5, "craft_lowmem": true, "craft_schedule": false, "craft_steps": 250, "data_path": "/tmp/data", "dataset": "CIFAR10", "dsa_strategy": "color_crop_cutout_flip_scale_rotate", "epsilon": 0.0313725, "fast_gradmatch": true, "fc_mode": "sample", "fc_restarts": 1, "gpus": "all", "jacobian_batch_size": 64, "jacobian_weight": 1.0, "lambda_margin": 1.0, "model": "VGG13BN", "no_resume": false, "num_poisons": 500, "num_surrogates": 20, "num_targets": 8, "num_victims": 5, "out_dir": "/tmp/attack_if/ours_result", "pair_order": "poison-target", "parallel_pretrain": true, "parallel_targets": true, "precompute_id": null, "precompute_only": false, "precompute_part": "both", "rank_on_victims": true, "recompute_deltas": false, "require_correct_target": false, "restarts": 8, "seed": 42, "sel_K": null, "sel_alpha": 1.0, "sel_criterion": null, "sel_dpp": false, "sel_filter": false, "sel_mmr": false, "sel_mode": null, "sel_model": null, "sel_mu": 1.0, "sel_pca": false, "sel_pool": 3.0, "sharp_mode": "worst", "sharp_samples": 20, "sharp_sigma": 0.05, "steal_timeout": 7200.0, "surrogate_aug": false, "surrogate_bs": 128, "surrogate_decay": [35, 45], "surrogate_epochs": 60, "surrogate_lr": 0.1, "surrogate_wd": 0.0, "target_idx_file": "target_sets/VGG13BN_gradmatch_dog-bird.json", "target_select": 50, "use_jacobian_score": false, "victim_aug": false, "victim_bs": 125, "victim_decay": [40], "victim_epochs": 50, "victim_lr": 0.1, "victim_wd": 0.0}
[2026-08-26 03:41:23] Jacobian score: disabled
[2026-08-26 03:41:23] N_total=50000 budget=0.005 -> N_p=250 poisons, y_adv=5(dog) target_class=2(bird)
[2026-08-26 03:41:23] === surrogates (20 x VGG13BN, trained on the full real set) ===
[2026-08-26 03:41:25]   crafting on 5/20 surrogates
[2026-08-26 03:41:25] === clean victims (5 x VGG13BN) ===
[2026-08-26 03:41:27]   clean baseline CTA = 0.8451 +/- 0.0161
[2026-08-26 03:41:27]   target pool 1000 -> eligible 970 (30 already predicted as y_adv or dropped)
[2026-08-26 03:41:27]   chosen 8 targets (file), p_adv range 0.0000..0.0000
[2026-08-26 03:41:27]   targets: [630, 409, 2270, 9870, 1656, 5022, 9090, 6033]
[2026-08-26 03:41:27] === target 630 (1/8) ===
[2026-08-26 03:49:09]   target 630: crafted 250 poisons in 459 s, obj=0.28745
[2026-08-26 03:49:09]   target 630: realized linf = 0.03137 (8.00/255), budget = 8.00/255
[2026-08-26 03:50:53]   [t630 v1/5] SUCCESS (pred=dog) CTA=0.8587
[2026-08-26 03:52:34]   [t630 v2/5] SUCCESS (pred=dog) CTA=0.8571
[2026-08-26 03:54:16]   [t630 v3/5] SUCCESS (pred=dog) CTA=0.8584
[2026-08-26 03:55:58]   [t630 v4/5] SUCCESS (pred=dog) CTA=0.8585
[2026-08-26 03:57:40]   [t630 v5/5] SUCCESS (pred=dog) CTA=0.8525
[2026-08-26 03:57:40]   target 630, 5 victims on this gpu: ASR=100.0% CTA=0.8570 +/- 0.0023
[2026-08-26 03:57:40] === target 409 (2/8) ===
[2026-08-26 04:05:22]   target 409: crafted 250 poisons in 459 s, obj=0.25547
[2026-08-26 04:05:22]   target 409: realized linf = 0.03137 (8.00/255), budget = 8.00/255
[2026-08-26 04:07:06]   [t409 v1/5] SUCCESS (pred=dog) CTA=0.8427
[2026-08-26 04:08:48]   [t409 v2/5] SUCCESS (pred=dog) CTA=0.8579
[2026-08-26 04:10:30]   [t409 v3/5] SUCCESS (pred=dog) CTA=0.8541
[2026-08-26 04:12:12]   [t409 v4/5] fail (pred=cat) CTA=0.8532
[2026-08-26 04:13:54]   [t409 v5/5] SUCCESS (pred=dog) CTA=0.8605
[2026-08-26 04:13:54]   target 409, 5 victims on this gpu: ASR=80.0% CTA=0.8537 +/- 0.0061
[2026-08-26 04:13:54] === target 2270 (3/8) ===
[2026-08-26 04:21:37]   target 2270: crafted 250 poisons in 460 s, obj=0.26858
[2026-08-26 04:21:37]   target 2270: realized linf = 0.03137 (8.00/255), budget = 8.00/255
[2026-08-26 04:23:21]   [t2270 v1/5] SUCCESS (pred=dog) CTA=0.8604
[2026-08-26 04:25:04]   [t2270 v2/5] SUCCESS (pred=dog) CTA=0.8521
[2026-08-26 04:26:47]   [t2270 v3/5] SUCCESS (pred=dog) CTA=0.8497
[2026-08-26 04:28:30]   [t2270 v4/5] SUCCESS (pred=dog) CTA=0.8606
[2026-08-26 04:30:12]   [t2270 v5/5] SUCCESS (pred=dog) CTA=0.8489
[2026-08-26 04:30:12]   target 2270, 5 victims on this gpu: ASR=100.0% CTA=0.8543 +/- 0.0051
[2026-08-26 04:30:12] === target 9870 (4/8) ===
[2026-08-26 04:37:57]   target 9870: crafted 250 poisons in 462 s, obj=0.25144
[2026-08-26 04:37:57]   target 9870: realized linf = 0.03137 (8.00/255), budget = 8.00/255
[2026-08-26 04:39:41]   [t9870 v1/5] SUCCESS (pred=dog) CTA=0.8479
[2026-08-26 04:41:24]   [t9870 v2/5] fail (pred=cat) CTA=0.8509
[2026-08-26 04:43:06]   [t9870 v3/5] SUCCESS (pred=dog) CTA=0.8478
[2026-08-26 04:44:49]   [t9870 v4/5] SUCCESS (pred=dog) CTA=0.8532
[2026-08-26 04:46:31]   [t9870 v5/5] SUCCESS (pred=dog) CTA=0.8524
[2026-08-26 04:46:31]   target 9870, 5 victims on this gpu: ASR=80.0% CTA=0.8504 +/- 0.0022
[2026-08-26 04:46:31] === target 1656 (5/8) ===
[2026-08-26 04:54:14]   target 1656: crafted 250 poisons in 460 s, obj=0.25349
[2026-08-26 04:54:14]   target 1656: realized linf = 0.03137 (8.00/255), budget = 8.00/255
[2026-08-26 04:55:58]   [t1656 v1/5] SUCCESS (pred=dog) CTA=0.8453
[2026-08-26 04:57:40]   [t1656 v2/5] SUCCESS (pred=dog) CTA=0.8457
[2026-08-26 04:59:22]   [t1656 v3/5] SUCCESS (pred=dog) CTA=0.8588
[2026-08-26 05:01:05]   [t1656 v4/5] SUCCESS (pred=dog) CTA=0.8643
[2026-08-26 05:02:47]   [t1656 v5/5] SUCCESS (pred=dog) CTA=0.8530
[2026-08-26 05:02:47]   target 1656, 5 victims on this gpu: ASR=100.0% CTA=0.8534 +/- 0.0074
[2026-08-26 05:02:47] === target 5022 (6/8) ===
[2026-08-26 05:10:33]   target 5022: crafted 250 poisons in 463 s, obj=0.28158
[2026-08-26 05:10:33]   target 5022: realized linf = 0.03137 (8.00/255), budget = 8.00/255
[2026-08-26 05:12:17]   [t5022 v1/5] SUCCESS (pred=dog) CTA=0.8565
[2026-08-26 05:13:59]   [t5022 v2/5] SUCCESS (pred=dog) CTA=0.8578
[2026-08-26 05:15:41]   [t5022 v3/5] SUCCESS (pred=dog) CTA=0.8441
[2026-08-26 05:17:24]   [t5022 v4/5] SUCCESS (pred=dog) CTA=0.8539
[2026-08-26 05:19:06]   [t5022 v5/5] SUCCESS (pred=dog) CTA=0.8553
[2026-08-26 05:19:06]   target 5022, 5 victims on this gpu: ASR=100.0% CTA=0.8535 +/- 0.0049
[2026-08-26 05:19:06] === target 9090 (7/8) ===
[2026-08-26 05:26:52]   target 9090: crafted 250 poisons in 463 s, obj=0.24041
[2026-08-26 05:26:52]   target 9090: realized linf = 0.03137 (8.00/255), budget = 8.00/255
[2026-08-26 05:28:36]   [t9090 v1/5] SUCCESS (pred=dog) CTA=0.8550
[2026-08-26 05:30:18]   [t9090 v2/5] SUCCESS (pred=dog) CTA=0.8510
[2026-08-26 05:32:00]   [t9090 v3/5] SUCCESS (pred=dog) CTA=0.8586
[2026-08-26 05:33:43]   [t9090 v4/5] SUCCESS (pred=dog) CTA=0.8587
[2026-08-26 05:35:25]   [t9090 v5/5] SUCCESS (pred=dog) CTA=0.8516
[2026-08-26 05:35:25]   target 9090, 5 victims on this gpu: ASR=100.0% CTA=0.8550 +/- 0.0033
[2026-08-26 05:35:25] === target 6033 (8/8) ===
[2026-08-26 05:43:08]   target 6033: crafted 250 poisons in 460 s, obj=0.22076
[2026-08-26 05:43:08]   target 6033: realized linf = 0.03137 (8.00/255), budget = 8.00/255
[2026-08-26 05:44:52]   [t6033 v1/5] SUCCESS (pred=dog) CTA=0.8556
[2026-08-26 05:46:35]   [t6033 v2/5] SUCCESS (pred=dog) CTA=0.8606
[2026-08-26 05:48:17]   [t6033 v3/5] SUCCESS (pred=dog) CTA=0.8598
[2026-08-26 05:49:59]   [t6033 v4/5] SUCCESS (pred=dog) CTA=0.8620
[2026-08-26 05:51:41]   [t6033 v5/5] SUCCESS (pred=dog) CTA=0.8610
[2026-08-26 05:51:41]   target 6033, 5 victims on this gpu: ASR=100.0% CTA=0.8598 +/- 0.0022
[2026-08-26 05:51:41] ==== CIFAR10_VGG13BN_sapa_ours_dog-bird_b0.005_eps8_seed42_lam1_cosine_worst0.05_ce5_tgt50 : ASR = 95.0% +/- 8.7% | CTA = 0.8547 (baseline 0.8451) ====
[2026-08-26 05:51:41]   target-prediction tally ['airplane', 'automobile', 'bird', 'cat', 'deer', 'dog', 'frog', 'horse', 'ship', 'truck']: [0, 0, 0, 2, 0, 38, 0, 0, 0, 0]

sync: preserving outputs in /home/mmoslem3/scratch/attack_if
sync: complete
