stage: optional directory absent: /home/mmoslem3/scratch/attack_if/ours_result/CIFAR10_VGG13BN_gradmatch_ours_dog-bird_b0.001_eps8_seed42_lam1_cosine_ce5_tgt50
job: 5025917 attack_072_vgg13_gradmatch_dog_bird_b0_001_ours_std on kn135
work: /tmp/attack_if
config: USE_JACOBIAN_SCORE=0 CLASS_PAIR="dog-bird" MODEL="VGG13BN" ATTACK="gradmatch" BUDGETS=0.001 SELECT="ours" sh sel_dpp.sh
protocol: attack=8 targets x 5 victims; defense=7 targets x 5 victims
gpu: NVIDIA L40S
=== ours (plain greedy top-N_p by score) | VGG13BN / gradmatch / dog-bird ===
    targets: pinned from target_sets/VGG13BN_gradmatch_dog-bird.json (same 10 the random-base run attacked)
    difficulty label tgt50   craft flags: --craft_lowmem --craft_batch 256 --fast_gradmatch
    Jacobian score disabled
    budgets: 0.001

--- ours | VGG13BN / gradmatch / dog-bird | budget 0.001 ---
[2026-08-25 22:56:35] === run start: CIFAR10_VGG13BN_gradmatch_ours_dog-bird_b0.001_eps8_seed42_lam1_cosine_ce5_tgt50 on cuda [0] ===
[2026-08-25 22:56:35] args: {"FORCE": false, "attack": "gradmatch", "base": "ours", "base_dist": "cosine", "base_topr": null, "budget": 0.001, "cache_dir": "/tmp/attack_if/cache", "class_pair": "dog-bird", "clean_baseline": true, "craft_alpha": 0.0039216, "craft_aug": true, "craft_batch": 256, "craft_ensemble": 5, "craft_lowmem": true, "craft_schedule": false, "craft_steps": 250, "data_path": "/tmp/data", "dataset": "CIFAR10", "dsa_strategy": "color_crop_cutout_flip_scale_rotate", "epsilon": 0.0313725, "fast_gradmatch": true, "fc_mode": "sample", "fc_restarts": 1, "gpus": "all", "jacobian_batch_size": 64, "jacobian_weight": 1.0, "lambda_margin": 1.0, "model": "VGG13BN", "no_resume": false, "num_poisons": 500, "num_surrogates": 20, "num_targets": 8, "num_victims": 5, "out_dir": "/tmp/attack_if/ours_result", "pair_order": "poison-target", "parallel_pretrain": true, "parallel_targets": true, "precompute_id": null, "precompute_only": false, "precompute_part": "both", "rank_on_victims": true, "recompute_deltas": false, "require_correct_target": false, "restarts": 8, "seed": 42, "sel_K": null, "sel_alpha": 1.0, "sel_criterion": null, "sel_dpp": false, "sel_filter": false, "sel_mmr": false, "sel_mode": null, "sel_model": null, "sel_mu": 1.0, "sel_pca": false, "sel_pool": 3.0, "sharp_mode": "worst", "sharp_samples": 20, "sharp_sigma": 0.05, "steal_timeout": 7200.0, "surrogate_aug": false, "surrogate_bs": 128, "surrogate_decay": [35, 45], "surrogate_epochs": 60, "surrogate_lr": 0.1, "surrogate_wd": 0.0, "target_idx_file": "target_sets/VGG13BN_gradmatch_dog-bird.json", "target_select": 50, "use_jacobian_score": false, "victim_aug": false, "victim_bs": 125, "victim_decay": [40], "victim_epochs": 50, "victim_lr": 0.1, "victim_wd": 0.0}
[2026-08-25 22:56:35] Jacobian score: disabled
[2026-08-25 22:56:35] N_total=50000 budget=0.001 -> N_p=50 poisons, y_adv=5(dog) target_class=2(bird)
[2026-08-25 22:56:35] === surrogates (20 x VGG13BN, trained on the full real set) ===
[2026-08-25 22:56:37]   crafting on 5/20 surrogates
[2026-08-25 22:56:37] === clean victims (5 x VGG13BN) ===
[2026-08-25 22:56:38]   clean baseline CTA = 0.8451 +/- 0.0161
[2026-08-25 22:56:39]   target pool 1000 -> eligible 970 (30 already predicted as y_adv or dropped)
[2026-08-25 22:56:39]   chosen 8 targets (file), p_adv range 0.0000..0.0000
[2026-08-25 22:56:39]   targets: [630, 409, 2270, 9870, 1656, 5022, 9090, 6033]
[2026-08-25 22:56:39] === target 630 (1/8) ===
[2026-08-25 22:58:55]   target 630: crafted 50 poisons in 133 s, obj=0.31317
[2026-08-25 22:58:55]   target 630: realized linf = 0.03137 (8.00/255), budget = 8.00/255
[2026-08-25 23:00:36]   [t630 v1/5] fail (pred=bird) CTA=0.8596
[2026-08-25 23:02:16]   [t630 v2/5] fail (pred=bird) CTA=0.8395
[2026-08-25 23:03:56]   [t630 v3/5] fail (pred=bird) CTA=0.8538
[2026-08-25 23:05:37]   [t630 v4/5] fail (pred=bird) CTA=0.8491
[2026-08-25 23:07:17]   [t630 v5/5] SUCCESS (pred=dog) CTA=0.8417
[2026-08-25 23:07:17]   target 630, 5 victims on this gpu: ASR=20.0% CTA=0.8487 +/- 0.0075
[2026-08-25 23:07:17] === target 409 (2/8) ===
[2026-08-25 23:09:34]   target 409: crafted 50 poisons in 133 s, obj=0.28336
[2026-08-25 23:09:34]   target 409: realized linf = 0.03137 (8.00/255), budget = 8.00/255
[2026-08-25 23:11:14]   [t409 v1/5] fail (pred=cat) CTA=0.8568
[2026-08-25 23:12:54]   [t409 v2/5] SUCCESS (pred=dog) CTA=0.8474
[2026-08-25 23:14:35]   [t409 v3/5] SUCCESS (pred=dog) CTA=0.8576
[2026-08-25 23:16:15]   [t409 v4/5] fail (pred=bird) CTA=0.8480
[2026-08-25 23:17:56]   [t409 v5/5] SUCCESS (pred=dog) CTA=0.8558
[2026-08-25 23:17:56]   target 409, 5 victims on this gpu: ASR=60.0% CTA=0.8531 +/- 0.0045
[2026-08-25 23:17:56] === target 2270 (3/8) ===
[2026-08-25 23:20:11]   target 2270: crafted 50 poisons in 133 s, obj=0.29432
[2026-08-25 23:20:11]   target 2270: realized linf = 0.03137 (8.00/255), budget = 8.00/255
[2026-08-25 23:21:53]   [t2270 v1/5] fail (pred=bird) CTA=0.8583
[2026-08-25 23:23:33]   [t2270 v2/5] SUCCESS (pred=dog) CTA=0.8575
[2026-08-25 23:25:13]   [t2270 v3/5] fail (pred=deer) CTA=0.8327
[2026-08-25 23:26:54]   [t2270 v4/5] SUCCESS (pred=dog) CTA=0.8631
[2026-08-25 23:28:34]   [t2270 v5/5] SUCCESS (pred=dog) CTA=0.8597
[2026-08-25 23:28:34]   target 2270, 5 victims on this gpu: ASR=60.0% CTA=0.8543 +/- 0.0109
[2026-08-25 23:28:34] === target 9870 (4/8) ===
[2026-08-25 23:30:49]   target 9870: crafted 50 poisons in 132 s, obj=0.27444
[2026-08-25 23:30:49]   target 9870: realized linf = 0.03137 (8.00/255), budget = 8.00/255
[2026-08-25 23:32:31]   [t9870 v1/5] SUCCESS (pred=dog) CTA=0.8533
