stage: optional directory absent: /home/mmoslem3/scratch/attack_if/ours_result/CIFAR10_VGG13BN_sapa_ours_dog-bird_b0.002_eps8_seed42_lam1_cosine_worst0.05_ce5_tgt50
job: 5025925 attack_080_vgg13_sapa_dog_bird_b0_002_ours_std on kn067
work: /tmp/attack_if
config: USE_JACOBIAN_SCORE=0 CLASS_PAIR="dog-bird" MODEL="VGG13BN" ATTACK="sapa" SHARP_MODE="worst" SHARP_SIGMA="0.05" BUDGETS=0.002 SELECT="ours" sh sel_dpp.sh
protocol: attack=8 targets x 5 victims; defense=7 targets x 5 victims
gpu: NVIDIA L40S
=== ours (plain greedy top-N_p by score) | VGG13BN / sapa / dog-bird | sharp worst sigma=0.05 ===
    targets: pinned from target_sets/VGG13BN_gradmatch_dog-bird.json (same 10 the random-base run attacked)
    difficulty label tgt50   craft flags: --craft_lowmem --craft_batch 256 --fast_gradmatch
    Jacobian score disabled
    budgets: 0.002

--- ours | VGG13BN / sapa / dog-bird | sharp worst sigma=0.05 | budget 0.002 ---
[2026-08-25 23:13:25] === run start: CIFAR10_VGG13BN_sapa_ours_dog-bird_b0.002_eps8_seed42_lam1_cosine_worst0.05_ce5_tgt50 on cuda [0] ===
[2026-08-25 23:13:25] args: {"FORCE": false, "attack": "sapa", "base": "ours", "base_dist": "cosine", "base_topr": null, "budget": 0.002, "cache_dir": "/tmp/attack_if/cache", "class_pair": "dog-bird", "clean_baseline": true, "craft_alpha": 0.0039216, "craft_aug": true, "craft_batch": 256, "craft_ensemble": 5, "craft_lowmem": true, "craft_schedule": false, "craft_steps": 250, "data_path": "/tmp/data", "dataset": "CIFAR10", "dsa_strategy": "color_crop_cutout_flip_scale_rotate", "epsilon": 0.0313725, "fast_gradmatch": true, "fc_mode": "sample", "fc_restarts": 1, "gpus": "all", "jacobian_batch_size": 64, "jacobian_weight": 1.0, "lambda_margin": 1.0, "model": "VGG13BN", "no_resume": false, "num_poisons": 500, "num_surrogates": 20, "num_targets": 8, "num_victims": 5, "out_dir": "/tmp/attack_if/ours_result", "pair_order": "poison-target", "parallel_pretrain": true, "parallel_targets": true, "precompute_id": null, "precompute_only": false, "precompute_part": "both", "rank_on_victims": true, "recompute_deltas": false, "require_correct_target": false, "restarts": 8, "seed": 42, "sel_K": null, "sel_alpha": 1.0, "sel_criterion": null, "sel_dpp": false, "sel_filter": false, "sel_mmr": false, "sel_mode": null, "sel_model": null, "sel_mu": 1.0, "sel_pca": false, "sel_pool": 3.0, "sharp_mode": "worst", "sharp_samples": 20, "sharp_sigma": 0.05, "steal_timeout": 7200.0, "surrogate_aug": false, "surrogate_bs": 128, "surrogate_decay": [35, 45], "surrogate_epochs": 60, "surrogate_lr": 0.1, "surrogate_wd": 0.0, "target_idx_file": "target_sets/VGG13BN_gradmatch_dog-bird.json", "target_select": 50, "use_jacobian_score": false, "victim_aug": false, "victim_bs": 125, "victim_decay": [40], "victim_epochs": 50, "victim_lr": 0.1, "victim_wd": 0.0}
[2026-08-25 23:13:25] Jacobian score: disabled
[2026-08-25 23:13:25] N_total=50000 budget=0.002 -> N_p=100 poisons, y_adv=5(dog) target_class=2(bird)
[2026-08-25 23:13:25] === surrogates (20 x VGG13BN, trained on the full real set) ===
[2026-08-25 23:13:27]   crafting on 5/20 surrogates
[2026-08-25 23:13:27] === clean victims (5 x VGG13BN) ===
[2026-08-25 23:13:29]   clean baseline CTA = 0.8451 +/- 0.0161
[2026-08-25 23:13:29]   target pool 1000 -> eligible 970 (30 already predicted as y_adv or dropped)
[2026-08-25 23:13:29]   chosen 8 targets (file), p_adv range 0.0000..0.0000
[2026-08-25 23:13:29]   targets: [630, 409, 2270, 9870, 1656, 5022, 9090, 6033]
[2026-08-25 23:13:29] === target 630 (1/8) ===
[2026-08-25 23:17:08]   target 630: crafted 100 poisons in 216 s, obj=0.27376
[2026-08-25 23:17:08]   target 630: realized linf = 0.03137 (8.00/255), budget = 8.00/255
[2026-08-25 23:19:01]   [t630 v1/5] SUCCESS (pred=dog) CTA=0.8649
[2026-08-25 23:20:56]   [t630 v2/5] SUCCESS (pred=dog) CTA=0.8430
[2026-08-25 23:22:49]   [t630 v3/5] SUCCESS (pred=dog) CTA=0.8592
[2026-08-25 23:24:43]   [t630 v4/5] SUCCESS (pred=dog) CTA=0.8554
[2026-08-25 23:26:36]   [t630 v5/5] SUCCESS (pred=dog) CTA=0.8470
[2026-08-25 23:26:36]   target 630, 5 victims on this gpu: ASR=100.0% CTA=0.8539 +/- 0.0080
[2026-08-25 23:26:36] === target 409 (2/8) ===
[2026-08-25 23:30:17]   target 409: crafted 100 poisons in 218 s, obj=0.27312
[2026-08-25 23:30:17]   target 409: realized linf = 0.03137 (8.00/255), budget = 8.00/255
[2026-08-25 23:32:08]   [t409 v1/5] SUCCESS (pred=dog) CTA=0.8545
[2026-08-25 23:34:04]   [t409 v2/5] SUCCESS (pred=dog) CTA=0.8567
[2026-08-25 23:35:55]   [t409 v3/5] SUCCESS (pred=dog) CTA=0.8597
[2026-08-25 23:37:51]   [t409 v4/5] fail (pred=bird) CTA=0.8546
[2026-08-25 23:39:39]   [t409 v5/5] SUCCESS (pred=dog) CTA=0.8606
[2026-08-25 23:39:39]   target 409, 5 victims on this gpu: ASR=80.0% CTA=0.8572 +/- 0.0025
[2026-08-25 23:39:39] === target 2270 (3/8) ===
[2026-08-25 23:43:19]   target 2270: crafted 100 poisons in 217 s, obj=0.29049
[2026-08-25 23:43:19]   target 2270: realized linf = 0.03137 (8.00/255), budget = 8.00/255
[2026-08-25 23:45:14]   [t2270 v1/5] SUCCESS (pred=dog) CTA=0.8529
[2026-08-25 23:47:04]   [t2270 v2/5] SUCCESS (pred=dog) CTA=0.8543
[2026-08-25 23:48:59]   [t2270 v3/5] SUCCESS (pred=dog) CTA=0.8448
[2026-08-25 23:50:49]   [t2270 v4/5] SUCCESS (pred=dog) CTA=0.8670
[2026-08-25 23:52:40]   [t2270 v5/5] SUCCESS (pred=dog) CTA=0.8471
[2026-08-25 23:52:40]   target 2270, 5 victims on this gpu: ASR=100.0% CTA=0.8532 +/- 0.0077
[2026-08-25 23:52:40] === target 9870 (4/8) ===
[2026-08-25 23:56:18]   target 9870: crafted 100 poisons in 215 s, obj=0.27205
[2026-08-25 23:56:18]   target 9870: realized linf = 0.03137 (8.00/255), budget = 8.00/255
[2026-08-25 23:58:05]   [t9870 v1/5] SUCCESS (pred=dog) CTA=0.8529
[2026-08-25 23:59:57]   [t9870 v2/5] SUCCESS (pred=dog) CTA=0.8487
