stage: optional directory absent: /home/mmoslem3/scratch/attack_if/ours_result/CIFAR10_VGG13BN_gradmatch_ours_frog-airplane_b0.001_eps8_seed42_lam1_cosine_jacw1_ce5_tgt12
job: 5025944 attack_097_vgg13_gradmatch_frog_airplane_b0_001_ours_j on kn045
work: /tmp/attack_if
config: USE_JACOBIAN_SCORE=1 JACOBIAN_WEIGHT=1.0 JACOBIAN_BATCH_SIZE=64 CLASS_PAIR="frog-airplane" MODEL="VGG13BN" ATTACK="gradmatch" BUDGETS=0.001 SELECT="ours" sh sel_dpp.sh
protocol: attack=8 targets x 5 victims; defense=7 targets x 5 victims
gpu: NVIDIA L40S
=== ours (plain greedy top-N_p by score) | VGG13BN / gradmatch / frog-airplane ===
    targets: pinned from target_sets/VGG13BN_gradmatch_frog-airplane.json (same 10 the random-base run attacked)
    difficulty label tgt12   craft flags: --craft_lowmem --craft_batch 256 --fast_gradmatch
    Jacobian score enabled (weight=1.0, batch=64)
    budgets: 0.001

--- ours | VGG13BN / gradmatch / frog-airplane | budget 0.001 ---
[2026-08-25 23:52:48] === run start: CIFAR10_VGG13BN_gradmatch_ours_frog-airplane_b0.001_eps8_seed42_lam1_cosine_jacw1_ce5_tgt12 on cuda [0] ===
[2026-08-25 23:52:48] args: {"FORCE": false, "attack": "gradmatch", "base": "ours", "base_dist": "cosine", "base_topr": null, "budget": 0.001, "cache_dir": "/tmp/attack_if/cache", "class_pair": "frog-airplane", "clean_baseline": true, "craft_alpha": 0.0039216, "craft_aug": true, "craft_batch": 256, "craft_ensemble": 5, "craft_lowmem": true, "craft_schedule": false, "craft_steps": 250, "data_path": "/tmp/data", "dataset": "CIFAR10", "dsa_strategy": "color_crop_cutout_flip_scale_rotate", "epsilon": 0.0313725, "fast_gradmatch": true, "fc_mode": "sample", "fc_restarts": 1, "gpus": "all", "jacobian_batch_size": 64, "jacobian_weight": 1.0, "lambda_margin": 1.0, "model": "VGG13BN", "no_resume": false, "num_poisons": 500, "num_surrogates": 20, "num_targets": 8, "num_victims": 5, "out_dir": "/tmp/attack_if/ours_result", "pair_order": "poison-target", "parallel_pretrain": true, "parallel_targets": true, "precompute_id": null, "precompute_only": false, "precompute_part": "both", "rank_on_victims": true, "recompute_deltas": false, "require_correct_target": false, "restarts": 8, "seed": 42, "sel_K": null, "sel_alpha": 1.0, "sel_criterion": null, "sel_dpp": false, "sel_filter": false, "sel_mmr": false, "sel_mode": null, "sel_model": null, "sel_mu": 1.0, "sel_pca": false, "sel_pool": 3.0, "sharp_mode": "worst", "sharp_samples": 20, "sharp_sigma": 0.05, "steal_timeout": 7200.0, "surrogate_aug": false, "surrogate_bs": 128, "surrogate_decay": [35, 45], "surrogate_epochs": 60, "surrogate_lr": 0.1, "surrogate_wd": 0.0, "target_idx_file": "target_sets/VGG13BN_gradmatch_frog-airplane.json", "target_select": 12, "use_jacobian_score": true, "victim_aug": false, "victim_bs": 125, "victim_decay": [40], "victim_epochs": 50, "victim_lr": 0.1, "victim_wd": 0.0}
[2026-08-25 23:52:48] Jacobian score: enabled, weight=1, batch_size=64
[2026-08-25 23:52:48] N_total=50000 budget=0.001 -> N_p=50 poisons, y_adv=6(frog) target_class=0(airplane)
[2026-08-25 23:52:48] === surrogates (20 x VGG13BN, trained on the full real set) ===
[2026-08-25 23:52:50]   crafting on 5/20 surrogates
[2026-08-25 23:52:50] === clean victims (5 x VGG13BN) ===
[2026-08-25 23:52:52]   clean baseline CTA = 0.8451 +/- 0.0161
[2026-08-25 23:52:52]   target pool 1000 -> eligible 998 (2 already predicted as y_adv or dropped)
[2026-08-25 23:52:52]   chosen 8 targets (file), p_adv range 0.0000..0.0001
[2026-08-25 23:52:52]   targets: [2783, 2507, 6738, 5787, 7815, 5074, 7356, 8267]
[2026-08-25 23:52:52] === target 2783 (1/8) ===
[2026-08-25 23:52:54]   Jacobian score exact backend: torch.func JVP
[2026-08-25 23:56:06]   target 2783: crafted 50 poisons in 173 s, obj=0.26728
[2026-08-25 23:56:06]   target 2783: realized linf = 0.03137 (8.00/255), budget = 8.00/255
[2026-08-25 23:58:00]   [t2783 v1/5] SUCCESS (pred=frog) CTA=0.8411
[2026-08-25 23:59:58]   [t2783 v2/5] SUCCESS (pred=frog) CTA=0.8696
[2026-08-26 00:01:52]   [t2783 v3/5] SUCCESS (pred=frog) CTA=0.8575
[2026-08-26 00:03:52]   [t2783 v4/5] fail (pred=airplane) CTA=0.8360
[2026-08-26 00:05:42]   [t2783 v5/5] fail (pred=airplane) CTA=0.8433
[2026-08-26 00:05:42]   target 2783, 5 victims on this gpu: ASR=60.0% CTA=0.8495 +/- 0.0123
[2026-08-26 00:05:42] === target 2507 (2/8) ===
[2026-08-26 00:08:55]   target 2507: crafted 50 poisons in 173 s, obj=0.33275
[2026-08-26 00:08:55]   target 2507: realized linf = 0.03137 (8.00/255), budget = 8.00/255
[2026-08-26 00:10:53]   [t2507 v1/5] SUCCESS (pred=frog) CTA=0.8533
[2026-08-26 00:12:47]   [t2507 v2/5] SUCCESS (pred=frog) CTA=0.8452
[2026-08-26 00:14:38]   [t2507 v3/5] fail (pred=airplane) CTA=0.8524
[2026-08-26 00:16:30]   [t2507 v4/5] fail (pred=bird) CTA=0.8599
[2026-08-26 00:18:24]   [t2507 v5/5] fail (pred=airplane) CTA=0.8580
[2026-08-26 00:18:24]   target 2507, 5 victims on this gpu: ASR=40.0% CTA=0.8538 +/- 0.0051
[2026-08-26 00:18:24] === target 6738 (3/8) ===
[2026-08-26 00:21:37]   target 6738: crafted 50 poisons in 173 s, obj=0.40893
[2026-08-26 00:21:37]   target 6738: realized linf = 0.03137 (8.00/255), budget = 8.00/255
[2026-08-26 00:23:27]   [t6738 v1/5] fail (pred=airplane) CTA=0.8495
[2026-08-26 00:25:23]   [t6738 v2/5] fail (pred=airplane) CTA=0.8405
[2026-08-26 00:27:13]   [t6738 v3/5] fail (pred=airplane) CTA=0.8646
[2026-08-26 00:29:00]   [t6738 v4/5] fail (pred=airplane) CTA=0.8521
[2026-08-26 00:30:57]   [t6738 v5/5] fail (pred=airplane) CTA=0.8585
[2026-08-26 00:30:57]   target 6738, 5 victims on this gpu: ASR=0.0% CTA=0.8530 +/- 0.0082
[2026-08-26 00:30:57] === target 5787 (4/8) ===
[2026-08-26 00:34:07]   target 5787: crafted 50 poisons in 171 s, obj=0.34769
[2026-08-26 00:34:07]   target 5787: realized linf = 0.03137 (8.00/255), budget = 8.00/255
[2026-08-26 00:36:00]   [t5787 v1/5] fail (pred=airplane) CTA=0.8546
