stage: optional directory absent: /home/mmoslem3/scratch/attack_if/ours_result/CIFAR10_ConvNetBN_gradmatch_ours_frog-airplane_b0.04_eps8_seed42_lam1_cosine_jacw1_ce5_tgt35
job: 5025955 attack_108_convnet_gradmatch_frog_airplane_b0_04_ours_j on kn162
work: /tmp/attack_if
config: USE_JACOBIAN_SCORE=1 JACOBIAN_WEIGHT=1.0 JACOBIAN_BATCH_SIZE=64 CLASS_PAIR="frog-airplane" MODEL="ConvNetBN" ATTACK="gradmatch" BUDGETS=0.04 SELECT="ours" sh sel_dpp.sh
protocol: attack=8 targets x 5 victims; defense=7 targets x 5 victims
gpu: NVIDIA L40S
=== ours (plain greedy top-N_p by score) | ConvNetBN / gradmatch / frog-airplane ===
    targets: pinned from target_sets/ConvNetBN_gradmatch_frog-airplane.json (same 10 the random-base run attacked)
    difficulty label tgt35   craft flags: none
    Jacobian score enabled (weight=1.0, batch=64)
    budgets: 0.04

--- ours | ConvNetBN / gradmatch / frog-airplane | budget 0.04 ---
[2026-08-26 03:52:20] === run start: CIFAR10_ConvNetBN_gradmatch_ours_frog-airplane_b0.04_eps8_seed42_lam1_cosine_jacw1_ce5_tgt35 on cuda [0] ===
[2026-08-26 03:52:20] args: {"FORCE": false, "attack": "gradmatch", "base": "ours", "base_dist": "cosine", "base_topr": null, "budget": 0.04, "cache_dir": "/tmp/attack_if/cache", "class_pair": "frog-airplane", "clean_baseline": true, "craft_alpha": 0.0039216, "craft_aug": true, "craft_batch": 256, "craft_ensemble": 5, "craft_lowmem": false, "craft_schedule": false, "craft_steps": 250, "data_path": "/tmp/data", "dataset": "CIFAR10", "dsa_strategy": "color_crop_cutout_flip_scale_rotate", "epsilon": 0.0313725, "fast_gradmatch": false, "fc_mode": "sample", "fc_restarts": 1, "gpus": "all", "jacobian_batch_size": 64, "jacobian_weight": 1.0, "lambda_margin": 1.0, "model": "ConvNetBN", "no_resume": false, "num_poisons": 500, "num_surrogates": 20, "num_targets": 8, "num_victims": 5, "out_dir": "/tmp/attack_if/ours_result", "pair_order": "poison-target", "parallel_pretrain": true, "parallel_targets": true, "precompute_id": null, "precompute_only": false, "precompute_part": "both", "rank_on_victims": true, "recompute_deltas": false, "require_correct_target": false, "restarts": 8, "seed": 42, "sel_K": null, "sel_alpha": 1.0, "sel_criterion": null, "sel_dpp": false, "sel_filter": false, "sel_mmr": false, "sel_mode": null, "sel_model": null, "sel_mu": 1.0, "sel_pca": false, "sel_pool": 3.0, "sharp_mode": "worst", "sharp_samples": 20, "sharp_sigma": 0.05, "steal_timeout": 7200.0, "surrogate_aug": false, "surrogate_bs": 128, "surrogate_decay": [35, 45], "surrogate_epochs": 60, "surrogate_lr": 0.1, "surrogate_wd": 0.0, "target_idx_file": "target_sets/ConvNetBN_gradmatch_frog-airplane.json", "target_select": 35, "use_jacobian_score": true, "victim_aug": false, "victim_bs": 125, "victim_decay": [40], "victim_epochs": 50, "victim_lr": 0.1, "victim_wd": 0.0}
[2026-08-26 03:52:20] Jacobian score: enabled, weight=1, batch_size=64
[2026-08-26 03:52:20] N_total=50000 budget=0.04 -> N_p=2000 poisons, y_adv=6(frog) target_class=0(airplane)
[2026-08-26 03:52:20] === surrogates (20 x ConvNetBN, trained on the full real set) ===
[2026-08-26 03:52:20]   crafting on 5/20 surrogates
[2026-08-26 03:52:20] === clean victims (5 x ConvNetBN) ===
[2026-08-26 03:52:21]   clean baseline CTA = 0.8105 +/- 0.0070
[2026-08-26 03:52:21]   target pool 1000 -> eligible 993 (7 already predicted as y_adv or dropped)
[2026-08-26 03:52:21]   chosen 8 targets (file), p_adv range 0.0000..0.0000
[2026-08-26 03:52:21]   targets: [496, 2087, 8941, 9820, 3825, 1796, 2548, 6437]
[2026-08-26 03:52:22] === target 496 (1/8) ===
[2026-08-26 03:52:23]   Jacobian score exact backend: torch.func JVP
[2026-08-26 04:28:57]   target 496: crafted 2000 poisons in 2188 s, obj=0.24158
[2026-08-26 04:28:57]   target 496: realized linf = 0.03137 (8.00/255), budget = 8.00/255
[2026-08-26 04:29:47]   [t496 v1/5] fail (pred=airplane) CTA=0.7864
[2026-08-26 04:30:38]   [t496 v2/5] fail (pred=airplane) CTA=0.7940
[2026-08-26 04:31:28]   [t496 v3/5] SUCCESS (pred=frog) CTA=0.7974
[2026-08-26 04:32:19]   [t496 v4/5] SUCCESS (pred=frog) CTA=0.8042
[2026-08-26 04:33:09]   [t496 v5/5] fail (pred=airplane) CTA=0.8010
[2026-08-26 04:33:09]   target 496, 5 victims on this gpu: ASR=40.0% CTA=0.7966 +/- 0.0061
[2026-08-26 04:33:09] === target 2087 (2/8) ===
[2026-08-26 05:09:49]   target 2087: crafted 2000 poisons in 2193 s, obj=0.26104
[2026-08-26 05:09:49]   target 2087: realized linf = 0.03137 (8.00/255), budget = 8.00/255
[2026-08-26 05:10:39]   [t2087 v1/5] fail (pred=airplane) CTA=0.8061
[2026-08-26 05:11:30]   [t2087 v2/5] SUCCESS (pred=frog) CTA=0.7889
[2026-08-26 05:12:20]   [t2087 v3/5] fail (pred=airplane) CTA=0.7925
[2026-08-26 05:13:10]   [t2087 v4/5] SUCCESS (pred=frog) CTA=0.7993
[2026-08-26 05:14:00]   [t2087 v5/5] fail (pred=horse) CTA=0.7940
[2026-08-26 05:14:01]   target 2087, 5 victims on this gpu: ASR=40.0% CTA=0.7962 +/- 0.0060
[2026-08-26 05:14:01] === target 8941 (3/8) ===
[2026-08-26 05:50:35]   target 8941: crafted 2000 poisons in 2188 s, obj=0.32474
[2026-08-26 05:50:35]   target 8941: realized linf = 0.03137 (8.00/255), budget = 8.00/255
[2026-08-26 05:51:25]   [t8941 v1/5] SUCCESS (pred=frog) CTA=0.8007
[2026-08-26 05:52:16]   [t8941 v2/5] fail (pred=dog) CTA=0.7362
[2026-08-26 05:53:06]   [t8941 v3/5] fail (pred=airplane) CTA=0.8015
[2026-08-26 05:53:57]   [t8941 v4/5] SUCCESS (pred=frog) CTA=0.8023
[2026-08-26 05:54:47]   [t8941 v5/5] SUCCESS (pred=frog) CTA=0.7953
[2026-08-26 05:54:47]   target 8941, 5 victims on this gpu: ASR=60.0% CTA=0.7872 +/- 0.0256
[2026-08-26 05:54:47] === target 9820 (4/8) ===
[2026-08-26 06:31:22]   target 9820: crafted 2000 poisons in 2188 s, obj=0.27017
[2026-08-26 06:31:22]   target 9820: realized linf = 0.03137 (8.00/255), budget = 8.00/255
[2026-08-26 06:32:12]   [t9820 v1/5] SUCCESS (pred=frog) CTA=0.7865
[2026-08-26 06:33:03]   [t9820 v2/5] SUCCESS (pred=frog) CTA=0.7963
[2026-08-26 06:33:53]   [t9820 v3/5] SUCCESS (pred=frog) CTA=0.7889
[2026-08-26 06:34:43]   [t9820 v4/5] SUCCESS (pred=frog) CTA=0.7979
[2026-08-26 06:35:33]   [t9820 v5/5] SUCCESS (pred=frog) CTA=0.8035
[2026-08-26 06:35:33]   target 9820, 5 victims on this gpu: ASR=100.0% CTA=0.7946 +/- 0.0062
[2026-08-26 06:35:33] === target 3825 (5/8) ===
[2026-08-26 07:12:11]   target 3825: crafted 2000 poisons in 2191 s, obj=0.48791
[2026-08-26 07:12:11]   target 3825: realized linf = 0.03137 (8.00/255), budget = 8.00/255
[2026-08-26 07:13:01]   [t3825 v1/5] fail (pred=airplane) CTA=0.8042
[2026-08-26 07:13:51]   [t3825 v2/5] fail (pred=airplane) CTA=0.8028
[2026-08-26 07:14:42]   [t3825 v3/5] fail (pred=airplane) CTA=0.8064
[2026-08-26 07:15:32]   [t3825 v4/5] fail (pred=airplane) CTA=0.8052
[2026-08-26 07:16:22]   [t3825 v5/5] fail (pred=airplane) CTA=0.8022
[2026-08-26 07:16:22]   target 3825, 5 victims on this gpu: ASR=0.0% CTA=0.8042 +/- 0.0015
[2026-08-26 07:16:22] === target 1796 (6/8) ===
[2026-08-26 07:52:58]   target 1796: crafted 2000 poisons in 2190 s, obj=0.27755
[2026-08-26 07:52:58]   target 1796: realized linf = 0.03137 (8.00/255), budget = 8.00/255
[2026-08-26 07:53:48]   [t1796 v1/5] SUCCESS (pred=frog) CTA=0.7939
[2026-08-26 07:54:39]   [t1796 v2/5] SUCCESS (pred=frog) CTA=0.7991
[2026-08-26 07:55:29]   [t1796 v3/5] SUCCESS (pred=frog) CTA=0.7950
[2026-08-26 07:56:19]   [t1796 v4/5] fail (pred=airplane) CTA=0.7938
[2026-08-26 07:57:09]   [t1796 v5/5] SUCCESS (pred=frog) CTA=0.7984
[2026-08-26 07:57:09]   target 1796, 5 victims on this gpu: ASR=80.0% CTA=0.7960 +/- 0.0023
[2026-08-26 07:57:09] === target 2548 (7/8) ===
[2026-08-26 08:33:39]   target 2548: crafted 2000 poisons in 2183 s, obj=0.23674
[2026-08-26 08:33:39]   target 2548: realized linf = 0.03137 (8.00/255), budget = 8.00/255
[2026-08-26 08:34:29]   [t2548 v1/5] SUCCESS (pred=frog) CTA=0.7902
[2026-08-26 08:35:20]   [t2548 v2/5] SUCCESS (pred=frog) CTA=0.7802
[2026-08-26 08:36:10]   [t2548 v3/5] SUCCESS (pred=frog) CTA=0.7870
[2026-08-26 08:37:00]   [t2548 v4/5] SUCCESS (pred=frog) CTA=0.8056
[2026-08-26 08:37:51]   [t2548 v5/5] SUCCESS (pred=frog) CTA=0.8062
[2026-08-26 08:37:51]   target 2548, 5 victims on this gpu: ASR=100.0% CTA=0.7938 +/- 0.0104
[2026-08-26 08:37:51] === target 6437 (8/8) ===
[2026-08-26 09:14:22]   target 6437: crafted 2000 poisons in 2185 s, obj=0.28754
[2026-08-26 09:14:22]   target 6437: realized linf = 0.03137 (8.00/255), budget = 8.00/255
[2026-08-26 09:15:12]   [t6437 v1/5] fail (pred=airplane) CTA=0.7956
[2026-08-26 09:16:03]   [t6437 v2/5] fail (pred=deer) CTA=0.7936
[2026-08-26 09:16:53]   [t6437 v3/5] fail (pred=airplane) CTA=0.8071
[2026-08-26 09:17:43]   [t6437 v4/5] fail (pred=airplane) CTA=0.8105
[2026-08-26 09:18:34]   [t6437 v5/5] SUCCESS (pred=frog) CTA=0.8004
[2026-08-26 09:18:34]   target 6437, 5 victims on this gpu: ASR=20.0% CTA=0.8014 +/- 0.0065
[2026-08-26 09:18:34] ==== CIFAR10_ConvNetBN_gradmatch_ours_frog-airplane_b0.04_eps8_seed42_lam1_cosine_jacw1_ce5_tgt35 : ASR = 55.0% +/- 34.3% | CTA = 0.7963 (baseline 0.8105) ====
[2026-08-26 09:18:34]   target-prediction tally ['airplane', 'automobile', 'bird', 'cat', 'deer', 'dog', 'frog', 'horse', 'ship', 'truck']: [15, 0, 0, 0, 1, 1, 22, 1, 0, 0]

sync: preserving outputs in /home/mmoslem3/scratch/attack_if
sync: complete
