job: 5025868 attack_025_convnet_sapa_frog_airplane_b0_001_ours_j on kn067
work: /tmp/attack_if
config: USE_JACOBIAN_SCORE=1 JACOBIAN_WEIGHT=1.0 JACOBIAN_BATCH_SIZE=64 CLASS_PAIR="frog-airplane" MODEL="ConvNetBN" ATTACK="sapa" SHARP_MODE="worst" SHARP_SIGMA="0.05" BUDGETS=0.001 SELECT="ours" sh sel_dpp.sh
protocol: attack=8 targets x 5 victims; defense=7 targets x 5 victims
gpu: NVIDIA L40S
=== ours (plain greedy top-N_p by score) | ConvNetBN / sapa / frog-airplane | sharp worst sigma=0.05 ===
    targets: pinned from target_sets/ConvNetBN_gradmatch_frog-airplane.json (same 10 the random-base run attacked)
    difficulty label tgt35   craft flags: none
    Jacobian score enabled (weight=1.0, batch=64)
    budgets: 0.001

--- ours | ConvNetBN / sapa / frog-airplane | sharp worst sigma=0.05 | budget 0.001 ---
[2026-08-25 22:49:52] === run start: CIFAR10_ConvNetBN_sapa_ours_frog-airplane_b0.001_eps8_seed42_lam1_cosine_jacw1_worst0.05_ce5_tgt35 on cuda [0] ===
[2026-08-25 22:49:52] args: {"FORCE": false, "attack": "sapa", "base": "ours", "base_dist": "cosine", "base_topr": null, "budget": 0.001, "cache_dir": "/tmp/attack_if/cache", "class_pair": "frog-airplane", "clean_baseline": true, "craft_alpha": 0.0039216, "craft_aug": true, "craft_batch": 256, "craft_ensemble": 5, "craft_lowmem": false, "craft_schedule": false, "craft_steps": 250, "data_path": "/tmp/data", "dataset": "CIFAR10", "dsa_strategy": "color_crop_cutout_flip_scale_rotate", "epsilon": 0.0313725, "fast_gradmatch": false, "fc_mode": "sample", "fc_restarts": 1, "gpus": "all", "jacobian_batch_size": 64, "jacobian_weight": 1.0, "lambda_margin": 1.0, "model": "ConvNetBN", "no_resume": false, "num_poisons": 500, "num_surrogates": 20, "num_targets": 8, "num_victims": 5, "out_dir": "/tmp/attack_if/ours_result", "pair_order": "poison-target", "parallel_pretrain": true, "parallel_targets": true, "precompute_id": null, "precompute_only": false, "precompute_part": "both", "rank_on_victims": true, "recompute_deltas": false, "require_correct_target": false, "restarts": 8, "seed": 42, "sel_K": null, "sel_alpha": 1.0, "sel_criterion": null, "sel_dpp": false, "sel_filter": false, "sel_mmr": false, "sel_mode": null, "sel_model": null, "sel_mu": 1.0, "sel_pca": false, "sel_pool": 3.0, "sharp_mode": "worst", "sharp_samples": 20, "sharp_sigma": 0.05, "steal_timeout": 7200.0, "surrogate_aug": false, "surrogate_bs": 128, "surrogate_decay": [35, 45], "surrogate_epochs": 60, "surrogate_lr": 0.1, "surrogate_wd": 0.0, "target_idx_file": "target_sets/ConvNetBN_gradmatch_frog-airplane.json", "target_select": 35, "use_jacobian_score": true, "victim_aug": false, "victim_bs": 125, "victim_decay": [40], "victim_epochs": 50, "victim_lr": 0.1, "victim_wd": 0.0}
[2026-08-25 22:49:52] Jacobian score: enabled, weight=1, batch_size=64
[2026-08-25 22:49:52] N_total=50000 budget=0.001 -> N_p=50 poisons, y_adv=6(frog) target_class=0(airplane)
[2026-08-25 22:49:52] === surrogates (20 x ConvNetBN, trained on the full real set) ===
[2026-08-25 22:49:52]   crafting on 5/20 surrogates
[2026-08-25 22:49:52] === clean victims (5 x ConvNetBN) ===
[2026-08-25 22:49:53]   clean baseline CTA = 0.8105 +/- 0.0070
[2026-08-25 22:49:53]   target pool 1000 -> eligible 993 (7 already predicted as y_adv or dropped)
[2026-08-25 22:49:53]   chosen 8 targets (file), p_adv range 0.0000..0.0000
[2026-08-25 22:49:53]   targets: [496, 2087, 8941, 9820, 3825, 1796, 2548, 6437]
[2026-08-25 22:49:53]   merged 30 rows left behind by an interrupted run
[2026-08-25 22:49:53]   resume: 30 (target, victim) trials already done
[2026-08-25 22:49:53] === target 2548 (1/2) ===
[2026-08-25 22:49:54]   Jacobian score exact backend: torch.func JVP
[2026-08-25 22:50:59]   target 2548: crafted 50 poisons in 57 s, obj=0.27723
[2026-08-25 22:50:59]   target 2548: realized linf = 0.03137 (8.00/255), budget = 8.00/255
[2026-08-25 22:51:49]   [t2548 v1/5] fail (pred=airplane) CTA=0.7975
[2026-08-25 22:52:39]   [t2548 v2/5] fail (pred=airplane) CTA=0.7863
[2026-08-25 22:53:29]   [t2548 v3/5] fail (pred=airplane) CTA=0.7934
[2026-08-25 22:54:19]   [t2548 v4/5] fail (pred=airplane) CTA=0.8073
[2026-08-25 22:55:10]   [t2548 v5/5] SUCCESS (pred=frog) CTA=0.8004
[2026-08-25 22:55:10]   target 2548, 5 victims on this gpu: ASR=20.0% CTA=0.7970 +/- 0.0070
[2026-08-25 22:55:10] === target 6437 (2/2) ===
[2026-08-25 22:56:13]   target 6437: crafted 50 poisons in 56 s, obj=0.33304
[2026-08-25 22:56:13]   target 6437: realized linf = 0.03137 (8.00/255), budget = 8.00/255
[2026-08-25 22:57:04]   [t6437 v1/5] fail (pred=airplane) CTA=0.8058
[2026-08-25 22:57:54]   [t6437 v2/5] fail (pred=deer) CTA=0.8026
[2026-08-25 22:58:44]   [t6437 v3/5] fail (pred=airplane) CTA=0.8214
[2026-08-25 22:59:34]   [t6437 v4/5] fail (pred=deer) CTA=0.8069
[2026-08-25 23:00:24]   [t6437 v5/5] fail (pred=deer) CTA=0.8076
[2026-08-25 23:00:24]   target 6437, 5 victims on this gpu: ASR=0.0% CTA=0.8089 +/- 0.0065
[2026-08-25 23:00:24] ==== CIFAR10_ConvNetBN_sapa_ours_frog-airplane_b0.001_eps8_seed42_lam1_cosine_jacw1_worst0.05_ce5_tgt35 : ASR = 2.5% +/- 6.6% | CTA = 0.8017 (baseline 0.8105) ====
[2026-08-25 23:00:24]   target-prediction tally ['airplane', 'automobile', 'bird', 'cat', 'deer', 'dog', 'frog', 'horse', 'ship', 'truck']: [6, 0, 0, 0, 3, 0, 1, 0, 0, 0]

sync: preserving outputs in /home/mmoslem3/scratch/attack_if
sync: complete
