stage: optional directory absent: /home/mmoslem3/scratch/attack_if/ours_result/CIFAR10_ResNet20BN_sapa_ours_dog-bird_b0.002_eps8_seed42_lam1_cosine_worst0.05_ce5_tgt14
job: 5025887 attack_043_resnet20_sapa_dog_bird_b0_002_ours_std on kn070
work: /tmp/attack_if
config: USE_JACOBIAN_SCORE=0 CLASS_PAIR="dog-bird" MODEL="ResNet20BN" ATTACK="sapa" SHARP_MODE="worst" SHARP_SIGMA="0.05" BUDGETS=0.002 SELECT="ours" sh sel_dpp.sh
protocol: attack=8 targets x 5 victims; defense=7 targets x 5 victims
gpu: NVIDIA L40S
=== ours (plain greedy top-N_p by score) | ResNet20BN / sapa / dog-bird | sharp worst sigma=0.05 ===
    targets: pinned from target_sets/ResNet20BN_gradmatch_dog-bird.json (same 10 the random-base run attacked)
    difficulty label tgt14   craft flags: none
    Jacobian score disabled
    budgets: 0.002

--- ours | ResNet20BN / sapa / dog-bird | sharp worst sigma=0.05 | budget 0.002 ---
[2026-08-26 03:05:47] === run start: CIFAR10_ResNet20BN_sapa_ours_dog-bird_b0.002_eps8_seed42_lam1_cosine_worst0.05_ce5_tgt14 on cuda [0] ===
[2026-08-26 03:05:47] args: {"FORCE": false, "attack": "sapa", "base": "ours", "base_dist": "cosine", "base_topr": null, "budget": 0.002, "cache_dir": "/tmp/attack_if/cache", "class_pair": "dog-bird", "clean_baseline": true, "craft_alpha": 0.0039216, "craft_aug": true, "craft_batch": 256, "craft_ensemble": 5, "craft_lowmem": false, "craft_schedule": false, "craft_steps": 250, "data_path": "/tmp/data", "dataset": "CIFAR10", "dsa_strategy": "color_crop_cutout_flip_scale_rotate", "epsilon": 0.0313725, "fast_gradmatch": false, "fc_mode": "sample", "fc_restarts": 1, "gpus": "all", "jacobian_batch_size": 64, "jacobian_weight": 1.0, "lambda_margin": 1.0, "model": "ResNet20BN", "no_resume": false, "num_poisons": 500, "num_surrogates": 20, "num_targets": 8, "num_victims": 5, "out_dir": "/tmp/attack_if/ours_result", "pair_order": "poison-target", "parallel_pretrain": true, "parallel_targets": true, "precompute_id": null, "precompute_only": false, "precompute_part": "both", "rank_on_victims": true, "recompute_deltas": false, "require_correct_target": false, "restarts": 8, "seed": 42, "sel_K": null, "sel_alpha": 1.0, "sel_criterion": null, "sel_dpp": false, "sel_filter": false, "sel_mmr": false, "sel_mode": null, "sel_model": null, "sel_mu": 1.0, "sel_pca": false, "sel_pool": 3.0, "sharp_mode": "worst", "sharp_samples": 20, "sharp_sigma": 0.05, "steal_timeout": 7200.0, "surrogate_aug": false, "surrogate_bs": 128, "surrogate_decay": [35, 45], "surrogate_epochs": 60, "surrogate_lr": 0.1, "surrogate_wd": 0.0, "target_idx_file": "target_sets/ResNet20BN_gradmatch_dog-bird.json", "target_select": 14, "use_jacobian_score": false, "victim_aug": false, "victim_bs": 125, "victim_decay": [40], "victim_epochs": 50, "victim_lr": 0.1, "victim_wd": 0.0}
[2026-08-26 03:05:47] Jacobian score: disabled
[2026-08-26 03:05:47] N_total=50000 budget=0.002 -> N_p=100 poisons, y_adv=5(dog) target_class=2(bird)
[2026-08-26 03:05:47] === surrogates (20 x ResNet20BN, trained on the full real set) ===
[2026-08-26 03:05:48]   crafting on 5/20 surrogates
[2026-08-26 03:05:48] === clean victims (5 x ResNet20BN) ===
[2026-08-26 03:05:49]   clean baseline CTA = 0.8401 +/- 0.0030
[2026-08-26 03:05:49]   target pool 1000 -> eligible 973 (27 already predicted as y_adv or dropped)
[2026-08-26 03:05:49]   chosen 8 targets (file), p_adv range 0.0001..0.0214
[2026-08-26 03:05:49]   targets: [5118, 8740, 5324, 4630, 833, 2065, 7056, 9059]
[2026-08-26 03:05:49] === target 5118 (1/8) ===
[2026-08-26 03:10:32]   target 5118: crafted 100 poisons in 281 s, obj=0.22652
[2026-08-26 03:10:32]   target 5118: realized linf = 0.03137 (8.00/255), budget = 8.00/255
[2026-08-26 03:13:05]   [t5118 v1/5] SUCCESS (pred=dog) CTA=0.8367
[2026-08-26 03:15:38]   [t5118 v2/5] fail (pred=bird) CTA=0.8426
[2026-08-26 03:17:53]   [t5118 v3/5] SUCCESS (pred=dog) CTA=0.8396
[2026-08-26 03:20:07]   [t5118 v4/5] SUCCESS (pred=dog) CTA=0.8402
[2026-08-26 03:22:48]   [t5118 v5/5] SUCCESS (pred=dog) CTA=0.8432
[2026-08-26 03:22:48]   target 5118, 5 victims on this gpu: ASR=80.0% CTA=0.8405 +/- 0.0023
[2026-08-26 03:22:48] === target 8740 (2/8) ===
[2026-08-26 03:27:35]   target 8740: crafted 100 poisons in 285 s, obj=0.19359
[2026-08-26 03:27:35]   target 8740: realized linf = 0.03137 (8.00/255), budget = 8.00/255
[2026-08-26 03:30:20]   [t8740 v1/5] fail (pred=bird) CTA=0.8356
[2026-08-26 03:32:32]   [t8740 v2/5] SUCCESS (pred=dog) CTA=0.8375
[2026-08-26 03:34:49]   [t8740 v3/5] SUCCESS (pred=dog) CTA=0.8327
[2026-08-26 03:37:24]   [t8740 v4/5] SUCCESS (pred=dog) CTA=0.8377
[2026-08-26 03:39:58]   [t8740 v5/5] fail (pred=bird) CTA=0.8439
[2026-08-26 03:39:58]   target 8740, 5 victims on this gpu: ASR=60.0% CTA=0.8375 +/- 0.0037
[2026-08-26 03:39:58] === target 5324 (3/8) ===
[2026-08-26 03:44:39]   target 5324: crafted 100 poisons in 280 s, obj=0.19390
[2026-08-26 03:44:39]   target 5324: realized linf = 0.03137 (8.00/255), budget = 8.00/255
[2026-08-26 03:47:14]   [t5324 v1/5] fail (pred=ship) CTA=0.8402
[2026-08-26 03:49:48]   [t5324 v2/5] fail (pred=cat) CTA=0.8308
[2026-08-26 03:52:20]   [t5324 v3/5] fail (pred=truck) CTA=0.8409
[2026-08-26 03:54:28]   [t5324 v4/5] SUCCESS (pred=dog) CTA=0.8326
[2026-08-26 03:56:50]   [t5324 v5/5] fail (pred=deer) CTA=0.8428
[2026-08-26 03:56:50]   target 5324, 5 victims on this gpu: ASR=20.0% CTA=0.8375 +/- 0.0048
[2026-08-26 03:56:50] === target 4630 (4/8) ===
[2026-08-26 04:01:32]   target 4630: crafted 100 poisons in 281 s, obj=0.18790
[2026-08-26 04:01:32]   target 4630: realized linf = 0.03137 (8.00/255), budget = 8.00/255
[2026-08-26 04:04:08]   [t4630 v1/5] SUCCESS (pred=dog) CTA=0.8311
[2026-08-26 04:06:43]   [t4630 v2/5] SUCCESS (pred=dog) CTA=0.8424
[2026-08-26 04:09:18]   [t4630 v3/5] SUCCESS (pred=dog) CTA=0.8356
[2026-08-26 04:11:54]   [t4630 v4/5] SUCCESS (pred=dog) CTA=0.8338
[2026-08-26 04:14:08]   [t4630 v5/5] fail (pred=bird) CTA=0.8373
[2026-08-26 04:14:08]   target 4630, 5 victims on this gpu: ASR=80.0% CTA=0.8360 +/- 0.0038
[2026-08-26 04:14:08] === target 833 (5/8) ===
[2026-08-26 04:18:43]   target 833: crafted 100 poisons in 274 s, obj=0.19312
[2026-08-26 04:18:43]   target 833: realized linf = 0.03137 (8.00/255), budget = 8.00/255
[2026-08-26 04:21:16]   [t833 v1/5] fail (pred=bird) CTA=0.8374
[2026-08-26 04:23:47]   [t833 v2/5] SUCCESS (pred=dog) CTA=0.8331
[2026-08-26 04:26:18]   [t833 v3/5] fail (pred=bird) CTA=0.8436
[2026-08-26 04:28:50]   [t833 v4/5] fail (pred=cat) CTA=0.8380
[2026-08-26 04:31:22]   [t833 v5/5] fail (pred=bird) CTA=0.8332
[2026-08-26 04:31:22]   target 833, 5 victims on this gpu: ASR=20.0% CTA=0.8371 +/- 0.0039
[2026-08-26 04:31:22] === target 2065 (6/8) ===
[2026-08-26 04:36:03]   target 2065: crafted 100 poisons in 279 s, obj=0.19878
[2026-08-26 04:36:03]   target 2065: realized linf = 0.03137 (8.00/255), budget = 8.00/255
[2026-08-26 04:38:16]   [t2065 v1/5] SUCCESS (pred=dog) CTA=0.8343
[2026-08-26 04:40:24]   [t2065 v2/5] SUCCESS (pred=dog) CTA=0.8348
[2026-08-26 04:42:46]   [t2065 v3/5] SUCCESS (pred=dog) CTA=0.8322
[2026-08-26 04:45:07]   [t2065 v4/5] SUCCESS (pred=dog) CTA=0.8349
[2026-08-26 04:47:30]   [t2065 v5/5] SUCCESS (pred=dog) CTA=0.8394
[2026-08-26 04:47:30]   target 2065, 5 victims on this gpu: ASR=100.0% CTA=0.8351 +/- 0.0024
[2026-08-26 04:47:30] === target 7056 (7/8) ===
[2026-08-26 04:52:03]   target 7056: crafted 100 poisons in 273 s, obj=0.23741
[2026-08-26 04:52:03]   target 7056: realized linf = 0.03137 (8.00/255), budget = 8.00/255
[2026-08-26 04:54:25]   [t7056 v1/5] fail (pred=cat) CTA=0.8416
[2026-08-26 04:56:47]   [t7056 v2/5] fail (pred=bird) CTA=0.8353
[2026-08-26 04:59:08]   [t7056 v3/5] fail (pred=bird) CTA=0.8412
[2026-08-26 05:01:29]   [t7056 v4/5] fail (pred=bird) CTA=0.8411
[2026-08-26 05:03:50]   [t7056 v5/5] fail (pred=bird) CTA=0.8387
[2026-08-26 05:03:50]   target 7056, 5 victims on this gpu: ASR=0.0% CTA=0.8396 +/- 0.0024
[2026-08-26 05:03:50] === target 9059 (8/8) ===
[2026-08-26 05:08:23]   target 9059: crafted 100 poisons in 272 s, obj=0.22310
[2026-08-26 05:08:24]   target 9059: realized linf = 0.03137 (8.00/255), budget = 8.00/255
[2026-08-26 05:10:47]   [t9059 v1/5] SUCCESS (pred=dog) CTA=0.8394
[2026-08-26 05:13:09]   [t9059 v2/5] fail (pred=bird) CTA=0.8375
[2026-08-26 05:15:30]   [t9059 v3/5] fail (pred=bird) CTA=0.8436
[2026-08-26 05:17:51]   [t9059 v4/5] SUCCESS (pred=dog) CTA=0.8340
[2026-08-26 05:20:12]   [t9059 v5/5] SUCCESS (pred=dog) CTA=0.8395
[2026-08-26 05:20:12]   target 9059, 5 victims on this gpu: ASR=60.0% CTA=0.8388 +/- 0.0031
[2026-08-26 05:20:12] ==== CIFAR10_ResNet20BN_sapa_ours_dog-bird_b0.002_eps8_seed42_lam1_cosine_worst0.05_ce5_tgt14 : ASR = 52.5% +/- 33.1% | CTA = 0.8378 (baseline 0.8401) ====
[2026-08-26 05:20:12]   target-prediction tally ['airplane', 'automobile', 'bird', 'cat', 'deer', 'dog', 'frog', 'horse', 'ship', 'truck']: [0, 0, 13, 3, 1, 21, 0, 0, 1, 1]

sync: preserving outputs in /home/mmoslem3/scratch/attack_if
sync: complete
