stage: optional directory absent: /home/mmoslem3/scratch/attack_if/ours_result/CIFAR10_ConvNetBN_sapa_ours_frog-airplane_b0.02_eps8_seed42_lam1_cosine_jacw1_worst0.05_ce5_tgt35
job: 5025869 attack_026_convnet_sapa_frog_airplane_b0_02_ours_j on kn076
work: /tmp/attack_if
config: USE_JACOBIAN_SCORE=1 JACOBIAN_WEIGHT=1.0 JACOBIAN_BATCH_SIZE=64 CLASS_PAIR="frog-airplane" MODEL="ConvNetBN" ATTACK="sapa" SHARP_MODE="worst" SHARP_SIGMA="0.05" BUDGETS=0.02 SELECT="ours" sh sel_dpp.sh
protocol: attack=8 targets x 5 victims; defense=7 targets x 5 victims
gpu: NVIDIA L40S
=== ours (plain greedy top-N_p by score) | ConvNetBN / sapa / frog-airplane | sharp worst sigma=0.05 ===
    targets: pinned from target_sets/ConvNetBN_gradmatch_frog-airplane.json (same 10 the random-base run attacked)
    difficulty label tgt35   craft flags: none
    Jacobian score enabled (weight=1.0, batch=64)
    budgets: 0.02

--- ours | ConvNetBN / sapa / frog-airplane | sharp worst sigma=0.05 | budget 0.02 ---
[2026-08-26 02:55:46] === run start: CIFAR10_ConvNetBN_sapa_ours_frog-airplane_b0.02_eps8_seed42_lam1_cosine_jacw1_worst0.05_ce5_tgt35 on cuda [0] ===
[2026-08-26 02:55:46] args: {"FORCE": false, "attack": "sapa", "base": "ours", "base_dist": "cosine", "base_topr": null, "budget": 0.02, "cache_dir": "/tmp/attack_if/cache", "class_pair": "frog-airplane", "clean_baseline": true, "craft_alpha": 0.0039216, "craft_aug": true, "craft_batch": 256, "craft_ensemble": 5, "craft_lowmem": false, "craft_schedule": false, "craft_steps": 250, "data_path": "/tmp/data", "dataset": "CIFAR10", "dsa_strategy": "color_crop_cutout_flip_scale_rotate", "epsilon": 0.0313725, "fast_gradmatch": false, "fc_mode": "sample", "fc_restarts": 1, "gpus": "all", "jacobian_batch_size": 64, "jacobian_weight": 1.0, "lambda_margin": 1.0, "model": "ConvNetBN", "no_resume": false, "num_poisons": 500, "num_surrogates": 20, "num_targets": 8, "num_victims": 5, "out_dir": "/tmp/attack_if/ours_result", "pair_order": "poison-target", "parallel_pretrain": true, "parallel_targets": true, "precompute_id": null, "precompute_only": false, "precompute_part": "both", "rank_on_victims": true, "recompute_deltas": false, "require_correct_target": false, "restarts": 8, "seed": 42, "sel_K": null, "sel_alpha": 1.0, "sel_criterion": null, "sel_dpp": false, "sel_filter": false, "sel_mmr": false, "sel_mode": null, "sel_model": null, "sel_mu": 1.0, "sel_pca": false, "sel_pool": 3.0, "sharp_mode": "worst", "sharp_samples": 20, "sharp_sigma": 0.05, "steal_timeout": 7200.0, "surrogate_aug": false, "surrogate_bs": 128, "surrogate_decay": [35, 45], "surrogate_epochs": 60, "surrogate_lr": 0.1, "surrogate_wd": 0.0, "target_idx_file": "target_sets/ConvNetBN_gradmatch_frog-airplane.json", "target_select": 35, "use_jacobian_score": true, "victim_aug": false, "victim_bs": 125, "victim_decay": [40], "victim_epochs": 50, "victim_lr": 0.1, "victim_wd": 0.0}
[2026-08-26 02:55:46] Jacobian score: enabled, weight=1, batch_size=64
[2026-08-26 02:55:46] N_total=50000 budget=0.02 -> N_p=1000 poisons, y_adv=6(frog) target_class=0(airplane)
[2026-08-26 02:55:46] === surrogates (20 x ConvNetBN, trained on the full real set) ===
[2026-08-26 02:55:47]   crafting on 5/20 surrogates
[2026-08-26 02:55:47] === clean victims (5 x ConvNetBN) ===
[2026-08-26 02:55:47]   clean baseline CTA = 0.8105 +/- 0.0070
[2026-08-26 02:55:47]   target pool 1000 -> eligible 993 (7 already predicted as y_adv or dropped)
[2026-08-26 02:55:47]   chosen 8 targets (file), p_adv range 0.0000..0.0000
[2026-08-26 02:55:47]   targets: [496, 2087, 8941, 9820, 3825, 1796, 2548, 6437]
[2026-08-26 02:55:47] === target 496 (1/8) ===
[2026-08-26 02:55:48]   Jacobian score exact backend: torch.func JVP
[2026-08-26 03:13:56]   target 496: crafted 1000 poisons in 1082 s, obj=0.24571
[2026-08-26 03:13:56]   target 496: realized linf = 0.03137 (8.00/255), budget = 8.00/255
[2026-08-26 03:14:47]   [t496 v1/5] SUCCESS (pred=frog) CTA=0.7993
[2026-08-26 03:15:37]   [t496 v2/5] fail (pred=airplane) CTA=0.8001
[2026-08-26 03:16:27]   [t496 v3/5] fail (pred=airplane) CTA=0.8037
[2026-08-26 03:17:17]   [t496 v4/5] fail (pred=airplane) CTA=0.8022
[2026-08-26 03:18:07]   [t496 v5/5] SUCCESS (pred=frog) CTA=0.8089
[2026-08-26 03:18:07]   target 496, 5 victims on this gpu: ASR=40.0% CTA=0.8028 +/- 0.0034
[2026-08-26 03:18:07] === target 2087 (2/8) ===
[2026-08-26 03:36:09]   target 2087: crafted 1000 poisons in 1076 s, obj=0.25820
[2026-08-26 03:36:09]   target 2087: realized linf = 0.03137 (8.00/255), budget = 8.00/255
[2026-08-26 03:37:01]   [t2087 v1/5] fail (pred=airplane) CTA=0.8076
[2026-08-26 03:37:51]   [t2087 v2/5] fail (pred=airplane) CTA=0.8011
[2026-08-26 03:38:42]   [t2087 v3/5] fail (pred=airplane) CTA=0.8013
[2026-08-26 03:39:32]   [t2087 v4/5] fail (pred=airplane) CTA=0.8056
[2026-08-26 03:40:22]   [t2087 v5/5] fail (pred=airplane) CTA=0.7931
[2026-08-26 03:40:22]   target 2087, 5 victims on this gpu: ASR=0.0% CTA=0.8017 +/- 0.0050
[2026-08-26 03:40:22] === target 8941 (3/8) ===
[2026-08-26 03:58:30]   target 8941: crafted 1000 poisons in 1081 s, obj=0.31924
[2026-08-26 03:58:30]   target 8941: realized linf = 0.03137 (8.00/255), budget = 8.00/255
[2026-08-26 03:59:21]   [t8941 v1/5] SUCCESS (pred=frog) CTA=0.8039
[2026-08-26 04:00:11]   [t8941 v2/5] fail (pred=cat) CTA=0.7404
[2026-08-26 04:01:02]   [t8941 v3/5] SUCCESS (pred=frog) CTA=0.8042
[2026-08-26 04:01:52]   [t8941 v4/5] fail (pred=horse) CTA=0.8108
[2026-08-26 04:02:42]   [t8941 v5/5] SUCCESS (pred=frog) CTA=0.8013
[2026-08-26 04:02:42]   target 8941, 5 victims on this gpu: ASR=60.0% CTA=0.7921 +/- 0.0260
[2026-08-26 04:02:42] === target 9820 (4/8) ===
[2026-08-26 04:20:45]   target 9820: crafted 1000 poisons in 1076 s, obj=0.27240
[2026-08-26 04:20:45]   target 9820: realized linf = 0.03137 (8.00/255), budget = 8.00/255
[2026-08-26 04:21:36]   [t9820 v1/5] SUCCESS (pred=frog) CTA=0.7891
[2026-08-26 04:22:26]   [t9820 v2/5] fail (pred=ship) CTA=0.7993
[2026-08-26 04:23:17]   [t9820 v3/5] fail (pred=airplane) CTA=0.8059
[2026-08-26 04:24:07]   [t9820 v4/5] fail (pred=airplane) CTA=0.8069
[2026-08-26 04:24:57]   [t9820 v5/5] SUCCESS (pred=frog) CTA=0.8171
[2026-08-26 04:24:57]   target 9820, 5 victims on this gpu: ASR=40.0% CTA=0.8037 +/- 0.0092
[2026-08-26 04:24:57] === target 3825 (5/8) ===
[2026-08-26 04:43:03]   target 3825: crafted 1000 poisons in 1079 s, obj=0.49301
[2026-08-26 04:43:03]   target 3825: realized linf = 0.03137 (8.00/255), budget = 8.00/255
[2026-08-26 04:43:54]   [t3825 v1/5] fail (pred=airplane) CTA=0.8016
[2026-08-26 04:44:45]   [t3825 v2/5] fail (pred=airplane) CTA=0.8074
[2026-08-26 04:45:35]   [t3825 v3/5] fail (pred=airplane) CTA=0.8041
[2026-08-26 04:46:25]   [t3825 v4/5] fail (pred=airplane) CTA=0.8076
[2026-08-26 04:47:16]   [t3825 v5/5] fail (pred=airplane) CTA=0.8004
[2026-08-26 04:47:16]   target 3825, 5 victims on this gpu: ASR=0.0% CTA=0.8042 +/- 0.0029
[2026-08-26 04:47:16] === target 1796 (6/8) ===
[2026-08-26 05:05:21]   target 1796: crafted 1000 poisons in 1079 s, obj=0.27459
[2026-08-26 05:05:21]   target 1796: realized linf = 0.03137 (8.00/255), budget = 8.00/255
[2026-08-26 05:06:12]   [t1796 v1/5] fail (pred=airplane) CTA=0.8057
[2026-08-26 05:07:03]   [t1796 v2/5] fail (pred=airplane) CTA=0.8086
[2026-08-26 05:07:53]   [t1796 v3/5] SUCCESS (pred=frog) CTA=0.8018
[2026-08-26 05:08:43]   [t1796 v4/5] fail (pred=airplane) CTA=0.7952
[2026-08-26 05:09:34]   [t1796 v5/5] SUCCESS (pred=frog) CTA=0.8025
[2026-08-26 05:09:34]   target 1796, 5 victims on this gpu: ASR=40.0% CTA=0.8028 +/- 0.0045
[2026-08-26 05:09:34] === target 2548 (7/8) ===
[2026-08-26 05:27:34]   target 2548: crafted 1000 poisons in 1074 s, obj=0.23829
[2026-08-26 05:27:34]   target 2548: realized linf = 0.03137 (8.00/255), budget = 8.00/255
[2026-08-26 05:28:25]   [t2548 v1/5] SUCCESS (pred=frog) CTA=0.7925
[2026-08-26 05:29:16]   [t2548 v2/5] SUCCESS (pred=frog) CTA=0.7875
[2026-08-26 05:30:06]   [t2548 v3/5] SUCCESS (pred=frog) CTA=0.7913
[2026-08-26 05:30:57]   [t2548 v4/5] SUCCESS (pred=frog) CTA=0.8080
[2026-08-26 05:31:47]   [t2548 v5/5] SUCCESS (pred=frog) CTA=0.8080
[2026-08-26 05:31:47]   target 2548, 5 victims on this gpu: ASR=100.0% CTA=0.7975 +/- 0.0088
[2026-08-26 05:31:47] === target 6437 (8/8) ===
[2026-08-26 05:49:53]   target 6437: crafted 1000 poisons in 1080 s, obj=0.28396
[2026-08-26 05:49:53]   target 6437: realized linf = 0.03137 (8.00/255), budget = 8.00/255
[2026-08-26 05:50:45]   [t6437 v1/5] fail (pred=airplane) CTA=0.7973
[2026-08-26 05:51:35]   [t6437 v2/5] fail (pred=airplane) CTA=0.7944
[2026-08-26 05:52:33]   [t6437 v3/5] fail (pred=deer) CTA=0.8128
[2026-08-26 05:53:24]   [t6437 v4/5] fail (pred=deer) CTA=0.8093
[2026-08-26 05:54:14]   [t6437 v5/5] fail (pred=airplane) CTA=0.8022
[2026-08-26 05:54:14]   target 6437, 5 victims on this gpu: ASR=0.0% CTA=0.8032 +/- 0.0070
[2026-08-26 05:54:14] ==== CIFAR10_ConvNetBN_sapa_ours_frog-airplane_b0.02_eps8_seed42_lam1_cosine_jacw1_worst0.05_ce5_tgt35 : ASR = 35.0% +/- 32.8% | CTA = 0.8010 (baseline 0.8105) ====
[2026-08-26 05:54:14]   target-prediction tally ['airplane', 'automobile', 'bird', 'cat', 'deer', 'dog', 'frog', 'horse', 'ship', 'truck']: [21, 0, 0, 1, 2, 0, 14, 1, 1, 0]

sync: preserving outputs in /home/mmoslem3/scratch/attack_if
sync: complete
