stage: optional directory absent: /home/mmoslem3/scratch/attack_if/ours_result/CIFAR10_ResNet20BN_sapa_ours_dog-bird_b0.001_eps8_seed42_lam1_cosine_jacw1_worst0.05_ce5_tgt14
job: 5025890 attack_046_resnet20_sapa_dog_bird_b0_001_ours_j on kn062
work: /tmp/attack_if
config: USE_JACOBIAN_SCORE=1 JACOBIAN_WEIGHT=1.0 JACOBIAN_BATCH_SIZE=64 CLASS_PAIR="dog-bird" MODEL="ResNet20BN" ATTACK="sapa" SHARP_MODE="worst" SHARP_SIGMA="0.05" BUDGETS=0.001 SELECT="ours" sh sel_dpp.sh
protocol: attack=8 targets x 5 victims; defense=7 targets x 5 victims
gpu: NVIDIA L40S
=== ours (plain greedy top-N_p by score) | ResNet20BN / sapa / dog-bird | sharp worst sigma=0.05 ===
    targets: pinned from target_sets/ResNet20BN_gradmatch_dog-bird.json (same 10 the random-base run attacked)
    difficulty label tgt14   craft flags: none
    Jacobian score enabled (weight=1.0, batch=64)
    budgets: 0.001

--- ours | ResNet20BN / sapa / dog-bird | sharp worst sigma=0.05 | budget 0.001 ---
[2026-08-26 03:14:40] === run start: CIFAR10_ResNet20BN_sapa_ours_dog-bird_b0.001_eps8_seed42_lam1_cosine_jacw1_worst0.05_ce5_tgt14 on cuda [0] ===
[2026-08-26 03:14:40] args: {"FORCE": false, "attack": "sapa", "base": "ours", "base_dist": "cosine", "base_topr": null, "budget": 0.001, "cache_dir": "/tmp/attack_if/cache", "class_pair": "dog-bird", "clean_baseline": true, "craft_alpha": 0.0039216, "craft_aug": true, "craft_batch": 256, "craft_ensemble": 5, "craft_lowmem": false, "craft_schedule": false, "craft_steps": 250, "data_path": "/tmp/data", "dataset": "CIFAR10", "dsa_strategy": "color_crop_cutout_flip_scale_rotate", "epsilon": 0.0313725, "fast_gradmatch": false, "fc_mode": "sample", "fc_restarts": 1, "gpus": "all", "jacobian_batch_size": 64, "jacobian_weight": 1.0, "lambda_margin": 1.0, "model": "ResNet20BN", "no_resume": false, "num_poisons": 500, "num_surrogates": 20, "num_targets": 8, "num_victims": 5, "out_dir": "/tmp/attack_if/ours_result", "pair_order": "poison-target", "parallel_pretrain": true, "parallel_targets": true, "precompute_id": null, "precompute_only": false, "precompute_part": "both", "rank_on_victims": true, "recompute_deltas": false, "require_correct_target": false, "restarts": 8, "seed": 42, "sel_K": null, "sel_alpha": 1.0, "sel_criterion": null, "sel_dpp": false, "sel_filter": false, "sel_mmr": false, "sel_mode": null, "sel_model": null, "sel_mu": 1.0, "sel_pca": false, "sel_pool": 3.0, "sharp_mode": "worst", "sharp_samples": 20, "sharp_sigma": 0.05, "steal_timeout": 7200.0, "surrogate_aug": false, "surrogate_bs": 128, "surrogate_decay": [35, 45], "surrogate_epochs": 60, "surrogate_lr": 0.1, "surrogate_wd": 0.0, "target_idx_file": "target_sets/ResNet20BN_gradmatch_dog-bird.json", "target_select": 14, "use_jacobian_score": true, "victim_aug": false, "victim_bs": 125, "victim_decay": [40], "victim_epochs": 50, "victim_lr": 0.1, "victim_wd": 0.0}
[2026-08-26 03:14:40] Jacobian score: enabled, weight=1, batch_size=64
[2026-08-26 03:14:40] N_total=50000 budget=0.001 -> N_p=50 poisons, y_adv=5(dog) target_class=2(bird)
[2026-08-26 03:14:40] === surrogates (20 x ResNet20BN, trained on the full real set) ===
[2026-08-26 03:14:41]   crafting on 5/20 surrogates
[2026-08-26 03:14:41] === clean victims (5 x ResNet20BN) ===
[2026-08-26 03:14:42]   clean baseline CTA = 0.8401 +/- 0.0030
[2026-08-26 03:14:42]   target pool 1000 -> eligible 973 (27 already predicted as y_adv or dropped)
[2026-08-26 03:14:42]   chosen 8 targets (file), p_adv range 0.0001..0.0214
[2026-08-26 03:14:42]   targets: [5118, 8740, 5324, 4630, 833, 2065, 7056, 9059]
[2026-08-26 03:14:42] === target 5118 (1/8) ===
[2026-08-26 03:14:44]   Jacobian score exact backend: torch.func JVP
[2026-08-26 03:18:37]   target 5118: crafted 50 poisons in 211 s, obj=0.23533
[2026-08-26 03:18:37]   target 5118: realized linf = 0.03137 (8.00/255), budget = 8.00/255
[2026-08-26 03:20:58]   [t5118 v1/5] SUCCESS (pred=dog) CTA=0.8416
[2026-08-26 03:23:18]   [t5118 v2/5] SUCCESS (pred=dog) CTA=0.8392
[2026-08-26 03:25:37]   [t5118 v3/5] fail (pred=bird) CTA=0.8327
[2026-08-26 03:27:57]   [t5118 v4/5] fail (pred=bird) CTA=0.8371
[2026-08-26 03:30:18]   [t5118 v5/5] fail (pred=bird) CTA=0.8377
[2026-08-26 03:30:18]   target 5118, 5 victims on this gpu: ASR=40.0% CTA=0.8377 +/- 0.0029
[2026-08-26 03:30:18] === target 8740 (2/8) ===
[2026-08-26 03:34:08]   target 8740: crafted 50 poisons in 207 s, obj=0.19603
[2026-08-26 03:34:08]   target 8740: realized linf = 0.03137 (8.00/255), budget = 8.00/255
[2026-08-26 03:36:30]   [t8740 v1/5] SUCCESS (pred=dog) CTA=0.8388
[2026-08-26 03:38:53]   [t8740 v2/5] SUCCESS (pred=dog) CTA=0.8355
[2026-08-26 03:41:16]   [t8740 v3/5] fail (pred=bird) CTA=0.8388
[2026-08-26 03:43:35]   [t8740 v4/5] fail (pred=cat) CTA=0.8384
[2026-08-26 03:45:58]   [t8740 v5/5] fail (pred=bird) CTA=0.8428
[2026-08-26 03:45:58]   target 8740, 5 victims on this gpu: ASR=40.0% CTA=0.8389 +/- 0.0023
[2026-08-26 03:45:58] === target 5324 (3/8) ===
[2026-08-26 03:49:51]   target 5324: crafted 50 poisons in 210 s, obj=0.19779
[2026-08-26 03:49:51]   target 5324: realized linf = 0.03137 (8.00/255), budget = 8.00/255
[2026-08-26 03:52:11]   [t5324 v1/5] fail (pred=ship) CTA=0.8388
[2026-08-26 03:54:29]   [t5324 v2/5] fail (pred=truck) CTA=0.8255
[2026-08-26 03:56:50]   [t5324 v3/5] fail (pred=ship) CTA=0.8319
[2026-08-26 03:59:11]   [t5324 v4/5] fail (pred=cat) CTA=0.8308
[2026-08-26 04:01:32]   [t5324 v5/5] fail (pred=ship) CTA=0.8387
[2026-08-26 04:01:32]   target 5324, 5 victims on this gpu: ASR=0.0% CTA=0.8331 +/- 0.0051
[2026-08-26 04:01:32] === target 4630 (4/8) ===
[2026-08-26 04:05:28]   target 4630: crafted 50 poisons in 212 s, obj=0.19159
[2026-08-26 04:05:28]   target 4630: realized linf = 0.03137 (8.00/255), budget = 8.00/255
[2026-08-26 04:07:48]   [t4630 v1/5] fail (pred=cat) CTA=0.8407
[2026-08-26 04:10:08]   [t4630 v2/5] fail (pred=frog) CTA=0.8369
[2026-08-26 04:12:27]   [t4630 v3/5] fail (pred=frog) CTA=0.8346
[2026-08-26 04:14:46]   [t4630 v4/5] SUCCESS (pred=dog) CTA=0.8395
[2026-08-26 04:17:08]   [t4630 v5/5] SUCCESS (pred=dog) CTA=0.8331
[2026-08-26 04:17:08]   target 4630, 5 victims on this gpu: ASR=40.0% CTA=0.8370 +/- 0.0029
[2026-08-26 04:17:08] === target 833 (5/8) ===
[2026-08-26 04:20:58]   target 833: crafted 50 poisons in 206 s, obj=0.20176
[2026-08-26 04:20:58]   target 833: realized linf = 0.03137 (8.00/255), budget = 8.00/255
[2026-08-26 04:23:13]   [t833 v1/5] SUCCESS (pred=dog) CTA=0.8417
[2026-08-26 04:25:27]   [t833 v2/5] SUCCESS (pred=dog) CTA=0.8416
[2026-08-26 04:27:42]   [t833 v3/5] fail (pred=cat) CTA=0.8401
[2026-08-26 04:29:57]   [t833 v4/5] fail (pred=bird) CTA=0.8392
[2026-08-26 04:32:07]   [t833 v5/5] SUCCESS (pred=dog) CTA=0.8335
[2026-08-26 04:32:07]   target 833, 5 victims on this gpu: ASR=60.0% CTA=0.8392 +/- 0.0030
[2026-08-26 04:32:07] === target 2065 (6/8) ===
[2026-08-26 04:35:51]   target 2065: crafted 50 poisons in 202 s, obj=0.20694
[2026-08-26 04:35:51]   target 2065: realized linf = 0.03137 (8.00/255), budget = 8.00/255
[2026-08-26 04:38:06]   [t2065 v1/5] SUCCESS (pred=dog) CTA=0.8437
[2026-08-26 04:40:19]   [t2065 v2/5] fail (pred=deer) CTA=0.8336
[2026-08-26 04:42:30]   [t2065 v3/5] SUCCESS (pred=dog) CTA=0.8374
[2026-08-26 04:44:41]   [t2065 v4/5] SUCCESS (pred=dog) CTA=0.8367
[2026-08-26 04:46:54]   [t2065 v5/5] SUCCESS (pred=dog) CTA=0.8347
[2026-08-26 04:46:54]   target 2065, 5 victims on this gpu: ASR=80.0% CTA=0.8372 +/- 0.0035
[2026-08-26 04:46:54] === target 7056 (7/8) ===
[2026-08-26 04:50:40]   target 7056: crafted 50 poisons in 203 s, obj=0.25077
[2026-08-26 04:50:40]   target 7056: realized linf = 0.03137 (8.00/255), budget = 8.00/255
[2026-08-26 04:52:54]   [t7056 v1/5] fail (pred=bird) CTA=0.8379
[2026-08-26 04:55:06]   [t7056 v2/5] fail (pred=bird) CTA=0.8366
[2026-08-26 04:57:18]   [t7056 v3/5] fail (pred=bird) CTA=0.8473
[2026-08-26 04:59:30]   [t7056 v4/5] fail (pred=bird) CTA=0.8337
[2026-08-26 05:01:44]   [t7056 v5/5] fail (pred=bird) CTA=0.8454
[2026-08-26 05:01:44]   target 7056, 5 victims on this gpu: ASR=0.0% CTA=0.8402 +/- 0.0053
[2026-08-26 05:01:44] === target 9059 (8/8) ===
[2026-08-26 05:05:30]   target 9059: crafted 50 poisons in 203 s, obj=0.23754
[2026-08-26 05:05:30]   target 9059: realized linf = 0.03137 (8.00/255), budget = 8.00/255
[2026-08-26 05:07:42]   [t9059 v1/5] SUCCESS (pred=dog) CTA=0.8431
[2026-08-26 05:09:54]   [t9059 v2/5] fail (pred=bird) CTA=0.8380
[2026-08-26 05:12:08]   [t9059 v3/5] fail (pred=bird) CTA=0.8378
[2026-08-26 05:14:22]   [t9059 v4/5] fail (pred=cat) CTA=0.8368
[2026-08-26 05:16:35]   [t9059 v5/5] SUCCESS (pred=dog) CTA=0.8387
[2026-08-26 05:16:35]   target 9059, 5 victims on this gpu: ASR=40.0% CTA=0.8389 +/- 0.0022
[2026-08-26 05:16:35] ==== CIFAR10_ResNet20BN_sapa_ours_dog-bird_b0.001_eps8_seed42_lam1_cosine_jacw1_worst0.05_ce5_tgt14 : ASR = 37.5% +/- 25.4% | CTA = 0.8378 (baseline 0.8401) ====
[2026-08-26 05:16:35]   target-prediction tally ['airplane', 'automobile', 'bird', 'cat', 'deer', 'dog', 'frog', 'horse', 'ship', 'truck']: [0, 0, 13, 5, 1, 15, 2, 0, 3, 1]

sync: preserving outputs in /home/mmoslem3/scratch/attack_if
sync: complete
