stage: optional directory absent: /home/mmoslem3/scratch/attack_if/ours_result/CIFAR10_VGG13BN_sapa_ours_frog-airplane_b0.001_eps8_seed42_lam1_cosine_seldpp2_jacw1_worst0.05_ce5_tgt12
job: 5025950 attack_103_vgg13_sapa_frog_airplane_b0_001_dpp_j on kn069
work: /tmp/attack_if
config: USE_JACOBIAN_SCORE=1 JACOBIAN_WEIGHT=1.0 JACOBIAN_BATCH_SIZE=64 CLASS_PAIR="frog-airplane" MODEL="VGG13BN" ATTACK="sapa" SHARP_MODE="worst" SHARP_SIGMA="0.05" BUDGETS=0.001 SELECT="dpp" SEL_ALPHA=2.0 sh sel_dpp.sh
protocol: attack=8 targets x 5 victims; defense=7 targets x 5 victims
gpu: NVIDIA L40S
=== dpp (alpha=2.0) | VGG13BN / sapa / frog-airplane | sharp worst sigma=0.05 ===
    targets: pinned from target_sets/VGG13BN_gradmatch_frog-airplane.json (same 10 the random-base run attacked)
    difficulty label tgt12   craft flags: --craft_lowmem --craft_batch 256 --fast_gradmatch
    Jacobian score enabled (weight=1.0, batch=64)
    budgets: 0.001

--- dpp | VGG13BN / sapa / frog-airplane | sharp worst sigma=0.05 | budget 0.001 ---
[2026-08-26 00:17:53] === run start: CIFAR10_VGG13BN_sapa_ours_frog-airplane_b0.001_eps8_seed42_lam1_cosine_seldpp2_jacw1_worst0.05_ce5_tgt12 on cuda [0] ===
[2026-08-26 00:17:53] args: {"FORCE": false, "attack": "sapa", "base": "ours", "base_dist": "cosine", "base_topr": null, "budget": 0.001, "cache_dir": "/tmp/attack_if/cache", "class_pair": "frog-airplane", "clean_baseline": true, "craft_alpha": 0.0039216, "craft_aug": true, "craft_batch": 256, "craft_ensemble": 5, "craft_lowmem": true, "craft_schedule": false, "craft_steps": 250, "data_path": "/tmp/data", "dataset": "CIFAR10", "dsa_strategy": "color_crop_cutout_flip_scale_rotate", "epsilon": 0.0313725, "fast_gradmatch": true, "fc_mode": "sample", "fc_restarts": 1, "gpus": "all", "jacobian_batch_size": 64, "jacobian_weight": 1.0, "lambda_margin": 1.0, "model": "VGG13BN", "no_resume": false, "num_poisons": 500, "num_surrogates": 20, "num_targets": 8, "num_victims": 5, "out_dir": "/tmp/attack_if/ours_result", "pair_order": "poison-target", "parallel_pretrain": true, "parallel_targets": true, "precompute_id": null, "precompute_only": false, "precompute_part": "both", "rank_on_victims": true, "recompute_deltas": false, "require_correct_target": false, "restarts": 8, "seed": 42, "sel_K": null, "sel_alpha": 2.0, "sel_criterion": null, "sel_dpp": true, "sel_filter": false, "sel_mmr": false, "sel_mode": "dpp", "sel_model": null, "sel_mu": 1.0, "sel_pca": false, "sel_pool": 3.0, "sharp_mode": "worst", "sharp_samples": 20, "sharp_sigma": 0.05, "steal_timeout": 7200.0, "surrogate_aug": false, "surrogate_bs": 128, "surrogate_decay": [35, 45], "surrogate_epochs": 60, "surrogate_lr": 0.1, "surrogate_wd": 0.0, "target_idx_file": "target_sets/VGG13BN_gradmatch_frog-airplane.json", "target_select": 12, "use_jacobian_score": true, "victim_aug": false, "victim_bs": 125, "victim_decay": [40], "victim_epochs": 50, "victim_lr": 0.1, "victim_wd": 0.0}
[2026-08-26 00:17:53] Jacobian score: enabled, weight=1, batch_size=64
[2026-08-26 00:17:53] N_total=50000 budget=0.001 -> N_p=50 poisons, y_adv=6(frog) target_class=0(airplane)
[2026-08-26 00:17:53] === surrogates (20 x VGG13BN, trained on the full real set) ===
[2026-08-26 00:17:54]   crafting on 5/20 surrogates
[2026-08-26 00:17:54] === clean victims (5 x VGG13BN) ===
[2026-08-26 00:17:56]   clean baseline CTA = 0.8451 +/- 0.0161
[2026-08-26 00:17:56]   target pool 1000 -> eligible 998 (2 already predicted as y_adv or dropped)
[2026-08-26 00:17:56]   chosen 8 targets (file), p_adv range 0.0000..0.0001
[2026-08-26 00:17:56]   targets: [2783, 2507, 6738, 5787, 7815, 5074, 7356, 8267]
[2026-08-26 00:17:56] === target 2783 (1/8) ===
[2026-08-26 00:17:58]   Jacobian score exact backend: torch.func JVP
[2026-08-26 00:20:27]   target 2783: crafted 50 poisons in 134 s, obj=0.26170
[2026-08-26 00:20:27]   target 2783: realized linf = 0.03137 (8.00/255), budget = 8.00/255
[2026-08-26 00:22:08]   [t2783 v1/5] SUCCESS (pred=frog) CTA=0.8393
[2026-08-26 00:23:49]   [t2783 v2/5] fail (pred=bird) CTA=0.8709
[2026-08-26 00:25:30]   [t2783 v3/5] fail (pred=airplane) CTA=0.8584
[2026-08-26 00:27:11]   [t2783 v4/5] fail (pred=cat) CTA=0.8347
[2026-08-26 00:28:53]   [t2783 v5/5] fail (pred=airplane) CTA=0.8432
[2026-08-26 00:28:53]   target 2783, 5 victims on this gpu: ASR=20.0% CTA=0.8493 +/- 0.0134
[2026-08-26 00:28:53] === target 2507 (2/8) ===
[2026-08-26 00:31:23]   target 2507: crafted 50 poisons in 134 s, obj=0.32954
[2026-08-26 00:31:23]   target 2507: realized linf = 0.03137 (8.00/255), budget = 8.00/255
[2026-08-26 00:33:07]   [t2507 v1/5] fail (pred=airplane) CTA=0.8568
[2026-08-26 00:34:47]   [t2507 v2/5] fail (pred=airplane) CTA=0.8452
[2026-08-26 00:36:29]   [t2507 v3/5] fail (pred=airplane) CTA=0.8431
[2026-08-26 00:38:10]   [t2507 v4/5] fail (pred=bird) CTA=0.8583
[2026-08-26 00:39:52]   [t2507 v5/5] fail (pred=airplane) CTA=0.8571
[2026-08-26 00:39:52]   target 2507, 5 victims on this gpu: ASR=0.0% CTA=0.8521 +/- 0.0065
[2026-08-26 00:39:52] === target 6738 (3/8) ===
[2026-08-26 00:42:21]   target 6738: crafted 50 poisons in 134 s, obj=0.39282
[2026-08-26 00:42:21]   target 6738: realized linf = 0.03137 (8.00/255), budget = 8.00/255
[2026-08-26 00:44:04]   [t6738 v1/5] fail (pred=airplane) CTA=0.8464
[2026-08-26 00:45:45]   [t6738 v2/5] fail (pred=airplane) CTA=0.8410
[2026-08-26 00:47:26]   [t6738 v3/5] fail (pred=airplane) CTA=0.8610
[2026-08-26 00:49:07]   [t6738 v4/5] fail (pred=airplane) CTA=0.8550
[2026-08-26 00:50:49]   [t6738 v5/5] fail (pred=airplane) CTA=0.8614
[2026-08-26 00:50:49]   target 6738, 5 victims on this gpu: ASR=0.0% CTA=0.8530 +/- 0.0081
[2026-08-26 00:50:49] === target 5787 (4/8) ===
[2026-08-26 00:53:18]   target 5787: crafted 50 poisons in 134 s, obj=0.35187
[2026-08-26 00:53:18]   target 5787: realized linf = 0.03137 (8.00/255), budget = 8.00/255
[2026-08-26 00:55:01]   [t5787 v1/5] fail (pred=cat) CTA=0.8545
[2026-08-26 00:56:43]   [t5787 v2/5] fail (pred=cat) CTA=0.8451
[2026-08-26 00:58:23]   [t5787 v3/5] fail (pred=airplane) CTA=0.8480
[2026-08-26 01:00:04]   [t5787 v4/5] fail (pred=cat) CTA=0.8627
[2026-08-26 01:01:45]   [t5787 v5/5] fail (pred=airplane) CTA=0.8606
[2026-08-26 01:01:45]   target 5787, 5 victims on this gpu: ASR=0.0% CTA=0.8542 +/- 0.0068
[2026-08-26 01:01:45] === target 7815 (5/8) ===
[2026-08-26 01:04:15]   target 7815: crafted 50 poisons in 134 s, obj=0.22277
[2026-08-26 01:04:15]   target 7815: realized linf = 0.03137 (8.00/255), budget = 8.00/255
[2026-08-26 01:05:59]   [t7815 v1/5] SUCCESS (pred=frog) CTA=0.8512
[2026-08-26 01:07:40]   [t7815 v2/5] SUCCESS (pred=frog) CTA=0.8603
[2026-08-26 01:09:21]   [t7815 v3/5] fail (pred=ship) CTA=0.8546
[2026-08-26 01:11:02]   [t7815 v4/5] fail (pred=ship) CTA=0.8607
[2026-08-26 01:12:43]   [t7815 v5/5] fail (pred=ship) CTA=0.8562
[2026-08-26 01:12:43]   target 7815, 5 victims on this gpu: ASR=40.0% CTA=0.8566 +/- 0.0036
[2026-08-26 01:12:43] === target 5074 (6/8) ===
[2026-08-26 01:15:13]   target 5074: crafted 50 poisons in 134 s, obj=0.26773
[2026-08-26 01:15:13]   target 5074: realized linf = 0.03137 (8.00/255), budget = 8.00/255
[2026-08-26 01:16:57]   [t5074 v1/5] SUCCESS (pred=frog) CTA=0.8381
[2026-08-26 01:18:37]   [t5074 v2/5] fail (pred=bird) CTA=0.8509
[2026-08-26 01:20:18]   [t5074 v3/5] SUCCESS (pred=frog) CTA=0.8525
[2026-08-26 01:21:59]   [t5074 v4/5] SUCCESS (pred=frog) CTA=0.8573
[2026-08-26 01:23:40]   [t5074 v5/5] fail (pred=bird) CTA=0.8529
[2026-08-26 01:23:40]   target 5074, 5 victims on this gpu: ASR=60.0% CTA=0.8503 +/- 0.0065
[2026-08-26 01:23:40] === target 7356 (7/8) ===
[2026-08-26 01:26:10]   target 7356: crafted 50 poisons in 134 s, obj=0.27054
[2026-08-26 01:26:10]   target 7356: realized linf = 0.03137 (8.00/255), budget = 8.00/255
[2026-08-26 01:27:54]   [t7356 v1/5] fail (pred=airplane) CTA=0.8631
[2026-08-26 01:29:35]   [t7356 v2/5] SUCCESS (pred=frog) CTA=0.8610
[2026-08-26 01:31:16]   [t7356 v3/5] fail (pred=airplane) CTA=0.8622
[2026-08-26 01:32:57]   [t7356 v4/5] SUCCESS (pred=frog) CTA=0.8605
[2026-08-26 01:34:38]   [t7356 v5/5] fail (pred=airplane) CTA=0.8418
[2026-08-26 01:34:38]   target 7356, 5 victims on this gpu: ASR=40.0% CTA=0.8577 +/- 0.0080
[2026-08-26 01:34:38] === target 8267 (8/8) ===
[2026-08-26 01:37:08]   target 8267: crafted 50 poisons in 134 s, obj=0.33745
[2026-08-26 01:37:08]   target 8267: realized linf = 0.03137 (8.00/255), budget = 8.00/255
[2026-08-26 01:38:51]   [t8267 v1/5] fail (pred=airplane) CTA=0.8404
[2026-08-26 01:40:32]   [t8267 v2/5] fail (pred=airplane) CTA=0.8542
[2026-08-26 01:42:14]   [t8267 v3/5] fail (pred=bird) CTA=0.8422
[2026-08-26 01:43:55]   [t8267 v4/5] fail (pred=truck) CTA=0.8531
[2026-08-26 01:45:36]   [t8267 v5/5] SUCCESS (pred=frog) CTA=0.8507
[2026-08-26 01:45:36]   target 8267, 5 victims on this gpu: ASR=20.0% CTA=0.8481 +/- 0.0057
[2026-08-26 01:45:36] ==== CIFAR10_VGG13BN_sapa_ours_frog-airplane_b0.001_eps8_seed42_lam1_cosine_seldpp2_jacw1_worst0.05_ce5_tgt12 : ASR = 22.5% +/- 21.1% | CTA = 0.8527 (baseline 0.8451) ====
[2026-08-26 01:45:36]   target-prediction tally ['airplane', 'automobile', 'bird', 'cat', 'deer', 'dog', 'frog', 'horse', 'ship', 'truck']: [18, 0, 5, 4, 0, 0, 9, 0, 3, 1]

sync: preserving outputs in /home/mmoslem3/scratch/attack_if
sync: complete
