job: 5025881 attack_037_resnet20_gradmatch_dog_bird_b0_005_ours_std on kn052
work: /tmp/attack_if
config: USE_JACOBIAN_SCORE=0 CLASS_PAIR="dog-bird" MODEL="ResNet20BN" ATTACK="gradmatch" BUDGETS=0.005 SELECT="ours" sh sel_dpp.sh
protocol: attack=8 targets x 5 victims; defense=7 targets x 5 victims
gpu: NVIDIA L40S
=== ours (plain greedy top-N_p by score) | ResNet20BN / gradmatch / dog-bird ===
    targets: pinned from target_sets/ResNet20BN_gradmatch_dog-bird.json (same 10 the random-base run attacked)
    difficulty label tgt14   craft flags: none
    Jacobian score disabled
    budgets: 0.005

--- ours | ResNet20BN / gradmatch / dog-bird | budget 0.005 ---
[2026-08-26 02:58:59] === run start: CIFAR10_ResNet20BN_gradmatch_ours_dog-bird_b0.005_eps8_seed42_lam1_cosine_ce5_tgt14 on cuda [0] ===
[2026-08-26 02:58:59] args: {"FORCE": false, "attack": "gradmatch", "base": "ours", "base_dist": "cosine", "base_topr": null, "budget": 0.005, "cache_dir": "/tmp/attack_if/cache", "class_pair": "dog-bird", "clean_baseline": true, "craft_alpha": 0.0039216, "craft_aug": true, "craft_batch": 256, "craft_ensemble": 5, "craft_lowmem": false, "craft_schedule": false, "craft_steps": 250, "data_path": "/tmp/data", "dataset": "CIFAR10", "dsa_strategy": "color_crop_cutout_flip_scale_rotate", "epsilon": 0.0313725, "fast_gradmatch": false, "fc_mode": "sample", "fc_restarts": 1, "gpus": "all", "jacobian_batch_size": 64, "jacobian_weight": 1.0, "lambda_margin": 1.0, "model": "ResNet20BN", "no_resume": false, "num_poisons": 500, "num_surrogates": 20, "num_targets": 8, "num_victims": 5, "out_dir": "/tmp/attack_if/ours_result", "pair_order": "poison-target", "parallel_pretrain": true, "parallel_targets": true, "precompute_id": null, "precompute_only": false, "precompute_part": "both", "rank_on_victims": true, "recompute_deltas": false, "require_correct_target": false, "restarts": 8, "seed": 42, "sel_K": null, "sel_alpha": 1.0, "sel_criterion": null, "sel_dpp": false, "sel_filter": false, "sel_mmr": false, "sel_mode": null, "sel_model": null, "sel_mu": 1.0, "sel_pca": false, "sel_pool": 3.0, "sharp_mode": "worst", "sharp_samples": 20, "sharp_sigma": 0.05, "steal_timeout": 7200.0, "surrogate_aug": false, "surrogate_bs": 128, "surrogate_decay": [35, 45], "surrogate_epochs": 60, "surrogate_lr": 0.1, "surrogate_wd": 0.0, "target_idx_file": "target_sets/ResNet20BN_gradmatch_dog-bird.json", "target_select": 14, "use_jacobian_score": false, "victim_aug": false, "victim_bs": 125, "victim_decay": [40], "victim_epochs": 50, "victim_lr": 0.1, "victim_wd": 0.0}
[2026-08-26 02:58:59] Jacobian score: disabled
[2026-08-26 02:58:59] N_total=50000 budget=0.005 -> N_p=250 poisons, y_adv=5(dog) target_class=2(bird)
[2026-08-26 02:58:59] === surrogates (20 x ResNet20BN, trained on the full real set) ===
[2026-08-26 02:59:00]   crafting on 5/20 surrogates
[2026-08-26 02:59:00] === clean victims (5 x ResNet20BN) ===
[2026-08-26 02:59:00]   clean baseline CTA = 0.8401 +/- 0.0030
[2026-08-26 02:59:01]   target pool 1000 -> eligible 973 (27 already predicted as y_adv or dropped)
[2026-08-26 02:59:01]   chosen 8 targets (file), p_adv range 0.0001..0.0214
[2026-08-26 02:59:01]   targets: [5118, 8740, 5324, 4630, 833, 2065, 7056, 9059]
[2026-08-26 02:59:01]   resume: 60 (target, victim) trials already done
[2026-08-26 02:59:01] ==== CIFAR10_ResNet20BN_gradmatch_ours_dog-bird_b0.005_eps8_seed42_lam1_cosine_ce5_tgt14 : ASR = 76.7% +/- 23.8% | CTA = 0.8381 (baseline 0.8401) ====
[2026-08-26 02:59:01]   target-prediction tally ['airplane', 'automobile', 'bird', 'cat', 'deer', 'dog', 'frog', 'horse', 'ship', 'truck']: [0, 0, 0, 0, 0, 0, 0, 0, 0, 0]

sync: preserving outputs in /home/mmoslem3/scratch/attack_if
sync: complete
