job: 5025844 attack_003_convnet_gradmatch_dog_bird_b0_01_ours_std on kn043
work: /tmp/attack_if
config: USE_JACOBIAN_SCORE=0 CLASS_PAIR="dog-bird" MODEL="ConvNetBN" ATTACK="gradmatch" BUDGETS=0.01 SELECT="ours" sh sel_dpp.sh
protocol: attack=8 targets x 5 victims; defense=7 targets x 5 victims
gpu: NVIDIA L40S
=== ours (plain greedy top-N_p by score) | ConvNetBN / gradmatch / dog-bird ===
    targets: pinned from target_sets/ConvNetBN_gradmatch_dog-bird.json (same 10 the random-base run attacked)
    difficulty label tgt70   craft flags: none
    Jacobian score disabled
    budgets: 0.01

--- ours | ConvNetBN / gradmatch / dog-bird | budget 0.01 ---
[2026-08-25 22:47:13] === run start: CIFAR10_ConvNetBN_gradmatch_ours_dog-bird_b0.01_eps8_seed42_lam1_cosine_ce5_tgt70 on cuda [0] ===
[2026-08-25 22:47:13] args: {"FORCE": false, "attack": "gradmatch", "base": "ours", "base_dist": "cosine", "base_topr": null, "budget": 0.01, "cache_dir": "/tmp/attack_if/cache", "class_pair": "dog-bird", "clean_baseline": true, "craft_alpha": 0.0039216, "craft_aug": true, "craft_batch": 256, "craft_ensemble": 5, "craft_lowmem": false, "craft_schedule": false, "craft_steps": 250, "data_path": "/tmp/data", "dataset": "CIFAR10", "dsa_strategy": "color_crop_cutout_flip_scale_rotate", "epsilon": 0.0313725, "fast_gradmatch": false, "fc_mode": "sample", "fc_restarts": 1, "gpus": "all", "jacobian_batch_size": 64, "jacobian_weight": 1.0, "lambda_margin": 1.0, "model": "ConvNetBN", "no_resume": false, "num_poisons": 500, "num_surrogates": 20, "num_targets": 8, "num_victims": 5, "out_dir": "/tmp/attack_if/ours_result", "pair_order": "poison-target", "parallel_pretrain": true, "parallel_targets": true, "precompute_id": null, "precompute_only": false, "precompute_part": "both", "rank_on_victims": true, "recompute_deltas": false, "require_correct_target": false, "restarts": 8, "seed": 42, "sel_K": null, "sel_alpha": 1.0, "sel_criterion": null, "sel_dpp": false, "sel_filter": false, "sel_mmr": false, "sel_mode": null, "sel_model": null, "sel_mu": 1.0, "sel_pca": false, "sel_pool": 3.0, "sharp_mode": "worst", "sharp_samples": 20, "sharp_sigma": 0.05, "steal_timeout": 7200.0, "surrogate_aug": false, "surrogate_bs": 128, "surrogate_decay": [35, 45], "surrogate_epochs": 60, "surrogate_lr": 0.1, "surrogate_wd": 0.0, "target_idx_file": "target_sets/ConvNetBN_gradmatch_dog-bird.json", "target_select": 70, "use_jacobian_score": false, "victim_aug": false, "victim_bs": 125, "victim_decay": [40], "victim_epochs": 50, "victim_lr": 0.1, "victim_wd": 0.0}
[2026-08-25 22:47:13] Jacobian score: disabled
[2026-08-25 22:47:13] N_total=50000 budget=0.01 -> N_p=500 poisons, y_adv=5(dog) target_class=2(bird)
[2026-08-25 22:47:13] === surrogates (20 x ConvNetBN, trained on the full real set) ===
[2026-08-25 22:47:13]   crafting on 5/20 surrogates
[2026-08-25 22:47:13] === clean victims (5 x ConvNetBN) ===
[2026-08-25 22:47:14]   clean baseline CTA = 0.8105 +/- 0.0070
[2026-08-25 22:47:14]   target pool 1000 -> eligible 962 (38 already predicted as y_adv or dropped)
[2026-08-25 22:47:14]   chosen 8 targets (file), p_adv range 0.0000..0.0354
[2026-08-25 22:47:14]   targets: [843, 1257, 8252, 8730, 8055, 5859, 8954, 821]
[2026-08-25 22:47:14]   resume: 18 (target, victim) trials already done
[2026-08-25 22:47:14] === target 8730 (1/5) ===
[2026-08-25 22:55:58]   target 8730: crafted 500 poisons in 522 s, obj=0.22937
[2026-08-25 22:55:58]   target 8730: realized linf = 0.03137 (8.00/255), budget = 8.00/255
[2026-08-25 22:56:48]   [t8730 v1/5] SUCCESS (pred=dog) CTA=0.8129
[2026-08-25 22:57:38]   [t8730 v2/5] SUCCESS (pred=dog) CTA=0.8155
[2026-08-25 22:58:28]   [t8730 v3/5] fail (pred=bird) CTA=0.8189
[2026-08-25 22:59:18]   [t8730 v4/5] fail (pred=bird) CTA=0.8056
[2026-08-25 23:00:08]   [t8730 v5/5] fail (pred=bird) CTA=0.8020
[2026-08-25 23:00:08]   target 8730, 5 victims on this gpu: ASR=40.0% CTA=0.8110 +/- 0.0063
[2026-08-25 23:00:08] === target 8055 (2/5) ===
[2026-08-25 23:08:52]   target 8055: crafted 500 poisons in 522 s, obj=0.24513
[2026-08-25 23:08:52]   target 8055: realized linf = 0.03137 (8.00/255), budget = 8.00/255
[2026-08-25 23:09:43]   [t8055 v1/5] SUCCESS (pred=dog) CTA=0.8130
[2026-08-25 23:10:33]   [t8055 v2/5] SUCCESS (pred=dog) CTA=0.8090
[2026-08-25 23:11:23]   [t8055 v3/5] SUCCESS (pred=dog) CTA=0.8076
[2026-08-25 23:12:12]   [t8055 v4/5] fail (pred=bird) CTA=0.7921
[2026-08-25 23:13:02]   [t8055 v5/5] SUCCESS (pred=dog) CTA=0.8093
[2026-08-25 23:13:02]   target 8055, 5 victims on this gpu: ASR=80.0% CTA=0.8062 +/- 0.0073
[2026-08-25 23:13:02] === target 5859 (3/5) ===
[2026-08-25 23:21:46]   target 5859: crafted 500 poisons in 522 s, obj=0.23117
[2026-08-25 23:21:46]   target 5859: realized linf = 0.03137 (8.00/255), budget = 8.00/255
[2026-08-25 23:22:36]   [t5859 v1/5] SUCCESS (pred=dog) CTA=0.7987
[2026-08-25 23:23:26]   [t5859 v2/5] SUCCESS (pred=dog) CTA=0.8088
[2026-08-25 23:24:16]   [t5859 v3/5] SUCCESS (pred=dog) CTA=0.8051
[2026-08-25 23:25:06]   [t5859 v4/5] SUCCESS (pred=dog) CTA=0.8084
[2026-08-25 23:25:56]   [t5859 v5/5] SUCCESS (pred=dog) CTA=0.8050
[2026-08-25 23:25:56]   target 5859, 5 victims on this gpu: ASR=100.0% CTA=0.8052 +/- 0.0036
[2026-08-25 23:25:56] === target 8954 (4/5) ===
[2026-08-25 23:34:41]   target 8954: crafted 500 poisons in 524 s, obj=0.21946
[2026-08-25 23:34:41]   target 8954: realized linf = 0.03137 (8.00/255), budget = 8.00/255
[2026-08-25 23:35:32]   [t8954 v1/5] SUCCESS (pred=dog) CTA=0.8015
[2026-08-25 23:36:22]   [t8954 v2/5] SUCCESS (pred=dog) CTA=0.8075
[2026-08-25 23:37:12]   [t8954 v3/5] SUCCESS (pred=dog) CTA=0.8104
[2026-08-25 23:38:01]   [t8954 v4/5] SUCCESS (pred=dog) CTA=0.7979
[2026-08-25 23:38:51]   [t8954 v5/5] SUCCESS (pred=dog) CTA=0.8054
[2026-08-25 23:38:51]   target 8954, 5 victims on this gpu: ASR=100.0% CTA=0.8045 +/- 0.0044
[2026-08-25 23:38:51] === target 821 (5/5) ===
[2026-08-25 23:47:36]   target 821: crafted 500 poisons in 524 s, obj=0.26227
[2026-08-25 23:47:36]   target 821: realized linf = 0.03137 (8.00/255), budget = 8.00/255
[2026-08-25 23:48:27]   [t821 v1/5] SUCCESS (pred=dog) CTA=0.8135
[2026-08-25 23:49:17]   [t821 v2/5] SUCCESS (pred=dog) CTA=0.8105
[2026-08-25 23:50:07]   [t821 v3/5] fail (pred=bird) CTA=0.7996
[2026-08-25 23:50:58]   [t821 v4/5] SUCCESS (pred=dog) CTA=0.8116
[2026-08-25 23:51:48]   [t821 v5/5] SUCCESS (pred=dog) CTA=0.8102
[2026-08-25 23:51:48]   target 821, 5 victims on this gpu: ASR=80.0% CTA=0.8091 +/- 0.0049
[2026-08-25 23:51:48] ==== CIFAR10_ConvNetBN_gradmatch_ours_dog-bird_b0.01_eps8_seed42_lam1_cosine_ce5_tgt70 : ASR = 85.4% +/- 19.3% | CTA = 0.8057 (baseline 0.8105) ====
[2026-08-25 23:51:48]   target-prediction tally ['airplane', 'automobile', 'bird', 'cat', 'deer', 'dog', 'frog', 'horse', 'ship', 'truck']: [0, 0, 5, 0, 0, 20, 0, 0, 0, 0]

sync: preserving outputs in /home/mmoslem3/scratch/attack_if
sync: complete
