stage: optional directory absent: /home/mmoslem3/scratch/attack_if/ours_result/CIFAR10_ConvNetBN_fc_random_dog-bird_b0.02_eps8_seed42_ce5_tgt50
job: 5033145 attack_missing_convnet_fc_dog_bird_b0_02_random_std on kn026
work: /tmp/attack_if
config: USE_JACOBIAN_SCORE=0 CLASS_PAIR="dog-bird" MODEL="ConvNetBN" ATTACK="fc" BUDGETS=0.02 SELECT="random" sh sel_dpp.sh
protocol: attack=8 targets x 5 victims; defense=7 targets x 5 victims
gpu: NVIDIA L40S
=== random | ConvNetBN / fc / dog-bird ===
    targets: pinned from target_sets/ConvNetBN_fc_dog-bird.json (same 10 the random-base run attacked)
    difficulty label tgt50   craft flags: none
    Jacobian score disabled
    budgets: 0.02

--- random | ConvNetBN / fc / dog-bird | budget 0.02 ---
[2026-08-26 09:43:58] === run start: CIFAR10_ConvNetBN_fc_random_dog-bird_b0.02_eps8_seed42_ce5_tgt50 on cuda [0] ===
[2026-08-26 09:43:58] args: {"FORCE": false, "attack": "fc", "base": "random", "base_dist": "cosine", "base_topr": null, "budget": 0.02, "cache_dir": "/tmp/attack_if/cache", "class_pair": "dog-bird", "clean_baseline": true, "craft_alpha": 0.0039216, "craft_aug": true, "craft_batch": 256, "craft_ensemble": 5, "craft_lowmem": false, "craft_schedule": false, "craft_steps": 250, "data_path": "/tmp/data", "dataset": "CIFAR10", "dsa_strategy": "color_crop_cutout_flip_scale_rotate", "epsilon": 0.0313725, "fast_gradmatch": false, "fc_mode": "sample", "fc_restarts": 1, "gpus": "all", "jacobian_batch_size": 64, "jacobian_weight": 1.0, "lambda_margin": 1.0, "model": "ConvNetBN", "no_resume": false, "num_poisons": 500, "num_surrogates": 20, "num_targets": 8, "num_victims": 5, "out_dir": "/tmp/attack_if/ours_result", "pair_order": "poison-target", "parallel_pretrain": true, "parallel_targets": true, "precompute_id": null, "precompute_only": false, "precompute_part": "both", "rank_on_victims": true, "recompute_deltas": false, "require_correct_target": false, "restarts": 8, "seed": 42, "sel_K": null, "sel_alpha": 1.0, "sel_criterion": null, "sel_dpp": false, "sel_filter": false, "sel_mmr": false, "sel_mode": null, "sel_model": null, "sel_mu": 1.0, "sel_pca": false, "sel_pool": 3.0, "sharp_mode": "worst", "sharp_samples": 20, "sharp_sigma": 0.05, "steal_timeout": 7200.0, "surrogate_aug": false, "surrogate_bs": 128, "surrogate_decay": [35, 45], "surrogate_epochs": 60, "surrogate_lr": 0.1, "surrogate_wd": 0.0, "target_idx_file": "target_sets/ConvNetBN_fc_dog-bird.json", "target_select": 50, "use_jacobian_score": false, "victim_aug": false, "victim_bs": 125, "victim_decay": [40], "victim_epochs": 50, "victim_lr": 0.1, "victim_wd": 0.0}
[2026-08-26 09:43:58] Jacobian score: disabled
[2026-08-26 09:43:58] N_total=50000 budget=0.02 -> N_p=1000 poisons, y_adv=5(dog) target_class=2(bird)
[2026-08-26 09:43:58] === surrogates (20 x ConvNetBN, trained on the full real set) ===
[2026-08-26 09:43:58]   crafting on 5/20 surrogates
[2026-08-26 09:43:58] === clean victims (5 x ConvNetBN) ===
[2026-08-26 09:43:59]   clean baseline CTA = 0.8105 +/- 0.0070
[2026-08-26 09:43:59]   target pool 1000 -> eligible 962 (38 already predicted as y_adv or dropped)
[2026-08-26 09:43:59]   chosen 8 targets (file), p_adv range 0.0000..0.0009
[2026-08-26 09:43:59]   targets: [2540, 8129, 3725, 5705, 7663, 3875, 5169, 6335]
[2026-08-26 09:43:59] === target 2540 (1/8) ===
[2026-08-26 09:44:24]   target 2540: crafted 1000 poisons in 25 s, obj=0.17305
[2026-08-26 09:44:24]   target 2540: realized linf = 0.03137 (8.00/255), budget = 8.00/255
[2026-08-26 09:45:15]   [t2540 v1/5] SUCCESS (pred=dog) CTA=0.8062
[2026-08-26 09:46:05]   [t2540 v2/5] SUCCESS (pred=dog) CTA=0.7817
[2026-08-26 09:46:55]   [t2540 v3/5] SUCCESS (pred=dog) CTA=0.8081
[2026-08-26 09:47:45]   [t2540 v4/5] SUCCESS (pred=dog) CTA=0.8020
[2026-08-26 09:48:34]   [t2540 v5/5] SUCCESS (pred=dog) CTA=0.8091
[2026-08-26 09:48:34]   target 2540, 5 victims on this gpu: ASR=100.0% CTA=0.8014 +/- 0.0102
[2026-08-26 09:48:34] === target 8129 (2/8) ===
[2026-08-26 09:48:59]   target 8129: crafted 1000 poisons in 24 s, obj=0.14024
[2026-08-26 09:48:59]   target 8129: realized linf = 0.03137 (8.00/255), budget = 8.00/255
[2026-08-26 09:49:50]   [t8129 v1/5] SUCCESS (pred=dog) CTA=0.7984
[2026-08-26 09:50:40]   [t8129 v2/5] SUCCESS (pred=dog) CTA=0.7968
[2026-08-26 09:51:30]   [t8129 v3/5] SUCCESS (pred=dog) CTA=0.7926
[2026-08-26 09:52:20]   [t8129 v4/5] SUCCESS (pred=dog) CTA=0.8004
[2026-08-26 09:53:10]   [t8129 v5/5] SUCCESS (pred=dog) CTA=0.7851
[2026-08-26 09:53:10]   target 8129, 5 victims on this gpu: ASR=100.0% CTA=0.7947 +/- 0.0054
[2026-08-26 09:53:10] === target 3725 (3/8) ===
[2026-08-26 09:53:34]   target 3725: crafted 1000 poisons in 24 s, obj=0.23574
[2026-08-26 09:53:34]   target 3725: realized linf = 0.03137 (8.00/255), budget = 8.00/255
[2026-08-26 09:54:25]   [t3725 v1/5] SUCCESS (pred=dog) CTA=0.8023
[2026-08-26 09:55:15]   [t3725 v2/5] SUCCESS (pred=dog) CTA=0.8043
[2026-08-26 09:56:05]   [t3725 v3/5] fail (pred=bird) CTA=0.7932
[2026-08-26 09:56:55]   [t3725 v4/5] SUCCESS (pred=dog) CTA=0.8037
[2026-08-26 09:57:45]   [t3725 v5/5] SUCCESS (pred=dog) CTA=0.8035
[2026-08-26 09:57:45]   target 3725, 5 victims on this gpu: ASR=80.0% CTA=0.8014 +/- 0.0042
[2026-08-26 09:57:45] === target 5705 (4/8) ===
[2026-08-26 09:58:09]   target 5705: crafted 1000 poisons in 24 s, obj=0.11182
[2026-08-26 09:58:09]   target 5705: realized linf = 0.03137 (8.00/255), budget = 8.00/255
[2026-08-26 09:59:00]   [t5705 v1/5] SUCCESS (pred=dog) CTA=0.8060
[2026-08-26 09:59:50]   [t5705 v2/5] SUCCESS (pred=dog) CTA=0.8149
[2026-08-26 10:00:40]   [t5705 v3/5] SUCCESS (pred=dog) CTA=0.7906
[2026-08-26 10:01:30]   [t5705 v4/5] fail (pred=bird) CTA=0.8022
[2026-08-26 10:02:20]   [t5705 v5/5] SUCCESS (pred=dog) CTA=0.8033
[2026-08-26 10:02:20]   target 5705, 5 victims on this gpu: ASR=80.0% CTA=0.8034 +/- 0.0078
[2026-08-26 10:02:20] === target 7663 (5/8) ===
[2026-08-26 10:02:44]   target 7663: crafted 1000 poisons in 24 s, obj=0.11946
[2026-08-26 10:02:44]   target 7663: realized linf = 0.03137 (8.00/255), budget = 8.00/255
[2026-08-26 10:03:36]   [t7663 v1/5] fail (pred=bird) CTA=0.8008
[2026-08-26 10:04:26]   [t7663 v2/5] SUCCESS (pred=dog) CTA=0.8041
[2026-08-26 10:05:17]   [t7663 v3/5] SUCCESS (pred=dog) CTA=0.7980
[2026-08-26 10:06:07]   [t7663 v4/5] SUCCESS (pred=dog) CTA=0.8176
[2026-08-26 10:06:57]   [t7663 v5/5] SUCCESS (pred=dog) CTA=0.8060
[2026-08-26 10:06:57]   target 7663, 5 victims on this gpu: ASR=80.0% CTA=0.8053 +/- 0.0067
[2026-08-26 10:06:57] === target 3875 (6/8) ===
[2026-08-26 10:07:22]   target 3875: crafted 1000 poisons in 24 s, obj=0.19051
[2026-08-26 10:07:22]   target 3875: realized linf = 0.03137 (8.00/255), budget = 8.00/255
[2026-08-26 10:08:13]   [t3875 v1/5] SUCCESS (pred=dog) CTA=0.7946
[2026-08-26 10:09:03]   [t3875 v2/5] fail (pred=bird) CTA=0.7996
[2026-08-26 10:09:53]   [t3875 v3/5] SUCCESS (pred=dog) CTA=0.8045
[2026-08-26 10:10:42]   [t3875 v4/5] fail (pred=bird) CTA=0.7910
[2026-08-26 10:11:32]   [t3875 v5/5] fail (pred=bird) CTA=0.7999
[2026-08-26 10:11:32]   target 3875, 5 victims on this gpu: ASR=40.0% CTA=0.7979 +/- 0.0047
[2026-08-26 10:11:32] === target 5169 (7/8) ===
[2026-08-26 10:11:57]   target 5169: crafted 1000 poisons in 24 s, obj=0.11500
[2026-08-26 10:11:57]   target 5169: realized linf = 0.03137 (8.00/255), budget = 8.00/255
[2026-08-26 10:12:48]   [t5169 v1/5] SUCCESS (pred=dog) CTA=0.7795
[2026-08-26 10:13:38]   [t5169 v2/5] SUCCESS (pred=dog) CTA=0.7959
[2026-08-26 10:14:28]   [t5169 v3/5] SUCCESS (pred=dog) CTA=0.7976
[2026-08-26 10:15:18]   [t5169 v4/5] SUCCESS (pred=dog) CTA=0.8112
[2026-08-26 10:16:08]   [t5169 v5/5] SUCCESS (pred=dog) CTA=0.8043
[2026-08-26 10:16:08]   target 5169, 5 victims on this gpu: ASR=100.0% CTA=0.7977 +/- 0.0106
[2026-08-26 10:16:08] === target 6335 (8/8) ===
[2026-08-26 10:16:32]   target 6335: crafted 1000 poisons in 24 s, obj=0.14466
[2026-08-26 10:16:32]   target 6335: realized linf = 0.03137 (8.00/255), budget = 8.00/255
[2026-08-26 10:17:23]   [t6335 v1/5] SUCCESS (pred=dog) CTA=0.7970
[2026-08-26 10:18:13]   [t6335 v2/5] SUCCESS (pred=dog) CTA=0.8027
[2026-08-26 10:19:03]   [t6335 v3/5] SUCCESS (pred=dog) CTA=0.8072
[2026-08-26 10:19:53]   [t6335 v4/5] SUCCESS (pred=dog) CTA=0.8060
[2026-08-26 10:20:43]   [t6335 v5/5] SUCCESS (pred=dog) CTA=0.8106
[2026-08-26 10:20:43]   target 6335, 5 victims on this gpu: ASR=100.0% CTA=0.8047 +/- 0.0046
[2026-08-26 10:20:43] ==== CIFAR10_ConvNetBN_fc_random_dog-bird_b0.02_eps8_seed42_ce5_tgt50 : ASR = 85.0% +/- 19.4% | CTA = 0.8008 (baseline 0.8105) ====
[2026-08-26 10:20:43]   target-prediction tally ['airplane', 'automobile', 'bird', 'cat', 'deer', 'dog', 'frog', 'horse', 'ship', 'truck']: [0, 0, 6, 0, 0, 34, 0, 0, 0, 0]

sync: preserving outputs in /home/mmoslem3/scratch/attack_if
sync: complete
