job: 5025918 attack_073_vgg13_gradmatch_dog_bird_b0_002_ours_std on kn067
work: /tmp/attack_if
config: USE_JACOBIAN_SCORE=0 CLASS_PAIR="dog-bird" MODEL="VGG13BN" ATTACK="gradmatch" BUDGETS=0.002 SELECT="ours" sh sel_dpp.sh
protocol: attack=8 targets x 5 victims; defense=7 targets x 5 victims
gpu: NVIDIA L40S
=== ours (plain greedy top-N_p by score) | VGG13BN / gradmatch / dog-bird ===
    targets: pinned from target_sets/VGG13BN_gradmatch_dog-bird.json (same 10 the random-base run attacked)
    difficulty label tgt50   craft flags: --craft_lowmem --craft_batch 256 --fast_gradmatch
    Jacobian score disabled
    budgets: 0.002

--- ours | VGG13BN / gradmatch / dog-bird | budget 0.002 ---
[2026-08-25 22:59:12] === run start: CIFAR10_VGG13BN_gradmatch_ours_dog-bird_b0.002_eps8_seed42_lam1_cosine_ce5_tgt50 on cuda [0] ===
[2026-08-25 22:59:12] args: {"FORCE": false, "attack": "gradmatch", "base": "ours", "base_dist": "cosine", "base_topr": null, "budget": 0.002, "cache_dir": "/tmp/attack_if/cache", "class_pair": "dog-bird", "clean_baseline": true, "craft_alpha": 0.0039216, "craft_aug": true, "craft_batch": 256, "craft_ensemble": 5, "craft_lowmem": true, "craft_schedule": false, "craft_steps": 250, "data_path": "/tmp/data", "dataset": "CIFAR10", "dsa_strategy": "color_crop_cutout_flip_scale_rotate", "epsilon": 0.0313725, "fast_gradmatch": true, "fc_mode": "sample", "fc_restarts": 1, "gpus": "all", "jacobian_batch_size": 64, "jacobian_weight": 1.0, "lambda_margin": 1.0, "model": "VGG13BN", "no_resume": false, "num_poisons": 500, "num_surrogates": 20, "num_targets": 8, "num_victims": 5, "out_dir": "/tmp/attack_if/ours_result", "pair_order": "poison-target", "parallel_pretrain": true, "parallel_targets": true, "precompute_id": null, "precompute_only": false, "precompute_part": "both", "rank_on_victims": true, "recompute_deltas": false, "require_correct_target": false, "restarts": 8, "seed": 42, "sel_K": null, "sel_alpha": 1.0, "sel_criterion": null, "sel_dpp": false, "sel_filter": false, "sel_mmr": false, "sel_mode": null, "sel_model": null, "sel_mu": 1.0, "sel_pca": false, "sel_pool": 3.0, "sharp_mode": "worst", "sharp_samples": 20, "sharp_sigma": 0.05, "steal_timeout": 7200.0, "surrogate_aug": false, "surrogate_bs": 128, "surrogate_decay": [35, 45], "surrogate_epochs": 60, "surrogate_lr": 0.1, "surrogate_wd": 0.0, "target_idx_file": "target_sets/VGG13BN_gradmatch_dog-bird.json", "target_select": 50, "use_jacobian_score": false, "victim_aug": false, "victim_bs": 125, "victim_decay": [40], "victim_epochs": 50, "victim_lr": 0.1, "victim_wd": 0.0}
[2026-08-25 22:59:12] Jacobian score: disabled
[2026-08-25 22:59:12] N_total=50000 budget=0.002 -> N_p=100 poisons, y_adv=5(dog) target_class=2(bird)
[2026-08-25 22:59:12] === surrogates (20 x VGG13BN, trained on the full real set) ===
[2026-08-25 22:59:14]   crafting on 5/20 surrogates
[2026-08-25 22:59:14] === clean victims (5 x VGG13BN) ===
[2026-08-25 22:59:16]   clean baseline CTA = 0.8451 +/- 0.0161
[2026-08-25 22:59:16]   target pool 1000 -> eligible 970 (30 already predicted as y_adv or dropped)
[2026-08-25 22:59:16]   chosen 8 targets (file), p_adv range 0.0000..0.0000
[2026-08-25 22:59:16]   targets: [630, 409, 2270, 9870, 1656, 5022, 9090, 6033]
[2026-08-25 22:59:16]   resume: 42 (target, victim) trials already done
[2026-08-25 22:59:16] === target 6033 (1/1) ===
[2026-08-25 23:02:55]   target 6033: crafted 100 poisons in 216 s, obj=0.22256
[2026-08-25 23:02:55]   target 6033: realized linf = 0.03137 (8.00/255), budget = 8.00/255
[2026-08-25 23:04:44]   [t6033 v1/5] SUCCESS (pred=dog) CTA=0.8557
[2026-08-25 23:06:34]   [t6033 v2/5] SUCCESS (pred=dog) CTA=0.8623
[2026-08-25 23:08:30]   [t6033 v3/5] SUCCESS (pred=dog) CTA=0.8621
[2026-08-25 23:10:22]   [t6033 v4/5] SUCCESS (pred=dog) CTA=0.8670
[2026-08-25 23:12:17]   [t6033 v5/5] SUCCESS (pred=dog) CTA=0.8578
[2026-08-25 23:12:17]   target 6033, 5 victims on this gpu: ASR=100.0% CTA=0.8610 +/- 0.0039
[2026-08-25 23:12:17] ==== CIFAR10_VGG13BN_gradmatch_ours_dog-bird_b0.002_eps8_seed42_lam1_cosine_ce5_tgt50 : ASR = 56.2% +/- 31.1% | CTA = 0.8546 (baseline 0.8451) ====
[2026-08-25 23:12:17]   target-prediction tally ['airplane', 'automobile', 'bird', 'cat', 'deer', 'dog', 'frog', 'horse', 'ship', 'truck']: [0, 0, 0, 0, 0, 5, 0, 0, 0, 0]

sync: preserving outputs in /home/mmoslem3/scratch/attack_if
sync: complete
