environment modules unavailable; using /home/mmoslem3/ENV directly
paired targets: [409, 630, 1656, 2270, 9870]
job: 634266 augx_029_r11_d2_n on rack05-05
cell: row=11 selection=dpp2 augmentation=none
protocol: 5 paired targets x 4 victims
gpu: NVIDIA L40S
[2026-08-27T10:49:19.757] error: couldn't chdir to `/tmp/augment_extra': No such file or directory: going to /tmp instead
[2026-08-27 10:49:22] === defense run: CIFAR10_VGG13BN_gradmatch_ours_dog-bird_b0.005_eps8_seed42_lam1_cosine_seldpp2_ce5_tgt50__def-none ===
[2026-08-27 10:49:22]     poisons replayed from /tmp/augment_extra/ours_result/CIFAR10_VGG13BN_gradmatch_ours_dog-bird_b0.005_eps8_seed42_lam1_cosine_seldpp2_ce5_tgt50
[2026-08-27 10:49:22]     defense = none  (none)
[2026-08-27 10:49:22]     victim augmentation = none  (applied to the poisoned image, resampled every epoch)
[2026-08-27 10:49:22] args: {"adv_eps": 8.0, "adv_step_size": 0.0, "adv_steps": 5, "attack": "gradmatch", "aug_cutout_length": 16, "aug_flip_p": 0.5, "aug_pad": 4, "aug_randaug_magnitude": 9, "aug_randaug_ops": 2, "base": "ours", "base_dist": "cosine", "budget": 0.005, "cache_dir": "/tmp/augment_extra/cache", "class_pair": "dog-bird", "clean_baseline": true, "craft_aug": true, "craft_ensemble": 5, "data_path": "/tmp/augment_extra/data", "dataset": "CIFAR10", "defense": "none", "defense_out_dir": "/tmp/augment_extra/augment_extra_result", "defense_parts": ["none"], "dsa_strategy": "color_crop_cutout_flip_scale_rotate", "epic_cluster_thresh": 1.0, "epic_drop_after": 10, "epic_freq": 2, "epic_metric": "euclidean", "epic_stop_after": -1, "epic_subset_size": 0.1, "epsilon": 0.0313725, "fc_mode": "sample", "friendly_begin_epoch": 5, "friendly_bs": 512, "friendly_clamp": 16.0, "friendly_epochs": 30, "friendly_lr": 100.0, "friendly_momentum": 0.9, "friendly_mu": 1.0, "gpus": "all", "jacobian_batch_size": 64, "jacobian_weight": 1.0, "lambda_margin": 1.0, "list_cached": false, "model": "VGG13BN", "no_resume": false, "noise_eps": 8.0, "noise_type": [], "num_targets": 5, "num_victims": 4, "out_dir": "/tmp/augment_extra/ours_result", "pair_order": "poison-target", "parallel_trials": true, "recompute_deltas": false, "seed": 42, "sel_alpha": 2.0, "sel_dpp": true, "sel_filter": false, "sel_mmr": false, "sel_mode": "dpp", "sel_mu": 1.0, "sel_pca": false, "sel_pool": 3.0, "sharp_mode": "worst", "sharp_samples": 20, "sharp_sigma": 0.05, "target_idx_file": "/tmp/augment_extra/target_sets/aug_VGG13BN_gradmatch_dog-bird_b0.005.json", "target_select": 50, "use_jacobian_score": false, "victim_aug": "none", "victim_bs": 125, "victim_decay": [40], "victim_epochs": 50, "victim_lr": 0.1, "victim_wd": 0.0}
[2026-08-27 10:49:34]   5 target(s) with saved poisons: [409, 630, 1656, 2270, 9870]
[2026-08-27 10:49:34] === defended clean victims (4 x VGG13BN, defense none) ===
[2026-08-27 10:51:15]   trained defended clean victim 0 (VGG13BN, none): test acc = 0.8522 (101 s)
[2026-08-27 10:52:55]   trained defended clean victim 1 (VGG13BN, none): test acc = 0.8569 (100 s)
[2026-08-27 10:54:35]   trained defended clean victim 2 (VGG13BN, none): test acc = 0.8480 (100 s)
[2026-08-27 10:56:16]   trained defended clean victim 3 (VGG13BN, none): test acc = 0.8134 (100 s)
[2026-08-27 10:56:16]   defended clean CTA = 0.8426 +/- 0.0172
[2026-08-27 10:56:16] === target 409: 250 saved poisons, realized linf 8.00/255 ===
[2026-08-27 10:57:57]   [t409 v1/4] SUCCESS (pred=dog) CTA=0.8539 (100 s)
[2026-08-27 10:59:38]   [t409 v2/4] SUCCESS (pred=dog) CTA=0.8599 (101 s)
[2026-08-27 11:01:18]   [t409 v3/4] SUCCESS (pred=dog) CTA=0.8600 (101 s)
[2026-08-27 11:02:59]   [t409 v4/4] SUCCESS (pred=dog) CTA=0.8484 (101 s)
[2026-08-27 11:02:59] === target 630: 250 saved poisons, realized linf 8.00/255 ===
[2026-08-27 11:04:40]   [t630 v1/4] SUCCESS (pred=dog) CTA=0.8557 (101 s)
[2026-08-27 11:06:22]   [t630 v2/4] SUCCESS (pred=dog) CTA=0.8409 (102 s)
[2026-08-27 11:08:04]   [t630 v3/4] SUCCESS (pred=dog) CTA=0.8515 (102 s)
[2026-08-27 11:09:46]   [t630 v4/4] SUCCESS (pred=dog) CTA=0.8598 (102 s)
[2026-08-27 11:09:46] === target 1656: 250 saved poisons, realized linf 8.00/255 ===
[2026-08-27 11:11:26]   [t1656 v1/4] SUCCESS (pred=dog) CTA=0.8521 (100 s)
[2026-08-27 11:13:06]   [t1656 v2/4] SUCCESS (pred=dog) CTA=0.8588 (100 s)
[2026-08-27 11:14:47]   [t1656 v3/4] SUCCESS (pred=dog) CTA=0.8529 (100 s)
[2026-08-27 11:16:27]   [t1656 v4/4] SUCCESS (pred=dog) CTA=0.8619 (100 s)
[2026-08-27 11:16:27] === target 2270: 250 saved poisons, realized linf 8.00/255 ===
[2026-08-27 11:18:07]   [t2270 v1/4] SUCCESS (pred=dog) CTA=0.8605 (100 s)
[2026-08-27 11:19:47]   [t2270 v2/4] SUCCESS (pred=dog) CTA=0.8407 (100 s)
[2026-08-27 11:21:27]   [t2270 v3/4] SUCCESS (pred=dog) CTA=0.8434 (100 s)
[2026-08-27 11:23:08]   [t2270 v4/4] SUCCESS (pred=dog) CTA=0.8420 (100 s)
[2026-08-27 11:23:08] === target 9870: 250 saved poisons, realized linf 8.00/255 ===
[2026-08-27 11:24:48]   [t9870 v1/4] SUCCESS (pred=dog) CTA=0.8532 (100 s)
[2026-08-27 11:26:28]   [t9870 v2/4] SUCCESS (pred=dog) CTA=0.8438 (100 s)
[2026-08-27 11:28:08]   [t9870 v3/4] SUCCESS (pred=dog) CTA=0.8534 (100 s)
[2026-08-27 11:29:49]   [t9870 v4/4] SUCCESS (pred=dog) CTA=0.8485 (100 s)
[2026-08-27 11:29:49]   control check vs the undefended run: 20/20 trials agree, max |dCTA| = 0.00000 (cudnn is not bit-deterministic, so a stray flip near the decision boundary is expected)
[2026-08-27 11:29:49] ==== CIFAR10_VGG13BN_gradmatch_ours_dog-bird_b0.005_eps8_seed42_lam1_cosine_seldpp2_ce5_tgt50 | defense none : ASR = 100.0% +/- 0.0% | CTA = 0.8521 (defended clean 0.8426) ====
[2026-08-27 11:29:49]   target-prediction tally ['airplane', 'automobile', 'bird', 'cat', 'deer', 'dog', 'frog', 'horse', 'ship', 'truck']: [0, 0, 0, 0, 0, 20, 0, 0, 0, 0]
sync: augment-extra cell -> /home/mmoslem3/scratch/PoisonBase
