environment modules unavailable; using /home/mmoslem3/ENV directly
paired targets: [409, 630, 1656, 2270, 9870]
job: 634319 augx_082_r14_r_s on rack04-03
cell: row=14 selection=random augmentation=standard
protocol: 5 paired targets x 4 victims
gpu: NVIDIA L40S
[2026-08-27T11:05:43.583] error: couldn't chdir to `/tmp/augment_extra': No such file or directory: going to /tmp instead
[2026-08-27 11:05:46] === defense run: CIFAR10_VGG13BN_sapa_random_dog-bird_b0.01_eps8_seed42_worst0.05_ce5_tgt50__def-none+aug-standard ===
[2026-08-27 11:05:46]     poisons replayed from /tmp/augment_extra/ours_result/CIFAR10_VGG13BN_sapa_random_dog-bird_b0.01_eps8_seed42_worst0.05_ce5_tgt50
[2026-08-27 11:05:46]     defense = none  (none+aug-standard)
[2026-08-27 11:05:46]     victim augmentation = standard  (applied to the poisoned image, resampled every epoch)
[2026-08-27 11:05:46] args: {"adv_eps": 8.0, "adv_step_size": 0.0, "adv_steps": 5, "attack": "sapa", "aug_cutout_length": 16, "aug_flip_p": 0.5, "aug_pad": 4, "aug_randaug_magnitude": 9, "aug_randaug_ops": 2, "base": "random", "base_dist": "l2", "budget": 0.01, "cache_dir": "/tmp/augment_extra/cache", "class_pair": "dog-bird", "clean_baseline": true, "craft_aug": true, "craft_ensemble": 5, "data_path": "/tmp/augment_extra/data", "dataset": "CIFAR10", "defense": "none", "defense_out_dir": "/tmp/augment_extra/augment_extra_result", "defense_parts": ["none"], "dsa_strategy": "color_crop_cutout_flip_scale_rotate", "epic_cluster_thresh": 1.0, "epic_drop_after": 10, "epic_freq": 2, "epic_metric": "euclidean", "epic_stop_after": -1, "epic_subset_size": 0.1, "epsilon": 0.0313725, "fc_mode": "sample", "friendly_begin_epoch": 5, "friendly_bs": 512, "friendly_clamp": 16.0, "friendly_epochs": 30, "friendly_lr": 100.0, "friendly_momentum": 0.9, "friendly_mu": 1.0, "gpus": "all", "jacobian_batch_size": 64, "jacobian_weight": 1.0, "lambda_margin": 1.0, "list_cached": false, "model": "VGG13BN", "no_resume": false, "noise_eps": 8.0, "noise_type": [], "num_targets": 5, "num_victims": 4, "out_dir": "/tmp/augment_extra/ours_result", "pair_order": "poison-target", "parallel_trials": true, "recompute_deltas": false, "seed": 42, "sel_alpha": 1.0, "sel_dpp": false, "sel_filter": false, "sel_mmr": false, "sel_mode": null, "sel_mu": 1.0, "sel_pca": false, "sel_pool": 3.0, "sharp_mode": "worst", "sharp_samples": 20, "sharp_sigma": 0.05, "target_idx_file": "/tmp/augment_extra/target_sets/aug_VGG13BN_sapa_dog-bird_b0.01.json", "target_select": 50, "use_jacobian_score": false, "victim_aug": "standard", "victim_bs": 125, "victim_decay": [40], "victim_epochs": 50, "victim_lr": 0.1, "victim_wd": 0.0}
[2026-08-27 11:05:58]   5 target(s) with saved poisons: [409, 630, 1656, 2270, 9870]
[2026-08-27 11:05:58] === defended clean victims (4 x VGG13BN, defense none+aug-standard) ===
[2026-08-27 11:05:58]   victim augmentation: VictimAugmenter(standard: crop4+flip0.5)
[2026-08-27 11:07:41]   trained defended clean victim 0 (VGG13BN, none+aug-standard): test acc = 0.9104 (102 s)
[2026-08-27 11:09:23]   trained defended clean victim 1 (VGG13BN, none+aug-standard): test acc = 0.9010 (102 s)
[2026-08-27 11:11:06]   trained defended clean victim 2 (VGG13BN, none+aug-standard): test acc = 0.9103 (103 s)
[2026-08-27 11:12:48]   trained defended clean victim 3 (VGG13BN, none+aug-standard): test acc = 0.8817 (102 s)
[2026-08-27 11:12:48]   defended clean CTA = 0.9008 +/- 0.0117
[2026-08-27 11:12:48] === target 409: 500 saved poisons, realized linf 8.00/255 ===
[2026-08-27 11:14:32]   [t409 v1/4] SUCCESS (pred=dog) CTA=0.8912 (104 s)
[2026-08-27 11:16:15]   [t409 v2/4] SUCCESS (pred=dog) CTA=0.9055 (103 s)
[2026-08-27 11:17:57]   [t409 v3/4] SUCCESS (pred=dog) CTA=0.9083 (103 s)
[2026-08-27 11:19:40]   [t409 v4/4] fail (pred=bird) CTA=0.9077 (103 s)
[2026-08-27 11:19:40] === target 630: 500 saved poisons, realized linf 8.00/255 ===
[2026-08-27 11:21:23]   [t630 v1/4] fail (pred=bird) CTA=0.9102 (103 s)
[2026-08-27 11:23:06]   [t630 v2/4] fail (pred=bird) CTA=0.9078 (103 s)
[2026-08-27 11:24:50]   [t630 v3/4] fail (pred=bird) CTA=0.9047 (104 s)
[2026-08-27 11:26:33]   [t630 v4/4] fail (pred=bird) CTA=0.8983 (103 s)
[2026-08-27 11:26:33] === target 1656: 500 saved poisons, realized linf 8.00/255 ===
[2026-08-27 11:28:15]   [t1656 v1/4] SUCCESS (pred=dog) CTA=0.9118 (102 s)
[2026-08-27 11:29:59]   [t1656 v2/4] SUCCESS (pred=dog) CTA=0.8989 (104 s)
[2026-08-27 11:31:43]   [t1656 v3/4] fail (pred=airplane) CTA=0.9085 (104 s)
[2026-08-27 11:33:26]   [t1656 v4/4] SUCCESS (pred=dog) CTA=0.9069 (104 s)
[2026-08-27 11:33:26] === target 2270: 500 saved poisons, realized linf 8.00/255 ===
[2026-08-27 11:35:10]   [t2270 v1/4] SUCCESS (pred=dog) CTA=0.9062 (104 s)
[2026-08-27 11:36:53]   [t2270 v2/4] SUCCESS (pred=dog) CTA=0.9006 (104 s)
[2026-08-27 11:38:37]   [t2270 v3/4] SUCCESS (pred=dog) CTA=0.9080 (104 s)
[2026-08-27 11:40:21]   [t2270 v4/4] SUCCESS (pred=dog) CTA=0.9063 (104 s)
[2026-08-27 11:40:21] === target 9870: 500 saved poisons, realized linf 8.00/255 ===
[2026-08-27 11:42:05]   [t9870 v1/4] fail (pred=bird) CTA=0.9075 (104 s)
[2026-08-27 11:43:48]   [t9870 v2/4] fail (pred=bird) CTA=0.9086 (104 s)
[2026-08-27 11:45:32]   [t9870 v3/4] fail (pred=bird) CTA=0.9028 (104 s)
[2026-08-27 11:47:15]   [t9870 v4/4] fail (pred=bird) CTA=0.9091 (104 s)
[2026-08-27 11:47:15] ==== CIFAR10_VGG13BN_sapa_random_dog-bird_b0.01_eps8_seed42_worst0.05_ce5_tgt50 | defense none+aug-standard : ASR = 50.0% +/- 41.8% | CTA = 0.9054 (defended clean 0.9008) ====
[2026-08-27 11:47:15]   target-prediction tally ['airplane', 'automobile', 'bird', 'cat', 'deer', 'dog', 'frog', 'horse', 'ship', 'truck']: [1, 0, 9, 0, 0, 10, 0, 0, 0, 0]
sync: augment-extra cell -> /home/mmoslem3/scratch/PoisonBase
