environment modules unavailable; using /home/mmoslem3/ENV directly
paired targets: [2540, 3725, 3875, 5169, 5705]
job: 634139 augx_106_r01_d25_s on rack14-16
cell: row=01 selection=dpp025 augmentation=standard
protocol: 5 paired targets x 4 victims
gpu: NVIDIA L40S
[2026-08-27T11:09:58.427] error: couldn't chdir to `/tmp/augment_extra': No such file or directory: going to /tmp instead
[2026-08-27 11:10:01] === defense run: CIFAR10_ConvNetBN_fc_ours_dog-bird_b0.002_eps8_seed42_lam1_cosine_seldpp0.25_ce5_tgt50__def-none+aug-standard ===
[2026-08-27 11:10:01]     poisons replayed from /tmp/augment_extra/ours_result/CIFAR10_ConvNetBN_fc_ours_dog-bird_b0.002_eps8_seed42_lam1_cosine_seldpp0.25_ce5_tgt50
[2026-08-27 11:10:01]     defense = none  (none+aug-standard)
[2026-08-27 11:10:01]     victim augmentation = standard  (applied to the poisoned image, resampled every epoch)
[2026-08-27 11:10:01] args: {"adv_eps": 8.0, "adv_step_size": 0.0, "adv_steps": 5, "attack": "fc", "aug_cutout_length": 16, "aug_flip_p": 0.5, "aug_pad": 4, "aug_randaug_magnitude": 9, "aug_randaug_ops": 2, "base": "ours", "base_dist": "cosine", "budget": 0.002, "cache_dir": "/tmp/augment_extra/cache", "class_pair": "dog-bird", "clean_baseline": true, "craft_aug": true, "craft_ensemble": 5, "data_path": "/tmp/augment_extra/data", "dataset": "CIFAR10", "defense": "none", "defense_out_dir": "/tmp/augment_extra/augment_extra_result", "defense_parts": ["none"], "dsa_strategy": "color_crop_cutout_flip_scale_rotate", "epic_cluster_thresh": 1.0, "epic_drop_after": 10, "epic_freq": 2, "epic_metric": "euclidean", "epic_stop_after": -1, "epic_subset_size": 0.1, "epsilon": 0.0313725, "fc_mode": "sample", "friendly_begin_epoch": 5, "friendly_bs": 512, "friendly_clamp": 16.0, "friendly_epochs": 30, "friendly_lr": 100.0, "friendly_momentum": 0.9, "friendly_mu": 1.0, "gpus": "all", "jacobian_batch_size": 64, "jacobian_weight": 1.0, "lambda_margin": 1.0, "list_cached": false, "model": "ConvNetBN", "no_resume": false, "noise_eps": 8.0, "noise_type": [], "num_targets": 5, "num_victims": 4, "out_dir": "/tmp/augment_extra/ours_result", "pair_order": "poison-target", "parallel_trials": true, "recompute_deltas": false, "seed": 42, "sel_alpha": 0.25, "sel_dpp": true, "sel_filter": false, "sel_mmr": false, "sel_mode": "dpp", "sel_mu": 1.0, "sel_pca": false, "sel_pool": 3.0, "sharp_mode": "worst", "sharp_samples": 20, "sharp_sigma": 0.05, "target_idx_file": "/tmp/augment_extra/target_sets/aug_ConvNetBN_fc_dog-bird_b0.002.json", "target_select": 50, "use_jacobian_score": false, "victim_aug": "standard", "victim_bs": 125, "victim_decay": [40], "victim_epochs": 50, "victim_lr": 0.1, "victim_wd": 0.0}
[2026-08-27 11:10:13]   5 target(s) with saved poisons: [2540, 3725, 3875, 5169, 5705]
[2026-08-27 11:10:13] === defended clean victims (4 x ConvNetBN, defense none+aug-standard) ===
[2026-08-27 11:10:14]   defended clean CTA = 0.8632 +/- 0.0054
[2026-08-27 11:10:14] === target 2540: 100 saved poisons, realized linf 8.00/255 ===
[2026-08-27 11:10:14]   victim augmentation: VictimAugmenter(standard: crop4+flip0.5)
[2026-08-27 11:11:05]   [t2540 v1/4] fail (pred=bird) CTA=0.8624 (51 s)
[2026-08-27 11:11:56]   [t2540 v2/4] fail (pred=bird) CTA=0.8268 (51 s)
[2026-08-27 11:12:47]   [t2540 v3/4] fail (pred=bird) CTA=0.8639 (51 s)
[2026-08-27 11:13:38]   [t2540 v4/4] fail (pred=bird) CTA=0.8738 (51 s)
[2026-08-27 11:13:38] === target 3725: 100 saved poisons, realized linf 8.00/255 ===
[2026-08-27 11:14:29]   [t3725 v1/4] fail (pred=bird) CTA=0.8687 (51 s)
[2026-08-27 11:15:20]   [t3725 v2/4] fail (pred=bird) CTA=0.8532 (51 s)
[2026-08-27 11:16:11]   [t3725 v3/4] fail (pred=bird) CTA=0.8683 (51 s)
[2026-08-27 11:17:02]   [t3725 v4/4] fail (pred=bird) CTA=0.8410 (51 s)
[2026-08-27 11:17:02] === target 3875: 100 saved poisons, realized linf 8.00/255 ===
[2026-08-27 11:17:53]   [t3875 v1/4] fail (pred=bird) CTA=0.8494 (51 s)
[2026-08-27 11:18:44]   [t3875 v2/4] fail (pred=bird) CTA=0.8576 (51 s)
[2026-08-27 11:19:35]   [t3875 v3/4] fail (pred=bird) CTA=0.8602 (51 s)
[2026-08-27 11:20:26]   [t3875 v4/4] fail (pred=bird) CTA=0.8612 (51 s)
[2026-08-27 11:20:26] === target 5169: 100 saved poisons, realized linf 8.00/255 ===
[2026-08-27 11:21:17]   [t5169 v1/4] fail (pred=bird) CTA=0.7892 (51 s)
[2026-08-27 11:22:08]   [t5169 v2/4] fail (pred=bird) CTA=0.8262 (51 s)
[2026-08-27 11:22:59]   [t5169 v3/4] SUCCESS (pred=dog) CTA=0.8725 (51 s)
[2026-08-27 11:23:50]   [t5169 v4/4] fail (pred=bird) CTA=0.8656 (51 s)
[2026-08-27 11:23:50] === target 5705: 100 saved poisons, realized linf 8.00/255 ===
[2026-08-27 11:24:41]   [t5705 v1/4] fail (pred=bird) CTA=0.8655 (51 s)
[2026-08-27 11:25:32]   [t5705 v2/4] fail (pred=bird) CTA=0.8676 (51 s)
[2026-08-27 11:26:23]   [t5705 v3/4] fail (pred=bird) CTA=0.8579 (51 s)
[2026-08-27 11:27:15]   [t5705 v4/4] fail (pred=bird) CTA=0.8445 (51 s)
[2026-08-27 11:27:15] ==== CIFAR10_ConvNetBN_fc_ours_dog-bird_b0.002_eps8_seed42_lam1_cosine_seldpp0.25_ce5_tgt50 | defense none+aug-standard : ASR = 5.0% +/- 10.0% | CTA = 0.8538 (defended clean 0.8632) ====
[2026-08-27 11:27:15]   target-prediction tally ['airplane', 'automobile', 'bird', 'cat', 'deer', 'dog', 'frog', 'horse', 'ship', 'truck']: [0, 0, 19, 0, 0, 1, 0, 0, 0, 0]
sync: augment-extra cell -> /home/mmoslem3/scratch/PoisonBase
