environment modules unavailable; using /home/mmoslem3/ENV directly
paired targets: [2315, 2903, 3495, 6697, 6899]
job: 634239 augx_202_r06_d1_s on rack06-08
cell: row=06 selection=dpp01 augmentation=standard
protocol: 5 paired targets x 4 victims
gpu: NVIDIA L40S
[2026-08-27T10:02:21.662] error: couldn't chdir to `/tmp/augment_extra': No such file or directory: going to /tmp instead
[2026-08-27 10:02:24] === defense run: CIFAR10_ResNet20BN_fc_ours_dog-bird_b0.01_eps8_seed42_lam1_cosine_seldpp0.1_ce5_tgt10__def-none+aug-standard ===
[2026-08-27 10:02:24]     poisons replayed from /tmp/augment_extra/ours_result/CIFAR10_ResNet20BN_fc_ours_dog-bird_b0.01_eps8_seed42_lam1_cosine_seldpp0.1_ce5_tgt10
[2026-08-27 10:02:24]     defense = none  (none+aug-standard)
[2026-08-27 10:02:24]     victim augmentation = standard  (applied to the poisoned image, resampled every epoch)
[2026-08-27 10:02:24] args: {"adv_eps": 8.0, "adv_step_size": 0.0, "adv_steps": 5, "attack": "fc", "aug_cutout_length": 16, "aug_flip_p": 0.5, "aug_pad": 4, "aug_randaug_magnitude": 9, "aug_randaug_ops": 2, "base": "ours", "base_dist": "cosine", "budget": 0.01, "cache_dir": "/tmp/augment_extra/cache", "class_pair": "dog-bird", "clean_baseline": true, "craft_aug": true, "craft_ensemble": 5, "data_path": "/tmp/augment_extra/data", "dataset": "CIFAR10", "defense": "none", "defense_out_dir": "/tmp/augment_extra/augment_extra_result", "defense_parts": ["none"], "dsa_strategy": "color_crop_cutout_flip_scale_rotate", "epic_cluster_thresh": 1.0, "epic_drop_after": 10, "epic_freq": 2, "epic_metric": "euclidean", "epic_stop_after": -1, "epic_subset_size": 0.1, "epsilon": 0.0313725, "fc_mode": "sample", "friendly_begin_epoch": 5, "friendly_bs": 512, "friendly_clamp": 16.0, "friendly_epochs": 30, "friendly_lr": 100.0, "friendly_momentum": 0.9, "friendly_mu": 1.0, "gpus": "all", "jacobian_batch_size": 64, "jacobian_weight": 1.0, "lambda_margin": 1.0, "list_cached": false, "model": "ResNet20BN", "no_resume": false, "noise_eps": 8.0, "noise_type": [], "num_targets": 5, "num_victims": 4, "out_dir": "/tmp/augment_extra/ours_result", "pair_order": "poison-target", "parallel_trials": true, "recompute_deltas": false, "seed": 42, "sel_alpha": 0.1, "sel_dpp": true, "sel_filter": false, "sel_mmr": false, "sel_mode": "dpp", "sel_mu": 1.0, "sel_pca": false, "sel_pool": 3.0, "sharp_mode": "worst", "sharp_samples": 20, "sharp_sigma": 0.05, "target_idx_file": "/tmp/augment_extra/target_sets/aug_ResNet20BN_fc_dog-bird_b0.01.json", "target_select": 10, "use_jacobian_score": false, "victim_aug": "standard", "victim_bs": 125, "victim_decay": [40], "victim_epochs": 50, "victim_lr": 0.1, "victim_wd": 0.0}
[2026-08-27 10:02:36]   5 target(s) with saved poisons: [2315, 2903, 3495, 6697, 6899]
[2026-08-27 10:02:36] === defended clean victims (4 x ResNet20BN, defense none+aug-standard) ===
[2026-08-27 10:02:37]   defended clean CTA = 0.8984 +/- 0.0025
[2026-08-27 10:02:37] === target 2315: 500 saved poisons, realized linf 8.00/255 ===
[2026-08-27 10:02:37]   victim augmentation: VictimAugmenter(standard: crop4+flip0.5)
[2026-08-27 10:04:14]   [t2315 v1/4] fail (pred=bird) CTA=0.8910 (97 s)
[2026-08-27 10:05:52]   [t2315 v2/4] fail (pred=bird) CTA=0.8961 (97 s)
[2026-08-27 10:07:29]   [t2315 v3/4] fail (pred=bird) CTA=0.8895 (97 s)
[2026-08-27 10:09:07]   [t2315 v4/4] fail (pred=bird) CTA=0.8975 (97 s)
[2026-08-27 10:09:07] === target 2903: 500 saved poisons, realized linf 8.00/255 ===
[2026-08-27 10:10:44]   [t2903 v1/4] fail (pred=bird) CTA=0.8933 (97 s)
[2026-08-27 10:12:22]   [t2903 v2/4] fail (pred=bird) CTA=0.8941 (97 s)
[2026-08-27 10:13:59]   [t2903 v3/4] fail (pred=bird) CTA=0.8918 (97 s)
[2026-08-27 10:15:37]   [t2903 v4/4] fail (pred=bird) CTA=0.8930 (97 s)
[2026-08-27 10:15:37] === target 3495: 500 saved poisons, realized linf 8.00/255 ===
[2026-08-27 10:17:14]   [t3495 v1/4] fail (pred=horse) CTA=0.8935 (97 s)
[2026-08-27 10:18:52]   [t3495 v2/4] fail (pred=bird) CTA=0.8956 (97 s)
[2026-08-27 10:20:29]   [t3495 v3/4] fail (pred=horse) CTA=0.8961 (97 s)
[2026-08-27 10:22:07]   [t3495 v4/4] fail (pred=bird) CTA=0.8936 (97 s)
[2026-08-27 10:22:07] === target 6697: 500 saved poisons, realized linf 8.00/255 ===
[2026-08-27 10:23:44]   [t6697 v1/4] SUCCESS (pred=dog) CTA=0.8976 (97 s)
[2026-08-27 10:25:22]   [t6697 v2/4] fail (pred=bird) CTA=0.8963 (97 s)
[2026-08-27 10:26:59]   [t6697 v3/4] fail (pred=bird) CTA=0.8955 (97 s)
[2026-08-27 10:28:37]   [t6697 v4/4] SUCCESS (pred=dog) CTA=0.8931 (97 s)
[2026-08-27 10:28:37] === target 6899: 500 saved poisons, realized linf 8.00/255 ===
[2026-08-27 10:30:14]   [t6899 v1/4] fail (pred=bird) CTA=0.8945 (97 s)
[2026-08-27 10:31:52]   [t6899 v2/4] fail (pred=cat) CTA=0.8942 (97 s)
[2026-08-27 10:33:29]   [t6899 v3/4] fail (pred=bird) CTA=0.8937 (97 s)
[2026-08-27 10:35:07]   [t6899 v4/4] fail (pred=cat) CTA=0.8935 (97 s)
[2026-08-27 10:35:07] ==== CIFAR10_ResNet20BN_fc_ours_dog-bird_b0.01_eps8_seed42_lam1_cosine_seldpp0.1_ce5_tgt10 | defense none+aug-standard : ASR = 10.0% +/- 20.0% | CTA = 0.8942 (defended clean 0.8984) ====
[2026-08-27 10:35:07]   target-prediction tally ['airplane', 'automobile', 'bird', 'cat', 'deer', 'dog', 'frog', 'horse', 'ship', 'truck']: [0, 0, 14, 2, 0, 2, 0, 2, 0, 0]
sync: augment-extra cell -> /home/mmoslem3/scratch/PoisonBase
