environment modules unavailable; using /home/mmoslem3/ENV directly
paired targets: [833, 4630, 5118, 5324, 8740]
job: 634288 augx_019_r10_d1_r on rack03-08
cell: row=10 selection=dpp01 augmentation=randaug
protocol: 5 paired targets x 4 victims
gpu: NVIDIA L40S
[2026-08-27T10:57:45.771] error: couldn't chdir to `/tmp/augment_extra': No such file or directory: going to /tmp instead
[2026-08-27 10:57:48] === defense run: CIFAR10_ResNet20BN_sapa_ours_dog-bird_b0.01_eps8_seed42_lam1_cosine_seldpp0.1_worst0.05_ce5_tgt14__def-none+aug-randaug ===
[2026-08-27 10:57:48]     poisons replayed from /tmp/augment_extra/ours_result/CIFAR10_ResNet20BN_sapa_ours_dog-bird_b0.01_eps8_seed42_lam1_cosine_seldpp0.1_worst0.05_ce5_tgt14
[2026-08-27 10:57:48]     defense = none  (none+aug-randaug)
[2026-08-27 10:57:48]     victim augmentation = randaug  (applied to the poisoned image, resampled every epoch)
[2026-08-27 10:57:48] args: {"adv_eps": 8.0, "adv_step_size": 0.0, "adv_steps": 5, "attack": "sapa", "aug_cutout_length": 16, "aug_flip_p": 0.5, "aug_pad": 4, "aug_randaug_magnitude": 9, "aug_randaug_ops": 2, "base": "ours", "base_dist": "cosine", "budget": 0.01, "cache_dir": "/tmp/augment_extra/cache", "class_pair": "dog-bird", "clean_baseline": true, "craft_aug": true, "craft_ensemble": 5, "data_path": "/tmp/augment_extra/data", "dataset": "CIFAR10", "defense": "none", "defense_out_dir": "/tmp/augment_extra/augment_extra_result", "defense_parts": ["none"], "dsa_strategy": "color_crop_cutout_flip_scale_rotate", "epic_cluster_thresh": 1.0, "epic_drop_after": 10, "epic_freq": 2, "epic_metric": "euclidean", "epic_stop_after": -1, "epic_subset_size": 0.1, "epsilon": 0.0313725, "fc_mode": "sample", "friendly_begin_epoch": 5, "friendly_bs": 512, "friendly_clamp": 16.0, "friendly_epochs": 30, "friendly_lr": 100.0, "friendly_momentum": 0.9, "friendly_mu": 1.0, "gpus": "all", "jacobian_batch_size": 64, "jacobian_weight": 1.0, "lambda_margin": 1.0, "list_cached": false, "model": "ResNet20BN", "no_resume": false, "noise_eps": 8.0, "noise_type": [], "num_targets": 5, "num_victims": 4, "out_dir": "/tmp/augment_extra/ours_result", "pair_order": "poison-target", "parallel_trials": true, "recompute_deltas": false, "seed": 42, "sel_alpha": 0.1, "sel_dpp": true, "sel_filter": false, "sel_mmr": false, "sel_mode": "dpp", "sel_mu": 1.0, "sel_pca": false, "sel_pool": 3.0, "sharp_mode": "worst", "sharp_samples": 20, "sharp_sigma": 0.05, "target_idx_file": "/tmp/augment_extra/target_sets/aug_ResNet20BN_sapa_dog-bird_b0.01.json", "target_select": 14, "use_jacobian_score": false, "victim_aug": "randaug", "victim_bs": 125, "victim_decay": [40], "victim_epochs": 50, "victim_lr": 0.1, "victim_wd": 0.0}
[2026-08-27 10:58:00]   5 target(s) with saved poisons: [833, 4630, 5118, 5324, 8740]
[2026-08-27 10:58:00] === defended clean victims (4 x ResNet20BN, defense none+aug-randaug) ===
[2026-08-27 10:58:00]   victim augmentation: VictimAugmenter(randaug: crop4+flip0.5 -> randaug(n=2, m from 14 ops))
[2026-08-27 11:05:29]   trained defended clean victim 0 (ResNet20BN, none+aug-randaug): test acc = 0.9050 (449 s)
[2026-08-27 11:12:58]   trained defended clean victim 1 (ResNet20BN, none+aug-randaug): test acc = 0.9004 (449 s)
[2026-08-27 11:20:26]   trained defended clean victim 2 (ResNet20BN, none+aug-randaug): test acc = 0.9051 (448 s)
[2026-08-27 11:27:55]   trained defended clean victim 3 (ResNet20BN, none+aug-randaug): test acc = 0.9040 (449 s)
[2026-08-27 11:27:56]   defended clean CTA = 0.9036 +/- 0.0019
[2026-08-27 11:27:56] === target 833: 500 saved poisons, realized linf 8.00/255 ===
[2026-08-27 11:35:23]   [t833 v1/4] fail (pred=bird) CTA=0.9010 (447 s)
[2026-08-27 11:42:51]   [t833 v2/4] SUCCESS (pred=dog) CTA=0.9071 (448 s)
[2026-08-27 11:50:21]   [t833 v3/4] fail (pred=bird) CTA=0.9043 (449 s)
[2026-08-27 11:57:49]   [t833 v4/4] fail (pred=bird) CTA=0.9001 (448 s)
[2026-08-27 11:57:49] === target 4630: 500 saved poisons, realized linf 8.00/255 ===
[2026-08-27 12:05:18]   [t4630 v1/4] SUCCESS (pred=dog) CTA=0.9071 (449 s)
[2026-08-27 12:12:47]   [t4630 v2/4] SUCCESS (pred=dog) CTA=0.9048 (449 s)
[2026-08-27 12:20:16]   [t4630 v3/4] fail (pred=bird) CTA=0.9041 (449 s)
[2026-08-27 12:27:45]   [t4630 v4/4] SUCCESS (pred=dog) CTA=0.9000 (449 s)
[2026-08-27 12:27:45] === target 5118: 500 saved poisons, realized linf 8.00/255 ===
[2026-08-27 12:35:14]   [t5118 v1/4] SUCCESS (pred=dog) CTA=0.9000 (449 s)
[2026-08-27 12:42:43]   [t5118 v2/4] SUCCESS (pred=dog) CTA=0.8967 (449 s)
[2026-08-27 12:50:13]   [t5118 v3/4] fail (pred=bird) CTA=0.9022 (450 s)
[2026-08-27 12:57:42]   [t5118 v4/4] SUCCESS (pred=dog) CTA=0.9030 (449 s)
[2026-08-27 12:57:42] === target 5324: 500 saved poisons, realized linf 8.00/255 ===
[2026-08-27 13:05:10]   [t5324 v1/4] SUCCESS (pred=dog) CTA=0.9008 (448 s)
[2026-08-27 13:12:38]   [t5324 v2/4] SUCCESS (pred=dog) CTA=0.8985 (448 s)
[2026-08-27 13:20:07]   [t5324 v3/4] SUCCESS (pred=dog) CTA=0.8989 (449 s)
[2026-08-27 13:27:35]   [t5324 v4/4] fail (pred=ship) CTA=0.9073 (448 s)
[2026-08-27 13:27:35] === target 8740: 500 saved poisons, realized linf 8.00/255 ===
[2026-08-27 13:35:04]   [t8740 v1/4] fail (pred=bird) CTA=0.9012 (449 s)
[2026-08-27 13:42:33]   [t8740 v2/4] SUCCESS (pred=dog) CTA=0.8998 (449 s)
[2026-08-27 13:50:02]   [t8740 v3/4] fail (pred=bird) CTA=0.8999 (449 s)
signal: received USR1; stopping the step before final sync
srun: forcing job termination
srun: Job step aborted: Waiting up to 32 seconds for job step to finish.
[2026-08-27T13:52:19.040] error: *** STEP 634288.0 ON rack03-08 CANCELLED AT 2026-08-27T13:52:19 DUE to SIGNAL Killed ***
srun: error: rack03-08: task 0: Killed
sync: augment-extra cell -> /home/mmoslem3/scratch/PoisonBase
