environment modules unavailable; using /home/mmoslem3/ENV directly
paired targets: [409, 630, 1656, 2270, 9870]
job: 634294 augx_032_r11_d2_c on rack10-05
cell: row=11 selection=dpp2 augmentation=cutout
protocol: 5 paired targets x 4 victims
gpu: NVIDIA L40S
[2026-08-27T11:03:36.157] error: couldn't chdir to `/tmp/augment_extra': No such file or directory: going to /tmp instead
[2026-08-27 11:03:39] === defense run: CIFAR10_VGG13BN_gradmatch_ours_dog-bird_b0.005_eps8_seed42_lam1_cosine_seldpp2_ce5_tgt50__def-none+aug-cutout ===
[2026-08-27 11:03:39]     poisons replayed from /tmp/augment_extra/ours_result/CIFAR10_VGG13BN_gradmatch_ours_dog-bird_b0.005_eps8_seed42_lam1_cosine_seldpp2_ce5_tgt50
[2026-08-27 11:03:39]     defense = none  (none+aug-cutout)
[2026-08-27 11:03:39]     victim augmentation = cutout  (applied to the poisoned image, resampled every epoch)
[2026-08-27 11:03:39] args: {"adv_eps": 8.0, "adv_step_size": 0.0, "adv_steps": 5, "attack": "gradmatch", "aug_cutout_length": 16, "aug_flip_p": 0.5, "aug_pad": 4, "aug_randaug_magnitude": 9, "aug_randaug_ops": 2, "base": "ours", "base_dist": "cosine", "budget": 0.005, "cache_dir": "/tmp/augment_extra/cache", "class_pair": "dog-bird", "clean_baseline": true, "craft_aug": true, "craft_ensemble": 5, "data_path": "/tmp/augment_extra/data", "dataset": "CIFAR10", "defense": "none", "defense_out_dir": "/tmp/augment_extra/augment_extra_result", "defense_parts": ["none"], "dsa_strategy": "color_crop_cutout_flip_scale_rotate", "epic_cluster_thresh": 1.0, "epic_drop_after": 10, "epic_freq": 2, "epic_metric": "euclidean", "epic_stop_after": -1, "epic_subset_size": 0.1, "epsilon": 0.0313725, "fc_mode": "sample", "friendly_begin_epoch": 5, "friendly_bs": 512, "friendly_clamp": 16.0, "friendly_epochs": 30, "friendly_lr": 100.0, "friendly_momentum": 0.9, "friendly_mu": 1.0, "gpus": "all", "jacobian_batch_size": 64, "jacobian_weight": 1.0, "lambda_margin": 1.0, "list_cached": false, "model": "VGG13BN", "no_resume": false, "noise_eps": 8.0, "noise_type": [], "num_targets": 5, "num_victims": 4, "out_dir": "/tmp/augment_extra/ours_result", "pair_order": "poison-target", "parallel_trials": true, "recompute_deltas": false, "seed": 42, "sel_alpha": 2.0, "sel_dpp": true, "sel_filter": false, "sel_mmr": false, "sel_mode": "dpp", "sel_mu": 1.0, "sel_pca": false, "sel_pool": 3.0, "sharp_mode": "worst", "sharp_samples": 20, "sharp_sigma": 0.05, "target_idx_file": "/tmp/augment_extra/target_sets/aug_VGG13BN_gradmatch_dog-bird_b0.005.json", "target_select": 50, "use_jacobian_score": false, "victim_aug": "cutout", "victim_bs": 125, "victim_decay": [40], "victim_epochs": 50, "victim_lr": 0.1, "victim_wd": 0.0}
[2026-08-27 11:03:51]   5 target(s) with saved poisons: [409, 630, 1656, 2270, 9870]
[2026-08-27 11:03:51] === defended clean victims (4 x VGG13BN, defense none+aug-cutout) ===
[2026-08-27 11:03:51]   victim augmentation: VictimAugmenter(cutout: crop4+flip0.5 -> cutout16)
[2026-08-27 11:05:31]   trained defended clean victim 0 (VGG13BN, none+aug-cutout): test acc = 0.9088 (100 s)
[2026-08-27 11:07:11]   trained defended clean victim 1 (VGG13BN, none+aug-cutout): test acc = 0.9078 (100 s)
[2026-08-27 11:08:51]   trained defended clean victim 2 (VGG13BN, none+aug-cutout): test acc = 0.9095 (100 s)
[2026-08-27 11:10:31]   trained defended clean victim 3 (VGG13BN, none+aug-cutout): test acc = 0.8871 (100 s)
[2026-08-27 11:10:32]   defended clean CTA = 0.9033 +/- 0.0094
[2026-08-27 11:10:32] === target 409: 250 saved poisons, realized linf 8.00/255 ===
[2026-08-27 11:12:12]   [t409 v1/4] fail (pred=bird) CTA=0.9090 (100 s)
[2026-08-27 11:13:52]   [t409 v2/4] fail (pred=bird) CTA=0.9072 (100 s)
[2026-08-27 11:15:32]   [t409 v3/4] SUCCESS (pred=dog) CTA=0.9114 (100 s)
[2026-08-27 11:17:12]   [t409 v4/4] SUCCESS (pred=dog) CTA=0.9087 (100 s)
[2026-08-27 11:17:12] === target 630: 250 saved poisons, realized linf 8.00/255 ===
[2026-08-27 11:18:52]   [t630 v1/4] fail (pred=bird) CTA=0.9128 (100 s)
[2026-08-27 11:20:33]   [t630 v2/4] SUCCESS (pred=dog) CTA=0.9178 (101 s)
[2026-08-27 11:22:15]   [t630 v3/4] fail (pred=bird) CTA=0.9113 (101 s)
[2026-08-27 11:23:56]   [t630 v4/4] fail (pred=bird) CTA=0.9190 (101 s)
[2026-08-27 11:23:56] === target 1656: 250 saved poisons, realized linf 8.00/255 ===
[2026-08-27 11:25:38]   [t1656 v1/4] fail (pred=bird) CTA=0.9193 (102 s)
[2026-08-27 11:27:19]   [t1656 v2/4] fail (pred=bird) CTA=0.9112 (102 s)
[2026-08-27 11:29:01]   [t1656 v3/4] SUCCESS (pred=dog) CTA=0.9118 (101 s)
[2026-08-27 11:30:43]   [t1656 v4/4] SUCCESS (pred=dog) CTA=0.9147 (102 s)
[2026-08-27 11:30:43] === target 2270: 250 saved poisons, realized linf 8.00/255 ===
[2026-08-27 11:32:22]   [t2270 v1/4] SUCCESS (pred=dog) CTA=0.9050 (100 s)
[2026-08-27 11:34:02]   [t2270 v2/4] SUCCESS (pred=dog) CTA=0.8937 (100 s)
[2026-08-27 11:35:41]   [t2270 v3/4] SUCCESS (pred=dog) CTA=0.9163 (100 s)
[2026-08-27 11:37:21]   [t2270 v4/4] SUCCESS (pred=dog) CTA=0.9093 (100 s)
[2026-08-27 11:37:21] === target 9870: 250 saved poisons, realized linf 8.00/255 ===
[2026-08-27 11:39:01]   [t9870 v1/4] fail (pred=bird) CTA=0.9173 (100 s)
[2026-08-27 11:40:40]   [t9870 v2/4] fail (pred=bird) CTA=0.9121 (99 s)
[2026-08-27 11:42:20]   [t9870 v3/4] fail (pred=bird) CTA=0.9108 (99 s)
[2026-08-27 11:43:59]   [t9870 v4/4] fail (pred=bird) CTA=0.9046 (99 s)
[2026-08-27 11:43:59] ==== CIFAR10_VGG13BN_gradmatch_ours_dog-bird_b0.005_eps8_seed42_lam1_cosine_seldpp2_ce5_tgt50 | defense none+aug-cutout : ASR = 45.0% +/- 33.2% | CTA = 0.9112 (defended clean 0.9033) ====
[2026-08-27 11:43:59]   target-prediction tally ['airplane', 'automobile', 'bird', 'cat', 'deer', 'dog', 'frog', 'horse', 'ship', 'truck']: [0, 0, 11, 0, 0, 9, 0, 0, 0, 0]
sync: augment-extra cell -> /home/mmoslem3/scratch/PoisonBase
