environment modules unavailable; using /home/mmoslem3/ENV directly
paired targets: [2540, 3725, 3875, 5169, 5705]
job: 634210 augx_103_r01_g_r on rack06-10
cell: row=01 selection=greedy augmentation=randaug
protocol: 5 paired targets x 4 victims
gpu: NVIDIA L40S
[2026-08-27T11:11:01.322] error: couldn't chdir to `/tmp/augment_extra': No such file or directory: going to /tmp instead
[2026-08-27 11:11:04] === defense run: CIFAR10_ConvNetBN_fc_ours_dog-bird_b0.002_eps8_seed42_lam1_cosine_ce5_tgt50__def-none+aug-randaug ===
[2026-08-27 11:11:04]     poisons replayed from /tmp/augment_extra/ours_result/CIFAR10_ConvNetBN_fc_ours_dog-bird_b0.002_eps8_seed42_lam1_cosine_ce5_tgt50
[2026-08-27 11:11:04]     defense = none  (none+aug-randaug)
[2026-08-27 11:11:04]     victim augmentation = randaug  (applied to the poisoned image, resampled every epoch)
[2026-08-27 11:11:04] args: {"adv_eps": 8.0, "adv_step_size": 0.0, "adv_steps": 5, "attack": "fc", "aug_cutout_length": 16, "aug_flip_p": 0.5, "aug_pad": 4, "aug_randaug_magnitude": 9, "aug_randaug_ops": 2, "base": "ours", "base_dist": "cosine", "budget": 0.002, "cache_dir": "/tmp/augment_extra/cache", "class_pair": "dog-bird", "clean_baseline": true, "craft_aug": true, "craft_ensemble": 5, "data_path": "/tmp/augment_extra/data", "dataset": "CIFAR10", "defense": "none", "defense_out_dir": "/tmp/augment_extra/augment_extra_result", "defense_parts": ["none"], "dsa_strategy": "color_crop_cutout_flip_scale_rotate", "epic_cluster_thresh": 1.0, "epic_drop_after": 10, "epic_freq": 2, "epic_metric": "euclidean", "epic_stop_after": -1, "epic_subset_size": 0.1, "epsilon": 0.0313725, "fc_mode": "sample", "friendly_begin_epoch": 5, "friendly_bs": 512, "friendly_clamp": 16.0, "friendly_epochs": 30, "friendly_lr": 100.0, "friendly_momentum": 0.9, "friendly_mu": 1.0, "gpus": "all", "jacobian_batch_size": 64, "jacobian_weight": 1.0, "lambda_margin": 1.0, "list_cached": false, "model": "ConvNetBN", "no_resume": false, "noise_eps": 8.0, "noise_type": [], "num_targets": 5, "num_victims": 4, "out_dir": "/tmp/augment_extra/ours_result", "pair_order": "poison-target", "parallel_trials": true, "recompute_deltas": false, "seed": 42, "sel_alpha": 1.0, "sel_dpp": false, "sel_filter": false, "sel_mmr": false, "sel_mode": null, "sel_mu": 1.0, "sel_pca": false, "sel_pool": 3.0, "sharp_mode": "worst", "sharp_samples": 20, "sharp_sigma": 0.05, "target_idx_file": "/tmp/augment_extra/target_sets/aug_ConvNetBN_fc_dog-bird_b0.002.json", "target_select": 50, "use_jacobian_score": false, "victim_aug": "randaug", "victim_bs": 125, "victim_decay": [40], "victim_epochs": 50, "victim_lr": 0.1, "victim_wd": 0.0}
[2026-08-27 11:11:16]   5 target(s) with saved poisons: [2540, 3725, 3875, 5169, 5705]
[2026-08-27 11:11:16] === defended clean victims (4 x ConvNetBN, defense none+aug-randaug) ===
[2026-08-27 11:11:17]   defended clean CTA = 0.8595 +/- 0.0096
[2026-08-27 11:11:17] === target 2540: 100 saved poisons, realized linf 8.00/255 ===
[2026-08-27 11:11:17]   victim augmentation: VictimAugmenter(randaug: crop4+flip0.5 -> randaug(n=2, m from 14 ops))
[2026-08-27 11:17:41]   [t2540 v1/4] fail (pred=bird) CTA=0.8649 (384 s)
[2026-08-27 11:24:05]   [t2540 v2/4] fail (pred=bird) CTA=0.8204 (384 s)
[2026-08-27 11:30:29]   [t2540 v3/4] fail (pred=bird) CTA=0.8577 (384 s)
[2026-08-27 11:36:53]   [t2540 v4/4] fail (pred=bird) CTA=0.8273 (384 s)
[2026-08-27 11:36:53] === target 3725: 100 saved poisons, realized linf 8.00/255 ===
[2026-08-27 11:43:17]   [t3725 v1/4] fail (pred=bird) CTA=0.8500 (384 s)
[2026-08-27 11:49:40]   [t3725 v2/4] fail (pred=bird) CTA=0.8540 (384 s)
[2026-08-27 11:56:04]   [t3725 v3/4] fail (pred=bird) CTA=0.8649 (383 s)
[2026-08-27 12:02:28]   [t3725 v4/4] fail (pred=bird) CTA=0.7411 (384 s)
[2026-08-27 12:02:28] === target 3875: 100 saved poisons, realized linf 8.00/255 ===
[2026-08-27 12:08:52]   [t3875 v1/4] fail (pred=bird) CTA=0.8582 (384 s)
[2026-08-27 12:15:16]   [t3875 v2/4] fail (pred=bird) CTA=0.8455 (384 s)
[2026-08-27 12:21:40]   [t3875 v3/4] fail (pred=bird) CTA=0.8534 (384 s)
[2026-08-27 12:28:02]   [t3875 v4/4] fail (pred=bird) CTA=0.8380 (383 s)
[2026-08-27 12:28:03] === target 5169: 100 saved poisons, realized linf 8.00/255 ===
[2026-08-27 12:34:27]   [t5169 v1/4] fail (pred=bird) CTA=0.8577 (384 s)
[2026-08-27 12:40:55]   [t5169 v2/4] fail (pred=bird) CTA=0.8074 (388 s)
[2026-08-27 12:47:17]   [t5169 v3/4] fail (pred=bird) CTA=0.8501 (383 s)
[2026-08-27 12:53:41]   [t5169 v4/4] fail (pred=bird) CTA=0.8360 (384 s)
[2026-08-27 12:53:41] === target 5705: 100 saved poisons, realized linf 8.00/255 ===
[2026-08-27 13:00:05]   [t5705 v1/4] fail (pred=bird) CTA=0.8505 (384 s)
[2026-08-27 13:06:28]   [t5705 v2/4] fail (pred=bird) CTA=0.8462 (383 s)
[2026-08-27 13:12:51]   [t5705 v3/4] fail (pred=bird) CTA=0.8628 (383 s)
[2026-08-27 13:19:15]   [t5705 v4/4] fail (pred=bird) CTA=0.8543 (384 s)
[2026-08-27 13:19:15] ==== CIFAR10_ConvNetBN_fc_ours_dog-bird_b0.002_eps8_seed42_lam1_cosine_ce5_tgt50 | defense none+aug-randaug : ASR = 0.0% +/- 0.0% | CTA = 0.8420 (defended clean 0.8595) ====
[2026-08-27 13:19:15]   target-prediction tally ['airplane', 'automobile', 'bird', 'cat', 'deer', 'dog', 'frog', 'horse', 'ship', 'truck']: [0, 0, 20, 0, 0, 0, 0, 0, 0, 0]
sync: augment-extra cell -> /home/mmoslem3/scratch/PoisonBase
