environment modules unavailable; using /home/mmoslem3/ENV directly
paired targets: [843, 1257, 8055, 8252, 8730]
job: 634128 augx_149_r04_g_n on rack09-09
cell: row=04 selection=greedy augmentation=none
protocol: 5 paired targets x 4 victims
gpu: NVIDIA L40S
[2026-08-27T06:57:14.461] error: couldn't chdir to `/tmp/augment_extra': No such file or directory: going to /tmp instead
[2026-08-27 06:57:17] === defense run: CIFAR10_ConvNetBN_gradmatch_ours_dog-bird_b0.02_eps8_seed42_lam1_cosine_ce5_tgt70__def-none ===
[2026-08-27 06:57:17]     poisons replayed from /tmp/augment_extra/ours_result/CIFAR10_ConvNetBN_gradmatch_ours_dog-bird_b0.02_eps8_seed42_lam1_cosine_ce5_tgt70
[2026-08-27 06:57:17]     defense = none  (none)
[2026-08-27 06:57:17]     victim augmentation = none  (applied to the poisoned image, resampled every epoch)
[2026-08-27 06:57:17] args: {"adv_eps": 8.0, "adv_step_size": 0.0, "adv_steps": 5, "attack": "gradmatch", "aug_cutout_length": 16, "aug_flip_p": 0.5, "aug_pad": 4, "aug_randaug_magnitude": 9, "aug_randaug_ops": 2, "base": "ours", "base_dist": "cosine", "budget": 0.02, "cache_dir": "/tmp/augment_extra/cache", "class_pair": "dog-bird", "clean_baseline": true, "craft_aug": true, "craft_ensemble": 5, "data_path": "/tmp/augment_extra/data", "dataset": "CIFAR10", "defense": "none", "defense_out_dir": "/tmp/augment_extra/augment_extra_result", "defense_parts": ["none"], "dsa_strategy": "color_crop_cutout_flip_scale_rotate", "epic_cluster_thresh": 1.0, "epic_drop_after": 10, "epic_freq": 2, "epic_metric": "euclidean", "epic_stop_after": -1, "epic_subset_size": 0.1, "epsilon": 0.0313725, "fc_mode": "sample", "friendly_begin_epoch": 5, "friendly_bs": 512, "friendly_clamp": 16.0, "friendly_epochs": 30, "friendly_lr": 100.0, "friendly_momentum": 0.9, "friendly_mu": 1.0, "gpus": "all", "jacobian_batch_size": 64, "jacobian_weight": 1.0, "lambda_margin": 1.0, "list_cached": false, "model": "ConvNetBN", "no_resume": false, "noise_eps": 8.0, "noise_type": [], "num_targets": 5, "num_victims": 4, "out_dir": "/tmp/augment_extra/ours_result", "pair_order": "poison-target", "parallel_trials": true, "recompute_deltas": false, "seed": 42, "sel_alpha": 1.0, "sel_dpp": false, "sel_filter": false, "sel_mmr": false, "sel_mode": null, "sel_mu": 1.0, "sel_pca": false, "sel_pool": 3.0, "sharp_mode": "worst", "sharp_samples": 20, "sharp_sigma": 0.05, "target_idx_file": "/tmp/augment_extra/target_sets/aug_ConvNetBN_gradmatch_dog-bird_b0.02.json", "target_select": 70, "use_jacobian_score": false, "victim_aug": "none", "victim_bs": 125, "victim_decay": [40], "victim_epochs": 50, "victim_lr": 0.1, "victim_wd": 0.0}
[2026-08-27 06:57:30]   5 target(s) with saved poisons: [843, 1257, 8055, 8252, 8730]
[2026-08-27 06:57:30] === defended clean victims (4 x ConvNetBN, defense none) ===
[2026-08-27 06:57:31]   defended clean CTA = 0.8153 +/- 0.0048
[2026-08-27 06:57:31] === target 843: 1000 saved poisons, realized linf 8.00/255 ===
[2026-08-27 06:58:21]   [t843 v1/4] SUCCESS (pred=dog) CTA=0.8008 (50 s)
[2026-08-27 06:59:10]   [t843 v2/4] SUCCESS (pred=dog) CTA=0.8011 (50 s)
[2026-08-27 07:00:00]   [t843 v3/4] SUCCESS (pred=dog) CTA=0.8106 (50 s)
[2026-08-27 07:00:49]   [t843 v4/4] SUCCESS (pred=dog) CTA=0.8050 (50 s)
[2026-08-27 07:00:49] === target 1257: 1000 saved poisons, realized linf 8.00/255 ===
[2026-08-27 07:01:39]   [t1257 v1/4] SUCCESS (pred=dog) CTA=0.7987 (50 s)
[2026-08-27 07:02:28]   [t1257 v2/4] SUCCESS (pred=dog) CTA=0.8038 (50 s)
[2026-08-27 07:03:18]   [t1257 v3/4] SUCCESS (pred=dog) CTA=0.8055 (50 s)
[2026-08-27 07:04:07]   [t1257 v4/4] SUCCESS (pred=dog) CTA=0.7960 (50 s)
[2026-08-27 07:04:07] === target 8055: 1000 saved poisons, realized linf 8.00/255 ===
[2026-08-27 07:04:57]   [t8055 v1/4] SUCCESS (pred=dog) CTA=0.8070 (50 s)
[2026-08-27 07:05:47]   [t8055 v2/4] SUCCESS (pred=dog) CTA=0.7987 (50 s)
[2026-08-27 07:06:36]   [t8055 v3/4] SUCCESS (pred=dog) CTA=0.8121 (50 s)
[2026-08-27 07:07:26]   [t8055 v4/4] SUCCESS (pred=dog) CTA=0.7879 (50 s)
[2026-08-27 07:07:26] === target 8252: 1000 saved poisons, realized linf 8.00/255 ===
[2026-08-27 07:08:15]   [t8252 v1/4] SUCCESS (pred=dog) CTA=0.7995 (50 s)
[2026-08-27 07:09:05]   [t8252 v2/4] SUCCESS (pred=dog) CTA=0.8188 (50 s)
[2026-08-27 07:09:55]   [t8252 v3/4] SUCCESS (pred=dog) CTA=0.8078 (50 s)
[2026-08-27 07:10:44]   [t8252 v4/4] SUCCESS (pred=dog) CTA=0.7977 (50 s)
[2026-08-27 07:10:44] === target 8730: 1000 saved poisons, realized linf 8.00/255 ===
[2026-08-27 07:11:34]   [t8730 v1/4] fail (pred=bird) CTA=0.8054 (50 s)
[2026-08-27 07:12:23]   [t8730 v2/4] SUCCESS (pred=dog) CTA=0.8093 (50 s)
[2026-08-27 07:13:13]   [t8730 v3/4] SUCCESS (pred=dog) CTA=0.8138 (50 s)
[2026-08-27 07:14:02]   [t8730 v4/4] SUCCESS (pred=dog) CTA=0.7998 (50 s)
[2026-08-27 07:14:03]   control check vs the undefended run: 20/20 trials agree, max |dCTA| = 0.00000 (cudnn is not bit-deterministic, so a stray flip near the decision boundary is expected)
[2026-08-27 07:14:03] ==== CIFAR10_ConvNetBN_gradmatch_ours_dog-bird_b0.02_eps8_seed42_lam1_cosine_ce5_tgt70 | defense none : ASR = 95.0% +/- 10.0% | CTA = 0.8040 (defended clean 0.8153) ====
[2026-08-27 07:14:03]   target-prediction tally ['airplane', 'automobile', 'bird', 'cat', 'deer', 'dog', 'frog', 'horse', 'ship', 'truck']: [0, 0, 1, 0, 0, 19, 0, 0, 0, 0]
sync: augment-extra cell -> /home/mmoslem3/scratch/PoisonBase
