environment modules unavailable; using /home/mmoslem3/ENV directly
paired targets: [2315, 2903, 3495, 6697, 6899]
job: 634237 augx_198_r06_d25_s on rack07-03
cell: row=06 selection=dpp025 augmentation=standard
protocol: 5 paired targets x 4 victims
gpu: NVIDIA L40S
[2026-08-27T09:23:25.015] error: couldn't chdir to `/tmp/augment_extra': No such file or directory: going to /tmp instead
[2026-08-27 09:23:32] === defense run: CIFAR10_ResNet20BN_fc_ours_dog-bird_b0.01_eps8_seed42_lam1_cosine_seldpp0.25_ce5_tgt10__def-none+aug-standard ===
[2026-08-27 09:23:32]     poisons replayed from /tmp/augment_extra/ours_result/CIFAR10_ResNet20BN_fc_ours_dog-bird_b0.01_eps8_seed42_lam1_cosine_seldpp0.25_ce5_tgt10
[2026-08-27 09:23:32]     defense = none  (none+aug-standard)
[2026-08-27 09:23:32]     victim augmentation = standard  (applied to the poisoned image, resampled every epoch)
[2026-08-27 09:23:32] args: {"adv_eps": 8.0, "adv_step_size": 0.0, "adv_steps": 5, "attack": "fc", "aug_cutout_length": 16, "aug_flip_p": 0.5, "aug_pad": 4, "aug_randaug_magnitude": 9, "aug_randaug_ops": 2, "base": "ours", "base_dist": "cosine", "budget": 0.01, "cache_dir": "/tmp/augment_extra/cache", "class_pair": "dog-bird", "clean_baseline": true, "craft_aug": true, "craft_ensemble": 5, "data_path": "/tmp/augment_extra/data", "dataset": "CIFAR10", "defense": "none", "defense_out_dir": "/tmp/augment_extra/augment_extra_result", "defense_parts": ["none"], "dsa_strategy": "color_crop_cutout_flip_scale_rotate", "epic_cluster_thresh": 1.0, "epic_drop_after": 10, "epic_freq": 2, "epic_metric": "euclidean", "epic_stop_after": -1, "epic_subset_size": 0.1, "epsilon": 0.0313725, "fc_mode": "sample", "friendly_begin_epoch": 5, "friendly_bs": 512, "friendly_clamp": 16.0, "friendly_epochs": 30, "friendly_lr": 100.0, "friendly_momentum": 0.9, "friendly_mu": 1.0, "gpus": "all", "jacobian_batch_size": 64, "jacobian_weight": 1.0, "lambda_margin": 1.0, "list_cached": false, "model": "ResNet20BN", "no_resume": false, "noise_eps": 8.0, "noise_type": [], "num_targets": 5, "num_victims": 4, "out_dir": "/tmp/augment_extra/ours_result", "pair_order": "poison-target", "parallel_trials": true, "recompute_deltas": false, "seed": 42, "sel_alpha": 0.25, "sel_dpp": true, "sel_filter": false, "sel_mmr": false, "sel_mode": "dpp", "sel_mu": 1.0, "sel_pca": false, "sel_pool": 3.0, "sharp_mode": "worst", "sharp_samples": 20, "sharp_sigma": 0.05, "target_idx_file": "/tmp/augment_extra/target_sets/aug_ResNet20BN_fc_dog-bird_b0.01.json", "target_select": 10, "use_jacobian_score": false, "victim_aug": "standard", "victim_bs": 125, "victim_decay": [40], "victim_epochs": 50, "victim_lr": 0.1, "victim_wd": 0.0}
[2026-08-27 09:24:18]   5 target(s) with saved poisons: [2315, 2903, 3495, 6697, 6899]
[2026-08-27 09:24:18] === defended clean victims (4 x ResNet20BN, defense none+aug-standard) ===
[2026-08-27 09:24:20]   defended clean CTA = 0.8984 +/- 0.0025
[2026-08-27 09:24:20] === target 2315: 500 saved poisons, realized linf 8.00/255 ===
[2026-08-27 09:24:20]   victim augmentation: VictimAugmenter(standard: crop4+flip0.5)
[2026-08-27 09:30:23]   [t2315 v1/4] fail (pred=bird) CTA=0.8933 (364 s)
[2026-08-27 09:36:26]   [t2315 v2/4] fail (pred=bird) CTA=0.8931 (363 s)
[2026-08-27 09:42:29]   [t2315 v3/4] fail (pred=bird) CTA=0.8922 (363 s)
[2026-08-27 09:48:32]   [t2315 v4/4] fail (pred=bird) CTA=0.8947 (363 s)
[2026-08-27 09:48:32] === target 2903: 500 saved poisons, realized linf 8.00/255 ===
[2026-08-27 09:54:35]   [t2903 v1/4] fail (pred=bird) CTA=0.8992 (363 s)
[2026-08-27 10:00:38]   [t2903 v2/4] fail (pred=bird) CTA=0.8953 (363 s)
[2026-08-27 10:06:41]   [t2903 v3/4] fail (pred=bird) CTA=0.8933 (363 s)
[2026-08-27 10:12:44]   [t2903 v4/4] fail (pred=bird) CTA=0.8919 (363 s)
[2026-08-27 10:12:44] === target 3495: 500 saved poisons, realized linf 8.00/255 ===
[2026-08-27 10:18:47]   [t3495 v1/4] fail (pred=bird) CTA=0.8929 (363 s)
[2026-08-27 10:24:50]   [t3495 v2/4] fail (pred=bird) CTA=0.8930 (363 s)
[2026-08-27 10:30:53]   [t3495 v3/4] fail (pred=horse) CTA=0.8975 (363 s)
[2026-08-27 10:36:56]   [t3495 v4/4] fail (pred=bird) CTA=0.8949 (363 s)
[2026-08-27 10:36:56] === target 6697: 500 saved poisons, realized linf 8.00/255 ===
[2026-08-27 10:42:59]   [t6697 v1/4] SUCCESS (pred=dog) CTA=0.8959 (363 s)
[2026-08-27 10:49:02]   [t6697 v2/4] fail (pred=bird) CTA=0.8944 (363 s)
[2026-08-27 10:55:04]   [t6697 v3/4] fail (pred=frog) CTA=0.8948 (363 s)
[2026-08-27 11:01:07]   [t6697 v4/4] SUCCESS (pred=dog) CTA=0.8944 (363 s)
[2026-08-27 11:01:07] === target 6899: 500 saved poisons, realized linf 8.00/255 ===
[2026-08-27 11:07:10]   [t6899 v1/4] fail (pred=cat) CTA=0.8951 (363 s)
[2026-08-27 11:13:13]   [t6899 v2/4] fail (pred=bird) CTA=0.8981 (363 s)
[2026-08-27 11:19:16]   [t6899 v3/4] fail (pred=bird) CTA=0.9004 (363 s)
[2026-08-27 11:25:19]   [t6899 v4/4] fail (pred=cat) CTA=0.8961 (363 s)
[2026-08-27 11:25:19] ==== CIFAR10_ResNet20BN_fc_ours_dog-bird_b0.01_eps8_seed42_lam1_cosine_seldpp0.25_ce5_tgt10 | defense none+aug-standard : ASR = 10.0% +/- 20.0% | CTA = 0.8950 (defended clean 0.8984) ====
[2026-08-27 11:25:19]   target-prediction tally ['airplane', 'automobile', 'bird', 'cat', 'deer', 'dog', 'frog', 'horse', 'ship', 'truck']: [0, 0, 14, 2, 0, 2, 1, 1, 0, 0]
sync: augment-extra cell -> /home/mmoslem3/scratch/PoisonBase
