environment modules unavailable; using /home/mmoslem3/ENV directly
paired targets: [2540, 3725, 3875, 5169, 5705]
job: 634140 augx_108_r01_d25_c on rack13-16
cell: row=01 selection=dpp025 augmentation=cutout
protocol: 5 paired targets x 4 victims
gpu: NVIDIA L40S
[2026-08-27T11:09:58.335] error: couldn't chdir to `/tmp/augment_extra': No such file or directory: going to /tmp instead
[2026-08-27 11:10:01] === defense run: CIFAR10_ConvNetBN_fc_ours_dog-bird_b0.002_eps8_seed42_lam1_cosine_seldpp0.25_ce5_tgt50__def-none+aug-cutout ===
[2026-08-27 11:10:01]     poisons replayed from /tmp/augment_extra/ours_result/CIFAR10_ConvNetBN_fc_ours_dog-bird_b0.002_eps8_seed42_lam1_cosine_seldpp0.25_ce5_tgt50
[2026-08-27 11:10:01]     defense = none  (none+aug-cutout)
[2026-08-27 11:10:01]     victim augmentation = cutout  (applied to the poisoned image, resampled every epoch)
[2026-08-27 11:10:01] args: {"adv_eps": 8.0, "adv_step_size": 0.0, "adv_steps": 5, "attack": "fc", "aug_cutout_length": 16, "aug_flip_p": 0.5, "aug_pad": 4, "aug_randaug_magnitude": 9, "aug_randaug_ops": 2, "base": "ours", "base_dist": "cosine", "budget": 0.002, "cache_dir": "/tmp/augment_extra/cache", "class_pair": "dog-bird", "clean_baseline": true, "craft_aug": true, "craft_ensemble": 5, "data_path": "/tmp/augment_extra/data", "dataset": "CIFAR10", "defense": "none", "defense_out_dir": "/tmp/augment_extra/augment_extra_result", "defense_parts": ["none"], "dsa_strategy": "color_crop_cutout_flip_scale_rotate", "epic_cluster_thresh": 1.0, "epic_drop_after": 10, "epic_freq": 2, "epic_metric": "euclidean", "epic_stop_after": -1, "epic_subset_size": 0.1, "epsilon": 0.0313725, "fc_mode": "sample", "friendly_begin_epoch": 5, "friendly_bs": 512, "friendly_clamp": 16.0, "friendly_epochs": 30, "friendly_lr": 100.0, "friendly_momentum": 0.9, "friendly_mu": 1.0, "gpus": "all", "jacobian_batch_size": 64, "jacobian_weight": 1.0, "lambda_margin": 1.0, "list_cached": false, "model": "ConvNetBN", "no_resume": false, "noise_eps": 8.0, "noise_type": [], "num_targets": 5, "num_victims": 4, "out_dir": "/tmp/augment_extra/ours_result", "pair_order": "poison-target", "parallel_trials": true, "recompute_deltas": false, "seed": 42, "sel_alpha": 0.25, "sel_dpp": true, "sel_filter": false, "sel_mmr": false, "sel_mode": "dpp", "sel_mu": 1.0, "sel_pca": false, "sel_pool": 3.0, "sharp_mode": "worst", "sharp_samples": 20, "sharp_sigma": 0.05, "target_idx_file": "/tmp/augment_extra/target_sets/aug_ConvNetBN_fc_dog-bird_b0.002.json", "target_select": 50, "use_jacobian_score": false, "victim_aug": "cutout", "victim_bs": 125, "victim_decay": [40], "victim_epochs": 50, "victim_lr": 0.1, "victim_wd": 0.0}
[2026-08-27 11:10:13]   5 target(s) with saved poisons: [2540, 3725, 3875, 5169, 5705]
[2026-08-27 11:10:13] === defended clean victims (4 x ConvNetBN, defense none+aug-cutout) ===
[2026-08-27 11:10:14]   defended clean CTA = 0.8658 +/- 0.0063
[2026-08-27 11:10:14] === target 2540: 100 saved poisons, realized linf 8.00/255 ===
[2026-08-27 11:10:14]   victim augmentation: VictimAugmenter(cutout: crop4+flip0.5 -> cutout16)
[2026-08-27 11:11:06]   [t2540 v1/4] SUCCESS (pred=dog) CTA=0.8641 (52 s)
[2026-08-27 11:11:59]   [t2540 v2/4] fail (pred=bird) CTA=0.8196 (52 s)
[2026-08-27 11:12:51]   [t2540 v3/4] fail (pred=bird) CTA=0.8597 (52 s)
[2026-08-27 11:13:43]   [t2540 v4/4] fail (pred=bird) CTA=0.8683 (52 s)
[2026-08-27 11:13:43] === target 3725: 100 saved poisons, realized linf 8.00/255 ===
[2026-08-27 11:14:35]   [t3725 v1/4] fail (pred=bird) CTA=0.8656 (52 s)
[2026-08-27 11:15:27]   [t3725 v2/4] fail (pred=bird) CTA=0.8414 (52 s)
[2026-08-27 11:16:19]   [t3725 v3/4] fail (pred=bird) CTA=0.8652 (52 s)
[2026-08-27 11:17:11]   [t3725 v4/4] fail (pred=bird) CTA=0.8388 (52 s)
[2026-08-27 11:17:11] === target 3875: 100 saved poisons, realized linf 8.00/255 ===
[2026-08-27 11:18:04]   [t3875 v1/4] fail (pred=bird) CTA=0.8493 (52 s)
[2026-08-27 11:18:56]   [t3875 v2/4] fail (pred=bird) CTA=0.8563 (52 s)
[2026-08-27 11:19:48]   [t3875 v3/4] fail (pred=bird) CTA=0.8620 (52 s)
[2026-08-27 11:20:40]   [t3875 v4/4] fail (pred=bird) CTA=0.8576 (52 s)
[2026-08-27 11:20:40] === target 5169: 100 saved poisons, realized linf 8.00/255 ===
[2026-08-27 11:21:32]   [t5169 v1/4] fail (pred=bird) CTA=0.8152 (52 s)
[2026-08-27 11:22:24]   [t5169 v2/4] fail (pred=bird) CTA=0.8603 (52 s)
[2026-08-27 11:23:16]   [t5169 v3/4] fail (pred=bird) CTA=0.8676 (52 s)
[2026-08-27 11:24:09]   [t5169 v4/4] fail (pred=bird) CTA=0.8626 (52 s)
[2026-08-27 11:24:09] === target 5705: 100 saved poisons, realized linf 8.00/255 ===
[2026-08-27 11:25:01]   [t5705 v1/4] fail (pred=bird) CTA=0.8596 (52 s)
[2026-08-27 11:25:53]   [t5705 v2/4] fail (pred=bird) CTA=0.8629 (52 s)
[2026-08-27 11:26:45]   [t5705 v3/4] fail (pred=bird) CTA=0.8621 (52 s)
[2026-08-27 11:27:37]   [t5705 v4/4] fail (pred=bird) CTA=0.8648 (52 s)
[2026-08-27 11:27:37] ==== CIFAR10_ConvNetBN_fc_ours_dog-bird_b0.002_eps8_seed42_lam1_cosine_seldpp0.25_ce5_tgt50 | defense none+aug-cutout : ASR = 5.0% +/- 10.0% | CTA = 0.8552 (defended clean 0.8658) ====
[2026-08-27 11:27:37]   target-prediction tally ['airplane', 'automobile', 'bird', 'cat', 'deer', 'dog', 'frog', 'horse', 'ship', 'truck']: [0, 0, 19, 0, 0, 1, 0, 0, 0, 0]
sync: augment-extra cell -> /home/mmoslem3/scratch/PoisonBase
