environment modules unavailable; using /home/mmoslem3/ENV directly
paired targets: [2315, 2903, 3495, 6697, 6899]
job: 634236 augx_196_r06_d2_c on rack05-05
cell: row=06 selection=dpp2 augmentation=cutout
protocol: 5 paired targets x 4 victims
gpu: NVIDIA L40S
[2026-08-27T09:14:54.013] error: couldn't chdir to `/tmp/augment_extra': No such file or directory: going to /tmp instead
[2026-08-27 09:14:56] === defense run: CIFAR10_ResNet20BN_fc_ours_dog-bird_b0.01_eps8_seed42_lam1_cosine_seldpp2_ce5_tgt10__def-none+aug-cutout ===
[2026-08-27 09:14:56]     poisons replayed from /tmp/augment_extra/ours_result/CIFAR10_ResNet20BN_fc_ours_dog-bird_b0.01_eps8_seed42_lam1_cosine_seldpp2_ce5_tgt10
[2026-08-27 09:14:56]     defense = none  (none+aug-cutout)
[2026-08-27 09:14:56]     victim augmentation = cutout  (applied to the poisoned image, resampled every epoch)
[2026-08-27 09:14:56] args: {"adv_eps": 8.0, "adv_step_size": 0.0, "adv_steps": 5, "attack": "fc", "aug_cutout_length": 16, "aug_flip_p": 0.5, "aug_pad": 4, "aug_randaug_magnitude": 9, "aug_randaug_ops": 2, "base": "ours", "base_dist": "cosine", "budget": 0.01, "cache_dir": "/tmp/augment_extra/cache", "class_pair": "dog-bird", "clean_baseline": true, "craft_aug": true, "craft_ensemble": 5, "data_path": "/tmp/augment_extra/data", "dataset": "CIFAR10", "defense": "none", "defense_out_dir": "/tmp/augment_extra/augment_extra_result", "defense_parts": ["none"], "dsa_strategy": "color_crop_cutout_flip_scale_rotate", "epic_cluster_thresh": 1.0, "epic_drop_after": 10, "epic_freq": 2, "epic_metric": "euclidean", "epic_stop_after": -1, "epic_subset_size": 0.1, "epsilon": 0.0313725, "fc_mode": "sample", "friendly_begin_epoch": 5, "friendly_bs": 512, "friendly_clamp": 16.0, "friendly_epochs": 30, "friendly_lr": 100.0, "friendly_momentum": 0.9, "friendly_mu": 1.0, "gpus": "all", "jacobian_batch_size": 64, "jacobian_weight": 1.0, "lambda_margin": 1.0, "list_cached": false, "model": "ResNet20BN", "no_resume": false, "noise_eps": 8.0, "noise_type": [], "num_targets": 5, "num_victims": 4, "out_dir": "/tmp/augment_extra/ours_result", "pair_order": "poison-target", "parallel_trials": true, "recompute_deltas": false, "seed": 42, "sel_alpha": 2.0, "sel_dpp": true, "sel_filter": false, "sel_mmr": false, "sel_mode": "dpp", "sel_mu": 1.0, "sel_pca": false, "sel_pool": 3.0, "sharp_mode": "worst", "sharp_samples": 20, "sharp_sigma": 0.05, "target_idx_file": "/tmp/augment_extra/target_sets/aug_ResNet20BN_fc_dog-bird_b0.01.json", "target_select": 10, "use_jacobian_score": false, "victim_aug": "cutout", "victim_bs": 125, "victim_decay": [40], "victim_epochs": 50, "victim_lr": 0.1, "victim_wd": 0.0}
[2026-08-27 09:15:09]   5 target(s) with saved poisons: [2315, 2903, 3495, 6697, 6899]
[2026-08-27 09:15:09] === defended clean victims (4 x ResNet20BN, defense none+aug-cutout) ===
[2026-08-27 09:15:09]   defended clean CTA = 0.9008 +/- 0.0006
[2026-08-27 09:15:09] === target 2315: 500 saved poisons, realized linf 8.00/255 ===
[2026-08-27 09:15:09]   victim augmentation: VictimAugmenter(cutout: crop4+flip0.5 -> cutout16)
[2026-08-27 09:16:47]   [t2315 v1/4] fail (pred=bird) CTA=0.8992 (98 s)
[2026-08-27 09:18:26]   [t2315 v2/4] fail (pred=bird) CTA=0.8960 (98 s)
[2026-08-27 09:20:04]   [t2315 v3/4] fail (pred=bird) CTA=0.8970 (98 s)
[2026-08-27 09:21:42]   [t2315 v4/4] fail (pred=bird) CTA=0.8964 (98 s)
[2026-08-27 09:21:42] === target 2903: 500 saved poisons, realized linf 8.00/255 ===
[2026-08-27 09:23:20]   [t2903 v1/4] fail (pred=bird) CTA=0.8988 (98 s)
[2026-08-27 09:24:59]   [t2903 v2/4] fail (pred=bird) CTA=0.9026 (98 s)
[2026-08-27 09:26:37]   [t2903 v3/4] fail (pred=bird) CTA=0.8960 (98 s)
[2026-08-27 09:28:15]   [t2903 v4/4] fail (pred=bird) CTA=0.8987 (98 s)
[2026-08-27 09:28:15] === target 3495: 500 saved poisons, realized linf 8.00/255 ===
[2026-08-27 09:29:53]   [t3495 v1/4] fail (pred=bird) CTA=0.8955 (98 s)
[2026-08-27 09:31:31]   [t3495 v2/4] fail (pred=bird) CTA=0.8979 (98 s)
[2026-08-27 09:33:10]   [t3495 v3/4] fail (pred=bird) CTA=0.8992 (98 s)
[2026-08-27 09:34:48]   [t3495 v4/4] fail (pred=horse) CTA=0.8986 (98 s)
[2026-08-27 09:34:48] === target 6697: 500 saved poisons, realized linf 8.00/255 ===
[2026-08-27 09:36:26]   [t6697 v1/4] fail (pred=horse) CTA=0.9009 (98 s)
[2026-08-27 09:38:04]   [t6697 v2/4] SUCCESS (pred=dog) CTA=0.8991 (98 s)
[2026-08-27 09:39:43]   [t6697 v3/4] fail (pred=bird) CTA=0.8974 (98 s)
[2026-08-27 09:41:21]   [t6697 v4/4] fail (pred=frog) CTA=0.8993 (98 s)
[2026-08-27 09:41:21] === target 6899: 500 saved poisons, realized linf 8.00/255 ===
[2026-08-27 09:42:59]   [t6899 v1/4] fail (pred=bird) CTA=0.8970 (98 s)
[2026-08-27 09:44:37]   [t6899 v2/4] fail (pred=bird) CTA=0.9000 (98 s)
[2026-08-27 09:46:16]   [t6899 v3/4] fail (pred=bird) CTA=0.8964 (98 s)
[2026-08-27 09:47:54]   [t6899 v4/4] fail (pred=bird) CTA=0.8978 (98 s)
[2026-08-27 09:47:54] ==== CIFAR10_ResNet20BN_fc_ours_dog-bird_b0.01_eps8_seed42_lam1_cosine_seldpp2_ce5_tgt10 | defense none+aug-cutout : ASR = 5.0% +/- 10.0% | CTA = 0.8982 (defended clean 0.9008) ====
[2026-08-27 09:47:54]   target-prediction tally ['airplane', 'automobile', 'bird', 'cat', 'deer', 'dog', 'frog', 'horse', 'ship', 'truck']: [0, 0, 16, 0, 0, 1, 1, 2, 0, 0]
sync: augment-extra cell -> /home/mmoslem3/scratch/PoisonBase
