environment modules unavailable; using /home/mmoslem3/ENV directly
paired targets: [833, 4630, 5118, 5324, 8740]
job: 634287 augx_015_r10_d25_r on rack03-15
cell: row=10 selection=dpp025 augmentation=randaug
protocol: 5 paired targets x 4 victims
gpu: NVIDIA L40S
[2026-08-27T10:57:14.339] error: couldn't chdir to `/tmp/augment_extra': No such file or directory: going to /tmp instead
[2026-08-27 10:57:17] === defense run: CIFAR10_ResNet20BN_sapa_ours_dog-bird_b0.01_eps8_seed42_lam1_cosine_seldpp0.25_worst0.05_ce5_tgt14__def-none+aug-randaug ===
[2026-08-27 10:57:17]     poisons replayed from /tmp/augment_extra/ours_result/CIFAR10_ResNet20BN_sapa_ours_dog-bird_b0.01_eps8_seed42_lam1_cosine_seldpp0.25_worst0.05_ce5_tgt14
[2026-08-27 10:57:17]     defense = none  (none+aug-randaug)
[2026-08-27 10:57:17]     victim augmentation = randaug  (applied to the poisoned image, resampled every epoch)
[2026-08-27 10:57:17] args: {"adv_eps": 8.0, "adv_step_size": 0.0, "adv_steps": 5, "attack": "sapa", "aug_cutout_length": 16, "aug_flip_p": 0.5, "aug_pad": 4, "aug_randaug_magnitude": 9, "aug_randaug_ops": 2, "base": "ours", "base_dist": "cosine", "budget": 0.01, "cache_dir": "/tmp/augment_extra/cache", "class_pair": "dog-bird", "clean_baseline": true, "craft_aug": true, "craft_ensemble": 5, "data_path": "/tmp/augment_extra/data", "dataset": "CIFAR10", "defense": "none", "defense_out_dir": "/tmp/augment_extra/augment_extra_result", "defense_parts": ["none"], "dsa_strategy": "color_crop_cutout_flip_scale_rotate", "epic_cluster_thresh": 1.0, "epic_drop_after": 10, "epic_freq": 2, "epic_metric": "euclidean", "epic_stop_after": -1, "epic_subset_size": 0.1, "epsilon": 0.0313725, "fc_mode": "sample", "friendly_begin_epoch": 5, "friendly_bs": 512, "friendly_clamp": 16.0, "friendly_epochs": 30, "friendly_lr": 100.0, "friendly_momentum": 0.9, "friendly_mu": 1.0, "gpus": "all", "jacobian_batch_size": 64, "jacobian_weight": 1.0, "lambda_margin": 1.0, "list_cached": false, "model": "ResNet20BN", "no_resume": false, "noise_eps": 8.0, "noise_type": [], "num_targets": 5, "num_victims": 4, "out_dir": "/tmp/augment_extra/ours_result", "pair_order": "poison-target", "parallel_trials": true, "recompute_deltas": false, "seed": 42, "sel_alpha": 0.25, "sel_dpp": true, "sel_filter": false, "sel_mmr": false, "sel_mode": "dpp", "sel_mu": 1.0, "sel_pca": false, "sel_pool": 3.0, "sharp_mode": "worst", "sharp_samples": 20, "sharp_sigma": 0.05, "target_idx_file": "/tmp/augment_extra/target_sets/aug_ResNet20BN_sapa_dog-bird_b0.01.json", "target_select": 14, "use_jacobian_score": false, "victim_aug": "randaug", "victim_bs": 125, "victim_decay": [40], "victim_epochs": 50, "victim_lr": 0.1, "victim_wd": 0.0}
[2026-08-27 10:57:29]   5 target(s) with saved poisons: [833, 4630, 5118, 5324, 8740]
[2026-08-27 10:57:29] === defended clean victims (4 x ResNet20BN, defense none+aug-randaug) ===
[2026-08-27 10:57:29]   victim augmentation: VictimAugmenter(randaug: crop4+flip0.5 -> randaug(n=2, m from 14 ops))
[2026-08-27 11:05:03]   trained defended clean victim 0 (ResNet20BN, none+aug-randaug): test acc = 0.9022 (453 s)
[2026-08-27 11:12:31]   trained defended clean victim 1 (ResNet20BN, none+aug-randaug): test acc = 0.9041 (449 s)
[2026-08-27 11:20:00]   trained defended clean victim 2 (ResNet20BN, none+aug-randaug): test acc = 0.9057 (448 s)
[2026-08-27 11:27:29]   trained defended clean victim 3 (ResNet20BN, none+aug-randaug): test acc = 0.9035 (449 s)
[2026-08-27 11:27:29]   defended clean CTA = 0.9039 +/- 0.0013
[2026-08-27 11:27:29] === target 833: 500 saved poisons, realized linf 8.00/255 ===
[2026-08-27 11:34:57]   [t833 v1/4] SUCCESS (pred=dog) CTA=0.9055 (448 s)
[2026-08-27 11:42:26]   [t833 v2/4] SUCCESS (pred=dog) CTA=0.9055 (449 s)
[2026-08-27 11:49:56]   [t833 v3/4] SUCCESS (pred=dog) CTA=0.8992 (449 s)
[2026-08-27 11:57:23]   [t833 v4/4] SUCCESS (pred=dog) CTA=0.9023 (447 s)
[2026-08-27 11:57:23] === target 4630: 500 saved poisons, realized linf 8.00/255 ===
[2026-08-27 12:04:52]   [t4630 v1/4] SUCCESS (pred=dog) CTA=0.9063 (449 s)
[2026-08-27 12:12:20]   [t4630 v2/4] SUCCESS (pred=dog) CTA=0.9014 (448 s)
[2026-08-27 12:19:49]   [t4630 v3/4] SUCCESS (pred=dog) CTA=0.9041 (448 s)
[2026-08-27 12:27:18]   [t4630 v4/4] SUCCESS (pred=dog) CTA=0.9008 (449 s)
[2026-08-27 12:27:18] === target 5118: 500 saved poisons, realized linf 8.00/255 ===
[2026-08-27 12:34:43]   [t5118 v1/4] SUCCESS (pred=dog) CTA=0.9000 (445 s)
[2026-08-27 12:42:10]   [t5118 v2/4] SUCCESS (pred=dog) CTA=0.9018 (447 s)
[2026-08-27 12:49:37]   [t5118 v3/4] fail (pred=bird) CTA=0.8999 (447 s)
[2026-08-27 12:57:03]   [t5118 v4/4] SUCCESS (pred=dog) CTA=0.8997 (446 s)
[2026-08-27 12:57:03] === target 5324: 500 saved poisons, realized linf 8.00/255 ===
[2026-08-27 13:04:29]   [t5324 v1/4] SUCCESS (pred=dog) CTA=0.9009 (446 s)
[2026-08-27 13:11:57]   [t5324 v2/4] SUCCESS (pred=dog) CTA=0.8990 (448 s)
[2026-08-27 13:19:24]   [t5324 v3/4] SUCCESS (pred=dog) CTA=0.8982 (448 s)
[2026-08-27 13:26:51]   [t5324 v4/4] SUCCESS (pred=dog) CTA=0.9008 (447 s)
[2026-08-27 13:26:51] === target 8740: 500 saved poisons, realized linf 8.00/255 ===
[2026-08-27 13:34:18]   [t8740 v1/4] fail (pred=bird) CTA=0.9022 (447 s)
[2026-08-27 13:41:45]   [t8740 v2/4] fail (pred=bird) CTA=0.9045 (447 s)
[2026-08-27 13:49:11]   [t8740 v3/4] SUCCESS (pred=dog) CTA=0.9034 (446 s)
signal: received USR1; stopping the step before final sync
srun: forcing job termination
srun: Job step aborted: Waiting up to 32 seconds for job step to finish.
[2026-08-27T13:51:49.014] error: *** STEP 634287.0 ON rack03-15 CANCELLED AT 2026-08-27T13:51:49 DUE to SIGNAL Killed ***
srun: error: rack03-15: task 0: Killed
sync: augment-extra cell -> /home/mmoslem3/scratch/PoisonBase
