environment modules unavailable; using /home/mmoslem3/ENV directly
paired targets: [2540, 3725, 5705, 7663, 8129]
job: 634153 augx_134_r03_d2_s on rack14-15
cell: row=03 selection=dpp2 augmentation=standard
protocol: 5 paired targets x 4 victims
gpu: NVIDIA L40S
[2026-08-27T07:11:24.813] error: couldn't chdir to `/tmp/augment_extra': No such file or directory: going to /tmp instead
[2026-08-27 07:11:27] === defense run: CIFAR10_ConvNetBN_fc_ours_dog-bird_b0.02_eps8_seed42_lam1_cosine_seldpp2_ce5_tgt50__def-none+aug-standard ===
[2026-08-27 07:11:27]     poisons replayed from /tmp/augment_extra/ours_result/CIFAR10_ConvNetBN_fc_ours_dog-bird_b0.02_eps8_seed42_lam1_cosine_seldpp2_ce5_tgt50
[2026-08-27 07:11:27]     defense = none  (none+aug-standard)
[2026-08-27 07:11:27]     victim augmentation = standard  (applied to the poisoned image, resampled every epoch)
[2026-08-27 07:11:27] args: {"adv_eps": 8.0, "adv_step_size": 0.0, "adv_steps": 5, "attack": "fc", "aug_cutout_length": 16, "aug_flip_p": 0.5, "aug_pad": 4, "aug_randaug_magnitude": 9, "aug_randaug_ops": 2, "base": "ours", "base_dist": "cosine", "budget": 0.02, "cache_dir": "/tmp/augment_extra/cache", "class_pair": "dog-bird", "clean_baseline": true, "craft_aug": true, "craft_ensemble": 5, "data_path": "/tmp/augment_extra/data", "dataset": "CIFAR10", "defense": "none", "defense_out_dir": "/tmp/augment_extra/augment_extra_result", "defense_parts": ["none"], "dsa_strategy": "color_crop_cutout_flip_scale_rotate", "epic_cluster_thresh": 1.0, "epic_drop_after": 10, "epic_freq": 2, "epic_metric": "euclidean", "epic_stop_after": -1, "epic_subset_size": 0.1, "epsilon": 0.0313725, "fc_mode": "sample", "friendly_begin_epoch": 5, "friendly_bs": 512, "friendly_clamp": 16.0, "friendly_epochs": 30, "friendly_lr": 100.0, "friendly_momentum": 0.9, "friendly_mu": 1.0, "gpus": "all", "jacobian_batch_size": 64, "jacobian_weight": 1.0, "lambda_margin": 1.0, "list_cached": false, "model": "ConvNetBN", "no_resume": false, "noise_eps": 8.0, "noise_type": [], "num_targets": 5, "num_victims": 4, "out_dir": "/tmp/augment_extra/ours_result", "pair_order": "poison-target", "parallel_trials": true, "recompute_deltas": false, "seed": 42, "sel_alpha": 2.0, "sel_dpp": true, "sel_filter": false, "sel_mmr": false, "sel_mode": "dpp", "sel_mu": 1.0, "sel_pca": false, "sel_pool": 3.0, "sharp_mode": "worst", "sharp_samples": 20, "sharp_sigma": 0.05, "target_idx_file": "/tmp/augment_extra/target_sets/aug_ConvNetBN_fc_dog-bird_b0.02.json", "target_select": 50, "use_jacobian_score": false, "victim_aug": "standard", "victim_bs": 125, "victim_decay": [40], "victim_epochs": 50, "victim_lr": 0.1, "victim_wd": 0.0}
[2026-08-27 07:11:39]   5 target(s) with saved poisons: [2540, 3725, 5705, 7663, 8129]
[2026-08-27 07:11:39] === defended clean victims (4 x ConvNetBN, defense none+aug-standard) ===
[2026-08-27 07:11:39]   victim augmentation: VictimAugmenter(standard: crop4+flip0.5)
[2026-08-27 07:12:32]   trained defended clean victim 0 (ConvNetBN, none+aug-standard): test acc = 0.8543 (53 s)
[2026-08-27 07:13:25]   trained defended clean victim 1 (ConvNetBN, none+aug-standard): test acc = 0.8676 (53 s)
[2026-08-27 07:14:18]   trained defended clean victim 2 (ConvNetBN, none+aug-standard): test acc = 0.8675 (53 s)
[2026-08-27 07:15:11]   trained defended clean victim 3 (ConvNetBN, none+aug-standard): test acc = 0.8634 (53 s)
[2026-08-27 07:15:11]   defended clean CTA = 0.8632 +/- 0.0054
[2026-08-27 07:15:11] === target 2540: 1000 saved poisons, realized linf 8.00/255 ===
[2026-08-27 07:16:04]   [t2540 v1/4] fail (pred=bird) CTA=0.8622 (53 s)
[2026-08-27 07:16:57]   [t2540 v2/4] fail (pred=bird) CTA=0.8108 (53 s)
[2026-08-27 07:17:50]   [t2540 v3/4] fail (pred=bird) CTA=0.8577 (53 s)
[2026-08-27 07:18:43]   [t2540 v4/4] SUCCESS (pred=dog) CTA=0.8600 (53 s)
[2026-08-27 07:18:43] === target 3725: 1000 saved poisons, realized linf 8.00/255 ===
[2026-08-27 07:19:36]   [t3725 v1/4] SUCCESS (pred=dog) CTA=0.8652 (53 s)
[2026-08-27 07:20:29]   [t3725 v2/4] SUCCESS (pred=dog) CTA=0.8481 (53 s)
[2026-08-27 07:21:22]   [t3725 v3/4] SUCCESS (pred=dog) CTA=0.8654 (53 s)
[2026-08-27 07:22:15]   [t3725 v4/4] fail (pred=bird) CTA=0.8485 (53 s)
[2026-08-27 07:22:15] === target 5705: 1000 saved poisons, realized linf 8.00/255 ===
[2026-08-27 07:23:09]   [t5705 v1/4] fail (pred=bird) CTA=0.8599 (53 s)
[2026-08-27 07:24:01]   [t5705 v2/4] fail (pred=bird) CTA=0.8673 (53 s)
[2026-08-27 07:24:54]   [t5705 v3/4] fail (pred=bird) CTA=0.8527 (53 s)
[2026-08-27 07:25:47]   [t5705 v4/4] SUCCESS (pred=dog) CTA=0.8493 (53 s)
[2026-08-27 07:25:48] === target 7663: 1000 saved poisons, realized linf 8.00/255 ===
[2026-08-27 07:26:41]   [t7663 v1/4] SUCCESS (pred=dog) CTA=0.8607 (53 s)
[2026-08-27 07:27:34]   [t7663 v2/4] fail (pred=bird) CTA=0.8522 (53 s)
[2026-08-27 07:28:27]   [t7663 v3/4] fail (pred=bird) CTA=0.8191 (53 s)
[2026-08-27 07:29:20]   [t7663 v4/4] fail (pred=bird) CTA=0.8545 (53 s)
[2026-08-27 07:29:20] === target 8129: 1000 saved poisons, realized linf 8.00/255 ===
[2026-08-27 07:30:13]   [t8129 v1/4] fail (pred=bird) CTA=0.8583 (53 s)
[2026-08-27 07:31:06]   [t8129 v2/4] SUCCESS (pred=dog) CTA=0.8622 (53 s)
[2026-08-27 07:31:59]   [t8129 v3/4] fail (pred=bird) CTA=0.8559 (53 s)
[2026-08-27 07:32:52]   [t8129 v4/4] fail (pred=bird) CTA=0.8577 (53 s)
[2026-08-27 07:32:52] ==== CIFAR10_ConvNetBN_fc_ours_dog-bird_b0.02_eps8_seed42_lam1_cosine_seldpp2_ce5_tgt50 | defense none+aug-standard : ASR = 35.0% +/- 20.0% | CTA = 0.8534 (defended clean 0.8632) ====
[2026-08-27 07:32:52]   target-prediction tally ['airplane', 'automobile', 'bird', 'cat', 'deer', 'dog', 'frog', 'horse', 'ship', 'truck']: [0, 0, 13, 0, 0, 7, 0, 0, 0, 0]
sync: augment-extra cell -> /home/mmoslem3/scratch/PoisonBase
