environment modules unavailable; using /home/mmoslem3/ENV directly
paired targets: [2540, 3725, 5705, 7663, 8129]
job: 634158 augx_144_r03_d1_c on rack09-09
cell: row=03 selection=dpp01 augmentation=cutout
protocol: 5 paired targets x 4 victims
gpu: NVIDIA L40S
[2026-08-27T07:14:35.490] error: couldn't chdir to `/tmp/augment_extra': No such file or directory: going to /tmp instead
[2026-08-27 07:14:38] === defense run: CIFAR10_ConvNetBN_fc_ours_dog-bird_b0.02_eps8_seed42_lam1_cosine_seldpp0.1_ce5_tgt50__def-none+aug-cutout ===
[2026-08-27 07:14:38]     poisons replayed from /tmp/augment_extra/ours_result/CIFAR10_ConvNetBN_fc_ours_dog-bird_b0.02_eps8_seed42_lam1_cosine_seldpp0.1_ce5_tgt50
[2026-08-27 07:14:38]     defense = none  (none+aug-cutout)
[2026-08-27 07:14:38]     victim augmentation = cutout  (applied to the poisoned image, resampled every epoch)
[2026-08-27 07:14:38] args: {"adv_eps": 8.0, "adv_step_size": 0.0, "adv_steps": 5, "attack": "fc", "aug_cutout_length": 16, "aug_flip_p": 0.5, "aug_pad": 4, "aug_randaug_magnitude": 9, "aug_randaug_ops": 2, "base": "ours", "base_dist": "cosine", "budget": 0.02, "cache_dir": "/tmp/augment_extra/cache", "class_pair": "dog-bird", "clean_baseline": true, "craft_aug": true, "craft_ensemble": 5, "data_path": "/tmp/augment_extra/data", "dataset": "CIFAR10", "defense": "none", "defense_out_dir": "/tmp/augment_extra/augment_extra_result", "defense_parts": ["none"], "dsa_strategy": "color_crop_cutout_flip_scale_rotate", "epic_cluster_thresh": 1.0, "epic_drop_after": 10, "epic_freq": 2, "epic_metric": "euclidean", "epic_stop_after": -1, "epic_subset_size": 0.1, "epsilon": 0.0313725, "fc_mode": "sample", "friendly_begin_epoch": 5, "friendly_bs": 512, "friendly_clamp": 16.0, "friendly_epochs": 30, "friendly_lr": 100.0, "friendly_momentum": 0.9, "friendly_mu": 1.0, "gpus": "all", "jacobian_batch_size": 64, "jacobian_weight": 1.0, "lambda_margin": 1.0, "list_cached": false, "model": "ConvNetBN", "no_resume": false, "noise_eps": 8.0, "noise_type": [], "num_targets": 5, "num_victims": 4, "out_dir": "/tmp/augment_extra/ours_result", "pair_order": "poison-target", "parallel_trials": true, "recompute_deltas": false, "seed": 42, "sel_alpha": 0.1, "sel_dpp": true, "sel_filter": false, "sel_mmr": false, "sel_mode": "dpp", "sel_mu": 1.0, "sel_pca": false, "sel_pool": 3.0, "sharp_mode": "worst", "sharp_samples": 20, "sharp_sigma": 0.05, "target_idx_file": "/tmp/augment_extra/target_sets/aug_ConvNetBN_fc_dog-bird_b0.02.json", "target_select": 50, "use_jacobian_score": false, "victim_aug": "cutout", "victim_bs": 125, "victim_decay": [40], "victim_epochs": 50, "victim_lr": 0.1, "victim_wd": 0.0}
[2026-08-27 07:14:50]   5 target(s) with saved poisons: [2540, 3725, 5705, 7663, 8129]
[2026-08-27 07:14:50] === defended clean victims (4 x ConvNetBN, defense none+aug-cutout) ===
[2026-08-27 07:14:50]   victim augmentation: VictimAugmenter(cutout: crop4+flip0.5 -> cutout16)
[2026-08-27 07:15:44]   trained defended clean victim 0 (ConvNetBN, none+aug-cutout): test acc = 0.8551 (54 s)
[2026-08-27 07:16:37]   trained defended clean victim 1 (ConvNetBN, none+aug-cutout): test acc = 0.8714 (53 s)
[2026-08-27 07:17:31]   trained defended clean victim 2 (ConvNetBN, none+aug-cutout): test acc = 0.8676 (53 s)
[2026-08-27 07:18:24]   trained defended clean victim 3 (ConvNetBN, none+aug-cutout): test acc = 0.8690 (53 s)
[2026-08-27 07:18:24]   defended clean CTA = 0.8658 +/- 0.0063
[2026-08-27 07:18:24] === target 2540: 1000 saved poisons, realized linf 8.00/255 ===
[2026-08-27 07:19:18]   [t2540 v1/4] SUCCESS (pred=dog) CTA=0.8588 (54 s)
[2026-08-27 07:20:12]   [t2540 v2/4] fail (pred=bird) CTA=0.8193 (54 s)
[2026-08-27 07:21:05]   [t2540 v3/4] fail (pred=bird) CTA=0.8551 (54 s)
[2026-08-27 07:21:59]   [t2540 v4/4] SUCCESS (pred=dog) CTA=0.8695 (54 s)
[2026-08-27 07:21:59] === target 3725: 1000 saved poisons, realized linf 8.00/255 ===
[2026-08-27 07:22:53]   [t3725 v1/4] SUCCESS (pred=dog) CTA=0.8626 (54 s)
[2026-08-27 07:23:46]   [t3725 v2/4] fail (pred=bird) CTA=0.8404 (54 s)
[2026-08-27 07:24:40]   [t3725 v3/4] SUCCESS (pred=dog) CTA=0.8658 (53 s)
[2026-08-27 07:25:33]   [t3725 v4/4] fail (pred=bird) CTA=0.8324 (53 s)
[2026-08-27 07:25:33] === target 5705: 1000 saved poisons, realized linf 8.00/255 ===
[2026-08-27 07:26:27]   [t5705 v1/4] fail (pred=bird) CTA=0.8593 (54 s)
[2026-08-27 07:27:20]   [t5705 v2/4] fail (pred=bird) CTA=0.8596 (53 s)
[2026-08-27 07:28:14]   [t5705 v3/4] fail (pred=bird) CTA=0.8608 (54 s)
[2026-08-27 07:29:07]   [t5705 v4/4] fail (pred=bird) CTA=0.8652 (54 s)
[2026-08-27 07:29:07] === target 7663: 1000 saved poisons, realized linf 8.00/255 ===
[2026-08-27 07:30:01]   [t7663 v1/4] fail (pred=bird) CTA=0.8569 (54 s)
[2026-08-27 07:30:54]   [t7663 v2/4] fail (pred=bird) CTA=0.8632 (53 s)
[2026-08-27 07:31:48]   [t7663 v3/4] fail (pred=bird) CTA=0.8351 (54 s)
[2026-08-27 07:32:42]   [t7663 v4/4] fail (pred=bird) CTA=0.8672 (54 s)
[2026-08-27 07:32:42] === target 8129: 1000 saved poisons, realized linf 8.00/255 ===
[2026-08-27 07:33:35]   [t8129 v1/4] SUCCESS (pred=dog) CTA=0.8593 (54 s)
[2026-08-27 07:34:29]   [t8129 v2/4] SUCCESS (pred=dog) CTA=0.8567 (54 s)
[2026-08-27 07:35:23]   [t8129 v3/4] fail (pred=bird) CTA=0.8588 (54 s)
[2026-08-27 07:36:16]   [t8129 v4/4] fail (pred=bird) CTA=0.8616 (54 s)
[2026-08-27 07:36:16] ==== CIFAR10_ConvNetBN_fc_ours_dog-bird_b0.02_eps8_seed42_lam1_cosine_seldpp0.1_ce5_tgt50 | defense none+aug-cutout : ASR = 30.0% +/- 24.5% | CTA = 0.8554 (defended clean 0.8658) ====
[2026-08-27 07:36:16]   target-prediction tally ['airplane', 'automobile', 'bird', 'cat', 'deer', 'dog', 'frog', 'horse', 'ship', 'truck']: [0, 0, 14, 0, 0, 6, 0, 0, 0, 0]
sync: augment-extra cell -> /home/mmoslem3/scratch/PoisonBase
