environment modules unavailable; using /home/mmoslem3/ENV directly
paired targets: [833, 4630, 5118, 5324, 8740]
job: 634181 augx_009_r10_d2_n on rack14-15
cell: row=10 selection=dpp2 augmentation=none
protocol: 5 paired targets x 4 victims
gpu: NVIDIA L40S
[2026-08-27T07:21:57.815] error: couldn't chdir to `/tmp/augment_extra': No such file or directory: going to /tmp instead
[2026-08-27 07:22:00] === defense run: CIFAR10_ResNet20BN_sapa_ours_dog-bird_b0.01_eps8_seed42_lam1_cosine_seldpp2_worst0.05_ce5_tgt14__def-none ===
[2026-08-27 07:22:00]     poisons replayed from /tmp/augment_extra/ours_result/CIFAR10_ResNet20BN_sapa_ours_dog-bird_b0.01_eps8_seed42_lam1_cosine_seldpp2_worst0.05_ce5_tgt14
[2026-08-27 07:22:00]     defense = none  (none)
[2026-08-27 07:22:00]     victim augmentation = none  (applied to the poisoned image, resampled every epoch)
[2026-08-27 07:22:00] args: {"adv_eps": 8.0, "adv_step_size": 0.0, "adv_steps": 5, "attack": "sapa", "aug_cutout_length": 16, "aug_flip_p": 0.5, "aug_pad": 4, "aug_randaug_magnitude": 9, "aug_randaug_ops": 2, "base": "ours", "base_dist": "cosine", "budget": 0.01, "cache_dir": "/tmp/augment_extra/cache", "class_pair": "dog-bird", "clean_baseline": true, "craft_aug": true, "craft_ensemble": 5, "data_path": "/tmp/augment_extra/data", "dataset": "CIFAR10", "defense": "none", "defense_out_dir": "/tmp/augment_extra/augment_extra_result", "defense_parts": ["none"], "dsa_strategy": "color_crop_cutout_flip_scale_rotate", "epic_cluster_thresh": 1.0, "epic_drop_after": 10, "epic_freq": 2, "epic_metric": "euclidean", "epic_stop_after": -1, "epic_subset_size": 0.1, "epsilon": 0.0313725, "fc_mode": "sample", "friendly_begin_epoch": 5, "friendly_bs": 512, "friendly_clamp": 16.0, "friendly_epochs": 30, "friendly_lr": 100.0, "friendly_momentum": 0.9, "friendly_mu": 1.0, "gpus": "all", "jacobian_batch_size": 64, "jacobian_weight": 1.0, "lambda_margin": 1.0, "list_cached": false, "model": "ResNet20BN", "no_resume": false, "noise_eps": 8.0, "noise_type": [], "num_targets": 5, "num_victims": 4, "out_dir": "/tmp/augment_extra/ours_result", "pair_order": "poison-target", "parallel_trials": true, "recompute_deltas": false, "seed": 42, "sel_alpha": 2.0, "sel_dpp": true, "sel_filter": false, "sel_mmr": false, "sel_mode": "dpp", "sel_mu": 1.0, "sel_pca": false, "sel_pool": 3.0, "sharp_mode": "worst", "sharp_samples": 20, "sharp_sigma": 0.05, "target_idx_file": "/tmp/augment_extra/target_sets/aug_ResNet20BN_sapa_dog-bird_b0.01.json", "target_select": 14, "use_jacobian_score": false, "victim_aug": "none", "victim_bs": 125, "victim_decay": [40], "victim_epochs": 50, "victim_lr": 0.1, "victim_wd": 0.0}
[2026-08-27 07:22:13]   5 target(s) with saved poisons: [833, 4630, 5118, 5324, 8740]
[2026-08-27 07:22:13] === defended clean victims (4 x ResNet20BN, defense none) ===
[2026-08-27 07:23:48]   trained defended clean victim 0 (ResNet20BN, none): test acc = 0.8376 (95 s)
[2026-08-27 07:25:23]   trained defended clean victim 1 (ResNet20BN, none): test acc = 0.8422 (95 s)
[2026-08-27 07:26:58]   trained defended clean victim 2 (ResNet20BN, none): test acc = 0.8317 (95 s)
[2026-08-27 07:28:33]   trained defended clean victim 3 (ResNet20BN, none): test acc = 0.8356 (95 s)
[2026-08-27 07:28:33]   defended clean CTA = 0.8368 +/- 0.0038
[2026-08-27 07:28:33] === target 833: 500 saved poisons, realized linf 8.00/255 ===
[2026-08-27 07:30:08]   [t833 v1/4] SUCCESS (pred=dog) CTA=0.8358 (95 s)
[2026-08-27 07:31:43]   [t833 v2/4] SUCCESS (pred=dog) CTA=0.8400 (95 s)
[2026-08-27 07:33:18]   [t833 v3/4] SUCCESS (pred=dog) CTA=0.8372 (95 s)
[2026-08-27 07:34:53]   [t833 v4/4] SUCCESS (pred=dog) CTA=0.8432 (95 s)
[2026-08-27 07:34:53] === target 4630: 500 saved poisons, realized linf 8.00/255 ===
[2026-08-27 07:36:28]   [t4630 v1/4] fail (pred=bird) CTA=0.8351 (95 s)
[2026-08-27 07:38:04]   [t4630 v2/4] SUCCESS (pred=dog) CTA=0.8397 (95 s)
[2026-08-27 07:39:39]   [t4630 v3/4] SUCCESS (pred=dog) CTA=0.8382 (95 s)
[2026-08-27 07:41:14]   [t4630 v4/4] fail (pred=cat) CTA=0.8435 (95 s)
[2026-08-27 07:41:14] === target 5118: 500 saved poisons, realized linf 8.00/255 ===
[2026-08-27 07:42:49]   [t5118 v1/4] SUCCESS (pred=dog) CTA=0.8328 (95 s)
[2026-08-27 07:44:24]   [t5118 v2/4] SUCCESS (pred=dog) CTA=0.8364 (95 s)
[2026-08-27 07:45:59]   [t5118 v3/4] SUCCESS (pred=dog) CTA=0.8352 (95 s)
[2026-08-27 07:47:34]   [t5118 v4/4] SUCCESS (pred=dog) CTA=0.8362 (95 s)
[2026-08-27 07:47:35] === target 5324: 500 saved poisons, realized linf 8.00/255 ===
[2026-08-27 07:49:10]   [t5324 v1/4] SUCCESS (pred=dog) CTA=0.8431 (95 s)
[2026-08-27 07:50:45]   [t5324 v2/4] SUCCESS (pred=dog) CTA=0.8358 (95 s)
[2026-08-27 07:52:20]   [t5324 v3/4] SUCCESS (pred=dog) CTA=0.8427 (95 s)
[2026-08-27 07:53:55]   [t5324 v4/4] SUCCESS (pred=dog) CTA=0.8357 (95 s)
[2026-08-27 07:53:55] === target 8740: 500 saved poisons, realized linf 8.00/255 ===
[2026-08-27 07:55:30]   [t8740 v1/4] SUCCESS (pred=dog) CTA=0.8407 (95 s)
[2026-08-27 07:57:05]   [t8740 v2/4] SUCCESS (pred=dog) CTA=0.8396 (95 s)
[2026-08-27 07:58:41]   [t8740 v3/4] SUCCESS (pred=dog) CTA=0.8323 (95 s)
[2026-08-27 08:00:16]   [t8740 v4/4] SUCCESS (pred=dog) CTA=0.8418 (95 s)
[2026-08-27 08:00:16]   control check vs the undefended run: 14/20 trials agree, max |dCTA| = 0.00870 (cudnn is not bit-deterministic, so a stray flip near the decision boundary is expected)
[2026-08-27 08:00:16] ==== CIFAR10_ResNet20BN_sapa_ours_dog-bird_b0.01_eps8_seed42_lam1_cosine_seldpp2_worst0.05_ce5_tgt14 | defense none : ASR = 90.0% +/- 20.0% | CTA = 0.8383 (defended clean 0.8368) ====
[2026-08-27 08:00:16]   target-prediction tally ['airplane', 'automobile', 'bird', 'cat', 'deer', 'dog', 'frog', 'horse', 'ship', 'truck']: [0, 0, 1, 1, 0, 18, 0, 0, 0, 0]
sync: augment-extra cell -> /home/mmoslem3/scratch/PoisonBase
