environment modules unavailable; using /home/mmoslem3/ENV directly
paired targets: [409, 630, 1656, 2270, 9870]
job: 634351 augx_047_r12_g_r on rack14-06
cell: row=12 selection=greedy augmentation=randaug
protocol: 5 paired targets x 4 victims
gpu: NVIDIA L40S
[2026-08-27T10:41:57.584] error: couldn't chdir to `/tmp/augment_extra': No such file or directory: going to /tmp instead
[2026-08-27 10:42:00] === defense run: CIFAR10_VGG13BN_gradmatch_ours_dog-bird_b0.01_eps8_seed42_lam1_cosine_ce5_tgt50__def-none+aug-randaug ===
[2026-08-27 10:42:00]     poisons replayed from /tmp/augment_extra/ours_result/CIFAR10_VGG13BN_gradmatch_ours_dog-bird_b0.01_eps8_seed42_lam1_cosine_ce5_tgt50
[2026-08-27 10:42:00]     defense = none  (none+aug-randaug)
[2026-08-27 10:42:00]     victim augmentation = randaug  (applied to the poisoned image, resampled every epoch)
[2026-08-27 10:42:00] args: {"adv_eps": 8.0, "adv_step_size": 0.0, "adv_steps": 5, "attack": "gradmatch", "aug_cutout_length": 16, "aug_flip_p": 0.5, "aug_pad": 4, "aug_randaug_magnitude": 9, "aug_randaug_ops": 2, "base": "ours", "base_dist": "cosine", "budget": 0.01, "cache_dir": "/tmp/augment_extra/cache", "class_pair": "dog-bird", "clean_baseline": true, "craft_aug": true, "craft_ensemble": 5, "data_path": "/tmp/augment_extra/data", "dataset": "CIFAR10", "defense": "none", "defense_out_dir": "/tmp/augment_extra/augment_extra_result", "defense_parts": ["none"], "dsa_strategy": "color_crop_cutout_flip_scale_rotate", "epic_cluster_thresh": 1.0, "epic_drop_after": 10, "epic_freq": 2, "epic_metric": "euclidean", "epic_stop_after": -1, "epic_subset_size": 0.1, "epsilon": 0.0313725, "fc_mode": "sample", "friendly_begin_epoch": 5, "friendly_bs": 512, "friendly_clamp": 16.0, "friendly_epochs": 30, "friendly_lr": 100.0, "friendly_momentum": 0.9, "friendly_mu": 1.0, "gpus": "all", "jacobian_batch_size": 64, "jacobian_weight": 1.0, "lambda_margin": 1.0, "list_cached": false, "model": "VGG13BN", "no_resume": false, "noise_eps": 8.0, "noise_type": [], "num_targets": 5, "num_victims": 4, "out_dir": "/tmp/augment_extra/ours_result", "pair_order": "poison-target", "parallel_trials": true, "recompute_deltas": false, "seed": 42, "sel_alpha": 1.0, "sel_dpp": false, "sel_filter": false, "sel_mmr": false, "sel_mode": null, "sel_mu": 1.0, "sel_pca": false, "sel_pool": 3.0, "sharp_mode": "worst", "sharp_samples": 20, "sharp_sigma": 0.05, "target_idx_file": "/tmp/augment_extra/target_sets/aug_VGG13BN_gradmatch_dog-bird_b0.01.json", "target_select": 50, "use_jacobian_score": false, "victim_aug": "randaug", "victim_bs": 125, "victim_decay": [40], "victim_epochs": 50, "victim_lr": 0.1, "victim_wd": 0.0}
[2026-08-27 10:42:13]   5 target(s) with saved poisons: [409, 630, 1656, 2270, 9870]
[2026-08-27 10:42:13] === defended clean victims (4 x VGG13BN, defense none+aug-randaug) ===
[2026-08-27 10:42:13]   victim augmentation: VictimAugmenter(randaug: crop4+flip0.5 -> randaug(n=2, m from 14 ops))
[2026-08-27 10:49:34]   trained defended clean victim 0 (VGG13BN, none+aug-randaug): test acc = 0.8993 (441 s)
[2026-08-27 10:56:54]   trained defended clean victim 1 (VGG13BN, none+aug-randaug): test acc = 0.9174 (440 s)
[2026-08-27 11:04:16]   trained defended clean victim 2 (VGG13BN, none+aug-randaug): test acc = 0.9179 (442 s)
[2026-08-27 11:11:38]   trained defended clean victim 3 (VGG13BN, none+aug-randaug): test acc = 0.8996 (442 s)
[2026-08-27 11:11:38]   defended clean CTA = 0.9085 +/- 0.0091
[2026-08-27 11:11:38] === target 409: 500 saved poisons, realized linf 8.00/255 ===
[2026-08-27 11:18:57]   [t409 v1/4] SUCCESS (pred=dog) CTA=0.9194 (439 s)
[2026-08-27 11:26:12]   [t409 v2/4] SUCCESS (pred=dog) CTA=0.9200 (435 s)
[2026-08-27 11:33:28]   [t409 v3/4] SUCCESS (pred=dog) CTA=0.9133 (436 s)
[2026-08-27 11:40:41]   [t409 v4/4] SUCCESS (pred=dog) CTA=0.9169 (433 s)
[2026-08-27 11:40:41] === target 630: 500 saved poisons, realized linf 8.00/255 ===
[2026-08-27 11:47:56]   [t630 v1/4] fail (pred=bird) CTA=0.9082 (435 s)
[2026-08-27 11:55:08]   [t630 v2/4] SUCCESS (pred=dog) CTA=0.9166 (432 s)
[2026-08-27 12:02:22]   [t630 v3/4] fail (pred=bird) CTA=0.9162 (433 s)
[2026-08-27 12:09:33]   [t630 v4/4] SUCCESS (pred=dog) CTA=0.9159 (431 s)
[2026-08-27 12:09:33] === target 1656: 500 saved poisons, realized linf 8.00/255 ===
[2026-08-27 12:16:45]   [t1656 v1/4] SUCCESS (pred=dog) CTA=0.9083 (431 s)
[2026-08-27 12:23:56]   [t1656 v2/4] SUCCESS (pred=dog) CTA=0.9177 (432 s)
[2026-08-27 12:31:08]   [t1656 v3/4] SUCCESS (pred=dog) CTA=0.9150 (432 s)
[2026-08-27 12:38:21]   [t1656 v4/4] SUCCESS (pred=dog) CTA=0.9159 (433 s)
[2026-08-27 12:38:21] === target 2270: 500 saved poisons, realized linf 8.00/255 ===
[2026-08-27 12:45:34]   [t2270 v1/4] SUCCESS (pred=dog) CTA=0.9178 (433 s)
[2026-08-27 12:52:48]   [t2270 v2/4] fail (pred=deer) CTA=0.9169 (434 s)
[2026-08-27 13:00:03]   [t2270 v3/4] SUCCESS (pred=dog) CTA=0.9121 (434 s)
[2026-08-27 13:07:16]   [t2270 v4/4] SUCCESS (pred=dog) CTA=0.9160 (433 s)
[2026-08-27 13:07:16] === target 9870: 500 saved poisons, realized linf 8.00/255 ===
[2026-08-27 13:14:27]   [t9870 v1/4] fail (pred=bird) CTA=0.9153 (431 s)
[2026-08-27 13:21:40]   [t9870 v2/4] fail (pred=bird) CTA=0.9040 (433 s)
[2026-08-27 13:28:53]   [t9870 v3/4] fail (pred=bird) CTA=0.9016 (434 s)
[2026-08-27 13:36:07]   [t9870 v4/4] fail (pred=bird) CTA=0.9007 (433 s)
[2026-08-27 13:36:07] ==== CIFAR10_VGG13BN_gradmatch_ours_dog-bird_b0.01_eps8_seed42_lam1_cosine_ce5_tgt50 | defense none+aug-randaug : ASR = 65.0% +/- 37.4% | CTA = 0.9134 (defended clean 0.9085) ====
[2026-08-27 13:36:07]   target-prediction tally ['airplane', 'automobile', 'bird', 'cat', 'deer', 'dog', 'frog', 'horse', 'ship', 'truck']: [0, 0, 6, 0, 1, 13, 0, 0, 0, 0]
sync: augment-extra cell -> /home/mmoslem3/scratch/PoisonBase
