environment modules unavailable; using /home/mmoslem3/ENV directly
paired targets: [833, 2065, 4630, 5118, 5324]
job: 634191 augx_213_r07_d1_n on rack13-05
cell: row=07 selection=dpp01 augmentation=none
protocol: 5 paired targets x 4 victims
gpu: NVIDIA L40S
[2026-08-27T11:14:43.013] error: couldn't chdir to `/tmp/augment_extra': No such file or directory: going to /tmp instead
[2026-08-27 11:14:45] === defense run: CIFAR10_ResNet20BN_gradmatch_ours_dog-bird_b0.002_eps8_seed42_lam1_cosine_seldpp0.1_ce5_tgt14__def-none ===
[2026-08-27 11:14:45]     poisons replayed from /tmp/augment_extra/ours_result/CIFAR10_ResNet20BN_gradmatch_ours_dog-bird_b0.002_eps8_seed42_lam1_cosine_seldpp0.1_ce5_tgt14
[2026-08-27 11:14:45]     defense = none  (none)
[2026-08-27 11:14:45]     victim augmentation = none  (applied to the poisoned image, resampled every epoch)
[2026-08-27 11:14:45] args: {"adv_eps": 8.0, "adv_step_size": 0.0, "adv_steps": 5, "attack": "gradmatch", "aug_cutout_length": 16, "aug_flip_p": 0.5, "aug_pad": 4, "aug_randaug_magnitude": 9, "aug_randaug_ops": 2, "base": "ours", "base_dist": "cosine", "budget": 0.002, "cache_dir": "/tmp/augment_extra/cache", "class_pair": "dog-bird", "clean_baseline": true, "craft_aug": true, "craft_ensemble": 5, "data_path": "/tmp/augment_extra/data", "dataset": "CIFAR10", "defense": "none", "defense_out_dir": "/tmp/augment_extra/augment_extra_result", "defense_parts": ["none"], "dsa_strategy": "color_crop_cutout_flip_scale_rotate", "epic_cluster_thresh": 1.0, "epic_drop_after": 10, "epic_freq": 2, "epic_metric": "euclidean", "epic_stop_after": -1, "epic_subset_size": 0.1, "epsilon": 0.0313725, "fc_mode": "sample", "friendly_begin_epoch": 5, "friendly_bs": 512, "friendly_clamp": 16.0, "friendly_epochs": 30, "friendly_lr": 100.0, "friendly_momentum": 0.9, "friendly_mu": 1.0, "gpus": "all", "jacobian_batch_size": 64, "jacobian_weight": 1.0, "lambda_margin": 1.0, "list_cached": false, "model": "ResNet20BN", "no_resume": false, "noise_eps": 8.0, "noise_type": [], "num_targets": 5, "num_victims": 4, "out_dir": "/tmp/augment_extra/ours_result", "pair_order": "poison-target", "parallel_trials": true, "recompute_deltas": false, "seed": 42, "sel_alpha": 0.1, "sel_dpp": true, "sel_filter": false, "sel_mmr": false, "sel_mode": "dpp", "sel_mu": 1.0, "sel_pca": false, "sel_pool": 3.0, "sharp_mode": "worst", "sharp_samples": 20, "sharp_sigma": 0.05, "target_idx_file": "/tmp/augment_extra/target_sets/aug_ResNet20BN_gradmatch_dog-bird_b0.002.json", "target_select": 14, "use_jacobian_score": false, "victim_aug": "none", "victim_bs": 125, "victim_decay": [40], "victim_epochs": 50, "victim_lr": 0.1, "victim_wd": 0.0}
[2026-08-27 11:14:58]   5 target(s) with saved poisons: [833, 2065, 4630, 5118, 5324]
[2026-08-27 11:14:58] === defended clean victims (4 x ResNet20BN, defense none) ===
[2026-08-27 11:14:59]   defended clean CTA = 0.8392 +/- 0.0037
[2026-08-27 11:14:59] === target 833: 100 saved poisons, realized linf 8.00/255 ===
[2026-08-27 11:16:36]   [t833 v1/4] SUCCESS (pred=dog) CTA=0.8341 (97 s)
[2026-08-27 11:18:12]   [t833 v2/4] fail (pred=bird) CTA=0.8382 (96 s)
[2026-08-27 11:19:48]   [t833 v3/4] fail (pred=bird) CTA=0.8365 (96 s)
[2026-08-27 11:21:25]   [t833 v4/4] fail (pred=horse) CTA=0.8406 (96 s)
[2026-08-27 11:21:25] === target 2065: 100 saved poisons, realized linf 8.00/255 ===
[2026-08-27 11:23:01]   [t2065 v1/4] SUCCESS (pred=dog) CTA=0.8350 (96 s)
[2026-08-27 11:24:37]   [t2065 v2/4] SUCCESS (pred=dog) CTA=0.8396 (96 s)
[2026-08-27 11:26:13]   [t2065 v3/4] fail (pred=deer) CTA=0.8370 (96 s)
[2026-08-27 11:27:50]   [t2065 v4/4] SUCCESS (pred=dog) CTA=0.8327 (96 s)
[2026-08-27 11:27:50] === target 4630: 100 saved poisons, realized linf 8.00/255 ===
[2026-08-27 11:29:26]   [t4630 v1/4] SUCCESS (pred=dog) CTA=0.8398 (96 s)
[2026-08-27 11:31:02]   [t4630 v2/4] SUCCESS (pred=dog) CTA=0.8335 (96 s)
[2026-08-27 11:32:39]   [t4630 v3/4] SUCCESS (pred=dog) CTA=0.8334 (96 s)
[2026-08-27 11:34:15]   [t4630 v4/4] fail (pred=cat) CTA=0.8396 (96 s)
[2026-08-27 11:34:15] === target 5118: 100 saved poisons, realized linf 8.00/255 ===
[2026-08-27 11:35:51]   [t5118 v1/4] SUCCESS (pred=dog) CTA=0.8417 (96 s)
[2026-08-27 11:37:27]   [t5118 v2/4] SUCCESS (pred=dog) CTA=0.8434 (96 s)
[2026-08-27 11:39:04]   [t5118 v3/4] SUCCESS (pred=dog) CTA=0.8420 (96 s)
[2026-08-27 11:40:40]   [t5118 v4/4] SUCCESS (pred=dog) CTA=0.8378 (96 s)
[2026-08-27 11:40:40] === target 5324: 100 saved poisons, realized linf 8.00/255 ===
[2026-08-27 11:42:16]   [t5324 v1/4] fail (pred=ship) CTA=0.8386 (96 s)
[2026-08-27 11:43:52]   [t5324 v2/4] fail (pred=cat) CTA=0.8278 (96 s)
[2026-08-27 11:45:29]   [t5324 v3/4] SUCCESS (pred=dog) CTA=0.8391 (96 s)
[2026-08-27 11:47:05]   [t5324 v4/4] SUCCESS (pred=dog) CTA=0.8338 (96 s)
[2026-08-27 11:47:05]   control check vs the undefended run: 4/5 trials agree, max |dCTA| = 0.00570 (cudnn is not bit-deterministic, so a stray flip near the decision boundary is expected)
[2026-08-27 11:47:05] ==== CIFAR10_ResNet20BN_gradmatch_ours_dog-bird_b0.002_eps8_seed42_lam1_cosine_seldpp0.1_ce5_tgt14 | defense none : ASR = 65.0% +/- 25.5% | CTA = 0.8372 (defended clean 0.8392) ====
[2026-08-27 11:47:05]   target-prediction tally ['airplane', 'automobile', 'bird', 'cat', 'deer', 'dog', 'frog', 'horse', 'ship', 'truck']: [0, 0, 2, 2, 1, 13, 0, 1, 1, 0]
sync: augment-extra cell -> /home/mmoslem3/scratch/PoisonBase
