environment modules unavailable; using /home/mmoslem3/ENV directly
paired targets: [2540, 3725, 5705, 7663, 8129]
job: 634219 augx_139_r03_d25_r on rack15-15
cell: row=03 selection=dpp025 augmentation=randaug
protocol: 5 paired targets x 4 victims
gpu: NVIDIA L40S
[2026-08-27T08:37:35.301] error: couldn't chdir to `/tmp/augment_extra': No such file or directory: going to /tmp instead
[2026-08-27 08:37:38] === defense run: CIFAR10_ConvNetBN_fc_ours_dog-bird_b0.02_eps8_seed42_lam1_cosine_seldpp0.25_ce5_tgt50__def-none+aug-randaug ===
[2026-08-27 08:37:38]     poisons replayed from /tmp/augment_extra/ours_result/CIFAR10_ConvNetBN_fc_ours_dog-bird_b0.02_eps8_seed42_lam1_cosine_seldpp0.25_ce5_tgt50
[2026-08-27 08:37:38]     defense = none  (none+aug-randaug)
[2026-08-27 08:37:38]     victim augmentation = randaug  (applied to the poisoned image, resampled every epoch)
[2026-08-27 08:37:38] args: {"adv_eps": 8.0, "adv_step_size": 0.0, "adv_steps": 5, "attack": "fc", "aug_cutout_length": 16, "aug_flip_p": 0.5, "aug_pad": 4, "aug_randaug_magnitude": 9, "aug_randaug_ops": 2, "base": "ours", "base_dist": "cosine", "budget": 0.02, "cache_dir": "/tmp/augment_extra/cache", "class_pair": "dog-bird", "clean_baseline": true, "craft_aug": true, "craft_ensemble": 5, "data_path": "/tmp/augment_extra/data", "dataset": "CIFAR10", "defense": "none", "defense_out_dir": "/tmp/augment_extra/augment_extra_result", "defense_parts": ["none"], "dsa_strategy": "color_crop_cutout_flip_scale_rotate", "epic_cluster_thresh": 1.0, "epic_drop_after": 10, "epic_freq": 2, "epic_metric": "euclidean", "epic_stop_after": -1, "epic_subset_size": 0.1, "epsilon": 0.0313725, "fc_mode": "sample", "friendly_begin_epoch": 5, "friendly_bs": 512, "friendly_clamp": 16.0, "friendly_epochs": 30, "friendly_lr": 100.0, "friendly_momentum": 0.9, "friendly_mu": 1.0, "gpus": "all", "jacobian_batch_size": 64, "jacobian_weight": 1.0, "lambda_margin": 1.0, "list_cached": false, "model": "ConvNetBN", "no_resume": false, "noise_eps": 8.0, "noise_type": [], "num_targets": 5, "num_victims": 4, "out_dir": "/tmp/augment_extra/ours_result", "pair_order": "poison-target", "parallel_trials": true, "recompute_deltas": false, "seed": 42, "sel_alpha": 0.25, "sel_dpp": true, "sel_filter": false, "sel_mmr": false, "sel_mode": "dpp", "sel_mu": 1.0, "sel_pca": false, "sel_pool": 3.0, "sharp_mode": "worst", "sharp_samples": 20, "sharp_sigma": 0.05, "target_idx_file": "/tmp/augment_extra/target_sets/aug_ConvNetBN_fc_dog-bird_b0.02.json", "target_select": 50, "use_jacobian_score": false, "victim_aug": "randaug", "victim_bs": 125, "victim_decay": [40], "victim_epochs": 50, "victim_lr": 0.1, "victim_wd": 0.0}
[2026-08-27 08:37:50]   5 target(s) with saved poisons: [2540, 3725, 5705, 7663, 8129]
[2026-08-27 08:37:50] === defended clean victims (4 x ConvNetBN, defense none+aug-randaug) ===
[2026-08-27 08:37:50]   victim augmentation: VictimAugmenter(randaug: crop4+flip0.5 -> randaug(n=2, m from 14 ops))
[2026-08-27 08:44:22]   trained defended clean victim 0 (ConvNetBN, none+aug-randaug): test acc = 0.8433 (392 s)
[2026-08-27 08:50:54]   trained defended clean victim 1 (ConvNetBN, none+aug-randaug): test acc = 0.8636 (392 s)
[2026-08-27 08:57:25]   trained defended clean victim 2 (ConvNetBN, none+aug-randaug): test acc = 0.8623 (391 s)
[2026-08-27 09:03:58]   trained defended clean victim 3 (ConvNetBN, none+aug-randaug): test acc = 0.8687 (393 s)
[2026-08-27 09:03:58]   defended clean CTA = 0.8595 +/- 0.0096
[2026-08-27 09:03:58] === target 2540: 1000 saved poisons, realized linf 8.00/255 ===
[2026-08-27 09:10:31]   [t2540 v1/4] SUCCESS (pred=dog) CTA=0.8613 (392 s)
[2026-08-27 09:17:03]   [t2540 v2/4] fail (pred=bird) CTA=0.7953 (392 s)
[2026-08-27 09:23:34]   [t2540 v3/4] SUCCESS (pred=dog) CTA=0.8544 (391 s)
[2026-08-27 09:30:07]   [t2540 v4/4] fail (pred=bird) CTA=0.8222 (393 s)
[2026-08-27 09:30:07] === target 3725: 1000 saved poisons, realized linf 8.00/255 ===
[2026-08-27 09:36:39]   [t3725 v1/4] fail (pred=bird) CTA=0.8448 (392 s)
[2026-08-27 09:43:11]   [t3725 v2/4] SUCCESS (pred=dog) CTA=0.8538 (392 s)
[2026-08-27 09:49:43]   [t3725 v3/4] SUCCESS (pred=dog) CTA=0.8637 (392 s)
[2026-08-27 09:56:15]   [t3725 v4/4] fail (pred=bird) CTA=0.7020 (392 s)
[2026-08-27 09:56:16] === target 5705: 1000 saved poisons, realized linf 8.00/255 ===
[2026-08-27 10:02:48]   [t5705 v1/4] SUCCESS (pred=dog) CTA=0.8425 (392 s)
[2026-08-27 10:09:19]   [t5705 v2/4] fail (pred=bird) CTA=0.8507 (391 s)
[2026-08-27 10:15:51]   [t5705 v3/4] fail (pred=bird) CTA=0.8578 (392 s)
[2026-08-27 10:22:24]   [t5705 v4/4] fail (pred=bird) CTA=0.8467 (392 s)
[2026-08-27 10:22:24] === target 7663: 1000 saved poisons, realized linf 8.00/255 ===
[2026-08-27 10:28:56]   [t7663 v1/4] fail (pred=bird) CTA=0.8279 (392 s)
[2026-08-27 10:35:29]   [t7663 v2/4] fail (pred=bird) CTA=0.8247 (393 s)
[2026-08-27 10:42:01]   [t7663 v3/4] SUCCESS (pred=dog) CTA=0.1000 (393 s)
[2026-08-27 10:48:35]   [t7663 v4/4] fail (pred=bird) CTA=0.8644 (394 s)
[2026-08-27 10:48:35] === target 8129: 1000 saved poisons, realized linf 8.00/255 ===
[2026-08-27 10:55:08]   [t8129 v1/4] fail (pred=bird) CTA=0.8687 (392 s)
[2026-08-27 11:01:40]   [t8129 v2/4] fail (pred=bird) CTA=0.8657 (392 s)
signal: received USR1; stopping the step before final sync
srun: forcing job termination
srun: Job step aborted: Waiting up to 32 seconds for job step to finish.
[2026-08-27T11:02:25.774] error: *** STEP 634219.0 ON rack15-15 CANCELLED AT 2026-08-27T11:02:25 DUE to SIGNAL Killed ***
srun: error: rack15-15: task 0: Killed
sync: augment-extra cell -> /home/mmoslem3/scratch/PoisonBase
