environment modules unavailable; using /home/mmoslem3/ENV directly
paired targets: [2540, 3725, 5705, 7663, 8129]
job: 634217 augx_131_r03_g_r on rack08-13
cell: row=03 selection=greedy augmentation=randaug
protocol: 5 paired targets x 4 victims
gpu: NVIDIA L40S
[2026-08-27T07:45:26.090] error: couldn't chdir to `/tmp/augment_extra': No such file or directory: going to /tmp instead
[2026-08-27 07:45:28] === defense run: CIFAR10_ConvNetBN_fc_ours_dog-bird_b0.02_eps8_seed42_lam1_cosine_ce5_tgt50__def-none+aug-randaug ===
[2026-08-27 07:45:28]     poisons replayed from /tmp/augment_extra/ours_result/CIFAR10_ConvNetBN_fc_ours_dog-bird_b0.02_eps8_seed42_lam1_cosine_ce5_tgt50
[2026-08-27 07:45:28]     defense = none  (none+aug-randaug)
[2026-08-27 07:45:28]     victim augmentation = randaug  (applied to the poisoned image, resampled every epoch)
[2026-08-27 07:45:28] args: {"adv_eps": 8.0, "adv_step_size": 0.0, "adv_steps": 5, "attack": "fc", "aug_cutout_length": 16, "aug_flip_p": 0.5, "aug_pad": 4, "aug_randaug_magnitude": 9, "aug_randaug_ops": 2, "base": "ours", "base_dist": "cosine", "budget": 0.02, "cache_dir": "/tmp/augment_extra/cache", "class_pair": "dog-bird", "clean_baseline": true, "craft_aug": true, "craft_ensemble": 5, "data_path": "/tmp/augment_extra/data", "dataset": "CIFAR10", "defense": "none", "defense_out_dir": "/tmp/augment_extra/augment_extra_result", "defense_parts": ["none"], "dsa_strategy": "color_crop_cutout_flip_scale_rotate", "epic_cluster_thresh": 1.0, "epic_drop_after": 10, "epic_freq": 2, "epic_metric": "euclidean", "epic_stop_after": -1, "epic_subset_size": 0.1, "epsilon": 0.0313725, "fc_mode": "sample", "friendly_begin_epoch": 5, "friendly_bs": 512, "friendly_clamp": 16.0, "friendly_epochs": 30, "friendly_lr": 100.0, "friendly_momentum": 0.9, "friendly_mu": 1.0, "gpus": "all", "jacobian_batch_size": 64, "jacobian_weight": 1.0, "lambda_margin": 1.0, "list_cached": false, "model": "ConvNetBN", "no_resume": false, "noise_eps": 8.0, "noise_type": [], "num_targets": 5, "num_victims": 4, "out_dir": "/tmp/augment_extra/ours_result", "pair_order": "poison-target", "parallel_trials": true, "recompute_deltas": false, "seed": 42, "sel_alpha": 1.0, "sel_dpp": false, "sel_filter": false, "sel_mmr": false, "sel_mode": null, "sel_mu": 1.0, "sel_pca": false, "sel_pool": 3.0, "sharp_mode": "worst", "sharp_samples": 20, "sharp_sigma": 0.05, "target_idx_file": "/tmp/augment_extra/target_sets/aug_ConvNetBN_fc_dog-bird_b0.02.json", "target_select": 50, "use_jacobian_score": false, "victim_aug": "randaug", "victim_bs": 125, "victim_decay": [40], "victim_epochs": 50, "victim_lr": 0.1, "victim_wd": 0.0}
[2026-08-27 07:45:41]   5 target(s) with saved poisons: [2540, 3725, 5705, 7663, 8129]
[2026-08-27 07:45:41] === defended clean victims (4 x ConvNetBN, defense none+aug-randaug) ===
[2026-08-27 07:45:41]   victim augmentation: VictimAugmenter(randaug: crop4+flip0.5 -> randaug(n=2, m from 14 ops))
[2026-08-27 07:52:03]   trained defended clean victim 0 (ConvNetBN, none+aug-randaug): test acc = 0.8433 (382 s)
[2026-08-27 07:58:26]   trained defended clean victim 1 (ConvNetBN, none+aug-randaug): test acc = 0.8636 (383 s)
[2026-08-27 08:04:48]   trained defended clean victim 2 (ConvNetBN, none+aug-randaug): test acc = 0.8623 (382 s)
[2026-08-27 08:11:12]   trained defended clean victim 3 (ConvNetBN, none+aug-randaug): test acc = 0.8687 (384 s)
[2026-08-27 08:11:13]   defended clean CTA = 0.8595 +/- 0.0096
[2026-08-27 08:11:13] === target 2540: 1000 saved poisons, realized linf 8.00/255 ===
[2026-08-27 08:17:36]   [t2540 v1/4] SUCCESS (pred=dog) CTA=0.8609 (383 s)
[2026-08-27 08:23:59]   [t2540 v2/4] fail (pred=bird) CTA=0.7908 (382 s)
[2026-08-27 08:30:21]   [t2540 v3/4] SUCCESS (pred=dog) CTA=0.8612 (382 s)
[2026-08-27 08:36:45]   [t2540 v4/4] fail (pred=bird) CTA=0.8043 (384 s)
[2026-08-27 08:36:45] === target 3725: 1000 saved poisons, realized linf 8.00/255 ===
[2026-08-27 08:43:08]   [t3725 v1/4] fail (pred=bird) CTA=0.8519 (383 s)
[2026-08-27 08:49:30]   [t3725 v2/4] SUCCESS (pred=dog) CTA=0.8543 (382 s)
[2026-08-27 08:55:52]   [t3725 v3/4] SUCCESS (pred=dog) CTA=0.8625 (382 s)
[2026-08-27 09:02:15]   [t3725 v4/4] fail (pred=bird) CTA=0.7726 (383 s)
[2026-08-27 09:02:15] === target 5705: 1000 saved poisons, realized linf 8.00/255 ===
[2026-08-27 09:08:37]   [t5705 v1/4] SUCCESS (pred=dog) CTA=0.8422 (382 s)
[2026-08-27 09:15:00]   [t5705 v2/4] fail (pred=bird) CTA=0.8494 (383 s)
[2026-08-27 09:21:22]   [t5705 v3/4] fail (pred=bird) CTA=0.8572 (382 s)
[2026-08-27 09:27:46]   [t5705 v4/4] fail (pred=bird) CTA=0.8506 (384 s)
[2026-08-27 09:27:46] === target 7663: 1000 saved poisons, realized linf 8.00/255 ===
[2026-08-27 09:34:09]   [t7663 v1/4] fail (pred=bird) CTA=0.8347 (382 s)
[2026-08-27 09:40:31]   [t7663 v2/4] fail (pred=bird) CTA=0.8205 (383 s)
[2026-08-27 09:46:54]   [t7663 v3/4] fail (pred=bird) CTA=0.7609 (383 s)
[2026-08-27 09:53:19]   [t7663 v4/4] fail (pred=bird) CTA=0.8712 (385 s)
[2026-08-27 09:53:19] === target 8129: 1000 saved poisons, realized linf 8.00/255 ===
[2026-08-27 09:59:43]   [t8129 v1/4] fail (pred=bird) CTA=0.8728 (384 s)
[2026-08-27 10:06:05]   [t8129 v2/4] fail (pred=bird) CTA=0.8635 (382 s)
signal: received USR1; stopping the step before final sync
srun: forcing job termination
srun: Job step aborted: Waiting up to 32 seconds for job step to finish.
[2026-08-27T10:10:18.013] error: *** STEP 634217.0 ON rack08-13 CANCELLED AT 2026-08-27T10:10:18 DUE to SIGNAL Killed ***
srun: error: rack08-13: task 0: Killed
sync: augment-extra cell -> /home/mmoslem3/scratch/PoisonBase
