environment modules unavailable; using /home/mmoslem3/ENV directly
paired targets: [409, 630, 1656, 2270, 9870]
job: 634300 augx_044_r12_r_c on rack03-13
cell: row=12 selection=random augmentation=cutout
protocol: 5 paired targets x 4 victims
gpu: NVIDIA L40S
[2026-08-27T11:04:08.379] error: couldn't chdir to `/tmp/augment_extra': No such file or directory: going to /tmp instead
[2026-08-27 11:04:11] === defense run: CIFAR10_VGG13BN_gradmatch_random_dog-bird_b0.01_eps8_seed42_ce5_tgt50__def-none+aug-cutout ===
[2026-08-27 11:04:11]     poisons replayed from /tmp/augment_extra/ours_result/CIFAR10_VGG13BN_gradmatch_random_dog-bird_b0.01_eps8_seed42_ce5_tgt50
[2026-08-27 11:04:11]     defense = none  (none+aug-cutout)
[2026-08-27 11:04:11]     victim augmentation = cutout  (applied to the poisoned image, resampled every epoch)
[2026-08-27 11:04:11] args: {"adv_eps": 8.0, "adv_step_size": 0.0, "adv_steps": 5, "attack": "gradmatch", "aug_cutout_length": 16, "aug_flip_p": 0.5, "aug_pad": 4, "aug_randaug_magnitude": 9, "aug_randaug_ops": 2, "base": "random", "base_dist": "l2", "budget": 0.01, "cache_dir": "/tmp/augment_extra/cache", "class_pair": "dog-bird", "clean_baseline": true, "craft_aug": true, "craft_ensemble": 5, "data_path": "/tmp/augment_extra/data", "dataset": "CIFAR10", "defense": "none", "defense_out_dir": "/tmp/augment_extra/augment_extra_result", "defense_parts": ["none"], "dsa_strategy": "color_crop_cutout_flip_scale_rotate", "epic_cluster_thresh": 1.0, "epic_drop_after": 10, "epic_freq": 2, "epic_metric": "euclidean", "epic_stop_after": -1, "epic_subset_size": 0.1, "epsilon": 0.0313725, "fc_mode": "sample", "friendly_begin_epoch": 5, "friendly_bs": 512, "friendly_clamp": 16.0, "friendly_epochs": 30, "friendly_lr": 100.0, "friendly_momentum": 0.9, "friendly_mu": 1.0, "gpus": "all", "jacobian_batch_size": 64, "jacobian_weight": 1.0, "lambda_margin": 1.0, "list_cached": false, "model": "VGG13BN", "no_resume": false, "noise_eps": 8.0, "noise_type": [], "num_targets": 5, "num_victims": 4, "out_dir": "/tmp/augment_extra/ours_result", "pair_order": "poison-target", "parallel_trials": true, "recompute_deltas": false, "seed": 42, "sel_alpha": 1.0, "sel_dpp": false, "sel_filter": false, "sel_mmr": false, "sel_mode": null, "sel_mu": 1.0, "sel_pca": false, "sel_pool": 3.0, "sharp_mode": "worst", "sharp_samples": 20, "sharp_sigma": 0.05, "target_idx_file": "/tmp/augment_extra/target_sets/aug_VGG13BN_gradmatch_dog-bird_b0.01.json", "target_select": 50, "use_jacobian_score": false, "victim_aug": "cutout", "victim_bs": 125, "victim_decay": [40], "victim_epochs": 50, "victim_lr": 0.1, "victim_wd": 0.0}
[2026-08-27 11:04:23]   5 target(s) with saved poisons: [409, 630, 1656, 2270, 9870]
[2026-08-27 11:04:23] === defended clean victims (4 x VGG13BN, defense none+aug-cutout) ===
[2026-08-27 11:04:23]   victim augmentation: VictimAugmenter(cutout: crop4+flip0.5 -> cutout16)
[2026-08-27 11:06:07]   trained defended clean victim 0 (VGG13BN, none+aug-cutout): test acc = 0.9088 (103 s)
[2026-08-27 11:07:49]   trained defended clean victim 1 (VGG13BN, none+aug-cutout): test acc = 0.9078 (103 s)
[2026-08-27 11:09:32]   trained defended clean victim 2 (VGG13BN, none+aug-cutout): test acc = 0.9095 (103 s)
[2026-08-27 11:11:15]   trained defended clean victim 3 (VGG13BN, none+aug-cutout): test acc = 0.8871 (103 s)
[2026-08-27 11:11:15]   defended clean CTA = 0.9033 +/- 0.0094
[2026-08-27 11:11:16] === target 409: 500 saved poisons, realized linf 8.00/255 ===
[2026-08-27 11:13:00]   [t409 v1/4] fail (pred=bird) CTA=0.9074 (104 s)
[2026-08-27 11:14:43]   [t409 v2/4] fail (pred=bird) CTA=0.9063 (103 s)
[2026-08-27 11:16:25]   [t409 v3/4] fail (pred=bird) CTA=0.9123 (103 s)
[2026-08-27 11:18:09]   [t409 v4/4] fail (pred=bird) CTA=0.9071 (103 s)
[2026-08-27 11:18:09] === target 630: 500 saved poisons, realized linf 8.00/255 ===
[2026-08-27 11:19:52]   [t630 v1/4] fail (pred=bird) CTA=0.9095 (103 s)
[2026-08-27 11:21:34]   [t630 v2/4] fail (pred=bird) CTA=0.9139 (102 s)
[2026-08-27 11:23:17]   [t630 v3/4] fail (pred=bird) CTA=0.9126 (102 s)
[2026-08-27 11:24:59]   [t630 v4/4] fail (pred=bird) CTA=0.9120 (102 s)
[2026-08-27 11:24:59] === target 1656: 500 saved poisons, realized linf 8.00/255 ===
[2026-08-27 11:26:42]   [t1656 v1/4] fail (pred=cat) CTA=0.9094 (102 s)
[2026-08-27 11:28:24]   [t1656 v2/4] fail (pred=airplane) CTA=0.9159 (103 s)
[2026-08-27 11:30:07]   [t1656 v3/4] fail (pred=cat) CTA=0.9104 (102 s)
[2026-08-27 11:31:49]   [t1656 v4/4] fail (pred=airplane) CTA=0.9188 (103 s)
[2026-08-27 11:31:49] === target 2270: 500 saved poisons, realized linf 8.00/255 ===
[2026-08-27 11:33:32]   [t2270 v1/4] fail (pred=cat) CTA=0.9028 (103 s)
[2026-08-27 11:35:14]   [t2270 v2/4] fail (pred=deer) CTA=0.9099 (102 s)
[2026-08-27 11:36:57]   [t2270 v3/4] SUCCESS (pred=dog) CTA=0.9083 (103 s)
[2026-08-27 11:38:40]   [t2270 v4/4] SUCCESS (pred=dog) CTA=0.9138 (102 s)
[2026-08-27 11:38:40] === target 9870: 500 saved poisons, realized linf 8.00/255 ===
[2026-08-27 11:40:22]   [t9870 v1/4] fail (pred=bird) CTA=0.9143 (103 s)
[2026-08-27 11:42:05]   [t9870 v2/4] fail (pred=bird) CTA=0.9043 (102 s)
[2026-08-27 11:43:47]   [t9870 v3/4] fail (pred=bird) CTA=0.9089 (102 s)
[2026-08-27 11:45:30]   [t9870 v4/4] fail (pred=bird) CTA=0.9014 (102 s)
[2026-08-27 11:45:30] ==== CIFAR10_VGG13BN_gradmatch_random_dog-bird_b0.01_eps8_seed42_ce5_tgt50 | defense none+aug-cutout : ASR = 10.0% +/- 20.0% | CTA = 0.9100 (defended clean 0.9033) ====
[2026-08-27 11:45:30]   target-prediction tally ['airplane', 'automobile', 'bird', 'cat', 'deer', 'dog', 'frog', 'horse', 'ship', 'truck']: [2, 0, 12, 3, 1, 2, 0, 0, 0, 0]
sync: augment-extra cell -> /home/mmoslem3/scratch/PoisonBase
