environment modules unavailable; using /home/mmoslem3/ENV directly
paired targets: [2540, 3725, 3875, 5169, 5705]
job: 634119 augx_113_r02_g_n on rack11-04
cell: row=02 selection=greedy augmentation=none
protocol: 5 paired targets x 4 victims
gpu: NVIDIA L40S
[2026-08-27T11:09:26.131] error: couldn't chdir to `/tmp/augment_extra': No such file or directory: going to /tmp instead
[2026-08-27 11:09:28] === defense run: CIFAR10_ConvNetBN_fc_ours_dog-bird_b0.01_eps8_seed42_lam1_cosine_ce5_tgt50__def-none ===
[2026-08-27 11:09:28]     poisons replayed from /tmp/augment_extra/ours_result/CIFAR10_ConvNetBN_fc_ours_dog-bird_b0.01_eps8_seed42_lam1_cosine_ce5_tgt50
[2026-08-27 11:09:28]     defense = none  (none)
[2026-08-27 11:09:28]     victim augmentation = none  (applied to the poisoned image, resampled every epoch)
[2026-08-27 11:09:28] args: {"adv_eps": 8.0, "adv_step_size": 0.0, "adv_steps": 5, "attack": "fc", "aug_cutout_length": 16, "aug_flip_p": 0.5, "aug_pad": 4, "aug_randaug_magnitude": 9, "aug_randaug_ops": 2, "base": "ours", "base_dist": "cosine", "budget": 0.01, "cache_dir": "/tmp/augment_extra/cache", "class_pair": "dog-bird", "clean_baseline": true, "craft_aug": true, "craft_ensemble": 5, "data_path": "/tmp/augment_extra/data", "dataset": "CIFAR10", "defense": "none", "defense_out_dir": "/tmp/augment_extra/augment_extra_result", "defense_parts": ["none"], "dsa_strategy": "color_crop_cutout_flip_scale_rotate", "epic_cluster_thresh": 1.0, "epic_drop_after": 10, "epic_freq": 2, "epic_metric": "euclidean", "epic_stop_after": -1, "epic_subset_size": 0.1, "epsilon": 0.0313725, "fc_mode": "sample", "friendly_begin_epoch": 5, "friendly_bs": 512, "friendly_clamp": 16.0, "friendly_epochs": 30, "friendly_lr": 100.0, "friendly_momentum": 0.9, "friendly_mu": 1.0, "gpus": "all", "jacobian_batch_size": 64, "jacobian_weight": 1.0, "lambda_margin": 1.0, "list_cached": false, "model": "ConvNetBN", "no_resume": false, "noise_eps": 8.0, "noise_type": [], "num_targets": 5, "num_victims": 4, "out_dir": "/tmp/augment_extra/ours_result", "pair_order": "poison-target", "parallel_trials": true, "recompute_deltas": false, "seed": 42, "sel_alpha": 1.0, "sel_dpp": false, "sel_filter": false, "sel_mmr": false, "sel_mode": null, "sel_mu": 1.0, "sel_pca": false, "sel_pool": 3.0, "sharp_mode": "worst", "sharp_samples": 20, "sharp_sigma": 0.05, "target_idx_file": "/tmp/augment_extra/target_sets/aug_ConvNetBN_fc_dog-bird_b0.01.json", "target_select": 50, "use_jacobian_score": false, "victim_aug": "none", "victim_bs": 125, "victim_decay": [40], "victim_epochs": 50, "victim_lr": 0.1, "victim_wd": 0.0}
[2026-08-27 11:09:41]   5 target(s) with saved poisons: [2540, 3725, 3875, 5169, 5705]
[2026-08-27 11:09:41] === defended clean victims (4 x ConvNetBN, defense none) ===
[2026-08-27 11:09:42]   defended clean CTA = 0.8153 +/- 0.0048
[2026-08-27 11:09:42] === target 2540: 500 saved poisons, realized linf 8.00/255 ===
[2026-08-27 11:10:32]   [t2540 v1/4] SUCCESS (pred=dog) CTA=0.8115 (50 s)
[2026-08-27 11:11:22]   [t2540 v2/4] SUCCESS (pred=dog) CTA=0.7652 (50 s)
[2026-08-27 11:12:12]   [t2540 v3/4] SUCCESS (pred=dog) CTA=0.8077 (50 s)
[2026-08-27 11:13:02]   [t2540 v4/4] SUCCESS (pred=dog) CTA=0.7944 (50 s)
[2026-08-27 11:13:02] === target 3725: 500 saved poisons, realized linf 8.00/255 ===
[2026-08-27 11:13:52]   [t3725 v1/4] SUCCESS (pred=dog) CTA=0.8072 (50 s)
[2026-08-27 11:14:43]   [t3725 v2/4] SUCCESS (pred=dog) CTA=0.8017 (50 s)
[2026-08-27 11:15:33]   [t3725 v3/4] SUCCESS (pred=dog) CTA=0.7967 (50 s)
[2026-08-27 11:16:23]   [t3725 v4/4] SUCCESS (pred=dog) CTA=0.7935 (50 s)
[2026-08-27 11:16:23] === target 3875: 500 saved poisons, realized linf 8.00/255 ===
[2026-08-27 11:17:13]   [t3875 v1/4] SUCCESS (pred=dog) CTA=0.7966 (50 s)
[2026-08-27 11:18:03]   [t3875 v2/4] SUCCESS (pred=dog) CTA=0.8080 (50 s)
[2026-08-27 11:18:53]   [t3875 v3/4] fail (pred=bird) CTA=0.8071 (50 s)
[2026-08-27 11:19:44]   [t3875 v4/4] SUCCESS (pred=dog) CTA=0.7908 (50 s)
[2026-08-27 11:19:44] === target 5169: 500 saved poisons, realized linf 8.00/255 ===
[2026-08-27 11:20:34]   [t5169 v1/4] SUCCESS (pred=dog) CTA=0.7871 (50 s)
[2026-08-27 11:21:24]   [t5169 v2/4] SUCCESS (pred=dog) CTA=0.7821 (50 s)
[2026-08-27 11:22:14]   [t5169 v3/4] SUCCESS (pred=dog) CTA=0.8032 (50 s)
[2026-08-27 11:23:04]   [t5169 v4/4] SUCCESS (pred=dog) CTA=0.8142 (50 s)
[2026-08-27 11:23:04] === target 5705: 500 saved poisons, realized linf 8.00/255 ===
[2026-08-27 11:23:54]   [t5705 v1/4] SUCCESS (pred=dog) CTA=0.8040 (50 s)
[2026-08-27 11:24:45]   [t5705 v2/4] SUCCESS (pred=dog) CTA=0.8146 (50 s)
[2026-08-27 11:25:35]   [t5705 v3/4] SUCCESS (pred=dog) CTA=0.7965 (50 s)
[2026-08-27 11:26:25]   [t5705 v4/4] SUCCESS (pred=dog) CTA=0.8005 (50 s)
[2026-08-27 11:26:25]   control check vs the undefended run: 20/20 trials agree, max |dCTA| = 0.00000 (cudnn is not bit-deterministic, so a stray flip near the decision boundary is expected)
[2026-08-27 11:26:25] ==== CIFAR10_ConvNetBN_fc_ours_dog-bird_b0.01_eps8_seed42_lam1_cosine_ce5_tgt50 | defense none : ASR = 95.0% +/- 10.0% | CTA = 0.7991 (defended clean 0.8153) ====
[2026-08-27 11:26:25]   target-prediction tally ['airplane', 'automobile', 'bird', 'cat', 'deer', 'dog', 'frog', 'horse', 'ship', 'truck']: [0, 0, 1, 0, 0, 19, 0, 0, 0, 0]
sync: augment-extra cell -> /home/mmoslem3/scratch/PoisonBase
