environment modules unavailable; using /home/mmoslem3/ENV directly
paired targets: [409, 630, 1656, 2270, 9870]
job: 634297 augx_038_r11_d1_s on rack15-09
cell: row=11 selection=dpp01 augmentation=standard
protocol: 5 paired targets x 4 victims
gpu: NVIDIA L40S
[2026-08-27T11:03:37.813] error: couldn't chdir to `/tmp/augment_extra': No such file or directory: going to /tmp instead
[2026-08-27 11:03:40] === defense run: CIFAR10_VGG13BN_gradmatch_ours_dog-bird_b0.005_eps8_seed42_lam1_cosine_seldpp0.1_ce5_tgt50__def-none+aug-standard ===
[2026-08-27 11:03:40]     poisons replayed from /tmp/augment_extra/ours_result/CIFAR10_VGG13BN_gradmatch_ours_dog-bird_b0.005_eps8_seed42_lam1_cosine_seldpp0.1_ce5_tgt50
[2026-08-27 11:03:40]     defense = none  (none+aug-standard)
[2026-08-27 11:03:40]     victim augmentation = standard  (applied to the poisoned image, resampled every epoch)
[2026-08-27 11:03:40] args: {"adv_eps": 8.0, "adv_step_size": 0.0, "adv_steps": 5, "attack": "gradmatch", "aug_cutout_length": 16, "aug_flip_p": 0.5, "aug_pad": 4, "aug_randaug_magnitude": 9, "aug_randaug_ops": 2, "base": "ours", "base_dist": "cosine", "budget": 0.005, "cache_dir": "/tmp/augment_extra/cache", "class_pair": "dog-bird", "clean_baseline": true, "craft_aug": true, "craft_ensemble": 5, "data_path": "/tmp/augment_extra/data", "dataset": "CIFAR10", "defense": "none", "defense_out_dir": "/tmp/augment_extra/augment_extra_result", "defense_parts": ["none"], "dsa_strategy": "color_crop_cutout_flip_scale_rotate", "epic_cluster_thresh": 1.0, "epic_drop_after": 10, "epic_freq": 2, "epic_metric": "euclidean", "epic_stop_after": -1, "epic_subset_size": 0.1, "epsilon": 0.0313725, "fc_mode": "sample", "friendly_begin_epoch": 5, "friendly_bs": 512, "friendly_clamp": 16.0, "friendly_epochs": 30, "friendly_lr": 100.0, "friendly_momentum": 0.9, "friendly_mu": 1.0, "gpus": "all", "jacobian_batch_size": 64, "jacobian_weight": 1.0, "lambda_margin": 1.0, "list_cached": false, "model": "VGG13BN", "no_resume": false, "noise_eps": 8.0, "noise_type": [], "num_targets": 5, "num_victims": 4, "out_dir": "/tmp/augment_extra/ours_result", "pair_order": "poison-target", "parallel_trials": true, "recompute_deltas": false, "seed": 42, "sel_alpha": 0.1, "sel_dpp": true, "sel_filter": false, "sel_mmr": false, "sel_mode": "dpp", "sel_mu": 1.0, "sel_pca": false, "sel_pool": 3.0, "sharp_mode": "worst", "sharp_samples": 20, "sharp_sigma": 0.05, "target_idx_file": "/tmp/augment_extra/target_sets/aug_VGG13BN_gradmatch_dog-bird_b0.005.json", "target_select": 50, "use_jacobian_score": false, "victim_aug": "standard", "victim_bs": 125, "victim_decay": [40], "victim_epochs": 50, "victim_lr": 0.1, "victim_wd": 0.0}
[2026-08-27 11:03:53]   5 target(s) with saved poisons: [409, 630, 1656, 2270, 9870]
[2026-08-27 11:03:53] === defended clean victims (4 x VGG13BN, defense none+aug-standard) ===
[2026-08-27 11:03:53]   victim augmentation: VictimAugmenter(standard: crop4+flip0.5)
[2026-08-27 11:05:36]   trained defended clean victim 0 (VGG13BN, none+aug-standard): test acc = 0.9104 (103 s)
[2026-08-27 11:07:19]   trained defended clean victim 1 (VGG13BN, none+aug-standard): test acc = 0.9010 (103 s)
[2026-08-27 11:09:02]   trained defended clean victim 2 (VGG13BN, none+aug-standard): test acc = 0.9103 (103 s)
[2026-08-27 11:10:44]   trained defended clean victim 3 (VGG13BN, none+aug-standard): test acc = 0.8817 (102 s)
[2026-08-27 11:10:45]   defended clean CTA = 0.9008 +/- 0.0117
[2026-08-27 11:10:45] === target 409: 250 saved poisons, realized linf 8.00/255 ===
[2026-08-27 11:12:29]   [t409 v1/4] SUCCESS (pred=dog) CTA=0.9009 (104 s)
[2026-08-27 11:14:12]   [t409 v2/4] SUCCESS (pred=dog) CTA=0.9030 (103 s)
[2026-08-27 11:15:55]   [t409 v3/4] SUCCESS (pred=dog) CTA=0.9063 (103 s)
[2026-08-27 11:17:39]   [t409 v4/4] SUCCESS (pred=dog) CTA=0.9045 (103 s)
[2026-08-27 11:17:39] === target 630: 250 saved poisons, realized linf 8.00/255 ===
[2026-08-27 11:19:22]   [t630 v1/4] SUCCESS (pred=dog) CTA=0.9113 (104 s)
[2026-08-27 11:21:06]   [t630 v2/4] SUCCESS (pred=dog) CTA=0.9087 (104 s)
[2026-08-27 11:22:50]   [t630 v3/4] SUCCESS (pred=dog) CTA=0.9056 (104 s)
[2026-08-27 11:24:34]   [t630 v4/4] fail (pred=bird) CTA=0.9022 (104 s)
[2026-08-27 11:24:34] === target 1656: 250 saved poisons, realized linf 8.00/255 ===
[2026-08-27 11:26:18]   [t1656 v1/4] SUCCESS (pred=dog) CTA=0.9004 (104 s)
[2026-08-27 11:28:02]   [t1656 v2/4] SUCCESS (pred=dog) CTA=0.9067 (104 s)
[2026-08-27 11:29:46]   [t1656 v3/4] SUCCESS (pred=dog) CTA=0.9077 (104 s)
[2026-08-27 11:31:30]   [t1656 v4/4] SUCCESS (pred=dog) CTA=0.9069 (104 s)
[2026-08-27 11:31:30] === target 2270: 250 saved poisons, realized linf 8.00/255 ===
[2026-08-27 11:33:14]   [t2270 v1/4] SUCCESS (pred=dog) CTA=0.9093 (104 s)
[2026-08-27 11:34:57]   [t2270 v2/4] SUCCESS (pred=dog) CTA=0.9009 (104 s)
[2026-08-27 11:36:41]   [t2270 v3/4] SUCCESS (pred=dog) CTA=0.9100 (104 s)
[2026-08-27 11:38:25]   [t2270 v4/4] SUCCESS (pred=dog) CTA=0.8984 (104 s)
[2026-08-27 11:38:25] === target 9870: 250 saved poisons, realized linf 8.00/255 ===
[2026-08-27 11:40:09]   [t9870 v1/4] fail (pred=bird) CTA=0.9055 (104 s)
[2026-08-27 11:41:53]   [t9870 v2/4] fail (pred=bird) CTA=0.9064 (104 s)
[2026-08-27 11:43:37]   [t9870 v3/4] SUCCESS (pred=dog) CTA=0.9064 (104 s)
[2026-08-27 11:45:21]   [t9870 v4/4] SUCCESS (pred=dog) CTA=0.9054 (104 s)
[2026-08-27 11:45:21] ==== CIFAR10_VGG13BN_gradmatch_ours_dog-bird_b0.005_eps8_seed42_lam1_cosine_seldpp0.1_ce5_tgt50 | defense none+aug-standard : ASR = 85.0% +/- 20.0% | CTA = 0.9053 (defended clean 0.9008) ====
[2026-08-27 11:45:21]   target-prediction tally ['airplane', 'automobile', 'bird', 'cat', 'deer', 'dog', 'frog', 'horse', 'ship', 'truck']: [0, 0, 3, 0, 0, 17, 0, 0, 0, 0]
sync: augment-extra cell -> /home/mmoslem3/scratch/PoisonBase
