environment modules unavailable; using /home/mmoslem3/ENV directly
paired targets: [833, 2065, 4630, 5118, 5324]
job: 634344 augx_247_r09_d1_r on rack07-09
cell: row=09 selection=dpp01 augmentation=randaug
protocol: 5 paired targets x 4 victims
gpu: NVIDIA L40S
[2026-08-27T11:28:38.136] error: couldn't chdir to `/tmp/augment_extra': No such file or directory: going to /tmp instead
[2026-08-27 11:28:40] === defense run: CIFAR10_ResNet20BN_gradmatch_ours_dog-bird_b0.02_eps8_seed42_lam1_cosine_seldpp0.1_ce5_tgt14__def-none+aug-randaug ===
[2026-08-27 11:28:40]     poisons replayed from /tmp/augment_extra/ours_result/CIFAR10_ResNet20BN_gradmatch_ours_dog-bird_b0.02_eps8_seed42_lam1_cosine_seldpp0.1_ce5_tgt14
[2026-08-27 11:28:40]     defense = none  (none+aug-randaug)
[2026-08-27 11:28:40]     victim augmentation = randaug  (applied to the poisoned image, resampled every epoch)
[2026-08-27 11:28:40] args: {"adv_eps": 8.0, "adv_step_size": 0.0, "adv_steps": 5, "attack": "gradmatch", "aug_cutout_length": 16, "aug_flip_p": 0.5, "aug_pad": 4, "aug_randaug_magnitude": 9, "aug_randaug_ops": 2, "base": "ours", "base_dist": "cosine", "budget": 0.02, "cache_dir": "/tmp/augment_extra/cache", "class_pair": "dog-bird", "clean_baseline": true, "craft_aug": true, "craft_ensemble": 5, "data_path": "/tmp/augment_extra/data", "dataset": "CIFAR10", "defense": "none", "defense_out_dir": "/tmp/augment_extra/augment_extra_result", "defense_parts": ["none"], "dsa_strategy": "color_crop_cutout_flip_scale_rotate", "epic_cluster_thresh": 1.0, "epic_drop_after": 10, "epic_freq": 2, "epic_metric": "euclidean", "epic_stop_after": -1, "epic_subset_size": 0.1, "epsilon": 0.0313725, "fc_mode": "sample", "friendly_begin_epoch": 5, "friendly_bs": 512, "friendly_clamp": 16.0, "friendly_epochs": 30, "friendly_lr": 100.0, "friendly_momentum": 0.9, "friendly_mu": 1.0, "gpus": "all", "jacobian_batch_size": 64, "jacobian_weight": 1.0, "lambda_margin": 1.0, "list_cached": false, "model": "ResNet20BN", "no_resume": false, "noise_eps": 8.0, "noise_type": [], "num_targets": 5, "num_victims": 4, "out_dir": "/tmp/augment_extra/ours_result", "pair_order": "poison-target", "parallel_trials": true, "recompute_deltas": false, "seed": 42, "sel_alpha": 0.1, "sel_dpp": true, "sel_filter": false, "sel_mmr": false, "sel_mode": "dpp", "sel_mu": 1.0, "sel_pca": false, "sel_pool": 3.0, "sharp_mode": "worst", "sharp_samples": 20, "sharp_sigma": 0.05, "target_idx_file": "/tmp/augment_extra/target_sets/aug_ResNet20BN_gradmatch_dog-bird_b0.02.json", "target_select": 14, "use_jacobian_score": false, "victim_aug": "randaug", "victim_bs": 125, "victim_decay": [40], "victim_epochs": 50, "victim_lr": 0.1, "victim_wd": 0.0}
[2026-08-27 11:28:53]   5 target(s) with saved poisons: [833, 2065, 4630, 5118, 5324]
[2026-08-27 11:28:53] === defended clean victims (4 x ResNet20BN, defense none+aug-randaug) ===
[2026-08-27 11:28:53]   victim augmentation: VictimAugmenter(randaug: crop4+flip0.5 -> randaug(n=2, m from 14 ops))
[2026-08-27 11:36:26]   trained defended clean victim 0 (ResNet20BN, none+aug-randaug): test acc = 0.9032 (454 s)
[2026-08-27 11:43:59]   trained defended clean victim 1 (ResNet20BN, none+aug-randaug): test acc = 0.9070 (453 s)
[2026-08-27 11:51:32]   trained defended clean victim 2 (ResNet20BN, none+aug-randaug): test acc = 0.8997 (453 s)
[2026-08-27 11:59:05]   trained defended clean victim 3 (ResNet20BN, none+aug-randaug): test acc = 0.9031 (453 s)
[2026-08-27 11:59:05]   defended clean CTA = 0.9033 +/- 0.0026
[2026-08-27 11:59:05] === target 833: 1000 saved poisons, realized linf 8.00/255 ===
[2026-08-27 12:06:38]   [t833 v1/4] SUCCESS (pred=dog) CTA=0.9056 (453 s)
[2026-08-27 12:14:09]   [t833 v2/4] SUCCESS (pred=dog) CTA=0.9009 (452 s)
[2026-08-27 12:21:41]   [t833 v3/4] SUCCESS (pred=dog) CTA=0.8967 (452 s)
[2026-08-27 12:29:14]   [t833 v4/4] SUCCESS (pred=dog) CTA=0.9000 (452 s)
[2026-08-27 12:29:14] === target 2065: 1000 saved poisons, realized linf 8.00/255 ===
[2026-08-27 12:36:47]   [t2065 v1/4] SUCCESS (pred=dog) CTA=0.8979 (453 s)
[2026-08-27 12:44:20]   [t2065 v2/4] SUCCESS (pred=dog) CTA=0.8974 (453 s)
[2026-08-27 12:51:53]   [t2065 v3/4] SUCCESS (pred=dog) CTA=0.9015 (453 s)
[2026-08-27 12:59:26]   [t2065 v4/4] SUCCESS (pred=dog) CTA=0.8963 (453 s)
[2026-08-27 12:59:26] === target 4630: 1000 saved poisons, realized linf 8.00/255 ===
[2026-08-27 13:06:59]   [t4630 v1/4] SUCCESS (pred=dog) CTA=0.9022 (453 s)
[2026-08-27 13:14:33]   [t4630 v2/4] SUCCESS (pred=dog) CTA=0.8960 (454 s)
[2026-08-27 13:22:06]   [t4630 v3/4] SUCCESS (pred=dog) CTA=0.8989 (453 s)
[2026-08-27 13:29:40]   [t4630 v4/4] SUCCESS (pred=dog) CTA=0.8962 (454 s)
[2026-08-27 13:29:40] === target 5118: 1000 saved poisons, realized linf 8.00/255 ===
[2026-08-27 13:37:13]   [t5118 v1/4] SUCCESS (pred=dog) CTA=0.9008 (453 s)
[2026-08-27 13:44:46]   [t5118 v2/4] SUCCESS (pred=dog) CTA=0.8985 (453 s)
[2026-08-27 13:52:20]   [t5118 v3/4] SUCCESS (pred=dog) CTA=0.8950 (454 s)
[2026-08-27 13:59:52]   [t5118 v4/4] SUCCESS (pred=dog) CTA=0.9019 (452 s)
[2026-08-27 13:59:52] === target 5324: 1000 saved poisons, realized linf 8.00/255 ===
[2026-08-27 14:07:24]   [t5324 v1/4] SUCCESS (pred=dog) CTA=0.9011 (453 s)
[2026-08-27 14:14:57]   [t5324 v2/4] SUCCESS (pred=dog) CTA=0.8971 (453 s)
[2026-08-27 14:22:31]   [t5324 v3/4] SUCCESS (pred=dog) CTA=0.9027 (453 s)
signal: received USR1; stopping the step before final sync
srun: forcing job termination
srun: Job step aborted: Waiting up to 32 seconds for job step to finish.
[2026-08-27T14:23:26.010] error: *** STEP 634344.0 ON rack07-09 CANCELLED AT 2026-08-27T14:23:26 DUE to SIGNAL Killed ***
srun: error: rack07-09: task 0: Killed
sync: augment-extra cell -> /home/mmoslem3/scratch/PoisonBase
