environment modules unavailable; using /home/mmoslem3/ENV directly
paired targets: [833, 2065, 4630, 5118, 5324]
job: 634260 augx_242_r09_d25_s on rack07-13
cell: row=09 selection=dpp025 augmentation=standard
protocol: 5 paired targets x 4 victims
gpu: NVIDIA L40S
[2026-08-27T11:28:39.495] error: couldn't chdir to `/tmp/augment_extra': No such file or directory: going to /tmp instead
[2026-08-27 11:28:42] === defense run: CIFAR10_ResNet20BN_gradmatch_ours_dog-bird_b0.02_eps8_seed42_lam1_cosine_seldpp0.25_ce5_tgt14__def-none+aug-standard ===
[2026-08-27 11:28:42]     poisons replayed from /tmp/augment_extra/ours_result/CIFAR10_ResNet20BN_gradmatch_ours_dog-bird_b0.02_eps8_seed42_lam1_cosine_seldpp0.25_ce5_tgt14
[2026-08-27 11:28:42]     defense = none  (none+aug-standard)
[2026-08-27 11:28:42]     victim augmentation = standard  (applied to the poisoned image, resampled every epoch)
[2026-08-27 11:28:42] args: {"adv_eps": 8.0, "adv_step_size": 0.0, "adv_steps": 5, "attack": "gradmatch", "aug_cutout_length": 16, "aug_flip_p": 0.5, "aug_pad": 4, "aug_randaug_magnitude": 9, "aug_randaug_ops": 2, "base": "ours", "base_dist": "cosine", "budget": 0.02, "cache_dir": "/tmp/augment_extra/cache", "class_pair": "dog-bird", "clean_baseline": true, "craft_aug": true, "craft_ensemble": 5, "data_path": "/tmp/augment_extra/data", "dataset": "CIFAR10", "defense": "none", "defense_out_dir": "/tmp/augment_extra/augment_extra_result", "defense_parts": ["none"], "dsa_strategy": "color_crop_cutout_flip_scale_rotate", "epic_cluster_thresh": 1.0, "epic_drop_after": 10, "epic_freq": 2, "epic_metric": "euclidean", "epic_stop_after": -1, "epic_subset_size": 0.1, "epsilon": 0.0313725, "fc_mode": "sample", "friendly_begin_epoch": 5, "friendly_bs": 512, "friendly_clamp": 16.0, "friendly_epochs": 30, "friendly_lr": 100.0, "friendly_momentum": 0.9, "friendly_mu": 1.0, "gpus": "all", "jacobian_batch_size": 64, "jacobian_weight": 1.0, "lambda_margin": 1.0, "list_cached": false, "model": "ResNet20BN", "no_resume": false, "noise_eps": 8.0, "noise_type": [], "num_targets": 5, "num_victims": 4, "out_dir": "/tmp/augment_extra/ours_result", "pair_order": "poison-target", "parallel_trials": true, "recompute_deltas": false, "seed": 42, "sel_alpha": 0.25, "sel_dpp": true, "sel_filter": false, "sel_mmr": false, "sel_mode": "dpp", "sel_mu": 1.0, "sel_pca": false, "sel_pool": 3.0, "sharp_mode": "worst", "sharp_samples": 20, "sharp_sigma": 0.05, "target_idx_file": "/tmp/augment_extra/target_sets/aug_ResNet20BN_gradmatch_dog-bird_b0.02.json", "target_select": 14, "use_jacobian_score": false, "victim_aug": "standard", "victim_bs": 125, "victim_decay": [40], "victim_epochs": 50, "victim_lr": 0.1, "victim_wd": 0.0}
[2026-08-27 11:28:55]   5 target(s) with saved poisons: [833, 2065, 4630, 5118, 5324]
[2026-08-27 11:28:55] === defended clean victims (4 x ResNet20BN, defense none+aug-standard) ===
[2026-08-27 11:28:55]   defended clean CTA = 0.8984 +/- 0.0025
[2026-08-27 11:28:56] === target 833: 1000 saved poisons, realized linf 8.00/255 ===
[2026-08-27 11:28:56]   victim augmentation: VictimAugmenter(standard: crop4+flip0.5)
[2026-08-27 11:30:33]   [t833 v1/4] SUCCESS (pred=dog) CTA=0.8926 (97 s)
[2026-08-27 11:32:10]   [t833 v2/4] SUCCESS (pred=dog) CTA=0.8963 (97 s)
[2026-08-27 11:33:47]   [t833 v3/4] SUCCESS (pred=dog) CTA=0.8956 (97 s)
[2026-08-27 11:35:24]   [t833 v4/4] SUCCESS (pred=dog) CTA=0.8931 (97 s)
[2026-08-27 11:35:24] === target 2065: 1000 saved poisons, realized linf 8.00/255 ===
[2026-08-27 11:37:01]   [t2065 v1/4] SUCCESS (pred=dog) CTA=0.8929 (97 s)
[2026-08-27 11:38:38]   [t2065 v2/4] SUCCESS (pred=dog) CTA=0.8933 (97 s)
[2026-08-27 11:40:15]   [t2065 v3/4] SUCCESS (pred=dog) CTA=0.8904 (97 s)
[2026-08-27 11:41:52]   [t2065 v4/4] SUCCESS (pred=dog) CTA=0.8874 (97 s)
[2026-08-27 11:41:52] === target 4630: 1000 saved poisons, realized linf 8.00/255 ===
[2026-08-27 11:43:29]   [t4630 v1/4] SUCCESS (pred=dog) CTA=0.8945 (97 s)
[2026-08-27 11:45:06]   [t4630 v2/4] SUCCESS (pred=dog) CTA=0.8909 (97 s)
[2026-08-27 11:46:43]   [t4630 v3/4] SUCCESS (pred=dog) CTA=0.8907 (97 s)
[2026-08-27 11:48:21]   [t4630 v4/4] SUCCESS (pred=dog) CTA=0.8948 (97 s)
[2026-08-27 11:48:21] === target 5118: 1000 saved poisons, realized linf 8.00/255 ===
[2026-08-27 11:49:58]   [t5118 v1/4] SUCCESS (pred=dog) CTA=0.8982 (97 s)
[2026-08-27 11:51:35]   [t5118 v2/4] SUCCESS (pred=dog) CTA=0.8924 (97 s)
[2026-08-27 11:53:12]   [t5118 v3/4] SUCCESS (pred=dog) CTA=0.8942 (97 s)
[2026-08-27 11:54:49]   [t5118 v4/4] SUCCESS (pred=dog) CTA=0.8926 (97 s)
[2026-08-27 11:54:49] === target 5324: 1000 saved poisons, realized linf 8.00/255 ===
[2026-08-27 11:56:26]   [t5324 v1/4] SUCCESS (pred=dog) CTA=0.8929 (97 s)
[2026-08-27 11:58:03]   [t5324 v2/4] SUCCESS (pred=dog) CTA=0.8897 (97 s)
[2026-08-27 11:59:40]   [t5324 v3/4] SUCCESS (pred=dog) CTA=0.8905 (97 s)
[2026-08-27 12:01:17]   [t5324 v4/4] SUCCESS (pred=dog) CTA=0.8891 (97 s)
[2026-08-27 12:01:17] ==== CIFAR10_ResNet20BN_gradmatch_ours_dog-bird_b0.02_eps8_seed42_lam1_cosine_seldpp0.25_ce5_tgt14 | defense none+aug-standard : ASR = 100.0% +/- 0.0% | CTA = 0.8926 (defended clean 0.8984) ====
[2026-08-27 12:01:17]   target-prediction tally ['airplane', 'automobile', 'bird', 'cat', 'deer', 'dog', 'frog', 'horse', 'ship', 'truck']: [0, 0, 0, 0, 0, 20, 0, 0, 0, 0]
sync: augment-extra cell -> /home/mmoslem3/scratch/PoisonBase
