environment modules unavailable; using /home/mmoslem3/ENV directly
paired targets: [2540, 3725, 5705, 7663, 8129]
job: 634124 augx_133_r03_d2_n on rack05-05
cell: row=03 selection=dpp2 augmentation=none
protocol: 5 paired targets x 4 victims
gpu: NVIDIA L40S
[2026-08-27T06:53:59.304] error: couldn't chdir to `/tmp/augment_extra': No such file or directory: going to /tmp instead
[2026-08-27 06:54:01] === defense run: CIFAR10_ConvNetBN_fc_ours_dog-bird_b0.02_eps8_seed42_lam1_cosine_seldpp2_ce5_tgt50__def-none ===
[2026-08-27 06:54:01]     poisons replayed from /tmp/augment_extra/ours_result/CIFAR10_ConvNetBN_fc_ours_dog-bird_b0.02_eps8_seed42_lam1_cosine_seldpp2_ce5_tgt50
[2026-08-27 06:54:01]     defense = none  (none)
[2026-08-27 06:54:01]     victim augmentation = none  (applied to the poisoned image, resampled every epoch)
[2026-08-27 06:54:01] args: {"adv_eps": 8.0, "adv_step_size": 0.0, "adv_steps": 5, "attack": "fc", "aug_cutout_length": 16, "aug_flip_p": 0.5, "aug_pad": 4, "aug_randaug_magnitude": 9, "aug_randaug_ops": 2, "base": "ours", "base_dist": "cosine", "budget": 0.02, "cache_dir": "/tmp/augment_extra/cache", "class_pair": "dog-bird", "clean_baseline": true, "craft_aug": true, "craft_ensemble": 5, "data_path": "/tmp/augment_extra/data", "dataset": "CIFAR10", "defense": "none", "defense_out_dir": "/tmp/augment_extra/augment_extra_result", "defense_parts": ["none"], "dsa_strategy": "color_crop_cutout_flip_scale_rotate", "epic_cluster_thresh": 1.0, "epic_drop_after": 10, "epic_freq": 2, "epic_metric": "euclidean", "epic_stop_after": -1, "epic_subset_size": 0.1, "epsilon": 0.0313725, "fc_mode": "sample", "friendly_begin_epoch": 5, "friendly_bs": 512, "friendly_clamp": 16.0, "friendly_epochs": 30, "friendly_lr": 100.0, "friendly_momentum": 0.9, "friendly_mu": 1.0, "gpus": "all", "jacobian_batch_size": 64, "jacobian_weight": 1.0, "lambda_margin": 1.0, "list_cached": false, "model": "ConvNetBN", "no_resume": false, "noise_eps": 8.0, "noise_type": [], "num_targets": 5, "num_victims": 4, "out_dir": "/tmp/augment_extra/ours_result", "pair_order": "poison-target", "parallel_trials": true, "recompute_deltas": false, "seed": 42, "sel_alpha": 2.0, "sel_dpp": true, "sel_filter": false, "sel_mmr": false, "sel_mode": "dpp", "sel_mu": 1.0, "sel_pca": false, "sel_pool": 3.0, "sharp_mode": "worst", "sharp_samples": 20, "sharp_sigma": 0.05, "target_idx_file": "/tmp/augment_extra/target_sets/aug_ConvNetBN_fc_dog-bird_b0.02.json", "target_select": 50, "use_jacobian_score": false, "victim_aug": "none", "victim_bs": 125, "victim_decay": [40], "victim_epochs": 50, "victim_lr": 0.1, "victim_wd": 0.0}
[2026-08-27 06:54:14]   5 target(s) with saved poisons: [2540, 3725, 5705, 7663, 8129]
[2026-08-27 06:54:14] === defended clean victims (4 x ConvNetBN, defense none) ===
[2026-08-27 06:55:06]   trained defended clean victim 0 (ConvNetBN, none): test acc = 0.8209 (52 s)
[2026-08-27 06:55:57]   trained defended clean victim 1 (ConvNetBN, none): test acc = 0.8176 (52 s)
[2026-08-27 06:56:49]   trained defended clean victim 2 (ConvNetBN, none): test acc = 0.8146 (52 s)
[2026-08-27 06:57:41]   trained defended clean victim 3 (ConvNetBN, none): test acc = 0.8080 (52 s)
[2026-08-27 06:57:41]   defended clean CTA = 0.8153 +/- 0.0048
[2026-08-27 06:57:41] === target 2540: 1000 saved poisons, realized linf 8.00/255 ===
[2026-08-27 06:58:33]   [t2540 v1/4] SUCCESS (pred=dog) CTA=0.8033 (52 s)
[2026-08-27 06:59:25]   [t2540 v2/4] SUCCESS (pred=dog) CTA=0.7608 (52 s)
[2026-08-27 07:00:16]   [t2540 v3/4] SUCCESS (pred=dog) CTA=0.8037 (52 s)
[2026-08-27 07:01:08]   [t2540 v4/4] SUCCESS (pred=dog) CTA=0.7997 (52 s)
[2026-08-27 07:01:08] === target 3725: 1000 saved poisons, realized linf 8.00/255 ===
[2026-08-27 07:02:00]   [t3725 v1/4] SUCCESS (pred=dog) CTA=0.8027 (52 s)
[2026-08-27 07:02:51]   [t3725 v2/4] SUCCESS (pred=dog) CTA=0.7935 (52 s)
[2026-08-27 07:03:43]   [t3725 v3/4] SUCCESS (pred=dog) CTA=0.7972 (52 s)
[2026-08-27 07:04:35]   [t3725 v4/4] SUCCESS (pred=dog) CTA=0.7925 (52 s)
[2026-08-27 07:04:35] === target 5705: 1000 saved poisons, realized linf 8.00/255 ===
[2026-08-27 07:05:27]   [t5705 v1/4] SUCCESS (pred=dog) CTA=0.8072 (52 s)
[2026-08-27 07:06:18]   [t5705 v2/4] SUCCESS (pred=dog) CTA=0.8129 (52 s)
[2026-08-27 07:07:10]   [t5705 v3/4] SUCCESS (pred=dog) CTA=0.7934 (52 s)
[2026-08-27 07:08:02]   [t5705 v4/4] SUCCESS (pred=dog) CTA=0.8049 (52 s)
[2026-08-27 07:08:02] === target 7663: 1000 saved poisons, realized linf 8.00/255 ===
[2026-08-27 07:08:54]   [t7663 v1/4] SUCCESS (pred=dog) CTA=0.7975 (52 s)
[2026-08-27 07:09:46]   [t7663 v2/4] SUCCESS (pred=dog) CTA=0.8077 (52 s)
[2026-08-27 07:10:37]   [t7663 v3/4] SUCCESS (pred=dog) CTA=0.8001 (52 s)
[2026-08-27 07:11:29]   [t7663 v4/4] SUCCESS (pred=dog) CTA=0.8162 (52 s)
[2026-08-27 07:11:29] === target 8129: 1000 saved poisons, realized linf 8.00/255 ===
[2026-08-27 07:12:21]   [t8129 v1/4] SUCCESS (pred=dog) CTA=0.8049 (52 s)
[2026-08-27 07:13:13]   [t8129 v2/4] SUCCESS (pred=dog) CTA=0.8024 (52 s)
[2026-08-27 07:14:04]   [t8129 v3/4] SUCCESS (pred=dog) CTA=0.7928 (52 s)
[2026-08-27 07:14:56]   [t8129 v4/4] SUCCESS (pred=dog) CTA=0.8011 (52 s)
[2026-08-27 07:14:56]   control check vs the undefended run: 20/20 trials agree, max |dCTA| = 0.00000 (cudnn is not bit-deterministic, so a stray flip near the decision boundary is expected)
[2026-08-27 07:14:56] ==== CIFAR10_ConvNetBN_fc_ours_dog-bird_b0.02_eps8_seed42_lam1_cosine_seldpp2_ce5_tgt50 | defense none : ASR = 100.0% +/- 0.0% | CTA = 0.7997 (defended clean 0.8153) ====
[2026-08-27 07:14:56]   target-prediction tally ['airplane', 'automobile', 'bird', 'cat', 'deer', 'dog', 'frog', 'horse', 'ship', 'truck']: [0, 0, 0, 0, 0, 20, 0, 0, 0, 0]
sync: augment-extra cell -> /home/mmoslem3/scratch/PoisonBase
