stage: optional directory absent: /home/mmoslem3/scratch/PoisonBase/ours_result/CIFAR10_VGG13BN_gradmatch_ours_dog-bird_b0.001_eps8_seed42_lam1_cosine_norm_selR_ce5_tgt50
job: 1031121 ay01_r_vgg_gm_b0001 on rack07-11
work: /tmp/attack_if
config: source /home/mmoslem3/ENV/bin/activate; SOURCE_ROOT=/home/mmoslem3/scratch/PoisonBase PERSIST_DATA_ROOT=/home/mmoslem3/scratch/PoisonBase/data MODEL=VGG13BN ATTACK=gradmatch CLASS_PAIR=dog-bird BUDGETS=0.001 SELECT=r USE_JACOBIAN_SCORE=0 LAMBDA_MARGIN=1.0 CRAFT_STEPS=250 CRAFT_ALPHA=0.0039216 NUM_TARGETS=8 NUM_VICTIMS=5 sh sel_dpp.sh
protocol: attack=8 targets x 5 victims
gpu: NVIDIA L40S
=== component ablation: R | VGG13BN / gradmatch / dog-bird ===
    targets: pinned from target_sets/VGG13BN_gradmatch_dog-bird.json (same 10 the random-base run attacked)
    difficulty label tgt50   craft flags: --craft_lowmem --craft_batch 256 --fast_gradmatch
    component ablation: R; needed raw components are averaged over surrogates, then standardized (batch=64)
    legacy score: z(distance) + 1.0*z(margin)
    budgets: 0.001

--- r | VGG13BN / gradmatch / dog-bird | budget 0.001 ---
[2026-09-19 20:34:18] === run start: CIFAR10_VGG13BN_gradmatch_ours_dog-bird_b0.001_eps8_seed42_lam1_cosine_norm_selR_ce5_tgt50 on cuda [0] ===
[2026-09-19 20:34:18] args: {"FORCE": false, "attack": "gradmatch", "base": "ours", "base_dist": "cosine_norm", "base_topr": null, "budget": 0.001, "cache_dir": "/tmp/attack_if/cache", "class_pair": "dog-bird", "clean_baseline": true, "craft_alpha": 0.0039216, "craft_aug": true, "craft_batch": 256, "craft_ensemble": 5, "craft_lowmem": true, "craft_schedule": false, "craft_steps": 250, "data_path": "/tmp/data", "dataset": "CIFAR10", "distance_margin_coef": null, "dsa_strategy": "color_crop_cutout_flip_scale_rotate", "epsilon": 0.0313725, "fast_gradmatch": true, "fc_mode": "sample", "fc_restarts": 1, "fus_alpha": 0.5, "fus_iters": 10, "fus_proxy_restarts": 0, "fus_proxy_steps": 0, "fus_search_decay": [40], "fus_search_epochs": 50, "gpus": "all", "jacobian_batch_size": 64, "jacobian_weight": 1.0, "keep_pinned_targets": false, "lambda_margin": 1.0, "model": "VGG13BN", "no_resume": false, "num_poisons": 500, "num_surrogates": 20, "num_targets": 8, "num_victims": 5, "out_dir": "/tmp/attack_if/ours_result", "pair_order": "poison-target", "parallel_pretrain": true, "parallel_targets": true, "precompute_id": null, "precompute_only": false, "precompute_part": "both", "rank_on_victims": true, "recompute_deltas": false, "require_correct_target": false, "restarts": 8, "seed": 42, "sel_K": null, "sel_alpha": 1.0, "sel_component": "r", "sel_criterion": null, "sel_dpp": false, "sel_filter": false, "sel_metric_epoch": 10, "sel_mmr": false, "sel_mode": null, "sel_model": null, "sel_mu": 1.0, "sel_pca": false, "sel_pool": 3.0, "selector_metric_dir": null, "sharp_mode": "worst", "sharp_samples": 20, "sharp_sigma": 0.05, "steal_timeout": 7200.0, "surrogate_aug": false, "surrogate_bs": 128, "surrogate_decay": [35, 45], "surrogate_epochs": 60, "surrogate_lr": 0.1, "surrogate_wd": 0.0, "target_idx_file": "target_sets/VGG13BN_gradmatch_dog-bird.json", "target_select": 50, "use_jacobian_score": false, "victim_aug": false, "victim_bs": 125, "victim_decay": [40], "victim_epochs": 50, "victim_lr": 0.1, "victim_model": null, "victim_wd": 0.0}
[2026-09-19 20:34:18] Jacobian score: disabled
[2026-09-19 20:34:18] R component selector: raw components averaged over surrogates, then each used component standardized across candidates; batch_size=64
[2026-09-19 20:34:18] N_total=50000 budget=0.001 -> N_p=50 poisons, y_adv=5(dog) target_class=2(bird)
[2026-09-19 20:34:18] === selection/crafting surrogates (20 x VGG13BN, trained on the full real set) ===
[2026-09-19 20:34:19]   crafting on 5/20 surrogates
[2026-09-19 20:34:19] === clean victims (5 x VGG13BN) ===
[2026-09-19 20:34:21]   clean baseline CTA = 0.8451 +/- 0.0161
[2026-09-19 20:34:21]   target pool 1000 -> eligible 970 (30 already predicted as y_adv or dropped)
[2026-09-19 20:34:21]   chosen 8 targets (file), p_adv range 0.0000..0.0000
[2026-09-19 20:34:21]   targets: [630, 409, 2270, 9870, 1656, 5022, 9090, 6033]
[2026-09-19 20:34:21] === target 630 (1/8) ===
[2026-09-19 20:34:22]   target 630: selector overhead 1.311 s, CUDA peak 1741.2 MiB (incremental 107.0 MiB)
[2026-09-19 20:36:17]   target 630: crafted 50 poisons in 115 s, obj=0.31328, CUDA peak=2192.9 MiB (incremental 558.1 MiB)
[2026-09-19 20:36:17]   target 630: realized linf = 0.03137 (8.00/255), budget = 8.00/255
[2026-09-19 20:37:58]   [t630 v1/5] SUCCESS (pred=dog) CTA=0.8570
[2026-09-19 20:39:39]   [t630 v2/5] SUCCESS (pred=dog) CTA=0.8524
[2026-09-19 20:41:20]   [t630 v3/5] SUCCESS (pred=dog) CTA=0.8596
[2026-09-19 20:43:00]   [t630 v4/5] fail (pred=bird) CTA=0.8604
[2026-09-19 20:44:40]   [t630 v5/5] fail (pred=deer) CTA=0.8494
[2026-09-19 20:44:41]   target 630, 5 victims on this gpu: ASR=60.0% CTA=0.8558 +/- 0.0042
[2026-09-19 20:44:41] === target 409 (2/8) ===
[2026-09-19 20:44:42]   target 409: selector overhead 1.227 s, CUDA peak 1749.3 MiB (incremental 107.0 MiB)
[2026-09-19 20:46:37]   target 409: crafted 50 poisons in 115 s, obj=0.27827, CUDA peak=2194.4 MiB (incremental 551.5 MiB)
[2026-09-19 20:46:37]   target 409: realized linf = 0.03137 (8.00/255), budget = 8.00/255
[2026-09-19 20:48:19]   [t409 v1/5] SUCCESS (pred=dog) CTA=0.8577
[2026-09-19 20:49:59]   [t409 v2/5] SUCCESS (pred=dog) CTA=0.8433
[2026-09-19 20:51:40]   [t409 v3/5] fail (pred=cat) CTA=0.8648
[2026-09-19 20:53:20]   [t409 v4/5] fail (pred=bird) CTA=0.8511
[2026-09-19 20:55:01]   [t409 v5/5] SUCCESS (pred=dog) CTA=0.8632
[2026-09-19 20:55:01]   target 409, 5 victims on this gpu: ASR=60.0% CTA=0.8560 +/- 0.0080
[2026-09-19 20:55:01] === target 2270 (3/8) ===
[2026-09-19 20:55:02]   target 2270: selector overhead 1.229 s, CUDA peak 1749.3 MiB (incremental 107.0 MiB)
[2026-09-19 20:56:57]   target 2270: crafted 50 poisons in 115 s, obj=0.29047, CUDA peak=2194.0 MiB (incremental 551.1 MiB)
[2026-09-19 20:56:57]   target 2270: realized linf = 0.03137 (8.00/255), budget = 8.00/255
[2026-09-19 20:58:39]   [t2270 v1/5] fail (pred=deer) CTA=0.8591
[2026-09-19 21:00:19]   [t2270 v2/5] SUCCESS (pred=dog) CTA=0.8418
[2026-09-19 21:02:00]   [t2270 v3/5] SUCCESS (pred=dog) CTA=0.8507
[2026-09-19 21:03:40]   [t2270 v4/5] SUCCESS (pred=dog) CTA=0.8604
[2026-09-19 21:05:21]   [t2270 v5/5] SUCCESS (pred=dog) CTA=0.8467
[2026-09-19 21:05:21]   target 2270, 5 victims on this gpu: ASR=80.0% CTA=0.8517 +/- 0.0071
[2026-09-19 21:05:21] === target 9870 (4/8) ===
[2026-09-19 21:05:22]   target 9870: selector overhead 1.227 s, CUDA peak 1749.3 MiB (incremental 107.0 MiB)
[2026-09-19 21:07:17]   target 9870: crafted 50 poisons in 115 s, obj=0.28522, CUDA peak=2194.0 MiB (incremental 551.1 MiB)
[2026-09-19 21:07:17]   target 9870: realized linf = 0.03137 (8.00/255), budget = 8.00/255
[2026-09-19 21:08:59]   [t9870 v1/5] fail (pred=bird) CTA=0.8597
[2026-09-19 21:10:39]   [t9870 v2/5] SUCCESS (pred=dog) CTA=0.8415
[2026-09-19 21:12:19]   [t9870 v3/5] fail (pred=bird) CTA=0.8470
[2026-09-19 21:14:00]   [t9870 v4/5] SUCCESS (pred=dog) CTA=0.8510
[2026-09-19 21:15:40]   [t9870 v5/5] fail (pred=bird) CTA=0.8478
[2026-09-19 21:15:41]   target 9870, 5 victims on this gpu: ASR=40.0% CTA=0.8494 +/- 0.0060
[2026-09-19 21:15:41] === target 1656 (5/8) ===
[2026-09-19 21:15:42]   target 1656: selector overhead 1.227 s, CUDA peak 1749.3 MiB (incremental 107.0 MiB)
[2026-09-19 21:17:37]   target 1656: crafted 50 poisons in 115 s, obj=0.29500, CUDA peak=2194.4 MiB (incremental 551.5 MiB)
[2026-09-19 21:17:37]   target 1656: realized linf = 0.03137 (8.00/255), budget = 8.00/255
[2026-09-19 21:19:19]   [t1656 v1/5] fail (pred=bird) CTA=0.8400
[2026-09-19 21:20:59]   [t1656 v2/5] fail (pred=bird) CTA=0.8385
[2026-09-19 21:22:40]   [t1656 v3/5] fail (pred=deer) CTA=0.8539
[2026-09-19 21:24:20]   [t1656 v4/5] SUCCESS (pred=dog) CTA=0.8669
[2026-09-19 21:26:00]   [t1656 v5/5] fail (pred=bird) CTA=0.8554
[2026-09-19 21:26:00]   target 1656, 5 victims on this gpu: ASR=20.0% CTA=0.8509 +/- 0.0106
[2026-09-19 21:26:00] === target 5022 (6/8) ===
[2026-09-19 21:26:02]   target 5022: selector overhead 1.229 s, CUDA peak 1749.3 MiB (incremental 107.0 MiB)
[2026-09-19 21:27:57]   target 5022: crafted 50 poisons in 115 s, obj=0.35552, CUDA peak=2194.4 MiB (incremental 551.5 MiB)
[2026-09-19 21:27:57]   target 5022: realized linf = 0.03137 (8.00/255), budget = 8.00/255
[2026-09-19 21:29:39]   [t5022 v1/5] fail (pred=bird) CTA=0.8601
[2026-09-19 21:31:19]   [t5022 v2/5] fail (pred=bird) CTA=0.8570
[2026-09-19 21:32:59]   [t5022 v3/5] fail (pred=bird) CTA=0.8537
[2026-09-19 21:34:40]   [t5022 v4/5] fail (pred=bird) CTA=0.8556
[2026-09-19 21:36:20]   [t5022 v5/5] fail (pred=bird) CTA=0.8532
[2026-09-19 21:36:20]   target 5022, 5 victims on this gpu: ASR=0.0% CTA=0.8559 +/- 0.0025
[2026-09-19 21:36:20] === target 9090 (7/8) ===
[2026-09-19 21:36:21]   target 9090: selector overhead 1.226 s, CUDA peak 1749.3 MiB (incremental 107.0 MiB)
[2026-09-19 21:38:16]   target 9090: crafted 50 poisons in 115 s, obj=0.26847, CUDA peak=2194.4 MiB (incremental 551.5 MiB)
[2026-09-19 21:38:16]   target 9090: realized linf = 0.03137 (8.00/255), budget = 8.00/255
[2026-09-19 21:39:58]   [t9090 v1/5] SUCCESS (pred=dog) CTA=0.8641
[2026-09-19 21:41:39]   [t9090 v2/5] SUCCESS (pred=dog) CTA=0.8588
[2026-09-19 21:43:20]   [t9090 v3/5] fail (pred=deer) CTA=0.8566
[2026-09-19 21:45:00]   [t9090 v4/5] SUCCESS (pred=dog) CTA=0.8525
[2026-09-19 21:46:41]   [t9090 v5/5] SUCCESS (pred=dog) CTA=0.8602
[2026-09-19 21:46:41]   target 9090, 5 victims on this gpu: ASR=80.0% CTA=0.8584 +/- 0.0038
[2026-09-19 21:46:41] === target 6033 (8/8) ===
[2026-09-19 21:46:42]   target 6033: selector overhead 1.223 s, CUDA peak 1749.3 MiB (incremental 107.0 MiB)
[2026-09-19 21:48:37]   target 6033: crafted 50 poisons in 115 s, obj=0.23694, CUDA peak=2194.0 MiB (incremental 551.1 MiB)
[2026-09-19 21:48:37]   target 6033: realized linf = 0.03137 (8.00/255), budget = 8.00/255
[2026-09-19 21:50:18]   [t6033 v1/5] SUCCESS (pred=dog) CTA=0.8518
[2026-09-19 21:51:59]   [t6033 v2/5] SUCCESS (pred=dog) CTA=0.8580
[2026-09-19 21:53:39]   [t6033 v3/5] SUCCESS (pred=dog) CTA=0.8517
[2026-09-19 21:55:20]   [t6033 v4/5] SUCCESS (pred=dog) CTA=0.8648
[2026-09-19 21:57:00]   [t6033 v5/5] SUCCESS (pred=dog) CTA=0.8616
[2026-09-19 21:57:00]   target 6033, 5 victims on this gpu: ASR=100.0% CTA=0.8576 +/- 0.0052
[2026-09-19 21:57:00]   selector resources: 8 target(s), 9.9 total target-seconds, max CUDA allocated 1749.3 MiB (incremental 107.0 MiB)
[2026-09-19 21:57:00] ==== CIFAR10_VGG13BN_gradmatch_ours_dog-bird_b0.001_eps8_seed42_lam1_cosine_norm_selR_ce5_tgt50 : ASR = 55.0% +/- 31.2% | CTA = 0.8545 (baseline 0.8451) ====
[2026-09-19 21:57:00]   target-prediction tally ['airplane', 'automobile', 'bird', 'cat', 'deer', 'dog', 'frog', 'horse', 'ship', 'truck']: [0, 0, 13, 1, 4, 22, 0, 0, 0, 0]

sync: preserving outputs in /home/mmoslem3/scratch/PoisonBase
sync: complete
