stage: optional directory absent: /home/mmoslem3/scratch/PoisonBase/ours_result/CIFAR10_VGG13BN_gradmatch_ours_dog-bird_b0.001_eps8_seed42_lam1_cosine_norm_selMinusM_ce5_tgt50
job: 1031124 ay04_m_vgg_gm_b0001 on rack16-07
work: /tmp/attack_if
config: source /home/mmoslem3/ENV/bin/activate; SOURCE_ROOT=/home/mmoslem3/scratch/PoisonBase PERSIST_DATA_ROOT=/home/mmoslem3/scratch/PoisonBase/data MODEL=VGG13BN ATTACK=gradmatch CLASS_PAIR=dog-bird BUDGETS=0.001 SELECT=minus-m USE_JACOBIAN_SCORE=0 LAMBDA_MARGIN=1.0 CRAFT_STEPS=250 CRAFT_ALPHA=0.0039216 NUM_TARGETS=8 NUM_VICTIMS=5 sh sel_dpp.sh
protocol: attack=8 targets x 5 victims
gpu: NVIDIA L40S
=== component ablation: -M | VGG13BN / gradmatch / dog-bird ===
    targets: pinned from target_sets/VGG13BN_gradmatch_dog-bird.json (same 10 the random-base run attacked)
    difficulty label tgt50   craft flags: --craft_lowmem --craft_batch 256 --fast_gradmatch
    component ablation: -M; needed raw components are averaged over surrogates, then standardized (batch=64)
    legacy score: z(distance) + 1.0*z(margin)
    budgets: 0.001

--- minus-m | VGG13BN / gradmatch / dog-bird | budget 0.001 ---
[2026-09-19 20:42:32] === run start: CIFAR10_VGG13BN_gradmatch_ours_dog-bird_b0.001_eps8_seed42_lam1_cosine_norm_selMinusM_ce5_tgt50 on cuda [0] ===
[2026-09-19 20:42:32] args: {"FORCE": false, "attack": "gradmatch", "base": "ours", "base_dist": "cosine_norm", "base_topr": null, "budget": 0.001, "cache_dir": "/tmp/attack_if/cache", "class_pair": "dog-bird", "clean_baseline": true, "craft_alpha": 0.0039216, "craft_aug": true, "craft_batch": 256, "craft_ensemble": 5, "craft_lowmem": true, "craft_schedule": false, "craft_steps": 250, "data_path": "/tmp/data", "dataset": "CIFAR10", "distance_margin_coef": null, "dsa_strategy": "color_crop_cutout_flip_scale_rotate", "epsilon": 0.0313725, "fast_gradmatch": true, "fc_mode": "sample", "fc_restarts": 1, "fus_alpha": 0.5, "fus_iters": 10, "fus_proxy_restarts": 0, "fus_proxy_steps": 0, "fus_search_decay": [40], "fus_search_epochs": 50, "gpus": "all", "jacobian_batch_size": 64, "jacobian_weight": 1.0, "keep_pinned_targets": false, "lambda_margin": 1.0, "model": "VGG13BN", "no_resume": false, "num_poisons": 500, "num_surrogates": 20, "num_targets": 8, "num_victims": 5, "out_dir": "/tmp/attack_if/ours_result", "pair_order": "poison-target", "parallel_pretrain": true, "parallel_targets": true, "precompute_id": null, "precompute_only": false, "precompute_part": "both", "rank_on_victims": true, "recompute_deltas": false, "require_correct_target": false, "restarts": 8, "seed": 42, "sel_K": null, "sel_alpha": 1.0, "sel_component": "minus-m", "sel_criterion": null, "sel_dpp": false, "sel_filter": false, "sel_metric_epoch": 10, "sel_mmr": false, "sel_mode": null, "sel_model": null, "sel_mu": 1.0, "sel_pca": false, "sel_pool": 3.0, "selector_metric_dir": null, "sharp_mode": "worst", "sharp_samples": 20, "sharp_sigma": 0.05, "steal_timeout": 7200.0, "surrogate_aug": false, "surrogate_bs": 128, "surrogate_decay": [35, 45], "surrogate_epochs": 60, "surrogate_lr": 0.1, "surrogate_wd": 0.0, "target_idx_file": "target_sets/VGG13BN_gradmatch_dog-bird.json", "target_select": 50, "use_jacobian_score": false, "victim_aug": false, "victim_bs": 125, "victim_decay": [40], "victim_epochs": 50, "victim_lr": 0.1, "victim_model": null, "victim_wd": 0.0}
[2026-09-19 20:42:32] Jacobian score: disabled
[2026-09-19 20:42:32] -M component selector: raw components averaged over surrogates, then each used component standardized across candidates; batch_size=64
[2026-09-19 20:42:32] N_total=50000 budget=0.001 -> N_p=50 poisons, y_adv=5(dog) target_class=2(bird)
[2026-09-19 20:42:32] === selection/crafting surrogates (20 x VGG13BN, trained on the full real set) ===
[2026-09-19 20:42:33]   crafting on 5/20 surrogates
[2026-09-19 20:42:33] === clean victims (5 x VGG13BN) ===
[2026-09-19 20:42:34]   clean baseline CTA = 0.8451 +/- 0.0161
[2026-09-19 20:42:35]   target pool 1000 -> eligible 970 (30 already predicted as y_adv or dropped)
[2026-09-19 20:42:35]   chosen 8 targets (file), p_adv range 0.0000..0.0000
[2026-09-19 20:42:35]   targets: [630, 409, 2270, 9870, 1656, 5022, 9090, 6033]
[2026-09-19 20:42:35] === target 630 (1/8) ===
[2026-09-19 20:42:36]   target 630: selector overhead 1.275 s, CUDA peak 1741.0 MiB (incremental 106.8 MiB)
[2026-09-19 20:44:32]   target 630: crafted 50 poisons in 116 s, obj=0.31357, CUDA peak=2192.9 MiB (incremental 558.1 MiB)
[2026-09-19 20:44:32]   target 630: realized linf = 0.03137 (8.00/255), budget = 8.00/255
[2026-09-19 20:46:14]   [t630 v1/5] SUCCESS (pred=dog) CTA=0.8649
[2026-09-19 20:47:56]   [t630 v2/5] fail (pred=bird) CTA=0.8491
[2026-09-19 20:49:37]   [t630 v3/5] SUCCESS (pred=dog) CTA=0.8596
[2026-09-19 20:51:19]   [t630 v4/5] fail (pred=bird) CTA=0.8508
[2026-09-19 20:53:00]   [t630 v5/5] SUCCESS (pred=dog) CTA=0.8481
[2026-09-19 20:53:00]   target 630, 5 victims on this gpu: ASR=60.0% CTA=0.8545 +/- 0.0066
[2026-09-19 20:53:00] === target 409 (2/8) ===
[2026-09-19 20:53:01]   target 409: selector overhead 1.239 s, CUDA peak 1749.2 MiB (incremental 106.8 MiB)
[2026-09-19 20:54:58]   target 409: crafted 50 poisons in 116 s, obj=0.28630, CUDA peak=2193.7 MiB (incremental 550.8 MiB)
[2026-09-19 20:54:58]   target 409: realized linf = 0.03137 (8.00/255), budget = 8.00/255
