stage: optional directory absent: /home/mmoslem3/scratch/PoisonBase/ours_result/CIFAR10_ResNet20BN_fc_ours_dog-bird_b0.005_eps8_seed42_lam1_cosine_norm_selexactgigt_ce5_tgt10
job: 1031125 ay05_gigt_r20_bp_b0005 on rack03-04
work: /tmp/attack_if
config: source /home/mmoslem3/ENV/bin/activate; SOURCE_ROOT=/home/mmoslem3/scratch/PoisonBase PERSIST_DATA_ROOT=/home/mmoslem3/scratch/PoisonBase/data MODEL=ResNet20BN ATTACK=fc CLASS_PAIR=dog-bird BUDGETS=0.005 SELECT=exact USE_JACOBIAN_SCORE=0 LAMBDA_MARGIN=1.0 CRAFT_STEPS=250 CRAFT_ALPHA=0.0039216 NUM_TARGETS=8 NUM_VICTIMS=5 sh sel_dpp.sh
protocol: attack=8 targets x 5 victims
gpu: NVIDIA L40S
=== exact full-parameter g_i^T g_t (per-surrogate standardized) | ResNet20BN / fc / dog-bird ===
    targets: pinned from target_sets/ResNet20BN_fc_dog-bird.json (same 10 the random-base run attacked)
    difficulty label tgt10   craft flags: none
    exact selector uses full-parameter gi^T gt (batch=64)
    legacy score: z(distance) + 1.0*z(margin)
    budgets: 0.005

--- exact | ResNet20BN / fc / dog-bird | budget 0.005 ---
[2026-09-19 20:42:57] === run start: CIFAR10_ResNet20BN_fc_ours_dog-bird_b0.005_eps8_seed42_lam1_cosine_norm_selexactgigt_ce5_tgt10 on cuda [0] ===
[2026-09-19 20:42:57] args: {"FORCE": false, "attack": "fc", "base": "ours", "base_dist": "cosine_norm", "base_topr": null, "budget": 0.005, "cache_dir": "/tmp/attack_if/cache", "class_pair": "dog-bird", "clean_baseline": true, "craft_alpha": 0.0039216, "craft_aug": true, "craft_batch": 256, "craft_ensemble": 5, "craft_lowmem": false, "craft_schedule": false, "craft_steps": 250, "data_path": "/tmp/data", "dataset": "CIFAR10", "distance_margin_coef": null, "dsa_strategy": "color_crop_cutout_flip_scale_rotate", "epsilon": 0.0313725, "fast_gradmatch": false, "fc_mode": "sample", "fc_restarts": 1, "fus_alpha": 0.5, "fus_iters": 10, "fus_proxy_restarts": 0, "fus_proxy_steps": 0, "fus_search_decay": [40], "fus_search_epochs": 50, "gpus": "all", "jacobian_batch_size": 64, "jacobian_weight": 1.0, "keep_pinned_targets": false, "lambda_margin": 1.0, "model": "ResNet20BN", "no_resume": false, "num_poisons": 500, "num_surrogates": 20, "num_targets": 8, "num_victims": 5, "out_dir": "/tmp/attack_if/ours_result", "pair_order": "poison-target", "parallel_pretrain": true, "parallel_targets": true, "precompute_id": null, "precompute_only": false, "precompute_part": "both", "rank_on_victims": true, "recompute_deltas": false, "require_correct_target": false, "restarts": 8, "seed": 42, "sel_K": null, "sel_alpha": 1.0, "sel_criterion": null, "sel_dpp": false, "sel_exact_alignment": true, "sel_filter": false, "sel_metric_epoch": 10, "sel_mmr": false, "sel_mode": null, "sel_model": null, "sel_mu": 1.0, "sel_pca": false, "sel_pool": 3.0, "selector_metric_dir": null, "sharp_mode": "worst", "sharp_samples": 20, "sharp_sigma": 0.05, "steal_timeout": 7200.0, "surrogate_aug": false, "surrogate_bs": 128, "surrogate_decay": [35, 45], "surrogate_epochs": 60, "surrogate_lr": 0.1, "surrogate_wd": 0.0, "target_idx_file": "target_sets/ResNet20BN_fc_dog-bird.json", "target_select": 10, "use_jacobian_score": false, "victim_aug": false, "victim_bs": 125, "victim_decay": [40], "victim_epochs": 50, "victim_lr": 0.1, "victim_model": null, "victim_wd": 0.0}
[2026-09-19 20:42:57] Jacobian score: disabled
[2026-09-19 20:42:57] Exact full-parameter gi^T gt selector: enabled, batch_size=64; per-surrogate alignment standardization enabled
[2026-09-19 20:42:57] N_total=50000 budget=0.005 -> N_p=250 poisons, y_adv=5(dog) target_class=2(bird)
[2026-09-19 20:42:57] === selection/crafting surrogates (20 x ResNet20BN, trained on the full real set) ===
[2026-09-19 20:42:57]   crafting on 5/20 surrogates
[2026-09-19 20:42:57] === clean victims (5 x ResNet20BN) ===
[2026-09-19 20:42:58]   clean baseline CTA = 0.8350 +/- 0.0046
[2026-09-19 20:42:58]   target pool 1000 -> eligible 976 (24 already predicted as y_adv or dropped)
[2026-09-19 20:42:58]   chosen 8 targets (file), p_adv range 0.0001..0.2213
[2026-09-19 20:42:58]   targets: [3495, 2903, 6697, 2315, 2312, 6353, 4421, 2242]
[2026-09-19 20:42:58] === target 3495 (1/8) ===
[2026-09-19 20:42:59]   Exact gi/gt alignment backend: torch.func JVP
[2026-09-19 20:43:11]   target 3495: selector overhead 13.026 s, CUDA peak 1191.7 MiB (incremental 450.9 MiB)
[2026-09-19 20:43:16]   target 3495: crafted 250 poisons in 5 s, obj=0.01525, CUDA peak=2677.5 MiB (incremental 1925.7 MiB)
[2026-09-19 20:43:16]   target 3495: realized linf = 0.03137 (8.00/255), budget = 8.00/255
[2026-09-19 20:44:51]   [t3495 v1/5] SUCCESS (pred=dog) CTA=0.8387
[2026-09-19 20:46:27]   [t3495 v2/5] SUCCESS (pred=dog) CTA=0.8312
[2026-09-19 20:48:03]   [t3495 v3/5] SUCCESS (pred=dog) CTA=0.8380
[2026-09-19 20:49:38]   [t3495 v4/5] SUCCESS (pred=dog) CTA=0.8404
[2026-09-19 20:51:14]   [t3495 v5/5] SUCCESS (pred=dog) CTA=0.8329
[2026-09-19 20:51:14]   target 3495, 5 victims on this gpu: ASR=100.0% CTA=0.8362 +/- 0.0035
[2026-09-19 20:51:14] === target 2903 (2/8) ===
[2026-09-19 20:51:26]   target 2903: selector overhead 12.272 s, CUDA peak 1191.7 MiB (incremental 442.8 MiB)
[2026-09-19 20:51:31]   target 2903: crafted 250 poisons in 5 s, obj=0.02251, CUDA peak=2677.8 MiB (incremental 1926.0 MiB)
[2026-09-19 20:51:31]   target 2903: realized linf = 0.03137 (8.00/255), budget = 8.00/255
[2026-09-19 20:53:06]   [t2903 v1/5] SUCCESS (pred=dog) CTA=0.8364
[2026-09-19 20:54:42]   [t2903 v2/5] fail (pred=bird) CTA=0.8358
