stage: optional directory absent: /home/mmoslem3/scratch/PoisonBase/ours_result/CIFAR10_ResNet20BN_gradmatch_ours_dog-bird_b0.001_eps8_seed42_lam1_cosine_norm_selexactgigt_ce5_tgt14
job: 1031126 ay06_gigt_r20_gm_b0001 on rack11-04
work: /tmp/attack_if
config: source /home/mmoslem3/ENV/bin/activate; SOURCE_ROOT=/home/mmoslem3/scratch/PoisonBase PERSIST_DATA_ROOT=/home/mmoslem3/scratch/PoisonBase/data MODEL=ResNet20BN ATTACK=gradmatch CLASS_PAIR=dog-bird BUDGETS=0.001 SELECT=exact USE_JACOBIAN_SCORE=0 LAMBDA_MARGIN=1.0 CRAFT_STEPS=250 CRAFT_ALPHA=0.0039216 NUM_TARGETS=8 NUM_VICTIMS=5 sh sel_dpp.sh
protocol: attack=8 targets x 5 victims
gpu: NVIDIA L40S
=== exact full-parameter g_i^T g_t (per-surrogate standardized) | ResNet20BN / gradmatch / dog-bird ===
    targets: pinned from target_sets/ResNet20BN_gradmatch_dog-bird.json (same 10 the random-base run attacked)
    difficulty label tgt14   craft flags: none
    exact selector uses full-parameter gi^T gt (batch=64)
    legacy score: z(distance) + 1.0*z(margin)
    budgets: 0.001

--- exact | ResNet20BN / gradmatch / dog-bird | budget 0.001 ---
[2026-09-19 20:21:19] === run start: CIFAR10_ResNet20BN_gradmatch_ours_dog-bird_b0.001_eps8_seed42_lam1_cosine_norm_selexactgigt_ce5_tgt14 on cuda [0] ===
[2026-09-19 20:21:19] args: {"FORCE": false, "attack": "gradmatch", "base": "ours", "base_dist": "cosine_norm", "base_topr": null, "budget": 0.001, "cache_dir": "/tmp/attack_if/cache", "class_pair": "dog-bird", "clean_baseline": true, "craft_alpha": 0.0039216, "craft_aug": true, "craft_batch": 256, "craft_ensemble": 5, "craft_lowmem": false, "craft_schedule": false, "craft_steps": 250, "data_path": "/tmp/data", "dataset": "CIFAR10", "distance_margin_coef": null, "dsa_strategy": "color_crop_cutout_flip_scale_rotate", "epsilon": 0.0313725, "fast_gradmatch": false, "fc_mode": "sample", "fc_restarts": 1, "fus_alpha": 0.5, "fus_iters": 10, "fus_proxy_restarts": 0, "fus_proxy_steps": 0, "fus_search_decay": [40], "fus_search_epochs": 50, "gpus": "all", "jacobian_batch_size": 64, "jacobian_weight": 1.0, "keep_pinned_targets": false, "lambda_margin": 1.0, "model": "ResNet20BN", "no_resume": false, "num_poisons": 500, "num_surrogates": 20, "num_targets": 8, "num_victims": 5, "out_dir": "/tmp/attack_if/ours_result", "pair_order": "poison-target", "parallel_pretrain": true, "parallel_targets": true, "precompute_id": null, "precompute_only": false, "precompute_part": "both", "rank_on_victims": true, "recompute_deltas": false, "require_correct_target": false, "restarts": 8, "seed": 42, "sel_K": null, "sel_alpha": 1.0, "sel_criterion": null, "sel_dpp": false, "sel_exact_alignment": true, "sel_filter": false, "sel_metric_epoch": 10, "sel_mmr": false, "sel_mode": null, "sel_model": null, "sel_mu": 1.0, "sel_pca": false, "sel_pool": 3.0, "selector_metric_dir": null, "sharp_mode": "worst", "sharp_samples": 20, "sharp_sigma": 0.05, "steal_timeout": 7200.0, "surrogate_aug": false, "surrogate_bs": 128, "surrogate_decay": [35, 45], "surrogate_epochs": 60, "surrogate_lr": 0.1, "surrogate_wd": 0.0, "target_idx_file": "target_sets/ResNet20BN_gradmatch_dog-bird.json", "target_select": 14, "use_jacobian_score": false, "victim_aug": false, "victim_bs": 125, "victim_decay": [40], "victim_epochs": 50, "victim_lr": 0.1, "victim_model": null, "victim_wd": 0.0}
[2026-09-19 20:21:19] Jacobian score: disabled
[2026-09-19 20:21:19] Exact full-parameter gi^T gt selector: enabled, batch_size=64; per-surrogate alignment standardization enabled
[2026-09-19 20:21:19] N_total=50000 budget=0.001 -> N_p=50 poisons, y_adv=5(dog) target_class=2(bird)
[2026-09-19 20:21:19] === selection/crafting surrogates (20 x ResNet20BN, trained on the full real set) ===
[2026-09-19 20:21:19]   crafting on 5/20 surrogates
[2026-09-19 20:21:19] === clean victims (5 x ResNet20BN) ===
[2026-09-19 20:21:20]   clean baseline CTA = 0.8350 +/- 0.0046
[2026-09-19 20:21:20]   target pool 1000 -> eligible 976 (24 already predicted as y_adv or dropped)
[2026-09-19 20:21:20]   chosen 8 targets (file), p_adv range 0.0001..0.3835
[2026-09-19 20:21:20]   targets: [5118, 8740, 5324, 4630, 833, 2065, 7056, 9059]
[2026-09-19 20:21:20] === target 5118 (1/8) ===
[2026-09-19 20:21:21]   Exact gi/gt alignment backend: torch.func JVP
[2026-09-19 20:21:33]   target 5118: selector overhead 13.012 s, CUDA peak 1191.7 MiB (incremental 450.9 MiB)
[2026-09-19 20:24:07]   target 5118: crafted 50 poisons in 154 s, obj=0.21914, CUDA peak=1535.0 MiB (incremental 785.6 MiB)
[2026-09-19 20:24:07]   target 5118: realized linf = 0.03137 (8.00/255), budget = 8.00/255
[2026-09-19 20:25:43]   [t5118 v1/5] SUCCESS (pred=dog) CTA=0.8380
[2026-09-19 20:27:19]   [t5118 v2/5] fail (pred=bird) CTA=0.8377
[2026-09-19 20:28:55]   [t5118 v3/5] fail (pred=cat) CTA=0.8318
[2026-09-19 20:30:31]   [t5118 v4/5] fail (pred=bird) CTA=0.8381
[2026-09-19 20:32:07]   [t5118 v5/5] SUCCESS (pred=dog) CTA=0.8325
[2026-09-19 20:32:07]   target 5118, 5 victims on this gpu: ASR=40.0% CTA=0.8356 +/- 0.0028
[2026-09-19 20:32:07] === target 8740 (2/8) ===
[2026-09-19 20:32:19]   target 8740: selector overhead 12.565 s, CUDA peak 1191.7 MiB (incremental 442.8 MiB)
[2026-09-19 20:34:52]   target 8740: crafted 50 poisons in 153 s, obj=0.20497, CUDA peak=1534.1 MiB (incremental 784.7 MiB)
[2026-09-19 20:34:52]   target 8740: realized linf = 0.03137 (8.00/255), budget = 8.00/255
[2026-09-19 20:36:28]   [t8740 v1/5] SUCCESS (pred=dog) CTA=0.8348
[2026-09-19 20:38:04]   [t8740 v2/5] SUCCESS (pred=dog) CTA=0.8379
[2026-09-19 20:39:40]   [t8740 v3/5] fail (pred=bird) CTA=0.8336
[2026-09-19 20:41:16]   [t8740 v4/5] SUCCESS (pred=dog) CTA=0.8447
[2026-09-19 20:42:52]   [t8740 v5/5] SUCCESS (pred=dog) CTA=0.8435
[2026-09-19 20:42:52]   target 8740, 5 victims on this gpu: ASR=80.0% CTA=0.8389 +/- 0.0045
[2026-09-19 20:42:52] === target 5324 (3/8) ===
[2026-09-19 20:43:05]   target 5324: selector overhead 12.630 s, CUDA peak 1191.7 MiB (incremental 442.8 MiB)
[2026-09-19 20:45:38]   target 5324: crafted 50 poisons in 153 s, obj=0.23915, CUDA peak=1534.1 MiB (incremental 784.7 MiB)
[2026-09-19 20:45:38]   target 5324: realized linf = 0.03137 (8.00/255), budget = 8.00/255
[2026-09-19 20:47:14]   [t5324 v1/5] fail (pred=truck) CTA=0.8393
[2026-09-19 20:48:50]   [t5324 v2/5] fail (pred=ship) CTA=0.8296
[2026-09-19 20:50:27]   [t5324 v3/5] fail (pred=ship) CTA=0.8354
[2026-09-19 20:52:03]   [t5324 v4/5] fail (pred=airplane) CTA=0.8333
[2026-09-19 20:53:39]   [t5324 v5/5] fail (pred=ship) CTA=0.8373
[2026-09-19 20:53:39]   target 5324, 5 victims on this gpu: ASR=0.0% CTA=0.8350 +/- 0.0033
[2026-09-19 20:53:39] === target 4630 (4/8) ===
[2026-09-19 20:53:51]   target 4630: selector overhead 12.644 s, CUDA peak 1191.7 MiB (incremental 442.8 MiB)
