stage: optional directory absent: /home/mmoslem3/scratch/PoisonBase/ours_result/CIFAR10_ResNet20BN_gradmatch_ours_dog-bird_b0.001_eps8_seed42_lam1_cosine_norm_ce5_tgt14
job: 1031128 ay08_basis_r20_gm_b0001 on rack05-10
work: /tmp/attack_if
config: SOURCE_ROOT=/home/mmoslem3/scratch/PoisonBase PERSIST_DATA_ROOT=/home/mmoslem3/scratch/PoisonBase/data MODEL=ResNet20BN ATTACK=gradmatch CLASS_PAIR=dog-bird BUDGETS=0.001 SELECT=ours BASE_DIST=cosine_norm LAMBDA_MARGIN=1 USE_JACOBIAN_SCORE=0 NUM_TARGETS=8 NUM_VICTIMS=5 CRAFT_STEPS=250 VICTIM_EPOCHS=70 VICTIM_DECAY=50 sh sel_dpp.sh
protocol: attack=8 targets x 5 victims
gpu: NVIDIA L40S
=== ours (plain greedy top-N_p by score) | ResNet20BN / gradmatch / dog-bird ===
    targets: pinned from target_sets/ResNet20BN_gradmatch_dog-bird.json (same 10 the random-base run attacked)
    difficulty label tgt14   craft flags: none
    Jacobian score disabled
    legacy score: z(distance) + 1*z(margin)
    budgets: 0.001

--- ours | ResNet20BN / gradmatch / dog-bird | budget 0.001 ---
[2026-09-19 20:42:58] === run start: CIFAR10_ResNet20BN_gradmatch_ours_dog-bird_b0.001_eps8_seed42_lam1_cosine_norm_ce5_tgt14 on cuda [0] ===
[2026-09-19 20:42:58] args: {"FORCE": false, "attack": "gradmatch", "base": "ours", "base_dist": "cosine_norm", "base_topr": null, "budget": 0.001, "cache_dir": "/tmp/attack_if/cache", "class_pair": "dog-bird", "clean_baseline": true, "craft_alpha": 0.0039216, "craft_aug": true, "craft_batch": 256, "craft_ensemble": 5, "craft_lowmem": false, "craft_schedule": false, "craft_steps": 250, "data_path": "/tmp/data", "dataset": "CIFAR10", "distance_margin_coef": null, "dsa_strategy": "color_crop_cutout_flip_scale_rotate", "epsilon": 0.0313725, "fast_gradmatch": false, "fc_mode": "sample", "fc_restarts": 1, "fus_alpha": 0.5, "fus_iters": 10, "fus_proxy_restarts": 0, "fus_proxy_steps": 0, "fus_search_decay": [40], "fus_search_epochs": 50, "gpus": "all", "jacobian_batch_size": 64, "jacobian_weight": 1.0, "keep_pinned_targets": false, "lambda_margin": 1.0, "model": "ResNet20BN", "no_resume": false, "num_poisons": 500, "num_surrogates": 20, "num_targets": 8, "num_victims": 5, "out_dir": "/tmp/attack_if/ours_result", "pair_order": "poison-target", "parallel_pretrain": true, "parallel_targets": true, "precompute_id": null, "precompute_only": false, "precompute_part": "both", "rank_on_victims": true, "recompute_deltas": false, "require_correct_target": false, "restarts": 8, "seed": 42, "sel_K": null, "sel_alpha": 1.0, "sel_criterion": null, "sel_dpp": false, "sel_filter": false, "sel_metric_epoch": 10, "sel_mmr": false, "sel_mode": null, "sel_model": null, "sel_mu": 1.0, "sel_pca": false, "sel_pool": 3.0, "selector_metric_dir": null, "sharp_mode": "worst", "sharp_samples": 20, "sharp_sigma": 0.05, "steal_timeout": 7200.0, "surrogate_aug": false, "surrogate_bs": 128, "surrogate_decay": [35, 45], "surrogate_epochs": 60, "surrogate_lr": 0.1, "surrogate_wd": 0.0, "target_idx_file": "target_sets/ResNet20BN_gradmatch_dog-bird.json", "target_select": 14, "use_jacobian_score": false, "victim_aug": false, "victim_bs": 125, "victim_decay": [50], "victim_epochs": 70, "victim_lr": 0.1, "victim_model": null, "victim_wd": 0.0}
[2026-09-19 20:42:58] Jacobian score: disabled
[2026-09-19 20:42:58] N_total=50000 budget=0.001 -> N_p=50 poisons, y_adv=5(dog) target_class=2(bird)
[2026-09-19 20:42:58] === selection/crafting surrogates (20 x ResNet20BN, trained on the full real set) ===
[2026-09-19 20:42:58]   crafting on 5/20 surrogates
[2026-09-19 20:42:58] === clean victims (5 x ResNet20BN) ===
[2026-09-19 20:42:59]   clean baseline CTA = 0.8348 +/- 0.0028
[2026-09-19 20:42:59]   target pool 1000 -> eligible 971 (29 already predicted as y_adv or dropped)
[2026-09-19 20:42:59]   chosen 8 targets (file), p_adv range 0.0000..0.1899
[2026-09-19 20:42:59]   targets: [5118, 8740, 5324, 4630, 833, 2065, 7056, 9059]
[2026-09-19 20:42:59] === target 5118 (1/8) ===
[2026-09-19 20:43:00]   target 5118: selector overhead 1.289 s, CUDA peak 959.6 MiB (incremental 218.9 MiB)
[2026-09-19 20:45:34]   target 5118: crafted 50 poisons in 154 s, obj=0.22068, CUDA peak=1533.8 MiB (incremental 792.4 MiB)
[2026-09-19 20:45:34]   target 5118: realized linf = 0.03137 (8.00/255), budget = 8.00/255
[2026-09-19 20:47:49]   [t5118 v1/5] SUCCESS (pred=dog) CTA=0.8322
[2026-09-19 20:50:03]   [t5118 v2/5] fail (pred=bird) CTA=0.8356
[2026-09-19 20:52:17]   [t5118 v3/5] fail (pred=deer) CTA=0.8353
[2026-09-19 20:54:32]   [t5118 v4/5] SUCCESS (pred=dog) CTA=0.8443
