=== random | ResNet20BN / fc / dog-bird ===
    targets: pinned from target_sets/ResNet20BN_fc_dog-bird.json (same 10 the random-base run attacked)
    difficulty label tgt10   craft flags: none
    Jacobian score disabled
    budgets: 0.0005

--- random | ResNet20BN / fc / dog-bird | budget 0.0005 ---
[2026-09-06 03:33:36] === run start: CIFAR10_ResNet20BN_fc_random_dog-bird_b0.0005_eps8_seed42_ce5_tgt10 on cuda [0] ===
[2026-09-06 03:33:36] args: {"FORCE": false, "attack": "fc", "base": "random", "base_dist": "cosine", "base_topr": null, "budget": 0.0005, "cache_dir": "./cache", "class_pair": "dog-bird", "clean_baseline": true, "craft_alpha": 0.0039216, "craft_aug": true, "craft_batch": 256, "craft_ensemble": 5, "craft_lowmem": false, "craft_schedule": false, "craft_steps": 750, "data_path": "/home/mmoslem3/scratch/attack_if/data", "dataset": "CIFAR10", "dsa_strategy": "color_crop_cutout_flip_scale_rotate", "epsilon": 0.0313725, "fast_gradmatch": false, "fc_mode": "sample", "fc_restarts": 1, "gpus": "all", "jacobian_batch_size": 64, "jacobian_weight": 1.0, "lambda_margin": 10.0, "model": "ResNet20BN", "no_resume": false, "num_poisons": 500, "num_surrogates": 20, "num_targets": 8, "num_victims": 5, "out_dir": "ours_result", "pair_order": "poison-target", "parallel_pretrain": true, "parallel_targets": true, "precompute_id": null, "precompute_only": false, "precompute_part": "both", "rank_on_victims": true, "recompute_deltas": false, "require_correct_target": false, "restarts": 8, "seed": 42, "sel_K": null, "sel_alpha": 1.0, "sel_criterion": null, "sel_dpp": false, "sel_filter": false, "sel_mmr": false, "sel_mode": null, "sel_model": null, "sel_mu": 1.0, "sel_pca": false, "sel_pool": 3.0, "sharp_mode": "worst", "sharp_samples": 20, "sharp_sigma": 0.05, "steal_timeout": 7200.0, "surrogate_aug": false, "surrogate_bs": 128, "surrogate_decay": [35, 45], "surrogate_epochs": 60, "surrogate_lr": 0.1, "surrogate_wd": 0.0, "target_idx_file": "target_sets/ResNet20BN_fc_dog-bird.json", "target_select": 10, "use_jacobian_score": false, "victim_aug": false, "victim_bs": 125, "victim_decay": [40], "victim_epochs": 50, "victim_lr": 0.1, "victim_wd": 0.0}
[2026-09-06 03:33:36] Jacobian score: disabled
[2026-09-06 03:33:36] N_total=50000 budget=0.0005 -> N_p=25 poisons, y_adv=5(dog) target_class=2(bird)
[2026-09-06 03:33:36] === surrogates (20 x ResNet20BN, trained on the full real set) ===
[2026-09-06 03:33:37]   crafting on 5/20 surrogates
[2026-09-06 03:33:37] === clean victims (5 x ResNet20BN) ===
[2026-09-06 03:33:38]   clean baseline CTA = 0.8401 +/- 0.0030
[2026-09-06 03:33:38]   target pool 1000 -> eligible 973 (27 already predicted as y_adv or dropped)
[2026-09-06 03:33:38]   chosen 8 targets (file), p_adv range 0.0000..0.1085
[2026-09-06 03:33:38]   targets: [3495, 2903, 6697, 2315, 6899, 2312, 6353, 4421]
[2026-09-06 03:33:38] === target 3495 (1/8) ===
[2026-09-06 03:33:55]   target 3495: crafted 25 poisons in 16 s, obj=0.01381
[2026-09-06 03:33:55]   target 3495: realized linf = 0.03137 (8.00/255), budget = 8.00/255
[2026-09-06 03:36:04]   [t3495 v1/5] SUCCESS (pred=dog) CTA=0.8345
[2026-09-06 03:38:13]   [t3495 v2/5] SUCCESS (pred=dog) CTA=0.8343
[2026-09-06 03:40:22]   [t3495 v3/5] SUCCESS (pred=dog) CTA=0.8387
[2026-09-06 03:42:31]   [t3495 v4/5] fail (pred=horse) CTA=0.8333
[2026-09-06 03:44:40]   [t3495 v5/5] fail (pred=horse) CTA=0.8397
[2026-09-06 03:44:40]   target 3495, 5 victims on this gpu: ASR=60.0% CTA=0.8361 +/- 0.0026
[2026-09-06 03:44:40] === target 2903 (2/8) ===
[2026-09-06 03:44:55]   target 2903: crafted 25 poisons in 16 s, obj=0.01790
[2026-09-06 03:44:55]   target 2903: realized linf = 0.03137 (8.00/255), budget = 8.00/255
[2026-09-06 03:47:04]   [t2903 v1/5] fail (pred=bird) CTA=0.8388
[2026-09-06 03:49:13]   [t2903 v2/5] fail (pred=bird) CTA=0.8418
[2026-09-06 03:51:22]   [t2903 v3/5] fail (pred=bird) CTA=0.8393
[2026-09-06 03:53:32]   [t2903 v4/5] SUCCESS (pred=dog) CTA=0.8337
[2026-09-06 03:55:41]   [t2903 v5/5] fail (pred=bird) CTA=0.8379
[2026-09-06 03:55:41]   target 2903, 5 victims on this gpu: ASR=20.0% CTA=0.8383 +/- 0.0026
[2026-09-06 03:55:41] === target 6697 (3/8) ===
[2026-09-06 03:55:56]   target 6697: crafted 25 poisons in 16 s, obj=0.01633
[2026-09-06 03:55:56]   target 6697: realized linf = 0.03137 (8.00/255), budget = 8.00/255
[2026-09-06 03:58:06]   [t6697 v1/5] SUCCESS (pred=dog) CTA=0.8377
[2026-09-06 04:00:15]   [t6697 v2/5] fail (pred=horse) CTA=0.8365
[2026-09-06 04:02:24]   [t6697 v3/5] SUCCESS (pred=dog) CTA=0.8418
[2026-09-06 04:04:33]   [t6697 v4/5] fail (pred=horse) CTA=0.8450
[2026-09-06 04:06:42]   [t6697 v5/5] SUCCESS (pred=dog) CTA=0.8399
[2026-09-06 04:06:42]   target 6697, 5 victims on this gpu: ASR=60.0% CTA=0.8402 +/- 0.0030
[2026-09-06 04:06:42] === target 2315 (4/8) ===
[2026-09-06 04:06:58]   target 2315: crafted 25 poisons in 16 s, obj=0.02043
[2026-09-06 04:06:58]   target 2315: realized linf = 0.03137 (8.00/255), budget = 8.00/255
[2026-09-06 04:09:07]   [t2315 v1/5] fail (pred=bird) CTA=0.8356
[2026-09-06 04:11:16]   [t2315 v2/5] fail (pred=cat) CTA=0.8405
[2026-09-06 04:13:26]   [t2315 v3/5] fail (pred=bird) CTA=0.8340
[2026-09-06 04:15:35]   [t2315 v4/5] fail (pred=bird) CTA=0.8353
[2026-09-06 04:17:44]   [t2315 v5/5] SUCCESS (pred=dog) CTA=0.8395
[2026-09-06 04:17:44]   target 2315, 5 victims on this gpu: ASR=20.0% CTA=0.8370 +/- 0.0025
[2026-09-06 04:17:44] === target 6899 (5/8) ===
[2026-09-06 04:18:00]   target 6899: crafted 25 poisons in 16 s, obj=0.01745
[2026-09-06 04:18:00]   target 6899: realized linf = 0.03137 (8.00/255), budget = 8.00/255
[2026-09-06 04:20:09]   [t6899 v1/5] SUCCESS (pred=dog) CTA=0.8345
[2026-09-06 04:22:18]   [t6899 v2/5] SUCCESS (pred=dog) CTA=0.8358
[2026-09-06 04:24:28]   [t6899 v3/5] fail (pred=horse) CTA=0.8283
[2026-09-06 04:26:37]   [t6899 v4/5] fail (pred=cat) CTA=0.8414
[2026-09-06 04:28:46]   [t6899 v5/5] fail (pred=bird) CTA=0.8389
[2026-09-06 04:28:46]   target 6899, 5 victims on this gpu: ASR=40.0% CTA=0.8358 +/- 0.0044
[2026-09-06 04:28:46] === target 2312 (6/8) ===
[2026-09-06 04:29:02]   target 2312: crafted 25 poisons in 16 s, obj=0.01670
[2026-09-06 04:29:02]   target 2312: realized linf = 0.03137 (8.00/255), budget = 8.00/255
[2026-09-06 04:31:11]   [t2312 v1/5] fail (pred=bird) CTA=0.8335
[2026-09-06 04:33:21]   [t2312 v2/5] fail (pred=bird) CTA=0.8348
[2026-09-06 04:35:30]   [t2312 v3/5] fail (pred=bird) CTA=0.8352
[2026-09-06 04:37:39]   [t2312 v4/5] fail (pred=bird) CTA=0.8382
[2026-09-06 04:39:48]   [t2312 v5/5] fail (pred=bird) CTA=0.8323
[2026-09-06 04:39:48]   target 2312, 5 victims on this gpu: ASR=0.0% CTA=0.8348 +/- 0.0020
[2026-09-06 04:39:48] === target 6353 (7/8) ===
[2026-09-06 04:40:04]   target 6353: crafted 25 poisons in 16 s, obj=0.01894
[2026-09-06 04:40:04]   target 6353: realized linf = 0.03137 (8.00/255), budget = 8.00/255
[2026-09-06 04:42:13]   [t6353 v1/5] fail (pred=bird) CTA=0.8415
[2026-09-06 04:44:23]   [t6353 v2/5] fail (pred=bird) CTA=0.8312
[2026-09-06 04:46:32]   [t6353 v3/5] SUCCESS (pred=dog) CTA=0.8366
[2026-09-06 04:48:41]   [t6353 v4/5] fail (pred=airplane) CTA=0.8417
[2026-09-06 04:50:51]   [t6353 v5/5] fail (pred=airplane) CTA=0.8363
[2026-09-06 04:50:51]   target 6353, 5 victims on this gpu: ASR=20.0% CTA=0.8375 +/- 0.0039
[2026-09-06 04:50:51] === target 4421 (8/8) ===
[2026-09-06 04:51:06]   target 4421: crafted 25 poisons in 16 s, obj=0.02145
[2026-09-06 04:51:06]   target 4421: realized linf = 0.03137 (8.00/255), budget = 8.00/255
[2026-09-06 04:53:15]   [t4421 v1/5] fail (pred=bird) CTA=0.8416
[2026-09-06 04:55:24]   [t4421 v2/5] fail (pred=bird) CTA=0.8356
[2026-09-06 04:57:33]   [t4421 v3/5] fail (pred=bird) CTA=0.8390
[2026-09-06 04:59:42]   [t4421 v4/5] fail (pred=bird) CTA=0.8382
[2026-09-06 05:01:52]   [t4421 v5/5] SUCCESS (pred=dog) CTA=0.8357
[2026-09-06 05:01:52]   target 4421, 5 victims on this gpu: ASR=20.0% CTA=0.8380 +/- 0.0022
[2026-09-06 05:01:52] ==== CIFAR10_ResNet20BN_fc_random_dog-bird_b0.0005_eps8_seed42_ce5_tgt10 : ASR = 30.0% +/- 20.0% | CTA = 0.8372 (baseline 0.8401) ====
[2026-09-06 05:01:52]   target-prediction tally ['airplane', 'automobile', 'bird', 'cat', 'deer', 'dog', 'frog', 'horse', 'ship', 'truck']: [2, 0, 19, 2, 0, 12, 0, 5, 0, 0]

