=== random | VGG13BN / fc / frog-airplane ===
    targets: pinned from target_sets/VGG13BN_fc_frog-airplane.json (same 10 the random-base run attacked)
    difficulty label tgt3   craft flags: none
    Jacobian score disabled
    budgets: 0.000500001

--- random | VGG13BN / fc / frog-airplane | budget 0.000500001 ---
[2026-09-06 15:02:45] === run start: CIFAR10_VGG13BN_fc_random_frog-airplane_b0.000500001_eps8_seed42_ce5_tgt3 on cuda [0] ===
[2026-09-06 15:02:45] args: {"FORCE": false, "attack": "fc", "base": "random", "base_dist": "cosine", "base_topr": null, "budget": 0.000500001, "cache_dir": "./cache", "class_pair": "frog-airplane", "clean_baseline": true, "craft_alpha": 0.0039216, "craft_aug": true, "craft_batch": 256, "craft_ensemble": 5, "craft_lowmem": false, "craft_schedule": false, "craft_steps": 250, "data_path": "/home/mmoslem3/scratch/attack_if/data", "dataset": "CIFAR10", "dsa_strategy": "color_crop_cutout_flip_scale_rotate", "epsilon": 0.0313725, "fast_gradmatch": false, "fc_mode": "sample", "fc_restarts": 1, "gpus": "all", "jacobian_batch_size": 64, "jacobian_weight": 1.0, "lambda_margin": 10.0, "model": "VGG13BN", "no_resume": false, "num_poisons": 500, "num_surrogates": 20, "num_targets": 8, "num_victims": 5, "out_dir": "ours_result", "pair_order": "poison-target", "parallel_pretrain": true, "parallel_targets": true, "precompute_id": null, "precompute_only": false, "precompute_part": "both", "rank_on_victims": true, "recompute_deltas": false, "require_correct_target": false, "restarts": 8, "seed": 42, "sel_K": null, "sel_alpha": 1.0, "sel_criterion": null, "sel_dpp": false, "sel_filter": false, "sel_mmr": false, "sel_mode": null, "sel_model": null, "sel_mu": 1.0, "sel_pca": false, "sel_pool": 3.0, "sharp_mode": "worst", "sharp_samples": 20, "sharp_sigma": 0.05, "steal_timeout": 7200.0, "surrogate_aug": false, "surrogate_bs": 128, "surrogate_decay": [35, 45], "surrogate_epochs": 60, "surrogate_lr": 0.1, "surrogate_wd": 0.0, "target_idx_file": "target_sets/VGG13BN_fc_frog-airplane.json", "target_select": 3, "use_jacobian_score": false, "victim_aug": false, "victim_bs": 125, "victim_decay": [40], "victim_epochs": 50, "victim_lr": 0.1, "victim_wd": 0.0}
[2026-09-06 15:02:45] Jacobian score: disabled
[2026-09-06 15:02:45] N_total=50000 budget=0.000500001 -> N_p=25 poisons, y_adv=6(frog) target_class=0(airplane)
[2026-09-06 15:02:45] === surrogates (20 x VGG13BN, trained on the full real set) ===
[2026-09-06 15:02:48]   crafting on 5/20 surrogates
[2026-09-06 15:02:48] === clean victims (5 x VGG13BN) ===
[2026-09-06 15:02:49]   clean baseline CTA = 0.8451 +/- 0.0161
[2026-09-06 15:02:49]   target pool 1000 -> eligible 998 (2 already predicted as y_adv or dropped)
[2026-09-06 15:02:49]   chosen 8 targets (file), p_adv range 0.0004..0.0117
[2026-09-06 15:02:49]   targets: [912, 9957, 1739, 1165, 3278, 4313, 416, 6491]
[2026-09-06 15:02:50] === target 912 (1/8) ===
[2026-09-06 15:02:53]   target 912: crafted 25 poisons in 3 s, obj=0.00209
[2026-09-06 15:02:53]   target 912: realized linf = 0.03137 (8.00/255), budget = 8.00/255
[2026-09-06 15:04:33]   [t912 v1/5] SUCCESS (pred=frog) CTA=0.8593
[2026-09-06 15:06:12]   [t912 v2/5] fail (pred=automobile) CTA=0.8613
[2026-09-06 15:07:52]   [t912 v3/5] fail (pred=bird) CTA=0.8581
[2026-09-06 15:09:31]   [t912 v4/5] fail (pred=bird) CTA=0.8545
[2026-09-06 15:11:10]   [t912 v5/5] fail (pred=cat) CTA=0.8606
[2026-09-06 15:11:10]   target 912, 5 victims on this gpu: ASR=20.0% CTA=0.8588 +/- 0.0024
[2026-09-06 15:11:10] === target 9957 (2/8) ===
[2026-09-06 15:11:14]   target 9957: crafted 25 poisons in 3 s, obj=0.00318
[2026-09-06 15:11:14]   target 9957: realized linf = 0.03137 (8.00/255), budget = 8.00/255
[2026-09-06 15:12:53]   [t9957 v1/5] fail (pred=cat) CTA=0.8509
[2026-09-06 15:14:33]   [t9957 v2/5] fail (pred=airplane) CTA=0.8503
[2026-09-06 15:16:12]   [t9957 v3/5] fail (pred=airplane) CTA=0.8525
[2026-09-06 15:17:52]   [t9957 v4/5] fail (pred=airplane) CTA=0.8235
[2026-09-06 15:19:31]   [t9957 v5/5] fail (pred=airplane) CTA=0.8612
[2026-09-06 15:19:31]   target 9957, 5 victims on this gpu: ASR=0.0% CTA=0.8477 +/- 0.0127
[2026-09-06 15:19:31] === target 1739 (3/8) ===
[2026-09-06 15:19:35]   target 1739: crafted 25 poisons in 3 s, obj=0.00463
[2026-09-06 15:19:35]   target 1739: realized linf = 0.03137 (8.00/255), budget = 8.00/255
[2026-09-06 15:21:14]   [t1739 v1/5] fail (pred=ship) CTA=0.8474
[2026-09-06 15:22:53]   [t1739 v2/5] fail (pred=ship) CTA=0.8635
[2026-09-06 15:24:33]   [t1739 v3/5] fail (pred=ship) CTA=0.8506
[2026-09-06 15:26:13]   [t1739 v4/5] fail (pred=bird) CTA=0.8505
[2026-09-06 15:27:53]   [t1739 v5/5] fail (pred=bird) CTA=0.8432
[2026-09-06 15:27:53]   target 1739, 5 victims on this gpu: ASR=0.0% CTA=0.8510 +/- 0.0068
[2026-09-06 15:27:53] === target 1165 (4/8) ===
[2026-09-06 15:27:56]   target 1165: crafted 25 poisons in 3 s, obj=0.00364
[2026-09-06 15:27:56]   target 1165: realized linf = 0.03137 (8.00/255), budget = 8.00/255
[2026-09-06 15:29:35]   [t1165 v1/5] fail (pred=airplane) CTA=0.8540
[2026-09-06 15:31:15]   [t1165 v2/5] fail (pred=airplane) CTA=0.8471
[2026-09-06 15:32:55]   [t1165 v3/5] fail (pred=airplane) CTA=0.8446
[2026-09-06 15:34:35]   [t1165 v4/5] fail (pred=airplane) CTA=0.8652
[2026-09-06 15:36:14]   [t1165 v5/5] fail (pred=airplane) CTA=0.8562
[2026-09-06 15:36:14]   target 1165, 5 victims on this gpu: ASR=0.0% CTA=0.8534 +/- 0.0073
[2026-09-06 15:36:14] === target 3278 (5/8) ===
[2026-09-06 15:36:17]   target 3278: crafted 25 poisons in 3 s, obj=0.00460
[2026-09-06 15:36:17]   target 3278: realized linf = 0.03137 (8.00/255), budget = 8.00/255
[2026-09-06 15:37:57]   [t3278 v1/5] fail (pred=airplane) CTA=0.8547
[2026-09-06 15:39:37]   [t3278 v2/5] fail (pred=airplane) CTA=0.8674
[2026-09-06 15:41:16]   [t3278 v3/5] fail (pred=airplane) CTA=0.8542
[2026-09-06 15:42:56]   [t3278 v4/5] fail (pred=airplane) CTA=0.8644
[2026-09-06 15:44:36]   [t3278 v5/5] fail (pred=airplane) CTA=0.8514
[2026-09-06 15:44:36]   target 3278, 5 victims on this gpu: ASR=0.0% CTA=0.8584 +/- 0.0063
[2026-09-06 15:44:36] === target 4313 (6/8) ===
[2026-09-06 15:44:39]   target 4313: crafted 25 poisons in 3 s, obj=0.00181
[2026-09-06 15:44:39]   target 4313: realized linf = 0.03137 (8.00/255), budget = 8.00/255
[2026-09-06 15:46:19]   [t4313 v1/5] fail (pred=airplane) CTA=0.8654
[2026-09-06 15:47:59]   [t4313 v2/5] fail (pred=airplane) CTA=0.8561
[2026-09-06 15:49:38]   [t4313 v3/5] fail (pred=airplane) CTA=0.8633
[2026-09-06 15:51:18]   [t4313 v4/5] fail (pred=cat) CTA=0.8351
[2026-09-06 15:52:57]   [t4313 v5/5] fail (pred=bird) CTA=0.8535
[2026-09-06 15:52:57]   target 4313, 5 victims on this gpu: ASR=0.0% CTA=0.8547 +/- 0.0107
[2026-09-06 15:52:57] === target 416 (7/8) ===
[2026-09-06 15:53:01]   target 416: crafted 25 poisons in 3 s, obj=0.00380
[2026-09-06 15:53:01]   target 416: realized linf = 0.03137 (8.00/255), budget = 8.00/255
[2026-09-06 15:54:41]   [t416 v1/5] fail (pred=airplane) CTA=0.8671
[2026-09-06 15:56:20]   [t416 v2/5] fail (pred=truck) CTA=0.8509
[2026-09-06 15:58:00]   [t416 v3/5] fail (pred=cat) CTA=0.8530
[2026-09-06 15:59:40]   [t416 v4/5] fail (pred=airplane) CTA=0.8443
[2026-09-06 16:01:19]   [t416 v5/5] fail (pred=dog) CTA=0.8596
[2026-09-06 16:01:19]   target 416, 5 victims on this gpu: ASR=0.0% CTA=0.8550 +/- 0.0078
[2026-09-06 16:01:19] === target 6491 (8/8) ===
[2026-09-06 16:01:23]   target 6491: crafted 25 poisons in 3 s, obj=0.00259
[2026-09-06 16:01:23]   target 6491: realized linf = 0.03137 (8.00/255), budget = 8.00/255
[2026-09-06 16:03:02]   [t6491 v1/5] fail (pred=cat) CTA=0.8596
[2026-09-06 16:04:42]   [t6491 v2/5] fail (pred=dog) CTA=0.8540
[2026-09-06 16:06:22]   [t6491 v3/5] fail (pred=bird) CTA=0.8620
[2026-09-06 16:08:02]   [t6491 v4/5] fail (pred=cat) CTA=0.8571
[2026-09-06 16:09:41]   [t6491 v5/5] fail (pred=ship) CTA=0.8521
[2026-09-06 16:09:41]   target 6491, 5 victims on this gpu: ASR=0.0% CTA=0.8570 +/- 0.0036
[2026-09-06 16:09:41] ==== CIFAR10_VGG13BN_fc_random_frog-airplane_b0.000500001_eps8_seed42_ce5_tgt3 : ASR = 2.5% +/- 6.6% | CTA = 0.8545 (baseline 0.8451) ====
[2026-09-06 16:09:41]   target-prediction tally ['airplane', 'automobile', 'bird', 'cat', 'deer', 'dog', 'frog', 'horse', 'ship', 'truck']: [19, 1, 6, 6, 0, 2, 1, 0, 4, 1]

