=== random | ResNet20BN / fc / frog-airplane ===
    targets: pinned from target_sets/ResNet20BN_fc_frog-airplane.json (same 10 the random-base run attacked)
    difficulty label tgt2   craft flags: none
    Jacobian score disabled
    budgets: 0.000500001

--- random | ResNet20BN / fc / frog-airplane | budget 0.000500001 ---
[2026-09-06 14:46:45] === run start: CIFAR10_ResNet20BN_fc_random_frog-airplane_b0.000500001_eps8_seed42_ce5_tgt2 on cuda [0] ===
[2026-09-06 14:46:45] args: {"FORCE": false, "attack": "fc", "base": "random", "base_dist": "cosine", "base_topr": null, "budget": 0.000500001, "cache_dir": "./cache", "class_pair": "frog-airplane", "clean_baseline": true, "craft_alpha": 0.0039216, "craft_aug": true, "craft_batch": 256, "craft_ensemble": 5, "craft_lowmem": false, "craft_schedule": false, "craft_steps": 250, "data_path": "/home/mmoslem3/scratch/attack_if/data", "dataset": "CIFAR10", "dsa_strategy": "color_crop_cutout_flip_scale_rotate", "epsilon": 0.0313725, "fast_gradmatch": false, "fc_mode": "sample", "fc_restarts": 1, "gpus": "all", "jacobian_batch_size": 64, "jacobian_weight": 1.0, "lambda_margin": 10.0, "model": "ResNet20BN", "no_resume": false, "num_poisons": 500, "num_surrogates": 20, "num_targets": 8, "num_victims": 5, "out_dir": "ours_result", "pair_order": "poison-target", "parallel_pretrain": true, "parallel_targets": true, "precompute_id": null, "precompute_only": false, "precompute_part": "both", "rank_on_victims": true, "recompute_deltas": false, "require_correct_target": false, "restarts": 8, "seed": 42, "sel_K": null, "sel_alpha": 1.0, "sel_criterion": null, "sel_dpp": false, "sel_filter": false, "sel_mmr": false, "sel_mode": null, "sel_model": null, "sel_mu": 1.0, "sel_pca": false, "sel_pool": 3.0, "sharp_mode": "worst", "sharp_samples": 20, "sharp_sigma": 0.05, "steal_timeout": 7200.0, "surrogate_aug": false, "surrogate_bs": 128, "surrogate_decay": [35, 45], "surrogate_epochs": 60, "surrogate_lr": 0.1, "surrogate_wd": 0.0, "target_idx_file": "target_sets/ResNet20BN_fc_frog-airplane.json", "target_select": 2, "use_jacobian_score": false, "victim_aug": false, "victim_bs": 125, "victim_decay": [40], "victim_epochs": 50, "victim_lr": 0.1, "victim_wd": 0.0}
[2026-09-06 14:46:45] Jacobian score: disabled
[2026-09-06 14:46:45] N_total=50000 budget=0.000500001 -> N_p=25 poisons, y_adv=6(frog) target_class=0(airplane)
[2026-09-06 14:46:45] === surrogates (20 x ResNet20BN, trained on the full real set) ===
[2026-09-06 14:46:46]   crafting on 5/20 surrogates
[2026-09-06 14:46:46] === clean victims (5 x ResNet20BN) ===
[2026-09-06 14:46:47]   clean baseline CTA = 0.8401 +/- 0.0030
[2026-09-06 14:46:47]   target pool 1000 -> eligible 998 (2 already predicted as y_adv or dropped)
[2026-09-06 14:46:47]   chosen 8 targets (file), p_adv range 0.0020..0.0513
[2026-09-06 14:46:47]   targets: [9273, 2535, 4118, 5462, 8476, 3342, 313, 4490]
[2026-09-06 14:46:47] === target 9273 (1/8) ===
[2026-09-06 14:46:53]   target 9273: crafted 25 poisons in 6 s, obj=0.02245
[2026-09-06 14:46:53]   target 9273: realized linf = 0.03137 (8.00/255), budget = 8.00/255
[2026-09-06 14:49:05]   [t9273 v1/5] fail (pred=airplane) CTA=0.8365
[2026-09-06 14:51:18]   [t9273 v2/5] fail (pred=bird) CTA=0.8366
[2026-09-06 14:53:31]   [t9273 v3/5] fail (pred=airplane) CTA=0.8360
[2026-09-06 14:55:43]   [t9273 v4/5] fail (pred=airplane) CTA=0.8368
[2026-09-06 14:57:55]   [t9273 v5/5] fail (pred=horse) CTA=0.8294
[2026-09-06 14:57:55]   target 9273, 5 victims on this gpu: ASR=0.0% CTA=0.8351 +/- 0.0028
[2026-09-06 14:57:55] === target 2535 (2/8) ===
[2026-09-06 14:58:00]   target 2535: crafted 25 poisons in 5 s, obj=0.01845
[2026-09-06 14:58:00]   target 2535: realized linf = 0.03137 (8.00/255), budget = 8.00/255
[2026-09-06 15:00:13]   [t2535 v1/5] fail (pred=bird) CTA=0.8390
[2026-09-06 15:02:26]   [t2535 v2/5] fail (pred=deer) CTA=0.8331
[2026-09-06 15:04:38]   [t2535 v3/5] fail (pred=airplane) CTA=0.8342
[2026-09-06 15:06:51]   [t2535 v4/5] SUCCESS (pred=frog) CTA=0.8456
[2026-09-06 15:09:04]   [t2535 v5/5] SUCCESS (pred=frog) CTA=0.8372
[2026-09-06 15:09:04]   target 2535, 5 victims on this gpu: ASR=40.0% CTA=0.8378 +/- 0.0044
[2026-09-06 15:09:04] === target 4118 (3/8) ===
[2026-09-06 15:09:09]   target 4118: crafted 25 poisons in 5 s, obj=0.03178
[2026-09-06 15:09:09]   target 4118: realized linf = 0.03137 (8.00/255), budget = 8.00/255
[2026-09-06 15:11:22]   [t4118 v1/5] fail (pred=airplane) CTA=0.8354
[2026-09-06 15:13:31]   [t4118 v2/5] fail (pred=bird) CTA=0.8375
[2026-09-06 15:15:40]   [t4118 v3/5] fail (pred=airplane) CTA=0.8376
[2026-09-06 15:17:48]   [t4118 v4/5] fail (pred=airplane) CTA=0.8377
[2026-09-06 15:19:56]   [t4118 v5/5] fail (pred=bird) CTA=0.8411
[2026-09-06 15:19:56]   target 4118, 5 victims on this gpu: ASR=0.0% CTA=0.8379 +/- 0.0018
[2026-09-06 15:19:56] === target 5462 (4/8) ===
[2026-09-06 15:20:02]   target 5462: crafted 25 poisons in 5 s, obj=0.02129
[2026-09-06 15:20:02]   target 5462: realized linf = 0.03137 (8.00/255), budget = 8.00/255
[2026-09-06 15:22:10]   [t5462 v1/5] fail (pred=airplane) CTA=0.8422
[2026-09-06 15:24:19]   [t5462 v2/5] fail (pred=airplane) CTA=0.8374
[2026-09-06 15:26:28]   [t5462 v3/5] fail (pred=airplane) CTA=0.8385
[2026-09-06 15:28:37]   [t5462 v4/5] fail (pred=airplane) CTA=0.8366
[2026-09-06 15:30:45]   [t5462 v5/5] fail (pred=airplane) CTA=0.8377
[2026-09-06 15:30:45]   target 5462, 5 victims on this gpu: ASR=0.0% CTA=0.8385 +/- 0.0020
[2026-09-06 15:30:45] === target 8476 (5/8) ===
[2026-09-06 15:30:50]   target 8476: crafted 25 poisons in 5 s, obj=0.01461
[2026-09-06 15:30:50]   target 8476: realized linf = 0.03137 (8.00/255), budget = 8.00/255
[2026-09-06 15:32:59]   [t8476 v1/5] fail (pred=deer) CTA=0.8382
[2026-09-06 15:35:08]   [t8476 v2/5] fail (pred=airplane) CTA=0.8427
[2026-09-06 15:37:20]   [t8476 v3/5] fail (pred=deer) CTA=0.8303
[2026-09-06 15:39:41]   [t8476 v4/5] fail (pred=deer) CTA=0.8373
[2026-09-06 15:41:59]   [t8476 v5/5] fail (pred=airplane) CTA=0.8397
[2026-09-06 15:41:59]   target 8476, 5 victims on this gpu: ASR=0.0% CTA=0.8376 +/- 0.0041
[2026-09-06 15:41:59] === target 3342 (6/8) ===
[2026-09-06 15:42:05]   target 3342: crafted 25 poisons in 5 s, obj=0.02352
[2026-09-06 15:42:05]   target 3342: realized linf = 0.03137 (8.00/255), budget = 8.00/255
[2026-09-06 15:44:23]   [t3342 v1/5] fail (pred=bird) CTA=0.8413
[2026-09-06 15:46:42]   [t3342 v2/5] fail (pred=ship) CTA=0.8381
[2026-09-06 15:49:09]   [t3342 v3/5] fail (pred=ship) CTA=0.8378
[2026-09-06 15:51:30]   [t3342 v4/5] fail (pred=airplane) CTA=0.8329
[2026-09-06 15:53:42]   [t3342 v5/5] fail (pred=airplane) CTA=0.8396
[2026-09-06 15:53:42]   target 3342, 5 victims on this gpu: ASR=0.0% CTA=0.8379 +/- 0.0028
[2026-09-06 15:53:42] === target 313 (7/8) ===
[2026-09-06 15:53:48]   target 313: crafted 25 poisons in 5 s, obj=0.02497
[2026-09-06 15:53:48]   target 313: realized linf = 0.03137 (8.00/255), budget = 8.00/255
[2026-09-06 15:56:02]   [t313 v1/5] fail (pred=bird) CTA=0.8390
[2026-09-06 15:58:16]   [t313 v2/5] fail (pred=airplane) CTA=0.8391
[2026-09-06 16:00:28]   [t313 v3/5] fail (pred=airplane) CTA=0.8330
[2026-09-06 16:02:42]   [t313 v4/5] fail (pred=bird) CTA=0.8434
[2026-09-06 16:04:57]   [t313 v5/5] fail (pred=bird) CTA=0.8394
[2026-09-06 16:04:57]   target 313, 5 victims on this gpu: ASR=0.0% CTA=0.8388 +/- 0.0033
[2026-09-06 16:04:57] === target 4490 (8/8) ===
[2026-09-06 16:05:02]   target 4490: crafted 25 poisons in 5 s, obj=0.02005
[2026-09-06 16:05:02]   target 4490: realized linf = 0.03137 (8.00/255), budget = 8.00/255
[2026-09-06 16:07:17]   [t4490 v1/5] fail (pred=cat) CTA=0.8319
[2026-09-06 16:09:31]   [t4490 v2/5] fail (pred=airplane) CTA=0.8362
[2026-09-06 16:11:46]   [t4490 v3/5] fail (pred=airplane) CTA=0.8415
[2026-09-06 16:14:00]   [t4490 v4/5] fail (pred=airplane) CTA=0.8457
[2026-09-06 16:16:13]   [t4490 v5/5] fail (pred=airplane) CTA=0.8352
[2026-09-06 16:16:13]   target 4490, 5 victims on this gpu: ASR=0.0% CTA=0.8381 +/- 0.0049
[2026-09-06 16:16:13] ==== CIFAR10_ResNet20BN_fc_random_frog-airplane_b0.000500001_eps8_seed42_ce5_tgt2 : ASR = 5.0% +/- 13.2% | CTA = 0.8377 (baseline 0.8401) ====
[2026-09-06 16:16:13]   target-prediction tally ['airplane', 'automobile', 'bird', 'cat', 'deer', 'dog', 'frog', 'horse', 'ship', 'truck']: [22, 0, 8, 1, 4, 0, 2, 1, 2, 0]

