stage: optional directory absent: /home/mmoslem3/scratch/attack_if/ours_result/CIFAR10_VGG13BN_gradmatch_ours_dog-bird_b0.02_eps8_seed42_lam1_cosine_seldpp2_jacw1_ce5_tgt50
job: 5033557 b2040_attack_033_vgg13_gradmatch_dog_bird_b0_02_dpp_j on kn016
work: /tmp/attack_if
config: USE_JACOBIAN_SCORE=1 JACOBIAN_WEIGHT=1.0 JACOBIAN_BATCH_SIZE=64 CLASS_PAIR=dog-bird MODEL=VGG13BN ATTACK=gradmatch BUDGETS=0.02 SELECT=dpp SEL_ALPHA=2.0 NUM_TARGETS=8 NUM_VICTIMS=6 sh sel_dpp.sh
protocol: attack=8 targets x 6 victims
gpu: NVIDIA L40S
=== dpp (alpha=2.0) | VGG13BN / gradmatch / dog-bird ===
    targets: pinned from target_sets/VGG13BN_gradmatch_dog-bird.json (same 10 the random-base run attacked)
    difficulty label tgt50   craft flags: --craft_lowmem --craft_batch 256 --fast_gradmatch
    Jacobian score enabled (weight=1.0, batch=64)
    budgets: 0.02

--- dpp | VGG13BN / gradmatch / dog-bird | budget 0.02 ---
[2026-08-26 10:56:35] === run start: CIFAR10_VGG13BN_gradmatch_ours_dog-bird_b0.02_eps8_seed42_lam1_cosine_seldpp2_jacw1_ce5_tgt50 on cuda [0] ===
[2026-08-26 10:56:35] args: {"FORCE": false, "attack": "gradmatch", "base": "ours", "base_dist": "cosine", "base_topr": null, "budget": 0.02, "cache_dir": "/tmp/attack_if/cache", "class_pair": "dog-bird", "clean_baseline": true, "craft_alpha": 0.0039216, "craft_aug": true, "craft_batch": 256, "craft_ensemble": 5, "craft_lowmem": true, "craft_schedule": false, "craft_steps": 250, "data_path": "/tmp/data", "dataset": "CIFAR10", "dsa_strategy": "color_crop_cutout_flip_scale_rotate", "epsilon": 0.0313725, "fast_gradmatch": true, "fc_mode": "sample", "fc_restarts": 1, "gpus": "all", "jacobian_batch_size": 64, "jacobian_weight": 1.0, "lambda_margin": 1.0, "model": "VGG13BN", "no_resume": false, "num_poisons": 500, "num_surrogates": 20, "num_targets": 8, "num_victims": 6, "out_dir": "/tmp/attack_if/ours_result", "pair_order": "poison-target", "parallel_pretrain": true, "parallel_targets": true, "precompute_id": null, "precompute_only": false, "precompute_part": "both", "rank_on_victims": true, "recompute_deltas": false, "require_correct_target": false, "restarts": 8, "seed": 42, "sel_K": null, "sel_alpha": 2.0, "sel_criterion": null, "sel_dpp": true, "sel_filter": false, "sel_mmr": false, "sel_mode": "dpp", "sel_model": null, "sel_mu": 1.0, "sel_pca": false, "sel_pool": 3.0, "sharp_mode": "worst", "sharp_samples": 20, "sharp_sigma": 0.05, "steal_timeout": 7200.0, "surrogate_aug": false, "surrogate_bs": 128, "surrogate_decay": [35, 45], "surrogate_epochs": 60, "surrogate_lr": 0.1, "surrogate_wd": 0.0, "target_idx_file": "target_sets/VGG13BN_gradmatch_dog-bird.json", "target_select": 50, "use_jacobian_score": true, "victim_aug": false, "victim_bs": 125, "victim_decay": [40], "victim_epochs": 50, "victim_lr": 0.1, "victim_wd": 0.0}
[2026-08-26 10:56:35] Jacobian score: enabled, weight=1, batch_size=64
[2026-08-26 10:56:35] N_total=50000 budget=0.02 -> N_p=1000 poisons, y_adv=5(dog) target_class=2(bird)
[2026-08-26 10:56:35] === surrogates (20 x VGG13BN, trained on the full real set) ===
[2026-08-26 10:56:37]   crafting on 5/20 surrogates
[2026-08-26 10:56:37] === clean victims (6 x VGG13BN) ===
[2026-08-26 10:56:39]   clean baseline CTA = 0.8476 +/- 0.0158
[2026-08-26 10:56:39]   target pool 1000 -> eligible 970 (30 already predicted as y_adv or dropped)
[2026-08-26 10:56:39]   chosen 8 targets (file), p_adv range 0.0000..0.0000
[2026-08-26 10:56:39]   targets: [630, 409, 2270, 9870, 1656, 5022, 9090, 6033]
[2026-08-26 10:56:39] === target 630 (1/8) ===
[2026-08-26 10:56:41]   Jacobian score exact backend: torch.func JVP
[2026-08-26 11:36:03]   target 630: crafted 1000 poisons in 2346 s, obj=0.27631
[2026-08-26 11:36:03]   target 630: realized linf = 0.03137 (8.00/255), budget = 8.00/255
[2026-08-26 11:37:43]   [t630 v1/6] SUCCESS (pred=dog) CTA=0.8634
[2026-08-26 11:39:23]   [t630 v2/6] SUCCESS (pred=dog) CTA=0.8514
[2026-08-26 11:41:03]   [t630 v3/6] SUCCESS (pred=dog) CTA=0.8580
[2026-08-26 11:42:43]   [t630 v4/6] SUCCESS (pred=dog) CTA=0.8562
[2026-08-26 11:44:22]   [t630 v5/6] SUCCESS (pred=dog) CTA=0.8560
[2026-08-26 11:46:02]   [t630 v6/6] SUCCESS (pred=dog) CTA=0.8591
[2026-08-26 11:46:02]   target 630, 6 victims on this gpu: ASR=100.0% CTA=0.8573 +/- 0.0036
[2026-08-26 11:46:02] === target 409 (2/8) ===
[2026-08-26 12:25:50]   target 409: crafted 1000 poisons in 2372 s, obj=0.23539
[2026-08-26 12:25:50]   target 409: realized linf = 0.03137 (8.00/255), budget = 8.00/255
[2026-08-26 12:27:33]   [t409 v1/6] SUCCESS (pred=dog) CTA=0.8342
[2026-08-26 12:29:13]   [t409 v2/6] SUCCESS (pred=dog) CTA=0.8551
[2026-08-26 12:30:53]   [t409 v3/6] SUCCESS (pred=dog) CTA=0.8575
