job: 5033530 b2040_attack_008_vgg13_fc_dog_bird_b0_02_ours_j on kn118
work: /tmp/attack_if
config: USE_JACOBIAN_SCORE=1 JACOBIAN_WEIGHT=1.0 JACOBIAN_BATCH_SIZE=64 CLASS_PAIR=dog-bird MODEL=VGG13BN ATTACK=fc BUDGETS=0.02 SELECT=ours SEL_ALPHA=2.0 NUM_TARGETS=8 NUM_VICTIMS=6 sh sel_dpp.sh
protocol: attack=8 targets x 6 victims
gpu: NVIDIA L40S
=== ours (plain greedy top-N_p by score) | VGG13BN / fc / dog-bird ===
    targets: pinned from target_sets/VGG13BN_fc_dog-bird.json (same 10 the random-base run attacked)
    difficulty label tgt3   craft flags: none
    Jacobian score enabled (weight=1.0, batch=64)
    budgets: 0.02

--- ours | VGG13BN / fc / dog-bird | budget 0.02 ---
[2026-08-26 10:38:15] === run start: CIFAR10_VGG13BN_fc_ours_dog-bird_b0.02_eps8_seed42_lam1_cosine_jacw1_ce5_tgt3 on cuda [0] ===
[2026-08-26 10:38:15] args: {"FORCE": false, "attack": "fc", "base": "ours", "base_dist": "cosine", "base_topr": null, "budget": 0.02, "cache_dir": "/tmp/attack_if/cache", "class_pair": "dog-bird", "clean_baseline": true, "craft_alpha": 0.0039216, "craft_aug": true, "craft_batch": 256, "craft_ensemble": 5, "craft_lowmem": false, "craft_schedule": false, "craft_steps": 250, "data_path": "/tmp/data", "dataset": "CIFAR10", "dsa_strategy": "color_crop_cutout_flip_scale_rotate", "epsilon": 0.0313725, "fast_gradmatch": false, "fc_mode": "sample", "fc_restarts": 1, "gpus": "all", "jacobian_batch_size": 64, "jacobian_weight": 1.0, "lambda_margin": 1.0, "model": "VGG13BN", "no_resume": false, "num_poisons": 500, "num_surrogates": 20, "num_targets": 8, "num_victims": 6, "out_dir": "/tmp/attack_if/ours_result", "pair_order": "poison-target", "parallel_pretrain": true, "parallel_targets": true, "precompute_id": null, "precompute_only": false, "precompute_part": "both", "rank_on_victims": true, "recompute_deltas": false, "require_correct_target": false, "restarts": 8, "seed": 42, "sel_K": null, "sel_alpha": 1.0, "sel_criterion": null, "sel_dpp": false, "sel_filter": false, "sel_mmr": false, "sel_mode": null, "sel_model": null, "sel_mu": 1.0, "sel_pca": false, "sel_pool": 3.0, "sharp_mode": "worst", "sharp_samples": 20, "sharp_sigma": 0.05, "steal_timeout": 7200.0, "surrogate_aug": false, "surrogate_bs": 128, "surrogate_decay": [35, 45], "surrogate_epochs": 60, "surrogate_lr": 0.1, "surrogate_wd": 0.0, "target_idx_file": "target_sets/VGG13BN_fc_dog-bird.json", "target_select": 3, "use_jacobian_score": true, "victim_aug": false, "victim_bs": 125, "victim_decay": [40], "victim_epochs": 50, "victim_lr": 0.1, "victim_wd": 0.0}
[2026-08-26 10:38:15] Jacobian score: enabled, weight=1, batch_size=64
[2026-08-26 10:38:15] N_total=50000 budget=0.02 -> N_p=1000 poisons, y_adv=5(dog) target_class=2(bird)
[2026-08-26 10:38:15] === surrogates (20 x VGG13BN, trained on the full real set) ===
[2026-08-26 10:38:17]   crafting on 5/20 surrogates
[2026-08-26 10:38:17] === clean victims (6 x VGG13BN) ===
[2026-08-26 10:38:19]   clean baseline CTA = 0.8476 +/- 0.0158
[2026-08-26 10:38:19]   target pool 1000 -> eligible 970 (30 already predicted as y_adv or dropped)
[2026-08-26 10:38:19]   chosen 8 targets (file), p_adv range 0.1700..0.1985
[2026-08-26 10:38:19]   targets: [3728, 5640, 6922, 7855, 2127, 7586, 7360, 2171]
[2026-08-26 10:38:19]   merged 3 rows left behind by an interrupted run
[2026-08-26 10:38:19]   resume: 3 (target, victim) trials already done
[2026-08-26 10:38:19] === target 3728 (1/8) ===
[2026-08-26 10:38:19]   target 3728: realized linf = 0.03137 (8.00/255), budget = 8.00/255
[2026-08-26 10:39:59]   [t3728 v4/6] SUCCESS (pred=dog) CTA=0.8526
[2026-08-26 10:41:40]   [t3728 v5/6] fail (pred=deer) CTA=0.8585
[2026-08-26 10:43:20]   [t3728 v6/6] SUCCESS (pred=dog) CTA=0.8225
[2026-08-26 10:43:20]   target 3728, 3 victims on this gpu: ASR=66.7% CTA=0.8445 +/- 0.0158
[2026-08-26 10:43:20] === target 5640 (2/8) ===
[2026-08-26 10:43:21]   Jacobian score exact backend: torch.func JVP
[2026-08-26 10:44:20]   target 5640: crafted 1000 poisons in 44 s, obj=0.00210
[2026-08-26 10:44:20]   target 5640: realized linf = 0.03137 (8.00/255), budget = 8.00/255
[2026-08-26 10:46:02]   [t5640 v1/6] fail (pred=cat) CTA=0.8289
[2026-08-26 10:47:43]   [t5640 v2/6] fail (pred=cat) CTA=0.8558
[2026-08-26 10:49:23]   [t5640 v3/6] fail (pred=cat) CTA=0.8419
[2026-08-26 10:51:04]   [t5640 v4/6] fail (pred=bird) CTA=0.8382
[2026-08-26 10:52:44]   [t5640 v5/6] fail (pred=bird) CTA=0.8564
[2026-08-26 10:54:25]   [t5640 v6/6] SUCCESS (pred=dog) CTA=0.8525
[2026-08-26 10:54:25]   target 5640, 6 victims on this gpu: ASR=16.7% CTA=0.8456 +/- 0.0101
[2026-08-26 10:54:25] === target 6922 (3/8) ===
[2026-08-26 10:55:24]   target 6922: crafted 1000 poisons in 44 s, obj=0.00226
[2026-08-26 10:55:24]   target 6922: realized linf = 0.03137 (8.00/255), budget = 8.00/255
[2026-08-26 10:57:06]   [t6922 v1/6] SUCCESS (pred=dog) CTA=0.8511
[2026-08-26 10:58:46]   [t6922 v2/6] SUCCESS (pred=dog) CTA=0.8611
[2026-08-26 11:00:26]   [t6922 v3/6] SUCCESS (pred=dog) CTA=0.8465
[2026-08-26 11:02:06]   [t6922 v4/6] SUCCESS (pred=dog) CTA=0.8421
[2026-08-26 11:03:46]   [t6922 v5/6] fail (pred=bird) CTA=0.8307
[2026-08-26 11:05:25]   [t6922 v6/6] SUCCESS (pred=dog) CTA=0.8501
[2026-08-26 11:05:25]   target 6922, 6 victims on this gpu: ASR=83.3% CTA=0.8469 +/- 0.0093
[2026-08-26 11:05:25] === target 7855 (4/8) ===
[2026-08-26 11:06:24]   target 7855: crafted 1000 poisons in 44 s, obj=0.00210
[2026-08-26 11:06:24]   target 7855: realized linf = 0.03137 (8.00/255), budget = 8.00/255
[2026-08-26 11:08:07]   [t7855 v1/6] SUCCESS (pred=dog) CTA=0.8514
[2026-08-26 11:09:47]   [t7855 v2/6] SUCCESS (pred=dog) CTA=0.8549
[2026-08-26 11:11:26]   [t7855 v3/6] SUCCESS (pred=dog) CTA=0.8667
[2026-08-26 11:13:06]   [t7855 v4/6] SUCCESS (pred=dog) CTA=0.8541
[2026-08-26 11:14:46]   [t7855 v5/6] SUCCESS (pred=dog) CTA=0.8625
[2026-08-26 11:16:26]   [t7855 v6/6] SUCCESS (pred=dog) CTA=0.8357
[2026-08-26 11:16:26]   target 7855, 6 victims on this gpu: ASR=100.0% CTA=0.8542 +/- 0.0098
[2026-08-26 11:16:26] === target 2127 (5/8) ===
[2026-08-26 11:17:25]   target 2127: crafted 1000 poisons in 44 s, obj=0.00210
[2026-08-26 11:17:25]   target 2127: realized linf = 0.03137 (8.00/255), budget = 8.00/255
[2026-08-26 11:19:07]   [t2127 v1/6] fail (pred=deer) CTA=0.8560
[2026-08-26 11:20:47]   [t2127 v2/6] fail (pred=deer) CTA=0.8569
[2026-08-26 11:22:27]   [t2127 v3/6] SUCCESS (pred=dog) CTA=0.8591
[2026-08-26 11:24:06]   [t2127 v4/6] SUCCESS (pred=dog) CTA=0.8537
[2026-08-26 11:25:46]   [t2127 v5/6] fail (pred=deer) CTA=0.8591
[2026-08-26 11:27:26]   [t2127 v6/6] SUCCESS (pred=dog) CTA=0.8568
[2026-08-26 11:27:26]   target 2127, 6 victims on this gpu: ASR=50.0% CTA=0.8569 +/- 0.0019
[2026-08-26 11:27:26] === target 7586 (6/8) ===
[2026-08-26 11:28:25]   target 7586: crafted 1000 poisons in 44 s, obj=0.00209
[2026-08-26 11:28:25]   target 7586: realized linf = 0.03137 (8.00/255), budget = 8.00/255
[2026-08-26 11:30:07]   [t7586 v1/6] SUCCESS (pred=dog) CTA=0.8581
[2026-08-26 11:31:47]   [t7586 v2/6] fail (pred=cat) CTA=0.8559
[2026-08-26 11:33:28]   [t7586 v3/6] fail (pred=bird) CTA=0.8661
[2026-08-26 11:35:09]   [t7586 v4/6] SUCCESS (pred=dog) CTA=0.8587
[2026-08-26 11:36:49]   [t7586 v5/6] fail (pred=cat) CTA=0.8500
[2026-08-26 11:38:30]   [t7586 v6/6] SUCCESS (pred=dog) CTA=0.8540
[2026-08-26 11:38:30]   target 7586, 6 victims on this gpu: ASR=50.0% CTA=0.8571 +/- 0.0049
[2026-08-26 11:38:30] === target 7360 (7/8) ===
[2026-08-26 11:39:29]   target 7360: crafted 1000 poisons in 44 s, obj=0.00231
[2026-08-26 11:39:29]   target 7360: realized linf = 0.03137 (8.00/255), budget = 8.00/255
[2026-08-26 11:41:11]   [t7360 v1/6] SUCCESS (pred=dog) CTA=0.8612
[2026-08-26 11:42:52]   [t7360 v2/6] SUCCESS (pred=dog) CTA=0.8479
[2026-08-26 11:44:32]   [t7360 v3/6] SUCCESS (pred=dog) CTA=0.8531
[2026-08-26 11:46:13]   [t7360 v4/6] fail (pred=bird) CTA=0.8629
[2026-08-26 11:47:53]   [t7360 v5/6] SUCCESS (pred=dog) CTA=0.8341
