stage: optional directory absent: /home/mmoslem3/scratch/attack_if/ours_result/CIFAR10_VGG13BN_sapa_ours_frog-airplane_b0.02_eps8_seed42_lam1_cosine_seldpp2_jacw1_worst0.05_ce5_tgt12
job: 5033572 b2040_attack_048_vgg13_sapa_frog_airplane_b0_02_dpp_j on kn104
work: /tmp/attack_if
config: USE_JACOBIAN_SCORE=1 JACOBIAN_WEIGHT=1.0 JACOBIAN_BATCH_SIZE=64 CLASS_PAIR=frog-airplane MODEL=VGG13BN ATTACK=sapa SHARP_MODE=worst SHARP_SIGMA=0.05 BUDGETS=0.02 SELECT=dpp SEL_ALPHA=2.0 NUM_TARGETS=8 NUM_VICTIMS=6 sh sel_dpp.sh
protocol: attack=8 targets x 6 victims
gpu: NVIDIA L40S
=== dpp (alpha=2.0) | VGG13BN / sapa / frog-airplane | sharp worst sigma=0.05 ===
    targets: pinned from target_sets/VGG13BN_gradmatch_frog-airplane.json (same 10 the random-base run attacked)
    difficulty label tgt12   craft flags: --craft_lowmem --craft_batch 256 --fast_gradmatch
    Jacobian score enabled (weight=1.0, batch=64)
    budgets: 0.02

--- dpp | VGG13BN / sapa / frog-airplane | sharp worst sigma=0.05 | budget 0.02 ---
[2026-08-26 11:34:11] === run start: CIFAR10_VGG13BN_sapa_ours_frog-airplane_b0.02_eps8_seed42_lam1_cosine_seldpp2_jacw1_worst0.05_ce5_tgt12 on cuda [0] ===
[2026-08-26 11:34:11] args: {"FORCE": false, "attack": "sapa", "base": "ours", "base_dist": "cosine", "base_topr": null, "budget": 0.02, "cache_dir": "/tmp/attack_if/cache", "class_pair": "frog-airplane", "clean_baseline": true, "craft_alpha": 0.0039216, "craft_aug": true, "craft_batch": 256, "craft_ensemble": 5, "craft_lowmem": true, "craft_schedule": false, "craft_steps": 250, "data_path": "/tmp/data", "dataset": "CIFAR10", "dsa_strategy": "color_crop_cutout_flip_scale_rotate", "epsilon": 0.0313725, "fast_gradmatch": true, "fc_mode": "sample", "fc_restarts": 1, "gpus": "all", "jacobian_batch_size": 64, "jacobian_weight": 1.0, "lambda_margin": 1.0, "model": "VGG13BN", "no_resume": false, "num_poisons": 500, "num_surrogates": 20, "num_targets": 8, "num_victims": 6, "out_dir": "/tmp/attack_if/ours_result", "pair_order": "poison-target", "parallel_pretrain": true, "parallel_targets": true, "precompute_id": null, "precompute_only": false, "precompute_part": "both", "rank_on_victims": true, "recompute_deltas": false, "require_correct_target": false, "restarts": 8, "seed": 42, "sel_K": null, "sel_alpha": 2.0, "sel_criterion": null, "sel_dpp": true, "sel_filter": false, "sel_mmr": false, "sel_mode": "dpp", "sel_model": null, "sel_mu": 1.0, "sel_pca": false, "sel_pool": 3.0, "sharp_mode": "worst", "sharp_samples": 20, "sharp_sigma": 0.05, "steal_timeout": 7200.0, "surrogate_aug": false, "surrogate_bs": 128, "surrogate_decay": [35, 45], "surrogate_epochs": 60, "surrogate_lr": 0.1, "surrogate_wd": 0.0, "target_idx_file": "target_sets/VGG13BN_gradmatch_frog-airplane.json", "target_select": 12, "use_jacobian_score": true, "victim_aug": false, "victim_bs": 125, "victim_decay": [40], "victim_epochs": 50, "victim_lr": 0.1, "victim_wd": 0.0}
[2026-08-26 11:34:11] Jacobian score: enabled, weight=1, batch_size=64
[2026-08-26 11:34:11] N_total=50000 budget=0.02 -> N_p=1000 poisons, y_adv=6(frog) target_class=0(airplane)
[2026-08-26 11:34:11] === surrogates (20 x VGG13BN, trained on the full real set) ===
[2026-08-26 11:34:13]   crafting on 5/20 surrogates
[2026-08-26 11:34:13] === clean victims (6 x VGG13BN) ===
[2026-08-26 11:34:15]   clean baseline CTA = 0.8476 +/- 0.0158
[2026-08-26 11:34:15]   target pool 1000 -> eligible 999 (1 already predicted as y_adv or dropped)
[2026-08-26 11:34:15]   chosen 8 targets (file), p_adv range 0.0001..0.0001
[2026-08-26 11:34:15]   targets: [2783, 2507, 6738, 5787, 7815, 5074, 7356, 8267]
[2026-08-26 11:34:15] === target 2783 (1/8) ===
[2026-08-26 11:34:16]   Jacobian score exact backend: torch.func JVP
[2026-08-26 12:13:51]   target 2783: crafted 1000 poisons in 2359 s, obj=0.22609
[2026-08-26 12:13:51]   target 2783: realized linf = 0.03137 (8.00/255), budget = 8.00/255
[2026-08-26 12:15:32]   [t2783 v1/6] SUCCESS (pred=frog) CTA=0.8443
[2026-08-26 12:17:12]   [t2783 v2/6] SUCCESS (pred=frog) CTA=0.8584
[2026-08-26 12:18:52]   [t2783 v3/6] SUCCESS (pred=frog) CTA=0.8610
[2026-08-26 12:20:33]   [t2783 v4/6] SUCCESS (pred=frog) CTA=0.8476
[2026-08-26 12:22:13]   [t2783 v5/6] SUCCESS (pred=frog) CTA=0.8466
[2026-08-26 12:23:53]   [t2783 v6/6] SUCCESS (pred=frog) CTA=0.8458
[2026-08-26 12:23:53]   target 2783, 6 victims on this gpu: ASR=100.0% CTA=0.8506 +/- 0.0065
[2026-08-26 12:23:53] === target 2507 (2/8) ===
[2026-08-26 13:03:22]   target 2507: crafted 1000 poisons in 2352 s, obj=0.30476
[2026-08-26 13:03:22]   target 2507: realized linf = 0.03137 (8.00/255), budget = 8.00/255
[2026-08-26 13:05:04]   [t2507 v1/6] SUCCESS (pred=frog) CTA=0.8493
[2026-08-26 13:06:45]   [t2507 v2/6] SUCCESS (pred=frog) CTA=0.8468
[2026-08-26 13:08:25]   [t2507 v3/6] SUCCESS (pred=frog) CTA=0.8576
[2026-08-26 13:10:05]   [t2507 v4/6] SUCCESS (pred=frog) CTA=0.8572
[2026-08-26 13:11:46]   [t2507 v5/6] SUCCESS (pred=frog) CTA=0.8623
[2026-08-26 13:13:26]   [t2507 v6/6] SUCCESS (pred=frog) CTA=0.8598
[2026-08-26 13:13:26]   target 2507, 6 victims on this gpu: ASR=100.0% CTA=0.8555 +/- 0.0056
[2026-08-26 13:13:26] === target 6738 (3/8) ===
[2026-08-26 13:53:13]   target 6738: crafted 1000 poisons in 2370 s, obj=0.38923
[2026-08-26 13:53:13]   target 6738: realized linf = 0.03137 (8.00/255), budget = 8.00/255
[2026-08-26 13:54:56]   [t6738 v1/6] SUCCESS (pred=frog) CTA=0.8532
[2026-08-26 13:56:36]   [t6738 v2/6] fail (pred=airplane) CTA=0.8456
[2026-08-26 13:58:17]   [t6738 v3/6] fail (pred=airplane) CTA=0.8578
[2026-08-26 13:59:57]   [t6738 v4/6] fail (pred=airplane) CTA=0.8572
[2026-08-26 14:01:38]   [t6738 v5/6] fail (pred=airplane) CTA=0.8522
[2026-08-26 14:03:18]   [t6738 v6/6] fail (pred=airplane) CTA=0.8576
[2026-08-26 14:03:18]   target 6738, 6 victims on this gpu: ASR=16.7% CTA=0.8539 +/- 0.0043
[2026-08-26 14:03:18] === target 5787 (4/8) ===
[2026-08-26 14:42:51]   target 5787: crafted 1000 poisons in 2356 s, obj=0.29987
[2026-08-26 14:42:51]   target 5787: realized linf = 0.03137 (8.00/255), budget = 8.00/255
[2026-08-26 14:44:34]   [t5787 v1/6] SUCCESS (pred=frog) CTA=0.8493
[2026-08-26 14:46:14]   [t5787 v2/6] SUCCESS (pred=frog) CTA=0.8448
[2026-08-26 14:47:54]   [t5787 v3/6] SUCCESS (pred=frog) CTA=0.8504
[2026-08-26 14:49:35]   [t5787 v4/6] SUCCESS (pred=frog) CTA=0.8475
[2026-08-26 14:51:15]   [t5787 v5/6] SUCCESS (pred=frog) CTA=0.8442
[2026-08-26 14:52:56]   [t5787 v6/6] SUCCESS (pred=frog) CTA=0.8361
[2026-08-26 14:52:56]   target 5787, 6 victims on this gpu: ASR=100.0% CTA=0.8454 +/- 0.0047
[2026-08-26 14:52:56] === target 7815 (5/8) ===
[2026-08-26 15:32:19]   target 7815: crafted 1000 poisons in 2347 s, obj=0.20316
[2026-08-26 15:32:19]   target 7815: realized linf = 0.03137 (8.00/255), budget = 8.00/255
[2026-08-26 15:34:01]   [t7815 v1/6] SUCCESS (pred=frog) CTA=0.8603
[2026-08-26 15:35:42]   [t7815 v2/6] SUCCESS (pred=frog) CTA=0.8492
[2026-08-26 15:37:22]   [t7815 v3/6] SUCCESS (pred=frog) CTA=0.8559
[2026-08-26 15:39:03]   [t7815 v4/6] SUCCESS (pred=frog) CTA=0.8626
[2026-08-26 15:40:44]   [t7815 v5/6] SUCCESS (pred=frog) CTA=0.8506
[2026-08-26 15:42:24]   [t7815 v6/6] SUCCESS (pred=frog) CTA=0.8635
[2026-08-26 15:42:24]   target 7815, 6 victims on this gpu: ASR=100.0% CTA=0.8570 +/- 0.0056
[2026-08-26 15:42:24] === target 5074 (6/8) ===
[2026-08-26 16:21:45]   target 5074: crafted 1000 poisons in 2344 s, obj=0.24354
[2026-08-26 16:21:45]   target 5074: realized linf = 0.03137 (8.00/255), budget = 8.00/255
[2026-08-26 16:23:27]   [t5074 v1/6] SUCCESS (pred=frog) CTA=0.8493
[2026-08-26 16:25:08]   [t5074 v2/6] SUCCESS (pred=frog) CTA=0.8479
[2026-08-26 16:26:48]   [t5074 v3/6] SUCCESS (pred=frog) CTA=0.8438
[2026-08-26 16:28:29]   [t5074 v4/6] SUCCESS (pred=frog) CTA=0.8487
[2026-08-26 16:30:09]   [t5074 v5/6] SUCCESS (pred=frog) CTA=0.8641
[2026-08-26 16:31:49]   [t5074 v6/6] SUCCESS (pred=frog) CTA=0.8569
[2026-08-26 16:31:49]   target 5074, 6 victims on this gpu: ASR=100.0% CTA=0.8518 +/- 0.0067
[2026-08-26 16:31:49] === target 7356 (7/8) ===
[2026-08-26 17:11:22]   target 7356: crafted 1000 poisons in 2356 s, obj=0.25793
[2026-08-26 17:11:22]   target 7356: realized linf = 0.03137 (8.00/255), budget = 8.00/255
[2026-08-26 17:13:05]   [t7356 v1/6] SUCCESS (pred=frog) CTA=0.8525
[2026-08-26 17:14:45]   [t7356 v2/6] SUCCESS (pred=frog) CTA=0.8569
[2026-08-26 17:16:26]   [t7356 v3/6] SUCCESS (pred=frog) CTA=0.8531
[2026-08-26 17:18:06]   [t7356 v4/6] SUCCESS (pred=frog) CTA=0.8573
[2026-08-26 17:19:47]   [t7356 v5/6] SUCCESS (pred=frog) CTA=0.8482
[2026-08-26 17:21:28]   [t7356 v6/6] SUCCESS (pred=frog) CTA=0.8508
[2026-08-26 17:21:28]   target 7356, 6 victims on this gpu: ASR=100.0% CTA=0.8531 +/- 0.0032
[2026-08-26 17:21:28] === target 8267 (8/8) ===
