stage: optional directory absent: /home/mmoslem3/scratch/attack_if/ours_result/CIFAR10_ResNet20BN_gradmatch_ours_frog-airplane_b0.02_eps8_seed42_lam1_cosine_jacw1_ce5_tgt10
job: 5033553 b2040_attack_029_resnet20_gradmatch_frog_airplane_b0_02_ours_j on kn089
work: /tmp/attack_if
config: USE_JACOBIAN_SCORE=1 JACOBIAN_WEIGHT=1.0 JACOBIAN_BATCH_SIZE=64 CLASS_PAIR=frog-airplane MODEL=ResNet20BN ATTACK=gradmatch BUDGETS=0.02 SELECT=ours SEL_ALPHA=2.0 NUM_TARGETS=8 NUM_VICTIMS=6 sh sel_dpp.sh
protocol: attack=8 targets x 6 victims
gpu: NVIDIA L40S
=== ours (plain greedy top-N_p by score) | ResNet20BN / gradmatch / frog-airplane ===
    targets: pinned from target_sets/ResNet20BN_gradmatch_frog-airplane.json (same 10 the random-base run attacked)
    difficulty label tgt10   craft flags: none
    Jacobian score enabled (weight=1.0, batch=64)
    budgets: 0.02

--- ours | ResNet20BN / gradmatch / frog-airplane | budget 0.02 ---
[2026-08-26 10:53:31] === run start: CIFAR10_ResNet20BN_gradmatch_ours_frog-airplane_b0.02_eps8_seed42_lam1_cosine_jacw1_ce5_tgt10 on cuda [0] ===
[2026-08-26 10:53:31] args: {"FORCE": false, "attack": "gradmatch", "base": "ours", "base_dist": "cosine", "base_topr": null, "budget": 0.02, "cache_dir": "/tmp/attack_if/cache", "class_pair": "frog-airplane", "clean_baseline": true, "craft_alpha": 0.0039216, "craft_aug": true, "craft_batch": 256, "craft_ensemble": 5, "craft_lowmem": false, "craft_schedule": false, "craft_steps": 250, "data_path": "/tmp/data", "dataset": "CIFAR10", "dsa_strategy": "color_crop_cutout_flip_scale_rotate", "epsilon": 0.0313725, "fast_gradmatch": false, "fc_mode": "sample", "fc_restarts": 1, "gpus": "all", "jacobian_batch_size": 64, "jacobian_weight": 1.0, "lambda_margin": 1.0, "model": "ResNet20BN", "no_resume": false, "num_poisons": 500, "num_surrogates": 20, "num_targets": 8, "num_victims": 6, "out_dir": "/tmp/attack_if/ours_result", "pair_order": "poison-target", "parallel_pretrain": true, "parallel_targets": true, "precompute_id": null, "precompute_only": false, "precompute_part": "both", "rank_on_victims": true, "recompute_deltas": false, "require_correct_target": false, "restarts": 8, "seed": 42, "sel_K": null, "sel_alpha": 1.0, "sel_criterion": null, "sel_dpp": false, "sel_filter": false, "sel_mmr": false, "sel_mode": null, "sel_model": null, "sel_mu": 1.0, "sel_pca": false, "sel_pool": 3.0, "sharp_mode": "worst", "sharp_samples": 20, "sharp_sigma": 0.05, "steal_timeout": 7200.0, "surrogate_aug": false, "surrogate_bs": 128, "surrogate_decay": [35, 45], "surrogate_epochs": 60, "surrogate_lr": 0.1, "surrogate_wd": 0.0, "target_idx_file": "target_sets/ResNet20BN_gradmatch_frog-airplane.json", "target_select": 10, "use_jacobian_score": true, "victim_aug": false, "victim_bs": 125, "victim_decay": [40], "victim_epochs": 50, "victim_lr": 0.1, "victim_wd": 0.0}
[2026-08-26 10:53:31] Jacobian score: enabled, weight=1, batch_size=64
[2026-08-26 10:53:31] N_total=50000 budget=0.02 -> N_p=1000 poisons, y_adv=6(frog) target_class=0(airplane)
[2026-08-26 10:53:31] === surrogates (20 x ResNet20BN, trained on the full real set) ===
[2026-08-26 10:53:32]   crafting on 5/20 surrogates
[2026-08-26 10:53:32] === clean victims (6 x ResNet20BN) ===
[2026-08-26 10:53:32]   clean baseline CTA = 0.8394 +/- 0.0032
[2026-08-26 10:53:33]   target pool 1000 -> eligible 998 (2 already predicted as y_adv or dropped)
[2026-08-26 10:53:33]   chosen 8 targets (file), p_adv range 0.0001..0.0001
[2026-08-26 10:53:33]   targets: [9235, 338, 255, 3207, 8563, 912, 4639, 2570]
[2026-08-26 10:53:33] === target 9235 (1/8) ===
[2026-08-26 10:53:34]   Jacobian score exact backend: torch.func JVP
[2026-08-26 11:29:07]   target 9235: crafted 1000 poisons in 2111 s, obj=0.19937
[2026-08-26 11:29:07]   target 9235: realized linf = 0.03137 (8.00/255), budget = 8.00/255
[2026-08-26 11:31:19]   [t9235 v1/6] SUCCESS (pred=frog) CTA=0.8376
[2026-08-26 11:33:32]   [t9235 v2/6] SUCCESS (pred=frog) CTA=0.8374
[2026-08-26 11:35:43]   [t9235 v3/6] SUCCESS (pred=frog) CTA=0.8323
[2026-08-26 11:37:55]   [t9235 v4/6] SUCCESS (pred=frog) CTA=0.8332
[2026-08-26 11:40:07]   [t9235 v5/6] SUCCESS (pred=frog) CTA=0.8319
[2026-08-26 11:42:19]   [t9235 v6/6] SUCCESS (pred=frog) CTA=0.8360
[2026-08-26 11:42:19]   target 9235, 6 victims on this gpu: ASR=100.0% CTA=0.8347 +/- 0.0024
[2026-08-26 11:42:19] === target 338 (2/8) ===
[2026-08-26 12:17:51]   target 338: crafted 1000 poisons in 2110 s, obj=0.20343
[2026-08-26 12:17:51]   target 338: realized linf = 0.03137 (8.00/255), budget = 8.00/255
[2026-08-26 12:20:05]   [t338 v1/6] SUCCESS (pred=frog) CTA=0.8391
[2026-08-26 12:22:18]   [t338 v2/6] SUCCESS (pred=frog) CTA=0.8389
[2026-08-26 12:24:31]   [t338 v3/6] SUCCESS (pred=frog) CTA=0.8340
[2026-08-26 12:26:44]   [t338 v4/6] fail (pred=airplane) CTA=0.8324
[2026-08-26 12:28:57]   [t338 v5/6] SUCCESS (pred=frog) CTA=0.8373
[2026-08-26 12:31:12]   [t338 v6/6] SUCCESS (pred=frog) CTA=0.8327
[2026-08-26 12:31:12]   target 338, 6 victims on this gpu: ASR=83.3% CTA=0.8357 +/- 0.0028
[2026-08-26 12:31:12] === target 255 (3/8) ===
[2026-08-26 13:06:45]   target 255: crafted 1000 poisons in 2111 s, obj=0.19567
[2026-08-26 13:06:45]   target 255: realized linf = 0.03137 (8.00/255), budget = 8.00/255
[2026-08-26 13:08:59]   [t255 v1/6] SUCCESS (pred=frog) CTA=0.8402
[2026-08-26 13:11:14]   [t255 v2/6] SUCCESS (pred=frog) CTA=0.8374
[2026-08-26 13:13:29]   [t255 v3/6] SUCCESS (pred=frog) CTA=0.8372
[2026-08-26 13:15:44]   [t255 v4/6] SUCCESS (pred=frog) CTA=0.8393
[2026-08-26 13:17:59]   [t255 v5/6] SUCCESS (pred=frog) CTA=0.8331
[2026-08-26 13:20:12]   [t255 v6/6] fail (pred=airplane) CTA=0.8348
[2026-08-26 13:20:12]   target 255, 6 victims on this gpu: ASR=83.3% CTA=0.8370 +/- 0.0024
[2026-08-26 13:20:12] === target 3207 (4/8) ===
[2026-08-26 13:55:45]   target 3207: crafted 1000 poisons in 2110 s, obj=0.18370
[2026-08-26 13:55:45]   target 3207: realized linf = 0.03137 (8.00/255), budget = 8.00/255
[2026-08-26 13:58:00]   [t3207 v1/6] SUCCESS (pred=frog) CTA=0.8419
[2026-08-26 14:00:14]   [t3207 v2/6] SUCCESS (pred=frog) CTA=0.8340
[2026-08-26 14:02:27]   [t3207 v3/6] fail (pred=automobile) CTA=0.8333
[2026-08-26 14:04:42]   [t3207 v4/6] SUCCESS (pred=frog) CTA=0.8345
[2026-08-26 14:06:55]   [t3207 v5/6] SUCCESS (pred=frog) CTA=0.8321
[2026-08-26 14:09:09]   [t3207 v6/6] SUCCESS (pred=frog) CTA=0.8333
[2026-08-26 14:09:09]   target 3207, 6 victims on this gpu: ASR=83.3% CTA=0.8348 +/- 0.0032
[2026-08-26 14:09:09] === target 8563 (5/8) ===
[2026-08-26 14:44:43]   target 8563: crafted 1000 poisons in 2111 s, obj=0.16765
[2026-08-26 14:44:43]   target 8563: realized linf = 0.03137 (8.00/255), budget = 8.00/255
[2026-08-26 14:46:58]   [t8563 v1/6] SUCCESS (pred=frog) CTA=0.8355
[2026-08-26 14:49:11]   [t8563 v2/6] SUCCESS (pred=frog) CTA=0.8343
[2026-08-26 14:51:25]   [t8563 v3/6] SUCCESS (pred=frog) CTA=0.8302
[2026-08-26 14:53:40]   [t8563 v4/6] fail (pred=airplane) CTA=0.8360
[2026-08-26 14:55:53]   [t8563 v5/6] SUCCESS (pred=frog) CTA=0.8365
[2026-08-26 14:58:06]   [t8563 v6/6] SUCCESS (pred=frog) CTA=0.8374
[2026-08-26 14:58:06]   target 8563, 6 victims on this gpu: ASR=83.3% CTA=0.8350 +/- 0.0023
[2026-08-26 14:58:06] === target 912 (6/8) ===
[2026-08-26 15:33:40]   target 912: crafted 1000 poisons in 2112 s, obj=0.18151
[2026-08-26 15:33:40]   target 912: realized linf = 0.03137 (8.00/255), budget = 8.00/255
[2026-08-26 15:35:53]   [t912 v1/6] SUCCESS (pred=frog) CTA=0.8300
[2026-08-26 15:38:04]   [t912 v2/6] SUCCESS (pred=frog) CTA=0.8391
[2026-08-26 15:40:15]   [t912 v3/6] SUCCESS (pred=frog) CTA=0.8379
[2026-08-26 15:42:26]   [t912 v4/6] fail (pred=bird) CTA=0.8374
[2026-08-26 15:44:36]   [t912 v5/6] fail (pred=cat) CTA=0.8312
[2026-08-26 15:46:47]   [t912 v6/6] fail (pred=bird) CTA=0.8342
[2026-08-26 15:46:47]   target 912, 6 victims on this gpu: ASR=50.0% CTA=0.8350 +/- 0.0034
[2026-08-26 15:46:47] === target 4639 (7/8) ===
[2026-08-26 16:22:17]   target 4639: crafted 1000 poisons in 2108 s, obj=0.17092
[2026-08-26 16:22:17]   target 4639: realized linf = 0.03137 (8.00/255), budget = 8.00/255
[2026-08-26 16:24:29]   [t4639 v1/6] SUCCESS (pred=frog) CTA=0.8313
[2026-08-26 16:26:40]   [t4639 v2/6] SUCCESS (pred=frog) CTA=0.8382
[2026-08-26 16:28:51]   [t4639 v3/6] SUCCESS (pred=frog) CTA=0.8389
[2026-08-26 16:31:02]   [t4639 v4/6] SUCCESS (pred=frog) CTA=0.8352
[2026-08-26 16:33:12]   [t4639 v5/6] SUCCESS (pred=frog) CTA=0.8348
[2026-08-26 16:35:23]   [t4639 v6/6] SUCCESS (pred=frog) CTA=0.8399
[2026-08-26 16:35:23]   target 4639, 6 victims on this gpu: ASR=100.0% CTA=0.8364 +/- 0.0029
[2026-08-26 16:35:23] === target 2570 (8/8) ===
[2026-08-26 17:10:48]   target 2570: crafted 1000 poisons in 2102 s, obj=0.22906
[2026-08-26 17:10:48]   target 2570: realized linf = 0.03137 (8.00/255), budget = 8.00/255
[2026-08-26 17:12:59]   [t2570 v1/6] SUCCESS (pred=frog) CTA=0.8352
[2026-08-26 17:15:11]   [t2570 v2/6] SUCCESS (pred=frog) CTA=0.8413
[2026-08-26 17:17:22]   [t2570 v3/6] SUCCESS (pred=frog) CTA=0.8353
[2026-08-26 17:19:33]   [t2570 v4/6] SUCCESS (pred=frog) CTA=0.8310
[2026-08-26 17:21:44]   [t2570 v5/6] SUCCESS (pred=frog) CTA=0.8416
[2026-08-26 17:23:55]   [t2570 v6/6] SUCCESS (pred=frog) CTA=0.8414
[2026-08-26 17:23:55]   target 2570, 6 victims on this gpu: ASR=100.0% CTA=0.8376 +/- 0.0041
[2026-08-26 17:23:55] ==== CIFAR10_ResNet20BN_gradmatch_ours_frog-airplane_b0.02_eps8_seed42_lam1_cosine_jacw1_ce5_tgt10 : ASR = 85.4% +/- 15.5% | CTA = 0.8358 (baseline 0.8394) ====
[2026-08-26 17:23:55]   target-prediction tally ['airplane', 'automobile', 'bird', 'cat', 'deer', 'dog', 'frog', 'horse', 'ship', 'truck']: [3, 1, 2, 1, 0, 0, 41, 0, 0, 0]

sync: preserving outputs in /home/mmoslem3/scratch/attack_if
sync: complete
