stage: optional directory absent: /home/mmoslem3/scratch/attack_if/ours_result/CIFAR10_ResNet20BN_gradmatch_ours_frog-airplane_b0.04_eps8_seed42_lam1_cosine_jacw1_ce5_tgt10
job: 5033577 b2040_attack_053_resnet20_gradmatch_frog_airplane_b0_04_ours_j on kn026
work: /tmp/attack_if
config: USE_JACOBIAN_SCORE=1 JACOBIAN_WEIGHT=1.0 JACOBIAN_BATCH_SIZE=64 CLASS_PAIR=frog-airplane MODEL=ResNet20BN ATTACK=gradmatch BUDGETS=0.04 SELECT=ours SEL_ALPHA=2.0 NUM_TARGETS=8 NUM_VICTIMS=6 sh sel_dpp.sh
protocol: attack=8 targets x 6 victims
gpu: NVIDIA L40S
=== ours (plain greedy top-N_p by score) | ResNet20BN / gradmatch / frog-airplane ===
    targets: pinned from target_sets/ResNet20BN_gradmatch_frog-airplane.json (same 10 the random-base run attacked)
    difficulty label tgt10   craft flags: none
    Jacobian score enabled (weight=1.0, batch=64)
    budgets: 0.04

--- ours | ResNet20BN / gradmatch / frog-airplane | budget 0.04 ---
[2026-08-26 11:40:43] === run start: CIFAR10_ResNet20BN_gradmatch_ours_frog-airplane_b0.04_eps8_seed42_lam1_cosine_jacw1_ce5_tgt10 on cuda [0] ===
[2026-08-26 11:40:43] args: {"FORCE": false, "attack": "gradmatch", "base": "ours", "base_dist": "cosine", "base_topr": null, "budget": 0.04, "cache_dir": "/tmp/attack_if/cache", "class_pair": "frog-airplane", "clean_baseline": true, "craft_alpha": 0.0039216, "craft_aug": true, "craft_batch": 256, "craft_ensemble": 5, "craft_lowmem": false, "craft_schedule": false, "craft_steps": 250, "data_path": "/tmp/data", "dataset": "CIFAR10", "dsa_strategy": "color_crop_cutout_flip_scale_rotate", "epsilon": 0.0313725, "fast_gradmatch": false, "fc_mode": "sample", "fc_restarts": 1, "gpus": "all", "jacobian_batch_size": 64, "jacobian_weight": 1.0, "lambda_margin": 1.0, "model": "ResNet20BN", "no_resume": false, "num_poisons": 500, "num_surrogates": 20, "num_targets": 8, "num_victims": 6, "out_dir": "/tmp/attack_if/ours_result", "pair_order": "poison-target", "parallel_pretrain": true, "parallel_targets": true, "precompute_id": null, "precompute_only": false, "precompute_part": "both", "rank_on_victims": true, "recompute_deltas": false, "require_correct_target": false, "restarts": 8, "seed": 42, "sel_K": null, "sel_alpha": 1.0, "sel_criterion": null, "sel_dpp": false, "sel_filter": false, "sel_mmr": false, "sel_mode": null, "sel_model": null, "sel_mu": 1.0, "sel_pca": false, "sel_pool": 3.0, "sharp_mode": "worst", "sharp_samples": 20, "sharp_sigma": 0.05, "steal_timeout": 7200.0, "surrogate_aug": false, "surrogate_bs": 128, "surrogate_decay": [35, 45], "surrogate_epochs": 60, "surrogate_lr": 0.1, "surrogate_wd": 0.0, "target_idx_file": "target_sets/ResNet20BN_gradmatch_frog-airplane.json", "target_select": 10, "use_jacobian_score": true, "victim_aug": false, "victim_bs": 125, "victim_decay": [40], "victim_epochs": 50, "victim_lr": 0.1, "victim_wd": 0.0}
[2026-08-26 11:40:43] Jacobian score: enabled, weight=1, batch_size=64
[2026-08-26 11:40:43] N_total=50000 budget=0.04 -> N_p=2000 poisons, y_adv=6(frog) target_class=0(airplane)
[2026-08-26 11:40:43] === surrogates (20 x ResNet20BN, trained on the full real set) ===
[2026-08-26 11:40:44]   crafting on 5/20 surrogates
[2026-08-26 11:40:44] === clean victims (6 x ResNet20BN) ===
[2026-08-26 11:40:45]   clean baseline CTA = 0.8394 +/- 0.0032
[2026-08-26 11:40:45]   target pool 1000 -> eligible 998 (2 already predicted as y_adv or dropped)
[2026-08-26 11:40:45]   chosen 8 targets (file), p_adv range 0.0001..0.0001
[2026-08-26 11:40:45]   targets: [9235, 338, 255, 3207, 8563, 912, 4639, 2570]
[2026-08-26 11:40:45] === target 9235 (1/8) ===
[2026-08-26 11:40:46]   Jacobian score exact backend: torch.func JVP
[2026-08-26 12:56:54]   target 9235: crafted 2000 poisons in 4545 s, obj=0.19805
[2026-08-26 12:56:54]   target 9235: realized linf = 0.03137 (8.00/255), budget = 8.00/255
[2026-08-26 12:59:10]   [t9235 v1/6] SUCCESS (pred=frog) CTA=0.8241
[2026-08-26 13:01:25]   [t9235 v2/6] SUCCESS (pred=frog) CTA=0.8293
[2026-08-26 13:03:41]   [t9235 v3/6] SUCCESS (pred=frog) CTA=0.8286
[2026-08-26 13:05:57]   [t9235 v4/6] SUCCESS (pred=frog) CTA=0.8338
[2026-08-26 13:08:13]   [t9235 v5/6] SUCCESS (pred=frog) CTA=0.8373
[2026-08-26 13:10:30]   [t9235 v6/6] SUCCESS (pred=frog) CTA=0.8303
[2026-08-26 13:10:30]   target 9235, 6 victims on this gpu: ASR=100.0% CTA=0.8306 +/- 0.0041
[2026-08-26 13:10:30] === target 338 (2/8) ===
[2026-08-26 14:26:34]   target 338: crafted 2000 poisons in 4540 s, obj=0.20384
[2026-08-26 14:26:34]   target 338: realized linf = 0.03137 (8.00/255), budget = 8.00/255
[2026-08-26 14:28:47]   [t338 v1/6] SUCCESS (pred=frog) CTA=0.8280
[2026-08-26 14:30:59]   [t338 v2/6] SUCCESS (pred=frog) CTA=0.8372
[2026-08-26 14:33:12]   [t338 v3/6] SUCCESS (pred=frog) CTA=0.8361
[2026-08-26 14:35:24]   [t338 v4/6] SUCCESS (pred=frog) CTA=0.8376
[2026-08-26 14:37:36]   [t338 v5/6] SUCCESS (pred=frog) CTA=0.8380
[2026-08-26 14:39:47]   [t338 v6/6] SUCCESS (pred=frog) CTA=0.8298
[2026-08-26 14:39:47]   target 338, 6 victims on this gpu: ASR=100.0% CTA=0.8344 +/- 0.0040
[2026-08-26 14:39:47] === target 255 (3/8) ===
[2026-08-26 15:55:55]   target 255: crafted 2000 poisons in 4546 s, obj=0.19067
[2026-08-26 15:55:55]   target 255: realized linf = 0.03137 (8.00/255), budget = 8.00/255
[2026-08-26 15:58:17]   [t255 v1/6] SUCCESS (pred=frog) CTA=0.8326
[2026-08-26 16:00:40]   [t255 v2/6] SUCCESS (pred=frog) CTA=0.8322
[2026-08-26 16:03:03]   [t255 v3/6] fail (pred=airplane) CTA=0.8279
[2026-08-26 16:05:25]   [t255 v4/6] SUCCESS (pred=frog) CTA=0.8327
[2026-08-26 16:07:48]   [t255 v5/6] SUCCESS (pred=frog) CTA=0.8319
[2026-08-26 16:10:11]   [t255 v6/6] SUCCESS (pred=frog) CTA=0.8268
[2026-08-26 16:10:11]   target 255, 6 victims on this gpu: ASR=83.3% CTA=0.8307 +/- 0.0024
[2026-08-26 16:10:11] === target 3207 (4/8) ===
