job: 5033527 b2040_attack_005_resnet20_fc_frog_airplane_b0_02_ours_j on kn054
work: /tmp/attack_if
config: USE_JACOBIAN_SCORE=1 JACOBIAN_WEIGHT=1.0 JACOBIAN_BATCH_SIZE=64 CLASS_PAIR=frog-airplane MODEL=ResNet20BN ATTACK=fc BUDGETS=0.02 SELECT=ours SEL_ALPHA=2.0 NUM_TARGETS=8 NUM_VICTIMS=6 sh sel_dpp.sh
protocol: attack=8 targets x 6 victims
gpu: NVIDIA L40S
=== ours (plain greedy top-N_p by score) | ResNet20BN / fc / frog-airplane ===
    targets: pinned from target_sets/ResNet20BN_fc_frog-airplane.json (same 10 the random-base run attacked)
    difficulty label tgt2   craft flags: none
    Jacobian score enabled (weight=1.0, batch=64)
    budgets: 0.02

--- ours | ResNet20BN / fc / frog-airplane | budget 0.02 ---
[2026-08-26 10:42:44] === run start: CIFAR10_ResNet20BN_fc_ours_frog-airplane_b0.02_eps8_seed42_lam1_cosine_jacw1_ce5_tgt2 on cuda [0] ===
[2026-08-26 10:42:44] args: {"FORCE": false, "attack": "fc", "base": "ours", "base_dist": "cosine", "base_topr": null, "budget": 0.02, "cache_dir": "/tmp/attack_if/cache", "class_pair": "frog-airplane", "clean_baseline": true, "craft_alpha": 0.0039216, "craft_aug": true, "craft_batch": 256, "craft_ensemble": 5, "craft_lowmem": false, "craft_schedule": false, "craft_steps": 250, "data_path": "/tmp/data", "dataset": "CIFAR10", "dsa_strategy": "color_crop_cutout_flip_scale_rotate", "epsilon": 0.0313725, "fast_gradmatch": false, "fc_mode": "sample", "fc_restarts": 1, "gpus": "all", "jacobian_batch_size": 64, "jacobian_weight": 1.0, "lambda_margin": 1.0, "model": "ResNet20BN", "no_resume": false, "num_poisons": 500, "num_surrogates": 20, "num_targets": 8, "num_victims": 6, "out_dir": "/tmp/attack_if/ours_result", "pair_order": "poison-target", "parallel_pretrain": true, "parallel_targets": true, "precompute_id": null, "precompute_only": false, "precompute_part": "both", "rank_on_victims": true, "recompute_deltas": false, "require_correct_target": false, "restarts": 8, "seed": 42, "sel_K": null, "sel_alpha": 1.0, "sel_criterion": null, "sel_dpp": false, "sel_filter": false, "sel_mmr": false, "sel_mode": null, "sel_model": null, "sel_mu": 1.0, "sel_pca": false, "sel_pool": 3.0, "sharp_mode": "worst", "sharp_samples": 20, "sharp_sigma": 0.05, "steal_timeout": 7200.0, "surrogate_aug": false, "surrogate_bs": 128, "surrogate_decay": [35, 45], "surrogate_epochs": 60, "surrogate_lr": 0.1, "surrogate_wd": 0.0, "target_idx_file": "target_sets/ResNet20BN_fc_frog-airplane.json", "target_select": 2, "use_jacobian_score": true, "victim_aug": false, "victim_bs": 125, "victim_decay": [40], "victim_epochs": 50, "victim_lr": 0.1, "victim_wd": 0.0}
[2026-08-26 10:42:44] Jacobian score: enabled, weight=1, batch_size=64
[2026-08-26 10:42:44] N_total=50000 budget=0.02 -> N_p=1000 poisons, y_adv=6(frog) target_class=0(airplane)
[2026-08-26 10:42:44] === surrogates (20 x ResNet20BN, trained on the full real set) ===
[2026-08-26 10:42:44]   crafting on 5/20 surrogates
[2026-08-26 10:42:44] === clean victims (6 x ResNet20BN) ===
[2026-08-26 10:42:45]   clean baseline CTA = 0.8394 +/- 0.0032
[2026-08-26 10:42:45]   target pool 1000 -> eligible 998 (2 already predicted as y_adv or dropped)
[2026-08-26 10:42:45]   chosen 8 targets (file), p_adv range 0.0220..0.0471
[2026-08-26 10:42:45]   targets: [9273, 2535, 4118, 5462, 8476, 3342, 313, 4490]
[2026-08-26 10:42:45]   merged 2 rows left behind by an interrupted run
[2026-08-26 10:42:45]   resume: 2 (target, victim) trials already done
[2026-08-26 10:42:45] === target 9273 (1/8) ===
[2026-08-26 10:42:45]   target 9273: realized linf = 0.03137 (8.00/255), budget = 8.00/255
[2026-08-26 10:44:56]   [t9273 v3/6] SUCCESS (pred=frog) CTA=0.8382
[2026-08-26 10:47:06]   [t9273 v4/6] SUCCESS (pred=frog) CTA=0.8319
[2026-08-26 10:49:17]   [t9273 v5/6] fail (pred=horse) CTA=0.8358
[2026-08-26 10:51:29]   [t9273 v6/6] fail (pred=horse) CTA=0.8337
[2026-08-26 10:51:29]   target 9273, 4 victims on this gpu: ASR=50.0% CTA=0.8349 +/- 0.0024
[2026-08-26 10:51:29] === target 2535 (2/8) ===
[2026-08-26 10:51:30]   Jacobian score exact backend: torch.func JVP
[2026-08-26 10:52:14]   target 2535: crafted 1000 poisons in 23 s, obj=0.01761
[2026-08-26 10:52:14]   target 2535: realized linf = 0.03137 (8.00/255), budget = 8.00/255
[2026-08-26 10:54:27]   [t2535 v1/6] fail (pred=airplane) CTA=0.8324
[2026-08-26 10:56:38]   [t2535 v2/6] SUCCESS (pred=frog) CTA=0.8351
[2026-08-26 10:58:51]   [t2535 v3/6] SUCCESS (pred=frog) CTA=0.8416
[2026-08-26 11:01:03]   [t2535 v4/6] SUCCESS (pred=frog) CTA=0.8354
[2026-08-26 11:03:14]   [t2535 v5/6] SUCCESS (pred=frog) CTA=0.8356
[2026-08-26 11:05:26]   [t2535 v6/6] SUCCESS (pred=frog) CTA=0.8367
[2026-08-26 11:05:26]   target 2535, 6 victims on this gpu: ASR=83.3% CTA=0.8361 +/- 0.0028
[2026-08-26 11:05:26] === target 4118 (3/8) ===
[2026-08-26 11:06:10]   target 4118: crafted 1000 poisons in 23 s, obj=0.02439
[2026-08-26 11:06:10]   target 4118: realized linf = 0.03137 (8.00/255), budget = 8.00/255
[2026-08-26 11:08:22]   [t4118 v1/6] fail (pred=airplane) CTA=0.8406
[2026-08-26 11:10:33]   [t4118 v2/6] fail (pred=airplane) CTA=0.8328
[2026-08-26 11:12:46]   [t4118 v3/6] fail (pred=airplane) CTA=0.8320
[2026-08-26 11:14:58]   [t4118 v4/6] fail (pred=airplane) CTA=0.8390
[2026-08-26 11:17:11]   [t4118 v5/6] fail (pred=airplane) CTA=0.8369
[2026-08-26 11:19:22]   [t4118 v6/6] fail (pred=airplane) CTA=0.8392
[2026-08-26 11:19:22]   target 4118, 6 victims on this gpu: ASR=0.0% CTA=0.8367 +/- 0.0033
[2026-08-26 11:19:22] === target 5462 (4/8) ===
[2026-08-26 11:20:07]   target 5462: crafted 1000 poisons in 23 s, obj=0.02119
[2026-08-26 11:20:07]   target 5462: realized linf = 0.03137 (8.00/255), budget = 8.00/255
[2026-08-26 11:22:19]   [t5462 v1/6] fail (pred=airplane) CTA=0.8314
[2026-08-26 11:24:31]   [t5462 v2/6] SUCCESS (pred=frog) CTA=0.8388
[2026-08-26 11:26:42]   [t5462 v3/6] fail (pred=airplane) CTA=0.8395
[2026-08-26 11:28:54]   [t5462 v4/6] fail (pred=airplane) CTA=0.8370
[2026-08-26 11:31:05]   [t5462 v5/6] fail (pred=airplane) CTA=0.8384
[2026-08-26 11:33:17]   [t5462 v6/6] fail (pred=airplane) CTA=0.8415
[2026-08-26 11:33:17]   target 5462, 6 victims on this gpu: ASR=16.7% CTA=0.8378 +/- 0.0031
[2026-08-26 11:33:17] === target 8476 (5/8) ===
[2026-08-26 11:34:01]   target 8476: crafted 1000 poisons in 23 s, obj=0.01507
[2026-08-26 11:34:01]   target 8476: realized linf = 0.03137 (8.00/255), budget = 8.00/255
[2026-08-26 11:36:13]   [t8476 v1/6] SUCCESS (pred=frog) CTA=0.8350
[2026-08-26 11:38:25]   [t8476 v2/6] fail (pred=deer) CTA=0.8345
[2026-08-26 11:40:37]   [t8476 v3/6] fail (pred=airplane) CTA=0.8397
[2026-08-26 11:42:49]   [t8476 v4/6] SUCCESS (pred=frog) CTA=0.8317
[2026-08-26 11:45:00]   [t8476 v5/6] fail (pred=airplane) CTA=0.8361
[2026-08-26 11:47:12]   [t8476 v6/6] SUCCESS (pred=frog) CTA=0.8416
[2026-08-26 11:47:12]   target 8476, 6 victims on this gpu: ASR=50.0% CTA=0.8364 +/- 0.0033
[2026-08-26 11:47:12] === target 3342 (6/8) ===
[2026-08-26 11:47:56]   target 3342: crafted 1000 poisons in 23 s, obj=0.01989
[2026-08-26 11:47:56]   target 3342: realized linf = 0.03137 (8.00/255), budget = 8.00/255
