stage: optional directory absent: /home/mmoslem3/scratch/attack_if/ours_result/CIFAR10_VGG13BN_fc_ours_dog-bird_b0.04_eps8_seed42_lam1_cosine_jacw1_ce5_tgt3
job: 5033544 b2040_attack_020_vgg13_fc_dog_bird_b0_04_ours_j on kn118
work: /tmp/attack_if
config: USE_JACOBIAN_SCORE=1 JACOBIAN_WEIGHT=1.0 JACOBIAN_BATCH_SIZE=64 CLASS_PAIR=dog-bird MODEL=VGG13BN ATTACK=fc BUDGETS=0.04 SELECT=ours SEL_ALPHA=2.0 NUM_TARGETS=8 NUM_VICTIMS=6 sh sel_dpp.sh
protocol: attack=8 targets x 6 victims
gpu: NVIDIA L40S
=== ours (plain greedy top-N_p by score) | VGG13BN / fc / dog-bird ===
    targets: pinned from target_sets/VGG13BN_fc_dog-bird.json (same 10 the random-base run attacked)
    difficulty label tgt3   craft flags: none
    Jacobian score enabled (weight=1.0, batch=64)
    budgets: 0.04

--- ours | VGG13BN / fc / dog-bird | budget 0.04 ---
[2026-08-26 10:39:13] === run start: CIFAR10_VGG13BN_fc_ours_dog-bird_b0.04_eps8_seed42_lam1_cosine_jacw1_ce5_tgt3 on cuda [0] ===
[2026-08-26 10:39:13] args: {"FORCE": false, "attack": "fc", "base": "ours", "base_dist": "cosine", "base_topr": null, "budget": 0.04, "cache_dir": "/tmp/attack_if/cache", "class_pair": "dog-bird", "clean_baseline": true, "craft_alpha": 0.0039216, "craft_aug": true, "craft_batch": 256, "craft_ensemble": 5, "craft_lowmem": false, "craft_schedule": false, "craft_steps": 250, "data_path": "/tmp/data", "dataset": "CIFAR10", "dsa_strategy": "color_crop_cutout_flip_scale_rotate", "epsilon": 0.0313725, "fast_gradmatch": false, "fc_mode": "sample", "fc_restarts": 1, "gpus": "all", "jacobian_batch_size": 64, "jacobian_weight": 1.0, "lambda_margin": 1.0, "model": "VGG13BN", "no_resume": false, "num_poisons": 500, "num_surrogates": 20, "num_targets": 8, "num_victims": 6, "out_dir": "/tmp/attack_if/ours_result", "pair_order": "poison-target", "parallel_pretrain": true, "parallel_targets": true, "precompute_id": null, "precompute_only": false, "precompute_part": "both", "rank_on_victims": true, "recompute_deltas": false, "require_correct_target": false, "restarts": 8, "seed": 42, "sel_K": null, "sel_alpha": 1.0, "sel_criterion": null, "sel_dpp": false, "sel_filter": false, "sel_mmr": false, "sel_mode": null, "sel_model": null, "sel_mu": 1.0, "sel_pca": false, "sel_pool": 3.0, "sharp_mode": "worst", "sharp_samples": 20, "sharp_sigma": 0.05, "steal_timeout": 7200.0, "surrogate_aug": false, "surrogate_bs": 128, "surrogate_decay": [35, 45], "surrogate_epochs": 60, "surrogate_lr": 0.1, "surrogate_wd": 0.0, "target_idx_file": "target_sets/VGG13BN_fc_dog-bird.json", "target_select": 3, "use_jacobian_score": true, "victim_aug": false, "victim_bs": 125, "victim_decay": [40], "victim_epochs": 50, "victim_lr": 0.1, "victim_wd": 0.0}
[2026-08-26 10:39:13] Jacobian score: enabled, weight=1, batch_size=64
[2026-08-26 10:39:13] N_total=50000 budget=0.04 -> N_p=2000 poisons, y_adv=5(dog) target_class=2(bird)
[2026-08-26 10:39:13] === surrogates (20 x VGG13BN, trained on the full real set) ===
[2026-08-26 10:39:15]   crafting on 5/20 surrogates
[2026-08-26 10:39:15] === clean victims (6 x VGG13BN) ===
[2026-08-26 10:39:17]   clean baseline CTA = 0.8476 +/- 0.0158
[2026-08-26 10:39:17]   target pool 1000 -> eligible 970 (30 already predicted as y_adv or dropped)
[2026-08-26 10:39:17]   chosen 8 targets (file), p_adv range 0.1700..0.1985
[2026-08-26 10:39:17]   targets: [3728, 5640, 6922, 7855, 2127, 7586, 7360, 2171]
[2026-08-26 10:39:17] === target 3728 (1/8) ===
[2026-08-26 10:39:18]   Jacobian score exact backend: torch.func JVP
[2026-08-26 10:41:05]   target 3728: crafted 2000 poisons in 91 s, obj=0.00244
[2026-08-26 10:41:05]   target 3728: realized linf = 0.03137 (8.00/255), budget = 8.00/255
[2026-08-26 10:42:45]   [t3728 v1/6] fail (pred=bird) CTA=0.8496
[2026-08-26 10:44:26]   [t3728 v2/6] SUCCESS (pred=dog) CTA=0.8436
[2026-08-26 10:46:07]   [t3728 v3/6] SUCCESS (pred=dog) CTA=0.8496
[2026-08-26 10:47:47]   [t3728 v4/6] SUCCESS (pred=dog) CTA=0.8508
[2026-08-26 10:49:28]   [t3728 v5/6] fail (pred=cat) CTA=0.8431
[2026-08-26 10:51:08]   [t3728 v6/6] SUCCESS (pred=dog) CTA=0.8320
[2026-08-26 10:51:08]   target 3728, 6 victims on this gpu: ASR=66.7% CTA=0.8448 +/- 0.0065
[2026-08-26 10:51:08] === target 5640 (2/8) ===
[2026-08-26 10:52:55]   target 5640: crafted 2000 poisons in 91 s, obj=0.00214
[2026-08-26 10:52:55]   target 5640: realized linf = 0.03137 (8.00/255), budget = 8.00/255
[2026-08-26 10:54:37]   [t5640 v1/6] fail (pred=bird) CTA=0.8341
[2026-08-26 10:56:17]   [t5640 v2/6] SUCCESS (pred=dog) CTA=0.8480
[2026-08-26 10:57:57]   [t5640 v3/6] fail (pred=bird) CTA=0.8252
[2026-08-26 10:59:37]   [t5640 v4/6] fail (pred=bird) CTA=0.8509
[2026-08-26 11:01:17]   [t5640 v5/6] fail (pred=bird) CTA=0.8546
[2026-08-26 11:02:57]   [t5640 v6/6] fail (pred=cat) CTA=0.8445
[2026-08-26 11:02:58]   target 5640, 6 victims on this gpu: ASR=16.7% CTA=0.8429 +/- 0.0102
[2026-08-26 11:02:58] === target 6922 (3/8) ===
[2026-08-26 11:04:44]   target 6922: crafted 2000 poisons in 91 s, obj=0.00240
[2026-08-26 11:04:44]   target 6922: realized linf = 0.03137 (8.00/255), budget = 8.00/255
[2026-08-26 11:06:26]   [t6922 v1/6] SUCCESS (pred=dog) CTA=0.8494
[2026-08-26 11:08:06]   [t6922 v2/6] SUCCESS (pred=dog) CTA=0.8558
[2026-08-26 11:09:46]   [t6922 v3/6] SUCCESS (pred=dog) CTA=0.8503
[2026-08-26 11:11:27]   [t6922 v4/6] SUCCESS (pred=dog) CTA=0.8538
[2026-08-26 11:13:07]   [t6922 v5/6] SUCCESS (pred=dog) CTA=0.8402
[2026-08-26 11:14:47]   [t6922 v6/6] SUCCESS (pred=dog) CTA=0.8462
[2026-08-26 11:14:47]   target 6922, 6 victims on this gpu: ASR=100.0% CTA=0.8493 +/- 0.0051
[2026-08-26 11:14:47] === target 7855 (4/8) ===
[2026-08-26 11:16:33]   target 7855: crafted 2000 poisons in 91 s, obj=0.00215
[2026-08-26 11:16:33]   target 7855: realized linf = 0.03137 (8.00/255), budget = 8.00/255
[2026-08-26 11:18:15]   [t7855 v1/6] SUCCESS (pred=dog) CTA=0.8473
[2026-08-26 11:19:56]   [t7855 v2/6] SUCCESS (pred=dog) CTA=0.8426
[2026-08-26 11:21:36]   [t7855 v3/6] SUCCESS (pred=dog) CTA=0.8523
[2026-08-26 11:23:16]   [t7855 v4/6] SUCCESS (pred=dog) CTA=0.8496
[2026-08-26 11:24:56]   [t7855 v5/6] SUCCESS (pred=dog) CTA=0.8485
[2026-08-26 11:26:36]   [t7855 v6/6] SUCCESS (pred=dog) CTA=0.8317
[2026-08-26 11:26:36]   target 7855, 6 victims on this gpu: ASR=100.0% CTA=0.8453 +/- 0.0068
[2026-08-26 11:26:36] === target 2127 (5/8) ===
[2026-08-26 11:28:23]   target 2127: crafted 2000 poisons in 91 s, obj=0.00220
[2026-08-26 11:28:23]   target 2127: realized linf = 0.03137 (8.00/255), budget = 8.00/255
[2026-08-26 11:30:05]   [t2127 v1/6] fail (pred=deer) CTA=0.8555
[2026-08-26 11:31:45]   [t2127 v2/6] SUCCESS (pred=dog) CTA=0.8304
[2026-08-26 11:33:25]   [t2127 v3/6] SUCCESS (pred=dog) CTA=0.8513
[2026-08-26 11:35:05]   [t2127 v4/6] fail (pred=deer) CTA=0.8541
[2026-08-26 11:36:45]   [t2127 v5/6] fail (pred=deer) CTA=0.8511
[2026-08-26 11:38:25]   [t2127 v6/6] SUCCESS (pred=dog) CTA=0.8399
[2026-08-26 11:38:25]   target 2127, 6 victims on this gpu: ASR=50.0% CTA=0.8470 +/- 0.0090
[2026-08-26 11:38:25] === target 7586 (6/8) ===
[2026-08-26 11:40:12]   target 7586: crafted 2000 poisons in 91 s, obj=0.00217
[2026-08-26 11:40:12]   target 7586: realized linf = 0.03137 (8.00/255), budget = 8.00/255
[2026-08-26 11:41:53]   [t7586 v1/6] fail (pred=cat) CTA=0.8492
[2026-08-26 11:43:34]   [t7586 v2/6] SUCCESS (pred=dog) CTA=0.8521
[2026-08-26 11:45:14]   [t7586 v3/6] fail (pred=bird) CTA=0.8507
[2026-08-26 11:46:54]   [t7586 v4/6] fail (pred=cat) CTA=0.8516
[2026-08-26 11:48:34]   [t7586 v5/6] SUCCESS (pred=dog) CTA=0.8405
[2026-08-26 11:50:14]   [t7586 v6/6] SUCCESS (pred=dog) CTA=0.8474
[2026-08-26 11:50:14]   target 7586, 6 victims on this gpu: ASR=50.0% CTA=0.8486 +/- 0.0039
[2026-08-26 11:50:14] === target 7360 (7/8) ===
[2026-08-26 11:52:01]   target 7360: crafted 2000 poisons in 91 s, obj=0.00242
[2026-08-26 11:52:01]   target 7360: realized linf = 0.03137 (8.00/255), budget = 8.00/255
[2026-08-26 11:53:43]   [t7360 v1/6] SUCCESS (pred=dog) CTA=0.8488
[2026-08-26 11:55:23]   [t7360 v2/6] fail (pred=bird) CTA=0.8508
[2026-08-26 11:57:03]   [t7360 v3/6] SUCCESS (pred=dog) CTA=0.8508
[2026-08-26 11:58:43]   [t7360 v4/6] SUCCESS (pred=dog) CTA=0.8540
[2026-08-26 12:00:23]   [t7360 v5/6] SUCCESS (pred=dog) CTA=0.8324
[2026-08-26 12:02:03]   [t7360 v6/6] SUCCESS (pred=dog) CTA=0.8419
[2026-08-26 12:02:03]   target 7360, 6 victims on this gpu: ASR=83.3% CTA=0.8464 +/- 0.0073
[2026-08-26 12:02:03] === target 2171 (8/8) ===
[2026-08-26 12:03:50]   target 2171: crafted 2000 poisons in 91 s, obj=0.00242
[2026-08-26 12:03:50]   target 2171: realized linf = 0.03137 (8.00/255), budget = 8.00/255
[2026-08-26 12:05:32]   [t2171 v1/6] fail (pred=cat) CTA=0.8595
[2026-08-26 12:07:12]   [t2171 v2/6] fail (pred=cat) CTA=0.8550
[2026-08-26 12:08:52]   [t2171 v3/6] fail (pred=bird) CTA=0.8564
[2026-08-26 12:10:33]   [t2171 v4/6] fail (pred=cat) CTA=0.8326
[2026-08-26 12:12:13]   [t2171 v5/6] SUCCESS (pred=dog) CTA=0.8539
[2026-08-26 12:13:53]   [t2171 v6/6] fail (pred=bird) CTA=0.8583
[2026-08-26 12:13:53]   target 2171, 6 victims on this gpu: ASR=16.7% CTA=0.8526 +/- 0.0091
[2026-08-26 12:13:53] ==== CIFAR10_VGG13BN_fc_ours_dog-bird_b0.04_eps8_seed42_lam1_cosine_jacw1_ce5_tgt3 : ASR = 60.4% +/- 31.1% | CTA = 0.8471 (baseline 0.8476) ====
[2026-08-26 12:13:53]   target-prediction tally ['airplane', 'automobile', 'bird', 'cat', 'deer', 'dog', 'frog', 'horse', 'ship', 'truck']: [0, 0, 9, 7, 3, 29, 0, 0, 0, 0]

sync: preserving outputs in /home/mmoslem3/scratch/attack_if
sync: complete
