stage: optional directory absent: /home/mmoslem3/scratch/attack_if/ours_result/CIFAR10_VGG13BN_gradmatch_ours_frog-airplane_b0.02_eps8_seed42_lam1_cosine_seldpp2_jacw1_ce5_tgt12
job: 5033560 b2040_attack_036_vgg13_gradmatch_frog_airplane_b0_02_dpp_j on kn046
work: /tmp/attack_if
config: USE_JACOBIAN_SCORE=1 JACOBIAN_WEIGHT=1.0 JACOBIAN_BATCH_SIZE=64 CLASS_PAIR=frog-airplane MODEL=VGG13BN ATTACK=gradmatch BUDGETS=0.02 SELECT=dpp SEL_ALPHA=2.0 NUM_TARGETS=8 NUM_VICTIMS=6 sh sel_dpp.sh
protocol: attack=8 targets x 6 victims
gpu: NVIDIA L40S
=== dpp (alpha=2.0) | VGG13BN / gradmatch / frog-airplane ===
    targets: pinned from target_sets/VGG13BN_gradmatch_frog-airplane.json (same 10 the random-base run attacked)
    difficulty label tgt12   craft flags: --craft_lowmem --craft_batch 256 --fast_gradmatch
    Jacobian score enabled (weight=1.0, batch=64)
    budgets: 0.02

--- dpp | VGG13BN / gradmatch / frog-airplane | budget 0.02 ---
[2026-08-26 11:13:21] === run start: CIFAR10_VGG13BN_gradmatch_ours_frog-airplane_b0.02_eps8_seed42_lam1_cosine_seldpp2_jacw1_ce5_tgt12 on cuda [0] ===
[2026-08-26 11:13:21] args: {"FORCE": false, "attack": "gradmatch", "base": "ours", "base_dist": "cosine", "base_topr": null, "budget": 0.02, "cache_dir": "/tmp/attack_if/cache", "class_pair": "frog-airplane", "clean_baseline": true, "craft_alpha": 0.0039216, "craft_aug": true, "craft_batch": 256, "craft_ensemble": 5, "craft_lowmem": true, "craft_schedule": false, "craft_steps": 250, "data_path": "/tmp/data", "dataset": "CIFAR10", "dsa_strategy": "color_crop_cutout_flip_scale_rotate", "epsilon": 0.0313725, "fast_gradmatch": true, "fc_mode": "sample", "fc_restarts": 1, "gpus": "all", "jacobian_batch_size": 64, "jacobian_weight": 1.0, "lambda_margin": 1.0, "model": "VGG13BN", "no_resume": false, "num_poisons": 500, "num_surrogates": 20, "num_targets": 8, "num_victims": 6, "out_dir": "/tmp/attack_if/ours_result", "pair_order": "poison-target", "parallel_pretrain": true, "parallel_targets": true, "precompute_id": null, "precompute_only": false, "precompute_part": "both", "rank_on_victims": true, "recompute_deltas": false, "require_correct_target": false, "restarts": 8, "seed": 42, "sel_K": null, "sel_alpha": 2.0, "sel_criterion": null, "sel_dpp": true, "sel_filter": false, "sel_mmr": false, "sel_mode": "dpp", "sel_model": null, "sel_mu": 1.0, "sel_pca": false, "sel_pool": 3.0, "sharp_mode": "worst", "sharp_samples": 20, "sharp_sigma": 0.05, "steal_timeout": 7200.0, "surrogate_aug": false, "surrogate_bs": 128, "surrogate_decay": [35, 45], "surrogate_epochs": 60, "surrogate_lr": 0.1, "surrogate_wd": 0.0, "target_idx_file": "target_sets/VGG13BN_gradmatch_frog-airplane.json", "target_select": 12, "use_jacobian_score": true, "victim_aug": false, "victim_bs": 125, "victim_decay": [40], "victim_epochs": 50, "victim_lr": 0.1, "victim_wd": 0.0}
[2026-08-26 11:13:21] Jacobian score: enabled, weight=1, batch_size=64
[2026-08-26 11:13:21] N_total=50000 budget=0.02 -> N_p=1000 poisons, y_adv=6(frog) target_class=0(airplane)
[2026-08-26 11:13:21] === surrogates (20 x VGG13BN, trained on the full real set) ===
[2026-08-26 11:13:23]   crafting on 5/20 surrogates
[2026-08-26 11:13:23] === clean victims (6 x VGG13BN) ===
[2026-08-26 11:13:25]   clean baseline CTA = 0.8476 +/- 0.0158
[2026-08-26 11:13:25]   target pool 1000 -> eligible 999 (1 already predicted as y_adv or dropped)
[2026-08-26 11:13:25]   chosen 8 targets (file), p_adv range 0.0001..0.0001
[2026-08-26 11:13:25]   targets: [2783, 2507, 6738, 5787, 7815, 5074, 7356, 8267]
[2026-08-26 11:13:25] === target 2783 (1/8) ===
[2026-08-26 11:13:26]   Jacobian score exact backend: torch.func JVP
[2026-08-26 11:52:44]   target 2783: crafted 1000 poisons in 2342 s, obj=0.22331
[2026-08-26 11:52:44]   target 2783: realized linf = 0.03137 (8.00/255), budget = 8.00/255
[2026-08-26 11:54:23]   [t2783 v1/6] SUCCESS (pred=frog) CTA=0.8472
[2026-08-26 11:56:03]   [t2783 v2/6] SUCCESS (pred=frog) CTA=0.8593
[2026-08-26 11:57:42]   [t2783 v3/6] SUCCESS (pred=frog) CTA=0.8626
[2026-08-26 11:59:21]   [t2783 v4/6] SUCCESS (pred=frog) CTA=0.8457
[2026-08-26 12:01:01]   [t2783 v5/6] SUCCESS (pred=frog) CTA=0.8372
[2026-08-26 12:02:40]   [t2783 v6/6] SUCCESS (pred=frog) CTA=0.8536
[2026-08-26 12:02:40]   target 2783, 6 victims on this gpu: ASR=100.0% CTA=0.8509 +/- 0.0086
[2026-08-26 12:02:40] === target 2507 (2/8) ===
[2026-08-26 12:41:52]   target 2507: crafted 1000 poisons in 2336 s, obj=0.31371
[2026-08-26 12:41:52]   target 2507: realized linf = 0.03137 (8.00/255), budget = 8.00/255
[2026-08-26 12:43:34]   [t2507 v1/6] SUCCESS (pred=frog) CTA=0.8555
[2026-08-26 12:45:14]   [t2507 v2/6] SUCCESS (pred=frog) CTA=0.8354
[2026-08-26 12:46:53]   [t2507 v3/6] SUCCESS (pred=frog) CTA=0.8466
[2026-08-26 12:48:32]   [t2507 v4/6] SUCCESS (pred=frog) CTA=0.8632
[2026-08-26 12:50:12]   [t2507 v5/6] SUCCESS (pred=frog) CTA=0.8559
[2026-08-26 12:51:51]   [t2507 v6/6] SUCCESS (pred=frog) CTA=0.8622
[2026-08-26 12:51:51]   target 2507, 6 victims on this gpu: ASR=100.0% CTA=0.8531 +/- 0.0096
[2026-08-26 12:51:51] === target 6738 (3/8) ===
[2026-08-26 13:31:21]   target 6738: crafted 1000 poisons in 2354 s, obj=0.39230
[2026-08-26 13:31:21]   target 6738: realized linf = 0.03137 (8.00/255), budget = 8.00/255
[2026-08-26 13:33:03]   [t6738 v1/6] fail (pred=airplane) CTA=0.8469
[2026-08-26 13:34:42]   [t6738 v2/6] fail (pred=airplane) CTA=0.8389
[2026-08-26 13:36:22]   [t6738 v3/6] fail (pred=airplane) CTA=0.8579
[2026-08-26 13:38:01]   [t6738 v4/6] SUCCESS (pred=frog) CTA=0.8530
[2026-08-26 13:39:40]   [t6738 v5/6] fail (pred=airplane) CTA=0.8533
[2026-08-26 13:41:19]   [t6738 v6/6] SUCCESS (pred=frog) CTA=0.8556
[2026-08-26 13:41:19]   target 6738, 6 victims on this gpu: ASR=33.3% CTA=0.8509 +/- 0.0063
[2026-08-26 13:41:19] === target 5787 (4/8) ===
[2026-08-26 14:20:36]   target 5787: crafted 1000 poisons in 2340 s, obj=0.29014
[2026-08-26 14:20:36]   target 5787: realized linf = 0.03137 (8.00/255), budget = 8.00/255
[2026-08-26 14:22:18]   [t5787 v1/6] SUCCESS (pred=frog) CTA=0.8468
[2026-08-26 14:23:57]   [t5787 v2/6] fail (pred=airplane) CTA=0.8200
[2026-08-26 14:25:36]   [t5787 v3/6] SUCCESS (pred=frog) CTA=0.8499
[2026-08-26 14:27:16]   [t5787 v4/6] SUCCESS (pred=frog) CTA=0.8516
[2026-08-26 14:28:55]   [t5787 v5/6] SUCCESS (pred=frog) CTA=0.8558
[2026-08-26 14:30:34]   [t5787 v6/6] SUCCESS (pred=frog) CTA=0.8439
[2026-08-26 14:30:34]   target 5787, 6 victims on this gpu: ASR=83.3% CTA=0.8447 +/- 0.0116
[2026-08-26 14:30:34] === target 7815 (5/8) ===
