stage: optional directory absent: /home/mmoslem3/scratch/attack_if/ours_result/CIFAR10_VGG13BN_gradmatch_ours_dog-bird_b0.04_eps8_seed42_lam1_cosine_seldpp2_jacw1_ce5_tgt50
job: 5033582 b2040_attack_057_vgg13_gradmatch_dog_bird_b0_04_dpp_j on kn144
work: /tmp/attack_if
config: USE_JACOBIAN_SCORE=1 JACOBIAN_WEIGHT=1.0 JACOBIAN_BATCH_SIZE=64 CLASS_PAIR=dog-bird MODEL=VGG13BN ATTACK=gradmatch BUDGETS=0.04 SELECT=dpp SEL_ALPHA=2.0 NUM_TARGETS=8 NUM_VICTIMS=6 sh sel_dpp.sh
protocol: attack=8 targets x 6 victims
gpu: NVIDIA L40S
=== dpp (alpha=2.0) | VGG13BN / gradmatch / dog-bird ===
    targets: pinned from target_sets/VGG13BN_gradmatch_dog-bird.json (same 10 the random-base run attacked)
    difficulty label tgt50   craft flags: --craft_lowmem --craft_batch 256 --fast_gradmatch
    Jacobian score enabled (weight=1.0, batch=64)
    budgets: 0.04

--- dpp | VGG13BN / gradmatch / dog-bird | budget 0.04 ---
[2026-08-26 11:33:40] === run start: CIFAR10_VGG13BN_gradmatch_ours_dog-bird_b0.04_eps8_seed42_lam1_cosine_seldpp2_jacw1_ce5_tgt50 on cuda [0] ===
[2026-08-26 11:33:40] args: {"FORCE": false, "attack": "gradmatch", "base": "ours", "base_dist": "cosine", "base_topr": null, "budget": 0.04, "cache_dir": "/tmp/attack_if/cache", "class_pair": "dog-bird", "clean_baseline": true, "craft_alpha": 0.0039216, "craft_aug": true, "craft_batch": 256, "craft_ensemble": 5, "craft_lowmem": true, "craft_schedule": false, "craft_steps": 250, "data_path": "/tmp/data", "dataset": "CIFAR10", "dsa_strategy": "color_crop_cutout_flip_scale_rotate", "epsilon": 0.0313725, "fast_gradmatch": true, "fc_mode": "sample", "fc_restarts": 1, "gpus": "all", "jacobian_batch_size": 64, "jacobian_weight": 1.0, "lambda_margin": 1.0, "model": "VGG13BN", "no_resume": false, "num_poisons": 500, "num_surrogates": 20, "num_targets": 8, "num_victims": 6, "out_dir": "/tmp/attack_if/ours_result", "pair_order": "poison-target", "parallel_pretrain": true, "parallel_targets": true, "precompute_id": null, "precompute_only": false, "precompute_part": "both", "rank_on_victims": true, "recompute_deltas": false, "require_correct_target": false, "restarts": 8, "seed": 42, "sel_K": null, "sel_alpha": 2.0, "sel_criterion": null, "sel_dpp": true, "sel_filter": false, "sel_mmr": false, "sel_mode": "dpp", "sel_model": null, "sel_mu": 1.0, "sel_pca": false, "sel_pool": 3.0, "sharp_mode": "worst", "sharp_samples": 20, "sharp_sigma": 0.05, "steal_timeout": 7200.0, "surrogate_aug": false, "surrogate_bs": 128, "surrogate_decay": [35, 45], "surrogate_epochs": 60, "surrogate_lr": 0.1, "surrogate_wd": 0.0, "target_idx_file": "target_sets/VGG13BN_gradmatch_dog-bird.json", "target_select": 50, "use_jacobian_score": true, "victim_aug": false, "victim_bs": 125, "victim_decay": [40], "victim_epochs": 50, "victim_lr": 0.1, "victim_wd": 0.0}
[2026-08-26 11:33:40] Jacobian score: enabled, weight=1, batch_size=64
[2026-08-26 11:33:40] N_total=50000 budget=0.04 -> N_p=2000 poisons, y_adv=5(dog) target_class=2(bird)
[2026-08-26 11:33:40] === surrogates (20 x VGG13BN, trained on the full real set) ===
[2026-08-26 11:33:41]   crafting on 5/20 surrogates
[2026-08-26 11:33:41] === clean victims (6 x VGG13BN) ===
[2026-08-26 11:33:43]   clean baseline CTA = 0.8476 +/- 0.0158
[2026-08-26 11:33:43]   target pool 1000 -> eligible 970 (30 already predicted as y_adv or dropped)
[2026-08-26 11:33:43]   chosen 8 targets (file), p_adv range 0.0000..0.0000
[2026-08-26 11:33:43]   targets: [630, 409, 2270, 9870, 1656, 5022, 9090, 6033]
[2026-08-26 11:33:44] === target 630 (1/8) ===
[2026-08-26 11:33:45]   Jacobian score exact backend: torch.func JVP
[2026-08-26 12:51:20]   target 630: crafted 2000 poisons in 4638 s, obj=0.28637
[2026-08-26 12:51:20]   target 630: realized linf = 0.03137 (8.00/255), budget = 8.00/255
[2026-08-26 12:53:01]   [t630 v1/6] SUCCESS (pred=dog) CTA=0.8572
[2026-08-26 12:54:41]   [t630 v2/6] SUCCESS (pred=dog) CTA=0.8358
[2026-08-26 12:56:22]   [t630 v3/6] SUCCESS (pred=dog) CTA=0.8604
[2026-08-26 12:58:03]   [t630 v4/6] SUCCESS (pred=dog) CTA=0.8465
[2026-08-26 12:59:43]   [t630 v5/6] SUCCESS (pred=dog) CTA=0.8416
[2026-08-26 13:01:24]   [t630 v6/6] SUCCESS (pred=dog) CTA=0.8602
[2026-08-26 13:01:24]   target 630, 6 victims on this gpu: ASR=100.0% CTA=0.8503 +/- 0.0096
[2026-08-26 13:01:24] === target 409 (2/8) ===
[2026-08-26 14:19:13]   target 409: crafted 2000 poisons in 4652 s, obj=0.23357
[2026-08-26 14:19:13]   target 409: realized linf = 0.03137 (8.00/255), budget = 8.00/255
[2026-08-26 14:20:55]   [t409 v1/6] SUCCESS (pred=dog) CTA=0.8487
[2026-08-26 14:22:35]   [t409 v2/6] SUCCESS (pred=dog) CTA=0.8497
[2026-08-26 14:24:16]   [t409 v3/6] SUCCESS (pred=dog) CTA=0.8492
[2026-08-26 14:25:57]   [t409 v4/6] SUCCESS (pred=dog) CTA=0.8520
[2026-08-26 14:27:37]   [t409 v5/6] SUCCESS (pred=dog) CTA=0.8556
[2026-08-26 14:29:18]   [t409 v6/6] SUCCESS (pred=dog) CTA=0.8501
[2026-08-26 14:29:18]   target 409, 6 victims on this gpu: ASR=100.0% CTA=0.8509 +/- 0.0023
[2026-08-26 14:29:18] === target 2270 (3/8) ===
[2026-08-26 15:47:04]   target 2270: crafted 2000 poisons in 4648 s, obj=0.25182
[2026-08-26 15:47:04]   target 2270: realized linf = 0.03137 (8.00/255), budget = 8.00/255
[2026-08-26 15:48:45]   [t2270 v1/6] SUCCESS (pred=dog) CTA=0.8554
[2026-08-26 15:50:26]   [t2270 v2/6] SUCCESS (pred=dog) CTA=0.8440
[2026-08-26 15:52:07]   [t2270 v3/6] SUCCESS (pred=dog) CTA=0.8414
[2026-08-26 15:53:47]   [t2270 v4/6] SUCCESS (pred=dog) CTA=0.8454
[2026-08-26 15:55:28]   [t2270 v5/6] SUCCESS (pred=dog) CTA=0.8463
[2026-08-26 15:57:08]   [t2270 v6/6] SUCCESS (pred=dog) CTA=0.8560
[2026-08-26 15:57:09]   target 2270, 6 victims on this gpu: ASR=100.0% CTA=0.8481 +/- 0.0056
[2026-08-26 15:57:09] === target 9870 (4/8) ===
[2026-08-26 17:14:54]   target 9870: crafted 2000 poisons in 4648 s, obj=0.24794
[2026-08-26 17:14:54]   target 9870: realized linf = 0.03137 (8.00/255), budget = 8.00/255
[2026-08-26 17:16:35]   [t9870 v1/6] SUCCESS (pred=dog) CTA=0.8527
[2026-08-26 17:18:16]   [t9870 v2/6] SUCCESS (pred=dog) CTA=0.8485
[2026-08-26 17:19:57]   [t9870 v3/6] SUCCESS (pred=dog) CTA=0.8451
[2026-08-26 17:21:37]   [t9870 v4/6] SUCCESS (pred=dog) CTA=0.8524
[2026-08-26 17:23:18]   [t9870 v5/6] SUCCESS (pred=dog) CTA=0.8362
[2026-08-26 17:24:58]   [t9870 v6/6] SUCCESS (pred=dog) CTA=0.8449
[2026-08-26 17:24:58]   target 9870, 6 victims on this gpu: ASR=100.0% CTA=0.8466 +/- 0.0056
[2026-08-26 17:24:58] === target 1656 (5/8) ===
[2026-08-26 18:42:43]   target 1656: crafted 2000 poisons in 4647 s, obj=0.24486
[2026-08-26 18:42:43]   target 1656: realized linf = 0.03137 (8.00/255), budget = 8.00/255
[2026-08-26 18:44:24]   [t1656 v1/6] SUCCESS (pred=dog) CTA=0.8456
[2026-08-26 18:46:05]   [t1656 v2/6] SUCCESS (pred=dog) CTA=0.8463
[2026-08-26 18:47:45]   [t1656 v3/6] SUCCESS (pred=dog) CTA=0.8483
[2026-08-26 18:49:26]   [t1656 v4/6] SUCCESS (pred=dog) CTA=0.8565
[2026-08-26 18:51:06]   [t1656 v5/6] SUCCESS (pred=dog) CTA=0.8488
[2026-08-26 18:52:47]   [t1656 v6/6] SUCCESS (pred=dog) CTA=0.8492
[2026-08-26 18:52:47]   target 1656, 6 victims on this gpu: ASR=100.0% CTA=0.8491 +/- 0.0035
[2026-08-26 18:52:47] === target 5022 (6/8) ===
