stage: optional directory absent: /home/mmoslem3/scratch/attack_if/ours_result/CIFAR10_ResNet20BN_gradmatch_ours_dog-bird_b0.02_eps8_seed42_lam1_cosine_jacw1_ce5_tgt14
job: 5033550 b2040_attack_026_resnet20_gradmatch_dog_bird_b0_02_ours_j on kn040
work: /tmp/attack_if
config: USE_JACOBIAN_SCORE=1 JACOBIAN_WEIGHT=1.0 JACOBIAN_BATCH_SIZE=64 CLASS_PAIR=dog-bird MODEL=ResNet20BN ATTACK=gradmatch BUDGETS=0.02 SELECT=ours SEL_ALPHA=2.0 NUM_TARGETS=8 NUM_VICTIMS=6 sh sel_dpp.sh
protocol: attack=8 targets x 6 victims
gpu: NVIDIA L40S
=== ours (plain greedy top-N_p by score) | ResNet20BN / gradmatch / dog-bird ===
    targets: pinned from target_sets/ResNet20BN_gradmatch_dog-bird.json (same 10 the random-base run attacked)
    difficulty label tgt14   craft flags: none
    Jacobian score enabled (weight=1.0, batch=64)
    budgets: 0.02

--- ours | ResNet20BN / gradmatch / dog-bird | budget 0.02 ---
[2026-08-26 10:47:23] === run start: CIFAR10_ResNet20BN_gradmatch_ours_dog-bird_b0.02_eps8_seed42_lam1_cosine_jacw1_ce5_tgt14 on cuda [0] ===
[2026-08-26 10:47:23] args: {"FORCE": false, "attack": "gradmatch", "base": "ours", "base_dist": "cosine", "base_topr": null, "budget": 0.02, "cache_dir": "/tmp/attack_if/cache", "class_pair": "dog-bird", "clean_baseline": true, "craft_alpha": 0.0039216, "craft_aug": true, "craft_batch": 256, "craft_ensemble": 5, "craft_lowmem": false, "craft_schedule": false, "craft_steps": 250, "data_path": "/tmp/data", "dataset": "CIFAR10", "dsa_strategy": "color_crop_cutout_flip_scale_rotate", "epsilon": 0.0313725, "fast_gradmatch": false, "fc_mode": "sample", "fc_restarts": 1, "gpus": "all", "jacobian_batch_size": 64, "jacobian_weight": 1.0, "lambda_margin": 1.0, "model": "ResNet20BN", "no_resume": false, "num_poisons": 500, "num_surrogates": 20, "num_targets": 8, "num_victims": 6, "out_dir": "/tmp/attack_if/ours_result", "pair_order": "poison-target", "parallel_pretrain": true, "parallel_targets": true, "precompute_id": null, "precompute_only": false, "precompute_part": "both", "rank_on_victims": true, "recompute_deltas": false, "require_correct_target": false, "restarts": 8, "seed": 42, "sel_K": null, "sel_alpha": 1.0, "sel_criterion": null, "sel_dpp": false, "sel_filter": false, "sel_mmr": false, "sel_mode": null, "sel_model": null, "sel_mu": 1.0, "sel_pca": false, "sel_pool": 3.0, "sharp_mode": "worst", "sharp_samples": 20, "sharp_sigma": 0.05, "steal_timeout": 7200.0, "surrogate_aug": false, "surrogate_bs": 128, "surrogate_decay": [35, 45], "surrogate_epochs": 60, "surrogate_lr": 0.1, "surrogate_wd": 0.0, "target_idx_file": "target_sets/ResNet20BN_gradmatch_dog-bird.json", "target_select": 14, "use_jacobian_score": true, "victim_aug": false, "victim_bs": 125, "victim_decay": [40], "victim_epochs": 50, "victim_lr": 0.1, "victim_wd": 0.0}
[2026-08-26 10:47:23] Jacobian score: enabled, weight=1, batch_size=64
[2026-08-26 10:47:23] N_total=50000 budget=0.02 -> N_p=1000 poisons, y_adv=5(dog) target_class=2(bird)
[2026-08-26 10:47:23] === surrogates (20 x ResNet20BN, trained on the full real set) ===
[2026-08-26 10:47:24]   crafting on 5/20 surrogates
[2026-08-26 10:47:24] === clean victims (6 x ResNet20BN) ===
[2026-08-26 10:47:25]   clean baseline CTA = 0.8394 +/- 0.0032
[2026-08-26 10:47:25]   target pool 1000 -> eligible 972 (28 already predicted as y_adv or dropped)
[2026-08-26 10:47:25]   chosen 8 targets (file), p_adv range 0.0156..0.0181
[2026-08-26 10:47:25]   targets: [5118, 8740, 5324, 4630, 833, 2065, 7056, 9059]
[2026-08-26 10:47:25] === target 5118 (1/8) ===
[2026-08-26 10:47:27]   Jacobian score exact backend: torch.func JVP
[2026-08-26 11:23:06]   target 5118: crafted 1000 poisons in 2118 s, obj=0.19575
[2026-08-26 11:23:06]   target 5118: realized linf = 0.03137 (8.00/255), budget = 8.00/255
[2026-08-26 11:25:23]   [t5118 v1/6] SUCCESS (pred=dog) CTA=0.8394
[2026-08-26 11:27:39]   [t5118 v2/6] SUCCESS (pred=dog) CTA=0.8383
[2026-08-26 11:29:54]   [t5118 v3/6] SUCCESS (pred=dog) CTA=0.8319
[2026-08-26 11:32:09]   [t5118 v4/6] SUCCESS (pred=dog) CTA=0.8324
[2026-08-26 11:34:23]   [t5118 v5/6] SUCCESS (pred=dog) CTA=0.8323
[2026-08-26 11:36:38]   [t5118 v6/6] SUCCESS (pred=dog) CTA=0.8395
[2026-08-26 11:36:38]   target 5118, 6 victims on this gpu: ASR=100.0% CTA=0.8356 +/- 0.0035
[2026-08-26 11:36:38] === target 8740 (2/8) ===
[2026-08-26 12:12:18]   target 8740: crafted 1000 poisons in 2118 s, obj=0.16852
[2026-08-26 12:12:18]   target 8740: realized linf = 0.03137 (8.00/255), budget = 8.00/255
[2026-08-26 12:14:32]   [t8740 v1/6] SUCCESS (pred=dog) CTA=0.8370
[2026-08-26 12:16:51]   [t8740 v2/6] SUCCESS (pred=dog) CTA=0.8406
[2026-08-26 12:19:11]   [t8740 v3/6] SUCCESS (pred=dog) CTA=0.8345
[2026-08-26 12:21:32]   [t8740 v4/6] SUCCESS (pred=dog) CTA=0.8365
[2026-08-26 12:23:50]   [t8740 v5/6] SUCCESS (pred=dog) CTA=0.8424
[2026-08-26 12:26:10]   [t8740 v6/6] SUCCESS (pred=dog) CTA=0.8377
[2026-08-26 12:26:10]   target 8740, 6 victims on this gpu: ASR=100.0% CTA=0.8381 +/- 0.0026
[2026-08-26 12:26:10] === target 5324 (3/8) ===
[2026-08-26 13:01:45]   target 5324: crafted 1000 poisons in 2112 s, obj=0.18210
[2026-08-26 13:01:45]   target 5324: realized linf = 0.03137 (8.00/255), budget = 8.00/255
[2026-08-26 13:04:05]   [t5324 v1/6] SUCCESS (pred=dog) CTA=0.8355
[2026-08-26 13:06:26]   [t5324 v2/6] SUCCESS (pred=dog) CTA=0.8313
[2026-08-26 13:08:43]   [t5324 v3/6] SUCCESS (pred=dog) CTA=0.8390
[2026-08-26 13:11:01]   [t5324 v4/6] SUCCESS (pred=dog) CTA=0.8378
[2026-08-26 13:13:17]   [t5324 v5/6] SUCCESS (pred=dog) CTA=0.8382
[2026-08-26 13:15:34]   [t5324 v6/6] SUCCESS (pred=dog) CTA=0.8465
[2026-08-26 13:15:34]   target 5324, 6 victims on this gpu: ASR=100.0% CTA=0.8380 +/- 0.0046
[2026-08-26 13:15:34] === target 4630 (4/8) ===
[2026-08-26 13:51:10]   target 4630: crafted 1000 poisons in 2113 s, obj=0.16449
[2026-08-26 13:51:10]   target 4630: realized linf = 0.03137 (8.00/255), budget = 8.00/255
[2026-08-26 13:53:29]   [t4630 v1/6] SUCCESS (pred=dog) CTA=0.8345
[2026-08-26 13:55:47]   [t4630 v2/6] SUCCESS (pred=dog) CTA=0.8345
[2026-08-26 13:58:05]   [t4630 v3/6] SUCCESS (pred=dog) CTA=0.8375
[2026-08-26 14:00:22]   [t4630 v4/6] SUCCESS (pred=dog) CTA=0.8397
[2026-08-26 14:02:38]   [t4630 v5/6] SUCCESS (pred=dog) CTA=0.8394
[2026-08-26 14:04:56]   [t4630 v6/6] SUCCESS (pred=dog) CTA=0.8368
[2026-08-26 14:04:56]   target 4630, 6 victims on this gpu: ASR=100.0% CTA=0.8371 +/- 0.0021
[2026-08-26 14:04:56] === target 833 (5/8) ===
[2026-08-26 14:40:34]   target 833: crafted 1000 poisons in 2115 s, obj=0.17522
[2026-08-26 14:40:34]   target 833: realized linf = 0.03137 (8.00/255), budget = 8.00/255
[2026-08-26 14:42:52]   [t833 v1/6] SUCCESS (pred=dog) CTA=0.8463
[2026-08-26 14:45:07]   [t833 v2/6] SUCCESS (pred=dog) CTA=0.8373
[2026-08-26 14:47:23]   [t833 v3/6] SUCCESS (pred=dog) CTA=0.8370
[2026-08-26 14:49:39]   [t833 v4/6] SUCCESS (pred=dog) CTA=0.8419
[2026-08-26 14:51:56]   [t833 v5/6] SUCCESS (pred=dog) CTA=0.8427
[2026-08-26 14:54:13]   [t833 v6/6] SUCCESS (pred=dog) CTA=0.8367
[2026-08-26 14:54:13]   target 833, 6 victims on this gpu: ASR=100.0% CTA=0.8403 +/- 0.0036
[2026-08-26 14:54:13] === target 2065 (6/8) ===
