stage: optional directory absent: /home/mmoslem3/scratch/attack_if/ours_result/CIFAR10_VGG13BN_sapa_ours_frog-airplane_b0.02_eps8_seed42_lam1_cosine_jacw1_worst0.05_ce5_tgt12
job: 5033571 b2040_attack_047_vgg13_sapa_frog_airplane_b0_02_ours_j on kn050
work: /tmp/attack_if
config: USE_JACOBIAN_SCORE=1 JACOBIAN_WEIGHT=1.0 JACOBIAN_BATCH_SIZE=64 CLASS_PAIR=frog-airplane MODEL=VGG13BN ATTACK=sapa SHARP_MODE=worst SHARP_SIGMA=0.05 BUDGETS=0.02 SELECT=ours SEL_ALPHA=2.0 NUM_TARGETS=8 NUM_VICTIMS=6 sh sel_dpp.sh
protocol: attack=8 targets x 6 victims
gpu: NVIDIA L40S
=== ours (plain greedy top-N_p by score) | VGG13BN / sapa / frog-airplane | sharp worst sigma=0.05 ===
    targets: pinned from target_sets/VGG13BN_gradmatch_frog-airplane.json (same 10 the random-base run attacked)
    difficulty label tgt12   craft flags: --craft_lowmem --craft_batch 256 --fast_gradmatch
    Jacobian score enabled (weight=1.0, batch=64)
    budgets: 0.02

--- ours | VGG13BN / sapa / frog-airplane | sharp worst sigma=0.05 | budget 0.02 ---
[2026-08-26 11:33:42] === run start: CIFAR10_VGG13BN_sapa_ours_frog-airplane_b0.02_eps8_seed42_lam1_cosine_jacw1_worst0.05_ce5_tgt12 on cuda [0] ===
[2026-08-26 11:33:42] args: {"FORCE": false, "attack": "sapa", "base": "ours", "base_dist": "cosine", "base_topr": null, "budget": 0.02, "cache_dir": "/tmp/attack_if/cache", "class_pair": "frog-airplane", "clean_baseline": true, "craft_alpha": 0.0039216, "craft_aug": true, "craft_batch": 256, "craft_ensemble": 5, "craft_lowmem": true, "craft_schedule": false, "craft_steps": 250, "data_path": "/tmp/data", "dataset": "CIFAR10", "dsa_strategy": "color_crop_cutout_flip_scale_rotate", "epsilon": 0.0313725, "fast_gradmatch": true, "fc_mode": "sample", "fc_restarts": 1, "gpus": "all", "jacobian_batch_size": 64, "jacobian_weight": 1.0, "lambda_margin": 1.0, "model": "VGG13BN", "no_resume": false, "num_poisons": 500, "num_surrogates": 20, "num_targets": 8, "num_victims": 6, "out_dir": "/tmp/attack_if/ours_result", "pair_order": "poison-target", "parallel_pretrain": true, "parallel_targets": true, "precompute_id": null, "precompute_only": false, "precompute_part": "both", "rank_on_victims": true, "recompute_deltas": false, "require_correct_target": false, "restarts": 8, "seed": 42, "sel_K": null, "sel_alpha": 1.0, "sel_criterion": null, "sel_dpp": false, "sel_filter": false, "sel_mmr": false, "sel_mode": null, "sel_model": null, "sel_mu": 1.0, "sel_pca": false, "sel_pool": 3.0, "sharp_mode": "worst", "sharp_samples": 20, "sharp_sigma": 0.05, "steal_timeout": 7200.0, "surrogate_aug": false, "surrogate_bs": 128, "surrogate_decay": [35, 45], "surrogate_epochs": 60, "surrogate_lr": 0.1, "surrogate_wd": 0.0, "target_idx_file": "target_sets/VGG13BN_gradmatch_frog-airplane.json", "target_select": 12, "use_jacobian_score": true, "victim_aug": false, "victim_bs": 125, "victim_decay": [40], "victim_epochs": 50, "victim_lr": 0.1, "victim_wd": 0.0}
[2026-08-26 11:33:42] Jacobian score: enabled, weight=1, batch_size=64
[2026-08-26 11:33:42] N_total=50000 budget=0.02 -> N_p=1000 poisons, y_adv=6(frog) target_class=0(airplane)
[2026-08-26 11:33:42] === surrogates (20 x VGG13BN, trained on the full real set) ===
[2026-08-26 11:33:45]   crafting on 5/20 surrogates
[2026-08-26 11:33:45] === clean victims (6 x VGG13BN) ===
[2026-08-26 11:33:47]   clean baseline CTA = 0.8476 +/- 0.0158
[2026-08-26 11:33:47]   target pool 1000 -> eligible 999 (1 already predicted as y_adv or dropped)
[2026-08-26 11:33:47]   chosen 8 targets (file), p_adv range 0.0001..0.0001
[2026-08-26 11:33:47]   targets: [2783, 2507, 6738, 5787, 7815, 5074, 7356, 8267]
[2026-08-26 11:33:47] === target 2783 (1/8) ===
[2026-08-26 11:33:48]   Jacobian score exact backend: torch.func JVP
[2026-08-26 12:13:22]   target 2783: crafted 1000 poisons in 2359 s, obj=0.22468
[2026-08-26 12:13:22]   target 2783: realized linf = 0.03137 (8.00/255), budget = 8.00/255
[2026-08-26 12:15:03]   [t2783 v1/6] SUCCESS (pred=frog) CTA=0.8385
[2026-08-26 12:16:43]   [t2783 v2/6] SUCCESS (pred=frog) CTA=0.8646
[2026-08-26 12:18:24]   [t2783 v3/6] SUCCESS (pred=frog) CTA=0.8613
[2026-08-26 12:20:05]   [t2783 v4/6] SUCCESS (pred=frog) CTA=0.8288
[2026-08-26 12:21:46]   [t2783 v5/6] SUCCESS (pred=frog) CTA=0.8452
[2026-08-26 12:23:26]   [t2783 v6/6] SUCCESS (pred=frog) CTA=0.8538
[2026-08-26 12:23:27]   target 2783, 6 victims on this gpu: ASR=100.0% CTA=0.8487 +/- 0.0126
[2026-08-26 12:23:27] === target 2507 (2/8) ===
[2026-08-26 13:02:44]   target 2507: crafted 1000 poisons in 2341 s, obj=0.30392
[2026-08-26 13:02:44]   target 2507: realized linf = 0.03137 (8.00/255), budget = 8.00/255
[2026-08-26 13:04:26]   [t2507 v1/6] SUCCESS (pred=frog) CTA=0.8547
[2026-08-26 13:06:06]   [t2507 v2/6] SUCCESS (pred=frog) CTA=0.8397
[2026-08-26 13:07:47]   [t2507 v3/6] SUCCESS (pred=frog) CTA=0.8473
[2026-08-26 13:09:27]   [t2507 v4/6] SUCCESS (pred=frog) CTA=0.8552
[2026-08-26 13:11:07]   [t2507 v5/6] SUCCESS (pred=frog) CTA=0.8528
[2026-08-26 13:12:48]   [t2507 v6/6] SUCCESS (pred=frog) CTA=0.8630
[2026-08-26 13:12:48]   target 2507, 6 victims on this gpu: ASR=100.0% CTA=0.8521 +/- 0.0072
[2026-08-26 13:12:48] === target 6738 (3/8) ===
