stage: optional directory absent: /home/mmoslem3/scratch/attack_if/ours_result/CIFAR10_ResNet20BN_gradmatch_ours_dog-bird_b0.04_eps8_seed42_lam1_cosine_jacw1_ce5_tgt14
job: 5033574 b2040_attack_050_resnet20_gradmatch_dog_bird_b0_04_ours_j on kn087
work: /tmp/attack_if
config: USE_JACOBIAN_SCORE=1 JACOBIAN_WEIGHT=1.0 JACOBIAN_BATCH_SIZE=64 CLASS_PAIR=dog-bird MODEL=ResNet20BN ATTACK=gradmatch BUDGETS=0.04 SELECT=ours SEL_ALPHA=2.0 NUM_TARGETS=8 NUM_VICTIMS=6 sh sel_dpp.sh
protocol: attack=8 targets x 6 victims
gpu: NVIDIA L40S
=== ours (plain greedy top-N_p by score) | ResNet20BN / gradmatch / dog-bird ===
    targets: pinned from target_sets/ResNet20BN_gradmatch_dog-bird.json (same 10 the random-base run attacked)
    difficulty label tgt14   craft flags: none
    Jacobian score enabled (weight=1.0, batch=64)
    budgets: 0.04

--- ours | ResNet20BN / gradmatch / dog-bird | budget 0.04 ---
[2026-08-26 11:36:37] === run start: CIFAR10_ResNet20BN_gradmatch_ours_dog-bird_b0.04_eps8_seed42_lam1_cosine_jacw1_ce5_tgt14 on cuda [0] ===
[2026-08-26 11:36:37] args: {"FORCE": false, "attack": "gradmatch", "base": "ours", "base_dist": "cosine", "base_topr": null, "budget": 0.04, "cache_dir": "/tmp/attack_if/cache", "class_pair": "dog-bird", "clean_baseline": true, "craft_alpha": 0.0039216, "craft_aug": true, "craft_batch": 256, "craft_ensemble": 5, "craft_lowmem": false, "craft_schedule": false, "craft_steps": 250, "data_path": "/tmp/data", "dataset": "CIFAR10", "dsa_strategy": "color_crop_cutout_flip_scale_rotate", "epsilon": 0.0313725, "fast_gradmatch": false, "fc_mode": "sample", "fc_restarts": 1, "gpus": "all", "jacobian_batch_size": 64, "jacobian_weight": 1.0, "lambda_margin": 1.0, "model": "ResNet20BN", "no_resume": false, "num_poisons": 500, "num_surrogates": 20, "num_targets": 8, "num_victims": 6, "out_dir": "/tmp/attack_if/ours_result", "pair_order": "poison-target", "parallel_pretrain": true, "parallel_targets": true, "precompute_id": null, "precompute_only": false, "precompute_part": "both", "rank_on_victims": true, "recompute_deltas": false, "require_correct_target": false, "restarts": 8, "seed": 42, "sel_K": null, "sel_alpha": 1.0, "sel_criterion": null, "sel_dpp": false, "sel_filter": false, "sel_mmr": false, "sel_mode": null, "sel_model": null, "sel_mu": 1.0, "sel_pca": false, "sel_pool": 3.0, "sharp_mode": "worst", "sharp_samples": 20, "sharp_sigma": 0.05, "steal_timeout": 7200.0, "surrogate_aug": false, "surrogate_bs": 128, "surrogate_decay": [35, 45], "surrogate_epochs": 60, "surrogate_lr": 0.1, "surrogate_wd": 0.0, "target_idx_file": "target_sets/ResNet20BN_gradmatch_dog-bird.json", "target_select": 14, "use_jacobian_score": true, "victim_aug": false, "victim_bs": 125, "victim_decay": [40], "victim_epochs": 50, "victim_lr": 0.1, "victim_wd": 0.0}
[2026-08-26 11:36:37] Jacobian score: enabled, weight=1, batch_size=64
[2026-08-26 11:36:37] N_total=50000 budget=0.04 -> N_p=2000 poisons, y_adv=5(dog) target_class=2(bird)
[2026-08-26 11:36:37] === surrogates (20 x ResNet20BN, trained on the full real set) ===
[2026-08-26 11:36:38]   crafting on 5/20 surrogates
[2026-08-26 11:36:38] === clean victims (6 x ResNet20BN) ===
[2026-08-26 11:36:39]   clean baseline CTA = 0.8394 +/- 0.0032
[2026-08-26 11:36:39]   target pool 1000 -> eligible 972 (28 already predicted as y_adv or dropped)
[2026-08-26 11:36:39]   chosen 8 targets (file), p_adv range 0.0156..0.0181
[2026-08-26 11:36:39]   targets: [5118, 8740, 5324, 4630, 833, 2065, 7056, 9059]
[2026-08-26 11:36:39] === target 5118 (1/8) ===
[2026-08-26 11:36:41]   Jacobian score exact backend: torch.func JVP
[2026-08-26 12:52:59]   target 5118: crafted 2000 poisons in 4557 s, obj=0.19252
[2026-08-26 12:52:59]   target 5118: realized linf = 0.03137 (8.00/255), budget = 8.00/255
[2026-08-26 12:55:09]   [t5118 v1/6] SUCCESS (pred=dog) CTA=0.8327
[2026-08-26 12:57:20]   [t5118 v2/6] SUCCESS (pred=dog) CTA=0.8338
[2026-08-26 12:59:31]   [t5118 v3/6] SUCCESS (pred=dog) CTA=0.8330
[2026-08-26 13:01:41]   [t5118 v4/6] SUCCESS (pred=dog) CTA=0.8313
[2026-08-26 13:03:52]   [t5118 v5/6] SUCCESS (pred=dog) CTA=0.8356
[2026-08-26 13:06:03]   [t5118 v6/6] SUCCESS (pred=dog) CTA=0.8322
[2026-08-26 13:06:03]   target 5118, 6 victims on this gpu: ASR=100.0% CTA=0.8331 +/- 0.0014
[2026-08-26 13:06:03] === target 8740 (2/8) ===
[2026-08-26 14:22:15]   target 8740: crafted 2000 poisons in 4551 s, obj=0.16731
[2026-08-26 14:22:15]   target 8740: realized linf = 0.03137 (8.00/255), budget = 8.00/255
[2026-08-26 14:24:27]   [t8740 v1/6] SUCCESS (pred=dog) CTA=0.8330
[2026-08-26 14:26:38]   [t8740 v2/6] SUCCESS (pred=dog) CTA=0.8346
[2026-08-26 14:28:49]   [t8740 v3/6] SUCCESS (pred=dog) CTA=0.8291
[2026-08-26 14:30:59]   [t8740 v4/6] SUCCESS (pred=dog) CTA=0.8286
[2026-08-26 14:33:10]   [t8740 v5/6] SUCCESS (pred=dog) CTA=0.8391
[2026-08-26 14:35:20]   [t8740 v6/6] SUCCESS (pred=dog) CTA=0.8272
[2026-08-26 14:35:20]   target 8740, 6 victims on this gpu: ASR=100.0% CTA=0.8319 +/- 0.0041
[2026-08-26 14:35:20] === target 5324 (3/8) ===
[2026-08-26 15:51:32]   target 5324: crafted 2000 poisons in 4550 s, obj=0.18072
[2026-08-26 15:51:32]   target 5324: realized linf = 0.03137 (8.00/255), budget = 8.00/255
[2026-08-26 15:53:46]   [t5324 v1/6] SUCCESS (pred=dog) CTA=0.8401
[2026-08-26 15:55:59]   [t5324 v2/6] SUCCESS (pred=dog) CTA=0.8319
[2026-08-26 15:58:12]   [t5324 v3/6] SUCCESS (pred=dog) CTA=0.8348
[2026-08-26 16:00:25]   [t5324 v4/6] SUCCESS (pred=dog) CTA=0.8342
[2026-08-26 16:02:38]   [t5324 v5/6] SUCCESS (pred=dog) CTA=0.8372
[2026-08-26 16:04:50]   [t5324 v6/6] SUCCESS (pred=dog) CTA=0.8368
[2026-08-26 16:04:50]   target 5324, 6 victims on this gpu: ASR=100.0% CTA=0.8358 +/- 0.0026
[2026-08-26 16:04:50] === target 4630 (4/8) ===
[2026-08-26 17:21:08]   target 4630: crafted 2000 poisons in 4556 s, obj=0.15950
[2026-08-26 17:21:08]   target 4630: realized linf = 0.03137 (8.00/255), budget = 8.00/255
[2026-08-26 17:23:19]   [t4630 v1/6] SUCCESS (pred=dog) CTA=0.8365
[2026-08-26 17:25:30]   [t4630 v2/6] SUCCESS (pred=dog) CTA=0.8399
[2026-08-26 17:27:40]   [t4630 v3/6] SUCCESS (pred=dog) CTA=0.8315
[2026-08-26 17:29:50]   [t4630 v4/6] SUCCESS (pred=dog) CTA=0.8347
[2026-08-26 17:32:00]   [t4630 v5/6] SUCCESS (pred=dog) CTA=0.8322
[2026-08-26 17:34:10]   [t4630 v6/6] SUCCESS (pred=dog) CTA=0.8314
[2026-08-26 17:34:10]   target 4630, 6 victims on this gpu: ASR=100.0% CTA=0.8344 +/- 0.0031
[2026-08-26 17:34:10] === target 833 (5/8) ===
[2026-08-26 18:50:21]   target 833: crafted 2000 poisons in 4550 s, obj=0.16777
[2026-08-26 18:50:21]   target 833: realized linf = 0.03137 (8.00/255), budget = 8.00/255
[2026-08-26 18:52:33]   [t833 v1/6] SUCCESS (pred=dog) CTA=0.8386
[2026-08-26 18:54:43]   [t833 v2/6] SUCCESS (pred=dog) CTA=0.8294
[2026-08-26 18:56:52]   [t833 v3/6] SUCCESS (pred=dog) CTA=0.8367
[2026-08-26 18:59:02]   [t833 v4/6] SUCCESS (pred=dog) CTA=0.8337
[2026-08-26 19:01:12]   [t833 v5/6] SUCCESS (pred=dog) CTA=0.8328
[2026-08-26 19:03:22]   [t833 v6/6] SUCCESS (pred=dog) CTA=0.8315
[2026-08-26 19:03:22]   target 833, 6 victims on this gpu: ASR=100.0% CTA=0.8338 +/- 0.0031
[2026-08-26 19:03:22] === target 2065 (6/8) ===
