stage: optional directory absent: /home/mmoslem3/scratch/attack_if/ours_result/CIFAR10_VGG13BN_sapa_ours_dog-bird_b0.02_eps8_seed42_lam1_cosine_jacw1_worst0.05_ce5_tgt50
job: 5033568 b2040_attack_044_vgg13_sapa_dog_bird_b0_02_ours_j on kn002
work: /tmp/attack_if
config: USE_JACOBIAN_SCORE=1 JACOBIAN_WEIGHT=1.0 JACOBIAN_BATCH_SIZE=64 CLASS_PAIR=dog-bird MODEL=VGG13BN ATTACK=sapa SHARP_MODE=worst SHARP_SIGMA=0.05 BUDGETS=0.02 SELECT=ours SEL_ALPHA=2.0 NUM_TARGETS=8 NUM_VICTIMS=6 sh sel_dpp.sh
protocol: attack=8 targets x 6 victims
gpu: NVIDIA L40S
=== ours (plain greedy top-N_p by score) | VGG13BN / sapa / dog-bird | sharp worst sigma=0.05 ===
    targets: pinned from target_sets/VGG13BN_gradmatch_dog-bird.json (same 10 the random-base run attacked)
    difficulty label tgt50   craft flags: --craft_lowmem --craft_batch 256 --fast_gradmatch
    Jacobian score enabled (weight=1.0, batch=64)
    budgets: 0.02

--- ours | VGG13BN / sapa / dog-bird | sharp worst sigma=0.05 | budget 0.02 ---
[2026-08-26 11:29:35] === run start: CIFAR10_VGG13BN_sapa_ours_dog-bird_b0.02_eps8_seed42_lam1_cosine_jacw1_worst0.05_ce5_tgt50 on cuda [0] ===
[2026-08-26 11:29:35] args: {"FORCE": false, "attack": "sapa", "base": "ours", "base_dist": "cosine", "base_topr": null, "budget": 0.02, "cache_dir": "/tmp/attack_if/cache", "class_pair": "dog-bird", "clean_baseline": true, "craft_alpha": 0.0039216, "craft_aug": true, "craft_batch": 256, "craft_ensemble": 5, "craft_lowmem": true, "craft_schedule": false, "craft_steps": 250, "data_path": "/tmp/data", "dataset": "CIFAR10", "dsa_strategy": "color_crop_cutout_flip_scale_rotate", "epsilon": 0.0313725, "fast_gradmatch": true, "fc_mode": "sample", "fc_restarts": 1, "gpus": "all", "jacobian_batch_size": 64, "jacobian_weight": 1.0, "lambda_margin": 1.0, "model": "VGG13BN", "no_resume": false, "num_poisons": 500, "num_surrogates": 20, "num_targets": 8, "num_victims": 6, "out_dir": "/tmp/attack_if/ours_result", "pair_order": "poison-target", "parallel_pretrain": true, "parallel_targets": true, "precompute_id": null, "precompute_only": false, "precompute_part": "both", "rank_on_victims": true, "recompute_deltas": false, "require_correct_target": false, "restarts": 8, "seed": 42, "sel_K": null, "sel_alpha": 1.0, "sel_criterion": null, "sel_dpp": false, "sel_filter": false, "sel_mmr": false, "sel_mode": null, "sel_model": null, "sel_mu": 1.0, "sel_pca": false, "sel_pool": 3.0, "sharp_mode": "worst", "sharp_samples": 20, "sharp_sigma": 0.05, "steal_timeout": 7200.0, "surrogate_aug": false, "surrogate_bs": 128, "surrogate_decay": [35, 45], "surrogate_epochs": 60, "surrogate_lr": 0.1, "surrogate_wd": 0.0, "target_idx_file": "target_sets/VGG13BN_gradmatch_dog-bird.json", "target_select": 50, "use_jacobian_score": true, "victim_aug": false, "victim_bs": 125, "victim_decay": [40], "victim_epochs": 50, "victim_lr": 0.1, "victim_wd": 0.0}
[2026-08-26 11:29:35] Jacobian score: enabled, weight=1, batch_size=64
[2026-08-26 11:29:35] N_total=50000 budget=0.02 -> N_p=1000 poisons, y_adv=5(dog) target_class=2(bird)
[2026-08-26 11:29:35] === surrogates (20 x VGG13BN, trained on the full real set) ===
[2026-08-26 11:29:36]   crafting on 5/20 surrogates
[2026-08-26 11:29:36] === clean victims (6 x VGG13BN) ===
[2026-08-26 11:29:38]   clean baseline CTA = 0.8476 +/- 0.0158
[2026-08-26 11:29:38]   target pool 1000 -> eligible 970 (30 already predicted as y_adv or dropped)
[2026-08-26 11:29:38]   chosen 8 targets (file), p_adv range 0.0000..0.0000
[2026-08-26 11:29:38]   targets: [630, 409, 2270, 9870, 1656, 5022, 9090, 6033]
[2026-08-26 11:29:38] === target 630 (1/8) ===
[2026-08-26 11:29:40]   Jacobian score exact backend: torch.func JVP
[2026-08-26 12:09:19]   target 630: crafted 1000 poisons in 2365 s, obj=0.27544
[2026-08-26 12:09:19]   target 630: realized linf = 0.03137 (8.00/255), budget = 8.00/255
[2026-08-26 12:11:02]   [t630 v1/6] SUCCESS (pred=dog) CTA=0.8638
[2026-08-26 12:12:44]   [t630 v2/6] SUCCESS (pred=dog) CTA=0.8563
[2026-08-26 12:14:26]   [t630 v3/6] SUCCESS (pred=dog) CTA=0.8612
[2026-08-26 12:16:07]   [t630 v4/6] SUCCESS (pred=dog) CTA=0.8561
[2026-08-26 12:17:49]   [t630 v5/6] SUCCESS (pred=dog) CTA=0.8493
[2026-08-26 12:19:31]   [t630 v6/6] SUCCESS (pred=dog) CTA=0.8543
[2026-08-26 12:19:31]   target 630, 6 victims on this gpu: ASR=100.0% CTA=0.8568 +/- 0.0047
[2026-08-26 12:19:31] === target 409 (2/8) ===
[2026-08-26 12:59:25]   target 409: crafted 1000 poisons in 2378 s, obj=0.24191
[2026-08-26 12:59:25]   target 409: realized linf = 0.03137 (8.00/255), budget = 8.00/255
[2026-08-26 13:01:08]   [t409 v1/6] SUCCESS (pred=dog) CTA=0.8511
[2026-08-26 13:02:50]   [t409 v2/6] SUCCESS (pred=dog) CTA=0.8375
[2026-08-26 13:04:32]   [t409 v3/6] SUCCESS (pred=dog) CTA=0.8511
[2026-08-26 13:06:14]   [t409 v4/6] SUCCESS (pred=dog) CTA=0.8587
[2026-08-26 13:07:56]   [t409 v5/6] SUCCESS (pred=dog) CTA=0.8603
[2026-08-26 13:09:38]   [t409 v6/6] SUCCESS (pred=dog) CTA=0.8423
[2026-08-26 13:09:38]   target 409, 6 victims on this gpu: ASR=100.0% CTA=0.8502 +/- 0.0082
[2026-08-26 13:09:38] === target 2270 (3/8) ===
[2026-08-26 13:49:32]   target 2270: crafted 1000 poisons in 2378 s, obj=0.25071
[2026-08-26 13:49:32]   target 2270: realized linf = 0.03137 (8.00/255), budget = 8.00/255
[2026-08-26 13:51:15]   [t2270 v1/6] SUCCESS (pred=dog) CTA=0.8611
[2026-08-26 13:52:57]   [t2270 v2/6] SUCCESS (pred=dog) CTA=0.8572
[2026-08-26 13:54:39]   [t2270 v3/6] SUCCESS (pred=dog) CTA=0.8435
[2026-08-26 13:56:22]   [t2270 v4/6] SUCCESS (pred=dog) CTA=0.8489
[2026-08-26 13:58:03]   [t2270 v5/6] SUCCESS (pred=dog) CTA=0.8371
[2026-08-26 13:59:45]   [t2270 v6/6] SUCCESS (pred=dog) CTA=0.8545
[2026-08-26 13:59:45]   target 2270, 6 victims on this gpu: ASR=100.0% CTA=0.8504 +/- 0.0082
[2026-08-26 13:59:45] === target 9870 (4/8) ===
[2026-08-26 14:39:28]   target 9870: crafted 1000 poisons in 2368 s, obj=0.23966
[2026-08-26 14:39:28]   target 9870: realized linf = 0.03137 (8.00/255), budget = 8.00/255
[2026-08-26 14:41:11]   [t9870 v1/6] SUCCESS (pred=dog) CTA=0.8595
[2026-08-26 14:42:53]   [t9870 v2/6] SUCCESS (pred=dog) CTA=0.8479
[2026-08-26 14:44:35]   [t9870 v3/6] SUCCESS (pred=dog) CTA=0.8555
[2026-08-26 14:46:17]   [t9870 v4/6] SUCCESS (pred=dog) CTA=0.8467
[2026-08-26 14:47:59]   [t9870 v5/6] SUCCESS (pred=dog) CTA=0.8495
[2026-08-26 14:49:41]   [t9870 v6/6] SUCCESS (pred=dog) CTA=0.8478
[2026-08-26 14:49:41]   target 9870, 6 victims on this gpu: ASR=100.0% CTA=0.8512 +/- 0.0047
[2026-08-26 14:49:41] === target 1656 (5/8) ===
[2026-08-26 15:29:24]   target 1656: crafted 1000 poisons in 2367 s, obj=0.24654
[2026-08-26 15:29:24]   target 1656: realized linf = 0.03137 (8.00/255), budget = 8.00/255
[2026-08-26 15:31:07]   [t1656 v1/6] SUCCESS (pred=dog) CTA=0.8478
[2026-08-26 15:32:49]   [t1656 v2/6] SUCCESS (pred=dog) CTA=0.8527
[2026-08-26 15:34:31]   [t1656 v3/6] SUCCESS (pred=dog) CTA=0.8519
[2026-08-26 15:36:13]   [t1656 v4/6] SUCCESS (pred=dog) CTA=0.8684
[2026-08-26 15:37:55]   [t1656 v5/6] SUCCESS (pred=dog) CTA=0.8497
[2026-08-26 15:39:37]   [t1656 v6/6] SUCCESS (pred=dog) CTA=0.8515
[2026-08-26 15:39:37]   target 1656, 6 victims on this gpu: ASR=100.0% CTA=0.8537 +/- 0.0068
[2026-08-26 15:39:37] === target 5022 (6/8) ===
[2026-08-26 16:19:18]   target 5022: crafted 1000 poisons in 2367 s, obj=0.24768
[2026-08-26 16:19:18]   target 5022: realized linf = 0.03137 (8.00/255), budget = 8.00/255
[2026-08-26 16:21:01]   [t5022 v1/6] SUCCESS (pred=dog) CTA=0.8447
[2026-08-26 16:22:44]   [t5022 v2/6] SUCCESS (pred=dog) CTA=0.8522
