job: 5033564 b2040_attack_040_resnet20_sapa_frog_airplane_b0_02_ours_std on kn102
work: /tmp/attack_if
config: USE_JACOBIAN_SCORE=0 JACOBIAN_WEIGHT=1.0 JACOBIAN_BATCH_SIZE=64 CLASS_PAIR=frog-airplane MODEL=ResNet20BN ATTACK=sapa SHARP_MODE=worst SHARP_SIGMA=0.05 BUDGETS=0.02 SELECT=ours SEL_ALPHA=2.0 NUM_TARGETS=8 NUM_VICTIMS=6 sh sel_dpp.sh
protocol: attack=8 targets x 6 victims
gpu: NVIDIA L40S
=== ours (plain greedy top-N_p by score) | ResNet20BN / sapa / frog-airplane | sharp worst sigma=0.05 ===
    targets: pinned from target_sets/ResNet20BN_gradmatch_frog-airplane.json (same 10 the random-base run attacked)
    difficulty label tgt10   craft flags: none
    Jacobian score disabled
    budgets: 0.02

--- ours | ResNet20BN / sapa / frog-airplane | sharp worst sigma=0.05 | budget 0.02 ---
[2026-08-26 11:26:58] === run start: CIFAR10_ResNet20BN_sapa_ours_frog-airplane_b0.02_eps8_seed42_lam1_cosine_worst0.05_ce5_tgt10 on cuda [0] ===
[2026-08-26 11:26:58] args: {"FORCE": false, "attack": "sapa", "base": "ours", "base_dist": "cosine", "base_topr": null, "budget": 0.02, "cache_dir": "/tmp/attack_if/cache", "class_pair": "frog-airplane", "clean_baseline": true, "craft_alpha": 0.0039216, "craft_aug": true, "craft_batch": 256, "craft_ensemble": 5, "craft_lowmem": false, "craft_schedule": false, "craft_steps": 250, "data_path": "/tmp/data", "dataset": "CIFAR10", "dsa_strategy": "color_crop_cutout_flip_scale_rotate", "epsilon": 0.0313725, "fast_gradmatch": false, "fc_mode": "sample", "fc_restarts": 1, "gpus": "all", "jacobian_batch_size": 64, "jacobian_weight": 1.0, "lambda_margin": 1.0, "model": "ResNet20BN", "no_resume": false, "num_poisons": 500, "num_surrogates": 20, "num_targets": 8, "num_victims": 6, "out_dir": "/tmp/attack_if/ours_result", "pair_order": "poison-target", "parallel_pretrain": true, "parallel_targets": true, "precompute_id": null, "precompute_only": false, "precompute_part": "both", "rank_on_victims": true, "recompute_deltas": false, "require_correct_target": false, "restarts": 8, "seed": 42, "sel_K": null, "sel_alpha": 1.0, "sel_criterion": null, "sel_dpp": false, "sel_filter": false, "sel_mmr": false, "sel_mode": null, "sel_model": null, "sel_mu": 1.0, "sel_pca": false, "sel_pool": 3.0, "sharp_mode": "worst", "sharp_samples": 20, "sharp_sigma": 0.05, "steal_timeout": 7200.0, "surrogate_aug": false, "surrogate_bs": 128, "surrogate_decay": [35, 45], "surrogate_epochs": 60, "surrogate_lr": 0.1, "surrogate_wd": 0.0, "target_idx_file": "target_sets/ResNet20BN_gradmatch_frog-airplane.json", "target_select": 10, "use_jacobian_score": false, "victim_aug": false, "victim_bs": 125, "victim_decay": [40], "victim_epochs": 50, "victim_lr": 0.1, "victim_wd": 0.0}
[2026-08-26 11:26:58] Jacobian score: disabled
[2026-08-26 11:26:58] N_total=50000 budget=0.02 -> N_p=1000 poisons, y_adv=6(frog) target_class=0(airplane)
[2026-08-26 11:26:58] === surrogates (20 x ResNet20BN, trained on the full real set) ===
[2026-08-26 11:26:59]   crafting on 5/20 surrogates
[2026-08-26 11:26:59] === clean victims (6 x ResNet20BN) ===
[2026-08-26 11:27:00]   clean baseline CTA = 0.8394 +/- 0.0032
[2026-08-26 11:27:00]   target pool 1000 -> eligible 998 (2 already predicted as y_adv or dropped)
[2026-08-26 11:27:00]   chosen 8 targets (file), p_adv range 0.0001..0.0001
[2026-08-26 11:27:00]   targets: [9235, 338, 255, 3207, 8563, 912, 4639, 2570]
[2026-08-26 11:27:00] === target 9235 (1/8) ===
[2026-08-26 12:02:15]   target 9235: crafted 1000 poisons in 2114 s, obj=0.20291
[2026-08-26 12:02:15]   target 9235: realized linf = 0.03137 (8.00/255), budget = 8.00/255
[2026-08-26 12:04:26]   [t9235 v1/6] SUCCESS (pred=frog) CTA=0.8384
[2026-08-26 12:06:39]   [t9235 v2/6] SUCCESS (pred=frog) CTA=0.8396
[2026-08-26 12:08:52]   [t9235 v3/6] SUCCESS (pred=frog) CTA=0.8368
[2026-08-26 12:11:07]   [t9235 v4/6] SUCCESS (pred=frog) CTA=0.8288
[2026-08-26 12:13:20]   [t9235 v5/6] SUCCESS (pred=frog) CTA=0.8330
[2026-08-26 12:15:35]   [t9235 v6/6] SUCCESS (pred=frog) CTA=0.8374
[2026-08-26 12:15:35]   target 9235, 6 victims on this gpu: ASR=100.0% CTA=0.8357 +/- 0.0037
[2026-08-26 12:15:35] === target 338 (2/8) ===
[2026-08-26 12:50:48]   target 338: crafted 1000 poisons in 2111 s, obj=0.20805
[2026-08-26 12:50:48]   target 338: realized linf = 0.03137 (8.00/255), budget = 8.00/255
[2026-08-26 12:53:00]   [t338 v1/6] SUCCESS (pred=frog) CTA=0.8329
[2026-08-26 12:55:11]   [t338 v2/6] fail (pred=airplane) CTA=0.8358
[2026-08-26 12:57:21]   [t338 v3/6] SUCCESS (pred=frog) CTA=0.8311
[2026-08-26 12:59:32]   [t338 v4/6] SUCCESS (pred=frog) CTA=0.8322
[2026-08-26 13:01:43]   [t338 v5/6] SUCCESS (pred=frog) CTA=0.8333
[2026-08-26 13:03:54]   [t338 v6/6] SUCCESS (pred=frog) CTA=0.8349
[2026-08-26 13:03:54]   target 338, 6 victims on this gpu: ASR=83.3% CTA=0.8334 +/- 0.0016
[2026-08-26 13:03:54] === target 255 (3/8) ===
