job: 5033526 b2040_attack_004_resnet20_fc_frog_airplane_b0_02_ours_std on kn046
work: /tmp/attack_if
config: USE_JACOBIAN_SCORE=0 JACOBIAN_WEIGHT=1.0 JACOBIAN_BATCH_SIZE=64 CLASS_PAIR=frog-airplane MODEL=ResNet20BN ATTACK=fc BUDGETS=0.02 SELECT=ours SEL_ALPHA=2.0 NUM_TARGETS=8 NUM_VICTIMS=6 sh sel_dpp.sh
protocol: attack=8 targets x 6 victims
gpu: NVIDIA L40S
=== ours (plain greedy top-N_p by score) | ResNet20BN / fc / frog-airplane ===
    targets: pinned from target_sets/ResNet20BN_fc_frog-airplane.json (same 10 the random-base run attacked)
    difficulty label tgt2   craft flags: none
    Jacobian score disabled
    budgets: 0.02

--- ours | ResNet20BN / fc / frog-airplane | budget 0.02 ---
[2026-08-26 10:42:47] === run start: CIFAR10_ResNet20BN_fc_ours_frog-airplane_b0.02_eps8_seed42_lam1_cosine_ce5_tgt2 on cuda [0] ===
[2026-08-26 10:42:47] args: {"FORCE": false, "attack": "fc", "base": "ours", "base_dist": "cosine", "base_topr": null, "budget": 0.02, "cache_dir": "/tmp/attack_if/cache", "class_pair": "frog-airplane", "clean_baseline": true, "craft_alpha": 0.0039216, "craft_aug": true, "craft_batch": 256, "craft_ensemble": 5, "craft_lowmem": false, "craft_schedule": false, "craft_steps": 250, "data_path": "/tmp/data", "dataset": "CIFAR10", "dsa_strategy": "color_crop_cutout_flip_scale_rotate", "epsilon": 0.0313725, "fast_gradmatch": false, "fc_mode": "sample", "fc_restarts": 1, "gpus": "all", "jacobian_batch_size": 64, "jacobian_weight": 1.0, "lambda_margin": 1.0, "model": "ResNet20BN", "no_resume": false, "num_poisons": 500, "num_surrogates": 20, "num_targets": 8, "num_victims": 6, "out_dir": "/tmp/attack_if/ours_result", "pair_order": "poison-target", "parallel_pretrain": true, "parallel_targets": true, "precompute_id": null, "precompute_only": false, "precompute_part": "both", "rank_on_victims": true, "recompute_deltas": false, "require_correct_target": false, "restarts": 8, "seed": 42, "sel_K": null, "sel_alpha": 1.0, "sel_criterion": null, "sel_dpp": false, "sel_filter": false, "sel_mmr": false, "sel_mode": null, "sel_model": null, "sel_mu": 1.0, "sel_pca": false, "sel_pool": 3.0, "sharp_mode": "worst", "sharp_samples": 20, "sharp_sigma": 0.05, "steal_timeout": 7200.0, "surrogate_aug": false, "surrogate_bs": 128, "surrogate_decay": [35, 45], "surrogate_epochs": 60, "surrogate_lr": 0.1, "surrogate_wd": 0.0, "target_idx_file": "target_sets/ResNet20BN_fc_frog-airplane.json", "target_select": 2, "use_jacobian_score": false, "victim_aug": false, "victim_bs": 125, "victim_decay": [40], "victim_epochs": 50, "victim_lr": 0.1, "victim_wd": 0.0}
[2026-08-26 10:42:47] Jacobian score: disabled
[2026-08-26 10:42:47] N_total=50000 budget=0.02 -> N_p=1000 poisons, y_adv=6(frog) target_class=0(airplane)
[2026-08-26 10:42:47] === surrogates (20 x ResNet20BN, trained on the full real set) ===
[2026-08-26 10:42:47]   crafting on 5/20 surrogates
[2026-08-26 10:42:47] === clean victims (6 x ResNet20BN) ===
[2026-08-26 10:42:48]   clean baseline CTA = 0.8394 +/- 0.0032
[2026-08-26 10:42:48]   target pool 1000 -> eligible 998 (2 already predicted as y_adv or dropped)
[2026-08-26 10:42:48]   chosen 8 targets (file), p_adv range 0.0220..0.0471
[2026-08-26 10:42:48]   targets: [9273, 2535, 4118, 5462, 8476, 3342, 313, 4490]
[2026-08-26 10:42:49]   merged 2 rows left behind by an interrupted run
[2026-08-26 10:42:49]   resume: 2 (target, victim) trials already done
[2026-08-26 10:42:49] === target 9273 (1/8) ===
[2026-08-26 10:42:49]   target 9273: realized linf = 0.03137 (8.00/255), budget = 8.00/255
[2026-08-26 10:45:00]   [t9273 v3/6] fail (pred=airplane) CTA=0.8334
[2026-08-26 10:47:11]   [t9273 v4/6] fail (pred=airplane) CTA=0.8374
[2026-08-26 10:49:22]   [t9273 v5/6] fail (pred=airplane) CTA=0.8338
[2026-08-26 10:51:32]   [t9273 v6/6] fail (pred=bird) CTA=0.8351
[2026-08-26 10:51:32]   target 9273, 4 victims on this gpu: ASR=0.0% CTA=0.8349 +/- 0.0016
[2026-08-26 10:51:32] === target 2535 (2/8) ===
[2026-08-26 10:51:56]   target 2535: crafted 1000 poisons in 22 s, obj=0.01759
[2026-08-26 10:51:56]   target 2535: realized linf = 0.03137 (8.00/255), budget = 8.00/255
[2026-08-26 10:54:08]   [t2535 v1/6] fail (pred=horse) CTA=0.8382
[2026-08-26 10:56:19]   [t2535 v2/6] fail (pred=airplane) CTA=0.8384
[2026-08-26 10:58:31]   [t2535 v3/6] SUCCESS (pred=frog) CTA=0.8390
[2026-08-26 11:00:42]   [t2535 v4/6] fail (pred=airplane) CTA=0.8357
[2026-08-26 11:02:54]   [t2535 v5/6] fail (pred=bird) CTA=0.8320
[2026-08-26 11:05:06]   [t2535 v6/6] SUCCESS (pred=frog) CTA=0.8410
[2026-08-26 11:05:06]   target 2535, 6 victims on this gpu: ASR=33.3% CTA=0.8374 +/- 0.0029
[2026-08-26 11:05:06] === target 4118 (3/8) ===
[2026-08-26 11:05:30]   target 4118: crafted 1000 poisons in 22 s, obj=0.02395
[2026-08-26 11:05:30]   target 4118: realized linf = 0.03137 (8.00/255), budget = 8.00/255
[2026-08-26 11:07:42]   [t4118 v1/6] fail (pred=airplane) CTA=0.8416
[2026-08-26 11:09:54]   [t4118 v2/6] fail (pred=airplane) CTA=0.8324
[2026-08-26 11:12:07]   [t4118 v3/6] fail (pred=airplane) CTA=0.8350
[2026-08-26 11:14:18]   [t4118 v4/6] fail (pred=airplane) CTA=0.8323
[2026-08-26 11:16:30]   [t4118 v5/6] fail (pred=airplane) CTA=0.8393
[2026-08-26 11:18:41]   [t4118 v6/6] fail (pred=airplane) CTA=0.8399
[2026-08-26 11:18:41]   target 4118, 6 victims on this gpu: ASR=0.0% CTA=0.8367 +/- 0.0037
[2026-08-26 11:18:41] === target 5462 (4/8) ===
[2026-08-26 11:19:05]   target 5462: crafted 1000 poisons in 22 s, obj=0.02109
[2026-08-26 11:19:05]   target 5462: realized linf = 0.03137 (8.00/255), budget = 8.00/255
[2026-08-26 11:21:17]   [t5462 v1/6] fail (pred=airplane) CTA=0.8385
[2026-08-26 11:23:28]   [t5462 v2/6] fail (pred=airplane) CTA=0.8366
[2026-08-26 11:25:40]   [t5462 v3/6] SUCCESS (pred=frog) CTA=0.8323
[2026-08-26 11:27:51]   [t5462 v4/6] fail (pred=airplane) CTA=0.8389
[2026-08-26 11:30:03]   [t5462 v5/6] SUCCESS (pred=frog) CTA=0.8403
[2026-08-26 11:32:14]   [t5462 v6/6] SUCCESS (pred=frog) CTA=0.8400
[2026-08-26 11:32:14]   target 5462, 6 victims on this gpu: ASR=50.0% CTA=0.8378 +/- 0.0027
[2026-08-26 11:32:14] === target 8476 (5/8) ===
[2026-08-26 11:32:38]   target 8476: crafted 1000 poisons in 22 s, obj=0.01508
[2026-08-26 11:32:38]   target 8476: realized linf = 0.03137 (8.00/255), budget = 8.00/255
[2026-08-26 11:34:49]   [t8476 v1/6] fail (pred=airplane) CTA=0.8380
[2026-08-26 11:37:01]   [t8476 v2/6] SUCCESS (pred=frog) CTA=0.8421
[2026-08-26 11:39:12]   [t8476 v3/6] fail (pred=deer) CTA=0.8388
[2026-08-26 11:41:24]   [t8476 v4/6] fail (pred=deer) CTA=0.8398
[2026-08-26 11:43:35]   [t8476 v5/6] SUCCESS (pred=frog) CTA=0.8315
[2026-08-26 11:45:47]   [t8476 v6/6] fail (pred=deer) CTA=0.8339
[2026-08-26 11:45:47]   target 8476, 6 victims on this gpu: ASR=33.3% CTA=0.8373 +/- 0.0036
[2026-08-26 11:45:47] === target 3342 (6/8) ===
[2026-08-26 11:46:11]   target 3342: crafted 1000 poisons in 22 s, obj=0.01993
[2026-08-26 11:46:11]   target 3342: realized linf = 0.03137 (8.00/255), budget = 8.00/255
[2026-08-26 11:48:22]   [t3342 v1/6] SUCCESS (pred=frog) CTA=0.8423
[2026-08-26 11:50:34]   [t3342 v2/6] SUCCESS (pred=frog) CTA=0.8380
[2026-08-26 11:52:45]   [t3342 v3/6] SUCCESS (pred=frog) CTA=0.8333
[2026-08-26 11:54:56]   [t3342 v4/6] fail (pred=airplane) CTA=0.8301
[2026-08-26 11:57:07]   [t3342 v5/6] SUCCESS (pred=frog) CTA=0.8347
[2026-08-26 11:59:19]   [t3342 v6/6] SUCCESS (pred=frog) CTA=0.8391
[2026-08-26 11:59:19]   target 3342, 6 victims on this gpu: ASR=83.3% CTA=0.8363 +/- 0.0040
[2026-08-26 11:59:19] === target 313 (7/8) ===
[2026-08-26 11:59:42]   target 313: crafted 1000 poisons in 22 s, obj=0.02093
[2026-08-26 11:59:42]   target 313: realized linf = 0.03137 (8.00/255), budget = 8.00/255
[2026-08-26 12:01:53]   [t313 v1/6] fail (pred=bird) CTA=0.8404
[2026-08-26 12:04:05]   [t313 v2/6] fail (pred=bird) CTA=0.8335
[2026-08-26 12:06:16]   [t313 v3/6] fail (pred=bird) CTA=0.8315
[2026-08-26 12:08:27]   [t313 v4/6] fail (pred=cat) CTA=0.8365
[2026-08-26 12:10:39]   [t313 v5/6] fail (pred=bird) CTA=0.8333
[2026-08-26 12:12:50]   [t313 v6/6] fail (pred=bird) CTA=0.8411
[2026-08-26 12:12:50]   target 313, 6 victims on this gpu: ASR=0.0% CTA=0.8361 +/- 0.0036
[2026-08-26 12:12:50] === target 4490 (8/8) ===
[2026-08-26 12:13:14]   target 4490: crafted 1000 poisons in 22 s, obj=0.01995
[2026-08-26 12:13:14]   target 4490: realized linf = 0.03137 (8.00/255), budget = 8.00/255
[2026-08-26 12:15:25]   [t4490 v1/6] SUCCESS (pred=frog) CTA=0.8345
[2026-08-26 12:17:37]   [t4490 v2/6] SUCCESS (pred=frog) CTA=0.8379
[2026-08-26 12:19:48]   [t4490 v3/6] SUCCESS (pred=frog) CTA=0.8430
[2026-08-26 12:21:59]   [t4490 v4/6] SUCCESS (pred=frog) CTA=0.8280
[2026-08-26 12:24:10]   [t4490 v5/6] SUCCESS (pred=frog) CTA=0.8327
[2026-08-26 12:26:22]   [t4490 v6/6] SUCCESS (pred=frog) CTA=0.8317
[2026-08-26 12:26:22]   target 4490, 6 victims on this gpu: ASR=100.0% CTA=0.8346 +/- 0.0048
[2026-08-26 12:26:22] ==== CIFAR10_ResNet20BN_fc_ours_frog-airplane_b0.02_eps8_seed42_lam1_cosine_ce5_tgt2 : ASR = 41.7% +/- 33.3% | CTA = 0.8366 (baseline 0.8394) ====
[2026-08-26 12:26:22]   target-prediction tally ['airplane', 'automobile', 'bird', 'cat', 'deer', 'dog', 'frog', 'horse', 'ship', 'truck']: [16, 0, 7, 1, 3, 0, 18, 1, 0, 0]

sync: preserving outputs in /home/mmoslem3/scratch/attack_if
sync: complete
