gpu: NVIDIA L40S
cache: waiting for shared ResNet20BN checkpoint lock
cache: ResNet20BN checkpoints ready
run: waiting for duplicate-submission lock
targets: 10 unique pinned indices: 3495 2903 6697 2315 6899 2312 6353 4421 2242 6768
job: 1005444 bkr003_k10_bp_b0002_vr20_sr20 on rack13-09
config: category=k_pattern attack=fc budget=0.002 V=ResNet20BN S=ResNet20BN K=10 base=ours base_dist=cosine lambda_margin=1 jacobian=off craft_steps=250 targets=10 victims=6; table K10=33.3 exceeds fixed K20=25
protocol: method=ours Jacobian=off targets=10 victims=6 selector_K=10 component=basis
protocol: 30 shared surrogates available; crafting always uses V checkpoints 0..4
output: /home/mmoslem3/scratch/PoisonBase/basis_k_rand_rerun_20260919_result/CIFAR10_ResNet20BN_fc_ours_dog-bird_b0.002_eps8_seed42_lam1_cosine_K10_ce5_tgt10
[2026-09-19 03:16:41] === run start: CIFAR10_ResNet20BN_fc_ours_dog-bird_b0.002_eps8_seed42_lam1_cosine_K10_ce5_tgt10 on cuda [0] ===
[2026-09-19 03:16:41] args: {"FORCE": false, "attack": "fc", "base": "ours", "base_dist": "cosine", "base_topr": null, "budget": 0.002, "cache_dir": "/tmp/PoisonBase_cross_arch_k_10x6/cache", "class_pair": "dog-bird", "clean_baseline": true, "craft_alpha": 0.0039216, "craft_aug": true, "craft_batch": 256, "craft_ensemble": 5, "craft_lowmem": false, "craft_schedule": false, "craft_steps": 250, "data_path": "/tmp/PoisonBase_cross_arch_k_10x6/data", "dataset": "CIFAR10", "distance_margin_coef": null, "dsa_strategy": "color_crop_cutout_flip_scale_rotate", "epsilon": 0.0313725, "fast_gradmatch": false, "fc_mode": "sample", "fc_restarts": 1, "fus_alpha": 0.5, "fus_iters": 10, "fus_proxy_restarts": 0, "fus_proxy_steps": 0, "fus_search_decay": [40], "fus_search_epochs": 50, "gpus": "all", "jacobian_batch_size": 64, "jacobian_weight": 1.0, "keep_pinned_targets": false, "lambda_margin": 1.0, "model": "ResNet20BN", "no_resume": false, "num_poisons": 500, "num_surrogates": 30, "num_targets": 10, "num_victims": 6, "out_dir": "/tmp/PoisonBase_cross_arch_k_10x6/cross_arch_k_10x6_result", "pair_order": "poison-target", "parallel_pretrain": true, "parallel_targets": true, "precompute_id": null, "precompute_only": false, "precompute_part": "both", "rank_on_victims": true, "recompute_deltas": false, "require_correct_target": false, "restarts": 8, "seed": 42, "sel_K": 10, "sel_alpha": 1.0, "sel_criterion": null, "sel_dpp": false, "sel_filter": false, "sel_metric_epoch": 10, "sel_mmr": false, "sel_mode": null, "sel_model": "ResNet20BN", "sel_mu": 1.0, "sel_pca": false, "sel_pool": 3.0, "selector_metric_dir": null, "sharp_mode": "worst", "sharp_samples": 20, "sharp_sigma": 0.05, "steal_timeout": 7200.0, "surrogate_aug": false, "surrogate_bs": 128, "surrogate_decay": [35, 45], "surrogate_epochs": 60, "surrogate_lr": 0.1, "surrogate_wd": 0.0, "target_idx_file": "/tmp/PoisonBase_cross_arch_k_10x6/target_sets/ResNet20BN_fc_dog-bird.json", "target_select": 10, "use_jacobian_score": false, "victim_aug": false, "victim_bs": 125, "victim_decay": [40], "victim_epochs": 50, "victim_lr": 0.1, "victim_model": null, "victim_wd": 0.0}
[2026-09-19 03:16:41] Jacobian score: disabled
[2026-09-19 03:16:41] N_total=50000 budget=0.002 -> N_p=100 poisons, y_adv=5(dog) target_class=2(bird)
[2026-09-19 03:16:41] === selection/crafting surrogates (30 x ResNet20BN, trained on the full real set) ===
[2026-09-19 03:16:42]   crafting on 5/30 surrogates
[2026-09-19 03:16:42] === clean victims (6 x ResNet20BN) ===
[2026-09-19 03:16:43]   clean baseline CTA = 0.8354 +/- 0.0043
[2026-09-19 03:16:43]   target pool 1000 -> eligible 978 (22 already predicted as y_adv or dropped)
[2026-09-19 03:16:43]   chosen 10 targets (file), p_adv range 0.0001..0.3564
[2026-09-19 03:16:43]   targets: [3495, 2903, 6697, 2315, 6899, 2312, 6353, 4421, 2242, 6768]
[2026-09-19 03:16:43] === target 3495 (1/10) ===
[2026-09-19 03:16:44]   target 3495: selector overhead 0.679 s, CUDA peak 971.6 MiB (incremental 218.9 MiB)
[2026-09-19 03:16:47]   target 3495: crafted 100 poisons in 3 s, obj=0.01380, CUDA peak=1508.7 MiB (incremental 754.8 MiB)
[2026-09-19 03:16:47]   target 3495: realized linf = 0.03137 (8.00/255), budget = 8.00/255
[2026-09-19 03:18:23]   [t3495 v1/6] SUCCESS (pred=dog) CTA=0.8430
[2026-09-19 03:20:00]   [t3495 v2/6] fail (pred=bird) CTA=0.8309
[2026-09-19 03:21:36]   [t3495 v3/6] SUCCESS (pred=dog) CTA=0.8401
[2026-09-19 03:23:12]   [t3495 v4/6] SUCCESS (pred=dog) CTA=0.8343
[2026-09-19 03:24:48]   [t3495 v5/6] fail (pred=horse) CTA=0.8305
[2026-09-19 03:26:25]   [t3495 v6/6] SUCCESS (pred=dog) CTA=0.8328
[2026-09-19 03:26:25]   target 3495, 6 victims on this gpu: ASR=66.7% CTA=0.8353 +/- 0.0047
[2026-09-19 03:26:25] === target 2903 (2/10) ===
[2026-09-19 03:26:25]   target 2903: selector overhead 0.632 s, CUDA peak 979.7 MiB (incremental 218.9 MiB)
[2026-09-19 03:26:28]   target 2903: crafted 100 poisons in 3 s, obj=0.01996, CUDA peak=1519.2 MiB (incremental 757.3 MiB)
[2026-09-19 03:26:28]   target 2903: realized linf = 0.03137 (8.00/255), budget = 8.00/255
[2026-09-19 03:28:05]   [t2903 v1/6] fail (pred=bird) CTA=0.8289
[2026-09-19 03:29:41]   [t2903 v2/6] fail (pred=cat) CTA=0.8406
[2026-09-19 03:31:17]   [t2903 v3/6] SUCCESS (pred=dog) CTA=0.8330
[2026-09-19 03:32:53]   [t2903 v4/6] fail (pred=bird) CTA=0.8353
[2026-09-19 03:34:29]   [t2903 v5/6] fail (pred=bird) CTA=0.8418
[2026-09-19 03:36:05]   [t2903 v6/6] SUCCESS (pred=dog) CTA=0.8357
[2026-09-19 03:36:05]   target 2903, 6 victims on this gpu: ASR=33.3% CTA=0.8359 +/- 0.0044
[2026-09-19 03:36:05] === target 6697 (3/10) ===
[2026-09-19 03:36:06]   target 6697: selector overhead 0.623 s, CUDA peak 979.7 MiB (incremental 218.9 MiB)
[2026-09-19 03:36:09]   target 6697: crafted 100 poisons in 3 s, obj=0.01689, CUDA peak=1519.2 MiB (incremental 757.3 MiB)
[2026-09-19 03:36:09]   target 6697: realized linf = 0.03137 (8.00/255), budget = 8.00/255
[2026-09-19 03:37:45]   [t6697 v1/6] SUCCESS (pred=dog) CTA=0.8404
[2026-09-19 03:39:22]   [t6697 v2/6] fail (pred=horse) CTA=0.8451
[2026-09-19 03:40:58]   [t6697 v3/6] fail (pred=horse) CTA=0.8378
[2026-09-19 03:42:34]   [t6697 v4/6] fail (pred=horse) CTA=0.8351
[2026-09-19 03:44:10]   [t6697 v5/6] fail (pred=horse) CTA=0.8439
[2026-09-19 03:45:46]   [t6697 v6/6] SUCCESS (pred=dog) CTA=0.8327
[2026-09-19 03:45:46]   target 6697, 6 victims on this gpu: ASR=33.3% CTA=0.8392 +/- 0.0045
[2026-09-19 03:45:46] === target 2315 (4/10) ===
[2026-09-19 03:45:47]   target 2315: selector overhead 0.622 s, CUDA peak 979.7 MiB (incremental 218.9 MiB)
[2026-09-19 03:45:50]   target 2315: crafted 100 poisons in 3 s, obj=0.01825, CUDA peak=1519.2 MiB (incremental 757.3 MiB)
[2026-09-19 03:45:50]   target 2315: realized linf = 0.03137 (8.00/255), budget = 8.00/255
[2026-09-19 03:47:26]   [t2315 v1/6] fail (pred=bird) CTA=0.8349
[2026-09-19 03:49:02]   [t2315 v2/6] SUCCESS (pred=dog) CTA=0.8296
[2026-09-19 03:50:39]   [t2315 v3/6] SUCCESS (pred=dog) CTA=0.8362
[2026-09-19 03:52:15]   [t2315 v4/6] fail (pred=bird) CTA=0.8382
[2026-09-19 03:53:51]   [t2315 v5/6] SUCCESS (pred=dog) CTA=0.8397
[2026-09-19 03:55:27]   [t2315 v6/6] fail (pred=horse) CTA=0.8360
[2026-09-19 03:55:27]   target 2315, 6 victims on this gpu: ASR=50.0% CTA=0.8358 +/- 0.0032
[2026-09-19 03:55:27] === target 6899 (5/10) ===
[2026-09-19 03:55:28]   target 6899: selector overhead 0.624 s, CUDA peak 979.7 MiB (incremental 218.9 MiB)
[2026-09-19 03:55:31]   target 6899: crafted 100 poisons in 3 s, obj=0.01631, CUDA peak=1519.2 MiB (incremental 757.3 MiB)
[2026-09-19 03:55:31]   target 6899: realized linf = 0.03137 (8.00/255), budget = 8.00/255
[2026-09-19 03:57:07]   [t6899 v1/6] SUCCESS (pred=dog) CTA=0.8370
[2026-09-19 03:58:43]   [t6899 v2/6] SUCCESS (pred=dog) CTA=0.8385
[2026-09-19 04:00:19]   [t6899 v3/6] SUCCESS (pred=dog) CTA=0.8404
[2026-09-19 04:01:55]   [t6899 v4/6] SUCCESS (pred=dog) CTA=0.8347
[2026-09-19 04:03:32]   [t6899 v5/6] SUCCESS (pred=dog) CTA=0.8371
[2026-09-19 04:05:08]   [t6899 v6/6] SUCCESS (pred=dog) CTA=0.8323
[2026-09-19 04:05:08]   target 6899, 6 victims on this gpu: ASR=100.0% CTA=0.8367 +/- 0.0026
[2026-09-19 04:05:08] === target 2312 (6/10) ===
[2026-09-19 04:05:08]   target 2312: selector overhead 0.623 s, CUDA peak 979.7 MiB (incremental 218.9 MiB)
[2026-09-19 04:05:11]   target 2312: crafted 100 poisons in 3 s, obj=0.01568, CUDA peak=1519.2 MiB (incremental 757.3 MiB)
[2026-09-19 04:05:11]   target 2312: realized linf = 0.03137 (8.00/255), budget = 8.00/255
[2026-09-19 04:06:48]   [t2312 v1/6] fail (pred=bird) CTA=0.8330
[2026-09-19 04:08:24]   [t2312 v2/6] fail (pred=bird) CTA=0.8363
[2026-09-19 04:10:00]   [t2312 v3/6] fail (pred=bird) CTA=0.8315
[2026-09-19 04:11:36]   [t2312 v4/6] fail (pred=bird) CTA=0.8403
[2026-09-19 04:13:13]   [t2312 v5/6] fail (pred=bird) CTA=0.8337
[2026-09-19 04:14:49]   [t2312 v6/6] fail (pred=bird) CTA=0.8470
[2026-09-19 04:14:49]   target 2312, 6 victims on this gpu: ASR=0.0% CTA=0.8370 +/- 0.0053
[2026-09-19 04:14:49] === target 6353 (7/10) ===
[2026-09-19 04:14:49]   target 6353: selector overhead 0.627 s, CUDA peak 979.7 MiB (incremental 218.9 MiB)
[2026-09-19 04:14:52]   target 6353: crafted 100 poisons in 3 s, obj=0.02164, CUDA peak=1519.2 MiB (incremental 757.3 MiB)
[2026-09-19 04:14:52]   target 6353: realized linf = 0.03137 (8.00/255), budget = 8.00/255
[2026-09-19 04:16:29]   [t6353 v1/6] SUCCESS (pred=dog) CTA=0.8433
[2026-09-19 04:18:05]   [t6353 v2/6] fail (pred=bird) CTA=0.8257
[2026-09-19 04:19:41]   [t6353 v3/6] fail (pred=airplane) CTA=0.8401
[2026-09-19 04:21:18]   [t6353 v4/6] fail (pred=airplane) CTA=0.8381
[2026-09-19 04:22:54]   [t6353 v5/6] fail (pred=cat) CTA=0.8333
[2026-09-19 04:24:30]   [t6353 v6/6] fail (pred=airplane) CTA=0.8313
[2026-09-19 04:24:30]   target 6353, 6 victims on this gpu: ASR=16.7% CTA=0.8353 +/- 0.0059
[2026-09-19 04:24:30] === target 4421 (8/10) ===
[2026-09-19 04:24:31]   target 4421: selector overhead 0.626 s, CUDA peak 979.7 MiB (incremental 218.9 MiB)
[2026-09-19 04:24:34]   target 4421: crafted 100 poisons in 3 s, obj=0.02049, CUDA peak=1519.2 MiB (incremental 757.3 MiB)
[2026-09-19 04:24:34]   target 4421: realized linf = 0.03137 (8.00/255), budget = 8.00/255
[2026-09-19 04:26:10]   [t4421 v1/6] fail (pred=bird) CTA=0.8390
[2026-09-19 04:27:47]   [t4421 v2/6] fail (pred=bird) CTA=0.8328
[2026-09-19 04:29:23]   [t4421 v3/6] fail (pred=bird) CTA=0.8404
[2026-09-19 04:30:59]   [t4421 v4/6] fail (pred=bird) CTA=0.8274
[2026-09-19 04:32:35]   [t4421 v5/6] fail (pred=bird) CTA=0.8339
[2026-09-19 04:34:12]   [t4421 v6/6] fail (pred=bird) CTA=0.8421
[2026-09-19 04:34:12]   target 4421, 6 victims on this gpu: ASR=0.0% CTA=0.8359 +/- 0.0051
[2026-09-19 04:34:12] === target 2242 (9/10) ===
[2026-09-19 04:34:12]   target 2242: selector overhead 0.627 s, CUDA peak 979.7 MiB (incremental 218.9 MiB)
[2026-09-19 04:34:16]   target 2242: crafted 100 poisons in 3 s, obj=0.01771, CUDA peak=1519.2 MiB (incremental 757.3 MiB)
[2026-09-19 04:34:16]   target 2242: realized linf = 0.03137 (8.00/255), budget = 8.00/255
[2026-09-19 04:35:52]   [t2242 v1/6] fail (pred=cat) CTA=0.8442
[2026-09-19 04:37:28]   [t2242 v2/6] fail (pred=cat) CTA=0.8391
[2026-09-19 04:39:05]   [t2242 v3/6] SUCCESS (pred=dog) CTA=0.8397
[2026-09-19 04:40:41]   [t2242 v4/6] fail (pred=cat) CTA=0.8358
[2026-09-19 04:42:17]   [t2242 v5/6] SUCCESS (pred=dog) CTA=0.8410
[2026-09-19 04:43:53]   [t2242 v6/6] fail (pred=cat) CTA=0.8392
[2026-09-19 04:43:53]   target 2242, 6 victims on this gpu: ASR=33.3% CTA=0.8398 +/- 0.0025
[2026-09-19 04:43:53] === target 6768 (10/10) ===
[2026-09-19 04:43:54]   target 6768: selector overhead 0.628 s, CUDA peak 979.7 MiB (incremental 218.9 MiB)
[2026-09-19 04:43:57]   target 6768: crafted 100 poisons in 3 s, obj=0.01437, CUDA peak=1519.2 MiB (incremental 757.3 MiB)
[2026-09-19 04:43:57]   target 6768: realized linf = 0.03137 (8.00/255), budget = 8.00/255
[2026-09-19 04:45:33]   [t6768 v1/6] SUCCESS (pred=dog) CTA=0.8410
[2026-09-19 04:47:10]   [t6768 v2/6] SUCCESS (pred=dog) CTA=0.8304
[2026-09-19 04:48:46]   [t6768 v3/6] fail (pred=bird) CTA=0.8355
[2026-09-19 04:50:22]   [t6768 v4/6] fail (pred=bird) CTA=0.8406
[2026-09-19 04:51:58]   [t6768 v5/6] SUCCESS (pred=dog) CTA=0.8384
[2026-09-19 04:53:35]   [t6768 v6/6] fail (pred=bird) CTA=0.8341
[2026-09-19 04:53:35]   target 6768, 6 victims on this gpu: ASR=50.0% CTA=0.8367 +/- 0.0038
[2026-09-19 04:53:35]   selector resources: 10 target(s), 6.3 total target-seconds, max CUDA allocated 979.7 MiB (incremental 218.9 MiB)
[2026-09-19 04:53:35] ==== CIFAR10_ResNet20BN_fc_ours_dog-bird_b0.002_eps8_seed42_lam1_cosine_K10_ce5_tgt10 : ASR = 38.3% +/- 28.9% | CTA = 0.8367 (baseline 0.8354) ====
[2026-09-19 04:53:35]   target-prediction tally ['airplane', 'automobile', 'bird', 'cat', 'deer', 'dog', 'frog', 'horse', 'ship', 'truck']: [3, 0, 22, 6, 0, 23, 0, 6, 0, 0]
verified: 10 targets x 6 victims = 60 unique evaluations
sync: CIFAR10_ResNet20BN_fc_ours_dog-bird_b0.002_eps8_seed42_lam1_cosine_K10_ce5_tgt10 -> /home/mmoslem3/scratch/PoisonBase/basis_k_rand_rerun_20260919_result
sync: complete
