gpu: NVIDIA L40S
targets: 10 unique pinned indices: 9273 2535 4118 5462 8476 3342 313 4490 2672 6481
run: waiting for duplicate-submission lock
job: 1005469 bkr027_main_r20_bp_fa_b0002 on rack11-13
config: category=main_below_rand attack=fc budget=0.002 V=S=ResNet20BN pair=frog-airplane K=20 base=ours base_dist=cosine lambda_margin=1 jacobian=off craft_steps=250 targets=10 victims=6; table RAND=8.3 BASIS=6.7
protocol: method=ours Jacobian=off targets=10 victims=6 selector_K=20
output: /home/mmoslem3/scratch/PoisonBase/basis_k_rand_rerun_20260919_result/CIFAR10_ResNet20BN_fc_ours_frog-airplane_b0.002_eps8_seed42_lam1_cosine_ce5_tgt2
[2026-09-19 03:21:15] === run start: CIFAR10_ResNet20BN_fc_ours_frog-airplane_b0.002_eps8_seed42_lam1_cosine_ce5_tgt2 on cuda [0] ===
[2026-09-19 03:21:15] args: {"FORCE": false, "attack": "fc", "base": "ours", "base_dist": "cosine", "base_topr": null, "budget": 0.002, "cache_dir": "/home/mmoslem3/scratch/PoisonBase/cache", "class_pair": "frog-airplane", "clean_baseline": true, "craft_alpha": 0.0039216, "craft_aug": true, "craft_batch": 256, "craft_ensemble": 5, "craft_lowmem": false, "craft_schedule": false, "craft_steps": 250, "data_path": "/home/mmoslem3/scratch/PoisonBase/data", "dataset": "CIFAR10", "distance_margin_coef": null, "dsa_strategy": "color_crop_cutout_flip_scale_rotate", "epsilon": 0.0313725, "fast_gradmatch": false, "fc_mode": "sample", "fc_restarts": 1, "fus_alpha": 0.5, "fus_iters": 10, "fus_proxy_restarts": 0, "fus_proxy_steps": 0, "fus_search_decay": [40], "fus_search_epochs": 50, "gpus": "all", "jacobian_batch_size": 64, "jacobian_weight": 1.0, "keep_pinned_targets": false, "lambda_margin": 1.0, "model": "ResNet20BN", "no_resume": false, "num_poisons": 500, "num_surrogates": 20, "num_targets": 10, "num_victims": 6, "out_dir": "/home/mmoslem3/scratch/PoisonBase/basis_k_rand_rerun_20260919_result", "pair_order": "poison-target", "parallel_pretrain": true, "parallel_targets": true, "precompute_id": null, "precompute_only": false, "precompute_part": "both", "rank_on_victims": true, "recompute_deltas": false, "require_correct_target": false, "restarts": 8, "seed": 42, "sel_K": null, "sel_alpha": 1.0, "sel_criterion": null, "sel_dpp": false, "sel_filter": false, "sel_metric_epoch": 10, "sel_mmr": false, "sel_mode": null, "sel_model": null, "sel_mu": 1.0, "sel_pca": false, "sel_pool": 3.0, "selector_metric_dir": null, "sharp_mode": "worst", "sharp_samples": 20, "sharp_sigma": 0.05, "steal_timeout": 7200.0, "surrogate_aug": false, "surrogate_bs": 128, "surrogate_decay": [35, 45], "surrogate_epochs": 60, "surrogate_lr": 0.1, "surrogate_wd": 0.0, "target_idx_file": "/home/mmoslem3/scratch/PoisonBase/target_sets/ResNet20BN_fc_frog-airplane.json", "target_select": 2, "use_jacobian_score": false, "victim_aug": false, "victim_bs": 125, "victim_decay": [40], "victim_epochs": 50, "victim_lr": 0.1, "victim_model": null, "victim_wd": 0.0}
[2026-09-19 03:21:15] Jacobian score: disabled
[2026-09-19 03:21:15] N_total=50000 budget=0.002 -> N_p=100 poisons, y_adv=6(frog) target_class=0(airplane)
[2026-09-19 03:21:15] === selection/crafting surrogates (20 x ResNet20BN, trained on the full real set) ===
[2026-09-19 03:21:15]   crafting on 5/20 surrogates
[2026-09-19 03:21:15] === clean victims (6 x ResNet20BN) ===
[2026-09-19 03:21:16]   clean baseline CTA = 0.8354 +/- 0.0043
[2026-09-19 03:21:16]   target pool 1000 -> eligible 996 (4 already predicted as y_adv or dropped)
[2026-09-19 03:21:16]   chosen 10 targets (file), p_adv range 0.0000..0.0099
[2026-09-19 03:21:16]   targets: [9273, 2535, 4118, 5462, 8476, 3342, 313, 4490, 2672, 6481]
[2026-09-19 03:21:16] === target 9273 (1/10) ===
[2026-09-19 03:21:18]   target 9273: selector overhead 1.297 s, CUDA peak 960.7 MiB (incremental 218.9 MiB)
[2026-09-19 03:21:21]   target 9273: crafted 100 poisons in 3 s, obj=0.01881, CUDA peak=1497.8 MiB (incremental 754.8 MiB)
[2026-09-19 03:21:21]   target 9273: realized linf = 0.03137 (8.00/255), budget = 8.00/255
[2026-09-19 03:22:58]   [t9273 v1/6] SUCCESS (pred=frog) CTA=0.8369
[2026-09-19 03:24:34]   [t9273 v2/6] fail (pred=bird) CTA=0.8378
[2026-09-19 03:26:11]   [t9273 v3/6] fail (pred=airplane) CTA=0.8403
[2026-09-19 03:27:48]   [t9273 v4/6] fail (pred=airplane) CTA=0.8367
[2026-09-19 03:29:24]   [t9273 v5/6] fail (pred=airplane) CTA=0.8386
[2026-09-19 03:31:01]   [t9273 v6/6] fail (pred=bird) CTA=0.8330
[2026-09-19 03:31:01]   target 9273, 6 victims on this gpu: ASR=16.7% CTA=0.8372 +/- 0.0022
[2026-09-19 03:31:01] === target 2535 (2/10) ===
[2026-09-19 03:31:02]   target 2535: selector overhead 1.241 s, CUDA peak 968.8 MiB (incremental 218.9 MiB)
[2026-09-19 03:31:05]   target 2535: crafted 100 poisons in 3 s, obj=0.01432, CUDA peak=1508.4 MiB (incremental 757.3 MiB)
[2026-09-19 03:31:05]   target 2535: realized linf = 0.03137 (8.00/255), budget = 8.00/255
[2026-09-19 03:32:42]   [t2535 v1/6] SUCCESS (pred=frog) CTA=0.8348
[2026-09-19 03:34:18]   [t2535 v2/6] SUCCESS (pred=frog) CTA=0.8294
[2026-09-19 03:35:54]   [t2535 v3/6] fail (pred=horse) CTA=0.8363
[2026-09-19 03:37:31]   [t2535 v4/6] fail (pred=bird) CTA=0.8351
[2026-09-19 03:39:07]   [t2535 v5/6] fail (pred=cat) CTA=0.8337
[2026-09-19 03:40:44]   [t2535 v6/6] fail (pred=bird) CTA=0.8388
[2026-09-19 03:40:44]   target 2535, 6 victims on this gpu: ASR=33.3% CTA=0.8347 +/- 0.0028
[2026-09-19 03:40:44] === target 4118 (3/10) ===
[2026-09-19 03:40:45]   target 4118: selector overhead 1.236 s, CUDA peak 968.8 MiB (incremental 218.9 MiB)
[2026-09-19 03:40:48]   target 4118: crafted 100 poisons in 3 s, obj=0.02360, CUDA peak=1508.4 MiB (incremental 757.3 MiB)
[2026-09-19 03:40:48]   target 4118: realized linf = 0.03137 (8.00/255), budget = 8.00/255
[2026-09-19 03:42:25]   [t4118 v1/6] fail (pred=airplane) CTA=0.8425
[2026-09-19 03:44:01]   [t4118 v2/6] fail (pred=airplane) CTA=0.8392
[2026-09-19 03:45:38]   [t4118 v3/6] fail (pred=airplane) CTA=0.8388
[2026-09-19 03:47:14]   [t4118 v4/6] fail (pred=airplane) CTA=0.8360
[2026-09-19 03:48:51]   [t4118 v5/6] fail (pred=airplane) CTA=0.8390
[2026-09-19 03:50:27]   [t4118 v6/6] fail (pred=airplane) CTA=0.8360
[2026-09-19 03:50:27]   target 4118, 6 victims on this gpu: ASR=0.0% CTA=0.8386 +/- 0.0022
[2026-09-19 03:50:27] === target 5462 (4/10) ===
[2026-09-19 03:50:28]   target 5462: selector overhead 1.234 s, CUDA peak 968.8 MiB (incremental 218.9 MiB)
[2026-09-19 03:50:32]   target 5462: crafted 100 poisons in 3 s, obj=0.01914, CUDA peak=1508.4 MiB (incremental 757.3 MiB)
[2026-09-19 03:50:32]   target 5462: realized linf = 0.03137 (8.00/255), budget = 8.00/255
[2026-09-19 03:52:08]   [t5462 v1/6] fail (pred=airplane) CTA=0.8353
[2026-09-19 03:53:45]   [t5462 v2/6] fail (pred=airplane) CTA=0.8396
[2026-09-19 03:55:21]   [t5462 v3/6] fail (pred=airplane) CTA=0.8373
[2026-09-19 03:56:58]   [t5462 v4/6] fail (pred=airplane) CTA=0.8368
[2026-09-19 03:58:34]   [t5462 v5/6] fail (pred=cat) CTA=0.8412
[2026-09-19 04:00:10]   [t5462 v6/6] fail (pred=airplane) CTA=0.8393
[2026-09-19 04:00:10]   target 5462, 6 victims on this gpu: ASR=0.0% CTA=0.8382 +/- 0.0020
[2026-09-19 04:00:10] === target 8476 (5/10) ===
[2026-09-19 04:00:12]   target 8476: selector overhead 1.233 s, CUDA peak 968.8 MiB (incremental 218.9 MiB)
[2026-09-19 04:00:15]   target 8476: crafted 100 poisons in 3 s, obj=0.01473, CUDA peak=1508.4 MiB (incremental 757.3 MiB)
[2026-09-19 04:00:15]   target 8476: realized linf = 0.03137 (8.00/255), budget = 8.00/255
[2026-09-19 04:01:51]   [t8476 v1/6] fail (pred=deer) CTA=0.8418
[2026-09-19 04:03:28]   [t8476 v2/6] fail (pred=airplane) CTA=0.8423
[2026-09-19 04:05:04]   [t8476 v3/6] fail (pred=deer) CTA=0.8444
[2026-09-19 04:06:41]   [t8476 v4/6] fail (pred=deer) CTA=0.8449
[2026-09-19 04:08:17]   [t8476 v5/6] fail (pred=airplane) CTA=0.8443
[2026-09-19 04:09:54]   [t8476 v6/6] SUCCESS (pred=frog) CTA=0.8399
[2026-09-19 04:09:54]   target 8476, 6 victims on this gpu: ASR=16.7% CTA=0.8429 +/- 0.0018
[2026-09-19 04:09:54] === target 3342 (6/10) ===
[2026-09-19 04:09:55]   target 3342: selector overhead 1.232 s, CUDA peak 968.8 MiB (incremental 218.9 MiB)
[2026-09-19 04:09:58]   target 3342: crafted 100 poisons in 3 s, obj=0.01539, CUDA peak=1508.4 MiB (incremental 757.3 MiB)
[2026-09-19 04:09:58]   target 3342: realized linf = 0.03137 (8.00/255), budget = 8.00/255
[2026-09-19 04:11:35]   [t3342 v1/6] fail (pred=airplane) CTA=0.8393
[2026-09-19 04:13:11]   [t3342 v2/6] fail (pred=airplane) CTA=0.8378
[2026-09-19 04:14:48]   [t3342 v3/6] fail (pred=ship) CTA=0.8308
[2026-09-19 04:16:24]   [t3342 v4/6] SUCCESS (pred=frog) CTA=0.8367
[2026-09-19 04:18:01]   [t3342 v5/6] fail (pred=ship) CTA=0.8409
[2026-09-19 04:19:37]   [t3342 v6/6] fail (pred=ship) CTA=0.8347
[2026-09-19 04:19:37]   target 3342, 6 victims on this gpu: ASR=16.7% CTA=0.8367 +/- 0.0033
[2026-09-19 04:19:37] === target 313 (7/10) ===
[2026-09-19 04:19:39]   target 313: selector overhead 1.234 s, CUDA peak 968.8 MiB (incremental 218.9 MiB)
[2026-09-19 04:19:42]   target 313: crafted 100 poisons in 3 s, obj=0.01637, CUDA peak=1508.4 MiB (incremental 757.3 MiB)
[2026-09-19 04:19:42]   target 313: realized linf = 0.03137 (8.00/255), budget = 8.00/255
[2026-09-19 04:21:19]   [t313 v1/6] fail (pred=bird) CTA=0.8447
[2026-09-19 04:22:55]   [t313 v2/6] SUCCESS (pred=frog) CTA=0.8335
[2026-09-19 04:24:31]   [t313 v3/6] fail (pred=airplane) CTA=0.8386
[2026-09-19 04:26:08]   [t313 v4/6] fail (pred=bird) CTA=0.8442
[2026-09-19 04:27:44]   [t313 v5/6] fail (pred=bird) CTA=0.8378
[2026-09-19 04:29:21]   [t313 v6/6] fail (pred=airplane) CTA=0.8427
[2026-09-19 04:29:21]   target 313, 6 victims on this gpu: ASR=16.7% CTA=0.8402 +/- 0.0040
[2026-09-19 04:29:21] === target 4490 (8/10) ===
[2026-09-19 04:29:22]   target 4490: selector overhead 1.232 s, CUDA peak 968.8 MiB (incremental 218.9 MiB)
[2026-09-19 04:29:25]   target 4490: crafted 100 poisons in 3 s, obj=0.01843, CUDA peak=1508.4 MiB (incremental 757.3 MiB)
[2026-09-19 04:29:25]   target 4490: realized linf = 0.03137 (8.00/255), budget = 8.00/255
[2026-09-19 04:31:02]   [t4490 v1/6] fail (pred=airplane) CTA=0.8348
[2026-09-19 04:32:38]   [t4490 v2/6] SUCCESS (pred=frog) CTA=0.8371
[2026-09-19 04:34:15]   [t4490 v3/6] SUCCESS (pred=frog) CTA=0.8377
[2026-09-19 04:35:51]   [t4490 v4/6] fail (pred=airplane) CTA=0.8392
[2026-09-19 04:37:28]   [t4490 v5/6] fail (pred=airplane) CTA=0.8365
[2026-09-19 04:39:04]   [t4490 v6/6] fail (pred=airplane) CTA=0.8360
[2026-09-19 04:39:04]   target 4490, 6 victims on this gpu: ASR=33.3% CTA=0.8369 +/- 0.0014
[2026-09-19 04:39:04] === target 2672 (9/10) ===
[2026-09-19 04:39:05]   target 2672: selector overhead 1.229 s, CUDA peak 968.8 MiB (incremental 218.9 MiB)
[2026-09-19 04:39:09]   target 2672: crafted 100 poisons in 3 s, obj=0.01908, CUDA peak=1508.4 MiB (incremental 757.3 MiB)
[2026-09-19 04:39:09]   target 2672: realized linf = 0.03137 (8.00/255), budget = 8.00/255
[2026-09-19 04:40:45]   [t2672 v1/6] SUCCESS (pred=frog) CTA=0.8375
[2026-09-19 04:42:22]   [t2672 v2/6] fail (pred=bird) CTA=0.8372
[2026-09-19 04:43:58]   [t2672 v3/6] fail (pred=ship) CTA=0.8315
[2026-09-19 04:45:34]   [t2672 v4/6] fail (pred=ship) CTA=0.8367
[2026-09-19 04:47:11]   [t2672 v5/6] fail (pred=airplane) CTA=0.8386
[2026-09-19 04:48:47]   [t2672 v6/6] fail (pred=ship) CTA=0.8422
[2026-09-19 04:48:47]   target 2672, 6 victims on this gpu: ASR=16.7% CTA=0.8373 +/- 0.0032
[2026-09-19 04:48:47] === target 6481 (10/10) ===
[2026-09-19 04:48:49]   target 6481: selector overhead 1.235 s, CUDA peak 968.8 MiB (incremental 218.9 MiB)
[2026-09-19 04:48:52]   target 6481: crafted 100 poisons in 3 s, obj=0.02619, CUDA peak=1508.4 MiB (incremental 757.3 MiB)
[2026-09-19 04:48:52]   target 6481: realized linf = 0.03137 (8.00/255), budget = 8.00/255
[2026-09-19 04:50:29]   [t6481 v1/6] fail (pred=bird) CTA=0.8350
[2026-09-19 04:52:05]   [t6481 v2/6] fail (pred=bird) CTA=0.8331
[2026-09-19 04:53:41]   [t6481 v3/6] fail (pred=airplane) CTA=0.8380
[2026-09-19 04:55:18]   [t6481 v4/6] fail (pred=bird) CTA=0.8335
[2026-09-19 04:56:54]   [t6481 v5/6] fail (pred=bird) CTA=0.8312
[2026-09-19 04:58:31]   [t6481 v6/6] SUCCESS (pred=frog) CTA=0.8408
[2026-09-19 04:58:31]   target 6481, 6 victims on this gpu: ASR=16.7% CTA=0.8353 +/- 0.0032
[2026-09-19 04:58:31]   selector resources: 10 target(s), 12.4 total target-seconds, max CUDA allocated 968.8 MiB (incremental 218.9 MiB)
[2026-09-19 04:58:31] ==== CIFAR10_ResNet20BN_fc_ours_frog-airplane_b0.002_eps8_seed42_lam1_cosine_ce5_tgt2 : ASR = 16.7% +/- 10.5% | CTA = 0.8378 (baseline 0.8354) ====
[2026-09-19 04:58:31]   target-prediction tally ['airplane', 'automobile', 'bird', 'cat', 'deer', 'dog', 'frog', 'horse', 'ship', 'truck']: [26, 0, 12, 2, 3, 0, 10, 1, 6, 0]
verified: 10 targets x 6 victims = 60 unique evaluations
