gpu: NVIDIA L40S
cache: waiting for shared ConvNetBN checkpoint lock
cache: ConvNetBN checkpoints ready
run: waiting for duplicate-submission lock
targets: 10 unique pinned indices: 843 1257 8252 8730 8055 5859 8954 821 1547 4427
job: 1005456 bkr014_k3_gm_b0005_vconv_sconv on rack15-14
config: category=k_pattern attack=gradmatch budget=0.005 V=ConvNetBN S=ConvNetBN K=3 base=ours base_dist=cosine lambda_margin=1 jacobian=off craft_steps=250 targets=10 victims=6; table K3=56.7 exceeds fixed K20=50
protocol: method=ours Jacobian=off targets=10 victims=6 selector_K=3 component=basis
protocol: 30 shared surrogates available; crafting always uses V checkpoints 0..4
output: /home/mmoslem3/scratch/PoisonBase/basis_k_rand_rerun_20260919_result/CIFAR10_ConvNetBN_gradmatch_ours_dog-bird_b0.005_eps8_seed42_lam1_cosine_K3_ce5_tgt70
[2026-09-19 03:56:22] === run start: CIFAR10_ConvNetBN_gradmatch_ours_dog-bird_b0.005_eps8_seed42_lam1_cosine_K3_ce5_tgt70 on cuda [0] ===
[2026-09-19 03:56:22] args: {"FORCE": false, "attack": "gradmatch", "base": "ours", "base_dist": "cosine", "base_topr": null, "budget": 0.005, "cache_dir": "/tmp/PoisonBase_cross_arch_k_10x6/cache", "class_pair": "dog-bird", "clean_baseline": true, "craft_alpha": 0.0039216, "craft_aug": true, "craft_batch": 256, "craft_ensemble": 5, "craft_lowmem": false, "craft_schedule": false, "craft_steps": 250, "data_path": "/tmp/PoisonBase_cross_arch_k_10x6/data", "dataset": "CIFAR10", "distance_margin_coef": null, "dsa_strategy": "color_crop_cutout_flip_scale_rotate", "epsilon": 0.0313725, "fast_gradmatch": false, "fc_mode": "sample", "fc_restarts": 1, "fus_alpha": 0.5, "fus_iters": 10, "fus_proxy_restarts": 0, "fus_proxy_steps": 0, "fus_search_decay": [40], "fus_search_epochs": 50, "gpus": "all", "jacobian_batch_size": 64, "jacobian_weight": 1.0, "keep_pinned_targets": false, "lambda_margin": 1.0, "model": "ConvNetBN", "no_resume": false, "num_poisons": 500, "num_surrogates": 30, "num_targets": 10, "num_victims": 6, "out_dir": "/tmp/PoisonBase_cross_arch_k_10x6/cross_arch_k_10x6_result", "pair_order": "poison-target", "parallel_pretrain": true, "parallel_targets": true, "precompute_id": null, "precompute_only": false, "precompute_part": "both", "rank_on_victims": true, "recompute_deltas": false, "require_correct_target": false, "restarts": 8, "seed": 42, "sel_K": 3, "sel_alpha": 1.0, "sel_criterion": null, "sel_dpp": false, "sel_filter": false, "sel_metric_epoch": 10, "sel_mmr": false, "sel_mode": null, "sel_model": "ConvNetBN", "sel_mu": 1.0, "sel_pca": false, "sel_pool": 3.0, "selector_metric_dir": null, "sharp_mode": "worst", "sharp_samples": 20, "sharp_sigma": 0.05, "steal_timeout": 7200.0, "surrogate_aug": false, "surrogate_bs": 128, "surrogate_decay": [35, 45], "surrogate_epochs": 60, "surrogate_lr": 0.1, "surrogate_wd": 0.0, "target_idx_file": "/tmp/PoisonBase_cross_arch_k_10x6/target_sets/ConvNetBN_gradmatch_dog-bird.json", "target_select": 70, "use_jacobian_score": false, "victim_aug": false, "victim_bs": 125, "victim_decay": [40], "victim_epochs": 50, "victim_lr": 0.1, "victim_model": null, "victim_wd": 0.0}
[2026-09-19 03:56:22] Jacobian score: disabled
[2026-09-19 03:56:22] N_total=50000 budget=0.005 -> N_p=250 poisons, y_adv=5(dog) target_class=2(bird)
[2026-09-19 03:56:22] === selection/crafting surrogates (30 x ConvNetBN, trained on the full real set) ===
[2026-09-19 03:56:22]   crafting on 5/30 surrogates
[2026-09-19 03:56:22] === clean victims (6 x ConvNetBN) ===
[2026-09-19 03:56:23]   clean baseline CTA = 0.8127 +/- 0.0074
[2026-09-19 03:56:23]   target pool 1000 -> eligible 963 (37 already predicted as y_adv or dropped)
[2026-09-19 03:56:23]   chosen 10 targets (file), p_adv range 0.0000..0.0000
[2026-09-19 03:56:23]   targets: [843, 1257, 8252, 8730, 8055, 5859, 8954, 821, 1547, 4427]
[2026-09-19 03:56:23] === target 843 (1/10) ===
[2026-09-19 03:56:24]   target 843: selector overhead 0.352 s, CUDA peak 1332.5 MiB (incremental 574.8 MiB)
[2026-09-19 04:00:25]   target 843: crafted 250 poisons in 242 s, obj=0.27288, CUDA peak=5077.6 MiB (incremental 4316.9 MiB)
[2026-09-19 04:00:25]   target 843: realized linf = 0.03137 (8.00/255), budget = 8.00/255
[2026-09-19 04:01:17]   [t843 v1/6] SUCCESS (pred=dog) CTA=0.8081
[2026-09-19 04:02:07]   [t843 v2/6] fail (pred=bird) CTA=0.8040
[2026-09-19 04:02:57]   [t843 v3/6] SUCCESS (pred=dog) CTA=0.8058
[2026-09-19 04:03:47]   [t843 v4/6] SUCCESS (pred=dog) CTA=0.8030
[2026-09-19 04:04:37]   [t843 v5/6] fail (pred=bird) CTA=0.8027
[2026-09-19 04:05:28]   [t843 v6/6] fail (pred=bird) CTA=0.7932
[2026-09-19 04:05:28]   target 843, 6 victims on this gpu: ASR=50.0% CTA=0.8028 +/- 0.0047
[2026-09-19 04:05:28] === target 1257 (2/10) ===
[2026-09-19 04:05:28]   target 1257: selector overhead 0.264 s, CUDA peak 1340.6 MiB (incremental 574.8 MiB)
[2026-09-19 04:09:29]   target 1257: crafted 250 poisons in 241 s, obj=0.22633, CUDA peak=5082.3 MiB (incremental 4313.6 MiB)
[2026-09-19 04:09:29]   target 1257: realized linf = 0.03137 (8.00/255), budget = 8.00/255
[2026-09-19 04:10:20]   [t1257 v1/6] fail (pred=bird) CTA=0.8030
[2026-09-19 04:11:10]   [t1257 v2/6] SUCCESS (pred=dog) CTA=0.8126
[2026-09-19 04:12:00]   [t1257 v3/6] SUCCESS (pred=dog) CTA=0.8103
[2026-09-19 04:12:50]   [t1257 v4/6] SUCCESS (pred=dog) CTA=0.8051
[2026-09-19 04:13:40]   [t1257 v5/6] SUCCESS (pred=dog) CTA=0.8013
[2026-09-19 04:14:30]   [t1257 v6/6] SUCCESS (pred=dog) CTA=0.7903
[2026-09-19 04:14:30]   target 1257, 6 victims on this gpu: ASR=83.3% CTA=0.8038 +/- 0.0072
[2026-09-19 04:14:30] === target 8252 (3/10) ===
[2026-09-19 04:14:30]   target 8252: selector overhead 0.264 s, CUDA peak 1340.6 MiB (incremental 574.8 MiB)
[2026-09-19 04:18:30]   target 8252: crafted 250 poisons in 240 s, obj=0.21216, CUDA peak=5084.4 MiB (incremental 4315.7 MiB)
[2026-09-19 04:18:30]   target 8252: realized linf = 0.03137 (8.00/255), budget = 8.00/255
[2026-09-19 04:19:22]   [t8252 v1/6] SUCCESS (pred=dog) CTA=0.8001
[2026-09-19 04:20:12]   [t8252 v2/6] SUCCESS (pred=dog) CTA=0.8167
[2026-09-19 04:21:02]   [t8252 v3/6] SUCCESS (pred=dog) CTA=0.7971
[2026-09-19 04:21:52]   [t8252 v4/6] SUCCESS (pred=dog) CTA=0.7967
[2026-09-19 04:22:42]   [t8252 v5/6] SUCCESS (pred=dog) CTA=0.7971
[2026-09-19 04:23:32]   [t8252 v6/6] SUCCESS (pred=dog) CTA=0.8131
[2026-09-19 04:23:32]   target 8252, 6 victims on this gpu: ASR=100.0% CTA=0.8035 +/- 0.0082
[2026-09-19 04:23:32] === target 8730 (4/10) ===
[2026-09-19 04:23:32]   target 8730: selector overhead 0.264 s, CUDA peak 1340.6 MiB (incremental 574.8 MiB)
[2026-09-19 04:27:32]   target 8730: crafted 250 poisons in 240 s, obj=0.22670, CUDA peak=5082.3 MiB (incremental 4313.6 MiB)
[2026-09-19 04:27:32]   target 8730: realized linf = 0.03137 (8.00/255), budget = 8.00/255
[2026-09-19 04:28:24]   [t8730 v1/6] fail (pred=bird) CTA=0.8083
[2026-09-19 04:29:14]   [t8730 v2/6] fail (pred=bird) CTA=0.8140
[2026-09-19 04:30:04]   [t8730 v3/6] fail (pred=bird) CTA=0.8120
[2026-09-19 04:30:54]   [t8730 v4/6] fail (pred=bird) CTA=0.8021
[2026-09-19 04:31:45]   [t8730 v5/6] fail (pred=bird) CTA=0.8028
[2026-09-19 04:32:35]   [t8730 v6/6] fail (pred=bird) CTA=0.8131
[2026-09-19 04:32:35]   target 8730, 6 victims on this gpu: ASR=0.0% CTA=0.8087 +/- 0.0048
[2026-09-19 04:32:35] === target 8055 (5/10) ===
[2026-09-19 04:32:35]   target 8055: selector overhead 0.264 s, CUDA peak 1340.6 MiB (incremental 574.8 MiB)
[2026-09-19 04:36:36]   target 8055: crafted 250 poisons in 241 s, obj=0.26630, CUDA peak=5082.1 MiB (incremental 4313.3 MiB)
[2026-09-19 04:36:36]   target 8055: realized linf = 0.03137 (8.00/255), budget = 8.00/255
[2026-09-19 04:37:27]   [t8055 v1/6] SUCCESS (pred=dog) CTA=0.8073
[2026-09-19 04:38:17]   [t8055 v2/6] SUCCESS (pred=dog) CTA=0.8010
[2026-09-19 04:39:07]   [t8055 v3/6] SUCCESS (pred=dog) CTA=0.8133
[2026-09-19 04:39:58]   [t8055 v4/6] fail (pred=frog) CTA=0.7955
[2026-09-19 04:40:48]   [t8055 v5/6] SUCCESS (pred=dog) CTA=0.8119
[2026-09-19 04:41:38]   [t8055 v6/6] fail (pred=bird) CTA=0.8019
[2026-09-19 04:41:38]   target 8055, 6 victims on this gpu: ASR=66.7% CTA=0.8051 +/- 0.0063
[2026-09-19 04:41:38] === target 5859 (6/10) ===
[2026-09-19 04:41:38]   target 5859: selector overhead 0.266 s, CUDA peak 1340.6 MiB (incremental 574.8 MiB)
[2026-09-19 04:45:39]   target 5859: crafted 250 poisons in 240 s, obj=0.22495, CUDA peak=5082.6 MiB (incremental 4313.9 MiB)
[2026-09-19 04:45:39]   target 5859: realized linf = 0.03137 (8.00/255), budget = 8.00/255
[2026-09-19 04:46:30]   [t5859 v1/6] SUCCESS (pred=dog) CTA=0.7988
[2026-09-19 04:47:20]   [t5859 v2/6] fail (pred=horse) CTA=0.8070
[2026-09-19 04:48:10]   [t5859 v3/6] fail (pred=bird) CTA=0.8010
[2026-09-19 04:49:00]   [t5859 v4/6] fail (pred=bird) CTA=0.8022
[2026-09-19 04:49:50]   [t5859 v5/6] SUCCESS (pred=dog) CTA=0.8062
[2026-09-19 04:50:40]   [t5859 v6/6] fail (pred=cat) CTA=0.7963
[2026-09-19 04:50:40]   target 5859, 6 victims on this gpu: ASR=33.3% CTA=0.8019 +/- 0.0038
[2026-09-19 04:50:40] === target 8954 (7/10) ===
[2026-09-19 04:50:40]   target 8954: selector overhead 0.264 s, CUDA peak 1340.6 MiB (incremental 574.8 MiB)
[2026-09-19 04:54:41]   target 8954: crafted 250 poisons in 240 s, obj=0.21005, CUDA peak=5082.3 MiB (incremental 4313.6 MiB)
[2026-09-19 04:54:41]   target 8954: realized linf = 0.03137 (8.00/255), budget = 8.00/255
[2026-09-19 04:55:32]   [t8954 v1/6] SUCCESS (pred=dog) CTA=0.7969
[2026-09-19 04:56:22]   [t8954 v2/6] SUCCESS (pred=dog) CTA=0.8071
[2026-09-19 04:57:12]   [t8954 v3/6] SUCCESS (pred=dog) CTA=0.8112
[2026-09-19 04:58:02]   [t8954 v4/6] fail (pred=bird) CTA=0.7901
[2026-09-19 04:58:52]   [t8954 v5/6] SUCCESS (pred=dog) CTA=0.8139
[2026-09-19 04:59:42]   [t8954 v6/6] fail (pred=bird) CTA=0.7997
[2026-09-19 04:59:42]   target 8954, 6 victims on this gpu: ASR=66.7% CTA=0.8032 +/- 0.0083
[2026-09-19 04:59:42] === target 821 (8/10) ===
[2026-09-19 04:59:42]   target 821: selector overhead 0.264 s, CUDA peak 1340.6 MiB (incremental 574.8 MiB)
[2026-09-19 05:03:43]   target 821: crafted 250 poisons in 241 s, obj=0.27523, CUDA peak=5082.1 MiB (incremental 4313.3 MiB)
[2026-09-19 05:03:43]   target 821: realized linf = 0.03137 (8.00/255), budget = 8.00/255
[2026-09-19 05:04:34]   [t821 v1/6] fail (pred=horse) CTA=0.8065
[2026-09-19 05:05:24]   [t821 v2/6] SUCCESS (pred=dog) CTA=0.8092
[2026-09-19 05:06:14]   [t821 v3/6] fail (pred=horse) CTA=0.7973
[2026-09-19 05:07:04]   [t821 v4/6] SUCCESS (pred=dog) CTA=0.8063
[2026-09-19 05:07:54]   [t821 v5/6] SUCCESS (pred=dog) CTA=0.8042
[2026-09-19 05:08:44]   [t821 v6/6] SUCCESS (pred=dog) CTA=0.8086
[2026-09-19 05:08:44]   target 821, 6 victims on this gpu: ASR=66.7% CTA=0.8053 +/- 0.0040
[2026-09-19 05:08:44] === target 1547 (9/10) ===
[2026-09-19 05:08:44]   target 1547: selector overhead 0.264 s, CUDA peak 1340.6 MiB (incremental 574.8 MiB)
[2026-09-19 05:12:45]   target 1547: crafted 250 poisons in 240 s, obj=0.34336, CUDA peak=5082.6 MiB (incremental 4313.9 MiB)
[2026-09-19 05:12:45]   target 1547: realized linf = 0.03137 (8.00/255), budget = 8.00/255
[2026-09-19 05:13:36]   [t1547 v1/6] fail (pred=airplane) CTA=0.8129
[2026-09-19 05:14:26]   [t1547 v2/6] fail (pred=airplane) CTA=0.8133
[2026-09-19 05:15:16]   [t1547 v3/6] fail (pred=bird) CTA=0.7730
[2026-09-19 05:16:07]   [t1547 v4/6] fail (pred=bird) CTA=0.8148
[2026-09-19 05:16:57]   [t1547 v5/6] fail (pred=bird) CTA=0.7975
[2026-09-19 05:17:47]   [t1547 v6/6] fail (pred=airplane) CTA=0.7992
[2026-09-19 05:17:47]   target 1547, 6 victims on this gpu: ASR=0.0% CTA=0.8018 +/- 0.0146
[2026-09-19 05:17:47] === target 4427 (10/10) ===
[2026-09-19 05:17:47]   target 4427: selector overhead 0.264 s, CUDA peak 1340.6 MiB (incremental 574.8 MiB)
[2026-09-19 05:21:48]   target 4427: crafted 250 poisons in 240 s, obj=0.35419, CUDA peak=5084.4 MiB (incremental 4315.7 MiB)
[2026-09-19 05:21:48]   target 4427: realized linf = 0.03137 (8.00/255), budget = 8.00/255
[2026-09-19 05:22:39]   [t4427 v1/6] fail (pred=bird) CTA=0.8126
[2026-09-19 05:23:29]   [t4427 v2/6] fail (pred=bird) CTA=0.8090
[2026-09-19 05:24:19]   [t4427 v3/6] SUCCESS (pred=dog) CTA=0.8045
[2026-09-19 05:25:09]   [t4427 v4/6] fail (pred=bird) CTA=0.8058
[2026-09-19 05:25:59]   [t4427 v5/6] fail (pred=bird) CTA=0.8165
[2026-09-19 05:26:49]   [t4427 v6/6] fail (pred=bird) CTA=0.8112
[2026-09-19 05:26:49]   target 4427, 6 victims on this gpu: ASR=16.7% CTA=0.8099 +/- 0.0041
[2026-09-19 05:26:49]   selector resources: 10 target(s), 2.7 total target-seconds, max CUDA allocated 1340.6 MiB (incremental 574.8 MiB)
[2026-09-19 05:26:49] ==== CIFAR10_ConvNetBN_gradmatch_ours_dog-bird_b0.005_eps8_seed42_lam1_cosine_K3_ce5_tgt70 : ASR = 48.3% +/- 32.9% | CTA = 0.8046 (baseline 0.8127) ====
[2026-09-19 05:26:49]   target-prediction tally ['airplane', 'automobile', 'bird', 'cat', 'deer', 'dog', 'frog', 'horse', 'ship', 'truck']: [3, 0, 23, 1, 0, 29, 1, 3, 0, 0]
verified: 10 targets x 6 victims = 60 unique evaluations
sync: CIFAR10_ConvNetBN_gradmatch_ours_dog-bird_b0.005_eps8_seed42_lam1_cosine_K3_ce5_tgt70 -> /home/mmoslem3/scratch/PoisonBase/basis_k_rand_rerun_20260919_result
sync: complete
