gpu: NVIDIA L40S
cache: waiting for shared ResNet20BN checkpoint lock
cache: ResNet20BN checkpoints ready
cache: waiting for shared VGG13BN checkpoint lock
cache: VGG13BN checkpoints ready
run: waiting for duplicate-submission lock
targets: 10 unique pinned indices: 3495 2903 6697 2315 6899 2312 6353 4421 2242 6768
job: 1005449 bkr008_k10_bp_b0005_vr20_svgg on rack15-07
config: category=k_pattern attack=fc budget=0.005 V=ResNet20BN S=VGG13BN K=10 base=ours base_dist=cosine lambda_margin=1 jacobian=off craft_steps=250 targets=10 victims=6; table K10=46.7 exceeds fixed K20=30
protocol: method=ours Jacobian=off targets=10 victims=6 selector_K=10 component=basis
protocol: 30 shared surrogates available; crafting always uses V checkpoints 0..4
output: /home/mmoslem3/scratch/PoisonBase/basis_k_rand_rerun_20260919_result/CIFAR10_ResNet20BN_fc_ours_dog-bird_b0.005_eps8_seed42_lam1_cosine_selarchVGG13BN_K10_ce5_tgt10
[2026-09-19 03:32:16] === run start: CIFAR10_ResNet20BN_fc_ours_dog-bird_b0.005_eps8_seed42_lam1_cosine_selarchVGG13BN_K10_ce5_tgt10 on cuda [0] ===
[2026-09-19 03:32:16] args: {"FORCE": false, "attack": "fc", "base": "ours", "base_dist": "cosine", "base_topr": null, "budget": 0.005, "cache_dir": "/tmp/PoisonBase_cross_arch_k_10x6/cache", "class_pair": "dog-bird", "clean_baseline": true, "craft_alpha": 0.0039216, "craft_aug": true, "craft_batch": 256, "craft_ensemble": 5, "craft_lowmem": false, "craft_schedule": false, "craft_steps": 250, "data_path": "/tmp/PoisonBase_cross_arch_k_10x6/data", "dataset": "CIFAR10", "distance_margin_coef": null, "dsa_strategy": "color_crop_cutout_flip_scale_rotate", "epsilon": 0.0313725, "fast_gradmatch": false, "fc_mode": "sample", "fc_restarts": 1, "fus_alpha": 0.5, "fus_iters": 10, "fus_proxy_restarts": 0, "fus_proxy_steps": 0, "fus_search_decay": [40], "fus_search_epochs": 50, "gpus": "all", "jacobian_batch_size": 64, "jacobian_weight": 1.0, "keep_pinned_targets": false, "lambda_margin": 1.0, "model": "ResNet20BN", "no_resume": false, "num_poisons": 500, "num_surrogates": 30, "num_targets": 10, "num_victims": 6, "out_dir": "/tmp/PoisonBase_cross_arch_k_10x6/cross_arch_k_10x6_result", "pair_order": "poison-target", "parallel_pretrain": true, "parallel_targets": true, "precompute_id": null, "precompute_only": false, "precompute_part": "both", "rank_on_victims": true, "recompute_deltas": false, "require_correct_target": false, "restarts": 8, "seed": 42, "sel_K": 10, "sel_alpha": 1.0, "sel_criterion": null, "sel_dpp": false, "sel_filter": false, "sel_metric_epoch": 10, "sel_mmr": false, "sel_mode": null, "sel_model": "VGG13BN", "sel_mu": 1.0, "sel_pca": false, "sel_pool": 3.0, "selector_metric_dir": null, "sharp_mode": "worst", "sharp_samples": 20, "sharp_sigma": 0.05, "steal_timeout": 7200.0, "surrogate_aug": false, "surrogate_bs": 128, "surrogate_decay": [35, 45], "surrogate_epochs": 60, "surrogate_lr": 0.1, "surrogate_wd": 0.0, "target_idx_file": "/tmp/PoisonBase_cross_arch_k_10x6/target_sets/ResNet20BN_fc_dog-bird.json", "target_select": 10, "use_jacobian_score": false, "victim_aug": false, "victim_bs": 125, "victim_decay": [40], "victim_epochs": 50, "victim_lr": 0.1, "victim_model": null, "victim_wd": 0.0}
[2026-09-19 03:32:16] Jacobian score: disabled
[2026-09-19 03:32:16] N_total=50000 budget=0.005 -> N_p=250 poisons, y_adv=5(dog) target_class=2(bird)
[2026-09-19 03:32:16] === selection/crafting surrogates (30 x ResNet20BN, trained on the full real set) ===
[2026-09-19 03:32:17]   crafting on 5/30 surrogates
[2026-09-19 03:32:17] === selection surrogates (30 x VGG13BN, cross-architecture) ===
[2026-09-19 03:32:19] === clean victims (6 x ResNet20BN) ===
[2026-09-19 03:32:20]   clean baseline CTA = 0.8354 +/- 0.0043
[2026-09-19 03:32:20]   target pool 1000 -> eligible 978 (22 already predicted as y_adv or dropped)
[2026-09-19 03:32:20]   chosen 10 targets (file), p_adv range 0.0001..0.3564
[2026-09-19 03:32:20]   targets: [3495, 2903, 6697, 2315, 6899, 2312, 6353, 4421, 2242, 6768]
[2026-09-19 03:32:20] === target 3495 (1/10) ===
[2026-09-19 03:32:22]   target 3495: selector overhead 1.640 s, CUDA peak 2301.3 MiB (incremental 443.9 MiB)
[2026-09-19 03:32:27]   target 3495: crafted 250 poisons in 5 s, obj=0.01474, CUDA peak=3775.3 MiB (incremental 1915.0 MiB)
[2026-09-19 03:32:27]   target 3495: realized linf = 0.03137 (8.00/255), budget = 8.00/255
[2026-09-19 03:34:04]   [t3495 v1/6] fail (pred=horse) CTA=0.8359
[2026-09-19 03:35:41]   [t3495 v2/6] SUCCESS (pred=dog) CTA=0.8271
[2026-09-19 03:37:17]   [t3495 v3/6] fail (pred=bird) CTA=0.8423
[2026-09-19 03:38:54]   [t3495 v4/6] SUCCESS (pred=dog) CTA=0.8412
[2026-09-19 03:40:31]   [t3495 v5/6] fail (pred=deer) CTA=0.8347
[2026-09-19 03:42:07]   [t3495 v6/6] SUCCESS (pred=dog) CTA=0.8383
[2026-09-19 03:42:07]   target 3495, 6 victims on this gpu: ASR=50.0% CTA=0.8366 +/- 0.0050
[2026-09-19 03:42:07] === target 2903 (2/10) ===
[2026-09-19 03:42:09]   target 2903: selector overhead 1.459 s, CUDA peak 2309.5 MiB (incremental 443.9 MiB)
[2026-09-19 03:42:14]   target 2903: crafted 250 poisons in 5 s, obj=0.02140, CUDA peak=3789.7 MiB (incremental 1921.2 MiB)
[2026-09-19 03:42:14]   target 2903: realized linf = 0.03137 (8.00/255), budget = 8.00/255
[2026-09-19 03:43:51]   [t2903 v1/6] fail (pred=horse) CTA=0.8393
[2026-09-19 03:45:27]   [t2903 v2/6] SUCCESS (pred=dog) CTA=0.8364
[2026-09-19 03:47:04]   [t2903 v3/6] fail (pred=bird) CTA=0.8427
[2026-09-19 03:48:40]   [t2903 v4/6] fail (pred=bird) CTA=0.8375
[2026-09-19 03:50:17]   [t2903 v5/6] fail (pred=bird) CTA=0.8481
[2026-09-19 03:51:53]   [t2903 v6/6] fail (pred=bird) CTA=0.8418
[2026-09-19 03:51:53]   target 2903, 6 victims on this gpu: ASR=16.7% CTA=0.8410 +/- 0.0039
[2026-09-19 03:51:53] === target 6697 (3/10) ===
[2026-09-19 03:51:55]   target 6697: selector overhead 1.464 s, CUDA peak 2309.5 MiB (incremental 443.9 MiB)
[2026-09-19 03:52:00]   target 6697: crafted 250 poisons in 5 s, obj=0.01858, CUDA peak=3789.3 MiB (incremental 1920.9 MiB)
[2026-09-19 03:52:00]   target 6697: realized linf = 0.03137 (8.00/255), budget = 8.00/255
[2026-09-19 03:53:37]   [t6697 v1/6] SUCCESS (pred=dog) CTA=0.8402
[2026-09-19 03:55:13]   [t6697 v2/6] SUCCESS (pred=dog) CTA=0.8389
[2026-09-19 03:56:50]   [t6697 v3/6] SUCCESS (pred=dog) CTA=0.8347
[2026-09-19 03:58:26]   [t6697 v4/6] fail (pred=horse) CTA=0.8318
[2026-09-19 04:00:03]   [t6697 v5/6] SUCCESS (pred=dog) CTA=0.8364
[2026-09-19 04:01:39]   [t6697 v6/6] SUCCESS (pred=dog) CTA=0.8341
[2026-09-19 04:01:39]   target 6697, 6 victims on this gpu: ASR=83.3% CTA=0.8360 +/- 0.0029
[2026-09-19 04:01:39] === target 2315 (4/10) ===
[2026-09-19 04:01:41]   target 2315: selector overhead 1.464 s, CUDA peak 2309.5 MiB (incremental 443.9 MiB)
[2026-09-19 04:01:46]   target 2315: crafted 250 poisons in 5 s, obj=0.02070, CUDA peak=3789.3 MiB (incremental 1920.9 MiB)
[2026-09-19 04:01:46]   target 2315: realized linf = 0.03137 (8.00/255), budget = 8.00/255
[2026-09-19 04:03:22]   [t2315 v1/6] SUCCESS (pred=dog) CTA=0.8376
[2026-09-19 04:04:59]   [t2315 v2/6] SUCCESS (pred=dog) CTA=0.8375
[2026-09-19 04:06:36]   [t2315 v3/6] fail (pred=bird) CTA=0.8334
[2026-09-19 04:08:12]   [t2315 v4/6] fail (pred=bird) CTA=0.8318
[2026-09-19 04:09:49]   [t2315 v5/6] fail (pred=bird) CTA=0.8429
[2026-09-19 04:11:25]   [t2315 v6/6] fail (pred=bird) CTA=0.8436
[2026-09-19 04:11:25]   target 2315, 6 victims on this gpu: ASR=33.3% CTA=0.8378 +/- 0.0044
[2026-09-19 04:11:25] === target 6899 (5/10) ===
[2026-09-19 04:11:27]   target 6899: selector overhead 1.465 s, CUDA peak 2309.5 MiB (incremental 443.9 MiB)
[2026-09-19 04:11:32]   target 6899: crafted 250 poisons in 5 s, obj=0.01860, CUDA peak=3789.4 MiB (incremental 1921.0 MiB)
[2026-09-19 04:11:32]   target 6899: realized linf = 0.03137 (8.00/255), budget = 8.00/255
[2026-09-19 04:13:09]   [t6899 v1/6] SUCCESS (pred=dog) CTA=0.8430
[2026-09-19 04:14:46]   [t6899 v2/6] SUCCESS (pred=dog) CTA=0.8388
[2026-09-19 04:16:22]   [t6899 v3/6] SUCCESS (pred=dog) CTA=0.8388
[2026-09-19 04:17:59]   [t6899 v4/6] SUCCESS (pred=dog) CTA=0.8291
[2026-09-19 04:19:36]   [t6899 v5/6] SUCCESS (pred=dog) CTA=0.8370
[2026-09-19 04:21:12]   [t6899 v6/6] SUCCESS (pred=dog) CTA=0.8374
[2026-09-19 04:21:12]   target 6899, 6 victims on this gpu: ASR=100.0% CTA=0.8373 +/- 0.0042
[2026-09-19 04:21:12] === target 2312 (6/10) ===
[2026-09-19 04:21:14]   target 2312: selector overhead 1.464 s, CUDA peak 2309.5 MiB (incremental 443.9 MiB)
[2026-09-19 04:21:19]   target 2312: crafted 250 poisons in 5 s, obj=0.01789, CUDA peak=3789.7 MiB (incremental 1921.2 MiB)
[2026-09-19 04:21:19]   target 2312: realized linf = 0.03137 (8.00/255), budget = 8.00/255
[2026-09-19 04:22:56]   [t2312 v1/6] fail (pred=bird) CTA=0.8306
[2026-09-19 04:24:32]   [t2312 v2/6] fail (pred=bird) CTA=0.8351
[2026-09-19 04:26:09]   [t2312 v3/6] fail (pred=bird) CTA=0.8401
[2026-09-19 04:27:45]   [t2312 v4/6] fail (pred=bird) CTA=0.8351
[2026-09-19 04:29:22]   [t2312 v5/6] fail (pred=bird) CTA=0.8371
[2026-09-19 04:30:59]   [t2312 v6/6] fail (pred=frog) CTA=0.8404
[2026-09-19 04:30:59]   target 2312, 6 victims on this gpu: ASR=0.0% CTA=0.8364 +/- 0.0033
[2026-09-19 04:30:59] === target 6353 (7/10) ===
[2026-09-19 04:31:00]   target 6353: selector overhead 1.464 s, CUDA peak 2309.5 MiB (incremental 443.9 MiB)
[2026-09-19 04:31:05]   target 6353: crafted 250 poisons in 5 s, obj=0.02347, CUDA peak=3789.3 MiB (incremental 1920.9 MiB)
[2026-09-19 04:31:05]   target 6353: realized linf = 0.03137 (8.00/255), budget = 8.00/255
[2026-09-19 04:32:42]   [t6353 v1/6] fail (pred=airplane) CTA=0.8375
[2026-09-19 04:34:18]   [t6353 v2/6] fail (pred=bird) CTA=0.8400
[2026-09-19 04:35:55]   [t6353 v3/6] fail (pred=airplane) CTA=0.8306
[2026-09-19 04:37:32]   [t6353 v4/6] fail (pred=bird) CTA=0.8421
[2026-09-19 04:39:08]   [t6353 v5/6] fail (pred=bird) CTA=0.8378
[2026-09-19 04:40:45]   [t6353 v6/6] fail (pred=bird) CTA=0.8363
[2026-09-19 04:40:45]   target 6353, 6 victims on this gpu: ASR=0.0% CTA=0.8374 +/- 0.0036
[2026-09-19 04:40:45] === target 4421 (8/10) ===
[2026-09-19 04:40:46]   target 4421: selector overhead 1.459 s, CUDA peak 2309.5 MiB (incremental 443.9 MiB)
[2026-09-19 04:40:51]   target 4421: crafted 250 poisons in 5 s, obj=0.02178, CUDA peak=3789.7 MiB (incremental 1921.2 MiB)
[2026-09-19 04:40:51]   target 4421: realized linf = 0.03137 (8.00/255), budget = 8.00/255
[2026-09-19 04:42:28]   [t4421 v1/6] fail (pred=bird) CTA=0.8319
[2026-09-19 04:44:05]   [t4421 v2/6] fail (pred=bird) CTA=0.8370
[2026-09-19 04:45:42]   [t4421 v3/6] fail (pred=bird) CTA=0.8368
[2026-09-19 04:47:19]   [t4421 v4/6] fail (pred=bird) CTA=0.8344
[2026-09-19 04:48:56]   [t4421 v5/6] fail (pred=bird) CTA=0.8369
[2026-09-19 04:50:32]   [t4421 v6/6] fail (pred=bird) CTA=0.8434
[2026-09-19 04:50:32]   target 4421, 6 victims on this gpu: ASR=0.0% CTA=0.8367 +/- 0.0035
[2026-09-19 04:50:32] === target 2242 (9/10) ===
[2026-09-19 04:50:34]   target 2242: selector overhead 1.460 s, CUDA peak 2309.5 MiB (incremental 443.9 MiB)
[2026-09-19 04:50:39]   target 2242: crafted 250 poisons in 5 s, obj=0.01937, CUDA peak=3789.7 MiB (incremental 1921.2 MiB)
[2026-09-19 04:50:39]   target 2242: realized linf = 0.03137 (8.00/255), budget = 8.00/255
[2026-09-19 04:52:16]   [t2242 v1/6] fail (pred=cat) CTA=0.8413
[2026-09-19 04:53:53]   [t2242 v2/6] SUCCESS (pred=dog) CTA=0.8360
[2026-09-19 04:55:29]   [t2242 v3/6] SUCCESS (pred=dog) CTA=0.8285
[2026-09-19 04:57:06]   [t2242 v4/6] SUCCESS (pred=dog) CTA=0.8398
[2026-09-19 04:58:43]   [t2242 v5/6] SUCCESS (pred=dog) CTA=0.8336
[2026-09-19 05:00:20]   [t2242 v6/6] SUCCESS (pred=dog) CTA=0.8352
[2026-09-19 05:00:20]   target 2242, 6 victims on this gpu: ASR=83.3% CTA=0.8357 +/- 0.0042
[2026-09-19 05:00:20] === target 6768 (10/10) ===
[2026-09-19 05:00:21]   target 6768: selector overhead 1.464 s, CUDA peak 2309.5 MiB (incremental 443.9 MiB)
[2026-09-19 05:00:26]   target 6768: crafted 250 poisons in 5 s, obj=0.01658, CUDA peak=3789.7 MiB (incremental 1921.2 MiB)
[2026-09-19 05:00:26]   target 6768: realized linf = 0.03137 (8.00/255), budget = 8.00/255
[2026-09-19 05:02:03]   [t6768 v1/6] SUCCESS (pred=dog) CTA=0.8372
[2026-09-19 05:03:40]   [t6768 v2/6] SUCCESS (pred=dog) CTA=0.8390
[2026-09-19 05:05:16]   [t6768 v3/6] fail (pred=bird) CTA=0.8351
[2026-09-19 05:06:53]   [t6768 v4/6] SUCCESS (pred=dog) CTA=0.8375
[2026-09-19 05:08:30]   [t6768 v5/6] SUCCESS (pred=dog) CTA=0.8335
[2026-09-19 05:10:07]   [t6768 v6/6] SUCCESS (pred=dog) CTA=0.8350
[2026-09-19 05:10:07]   target 6768, 6 victims on this gpu: ASR=83.3% CTA=0.8362 +/- 0.0018
[2026-09-19 05:10:07]   selector resources: 10 target(s), 14.8 total target-seconds, max CUDA allocated 2309.5 MiB (incremental 443.9 MiB)
[2026-09-19 05:10:07] ==== CIFAR10_ResNet20BN_fc_ours_dog-bird_b0.005_eps8_seed42_lam1_cosine_selarchVGG13BN_K10_ce5_tgt10 : ASR = 45.0% +/- 38.0% | CTA = 0.8371 (baseline 0.8354) ====
[2026-09-19 05:10:07]   target-prediction tally ['airplane', 'automobile', 'bird', 'cat', 'deer', 'dog', 'frog', 'horse', 'ship', 'truck']: [2, 0, 25, 1, 1, 27, 1, 3, 0, 0]
verified: 10 targets x 6 victims = 60 unique evaluations
sync: CIFAR10_ResNet20BN_fc_ours_dog-bird_b0.005_eps8_seed42_lam1_cosine_selarchVGG13BN_K10_ce5_tgt10 -> /home/mmoslem3/scratch/PoisonBase/basis_k_rand_rerun_20260919_result
sync: complete
