gpu: NVIDIA L40S
cache: waiting for shared ResNet20BN checkpoint lock
cache: ResNet20BN checkpoints ready
cache: waiting for shared VGG13BN checkpoint lock
cache: VGG13BN checkpoints ready
run: waiting for duplicate-submission lock
targets: 10 unique pinned indices: 3495 2903 6697 2315 6899 2312 6353 4421 2242 6768
job: 1005465 bkr023_k3_bp_b0002_vr20_svgg on rack13-09
config: category=ensemble_below_rand attack=fc budget=0.002 V=ResNet20BN S=VGG13BN K=3 base=ours base_dist=cosine lambda_margin=1 jacobian=off craft_steps=250 targets=10 victims=6; table BASIS=13.3 below RAND=16.7
protocol: method=ours Jacobian=off targets=10 victims=6 selector_K=3 component=basis
protocol: 30 shared surrogates available; crafting always uses V checkpoints 0..4
output: /home/mmoslem3/scratch/PoisonBase/basis_k_rand_rerun_20260919_result/CIFAR10_ResNet20BN_fc_ours_dog-bird_b0.002_eps8_seed42_lam1_cosine_selarchVGG13BN_K3_ce5_tgt10
[2026-09-19 04:11:52] === run start: CIFAR10_ResNet20BN_fc_ours_dog-bird_b0.002_eps8_seed42_lam1_cosine_selarchVGG13BN_K3_ce5_tgt10 on cuda [0] ===
[2026-09-19 04:11:52] args: {"FORCE": false, "attack": "fc", "base": "ours", "base_dist": "cosine", "base_topr": null, "budget": 0.002, "cache_dir": "/tmp/PoisonBase_cross_arch_k_10x6/cache", "class_pair": "dog-bird", "clean_baseline": true, "craft_alpha": 0.0039216, "craft_aug": true, "craft_batch": 256, "craft_ensemble": 5, "craft_lowmem": false, "craft_schedule": false, "craft_steps": 250, "data_path": "/tmp/PoisonBase_cross_arch_k_10x6/data", "dataset": "CIFAR10", "distance_margin_coef": null, "dsa_strategy": "color_crop_cutout_flip_scale_rotate", "epsilon": 0.0313725, "fast_gradmatch": false, "fc_mode": "sample", "fc_restarts": 1, "fus_alpha": 0.5, "fus_iters": 10, "fus_proxy_restarts": 0, "fus_proxy_steps": 0, "fus_search_decay": [40], "fus_search_epochs": 50, "gpus": "all", "jacobian_batch_size": 64, "jacobian_weight": 1.0, "keep_pinned_targets": false, "lambda_margin": 1.0, "model": "ResNet20BN", "no_resume": false, "num_poisons": 500, "num_surrogates": 30, "num_targets": 10, "num_victims": 6, "out_dir": "/tmp/PoisonBase_cross_arch_k_10x6/cross_arch_k_10x6_result", "pair_order": "poison-target", "parallel_pretrain": true, "parallel_targets": true, "precompute_id": null, "precompute_only": false, "precompute_part": "both", "rank_on_victims": true, "recompute_deltas": false, "require_correct_target": false, "restarts": 8, "seed": 42, "sel_K": 3, "sel_alpha": 1.0, "sel_criterion": null, "sel_dpp": false, "sel_filter": false, "sel_metric_epoch": 10, "sel_mmr": false, "sel_mode": null, "sel_model": "VGG13BN", "sel_mu": 1.0, "sel_pca": false, "sel_pool": 3.0, "selector_metric_dir": null, "sharp_mode": "worst", "sharp_samples": 20, "sharp_sigma": 0.05, "steal_timeout": 7200.0, "surrogate_aug": false, "surrogate_bs": 128, "surrogate_decay": [35, 45], "surrogate_epochs": 60, "surrogate_lr": 0.1, "surrogate_wd": 0.0, "target_idx_file": "/tmp/PoisonBase_cross_arch_k_10x6/target_sets/ResNet20BN_fc_dog-bird.json", "target_select": 10, "use_jacobian_score": false, "victim_aug": false, "victim_bs": 125, "victim_decay": [40], "victim_epochs": 50, "victim_lr": 0.1, "victim_model": null, "victim_wd": 0.0}
[2026-09-19 04:11:52] Jacobian score: disabled
[2026-09-19 04:11:52] N_total=50000 budget=0.002 -> N_p=100 poisons, y_adv=5(dog) target_class=2(bird)
[2026-09-19 04:11:52] === selection/crafting surrogates (30 x ResNet20BN, trained on the full real set) ===
[2026-09-19 04:11:53]   crafting on 5/30 surrogates
[2026-09-19 04:11:53] === selection surrogates (30 x VGG13BN, cross-architecture) ===
[2026-09-19 04:11:55] === clean victims (6 x ResNet20BN) ===
[2026-09-19 04:11:56]   clean baseline CTA = 0.8354 +/- 0.0043
[2026-09-19 04:11:56]   target pool 1000 -> eligible 978 (22 already predicted as y_adv or dropped)
[2026-09-19 04:11:56]   chosen 10 targets (file), p_adv range 0.0001..0.3564
[2026-09-19 04:11:56]   targets: [3495, 2903, 6697, 2315, 6899, 2312, 6353, 4421, 2242, 6768]
[2026-09-19 04:11:56] === target 3495 (1/10) ===
[2026-09-19 04:11:56]   target 3495: selector overhead 0.498 s, CUDA peak 2301.3 MiB (incremental 443.9 MiB)
[2026-09-19 04:11:59]   target 3495: crafted 100 poisons in 3 s, obj=0.01496, CUDA peak=2624.7 MiB (incremental 765.3 MiB)
[2026-09-19 04:11:59]   target 3495: realized linf = 0.03137 (8.00/255), budget = 8.00/255
[2026-09-19 04:13:35]   [t3495 v1/6] fail (pred=horse) CTA=0.8393
[2026-09-19 04:15:11]   [t3495 v2/6] fail (pred=bird) CTA=0.8381
[2026-09-19 04:16:46]   [t3495 v3/6] fail (pred=cat) CTA=0.8365
[2026-09-19 04:18:22]   [t3495 v4/6] SUCCESS (pred=dog) CTA=0.8368
[2026-09-19 04:19:57]   [t3495 v5/6] SUCCESS (pred=dog) CTA=0.8375
[2026-09-19 04:21:33]   [t3495 v6/6] fail (pred=bird) CTA=0.8306
[2026-09-19 04:21:33]   target 3495, 6 victims on this gpu: ASR=33.3% CTA=0.8365 +/- 0.0028
[2026-09-19 04:21:33] === target 2903 (2/10) ===
[2026-09-19 04:21:33]   target 2903: selector overhead 0.440 s, CUDA peak 2309.5 MiB (incremental 443.9 MiB)
[2026-09-19 04:21:37]   target 2903: crafted 100 poisons in 3 s, obj=0.02263, CUDA peak=2633.4 MiB (incremental 765.9 MiB)
[2026-09-19 04:21:37]   target 2903: realized linf = 0.03137 (8.00/255), budget = 8.00/255
[2026-09-19 04:23:12]   [t2903 v1/6] SUCCESS (pred=dog) CTA=0.8411
[2026-09-19 04:24:48]   [t2903 v2/6] fail (pred=bird) CTA=0.8421
[2026-09-19 04:26:23]   [t2903 v3/6] fail (pred=bird) CTA=0.8358
[2026-09-19 04:27:59]   [t2903 v4/6] fail (pred=bird) CTA=0.8391
[2026-09-19 04:29:34]   [t2903 v5/6] fail (pred=bird) CTA=0.8380
[2026-09-19 04:31:10]   [t2903 v6/6] SUCCESS (pred=dog) CTA=0.8425
[2026-09-19 04:31:10]   target 2903, 6 victims on this gpu: ASR=33.3% CTA=0.8398 +/- 0.0024
[2026-09-19 04:31:10] === target 6697 (3/10) ===
[2026-09-19 04:31:10]   target 6697: selector overhead 0.439 s, CUDA peak 2309.5 MiB (incremental 443.9 MiB)
[2026-09-19 04:31:14]   target 6697: crafted 100 poisons in 3 s, obj=0.01902, CUDA peak=2633.4 MiB (incremental 765.9 MiB)
[2026-09-19 04:31:14]   target 6697: realized linf = 0.03137 (8.00/255), budget = 8.00/255
[2026-09-19 04:32:49]   [t6697 v1/6] fail (pred=horse) CTA=0.8371
[2026-09-19 04:34:25]   [t6697 v2/6] fail (pred=horse) CTA=0.8455
[2026-09-19 04:36:00]   [t6697 v3/6] fail (pred=horse) CTA=0.8372
[2026-09-19 04:37:36]   [t6697 v4/6] SUCCESS (pred=dog) CTA=0.8366
[2026-09-19 04:39:12]   [t6697 v5/6] fail (pred=horse) CTA=0.8446
[2026-09-19 04:40:47]   [t6697 v6/6] fail (pred=horse) CTA=0.8413
[2026-09-19 04:40:47]   target 6697, 6 victims on this gpu: ASR=16.7% CTA=0.8404 +/- 0.0037
[2026-09-19 04:40:47] === target 2315 (4/10) ===
[2026-09-19 04:40:48]   target 2315: selector overhead 0.440 s, CUDA peak 2309.5 MiB (incremental 443.9 MiB)
[2026-09-19 04:40:51]   target 2315: crafted 100 poisons in 3 s, obj=0.02083, CUDA peak=2633.4 MiB (incremental 765.9 MiB)
[2026-09-19 04:40:51]   target 2315: realized linf = 0.03137 (8.00/255), budget = 8.00/255
[2026-09-19 04:42:26]   [t2315 v1/6] fail (pred=airplane) CTA=0.8352
[2026-09-19 04:44:02]   [t2315 v2/6] fail (pred=bird) CTA=0.8393
[2026-09-19 04:45:38]   [t2315 v3/6] fail (pred=bird) CTA=0.8381
[2026-09-19 04:47:13]   [t2315 v4/6] fail (pred=cat) CTA=0.8396
[2026-09-19 04:48:49]   [t2315 v5/6] fail (pred=bird) CTA=0.8391
[2026-09-19 04:50:24]   [t2315 v6/6] fail (pred=bird) CTA=0.8359
[2026-09-19 04:50:24]   target 2315, 6 victims on this gpu: ASR=0.0% CTA=0.8379 +/- 0.0017
[2026-09-19 04:50:24] === target 6899 (5/10) ===
[2026-09-19 04:50:25]   target 6899: selector overhead 0.440 s, CUDA peak 2309.5 MiB (incremental 443.9 MiB)
[2026-09-19 04:50:28]   target 6899: crafted 100 poisons in 3 s, obj=0.01866, CUDA peak=2633.4 MiB (incremental 765.9 MiB)
[2026-09-19 04:50:28]   target 6899: realized linf = 0.03137 (8.00/255), budget = 8.00/255
[2026-09-19 04:52:04]   [t6899 v1/6] SUCCESS (pred=dog) CTA=0.8386
[2026-09-19 04:53:39]   [t6899 v2/6] fail (pred=bird) CTA=0.8394
[2026-09-19 04:55:15]   [t6899 v3/6] SUCCESS (pred=dog) CTA=0.8366
[2026-09-19 04:56:51]   [t6899 v4/6] SUCCESS (pred=dog) CTA=0.8358
[2026-09-19 04:58:26]   [t6899 v5/6] fail (pred=truck) CTA=0.8414
[2026-09-19 05:00:02]   [t6899 v6/6] SUCCESS (pred=dog) CTA=0.8375
[2026-09-19 05:00:02]   target 6899, 6 victims on this gpu: ASR=66.7% CTA=0.8382 +/- 0.0019
[2026-09-19 05:00:02] === target 2312 (6/10) ===
[2026-09-19 05:00:02]   target 2312: selector overhead 0.440 s, CUDA peak 2309.5 MiB (incremental 443.9 MiB)
[2026-09-19 05:00:06]   target 2312: crafted 100 poisons in 3 s, obj=0.01786, CUDA peak=2633.4 MiB (incremental 765.9 MiB)
[2026-09-19 05:00:06]   target 2312: realized linf = 0.03137 (8.00/255), budget = 8.00/255
[2026-09-19 05:01:41]   [t2312 v1/6] fail (pred=bird) CTA=0.8419
[2026-09-19 05:03:17]   [t2312 v2/6] fail (pred=bird) CTA=0.8330
[2026-09-19 05:04:52]   [t2312 v3/6] fail (pred=bird) CTA=0.8392
[2026-09-19 05:06:28]   [t2312 v4/6] fail (pred=bird) CTA=0.8346
[2026-09-19 05:08:04]   [t2312 v5/6] fail (pred=bird) CTA=0.8426
[2026-09-19 05:09:39]   [t2312 v6/6] fail (pred=bird) CTA=0.8442
[2026-09-19 05:09:39]   target 2312, 6 victims on this gpu: ASR=0.0% CTA=0.8392 +/- 0.0042
[2026-09-19 05:09:39] === target 6353 (7/10) ===
[2026-09-19 05:09:40]   target 6353: selector overhead 0.440 s, CUDA peak 2309.5 MiB (incremental 443.9 MiB)
[2026-09-19 05:09:43]   target 6353: crafted 100 poisons in 3 s, obj=0.02410, CUDA peak=2633.4 MiB (incremental 765.9 MiB)
[2026-09-19 05:09:43]   target 6353: realized linf = 0.03137 (8.00/255), budget = 8.00/255
[2026-09-19 05:11:18]   [t6353 v1/6] fail (pred=bird) CTA=0.8385
[2026-09-19 05:12:54]   [t6353 v2/6] fail (pred=bird) CTA=0.8259
[2026-09-19 05:14:30]   [t6353 v3/6] fail (pred=airplane) CTA=0.8400
[2026-09-19 05:16:05]   [t6353 v4/6] fail (pred=airplane) CTA=0.8394
[2026-09-19 05:17:41]   [t6353 v5/6] fail (pred=bird) CTA=0.8387
[2026-09-19 05:19:17]   [t6353 v6/6] fail (pred=bird) CTA=0.8289
[2026-09-19 05:19:17]   target 6353, 6 victims on this gpu: ASR=0.0% CTA=0.8352 +/- 0.0056
[2026-09-19 05:19:17] === target 4421 (8/10) ===
[2026-09-19 05:19:17]   target 4421: selector overhead 0.441 s, CUDA peak 2309.5 MiB (incremental 443.9 MiB)
[2026-09-19 05:19:20]   target 4421: crafted 100 poisons in 3 s, obj=0.02209, CUDA peak=2633.4 MiB (incremental 765.9 MiB)
[2026-09-19 05:19:20]   target 4421: realized linf = 0.03137 (8.00/255), budget = 8.00/255
[2026-09-19 05:20:56]   [t4421 v1/6] fail (pred=bird) CTA=0.8402
[2026-09-19 05:22:32]   [t4421 v2/6] fail (pred=bird) CTA=0.8352
[2026-09-19 05:24:07]   [t4421 v3/6] fail (pred=bird) CTA=0.8305
[2026-09-19 05:25:43]   [t4421 v4/6] fail (pred=bird) CTA=0.8432
[2026-09-19 05:27:19]   [t4421 v5/6] fail (pred=bird) CTA=0.8416
[2026-09-19 05:28:54]   [t4421 v6/6] fail (pred=bird) CTA=0.8383
[2026-09-19 05:28:54]   target 4421, 6 victims on this gpu: ASR=0.0% CTA=0.8382 +/- 0.0043
[2026-09-19 05:28:54] === target 2242 (9/10) ===
[2026-09-19 05:28:55]   target 2242: selector overhead 0.440 s, CUDA peak 2309.5 MiB (incremental 443.9 MiB)
[2026-09-19 05:28:58]   target 2242: crafted 100 poisons in 3 s, obj=0.01929, CUDA peak=2633.4 MiB (incremental 765.9 MiB)
[2026-09-19 05:28:58]   target 2242: realized linf = 0.03137 (8.00/255), budget = 8.00/255
[2026-09-19 05:30:34]   [t2242 v1/6] fail (pred=cat) CTA=0.8365
[2026-09-19 05:32:09]   [t2242 v2/6] fail (pred=cat) CTA=0.8438
[2026-09-19 05:33:45]   [t2242 v3/6] fail (pred=bird) CTA=0.8345
[2026-09-19 05:35:21]   [t2242 v4/6] fail (pred=cat) CTA=0.8367
[2026-09-19 05:36:56]   [t2242 v5/6] fail (pred=cat) CTA=0.8403
[2026-09-19 05:38:32]   [t2242 v6/6] fail (pred=cat) CTA=0.8359
[2026-09-19 05:38:32]   target 2242, 6 victims on this gpu: ASR=0.0% CTA=0.8380 +/- 0.0031
[2026-09-19 05:38:32] === target 6768 (10/10) ===
[2026-09-19 05:38:33]   target 6768: selector overhead 0.440 s, CUDA peak 2309.5 MiB (incremental 443.9 MiB)
[2026-09-19 05:38:36]   target 6768: crafted 100 poisons in 3 s, obj=0.01751, CUDA peak=2633.4 MiB (incremental 765.9 MiB)
[2026-09-19 05:38:36]   target 6768: realized linf = 0.03137 (8.00/255), budget = 8.00/255
[2026-09-19 05:40:11]   [t6768 v1/6] SUCCESS (pred=dog) CTA=0.8406
[2026-09-19 05:41:47]   [t6768 v2/6] fail (pred=bird) CTA=0.8345
[2026-09-19 05:43:23]   [t6768 v3/6] SUCCESS (pred=dog) CTA=0.8365
[2026-09-19 05:44:58]   [t6768 v4/6] fail (pred=bird) CTA=0.8394
[2026-09-19 05:46:34]   [t6768 v5/6] fail (pred=bird) CTA=0.8370
[2026-09-19 05:48:10]   [t6768 v6/6] fail (pred=bird) CTA=0.8364
[2026-09-19 05:48:10]   target 6768, 6 victims on this gpu: ASR=33.3% CTA=0.8374 +/- 0.0020
[2026-09-19 05:48:10]   selector resources: 10 target(s), 4.5 total target-seconds, max CUDA allocated 2309.5 MiB (incremental 443.9 MiB)
[2026-09-19 05:48:10] ==== CIFAR10_ResNet20BN_fc_ours_dog-bird_b0.002_eps8_seed42_lam1_cosine_selarchVGG13BN_K3_ce5_tgt10 : ASR = 18.3% +/- 21.7% | CTA = 0.8381 (baseline 0.8354) ====
[2026-09-19 05:48:10]   target-prediction tally ['airplane', 'automobile', 'bird', 'cat', 'deer', 'dog', 'frog', 'horse', 'ship', 'truck']: [3, 0, 32, 7, 0, 11, 0, 6, 0, 1]
verified: 10 targets x 6 victims = 60 unique evaluations
sync: CIFAR10_ResNet20BN_fc_ours_dog-bird_b0.002_eps8_seed42_lam1_cosine_selarchVGG13BN_K3_ce5_tgt10 -> /home/mmoslem3/scratch/PoisonBase/basis_k_rand_rerun_20260919_result
sync: complete
