gpu: NVIDIA L40S
cache: waiting for shared ResNet20BN checkpoint lock
cache: ResNet20BN checkpoints ready
cache: waiting for shared VGG13BN checkpoint lock
cache: VGG13BN checkpoints ready
run: waiting for duplicate-submission lock
targets: 10 unique pinned indices: 5118 8740 5324 4630 833 2065 7056 9059 6707 9874
job: 1005454 bkr012_k10_gm_b0002_vr20_svgg on rack04-11
config: category=k_pattern attack=gradmatch budget=0.002 V=ResNet20BN S=VGG13BN K=10 base=ours base_dist=cosine lambda_margin=1 jacobian=off craft_steps=250 targets=10 victims=6; table K10=51.7 exceeds fixed K20=35
protocol: method=ours Jacobian=off targets=10 victims=6 selector_K=10 component=basis
protocol: 30 shared surrogates available; crafting always uses V checkpoints 0..4
output: /home/mmoslem3/scratch/PoisonBase/basis_k_rand_rerun_20260919_result/CIFAR10_ResNet20BN_gradmatch_ours_dog-bird_b0.002_eps8_seed42_lam1_cosine_selarchVGG13BN_K10_ce5_tgt14
[2026-09-19 03:19:20] === run start: CIFAR10_ResNet20BN_gradmatch_ours_dog-bird_b0.002_eps8_seed42_lam1_cosine_selarchVGG13BN_K10_ce5_tgt14 on cuda [0] ===
[2026-09-19 03:19:20] args: {"FORCE": false, "attack": "gradmatch", "base": "ours", "base_dist": "cosine", "base_topr": null, "budget": 0.002, "cache_dir": "/tmp/PoisonBase_cross_arch_k_10x6/cache", "class_pair": "dog-bird", "clean_baseline": true, "craft_alpha": 0.0039216, "craft_aug": true, "craft_batch": 256, "craft_ensemble": 5, "craft_lowmem": false, "craft_schedule": false, "craft_steps": 250, "data_path": "/tmp/PoisonBase_cross_arch_k_10x6/data", "dataset": "CIFAR10", "distance_margin_coef": null, "dsa_strategy": "color_crop_cutout_flip_scale_rotate", "epsilon": 0.0313725, "fast_gradmatch": false, "fc_mode": "sample", "fc_restarts": 1, "fus_alpha": 0.5, "fus_iters": 10, "fus_proxy_restarts": 0, "fus_proxy_steps": 0, "fus_search_decay": [40], "fus_search_epochs": 50, "gpus": "all", "jacobian_batch_size": 64, "jacobian_weight": 1.0, "keep_pinned_targets": false, "lambda_margin": 1.0, "model": "ResNet20BN", "no_resume": false, "num_poisons": 500, "num_surrogates": 30, "num_targets": 10, "num_victims": 6, "out_dir": "/tmp/PoisonBase_cross_arch_k_10x6/cross_arch_k_10x6_result", "pair_order": "poison-target", "parallel_pretrain": true, "parallel_targets": true, "precompute_id": null, "precompute_only": false, "precompute_part": "both", "rank_on_victims": true, "recompute_deltas": false, "require_correct_target": false, "restarts": 8, "seed": 42, "sel_K": 10, "sel_alpha": 1.0, "sel_criterion": null, "sel_dpp": false, "sel_filter": false, "sel_metric_epoch": 10, "sel_mmr": false, "sel_mode": null, "sel_model": "VGG13BN", "sel_mu": 1.0, "sel_pca": false, "sel_pool": 3.0, "selector_metric_dir": null, "sharp_mode": "worst", "sharp_samples": 20, "sharp_sigma": 0.05, "steal_timeout": 7200.0, "surrogate_aug": false, "surrogate_bs": 128, "surrogate_decay": [35, 45], "surrogate_epochs": 60, "surrogate_lr": 0.1, "surrogate_wd": 0.0, "target_idx_file": "/tmp/PoisonBase_cross_arch_k_10x6/target_sets/ResNet20BN_gradmatch_dog-bird.json", "target_select": 14, "use_jacobian_score": false, "victim_aug": false, "victim_bs": 125, "victim_decay": [40], "victim_epochs": 50, "victim_lr": 0.1, "victim_model": null, "victim_wd": 0.0}
[2026-09-19 03:19:20] Jacobian score: disabled
[2026-09-19 03:19:20] N_total=50000 budget=0.002 -> N_p=100 poisons, y_adv=5(dog) target_class=2(bird)
[2026-09-19 03:19:20] === selection/crafting surrogates (30 x ResNet20BN, trained on the full real set) ===
[2026-09-19 03:19:21]   crafting on 5/30 surrogates
[2026-09-19 03:19:21] === selection surrogates (30 x VGG13BN, cross-architecture) ===
[2026-09-19 03:19:22] === clean victims (6 x ResNet20BN) ===
[2026-09-19 03:19:23]   clean baseline CTA = 0.8354 +/- 0.0043
[2026-09-19 03:19:23]   target pool 1000 -> eligible 978 (22 already predicted as y_adv or dropped)
[2026-09-19 03:19:23]   chosen 10 targets (file), p_adv range 0.0001..0.3539
[2026-09-19 03:19:23]   targets: [5118, 8740, 5324, 4630, 833, 2065, 7056, 9059, 6707, 9874]
[2026-09-19 03:19:24] === target 5118 (1/10) ===
[2026-09-19 03:19:25]   target 5118: selector overhead 1.620 s, CUDA peak 2301.3 MiB (incremental 443.9 MiB)
[2026-09-19 03:23:25]   target 5118: crafted 100 poisons in 240 s, obj=0.21165, CUDA peak=3443.9 MiB (incremental 1584.5 MiB)
[2026-09-19 03:23:25]   target 5118: realized linf = 0.03137 (8.00/255), budget = 8.00/255
[2026-09-19 03:25:01]   [t5118 v1/6] SUCCESS (pred=dog) CTA=0.8428
[2026-09-19 03:26:37]   [t5118 v2/6] fail (pred=bird) CTA=0.8420
[2026-09-19 03:28:13]   [t5118 v3/6] fail (pred=bird) CTA=0.8340
[2026-09-19 03:29:49]   [t5118 v4/6] fail (pred=bird) CTA=0.8360
[2026-09-19 03:31:25]   [t5118 v5/6] SUCCESS (pred=dog) CTA=0.8331
[2026-09-19 03:33:00]   [t5118 v6/6] SUCCESS (pred=dog) CTA=0.8376
[2026-09-19 03:33:00]   target 5118, 6 victims on this gpu: ASR=50.0% CTA=0.8376 +/- 0.0037
[2026-09-19 03:33:00] === target 8740 (2/10) ===
[2026-09-19 03:33:02]   target 8740: selector overhead 1.450 s, CUDA peak 2309.5 MiB (incremental 443.9 MiB)
[2026-09-19 03:37:02]   target 8740: crafted 100 poisons in 240 s, obj=0.19450, CUDA peak=3445.6 MiB (incremental 1578.1 MiB)
[2026-09-19 03:37:02]   target 8740: realized linf = 0.03137 (8.00/255), budget = 8.00/255
[2026-09-19 03:38:38]   [t8740 v1/6] SUCCESS (pred=dog) CTA=0.8438
[2026-09-19 03:40:14]   [t8740 v2/6] SUCCESS (pred=dog) CTA=0.8351
[2026-09-19 03:41:50]   [t8740 v3/6] SUCCESS (pred=dog) CTA=0.8384
[2026-09-19 03:43:26]   [t8740 v4/6] SUCCESS (pred=dog) CTA=0.8401
[2026-09-19 03:45:02]   [t8740 v5/6] SUCCESS (pred=dog) CTA=0.8432
[2026-09-19 03:46:37]   [t8740 v6/6] fail (pred=cat) CTA=0.8370
[2026-09-19 03:46:37]   target 8740, 6 victims on this gpu: ASR=83.3% CTA=0.8396 +/- 0.0031
[2026-09-19 03:46:37] === target 5324 (3/10) ===
[2026-09-19 03:46:39]   target 5324: selector overhead 1.449 s, CUDA peak 2309.5 MiB (incremental 443.9 MiB)
[2026-09-19 03:50:39]   target 5324: crafted 100 poisons in 240 s, obj=0.22942, CUDA peak=3445.6 MiB (incremental 1578.1 MiB)
[2026-09-19 03:50:39]   target 5324: realized linf = 0.03137 (8.00/255), budget = 8.00/255
[2026-09-19 03:52:15]   [t5324 v1/6] fail (pred=ship) CTA=0.8435
[2026-09-19 03:53:50]   [t5324 v2/6] fail (pred=cat) CTA=0.8310
[2026-09-19 03:55:26]   [t5324 v3/6] fail (pred=truck) CTA=0.8417
[2026-09-19 03:57:02]   [t5324 v4/6] fail (pred=cat) CTA=0.8293
[2026-09-19 03:58:38]   [t5324 v5/6] fail (pred=ship) CTA=0.8412
[2026-09-19 04:00:14]   [t5324 v6/6] fail (pred=cat) CTA=0.8384
[2026-09-19 04:00:14]   target 5324, 6 victims on this gpu: ASR=0.0% CTA=0.8375 +/- 0.0054
[2026-09-19 04:00:14] === target 4630 (4/10) ===
[2026-09-19 04:00:15]   target 4630: selector overhead 1.453 s, CUDA peak 2309.5 MiB (incremental 443.9 MiB)
[2026-09-19 04:04:16]   target 4630: crafted 100 poisons in 241 s, obj=0.19051, CUDA peak=3445.6 MiB (incremental 1578.1 MiB)
[2026-09-19 04:04:16]   target 4630: realized linf = 0.03137 (8.00/255), budget = 8.00/255
[2026-09-19 04:05:52]   [t4630 v1/6] SUCCESS (pred=dog) CTA=0.8350
[2026-09-19 04:07:28]   [t4630 v2/6] SUCCESS (pred=dog) CTA=0.8350
[2026-09-19 04:09:04]   [t4630 v3/6] SUCCESS (pred=dog) CTA=0.8344
[2026-09-19 04:10:40]   [t4630 v4/6] fail (pred=bird) CTA=0.8420
[2026-09-19 04:12:16]   [t4630 v5/6] fail (pred=bird) CTA=0.8305
[2026-09-19 04:13:53]   [t4630 v6/6] fail (pred=cat) CTA=0.8377
[2026-09-19 04:13:53]   target 4630, 6 victims on this gpu: ASR=50.0% CTA=0.8358 +/- 0.0035
[2026-09-19 04:13:53] === target 833 (5/10) ===
[2026-09-19 04:13:54]   target 833: selector overhead 1.467 s, CUDA peak 2309.5 MiB (incremental 443.9 MiB)
[2026-09-19 04:17:55]   target 833: crafted 100 poisons in 241 s, obj=0.19932, CUDA peak=3445.6 MiB (incremental 1578.1 MiB)
[2026-09-19 04:17:55]   target 833: realized linf = 0.03137 (8.00/255), budget = 8.00/255
[2026-09-19 04:19:31]   [t833 v1/6] fail (pred=bird) CTA=0.8385
[2026-09-19 04:21:07]   [t833 v2/6] SUCCESS (pred=dog) CTA=0.8425
[2026-09-19 04:22:43]   [t833 v3/6] SUCCESS (pred=dog) CTA=0.8412
[2026-09-19 04:24:19]   [t833 v4/6] SUCCESS (pred=dog) CTA=0.8411
[2026-09-19 04:25:55]   [t833 v5/6] SUCCESS (pred=dog) CTA=0.8350
[2026-09-19 04:27:31]   [t833 v6/6] SUCCESS (pred=dog) CTA=0.8351
[2026-09-19 04:27:31]   target 833, 6 victims on this gpu: ASR=83.3% CTA=0.8389 +/- 0.0030
[2026-09-19 04:27:31] === target 2065 (6/10) ===
[2026-09-19 04:27:33]   target 2065: selector overhead 1.457 s, CUDA peak 2309.5 MiB (incremental 443.9 MiB)
[2026-09-19 04:31:33]   target 2065: crafted 100 poisons in 240 s, obj=0.19945, CUDA peak=3445.6 MiB (incremental 1578.1 MiB)
[2026-09-19 04:31:33]   target 2065: realized linf = 0.03137 (8.00/255), budget = 8.00/255
[2026-09-19 04:33:09]   [t2065 v1/6] SUCCESS (pred=dog) CTA=0.8365
[2026-09-19 04:34:45]   [t2065 v2/6] SUCCESS (pred=dog) CTA=0.8429
[2026-09-19 04:36:21]   [t2065 v3/6] fail (pred=deer) CTA=0.8373
[2026-09-19 04:37:57]   [t2065 v4/6] SUCCESS (pred=dog) CTA=0.8394
[2026-09-19 04:39:33]   [t2065 v5/6] SUCCESS (pred=dog) CTA=0.8291
[2026-09-19 04:41:09]   [t2065 v6/6] SUCCESS (pred=dog) CTA=0.8400
[2026-09-19 04:41:09]   target 2065, 6 victims on this gpu: ASR=83.3% CTA=0.8375 +/- 0.0043
[2026-09-19 04:41:09] === target 7056 (7/10) ===
[2026-09-19 04:41:11]   target 7056: selector overhead 1.456 s, CUDA peak 2309.5 MiB (incremental 443.9 MiB)
[2026-09-19 04:45:11]   target 7056: crafted 100 poisons in 240 s, obj=0.23896, CUDA peak=3445.6 MiB (incremental 1578.1 MiB)
[2026-09-19 04:45:11]   target 7056: realized linf = 0.03137 (8.00/255), budget = 8.00/255
[2026-09-19 04:46:47]   [t7056 v1/6] fail (pred=bird) CTA=0.8403
[2026-09-19 04:48:23]   [t7056 v2/6] fail (pred=bird) CTA=0.8340
[2026-09-19 04:49:59]   [t7056 v3/6] fail (pred=bird) CTA=0.8442
[2026-09-19 04:51:35]   [t7056 v4/6] fail (pred=bird) CTA=0.8455
[2026-09-19 04:53:11]   [t7056 v5/6] fail (pred=bird) CTA=0.8421
[2026-09-19 04:54:47]   [t7056 v6/6] fail (pred=bird) CTA=0.8314
[2026-09-19 04:54:47]   target 7056, 6 victims on this gpu: ASR=0.0% CTA=0.8396 +/- 0.0052
[2026-09-19 04:54:47] === target 9059 (8/10) ===
[2026-09-19 04:54:49]   target 9059: selector overhead 1.457 s, CUDA peak 2309.5 MiB (incremental 443.9 MiB)
[2026-09-19 04:58:49]   target 9059: crafted 100 poisons in 240 s, obj=0.23271, CUDA peak=3445.6 MiB (incremental 1578.1 MiB)
[2026-09-19 04:58:49]   target 9059: realized linf = 0.03137 (8.00/255), budget = 8.00/255
[2026-09-19 05:00:25]   [t9059 v1/6] SUCCESS (pred=dog) CTA=0.8402
[2026-09-19 05:02:01]   [t9059 v2/6] SUCCESS (pred=dog) CTA=0.8393
[2026-09-19 05:03:37]   [t9059 v3/6] fail (pred=cat) CTA=0.8418
[2026-09-19 05:05:13]   [t9059 v4/6] fail (pred=bird) CTA=0.8357
[2026-09-19 05:06:49]   [t9059 v5/6] SUCCESS (pred=dog) CTA=0.8387
[2026-09-19 05:08:25]   [t9059 v6/6] fail (pred=cat) CTA=0.8334
[2026-09-19 05:08:25]   target 9059, 6 victims on this gpu: ASR=50.0% CTA=0.8382 +/- 0.0028
[2026-09-19 05:08:25] === target 6707 (9/10) ===
[2026-09-19 05:08:27]   target 6707: selector overhead 1.458 s, CUDA peak 2309.5 MiB (incremental 443.9 MiB)
[2026-09-19 05:12:27]   target 6707: crafted 100 poisons in 240 s, obj=0.21573, CUDA peak=3445.6 MiB (incremental 1578.1 MiB)
[2026-09-19 05:12:27]   target 6707: realized linf = 0.03137 (8.00/255), budget = 8.00/255
[2026-09-19 05:14:03]   [t6707 v1/6] fail (pred=cat) CTA=0.8357
[2026-09-19 05:15:39]   [t6707 v2/6] SUCCESS (pred=dog) CTA=0.8317
[2026-09-19 05:17:15]   [t6707 v3/6] fail (pred=bird) CTA=0.8386
[2026-09-19 05:18:51]   [t6707 v4/6] SUCCESS (pred=dog) CTA=0.8409
[2026-09-19 05:20:27]   [t6707 v5/6] SUCCESS (pred=dog) CTA=0.8417
[2026-09-19 05:22:03]   [t6707 v6/6] fail (pred=bird) CTA=0.8378
[2026-09-19 05:22:03]   target 6707, 6 victims on this gpu: ASR=50.0% CTA=0.8377 +/- 0.0033
[2026-09-19 05:22:03] === target 9874 (10/10) ===
[2026-09-19 05:22:04]   target 9874: selector overhead 1.455 s, CUDA peak 2309.5 MiB (incremental 443.9 MiB)
[2026-09-19 05:26:05]   target 9874: crafted 100 poisons in 240 s, obj=0.17967, CUDA peak=3445.6 MiB (incremental 1578.1 MiB)
[2026-09-19 05:26:05]   target 9874: realized linf = 0.03137 (8.00/255), budget = 8.00/255
[2026-09-19 05:27:41]   [t9874 v1/6] SUCCESS (pred=dog) CTA=0.8315
[2026-09-19 05:29:17]   [t9874 v2/6] SUCCESS (pred=dog) CTA=0.8426
[2026-09-19 05:30:53]   [t9874 v3/6] fail (pred=deer) CTA=0.8357
[2026-09-19 05:32:29]   [t9874 v4/6] SUCCESS (pred=dog) CTA=0.8346
[2026-09-19 05:34:05]   [t9874 v5/6] SUCCESS (pred=dog) CTA=0.8382
[2026-09-19 05:35:41]   [t9874 v6/6] SUCCESS (pred=dog) CTA=0.8324
[2026-09-19 05:35:41]   target 9874, 6 victims on this gpu: ASR=83.3% CTA=0.8358 +/- 0.0037
[2026-09-19 05:35:41]   selector resources: 10 target(s), 14.7 total target-seconds, max CUDA allocated 2309.5 MiB (incremental 443.9 MiB)
[2026-09-19 05:35:41] ==== CIFAR10_ResNet20BN_gradmatch_ours_dog-bird_b0.002_eps8_seed42_lam1_cosine_selarchVGG13BN_K10_ce5_tgt14 : ASR = 53.3% +/- 30.6% | CTA = 0.8378 (baseline 0.8354) ====
[2026-09-19 05:35:41]   target-prediction tally ['airplane', 'automobile', 'bird', 'cat', 'deer', 'dog', 'frog', 'horse', 'ship', 'truck']: [0, 0, 15, 8, 2, 32, 0, 0, 2, 1]
verified: 10 targets x 6 victims = 60 unique evaluations
sync: CIFAR10_ResNet20BN_gradmatch_ours_dog-bird_b0.002_eps8_seed42_lam1_cosine_selarchVGG13BN_K10_ce5_tgt14 -> /home/mmoslem3/scratch/PoisonBase/basis_k_rand_rerun_20260919_result
sync: complete
