stage: optional directory absent: /home/mmoslem3/scratch/PoisonBase/ours_result/CIFAR10_ResNet20BN_gradmatch_ours_dog-bird_b0.005_eps8_seed42_lam1_cosine_selR_ce5_tgt14
job: 981035 bmc04_r20_gm_b0005_r on rack16-07
work: /tmp/attack_if
config: source /home/mmoslem3/ENV/bin/activate; SOURCE_ROOT=/home/mmoslem3/scratch/PoisonBase PERSIST_DATA_ROOT=/home/mmoslem3/scratch/PoisonBase/data MODEL=ResNet20BN ATTACK=gradmatch CLASS_PAIR=dog-bird BUDGETS=0.005 SELECT=r USE_JACOBIAN_SCORE=0 LAMBDA_MARGIN=1.0 CRAFT_STEPS=250 CRAFT_ALPHA=0.0039216 NUM_TARGETS=8 NUM_VICTIMS=5 sh sel_dpp.sh
protocol: attack=8 targets x 5 victims
gpu: NVIDIA L40S
=== component ablation: R | ResNet20BN / gradmatch / dog-bird ===
    targets: pinned from target_sets/ResNet20BN_gradmatch_dog-bird.json (same 10 the random-base run attacked)
    difficulty label tgt14   craft flags: none
    component ablation: R; needed raw components are averaged over surrogates, then standardized (batch=64)
    legacy score: z(distance) + 1.0*z(margin)
    budgets: 0.005

--- r | ResNet20BN / gradmatch / dog-bird | budget 0.005 ---
[2026-09-18 05:38:25] === run start: CIFAR10_ResNet20BN_gradmatch_ours_dog-bird_b0.005_eps8_seed42_lam1_cosine_selR_ce5_tgt14 on cuda [0] ===
[2026-09-18 05:38:25] args: {"FORCE": false, "attack": "gradmatch", "base": "ours", "base_dist": "cosine", "base_topr": null, "budget": 0.005, "cache_dir": "/tmp/attack_if/cache", "class_pair": "dog-bird", "clean_baseline": true, "craft_alpha": 0.0039216, "craft_aug": true, "craft_batch": 256, "craft_ensemble": 5, "craft_lowmem": false, "craft_schedule": false, "craft_steps": 250, "data_path": "/tmp/data", "dataset": "CIFAR10", "distance_margin_coef": null, "dsa_strategy": "color_crop_cutout_flip_scale_rotate", "epsilon": 0.0313725, "fast_gradmatch": false, "fc_mode": "sample", "fc_restarts": 1, "fus_alpha": 0.5, "fus_iters": 10, "fus_proxy_restarts": 0, "fus_proxy_steps": 0, "fus_search_decay": [40], "fus_search_epochs": 50, "gpus": "all", "jacobian_batch_size": 64, "jacobian_weight": 1.0, "keep_pinned_targets": false, "lambda_margin": 1.0, "model": "ResNet20BN", "no_resume": false, "num_poisons": 500, "num_surrogates": 20, "num_targets": 8, "num_victims": 5, "out_dir": "/tmp/attack_if/ours_result", "pair_order": "poison-target", "parallel_pretrain": true, "parallel_targets": true, "precompute_id": null, "precompute_only": false, "precompute_part": "both", "rank_on_victims": true, "recompute_deltas": false, "require_correct_target": false, "restarts": 8, "seed": 42, "sel_K": null, "sel_alpha": 1.0, "sel_component": "r", "sel_criterion": null, "sel_dpp": false, "sel_filter": false, "sel_metric_epoch": 10, "sel_mmr": false, "sel_mode": null, "sel_model": null, "sel_mu": 1.0, "sel_pca": false, "sel_pool": 3.0, "selector_metric_dir": null, "sharp_mode": "worst", "sharp_samples": 20, "sharp_sigma": 0.05, "steal_timeout": 7200.0, "surrogate_aug": false, "surrogate_bs": 128, "surrogate_decay": [35, 45], "surrogate_epochs": 60, "surrogate_lr": 0.1, "surrogate_wd": 0.0, "target_idx_file": "target_sets/ResNet20BN_gradmatch_dog-bird.json", "target_select": 14, "use_jacobian_score": false, "victim_aug": false, "victim_bs": 125, "victim_decay": [40], "victim_epochs": 50, "victim_lr": 0.1, "victim_model": null, "victim_wd": 0.0}
[2026-09-18 05:38:25] Jacobian score: disabled
[2026-09-18 05:38:25] R component selector: raw components averaged over surrogates, then each used component standardized across candidates; batch_size=64
[2026-09-18 05:38:25] N_total=50000 budget=0.005 -> N_p=250 poisons, y_adv=5(dog) target_class=2(bird)
[2026-09-18 05:38:25] === selection/crafting surrogates (20 x ResNet20BN, trained on the full real set) ===
[2026-09-18 05:38:26]   crafting on 5/20 surrogates
[2026-09-18 05:38:26] === clean victims (5 x ResNet20BN) ===
[2026-09-18 05:38:27]   clean baseline CTA = 0.8350 +/- 0.0046
[2026-09-18 05:38:27]   target pool 1000 -> eligible 976 (24 already predicted as y_adv or dropped)
[2026-09-18 05:38:27]   chosen 8 targets (file), p_adv range 0.0001..0.3835
[2026-09-18 05:38:27]   targets: [5118, 8740, 5324, 4630, 833, 2065, 7056, 9059]
[2026-09-18 05:38:27] === target 5118 (1/8) ===
[2026-09-18 05:38:29]   target 5118: selector overhead 1.988 s, CUDA peak 819.4 MiB (incremental 78.7 MiB)
[2026-09-18 05:46:23]   target 5118: crafted 250 poisons in 474 s, obj=0.22020, CUDA peak=4675.9 MiB (incremental 3932.2 MiB)
[2026-09-18 05:46:23]   target 5118: realized linf = 0.03137 (8.00/255), budget = 8.00/255
[2026-09-18 05:48:00]   [t5118 v1/5] SUCCESS (pred=dog) CTA=0.8341
[2026-09-18 05:49:36]   [t5118 v2/5] fail (pred=bird) CTA=0.8441
[2026-09-18 05:51:13]   [t5118 v3/5] SUCCESS (pred=dog) CTA=0.8365
[2026-09-18 05:52:49]   [t5118 v4/5] fail (pred=bird) CTA=0.8339
[2026-09-18 05:54:26]   [t5118 v5/5] fail (pred=bird) CTA=0.8348
[2026-09-18 05:54:26]   target 5118, 5 victims on this gpu: ASR=40.0% CTA=0.8367 +/- 0.0038
[2026-09-18 05:54:26] === target 8740 (2/8) ===
[2026-09-18 05:54:28]   target 8740: selector overhead 1.847 s, CUDA peak 827.6 MiB (incremental 78.7 MiB)
[2026-09-18 06:02:20]   target 8740: crafted 250 poisons in 472 s, obj=0.19902, CUDA peak=4683.0 MiB (incremental 3931.2 MiB)
[2026-09-18 06:02:20]   target 8740: realized linf = 0.03137 (8.00/255), budget = 8.00/255
[2026-09-18 06:03:57]   [t8740 v1/5] SUCCESS (pred=dog) CTA=0.8415
[2026-09-18 06:05:34]   [t8740 v2/5] SUCCESS (pred=dog) CTA=0.8410
[2026-09-18 06:07:10]   [t8740 v3/5] fail (pred=bird) CTA=0.8341
[2026-09-18 06:08:47]   [t8740 v4/5] fail (pred=bird) CTA=0.8409
[2026-09-18 06:10:23]   [t8740 v5/5] fail (pred=bird) CTA=0.8360
[2026-09-18 06:10:23]   target 8740, 5 victims on this gpu: ASR=40.0% CTA=0.8387 +/- 0.0030
[2026-09-18 06:10:23] === target 5324 (3/8) ===
[2026-09-18 06:10:25]   target 5324: selector overhead 1.835 s, CUDA peak 827.6 MiB (incremental 78.7 MiB)
[2026-09-18 06:18:18]   target 5324: crafted 250 poisons in 472 s, obj=0.24195, CUDA peak=4682.1 MiB (incremental 3930.3 MiB)
[2026-09-18 06:18:18]   target 5324: realized linf = 0.03137 (8.00/255), budget = 8.00/255
[2026-09-18 06:19:54]   [t5324 v1/5] fail (pred=cat) CTA=0.8383
[2026-09-18 06:21:31]   [t5324 v2/5] fail (pred=airplane) CTA=0.8331
[2026-09-18 06:23:07]   [t5324 v3/5] fail (pred=ship) CTA=0.8406
[2026-09-18 06:24:44]   [t5324 v4/5] fail (pred=cat) CTA=0.8307
[2026-09-18 06:26:20]   [t5324 v5/5] fail (pred=ship) CTA=0.8373
[2026-09-18 06:26:20]   target 5324, 5 victims on this gpu: ASR=0.0% CTA=0.8360 +/- 0.0036
[2026-09-18 06:26:20] === target 4630 (4/8) ===
[2026-09-18 06:26:22]   target 4630: selector overhead 1.841 s, CUDA peak 827.6 MiB (incremental 78.7 MiB)
[2026-09-18 06:34:14]   target 4630: crafted 250 poisons in 472 s, obj=0.19235, CUDA peak=4682.1 MiB (incremental 3930.3 MiB)
[2026-09-18 06:34:14]   target 4630: realized linf = 0.03137 (8.00/255), budget = 8.00/255
[2026-09-18 06:35:51]   [t4630 v1/5] fail (pred=bird) CTA=0.8332
[2026-09-18 06:37:27]   [t4630 v2/5] fail (pred=bird) CTA=0.8438
[2026-09-18 06:39:04]   [t4630 v3/5] fail (pred=bird) CTA=0.8349
[2026-09-18 06:40:40]   [t4630 v4/5] SUCCESS (pred=dog) CTA=0.8378
[2026-09-18 06:42:17]   [t4630 v5/5] fail (pred=frog) CTA=0.8410
[2026-09-18 06:42:17]   target 4630, 5 victims on this gpu: ASR=20.0% CTA=0.8381 +/- 0.0039
[2026-09-18 06:42:17] === target 833 (5/8) ===
[2026-09-18 06:42:19]   target 833: selector overhead 1.832 s, CUDA peak 827.6 MiB (incremental 78.7 MiB)
[2026-09-18 06:50:11]   target 833: crafted 250 poisons in 472 s, obj=0.19658, CUDA peak=4682.1 MiB (incremental 3930.3 MiB)
[2026-09-18 06:50:11]   target 833: realized linf = 0.03137 (8.00/255), budget = 8.00/255
[2026-09-18 06:51:47]   [t833 v1/5] fail (pred=bird) CTA=0.8437
[2026-09-18 06:53:24]   [t833 v2/5] fail (pred=bird) CTA=0.8376
[2026-09-18 06:55:00]   [t833 v3/5] fail (pred=bird) CTA=0.8410
[2026-09-18 06:56:37]   [t833 v4/5] fail (pred=bird) CTA=0.8385
[2026-09-18 06:58:13]   [t833 v5/5] fail (pred=bird) CTA=0.8358
[2026-09-18 06:58:13]   target 833, 5 victims on this gpu: ASR=0.0% CTA=0.8393 +/- 0.0028
[2026-09-18 06:58:13] === target 2065 (6/8) ===
[2026-09-18 06:58:15]   target 2065: selector overhead 1.841 s, CUDA peak 827.6 MiB (incremental 78.7 MiB)
[2026-09-18 07:06:06]   target 2065: crafted 250 poisons in 471 s, obj=0.21433, CUDA peak=4682.1 MiB (incremental 3930.3 MiB)
[2026-09-18 07:06:06]   target 2065: realized linf = 0.03137 (8.00/255), budget = 8.00/255
[2026-09-18 07:07:42]   [t2065 v1/5] fail (pred=deer) CTA=0.8324
[2026-09-18 07:09:19]   [t2065 v2/5] fail (pred=deer) CTA=0.8352
[2026-09-18 07:10:55]   [t2065 v3/5] fail (pred=bird) CTA=0.8341
[2026-09-18 07:12:32]   [t2065 v4/5] fail (pred=deer) CTA=0.8380
[2026-09-18 07:14:08]   [t2065 v5/5] SUCCESS (pred=dog) CTA=0.8436
[2026-09-18 07:14:08]   target 2065, 5 victims on this gpu: ASR=20.0% CTA=0.8367 +/- 0.0039
[2026-09-18 07:14:08] === target 7056 (7/8) ===
[2026-09-18 07:14:10]   target 7056: selector overhead 1.834 s, CUDA peak 827.6 MiB (incremental 78.7 MiB)
[2026-09-18 07:22:01]   target 7056: crafted 250 poisons in 471 s, obj=0.24815, CUDA peak=4683.0 MiB (incremental 3931.2 MiB)
[2026-09-18 07:22:01]   target 7056: realized linf = 0.03137 (8.00/255), budget = 8.00/255
[2026-09-18 07:23:37]   [t7056 v1/5] fail (pred=bird) CTA=0.8414
[2026-09-18 07:25:14]   [t7056 v2/5] fail (pred=bird) CTA=0.8377
[2026-09-18 07:26:50]   [t7056 v3/5] fail (pred=bird) CTA=0.8384
[2026-09-18 07:28:27]   [t7056 v4/5] fail (pred=bird) CTA=0.8351
[2026-09-18 07:30:03]   [t7056 v5/5] fail (pred=bird) CTA=0.8381
[2026-09-18 07:30:03]   target 7056, 5 victims on this gpu: ASR=0.0% CTA=0.8381 +/- 0.0020
[2026-09-18 07:30:03] === target 9059 (8/8) ===
[2026-09-18 07:30:05]   target 9059: selector overhead 1.842 s, CUDA peak 827.6 MiB (incremental 78.7 MiB)
