stage: optional directory absent: /home/mmoslem3/scratch/PoisonBase/ours_result/CIFAR10_ResNet20BN_gradmatch_ours_dog-bird_b0.005_eps8_seed42_lam1_cosine_selexactgigt_ce5_tgt14
job: 981037 bmc06_r20_gm_b0005_gigt on rack16-07
work: /tmp/attack_if
config: source /home/mmoslem3/ENV/bin/activate; SOURCE_ROOT=/home/mmoslem3/scratch/PoisonBase PERSIST_DATA_ROOT=/home/mmoslem3/scratch/PoisonBase/data MODEL=ResNet20BN ATTACK=gradmatch CLASS_PAIR=dog-bird BUDGETS=0.005 SELECT=exact USE_JACOBIAN_SCORE=0 LAMBDA_MARGIN=1.0 CRAFT_STEPS=250 CRAFT_ALPHA=0.0039216 NUM_TARGETS=8 NUM_VICTIMS=5 sh sel_dpp.sh
protocol: attack=8 targets x 5 victims
gpu: NVIDIA L40S
=== exact full-parameter g_i^T g_t (per-surrogate standardized) | ResNet20BN / gradmatch / dog-bird ===
    targets: pinned from target_sets/ResNet20BN_gradmatch_dog-bird.json (same 10 the random-base run attacked)
    difficulty label tgt14   craft flags: none
    exact selector uses full-parameter gi^T gt (batch=64)
    legacy score: z(distance) + 1.0*z(margin)
    budgets: 0.005

--- exact | ResNet20BN / gradmatch / dog-bird | budget 0.005 ---
[2026-09-18 05:38:47] === run start: CIFAR10_ResNet20BN_gradmatch_ours_dog-bird_b0.005_eps8_seed42_lam1_cosine_selexactgigt_ce5_tgt14 on cuda [0] ===
[2026-09-18 05:38:47] args: {"FORCE": false, "attack": "gradmatch", "base": "ours", "base_dist": "cosine", "base_topr": null, "budget": 0.005, "cache_dir": "/tmp/attack_if/cache", "class_pair": "dog-bird", "clean_baseline": true, "craft_alpha": 0.0039216, "craft_aug": true, "craft_batch": 256, "craft_ensemble": 5, "craft_lowmem": false, "craft_schedule": false, "craft_steps": 250, "data_path": "/tmp/data", "dataset": "CIFAR10", "distance_margin_coef": null, "dsa_strategy": "color_crop_cutout_flip_scale_rotate", "epsilon": 0.0313725, "fast_gradmatch": false, "fc_mode": "sample", "fc_restarts": 1, "fus_alpha": 0.5, "fus_iters": 10, "fus_proxy_restarts": 0, "fus_proxy_steps": 0, "fus_search_decay": [40], "fus_search_epochs": 50, "gpus": "all", "jacobian_batch_size": 64, "jacobian_weight": 1.0, "keep_pinned_targets": false, "lambda_margin": 1.0, "model": "ResNet20BN", "no_resume": false, "num_poisons": 500, "num_surrogates": 20, "num_targets": 8, "num_victims": 5, "out_dir": "/tmp/attack_if/ours_result", "pair_order": "poison-target", "parallel_pretrain": true, "parallel_targets": true, "precompute_id": null, "precompute_only": false, "precompute_part": "both", "rank_on_victims": true, "recompute_deltas": false, "require_correct_target": false, "restarts": 8, "seed": 42, "sel_K": null, "sel_alpha": 1.0, "sel_criterion": null, "sel_dpp": false, "sel_exact_alignment": true, "sel_filter": false, "sel_metric_epoch": 10, "sel_mmr": false, "sel_mode": null, "sel_model": null, "sel_mu": 1.0, "sel_pca": false, "sel_pool": 3.0, "selector_metric_dir": null, "sharp_mode": "worst", "sharp_samples": 20, "sharp_sigma": 0.05, "steal_timeout": 7200.0, "surrogate_aug": false, "surrogate_bs": 128, "surrogate_decay": [35, 45], "surrogate_epochs": 60, "surrogate_lr": 0.1, "surrogate_wd": 0.0, "target_idx_file": "target_sets/ResNet20BN_gradmatch_dog-bird.json", "target_select": 14, "use_jacobian_score": false, "victim_aug": false, "victim_bs": 125, "victim_decay": [40], "victim_epochs": 50, "victim_lr": 0.1, "victim_model": null, "victim_wd": 0.0}
[2026-09-18 05:38:47] Jacobian score: disabled
[2026-09-18 05:38:47] Exact full-parameter gi^T gt selector: enabled, batch_size=64; per-surrogate alignment standardization enabled
[2026-09-18 05:38:47] N_total=50000 budget=0.005 -> N_p=250 poisons, y_adv=5(dog) target_class=2(bird)
[2026-09-18 05:38:47] === selection/crafting surrogates (20 x ResNet20BN, trained on the full real set) ===
[2026-09-18 05:38:48]   crafting on 5/20 surrogates
[2026-09-18 05:38:48] === clean victims (5 x ResNet20BN) ===
[2026-09-18 05:38:48]   clean baseline CTA = 0.8350 +/- 0.0046
[2026-09-18 05:38:48]   target pool 1000 -> eligible 976 (24 already predicted as y_adv or dropped)
[2026-09-18 05:38:48]   chosen 8 targets (file), p_adv range 0.0001..0.3835
[2026-09-18 05:38:48]   targets: [5118, 8740, 5324, 4630, 833, 2065, 7056, 9059]
[2026-09-18 05:38:48] === target 5118 (1/8) ===
[2026-09-18 05:38:49]   Exact gi/gt alignment backend: torch.func JVP
[2026-09-18 05:39:03]   target 5118: selector overhead 15.094 s, CUDA peak 1191.7 MiB (incremental 450.9 MiB)
[2026-09-18 05:46:54]   target 5118: crafted 250 poisons in 471 s, obj=0.19771, CUDA peak=4676.6 MiB (incremental 3924.8 MiB)
[2026-09-18 05:46:54]   target 5118: realized linf = 0.03137 (8.00/255), budget = 8.00/255
[2026-09-18 05:48:30]   [t5118 v1/5] SUCCESS (pred=dog) CTA=0.8413
[2026-09-18 05:50:07]   [t5118 v2/5] SUCCESS (pred=dog) CTA=0.8480
[2026-09-18 05:51:43]   [t5118 v3/5] SUCCESS (pred=dog) CTA=0.8387
[2026-09-18 05:53:20]   [t5118 v4/5] SUCCESS (pred=dog) CTA=0.8398
[2026-09-18 05:54:56]   [t5118 v5/5] SUCCESS (pred=dog) CTA=0.8394
[2026-09-18 05:54:56]   target 5118, 5 victims on this gpu: ASR=100.0% CTA=0.8414 +/- 0.0034
[2026-09-18 05:54:56] === target 8740 (2/8) ===
[2026-09-18 05:55:10]   target 8740: selector overhead 14.505 s, CUDA peak 1191.7 MiB (incremental 442.8 MiB)
[2026-09-18 06:03:01]   target 8740: crafted 250 poisons in 470 s, obj=0.18621, CUDA peak=4684.3 MiB (incremental 3932.2 MiB)
[2026-09-18 06:03:01]   target 8740: realized linf = 0.03137 (8.00/255), budget = 8.00/255
[2026-09-18 06:04:37]   [t8740 v1/5] SUCCESS (pred=dog) CTA=0.8342
[2026-09-18 06:06:13]   [t8740 v2/5] SUCCESS (pred=dog) CTA=0.8387
[2026-09-18 06:07:50]   [t8740 v3/5] SUCCESS (pred=dog) CTA=0.8347
[2026-09-18 06:09:26]   [t8740 v4/5] SUCCESS (pred=dog) CTA=0.8376
[2026-09-18 06:11:02]   [t8740 v5/5] SUCCESS (pred=dog) CTA=0.8379
[2026-09-18 06:11:02]   target 8740, 5 victims on this gpu: ASR=100.0% CTA=0.8366 +/- 0.0018
[2026-09-18 06:11:02] === target 5324 (3/8) ===
[2026-09-18 06:11:17]   target 5324: selector overhead 14.718 s, CUDA peak 1191.7 MiB (incremental 442.8 MiB)
[2026-09-18 06:19:07]   target 5324: crafted 250 poisons in 470 s, obj=0.22322, CUDA peak=4682.6 MiB (incremental 3930.5 MiB)
[2026-09-18 06:19:07]   target 5324: realized linf = 0.03137 (8.00/255), budget = 8.00/255
[2026-09-18 06:20:44]   [t5324 v1/5] SUCCESS (pred=dog) CTA=0.8388
[2026-09-18 06:22:20]   [t5324 v2/5] SUCCESS (pred=dog) CTA=0.8333
[2026-09-18 06:23:56]   [t5324 v3/5] SUCCESS (pred=dog) CTA=0.8377
[2026-09-18 06:25:32]   [t5324 v4/5] fail (pred=truck) CTA=0.8320
[2026-09-18 06:27:09]   [t5324 v5/5] SUCCESS (pred=dog) CTA=0.8399
[2026-09-18 06:27:09]   target 5324, 5 victims on this gpu: ASR=80.0% CTA=0.8363 +/- 0.0031
[2026-09-18 06:27:09] === target 4630 (4/8) ===
[2026-09-18 06:27:23]   target 4630: selector overhead 14.803 s, CUDA peak 1191.7 MiB (incremental 442.8 MiB)
[2026-09-18 06:35:13]   target 4630: crafted 250 poisons in 470 s, obj=0.17902, CUDA peak=4684.0 MiB (incremental 3931.9 MiB)
[2026-09-18 06:35:13]   target 4630: realized linf = 0.03137 (8.00/255), budget = 8.00/255
[2026-09-18 06:36:50]   [t4630 v1/5] SUCCESS (pred=dog) CTA=0.8336
[2026-09-18 06:38:27]   [t4630 v2/5] fail (pred=bird) CTA=0.8443
[2026-09-18 06:40:03]   [t4630 v3/5] fail (pred=bird) CTA=0.8319
[2026-09-18 06:41:39]   [t4630 v4/5] SUCCESS (pred=dog) CTA=0.8429
[2026-09-18 06:43:16]   [t4630 v5/5] SUCCESS (pred=dog) CTA=0.8359
[2026-09-18 06:43:16]   target 4630, 5 victims on this gpu: ASR=60.0% CTA=0.8377 +/- 0.0050
[2026-09-18 06:43:16] === target 833 (5/8) ===
[2026-09-18 06:43:31]   target 833: selector overhead 14.750 s, CUDA peak 1191.7 MiB (incremental 442.8 MiB)
[2026-09-18 06:51:20]   target 833: crafted 250 poisons in 470 s, obj=0.19195, CUDA peak=4683.9 MiB (incremental 3931.8 MiB)
[2026-09-18 06:51:20]   target 833: realized linf = 0.03137 (8.00/255), budget = 8.00/255
[2026-09-18 06:52:57]   [t833 v1/5] SUCCESS (pred=dog) CTA=0.8393
[2026-09-18 06:54:33]   [t833 v2/5] SUCCESS (pred=dog) CTA=0.8379
[2026-09-18 06:56:09]   [t833 v3/5] SUCCESS (pred=dog) CTA=0.8392
[2026-09-18 06:57:45]   [t833 v4/5] SUCCESS (pred=dog) CTA=0.8356
[2026-09-18 06:59:22]   [t833 v5/5] SUCCESS (pred=dog) CTA=0.8309
[2026-09-18 06:59:22]   target 833, 5 victims on this gpu: ASR=100.0% CTA=0.8366 +/- 0.0031
[2026-09-18 06:59:22] === target 2065 (6/8) ===
[2026-09-18 06:59:36]   target 2065: selector overhead 14.707 s, CUDA peak 1191.7 MiB (incremental 442.8 MiB)
[2026-09-18 07:07:26]   target 2065: crafted 250 poisons in 470 s, obj=0.19063, CUDA peak=4682.5 MiB (incremental 3930.4 MiB)
[2026-09-18 07:07:26]   target 2065: realized linf = 0.03137 (8.00/255), budget = 8.00/255
[2026-09-18 07:09:03]   [t2065 v1/5] SUCCESS (pred=dog) CTA=0.8407
[2026-09-18 07:10:39]   [t2065 v2/5] SUCCESS (pred=dog) CTA=0.8389
[2026-09-18 07:12:15]   [t2065 v3/5] SUCCESS (pred=dog) CTA=0.8361
[2026-09-18 07:13:51]   [t2065 v4/5] SUCCESS (pred=dog) CTA=0.8384
[2026-09-18 07:15:27]   [t2065 v5/5] SUCCESS (pred=dog) CTA=0.8465
[2026-09-18 07:15:27]   target 2065, 5 victims on this gpu: ASR=100.0% CTA=0.8401 +/- 0.0035
[2026-09-18 07:15:27] === target 7056 (7/8) ===
[2026-09-18 07:15:42]   target 7056: selector overhead 14.706 s, CUDA peak 1191.7 MiB (incremental 442.8 MiB)
[2026-09-18 07:23:32]   target 7056: crafted 250 poisons in 470 s, obj=0.23999, CUDA peak=4683.0 MiB (incremental 3930.9 MiB)
[2026-09-18 07:23:32]   target 7056: realized linf = 0.03137 (8.00/255), budget = 8.00/255
[2026-09-18 07:25:09]   [t7056 v1/5] fail (pred=bird) CTA=0.8375
[2026-09-18 07:26:45]   [t7056 v2/5] fail (pred=bird) CTA=0.8354
[2026-09-18 07:28:21]   [t7056 v3/5] fail (pred=bird) CTA=0.8403
[2026-09-18 07:29:57]   [t7056 v4/5] fail (pred=bird) CTA=0.8322
[2026-09-18 07:31:34]   [t7056 v5/5] fail (pred=bird) CTA=0.8341
[2026-09-18 07:31:34]   target 7056, 5 victims on this gpu: ASR=0.0% CTA=0.8359 +/- 0.0028
[2026-09-18 07:31:34] === target 9059 (8/8) ===
[2026-09-18 07:31:48]   target 9059: selector overhead 14.738 s, CUDA peak 1191.7 MiB (incremental 442.8 MiB)
