stage: optional directory absent: /home/mmoslem3/scratch/PoisonBase/ours_result/CIFAR10_ResNet20BN_sapa_ours_frog-airplane_b0.001_eps8_seed42_lam1_cosine_selAplusR_worst0.05_ce5_tgt10
job: 770094 cmp30_28_resnet20bn_sapa_fa_b0001_a_plus_r on rack08-15
work: /tmp/attack_if
config: SOURCE_ROOT=/home/mmoslem3/scratch/PoisonBase PERSIST_DATA_ROOT=/home/mmoslem3/scratch/PoisonBase/data MODEL=ResNet20BN ATTACK=sapa CLASS_PAIR=frog-airplane BUDGETS=0.001 SELECT=a-plus-r NUM_TARGETS=8 NUM_VICTIMS=5 sh sel_dpp.sh
protocol: attack=8 targets x 5 victims
gpu: NVIDIA L40S
=== component ablation: A+R | ResNet20BN / sapa / frog-airplane | sharp worst sigma=0.05 ===
    targets: pinned from target_sets/ResNet20BN_gradmatch_frog-airplane.json (same 10 the random-base run attacked)
    difficulty label tgt10   craft flags: none
    component ablation: A+R; needed raw components are averaged over surrogates, then standardized (batch=64)
    budgets: 0.001

--- a-plus-r | ResNet20BN / sapa / frog-airplane | sharp worst sigma=0.05 | budget 0.001 ---
[2026-09-02 21:23:50] === run start: CIFAR10_ResNet20BN_sapa_ours_frog-airplane_b0.001_eps8_seed42_lam1_cosine_selAplusR_worst0.05_ce5_tgt10 on cuda [0] ===
[2026-09-02 21:23:50] args: {"FORCE": false, "attack": "sapa", "base": "ours", "base_dist": "cosine", "base_topr": null, "budget": 0.001, "cache_dir": "/tmp/attack_if/cache", "class_pair": "frog-airplane", "clean_baseline": true, "craft_alpha": 0.0039216, "craft_aug": true, "craft_batch": 256, "craft_ensemble": 5, "craft_lowmem": false, "craft_schedule": false, "craft_steps": 250, "data_path": "/tmp/data", "dataset": "CIFAR10", "dsa_strategy": "color_crop_cutout_flip_scale_rotate", "epsilon": 0.0313725, "fast_gradmatch": false, "fc_mode": "sample", "fc_restarts": 1, "gpus": "all", "jacobian_batch_size": 64, "jacobian_weight": 1.0, "lambda_margin": 1.0, "model": "ResNet20BN", "no_resume": false, "num_poisons": 500, "num_surrogates": 20, "num_targets": 8, "num_victims": 5, "out_dir": "/tmp/attack_if/ours_result", "pair_order": "poison-target", "parallel_pretrain": true, "parallel_targets": true, "precompute_id": null, "precompute_only": false, "precompute_part": "both", "rank_on_victims": true, "recompute_deltas": false, "require_correct_target": false, "restarts": 8, "seed": 42, "sel_K": null, "sel_alpha": 1.0, "sel_component": "a-plus-r", "sel_criterion": null, "sel_dpp": false, "sel_filter": false, "sel_mmr": false, "sel_mode": null, "sel_model": null, "sel_mu": 1.0, "sel_pca": false, "sel_pool": 3.0, "sharp_mode": "worst", "sharp_samples": 20, "sharp_sigma": 0.05, "steal_timeout": 7200.0, "surrogate_aug": false, "surrogate_bs": 128, "surrogate_decay": [35, 45], "surrogate_epochs": 60, "surrogate_lr": 0.1, "surrogate_wd": 0.0, "target_idx_file": "target_sets/ResNet20BN_gradmatch_frog-airplane.json", "target_select": 10, "use_jacobian_score": false, "victim_aug": false, "victim_bs": 125, "victim_decay": [40], "victim_epochs": 50, "victim_lr": 0.1, "victim_wd": 0.0}
[2026-09-02 21:23:50] Jacobian score: disabled
[2026-09-02 21:23:50] A+R component selector: raw components averaged over surrogates, then each used component standardized across candidates; batch_size=64
[2026-09-02 21:23:50] N_total=50000 budget=0.001 -> N_p=50 poisons, y_adv=6(frog) target_class=0(airplane)
[2026-09-02 21:23:50] === surrogates (20 x ResNet20BN, trained on the full real set) ===
[2026-09-02 21:23:51]   crafting on 5/20 surrogates
[2026-09-02 21:23:51] === clean victims (5 x ResNet20BN) ===
[2026-09-02 21:23:51]   clean baseline CTA = 0.8350 +/- 0.0046
[2026-09-02 21:23:51]   target pool 1000 -> eligible 996 (4 already predicted as y_adv or dropped)
[2026-09-02 21:23:51]   chosen 8 targets (file), p_adv range 0.0000..0.0708
[2026-09-02 21:23:51]   targets: [9235, 338, 255, 3207, 8563, 912, 4639, 2570]
[2026-09-02 21:23:51] === target 9235 (1/8) ===
[2026-09-02 21:23:52]   Jacobian score exact backend: torch.func JVP
[2026-09-02 21:26:23]   target 9235: crafted 50 poisons in 141 s, obj=0.18503
[2026-09-02 21:26:23]   target 9235: realized linf = 0.03137 (8.00/255), budget = 8.00/255
[2026-09-02 21:27:59]   [t9235 v1/5] fail (pred=airplane) CTA=0.8350
[2026-09-02 21:29:35]   [t9235 v2/5] SUCCESS (pred=frog) CTA=0.8346
[2026-09-02 21:31:10]   [t9235 v3/5] SUCCESS (pred=frog) CTA=0.8386
[2026-09-02 21:32:46]   [t9235 v4/5] fail (pred=airplane) CTA=0.8360
[2026-09-02 21:34:22]   [t9235 v5/5] fail (pred=airplane) CTA=0.8330
[2026-09-02 21:34:22]   target 9235, 5 victims on this gpu: ASR=40.0% CTA=0.8354 +/- 0.0019
[2026-09-02 21:34:22] === target 338 (2/8) ===
[2026-09-02 21:36:53]   target 338: crafted 50 poisons in 141 s, obj=0.23170
[2026-09-02 21:36:53]   target 338: realized linf = 0.03137 (8.00/255), budget = 8.00/255
[2026-09-02 21:38:29]   [t338 v1/5] SUCCESS (pred=frog) CTA=0.8421
[2026-09-02 21:40:05]   [t338 v2/5] fail (pred=airplane) CTA=0.8372
[2026-09-02 21:41:41]   [t338 v3/5] fail (pred=airplane) CTA=0.8360
[2026-09-02 21:43:17]   [t338 v4/5] SUCCESS (pred=frog) CTA=0.8284
[2026-09-02 21:44:53]   [t338 v5/5] fail (pred=airplane) CTA=0.8342
[2026-09-02 21:44:53]   target 338, 5 victims on this gpu: ASR=40.0% CTA=0.8356 +/- 0.0044
[2026-09-02 21:44:53] === target 255 (3/8) ===
[2026-09-02 21:47:24]   target 255: crafted 50 poisons in 140 s, obj=0.20581
[2026-09-02 21:47:24]   target 255: realized linf = 0.03137 (8.00/255), budget = 8.00/255
[2026-09-02 21:49:00]   [t255 v1/5] fail (pred=airplane) CTA=0.8430
[2026-09-02 21:50:36]   [t255 v2/5] fail (pred=airplane) CTA=0.8422
[2026-09-02 21:52:12]   [t255 v3/5] fail (pred=airplane) CTA=0.8446
[2026-09-02 21:53:47]   [t255 v4/5] fail (pred=airplane) CTA=0.8332
[2026-09-02 21:55:23]   [t255 v5/5] fail (pred=cat) CTA=0.8411
[2026-09-02 21:55:23]   target 255, 5 victims on this gpu: ASR=0.0% CTA=0.8408 +/- 0.0040
[2026-09-02 21:55:23] === target 3207 (4/8) ===
[2026-09-02 21:57:55]   target 3207: crafted 50 poisons in 140 s, obj=0.22510
[2026-09-02 21:57:55]   target 3207: realized linf = 0.03137 (8.00/255), budget = 8.00/255
[2026-09-02 21:59:30]   [t3207 v1/5] fail (pred=airplane) CTA=0.8380
[2026-09-02 22:01:06]   [t3207 v2/5] SUCCESS (pred=frog) CTA=0.8314
[2026-09-02 22:02:42]   [t3207 v3/5] fail (pred=airplane) CTA=0.8387
[2026-09-02 22:04:18]   [t3207 v4/5] fail (pred=airplane) CTA=0.8425
[2026-09-02 22:05:54]   [t3207 v5/5] fail (pred=airplane) CTA=0.8416
[2026-09-02 22:05:54]   target 3207, 5 victims on this gpu: ASR=20.0% CTA=0.8384 +/- 0.0039
[2026-09-02 22:05:54] === target 8563 (5/8) ===
[2026-09-02 22:08:25]   target 8563: crafted 50 poisons in 140 s, obj=0.22081
[2026-09-02 22:08:25]   target 8563: realized linf = 0.03137 (8.00/255), budget = 8.00/255
[2026-09-02 22:10:01]   [t8563 v1/5] fail (pred=horse) CTA=0.8356
[2026-09-02 22:11:37]   [t8563 v2/5] fail (pred=bird) CTA=0.8442
[2026-09-02 22:13:13]   [t8563 v3/5] fail (pred=deer) CTA=0.8336
[2026-09-02 22:14:48]   [t8563 v4/5] fail (pred=deer) CTA=0.8390
[2026-09-02 22:16:24]   [t8563 v5/5] fail (pred=bird) CTA=0.8353
[2026-09-02 22:16:24]   target 8563, 5 victims on this gpu: ASR=0.0% CTA=0.8375 +/- 0.0038
[2026-09-02 22:16:24] === target 912 (6/8) ===
