stage: optional directory absent: /home/mmoslem3/scratch/PoisonBase/ours_result/CIFAR10_VGG13BN_sapa_ours_dog-bird_b0.005_eps8_seed42_lam1_cosine_selA_worst0.05_ce5_tgt50
job: 769954 cmp30_05_vgg13bn_sapa_db_b0005_a on rack08-05
work: /tmp/attack_if
config: SOURCE_ROOT=/home/mmoslem3/scratch/PoisonBase PERSIST_DATA_ROOT=/home/mmoslem3/scratch/PoisonBase/data MODEL=VGG13BN ATTACK=sapa CLASS_PAIR=dog-bird BUDGETS=0.005 SELECT=a NUM_TARGETS=8 NUM_VICTIMS=5 sh sel_dpp.sh
protocol: attack=8 targets x 5 victims
gpu: NVIDIA L40S
=== component ablation: A | VGG13BN / sapa / dog-bird | sharp worst sigma=0.05 ===
    targets: pinned from target_sets/VGG13BN_gradmatch_dog-bird.json (same 10 the random-base run attacked)
    difficulty label tgt50   craft flags: --craft_lowmem --craft_batch 256 --fast_gradmatch
    component ablation: A; needed raw components are averaged over surrogates, then standardized (batch=64)
    budgets: 0.005

--- a | VGG13BN / sapa / dog-bird | sharp worst sigma=0.05 | budget 0.005 ---
[2026-09-02 20:20:40] === run start: CIFAR10_VGG13BN_sapa_ours_dog-bird_b0.005_eps8_seed42_lam1_cosine_selA_worst0.05_ce5_tgt50 on cuda [0] ===
[2026-09-02 20:20:40] args: {"FORCE": false, "attack": "sapa", "base": "ours", "base_dist": "cosine", "base_topr": null, "budget": 0.005, "cache_dir": "/tmp/attack_if/cache", "class_pair": "dog-bird", "clean_baseline": true, "craft_alpha": 0.0039216, "craft_aug": true, "craft_batch": 256, "craft_ensemble": 5, "craft_lowmem": true, "craft_schedule": false, "craft_steps": 250, "data_path": "/tmp/data", "dataset": "CIFAR10", "dsa_strategy": "color_crop_cutout_flip_scale_rotate", "epsilon": 0.0313725, "fast_gradmatch": true, "fc_mode": "sample", "fc_restarts": 1, "gpus": "all", "jacobian_batch_size": 64, "jacobian_weight": 1.0, "lambda_margin": 1.0, "model": "VGG13BN", "no_resume": false, "num_poisons": 500, "num_surrogates": 20, "num_targets": 8, "num_victims": 5, "out_dir": "/tmp/attack_if/ours_result", "pair_order": "poison-target", "parallel_pretrain": true, "parallel_targets": true, "precompute_id": null, "precompute_only": false, "precompute_part": "both", "rank_on_victims": true, "recompute_deltas": false, "require_correct_target": false, "restarts": 8, "seed": 42, "sel_K": null, "sel_alpha": 1.0, "sel_component": "a", "sel_criterion": null, "sel_dpp": false, "sel_filter": false, "sel_mmr": false, "sel_mode": null, "sel_model": null, "sel_mu": 1.0, "sel_pca": false, "sel_pool": 3.0, "sharp_mode": "worst", "sharp_samples": 20, "sharp_sigma": 0.05, "steal_timeout": 7200.0, "surrogate_aug": false, "surrogate_bs": 128, "surrogate_decay": [35, 45], "surrogate_epochs": 60, "surrogate_lr": 0.1, "surrogate_wd": 0.0, "target_idx_file": "target_sets/VGG13BN_gradmatch_dog-bird.json", "target_select": 50, "use_jacobian_score": false, "victim_aug": false, "victim_bs": 125, "victim_decay": [40], "victim_epochs": 50, "victim_lr": 0.1, "victim_wd": 0.0}
[2026-09-02 20:20:40] Jacobian score: disabled
[2026-09-02 20:20:40] A component selector: raw components averaged over surrogates, then each used component standardized across candidates; batch_size=64
[2026-09-02 20:20:40] N_total=50000 budget=0.005 -> N_p=250 poisons, y_adv=5(dog) target_class=2(bird)
[2026-09-02 20:20:40] === surrogates (20 x VGG13BN, trained on the full real set) ===
[2026-09-02 20:20:41]   crafting on 5/20 surrogates
[2026-09-02 20:20:41] === clean victims (5 x VGG13BN) ===
[2026-09-02 20:20:43]   clean baseline CTA = 0.8451 +/- 0.0161
[2026-09-02 20:20:43]   target pool 1000 -> eligible 970 (30 already predicted as y_adv or dropped)
[2026-09-02 20:20:43]   chosen 8 targets (file), p_adv range 0.0000..0.0000
[2026-09-02 20:20:43]   targets: [630, 409, 2270, 9870, 1656, 5022, 9090, 6033]
[2026-09-02 20:20:43] === target 630 (1/8) ===
[2026-09-02 20:20:44]   Jacobian score exact backend: torch.func JVP
[2026-09-02 20:28:16]   target 630: crafted 250 poisons in 444 s, obj=0.29393
[2026-09-02 20:28:16]   target 630: realized linf = 0.03137 (8.00/255), budget = 8.00/255
[2026-09-02 20:29:56]   [t630 v1/5] SUCCESS (pred=dog) CTA=0.8633
[2026-09-02 20:31:36]   [t630 v2/5] SUCCESS (pred=dog) CTA=0.8219
[2026-09-02 20:33:15]   [t630 v3/5] SUCCESS (pred=dog) CTA=0.8587
[2026-09-02 20:34:54]   [t630 v4/5] SUCCESS (pred=dog) CTA=0.8560
[2026-09-02 20:36:33]   [t630 v5/5] SUCCESS (pred=dog) CTA=0.8552
[2026-09-02 20:36:33]   target 630, 5 victims on this gpu: ASR=100.0% CTA=0.8510 +/- 0.0148
[2026-09-02 20:36:33] === target 409 (2/8) ===
[2026-09-02 20:44:06]   target 409: crafted 250 poisons in 444 s, obj=0.25431
[2026-09-02 20:44:06]   target 409: realized linf = 0.03137 (8.00/255), budget = 8.00/255
[2026-09-02 20:45:47]   [t409 v1/5] SUCCESS (pred=dog) CTA=0.8589
[2026-09-02 20:47:27]   [t409 v2/5] SUCCESS (pred=dog) CTA=0.8562
[2026-09-02 20:49:07]   [t409 v3/5] SUCCESS (pred=dog) CTA=0.8621
[2026-09-02 20:50:46]   [t409 v4/5] SUCCESS (pred=dog) CTA=0.8558
[2026-09-02 20:52:26]   [t409 v5/5] SUCCESS (pred=dog) CTA=0.8588
[2026-09-02 20:52:26]   target 409, 5 victims on this gpu: ASR=100.0% CTA=0.8584 +/- 0.0023
[2026-09-02 20:52:26] === target 2270 (3/8) ===
[2026-09-02 20:59:59]   target 2270: crafted 250 poisons in 445 s, obj=0.27189
[2026-09-02 20:59:59]   target 2270: realized linf = 0.03137 (8.00/255), budget = 8.00/255
[2026-09-02 21:01:41]   [t2270 v1/5] SUCCESS (pred=dog) CTA=0.8563
[2026-09-02 21:03:22]   [t2270 v2/5] SUCCESS (pred=dog) CTA=0.8567
[2026-09-02 21:05:03]   [t2270 v3/5] SUCCESS (pred=dog) CTA=0.8464
[2026-09-02 21:06:44]   [t2270 v4/5] SUCCESS (pred=dog) CTA=0.8610
[2026-09-02 21:08:25]   [t2270 v5/5] SUCCESS (pred=dog) CTA=0.8521
[2026-09-02 21:08:25]   target 2270, 5 victims on this gpu: ASR=100.0% CTA=0.8545 +/- 0.0049
[2026-09-02 21:08:25] === target 9870 (4/8) ===
[2026-09-02 21:15:58]   target 9870: crafted 250 poisons in 445 s, obj=0.25558
[2026-09-02 21:15:58]   target 9870: realized linf = 0.03137 (8.00/255), budget = 8.00/255
[2026-09-02 21:17:40]   [t9870 v1/5] SUCCESS (pred=dog) CTA=0.8541
[2026-09-02 21:19:20]   [t9870 v2/5] SUCCESS (pred=dog) CTA=0.8563
[2026-09-02 21:20:59]   [t9870 v3/5] SUCCESS (pred=dog) CTA=0.8465
[2026-09-02 21:22:39]   [t9870 v4/5] SUCCESS (pred=dog) CTA=0.8476
[2026-09-02 21:24:19]   [t9870 v5/5] SUCCESS (pred=dog) CTA=0.8502
[2026-09-02 21:24:19]   target 9870, 5 victims on this gpu: ASR=100.0% CTA=0.8509 +/- 0.0037
[2026-09-02 21:24:19] === target 1656 (5/8) ===
[2026-09-02 21:31:52]   target 1656: crafted 250 poisons in 445 s, obj=0.26458
[2026-09-02 21:31:52]   target 1656: realized linf = 0.03137 (8.00/255), budget = 8.00/255
[2026-09-02 21:33:35]   [t1656 v1/5] SUCCESS (pred=dog) CTA=0.8488
[2026-09-02 21:35:16]   [t1656 v2/5] SUCCESS (pred=dog) CTA=0.8423
[2026-09-02 21:36:58]   [t1656 v3/5] SUCCESS (pred=dog) CTA=0.8507
[2026-09-02 21:38:39]   [t1656 v4/5] SUCCESS (pred=dog) CTA=0.8668
[2026-09-02 21:40:20]   [t1656 v5/5] SUCCESS (pred=dog) CTA=0.8522
[2026-09-02 21:40:20]   target 1656, 5 victims on this gpu: ASR=100.0% CTA=0.8522 +/- 0.0081
[2026-09-02 21:40:20] === target 5022 (6/8) ===
[2026-09-02 21:47:54]   target 5022: crafted 250 poisons in 445 s, obj=0.25718
[2026-09-02 21:47:54]   target 5022: realized linf = 0.03137 (8.00/255), budget = 8.00/255
[2026-09-02 21:49:36]   [t5022 v1/5] SUCCESS (pred=dog) CTA=0.8625
[2026-09-02 21:51:18]   [t5022 v2/5] SUCCESS (pred=dog) CTA=0.8572
[2026-09-02 21:52:59]   [t5022 v3/5] SUCCESS (pred=dog) CTA=0.8499
[2026-09-02 21:54:40]   [t5022 v4/5] SUCCESS (pred=dog) CTA=0.8467
[2026-09-02 21:56:21]   [t5022 v5/5] SUCCESS (pred=dog) CTA=0.8557
[2026-09-02 21:56:21]   target 5022, 5 victims on this gpu: ASR=100.0% CTA=0.8544 +/- 0.0056
[2026-09-02 21:56:21] === target 9090 (7/8) ===
[2026-09-02 22:03:54]   target 9090: crafted 250 poisons in 445 s, obj=0.23802
[2026-09-02 22:03:54]   target 9090: realized linf = 0.03137 (8.00/255), budget = 8.00/255
[2026-09-02 22:05:37]   [t9090 v1/5] SUCCESS (pred=dog) CTA=0.8641
[2026-09-02 22:07:17]   [t9090 v2/5] SUCCESS (pred=dog) CTA=0.8419
[2026-09-02 22:08:57]   [t9090 v3/5] SUCCESS (pred=dog) CTA=0.8596
[2026-09-02 22:10:36]   [t9090 v4/5] SUCCESS (pred=dog) CTA=0.8529
[2026-09-02 22:12:16]   [t9090 v5/5] SUCCESS (pred=dog) CTA=0.8563
[2026-09-02 22:12:16]   target 9090, 5 victims on this gpu: ASR=100.0% CTA=0.8550 +/- 0.0075
[2026-09-02 22:12:16] === target 6033 (8/8) ===
