stage: optional directory absent: /home/mmoslem3/scratch/PoisonBase/ours_result/CIFAR10_ResNet20BN_fc_ours_frog-airplane_b0.001_eps8_seed42_lam1_cosine_selMinusMtimesR_ce5_tgt2
job: 770107 cmp30_30_resnet20bn_fc_fa_b0001_minus_m_times_r on rack04-03
work: /tmp/attack_if
config: SOURCE_ROOT=/home/mmoslem3/scratch/PoisonBase PERSIST_DATA_ROOT=/home/mmoslem3/scratch/PoisonBase/data MODEL=ResNet20BN ATTACK=fc CLASS_PAIR=frog-airplane BUDGETS=0.001 SELECT=minus-m-times-r NUM_TARGETS=8 NUM_VICTIMS=5 sh sel_dpp.sh
protocol: attack=8 targets x 5 victims
gpu: NVIDIA L40S
=== component ablation: (-M)*R | ResNet20BN / fc / frog-airplane ===
    targets: pinned from target_sets/ResNet20BN_fc_frog-airplane.json (same 10 the random-base run attacked)
    difficulty label tgt2   craft flags: none
    component ablation: (-M)*R; needed raw components are averaged over surrogates, then standardized (batch=64)
    budgets: 0.001

--- minus-m-times-r | ResNet20BN / fc / frog-airplane | budget 0.001 ---
[2026-09-02 21:26:56] === run start: CIFAR10_ResNet20BN_fc_ours_frog-airplane_b0.001_eps8_seed42_lam1_cosine_selMinusMtimesR_ce5_tgt2 on cuda [0] ===
[2026-09-02 21:26:56] args: {"FORCE": false, "attack": "fc", "base": "ours", "base_dist": "cosine", "base_topr": null, "budget": 0.001, "cache_dir": "/tmp/attack_if/cache", "class_pair": "frog-airplane", "clean_baseline": true, "craft_alpha": 0.0039216, "craft_aug": true, "craft_batch": 256, "craft_ensemble": 5, "craft_lowmem": false, "craft_schedule": false, "craft_steps": 250, "data_path": "/tmp/data", "dataset": "CIFAR10", "dsa_strategy": "color_crop_cutout_flip_scale_rotate", "epsilon": 0.0313725, "fast_gradmatch": false, "fc_mode": "sample", "fc_restarts": 1, "gpus": "all", "jacobian_batch_size": 64, "jacobian_weight": 1.0, "lambda_margin": 1.0, "model": "ResNet20BN", "no_resume": false, "num_poisons": 500, "num_surrogates": 20, "num_targets": 8, "num_victims": 5, "out_dir": "/tmp/attack_if/ours_result", "pair_order": "poison-target", "parallel_pretrain": true, "parallel_targets": true, "precompute_id": null, "precompute_only": false, "precompute_part": "both", "rank_on_victims": true, "recompute_deltas": false, "require_correct_target": false, "restarts": 8, "seed": 42, "sel_K": null, "sel_alpha": 1.0, "sel_component": "minus-m-times-r", "sel_criterion": null, "sel_dpp": false, "sel_filter": false, "sel_mmr": false, "sel_mode": null, "sel_model": null, "sel_mu": 1.0, "sel_pca": false, "sel_pool": 3.0, "sharp_mode": "worst", "sharp_samples": 20, "sharp_sigma": 0.05, "steal_timeout": 7200.0, "surrogate_aug": false, "surrogate_bs": 128, "surrogate_decay": [35, 45], "surrogate_epochs": 60, "surrogate_lr": 0.1, "surrogate_wd": 0.0, "target_idx_file": "target_sets/ResNet20BN_fc_frog-airplane.json", "target_select": 2, "use_jacobian_score": false, "victim_aug": false, "victim_bs": 125, "victim_decay": [40], "victim_epochs": 50, "victim_lr": 0.1, "victim_wd": 0.0}
[2026-09-02 21:26:56] Jacobian score: disabled
[2026-09-02 21:26:56] (-M)*R component selector: raw components averaged over surrogates, then each used component standardized across candidates; batch_size=64
[2026-09-02 21:26:56] N_total=50000 budget=0.001 -> N_p=50 poisons, y_adv=6(frog) target_class=0(airplane)
[2026-09-02 21:26:56] === surrogates (20 x ResNet20BN, trained on the full real set) ===
[2026-09-02 21:26:56]   crafting on 5/20 surrogates
[2026-09-02 21:26:56] === clean victims (5 x ResNet20BN) ===
[2026-09-02 21:26:57]   clean baseline CTA = 0.8350 +/- 0.0046
[2026-09-02 21:26:57]   target pool 1000 -> eligible 996 (4 already predicted as y_adv or dropped)
[2026-09-02 21:26:57]   chosen 8 targets (file), p_adv range 0.0000..0.0118
[2026-09-02 21:26:57]   targets: [9273, 2535, 4118, 5462, 8476, 3342, 313, 4490]
[2026-09-02 21:26:57] === target 9273 (1/8) ===
[2026-09-02 21:27:04]   target 9273: crafted 50 poisons in 3 s, obj=0.02460
[2026-09-02 21:27:04]   target 9273: realized linf = 0.03137 (8.00/255), budget = 8.00/255
[2026-09-02 21:28:39]   [t9273 v1/5] fail (pred=bird) CTA=0.8281
[2026-09-02 21:30:15]   [t9273 v2/5] fail (pred=bird) CTA=0.8419
[2026-09-02 21:31:51]   [t9273 v3/5] fail (pred=airplane) CTA=0.8372
[2026-09-02 21:33:27]   [t9273 v4/5] fail (pred=bird) CTA=0.8346
[2026-09-02 21:35:02]   [t9273 v5/5] fail (pred=airplane) CTA=0.8314
[2026-09-02 21:35:02]   target 9273, 5 victims on this gpu: ASR=0.0% CTA=0.8346 +/- 0.0047
[2026-09-02 21:35:02] === target 2535 (2/8) ===
[2026-09-02 21:35:09]   target 2535: crafted 50 poisons in 3 s, obj=0.01886
[2026-09-02 21:35:09]   target 2535: realized linf = 0.03137 (8.00/255), budget = 8.00/255
[2026-09-02 21:36:45]   [t2535 v1/5] fail (pred=cat) CTA=0.8368
[2026-09-02 21:38:20]   [t2535 v2/5] fail (pred=bird) CTA=0.8316
[2026-09-02 21:39:56]   [t2535 v3/5] fail (pred=airplane) CTA=0.8305
[2026-09-02 21:41:31]   [t2535 v4/5] fail (pred=airplane) CTA=0.8388
[2026-09-02 21:43:07]   [t2535 v5/5] fail (pred=bird) CTA=0.8363
[2026-09-02 21:43:07]   target 2535, 5 victims on this gpu: ASR=0.0% CTA=0.8348 +/- 0.0032
[2026-09-02 21:43:07] === target 4118 (3/8) ===
[2026-09-02 21:43:14]   target 4118: crafted 50 poisons in 3 s, obj=0.02775
[2026-09-02 21:43:14]   target 4118: realized linf = 0.03137 (8.00/255), budget = 8.00/255
[2026-09-02 21:44:49]   [t4118 v1/5] fail (pred=airplane) CTA=0.8395
[2026-09-02 21:46:25]   [t4118 v2/5] fail (pred=bird) CTA=0.8394
[2026-09-02 21:48:01]   [t4118 v3/5] fail (pred=airplane) CTA=0.8354
[2026-09-02 21:49:36]   [t4118 v4/5] fail (pred=airplane) CTA=0.8408
[2026-09-02 21:51:12]   [t4118 v5/5] fail (pred=airplane) CTA=0.8319
[2026-09-02 21:51:12]   target 4118, 5 victims on this gpu: ASR=0.0% CTA=0.8374 +/- 0.0033
[2026-09-02 21:51:12] === target 5462 (4/8) ===
[2026-09-02 21:51:19]   target 5462: crafted 50 poisons in 3 s, obj=0.02291
[2026-09-02 21:51:19]   target 5462: realized linf = 0.03137 (8.00/255), budget = 8.00/255
[2026-09-02 21:52:54]   [t5462 v1/5] fail (pred=airplane) CTA=0.8416
[2026-09-02 21:54:30]   [t5462 v2/5] fail (pred=airplane) CTA=0.8333
[2026-09-02 21:56:05]   [t5462 v3/5] fail (pred=airplane) CTA=0.8342
[2026-09-02 21:57:41]   [t5462 v4/5] fail (pred=airplane) CTA=0.8418
[2026-09-02 21:59:16]   [t5462 v5/5] fail (pred=airplane) CTA=0.8340
[2026-09-02 21:59:17]   target 5462, 5 victims on this gpu: ASR=0.0% CTA=0.8370 +/- 0.0039
[2026-09-02 21:59:17] === target 8476 (5/8) ===
[2026-09-02 21:59:23]   target 8476: crafted 50 poisons in 3 s, obj=0.02002
[2026-09-02 21:59:23]   target 8476: realized linf = 0.03137 (8.00/255), budget = 8.00/255
[2026-09-02 22:00:59]   [t8476 v1/5] fail (pred=deer) CTA=0.8316
[2026-09-02 22:02:34]   [t8476 v2/5] SUCCESS (pred=frog) CTA=0.8400
[2026-09-02 22:04:10]   [t8476 v3/5] fail (pred=deer) CTA=0.8386
[2026-09-02 22:05:46]   [t8476 v4/5] fail (pred=deer) CTA=0.8368
[2026-09-02 22:07:21]   [t8476 v5/5] fail (pred=airplane) CTA=0.8388
[2026-09-02 22:07:21]   target 8476, 5 victims on this gpu: ASR=20.0% CTA=0.8372 +/- 0.0030
[2026-09-02 22:07:21] === target 3342 (6/8) ===
[2026-09-02 22:07:28]   target 3342: crafted 50 poisons in 3 s, obj=0.01980
[2026-09-02 22:07:28]   target 3342: realized linf = 0.03137 (8.00/255), budget = 8.00/255
[2026-09-02 22:09:04]   [t3342 v1/5] fail (pred=airplane) CTA=0.8405
[2026-09-02 22:10:39]   [t3342 v2/5] fail (pred=airplane) CTA=0.8371
[2026-09-02 22:12:15]   [t3342 v3/5] fail (pred=airplane) CTA=0.8274
[2026-09-02 22:13:50]   [t3342 v4/5] fail (pred=airplane) CTA=0.8373
[2026-09-02 22:15:26]   [t3342 v5/5] fail (pred=airplane) CTA=0.8382
[2026-09-02 22:15:26]   target 3342, 5 victims on this gpu: ASR=0.0% CTA=0.8361 +/- 0.0045
[2026-09-02 22:15:26] === target 313 (7/8) ===
[2026-09-02 22:15:33]   target 313: crafted 50 poisons in 3 s, obj=0.02060
[2026-09-02 22:15:33]   target 313: realized linf = 0.03137 (8.00/255), budget = 8.00/255
[2026-09-02 22:17:08]   [t313 v1/5] fail (pred=bird) CTA=0.8380
[2026-09-02 22:18:44]   [t313 v2/5] fail (pred=bird) CTA=0.8427
[2026-09-02 22:20:19]   [t313 v3/5] fail (pred=airplane) CTA=0.8354
[2026-09-02 22:21:55]   [t313 v4/5] fail (pred=bird) CTA=0.8431
[2026-09-02 22:23:30]   [t313 v5/5] SUCCESS (pred=frog) CTA=0.8366
[2026-09-02 22:23:30]   target 313, 5 victims on this gpu: ASR=20.0% CTA=0.8392 +/- 0.0032
[2026-09-02 22:23:30] === target 4490 (8/8) ===
[2026-09-02 22:23:37]   target 4490: crafted 50 poisons in 3 s, obj=0.02372
[2026-09-02 22:23:37]   target 4490: realized linf = 0.03137 (8.00/255), budget = 8.00/255
[2026-09-02 22:25:13]   [t4490 v1/5] fail (pred=truck) CTA=0.8426
[2026-09-02 22:26:48]   [t4490 v2/5] fail (pred=airplane) CTA=0.8409
[2026-09-02 22:28:24]   [t4490 v3/5] fail (pred=airplane) CTA=0.8393
[2026-09-02 22:29:59]   [t4490 v4/5] SUCCESS (pred=frog) CTA=0.8428
[2026-09-02 22:31:35]   [t4490 v5/5] fail (pred=airplane) CTA=0.8378
[2026-09-02 22:31:35]   target 4490, 5 victims on this gpu: ASR=20.0% CTA=0.8407 +/- 0.0019
[2026-09-02 22:31:35] ==== CIFAR10_ResNet20BN_fc_ours_frog-airplane_b0.001_eps8_seed42_lam1_cosine_selMinusMtimesR_ce5_tgt2 : ASR = 7.5% +/- 9.7% | CTA = 0.8371 (baseline 0.8350) ====
[2026-09-02 22:31:35]   target-prediction tally ['airplane', 'automobile', 'bird', 'cat', 'deer', 'dog', 'frog', 'horse', 'ship', 'truck']: [23, 0, 9, 1, 3, 0, 3, 0, 0, 1]

sync: preserving outputs in /home/mmoslem3/scratch/PoisonBase
sync: complete
