stage: optional directory absent: /home/mmoslem3/scratch/PoisonBase/ours_result/CIFAR10_ResNet20BN_fc_ours_frog-airplane_b0.01_eps8_seed42_lam1_cosine_selR_ce5_tgt2
job: 770037 cmp30_19_resnet20bn_fc_fa_b001_r on rack15-11
work: /tmp/attack_if
config: SOURCE_ROOT=/home/mmoslem3/scratch/PoisonBase PERSIST_DATA_ROOT=/home/mmoslem3/scratch/PoisonBase/data MODEL=ResNet20BN ATTACK=fc CLASS_PAIR=frog-airplane BUDGETS=0.01 SELECT=r NUM_TARGETS=8 NUM_VICTIMS=5 sh sel_dpp.sh
protocol: attack=8 targets x 5 victims
gpu: NVIDIA L40S
=== component ablation: R | ResNet20BN / fc / frog-airplane ===
    targets: pinned from target_sets/ResNet20BN_fc_frog-airplane.json (same 10 the random-base run attacked)
    difficulty label tgt2   craft flags: none
    component ablation: R; needed raw components are averaged over surrogates, then standardized (batch=64)
    budgets: 0.01

--- r | ResNet20BN / fc / frog-airplane | budget 0.01 ---
[2026-09-02 21:06:38] === run start: CIFAR10_ResNet20BN_fc_ours_frog-airplane_b0.01_eps8_seed42_lam1_cosine_selR_ce5_tgt2 on cuda [0] ===
[2026-09-02 21:06:38] args: {"FORCE": false, "attack": "fc", "base": "ours", "base_dist": "cosine", "base_topr": null, "budget": 0.01, "cache_dir": "/tmp/attack_if/cache", "class_pair": "frog-airplane", "clean_baseline": true, "craft_alpha": 0.0039216, "craft_aug": true, "craft_batch": 256, "craft_ensemble": 5, "craft_lowmem": false, "craft_schedule": false, "craft_steps": 250, "data_path": "/tmp/data", "dataset": "CIFAR10", "dsa_strategy": "color_crop_cutout_flip_scale_rotate", "epsilon": 0.0313725, "fast_gradmatch": false, "fc_mode": "sample", "fc_restarts": 1, "gpus": "all", "jacobian_batch_size": 64, "jacobian_weight": 1.0, "lambda_margin": 1.0, "model": "ResNet20BN", "no_resume": false, "num_poisons": 500, "num_surrogates": 20, "num_targets": 8, "num_victims": 5, "out_dir": "/tmp/attack_if/ours_result", "pair_order": "poison-target", "parallel_pretrain": true, "parallel_targets": true, "precompute_id": null, "precompute_only": false, "precompute_part": "both", "rank_on_victims": true, "recompute_deltas": false, "require_correct_target": false, "restarts": 8, "seed": 42, "sel_K": null, "sel_alpha": 1.0, "sel_component": "r", "sel_criterion": null, "sel_dpp": false, "sel_filter": false, "sel_mmr": false, "sel_mode": null, "sel_model": null, "sel_mu": 1.0, "sel_pca": false, "sel_pool": 3.0, "sharp_mode": "worst", "sharp_samples": 20, "sharp_sigma": 0.05, "steal_timeout": 7200.0, "surrogate_aug": false, "surrogate_bs": 128, "surrogate_decay": [35, 45], "surrogate_epochs": 60, "surrogate_lr": 0.1, "surrogate_wd": 0.0, "target_idx_file": "target_sets/ResNet20BN_fc_frog-airplane.json", "target_select": 2, "use_jacobian_score": false, "victim_aug": false, "victim_bs": 125, "victim_decay": [40], "victim_epochs": 50, "victim_lr": 0.1, "victim_wd": 0.0}
[2026-09-02 21:06:38] Jacobian score: disabled
[2026-09-02 21:06:38] R component selector: raw components averaged over surrogates, then each used component standardized across candidates; batch_size=64
[2026-09-02 21:06:38] N_total=50000 budget=0.01 -> N_p=500 poisons, y_adv=6(frog) target_class=0(airplane)
[2026-09-02 21:06:38] === surrogates (20 x ResNet20BN, trained on the full real set) ===
[2026-09-02 21:06:38]   crafting on 5/20 surrogates
[2026-09-02 21:06:38] === clean victims (5 x ResNet20BN) ===
[2026-09-02 21:06:39]   clean baseline CTA = 0.8350 +/- 0.0046
[2026-09-02 21:06:39]   target pool 1000 -> eligible 996 (4 already predicted as y_adv or dropped)
[2026-09-02 21:06:39]   chosen 8 targets (file), p_adv range 0.0000..0.0118
[2026-09-02 21:06:39]   targets: [9273, 2535, 4118, 5462, 8476, 3342, 313, 4490]
[2026-09-02 21:06:39] === target 9273 (1/8) ===
[2026-09-02 21:06:51]   target 9273: crafted 500 poisons in 10 s, obj=0.02918
[2026-09-02 21:06:51]   target 9273: realized linf = 0.03137 (8.00/255), budget = 8.00/255
[2026-09-02 21:08:28]   [t9273 v1/5] fail (pred=bird) CTA=0.8351
[2026-09-02 21:10:04]   [t9273 v2/5] fail (pred=bird) CTA=0.8401
[2026-09-02 21:11:41]   [t9273 v3/5] fail (pred=horse) CTA=0.8396
[2026-09-02 21:13:17]   [t9273 v4/5] fail (pred=airplane) CTA=0.8349
[2026-09-02 21:14:54]   [t9273 v5/5] fail (pred=horse) CTA=0.8310
[2026-09-02 21:14:54]   target 9273, 5 victims on this gpu: ASR=0.0% CTA=0.8361 +/- 0.0034
[2026-09-02 21:14:54] === target 2535 (2/8) ===
[2026-09-02 21:15:06]   target 2535: crafted 500 poisons in 10 s, obj=0.02061
[2026-09-02 21:15:06]   target 2535: realized linf = 0.03137 (8.00/255), budget = 8.00/255
[2026-09-02 21:16:43]   [t2535 v1/5] fail (pred=bird) CTA=0.8335
[2026-09-02 21:18:19]   [t2535 v2/5] fail (pred=airplane) CTA=0.8332
[2026-09-02 21:19:56]   [t2535 v3/5] SUCCESS (pred=frog) CTA=0.8294
[2026-09-02 21:21:32]   [t2535 v4/5] fail (pred=airplane) CTA=0.8355
[2026-09-02 21:23:09]   [t2535 v5/5] fail (pred=airplane) CTA=0.8264
[2026-09-02 21:23:09]   target 2535, 5 victims on this gpu: ASR=20.0% CTA=0.8316 +/- 0.0033
[2026-09-02 21:23:09] === target 4118 (3/8) ===
[2026-09-02 21:23:21]   target 4118: crafted 500 poisons in 10 s, obj=0.04019
[2026-09-02 21:23:21]   target 4118: realized linf = 0.03137 (8.00/255), budget = 8.00/255
[2026-09-02 21:24:58]   [t4118 v1/5] fail (pred=airplane) CTA=0.8370
[2026-09-02 21:26:34]   [t4118 v2/5] fail (pred=bird) CTA=0.8379
[2026-09-02 21:28:11]   [t4118 v3/5] fail (pred=airplane) CTA=0.8333
[2026-09-02 21:29:47]   [t4118 v4/5] fail (pred=airplane) CTA=0.8378
[2026-09-02 21:31:24]   [t4118 v5/5] fail (pred=airplane) CTA=0.8423
[2026-09-02 21:31:24]   target 4118, 5 victims on this gpu: ASR=0.0% CTA=0.8377 +/- 0.0029
[2026-09-02 21:31:24] === target 5462 (4/8) ===
[2026-09-02 21:31:35]   target 5462: crafted 500 poisons in 10 s, obj=0.02877
[2026-09-02 21:31:35]   target 5462: realized linf = 0.03137 (8.00/255), budget = 8.00/255
[2026-09-02 21:33:12]   [t5462 v1/5] fail (pred=airplane) CTA=0.8342
[2026-09-02 21:34:49]   [t5462 v2/5] fail (pred=airplane) CTA=0.8355
[2026-09-02 21:36:25]   [t5462 v3/5] fail (pred=airplane) CTA=0.8366
[2026-09-02 21:38:02]   [t5462 v4/5] fail (pred=airplane) CTA=0.8363
[2026-09-02 21:39:38]   [t5462 v5/5] fail (pred=airplane) CTA=0.8376
[2026-09-02 21:39:38]   target 5462, 5 victims on this gpu: ASR=0.0% CTA=0.8360 +/- 0.0011
[2026-09-02 21:39:38] === target 8476 (5/8) ===
[2026-09-02 21:39:50]   target 8476: crafted 500 poisons in 10 s, obj=0.02244
[2026-09-02 21:39:50]   target 8476: realized linf = 0.03137 (8.00/255), budget = 8.00/255
[2026-09-02 21:41:27]   [t8476 v1/5] fail (pred=deer) CTA=0.8356
[2026-09-02 21:43:04]   [t8476 v2/5] fail (pred=airplane) CTA=0.8364
[2026-09-02 21:44:40]   [t8476 v3/5] fail (pred=horse) CTA=0.8362
[2026-09-02 21:46:16]   [t8476 v4/5] fail (pred=deer) CTA=0.8347
[2026-09-02 21:47:53]   [t8476 v5/5] fail (pred=deer) CTA=0.8420
[2026-09-02 21:47:53]   target 8476, 5 victims on this gpu: ASR=0.0% CTA=0.8370 +/- 0.0026
[2026-09-02 21:47:53] === target 3342 (6/8) ===
[2026-09-02 21:48:05]   target 3342: crafted 500 poisons in 10 s, obj=0.02327
[2026-09-02 21:48:05]   target 3342: realized linf = 0.03137 (8.00/255), budget = 8.00/255
[2026-09-02 21:49:41]   [t3342 v1/5] fail (pred=ship) CTA=0.8388
[2026-09-02 21:51:18]   [t3342 v2/5] fail (pred=airplane) CTA=0.8335
[2026-09-02 21:52:55]   [t3342 v3/5] fail (pred=airplane) CTA=0.8387
[2026-09-02 21:54:31]   [t3342 v4/5] fail (pred=ship) CTA=0.8389
[2026-09-02 21:56:08]   [t3342 v5/5] fail (pred=airplane) CTA=0.8383
[2026-09-02 21:56:08]   target 3342, 5 victims on this gpu: ASR=0.0% CTA=0.8376 +/- 0.0021
[2026-09-02 21:56:08] === target 313 (7/8) ===
[2026-09-02 21:56:20]   target 313: crafted 500 poisons in 10 s, obj=0.02961
[2026-09-02 21:56:20]   target 313: realized linf = 0.03137 (8.00/255), budget = 8.00/255
[2026-09-02 21:57:56]   [t313 v1/5] fail (pred=bird) CTA=0.8399
[2026-09-02 21:59:33]   [t313 v2/5] fail (pred=bird) CTA=0.8348
[2026-09-02 22:01:10]   [t313 v3/5] fail (pred=bird) CTA=0.8440
[2026-09-02 22:02:46]   [t313 v4/5] fail (pred=bird) CTA=0.8412
[2026-09-02 22:04:23]   [t313 v5/5] fail (pred=bird) CTA=0.8464
[2026-09-02 22:04:23]   target 313, 5 victims on this gpu: ASR=0.0% CTA=0.8413 +/- 0.0039
[2026-09-02 22:04:23] === target 4490 (8/8) ===
[2026-09-02 22:04:34]   target 4490: crafted 500 poisons in 10 s, obj=0.02515
[2026-09-02 22:04:34]   target 4490: realized linf = 0.03137 (8.00/255), budget = 8.00/255
[2026-09-02 22:06:11]   [t4490 v1/5] fail (pred=airplane) CTA=0.8365
[2026-09-02 22:07:48]   [t4490 v2/5] fail (pred=airplane) CTA=0.8375
[2026-09-02 22:09:24]   [t4490 v3/5] fail (pred=airplane) CTA=0.8405
[2026-09-02 22:11:01]   [t4490 v4/5] fail (pred=airplane) CTA=0.8434
[2026-09-02 22:12:38]   [t4490 v5/5] fail (pred=airplane) CTA=0.8388
[2026-09-02 22:12:38]   target 4490, 5 victims on this gpu: ASR=0.0% CTA=0.8393 +/- 0.0024
[2026-09-02 22:12:38] ==== CIFAR10_ResNet20BN_fc_ours_frog-airplane_b0.01_eps8_seed42_lam1_cosine_selR_ce5_tgt2 : ASR = 2.5% +/- 6.6% | CTA = 0.8371 (baseline 0.8350) ====
[2026-09-02 22:12:38]   target-prediction tally ['airplane', 'automobile', 'bird', 'cat', 'deer', 'dog', 'frog', 'horse', 'ship', 'truck']: [22, 0, 9, 0, 3, 0, 1, 3, 2, 0]

sync: preserving outputs in /home/mmoslem3/scratch/PoisonBase
sync: complete
