stage: optional directory absent: /home/mmoslem3/scratch/PoisonBase/ours_result/CIFAR10_ResNet20BN_gradmatch_ours_dog-bird_b0.002_eps8_seed42_lam1_cosine_selMinusMtimesR_ce5_tgt14
job: 770023 cmp30_16_resnet20bn_gm_db_b0002_minus_m_times_r on rack02-10
work: /tmp/attack_if
config: SOURCE_ROOT=/home/mmoslem3/scratch/PoisonBase PERSIST_DATA_ROOT=/home/mmoslem3/scratch/PoisonBase/data MODEL=ResNet20BN ATTACK=gradmatch CLASS_PAIR=dog-bird BUDGETS=0.002 SELECT=minus-m-times-r NUM_TARGETS=8 NUM_VICTIMS=5 sh sel_dpp.sh
protocol: attack=8 targets x 5 victims
gpu: NVIDIA L40S
=== component ablation: (-M)*R | ResNet20BN / gradmatch / dog-bird ===
    targets: pinned from target_sets/ResNet20BN_gradmatch_dog-bird.json (same 10 the random-base run attacked)
    difficulty label tgt14   craft flags: none
    component ablation: (-M)*R; needed raw components are averaged over surrogates, then standardized (batch=64)
    budgets: 0.002

--- minus-m-times-r | ResNet20BN / gradmatch / dog-bird | budget 0.002 ---
[2026-09-02 20:45:59] === run start: CIFAR10_ResNet20BN_gradmatch_ours_dog-bird_b0.002_eps8_seed42_lam1_cosine_selMinusMtimesR_ce5_tgt14 on cuda [0] ===
[2026-09-02 20:45:59] args: {"FORCE": false, "attack": "gradmatch", "base": "ours", "base_dist": "cosine", "base_topr": null, "budget": 0.002, "cache_dir": "/tmp/attack_if/cache", "class_pair": "dog-bird", "clean_baseline": true, "craft_alpha": 0.0039216, "craft_aug": true, "craft_batch": 256, "craft_ensemble": 5, "craft_lowmem": false, "craft_schedule": false, "craft_steps": 250, "data_path": "/tmp/data", "dataset": "CIFAR10", "dsa_strategy": "color_crop_cutout_flip_scale_rotate", "epsilon": 0.0313725, "fast_gradmatch": false, "fc_mode": "sample", "fc_restarts": 1, "gpus": "all", "jacobian_batch_size": 64, "jacobian_weight": 1.0, "lambda_margin": 1.0, "model": "ResNet20BN", "no_resume": false, "num_poisons": 500, "num_surrogates": 20, "num_targets": 8, "num_victims": 5, "out_dir": "/tmp/attack_if/ours_result", "pair_order": "poison-target", "parallel_pretrain": true, "parallel_targets": true, "precompute_id": null, "precompute_only": false, "precompute_part": "both", "rank_on_victims": true, "recompute_deltas": false, "require_correct_target": false, "restarts": 8, "seed": 42, "sel_K": null, "sel_alpha": 1.0, "sel_component": "minus-m-times-r", "sel_criterion": null, "sel_dpp": false, "sel_filter": false, "sel_mmr": false, "sel_mode": null, "sel_model": null, "sel_mu": 1.0, "sel_pca": false, "sel_pool": 3.0, "sharp_mode": "worst", "sharp_samples": 20, "sharp_sigma": 0.05, "steal_timeout": 7200.0, "surrogate_aug": false, "surrogate_bs": 128, "surrogate_decay": [35, 45], "surrogate_epochs": 60, "surrogate_lr": 0.1, "surrogate_wd": 0.0, "target_idx_file": "target_sets/ResNet20BN_gradmatch_dog-bird.json", "target_select": 14, "use_jacobian_score": false, "victim_aug": false, "victim_bs": 125, "victim_decay": [40], "victim_epochs": 50, "victim_lr": 0.1, "victim_wd": 0.0}
[2026-09-02 20:45:59] Jacobian score: disabled
[2026-09-02 20:45:59] (-M)*R component selector: raw components averaged over surrogates, then each used component standardized across candidates; batch_size=64
[2026-09-02 20:45:59] N_total=50000 budget=0.002 -> N_p=100 poisons, y_adv=5(dog) target_class=2(bird)
[2026-09-02 20:45:59] === surrogates (20 x ResNet20BN, trained on the full real set) ===
[2026-09-02 20:46:00]   crafting on 5/20 surrogates
[2026-09-02 20:46:00] === clean victims (5 x ResNet20BN) ===
[2026-09-02 20:46:00]   clean baseline CTA = 0.8350 +/- 0.0046
[2026-09-02 20:46:01]   target pool 1000 -> eligible 976 (24 already predicted as y_adv or dropped)
[2026-09-02 20:46:01]   chosen 8 targets (file), p_adv range 0.0001..0.3835
[2026-09-02 20:46:01]   targets: [5118, 8740, 5324, 4630, 833, 2065, 7056, 9059]
[2026-09-02 20:46:01] === target 5118 (1/8) ===
[2026-09-02 20:50:02]   target 5118: crafted 100 poisons in 238 s, obj=0.22900
[2026-09-02 20:50:02]   target 5118: realized linf = 0.03137 (8.00/255), budget = 8.00/255
[2026-09-02 20:51:37]   [t5118 v1/5] fail (pred=bird) CTA=0.8381
[2026-09-02 20:53:12]   [t5118 v2/5] SUCCESS (pred=dog) CTA=0.8411
[2026-09-02 20:54:47]   [t5118 v3/5] fail (pred=bird) CTA=0.8394
[2026-09-02 20:56:22]   [t5118 v4/5] fail (pred=bird) CTA=0.8349
[2026-09-02 20:57:57]   [t5118 v5/5] fail (pred=bird) CTA=0.8365
[2026-09-02 20:57:57]   target 5118, 5 victims on this gpu: ASR=20.0% CTA=0.8380 +/- 0.0022
[2026-09-02 20:57:57] === target 8740 (2/8) ===
[2026-09-02 21:01:58]   target 8740: crafted 100 poisons in 237 s, obj=0.20118
[2026-09-02 21:01:58]   target 8740: realized linf = 0.03137 (8.00/255), budget = 8.00/255
[2026-09-02 21:03:33]   [t8740 v1/5] fail (pred=cat) CTA=0.8455
[2026-09-02 21:05:08]   [t8740 v2/5] fail (pred=bird) CTA=0.8378
[2026-09-02 21:06:43]   [t8740 v3/5] fail (pred=bird) CTA=0.8387
[2026-09-02 21:08:18]   [t8740 v4/5] fail (pred=cat) CTA=0.8339
[2026-09-02 21:09:53]   [t8740 v5/5] fail (pred=bird) CTA=0.8380
[2026-09-02 21:09:53]   target 8740, 5 victims on this gpu: ASR=0.0% CTA=0.8388 +/- 0.0038
[2026-09-02 21:09:53] === target 5324 (3/8) ===
[2026-09-02 21:13:51]   target 5324: crafted 100 poisons in 234 s, obj=0.23719
[2026-09-02 21:13:51]   target 5324: realized linf = 0.03137 (8.00/255), budget = 8.00/255
[2026-09-02 21:15:26]   [t5324 v1/5] fail (pred=horse) CTA=0.8358
[2026-09-02 21:17:01]   [t5324 v2/5] fail (pred=ship) CTA=0.8326
[2026-09-02 21:18:36]   [t5324 v3/5] fail (pred=ship) CTA=0.8376
[2026-09-02 21:20:11]   [t5324 v4/5] fail (pred=ship) CTA=0.8322
[2026-09-02 21:21:46]   [t5324 v5/5] fail (pred=ship) CTA=0.8412
[2026-09-02 21:21:46]   target 5324, 5 victims on this gpu: ASR=0.0% CTA=0.8359 +/- 0.0033
[2026-09-02 21:21:46] === target 4630 (4/8) ===
[2026-09-02 21:25:43]   target 4630: crafted 100 poisons in 233 s, obj=0.19410
[2026-09-02 21:25:43]   target 4630: realized linf = 0.03137 (8.00/255), budget = 8.00/255
[2026-09-02 21:27:18]   [t4630 v1/5] fail (pred=bird) CTA=0.8375
[2026-09-02 21:28:53]   [t4630 v2/5] fail (pred=bird) CTA=0.8316
[2026-09-02 21:30:29]   [t4630 v3/5] fail (pred=frog) CTA=0.8392
[2026-09-02 21:32:04]   [t4630 v4/5] fail (pred=frog) CTA=0.8385
[2026-09-02 21:33:39]   [t4630 v5/5] fail (pred=cat) CTA=0.8346
[2026-09-02 21:33:39]   target 4630, 5 victims on this gpu: ASR=0.0% CTA=0.8363 +/- 0.0028
[2026-09-02 21:33:39] === target 833 (5/8) ===
[2026-09-02 21:37:35]   target 833: crafted 100 poisons in 233 s, obj=0.20657
[2026-09-02 21:37:35]   target 833: realized linf = 0.03137 (8.00/255), budget = 8.00/255
[2026-09-02 21:39:11]   [t833 v1/5] fail (pred=bird) CTA=0.8359
[2026-09-02 21:40:46]   [t833 v2/5] fail (pred=bird) CTA=0.8383
[2026-09-02 21:42:21]   [t833 v3/5] SUCCESS (pred=dog) CTA=0.8342
[2026-09-02 21:43:56]   [t833 v4/5] fail (pred=bird) CTA=0.8346
[2026-09-02 21:45:31]   [t833 v5/5] fail (pred=bird) CTA=0.8305
[2026-09-02 21:45:31]   target 833, 5 victims on this gpu: ASR=20.0% CTA=0.8347 +/- 0.0025
[2026-09-02 21:45:31] === target 2065 (6/8) ===
[2026-09-02 21:49:28]   target 2065: crafted 100 poisons in 233 s, obj=0.21907
[2026-09-02 21:49:28]   target 2065: realized linf = 0.03137 (8.00/255), budget = 8.00/255
[2026-09-02 21:51:04]   [t2065 v1/5] SUCCESS (pred=dog) CTA=0.8411
[2026-09-02 21:52:39]   [t2065 v2/5] fail (pred=frog) CTA=0.8381
[2026-09-02 21:54:14]   [t2065 v3/5] SUCCESS (pred=dog) CTA=0.8368
[2026-09-02 21:55:49]   [t2065 v4/5] SUCCESS (pred=dog) CTA=0.8360
[2026-09-02 21:57:24]   [t2065 v5/5] fail (pred=deer) CTA=0.8323
[2026-09-02 21:57:24]   target 2065, 5 victims on this gpu: ASR=60.0% CTA=0.8369 +/- 0.0029
[2026-09-02 21:57:24] === target 7056 (7/8) ===
[2026-09-02 22:01:21]   target 7056: crafted 100 poisons in 233 s, obj=0.26352
[2026-09-02 22:01:21]   target 7056: realized linf = 0.03137 (8.00/255), budget = 8.00/255
[2026-09-02 22:02:56]   [t7056 v1/5] fail (pred=bird) CTA=0.8369
[2026-09-02 22:04:31]   [t7056 v2/5] fail (pred=bird) CTA=0.8353
[2026-09-02 22:06:06]   [t7056 v3/5] fail (pred=bird) CTA=0.8458
[2026-09-02 22:07:42]   [t7056 v4/5] fail (pred=bird) CTA=0.8340
[2026-09-02 22:09:17]   [t7056 v5/5] fail (pred=bird) CTA=0.8422
[2026-09-02 22:09:17]   target 7056, 5 victims on this gpu: ASR=0.0% CTA=0.8388 +/- 0.0045
[2026-09-02 22:09:17] === target 9059 (8/8) ===
[2026-09-02 22:13:13]   target 9059: crafted 100 poisons in 233 s, obj=0.24085
[2026-09-02 22:13:13]   target 9059: realized linf = 0.03137 (8.00/255), budget = 8.00/255
[2026-09-02 22:14:49]   [t9059 v1/5] fail (pred=bird) CTA=0.8359
[2026-09-02 22:16:24]   [t9059 v2/5] fail (pred=cat) CTA=0.8381
[2026-09-02 22:17:59]   [t9059 v3/5] fail (pred=bird) CTA=0.8411
[2026-09-02 22:19:34]   [t9059 v4/5] fail (pred=bird) CTA=0.8368
[2026-09-02 22:21:09]   [t9059 v5/5] fail (pred=bird) CTA=0.8387
[2026-09-02 22:21:09]   target 9059, 5 victims on this gpu: ASR=0.0% CTA=0.8381 +/- 0.0018
[2026-09-02 22:21:09] ==== CIFAR10_ResNet20BN_gradmatch_ours_dog-bird_b0.002_eps8_seed42_lam1_cosine_selMinusMtimesR_ce5_tgt14 : ASR = 12.5% +/- 19.8% | CTA = 0.8372 (baseline 0.8350) ====
[2026-09-02 22:21:09]   target-prediction tally ['airplane', 'automobile', 'bird', 'cat', 'deer', 'dog', 'frog', 'horse', 'ship', 'truck']: [0, 0, 22, 4, 1, 5, 3, 1, 4, 0]

sync: preserving outputs in /home/mmoslem3/scratch/PoisonBase
sync: complete
