stage: optional directory absent: /home/mmoslem3/scratch/PoisonBase/ours_result/CIFAR10_ResNet20BN_sapa_ours_dog-bird_b0.001_eps8_seed42_lam1_cosine_selA_worst0.05_ce5_tgt14
job: 769936 cmp30_02_resnet20bn_sapa_db_b0001_a on rack02-08
work: /tmp/attack_if
config: SOURCE_ROOT=/home/mmoslem3/scratch/PoisonBase PERSIST_DATA_ROOT=/home/mmoslem3/scratch/PoisonBase/data MODEL=ResNet20BN ATTACK=sapa CLASS_PAIR=dog-bird BUDGETS=0.001 SELECT=a NUM_TARGETS=8 NUM_VICTIMS=5 sh sel_dpp.sh
protocol: attack=8 targets x 5 victims
gpu: NVIDIA L40S
=== component ablation: A | ResNet20BN / sapa / dog-bird | sharp worst sigma=0.05 ===
    targets: pinned from target_sets/ResNet20BN_gradmatch_dog-bird.json (same 10 the random-base run attacked)
    difficulty label tgt14   craft flags: none
    component ablation: A; needed raw components are averaged over surrogates, then standardized (batch=64)
    budgets: 0.001

--- a | ResNet20BN / sapa / dog-bird | sharp worst sigma=0.05 | budget 0.001 ---
[2026-09-02 20:20:36] === run start: CIFAR10_ResNet20BN_sapa_ours_dog-bird_b0.001_eps8_seed42_lam1_cosine_selA_worst0.05_ce5_tgt14 on cuda [0] ===
[2026-09-02 20:20:36] args: {"FORCE": false, "attack": "sapa", "base": "ours", "base_dist": "cosine", "base_topr": null, "budget": 0.001, "cache_dir": "/tmp/attack_if/cache", "class_pair": "dog-bird", "clean_baseline": true, "craft_alpha": 0.0039216, "craft_aug": true, "craft_batch": 256, "craft_ensemble": 5, "craft_lowmem": false, "craft_schedule": false, "craft_steps": 250, "data_path": "/tmp/data", "dataset": "CIFAR10", "dsa_strategy": "color_crop_cutout_flip_scale_rotate", "epsilon": 0.0313725, "fast_gradmatch": false, "fc_mode": "sample", "fc_restarts": 1, "gpus": "all", "jacobian_batch_size": 64, "jacobian_weight": 1.0, "lambda_margin": 1.0, "model": "ResNet20BN", "no_resume": false, "num_poisons": 500, "num_surrogates": 20, "num_targets": 8, "num_victims": 5, "out_dir": "/tmp/attack_if/ours_result", "pair_order": "poison-target", "parallel_pretrain": true, "parallel_targets": true, "precompute_id": null, "precompute_only": false, "precompute_part": "both", "rank_on_victims": true, "recompute_deltas": false, "require_correct_target": false, "restarts": 8, "seed": 42, "sel_K": null, "sel_alpha": 1.0, "sel_component": "a", "sel_criterion": null, "sel_dpp": false, "sel_filter": false, "sel_mmr": false, "sel_mode": null, "sel_model": null, "sel_mu": 1.0, "sel_pca": false, "sel_pool": 3.0, "sharp_mode": "worst", "sharp_samples": 20, "sharp_sigma": 0.05, "steal_timeout": 7200.0, "surrogate_aug": false, "surrogate_bs": 128, "surrogate_decay": [35, 45], "surrogate_epochs": 60, "surrogate_lr": 0.1, "surrogate_wd": 0.0, "target_idx_file": "target_sets/ResNet20BN_gradmatch_dog-bird.json", "target_select": 14, "use_jacobian_score": false, "victim_aug": false, "victim_bs": 125, "victim_decay": [40], "victim_epochs": 50, "victim_lr": 0.1, "victim_wd": 0.0}
[2026-09-02 20:20:36] Jacobian score: disabled
[2026-09-02 20:20:36] A component selector: raw components averaged over surrogates, then each used component standardized across candidates; batch_size=64
[2026-09-02 20:20:36] N_total=50000 budget=0.001 -> N_p=50 poisons, y_adv=5(dog) target_class=2(bird)
[2026-09-02 20:20:36] === surrogates (20 x ResNet20BN, trained on the full real set) ===
[2026-09-02 20:20:36]   crafting on 5/20 surrogates
[2026-09-02 20:20:36] === clean victims (5 x ResNet20BN) ===
[2026-09-02 20:20:37]   clean baseline CTA = 0.8350 +/- 0.0046
[2026-09-02 20:20:37]   target pool 1000 -> eligible 976 (24 already predicted as y_adv or dropped)
[2026-09-02 20:20:37]   chosen 8 targets (file), p_adv range 0.0001..0.3835
[2026-09-02 20:20:37]   targets: [5118, 8740, 5324, 4630, 833, 2065, 7056, 9059]
[2026-09-02 20:20:38] === target 5118 (1/8) ===
[2026-09-02 20:20:39]   Jacobian score exact backend: torch.func JVP
[2026-09-02 20:23:29]   target 5118: crafted 50 poisons in 158 s, obj=0.22196
[2026-09-02 20:23:29]   target 5118: realized linf = 0.03137 (8.00/255), budget = 8.00/255
[2026-09-02 20:25:05]   [t5118 v1/5] SUCCESS (pred=dog) CTA=0.8374
[2026-09-02 20:26:41]   [t5118 v2/5] fail (pred=bird) CTA=0.8315
[2026-09-02 20:28:17]   [t5118 v3/5] SUCCESS (pred=dog) CTA=0.8357
[2026-09-02 20:29:52]   [t5118 v4/5] fail (pred=bird) CTA=0.8390
[2026-09-02 20:31:28]   [t5118 v5/5] SUCCESS (pred=dog) CTA=0.8419
[2026-09-02 20:31:28]   target 5118, 5 victims on this gpu: ASR=60.0% CTA=0.8371 +/- 0.0035
[2026-09-02 20:31:28] === target 8740 (2/8) ===
[2026-09-02 20:34:19]   target 8740: crafted 50 poisons in 157 s, obj=0.20356
[2026-09-02 20:34:19]   target 8740: realized linf = 0.03137 (8.00/255), budget = 8.00/255
[2026-09-02 20:35:54]   [t8740 v1/5] fail (pred=bird) CTA=0.8327
[2026-09-02 20:37:30]   [t8740 v2/5] SUCCESS (pred=dog) CTA=0.8372
[2026-09-02 20:39:06]   [t8740 v3/5] fail (pred=bird) CTA=0.8407
[2026-09-02 20:40:42]   [t8740 v4/5] SUCCESS (pred=dog) CTA=0.8341
[2026-09-02 20:42:17]   [t8740 v5/5] SUCCESS (pred=dog) CTA=0.8436
[2026-09-02 20:42:17]   target 8740, 5 victims on this gpu: ASR=60.0% CTA=0.8377 +/- 0.0040
[2026-09-02 20:42:17] === target 5324 (3/8) ===
[2026-09-02 20:45:08]   target 5324: crafted 50 poisons in 157 s, obj=0.22208
[2026-09-02 20:45:08]   target 5324: realized linf = 0.03137 (8.00/255), budget = 8.00/255
[2026-09-02 20:46:43]   [t5324 v1/5] SUCCESS (pred=dog) CTA=0.8378
[2026-09-02 20:48:19]   [t5324 v2/5] fail (pred=ship) CTA=0.8376
[2026-09-02 20:49:55]   [t5324 v3/5] SUCCESS (pred=dog) CTA=0.8385
[2026-09-02 20:51:31]   [t5324 v4/5] fail (pred=ship) CTA=0.8321
[2026-09-02 20:53:07]   [t5324 v5/5] fail (pred=bird) CTA=0.8377
[2026-09-02 20:53:07]   target 5324, 5 victims on this gpu: ASR=40.0% CTA=0.8367 +/- 0.0023
[2026-09-02 20:53:07] === target 4630 (4/8) ===
[2026-09-02 20:55:57]   target 4630: crafted 50 poisons in 157 s, obj=0.19083
[2026-09-02 20:55:57]   target 4630: realized linf = 0.03137 (8.00/255), budget = 8.00/255
[2026-09-02 20:57:33]   [t4630 v1/5] SUCCESS (pred=dog) CTA=0.8387
[2026-09-02 20:59:09]   [t4630 v2/5] SUCCESS (pred=dog) CTA=0.8431
[2026-09-02 21:00:45]   [t4630 v3/5] SUCCESS (pred=dog) CTA=0.8348
[2026-09-02 21:02:21]   [t4630 v4/5] fail (pred=bird) CTA=0.8367
[2026-09-02 21:03:56]   [t4630 v5/5] fail (pred=frog) CTA=0.8328
[2026-09-02 21:03:56]   target 4630, 5 victims on this gpu: ASR=60.0% CTA=0.8372 +/- 0.0035
[2026-09-02 21:03:56] === target 833 (5/8) ===
[2026-09-02 21:06:45]   target 833: crafted 50 poisons in 156 s, obj=0.21360
[2026-09-02 21:06:45]   target 833: realized linf = 0.03137 (8.00/255), budget = 8.00/255
[2026-09-02 21:08:21]   [t833 v1/5] fail (pred=horse) CTA=0.8359
[2026-09-02 21:09:57]   [t833 v2/5] fail (pred=bird) CTA=0.8371
[2026-09-02 21:11:33]   [t833 v3/5] SUCCESS (pred=dog) CTA=0.8293
[2026-09-02 21:13:08]   [t833 v4/5] SUCCESS (pred=dog) CTA=0.8360
[2026-09-02 21:14:44]   [t833 v5/5] fail (pred=bird) CTA=0.8349
[2026-09-02 21:14:44]   target 833, 5 victims on this gpu: ASR=40.0% CTA=0.8346 +/- 0.0028
[2026-09-02 21:14:44] === target 2065 (6/8) ===
[2026-09-02 21:17:35]   target 2065: crafted 50 poisons in 157 s, obj=0.20306
[2026-09-02 21:17:35]   target 2065: realized linf = 0.03137 (8.00/255), budget = 8.00/255
[2026-09-02 21:19:10]   [t2065 v1/5] fail (pred=bird) CTA=0.8393
[2026-09-02 21:20:46]   [t2065 v2/5] SUCCESS (pred=dog) CTA=0.8445
[2026-09-02 21:22:22]   [t2065 v3/5] SUCCESS (pred=dog) CTA=0.8318
[2026-09-02 21:23:58]   [t2065 v4/5] fail (pred=deer) CTA=0.8417
[2026-09-02 21:25:34]   [t2065 v5/5] fail (pred=deer) CTA=0.8311
[2026-09-02 21:25:34]   target 2065, 5 victims on this gpu: ASR=40.0% CTA=0.8377 +/- 0.0054
[2026-09-02 21:25:34] === target 7056 (7/8) ===
[2026-09-02 21:28:24]   target 7056: crafted 50 poisons in 157 s, obj=0.27037
[2026-09-02 21:28:24]   target 7056: realized linf = 0.03137 (8.00/255), budget = 8.00/255
[2026-09-02 21:30:00]   [t7056 v1/5] fail (pred=bird) CTA=0.8392
[2026-09-02 21:31:35]   [t7056 v2/5] fail (pred=bird) CTA=0.8378
[2026-09-02 21:33:11]   [t7056 v3/5] fail (pred=bird) CTA=0.8359
[2026-09-02 21:34:47]   [t7056 v4/5] fail (pred=bird) CTA=0.8289
[2026-09-02 21:36:23]   [t7056 v5/5] fail (pred=bird) CTA=0.8445
[2026-09-02 21:36:23]   target 7056, 5 victims on this gpu: ASR=0.0% CTA=0.8373 +/- 0.0051
[2026-09-02 21:36:23] === target 9059 (8/8) ===
[2026-09-02 21:39:13]   target 9059: crafted 50 poisons in 157 s, obj=0.23901
[2026-09-02 21:39:13]   target 9059: realized linf = 0.03137 (8.00/255), budget = 8.00/255
[2026-09-02 21:40:49]   [t9059 v1/5] SUCCESS (pred=dog) CTA=0.8342
[2026-09-02 21:42:25]   [t9059 v2/5] fail (pred=cat) CTA=0.8366
[2026-09-02 21:44:00]   [t9059 v3/5] SUCCESS (pred=dog) CTA=0.8395
[2026-09-02 21:45:36]   [t9059 v4/5] fail (pred=bird) CTA=0.8401
[2026-09-02 21:47:12]   [t9059 v5/5] fail (pred=cat) CTA=0.8400
[2026-09-02 21:47:12]   target 9059, 5 victims on this gpu: ASR=40.0% CTA=0.8381 +/- 0.0023
[2026-09-02 21:47:12] ==== CIFAR10_ResNet20BN_sapa_ours_dog-bird_b0.001_eps8_seed42_lam1_cosine_selA_worst0.05_ce5_tgt14 : ASR = 42.5% +/- 18.5% | CTA = 0.8370 (baseline 0.8350) ====
[2026-09-02 21:47:12]   target-prediction tally ['airplane', 'automobile', 'bird', 'cat', 'deer', 'dog', 'frog', 'horse', 'ship', 'truck']: [0, 0, 15, 2, 2, 17, 1, 1, 2, 0]

sync: preserving outputs in /home/mmoslem3/scratch/PoisonBase
sync: complete
