stage: optional directory absent: /home/mmoslem3/scratch/PoisonBase/ours_result/CIFAR10_VGG13BN_fc_ours_dog-bird_b0.002_eps8_seed42_lam1_cosine_selR_ce5_tgt3
job: 769947 cmp30_04_vgg13bn_fc_db_b0002_r on rack10-08
work: /tmp/attack_if
config: SOURCE_ROOT=/home/mmoslem3/scratch/PoisonBase PERSIST_DATA_ROOT=/home/mmoslem3/scratch/PoisonBase/data MODEL=VGG13BN ATTACK=fc CLASS_PAIR=dog-bird BUDGETS=0.002 SELECT=r NUM_TARGETS=8 NUM_VICTIMS=5 sh sel_dpp.sh
protocol: attack=8 targets x 5 victims
gpu: NVIDIA L40S
=== component ablation: R | VGG13BN / fc / dog-bird ===
    targets: pinned from target_sets/VGG13BN_fc_dog-bird.json (same 10 the random-base run attacked)
    difficulty label tgt3   craft flags: none
    component ablation: R; needed raw components are averaged over surrogates, then standardized (batch=64)
    budgets: 0.002

--- r | VGG13BN / fc / dog-bird | budget 0.002 ---
[2026-09-02 20:20:40] === run start: CIFAR10_VGG13BN_fc_ours_dog-bird_b0.002_eps8_seed42_lam1_cosine_selR_ce5_tgt3 on cuda [0] ===
[2026-09-02 20:20:40] args: {"FORCE": false, "attack": "fc", "base": "ours", "base_dist": "cosine", "base_topr": null, "budget": 0.002, "cache_dir": "/tmp/attack_if/cache", "class_pair": "dog-bird", "clean_baseline": true, "craft_alpha": 0.0039216, "craft_aug": true, "craft_batch": 256, "craft_ensemble": 5, "craft_lowmem": false, "craft_schedule": false, "craft_steps": 250, "data_path": "/tmp/data", "dataset": "CIFAR10", "dsa_strategy": "color_crop_cutout_flip_scale_rotate", "epsilon": 0.0313725, "fast_gradmatch": false, "fc_mode": "sample", "fc_restarts": 1, "gpus": "all", "jacobian_batch_size": 64, "jacobian_weight": 1.0, "lambda_margin": 1.0, "model": "VGG13BN", "no_resume": false, "num_poisons": 500, "num_surrogates": 20, "num_targets": 8, "num_victims": 5, "out_dir": "/tmp/attack_if/ours_result", "pair_order": "poison-target", "parallel_pretrain": true, "parallel_targets": true, "precompute_id": null, "precompute_only": false, "precompute_part": "both", "rank_on_victims": true, "recompute_deltas": false, "require_correct_target": false, "restarts": 8, "seed": 42, "sel_K": null, "sel_alpha": 1.0, "sel_component": "r", "sel_criterion": null, "sel_dpp": false, "sel_filter": false, "sel_mmr": false, "sel_mode": null, "sel_model": null, "sel_mu": 1.0, "sel_pca": false, "sel_pool": 3.0, "sharp_mode": "worst", "sharp_samples": 20, "sharp_sigma": 0.05, "steal_timeout": 7200.0, "surrogate_aug": false, "surrogate_bs": 128, "surrogate_decay": [35, 45], "surrogate_epochs": 60, "surrogate_lr": 0.1, "surrogate_wd": 0.0, "target_idx_file": "target_sets/VGG13BN_fc_dog-bird.json", "target_select": 3, "use_jacobian_score": false, "victim_aug": false, "victim_bs": 125, "victim_decay": [40], "victim_epochs": 50, "victim_lr": 0.1, "victim_wd": 0.0}
[2026-09-02 20:20:40] Jacobian score: disabled
[2026-09-02 20:20:40] R component selector: raw components averaged over surrogates, then each used component standardized across candidates; batch_size=64
[2026-09-02 20:20:40] N_total=50000 budget=0.002 -> N_p=100 poisons, y_adv=5(dog) target_class=2(bird)
[2026-09-02 20:20:40] === surrogates (20 x VGG13BN, trained on the full real set) ===
[2026-09-02 20:20:41]   crafting on 5/20 surrogates
[2026-09-02 20:20:41] === clean victims (5 x VGG13BN) ===
[2026-09-02 20:20:43]   clean baseline CTA = 0.8451 +/- 0.0161
[2026-09-02 20:20:43]   target pool 1000 -> eligible 970 (30 already predicted as y_adv or dropped)
[2026-09-02 20:20:43]   chosen 8 targets (file), p_adv range 0.0196..0.2338
[2026-09-02 20:20:43]   targets: [3728, 5640, 6922, 7855, 2127, 7586, 7360, 2171]
[2026-09-02 20:20:43] === target 3728 (1/8) ===
[2026-09-02 20:20:48]   target 3728: crafted 100 poisons in 3 s, obj=0.00431
[2026-09-02 20:20:48]   target 3728: realized linf = 0.03137 (8.00/255), budget = 8.00/255
[2026-09-02 20:22:28]   [t3728 v1/5] fail (pred=deer) CTA=0.8594
[2026-09-02 20:24:09]   [t3728 v2/5] fail (pred=bird) CTA=0.8446
[2026-09-02 20:25:49]   [t3728 v3/5] fail (pred=deer) CTA=0.8528
[2026-09-02 20:27:29]   [t3728 v4/5] fail (pred=bird) CTA=0.8513
[2026-09-02 20:29:09]   [t3728 v5/5] fail (pred=cat) CTA=0.8588
[2026-09-02 20:29:09]   target 3728, 5 victims on this gpu: ASR=0.0% CTA=0.8534 +/- 0.0054
[2026-09-02 20:29:09] === target 5640 (2/8) ===
[2026-09-02 20:29:14]   target 5640: crafted 100 poisons in 3 s, obj=0.00341
[2026-09-02 20:29:14]   target 5640: realized linf = 0.03137 (8.00/255), budget = 8.00/255
[2026-09-02 20:30:56]   [t5640 v1/5] fail (pred=bird) CTA=0.8534
[2026-09-02 20:32:36]   [t5640 v2/5] fail (pred=bird) CTA=0.8544
[2026-09-02 20:34:17]   [t5640 v3/5] SUCCESS (pred=dog) CTA=0.8495
[2026-09-02 20:35:57]   [t5640 v4/5] fail (pred=bird) CTA=0.8578
[2026-09-02 20:37:37]   [t5640 v5/5] fail (pred=bird) CTA=0.8681
[2026-09-02 20:37:37]   target 5640, 5 victims on this gpu: ASR=20.0% CTA=0.8566 +/- 0.0063
[2026-09-02 20:37:37] === target 6922 (3/8) ===
[2026-09-02 20:37:42]   target 6922: crafted 100 poisons in 3 s, obj=0.00386
[2026-09-02 20:37:42]   target 6922: realized linf = 0.03137 (8.00/255), budget = 8.00/255
[2026-09-02 20:39:24]   [t6922 v1/5] fail (pred=bird) CTA=0.8582
[2026-09-02 20:41:04]   [t6922 v2/5] fail (pred=bird) CTA=0.8500
[2026-09-02 20:42:45]   [t6922 v3/5] fail (pred=frog) CTA=0.8640
[2026-09-02 20:44:25]   [t6922 v4/5] SUCCESS (pred=dog) CTA=0.8516
[2026-09-02 20:46:05]   [t6922 v5/5] SUCCESS (pred=dog) CTA=0.8535
[2026-09-02 20:46:05]   target 6922, 5 victims on this gpu: ASR=40.0% CTA=0.8555 +/- 0.0051
[2026-09-02 20:46:05] === target 7855 (4/8) ===
[2026-09-02 20:46:10]   target 7855: crafted 100 poisons in 3 s, obj=0.00267
[2026-09-02 20:46:10]   target 7855: realized linf = 0.03137 (8.00/255), budget = 8.00/255
[2026-09-02 20:47:52]   [t7855 v1/5] SUCCESS (pred=dog) CTA=0.8605
[2026-09-02 20:49:32]   [t7855 v2/5] SUCCESS (pred=dog) CTA=0.8482
[2026-09-02 20:51:13]   [t7855 v3/5] SUCCESS (pred=dog) CTA=0.8553
[2026-09-02 20:52:53]   [t7855 v4/5] fail (pred=bird) CTA=0.8597
[2026-09-02 20:54:33]   [t7855 v5/5] SUCCESS (pred=dog) CTA=0.8609
[2026-09-02 20:54:33]   target 7855, 5 victims on this gpu: ASR=80.0% CTA=0.8569 +/- 0.0048
[2026-09-02 20:54:33] === target 2127 (5/8) ===
[2026-09-02 20:54:38]   target 2127: crafted 100 poisons in 3 s, obj=0.00412
[2026-09-02 20:54:38]   target 2127: realized linf = 0.03137 (8.00/255), budget = 8.00/255
[2026-09-02 20:56:20]   [t2127 v1/5] fail (pred=deer) CTA=0.8679
[2026-09-02 20:58:00]   [t2127 v2/5] fail (pred=deer) CTA=0.8504
[2026-09-02 20:59:41]   [t2127 v3/5] fail (pred=bird) CTA=0.8700
[2026-09-02 21:01:21]   [t2127 v4/5] fail (pred=deer) CTA=0.8513
[2026-09-02 21:03:01]   [t2127 v5/5] fail (pred=deer) CTA=0.8634
[2026-09-02 21:03:01]   target 2127, 5 victims on this gpu: ASR=0.0% CTA=0.8606 +/- 0.0082
[2026-09-02 21:03:01] === target 7586 (6/8) ===
[2026-09-02 21:03:06]   target 7586: crafted 100 poisons in 3 s, obj=0.00406
[2026-09-02 21:03:06]   target 7586: realized linf = 0.03137 (8.00/255), budget = 8.00/255
[2026-09-02 21:04:48]   [t7586 v1/5] fail (pred=cat) CTA=0.8600
[2026-09-02 21:06:28]   [t7586 v2/5] fail (pred=bird) CTA=0.8618
[2026-09-02 21:08:08]   [t7586 v3/5] fail (pred=bird) CTA=0.8578
[2026-09-02 21:09:48]   [t7586 v4/5] fail (pred=bird) CTA=0.8639
[2026-09-02 21:11:28]   [t7586 v5/5] fail (pred=automobile) CTA=0.8512
[2026-09-02 21:11:28]   target 7586, 5 victims on this gpu: ASR=0.0% CTA=0.8589 +/- 0.0044
[2026-09-02 21:11:28] === target 7360 (7/8) ===
[2026-09-02 21:11:33]   target 7360: crafted 100 poisons in 3 s, obj=0.00327
[2026-09-02 21:11:33]   target 7360: realized linf = 0.03137 (8.00/255), budget = 8.00/255
[2026-09-02 21:13:15]   [t7360 v1/5] fail (pred=bird) CTA=0.8586
[2026-09-02 21:14:55]   [t7360 v2/5] fail (pred=bird) CTA=0.8586
[2026-09-02 21:16:35]   [t7360 v3/5] fail (pred=bird) CTA=0.8564
[2026-09-02 21:18:16]   [t7360 v4/5] SUCCESS (pred=dog) CTA=0.8646
[2026-09-02 21:19:56]   [t7360 v5/5] fail (pred=cat) CTA=0.8409
[2026-09-02 21:19:56]   target 7360, 5 victims on this gpu: ASR=20.0% CTA=0.8558 +/- 0.0079
[2026-09-02 21:19:56] === target 2171 (8/8) ===
[2026-09-02 21:20:00]   target 2171: crafted 100 poisons in 3 s, obj=0.00346
[2026-09-02 21:20:00]   target 2171: realized linf = 0.03137 (8.00/255), budget = 8.00/255
[2026-09-02 21:21:42]   [t2171 v1/5] SUCCESS (pred=dog) CTA=0.8490
[2026-09-02 21:23:22]   [t2171 v2/5] fail (pred=bird) CTA=0.8585
[2026-09-02 21:25:03]   [t2171 v3/5] SUCCESS (pred=dog) CTA=0.8587
[2026-09-02 21:26:43]   [t2171 v4/5] SUCCESS (pred=dog) CTA=0.8469
[2026-09-02 21:28:23]   [t2171 v5/5] fail (pred=bird) CTA=0.8471
[2026-09-02 21:28:23]   target 2171, 5 victims on this gpu: ASR=60.0% CTA=0.8520 +/- 0.0054
[2026-09-02 21:28:23] ==== CIFAR10_VGG13BN_fc_ours_dog-bird_b0.002_eps8_seed42_lam1_cosine_selR_ce5_tgt3 : ASR = 27.5% +/- 28.2% | CTA = 0.8562 (baseline 0.8451) ====
[2026-09-02 21:28:23]   target-prediction tally ['airplane', 'automobile', 'bird', 'cat', 'deer', 'dog', 'frog', 'horse', 'ship', 'truck']: [0, 1, 18, 3, 6, 11, 1, 0, 0, 0]

sync: preserving outputs in /home/mmoslem3/scratch/PoisonBase
sync: complete
