stage: optional directory absent: /home/mmoslem3/scratch/PoisonBase/ours_result/CIFAR10_ResNet20BN_sapa_ours_frog-airplane_b0.002_eps8_seed42_lam1_cosine_selAplusR_worst0.05_ce5_tgt10
job: 770064 cmp30_23_resnet20bn_sapa_fa_b0002_a_plus_r on rack12-02
work: /tmp/attack_if
config: SOURCE_ROOT=/home/mmoslem3/scratch/PoisonBase PERSIST_DATA_ROOT=/home/mmoslem3/scratch/PoisonBase/data MODEL=ResNet20BN ATTACK=sapa CLASS_PAIR=frog-airplane BUDGETS=0.002 SELECT=a-plus-r NUM_TARGETS=8 NUM_VICTIMS=5 sh sel_dpp.sh
protocol: attack=8 targets x 5 victims
gpu: NVIDIA L40S
=== component ablation: A+R | ResNet20BN / sapa / frog-airplane | sharp worst sigma=0.05 ===
    targets: pinned from target_sets/ResNet20BN_gradmatch_frog-airplane.json (same 10 the random-base run attacked)
    difficulty label tgt10   craft flags: none
    component ablation: A+R; needed raw components are averaged over surrogates, then standardized (batch=64)
    budgets: 0.002

--- a-plus-r | ResNet20BN / sapa / frog-airplane | sharp worst sigma=0.05 | budget 0.002 ---
[2026-09-02 21:20:24] === run start: CIFAR10_ResNet20BN_sapa_ours_frog-airplane_b0.002_eps8_seed42_lam1_cosine_selAplusR_worst0.05_ce5_tgt10 on cuda [0] ===
[2026-09-02 21:20:24] args: {"FORCE": false, "attack": "sapa", "base": "ours", "base_dist": "cosine", "base_topr": null, "budget": 0.002, "cache_dir": "/tmp/attack_if/cache", "class_pair": "frog-airplane", "clean_baseline": true, "craft_alpha": 0.0039216, "craft_aug": true, "craft_batch": 256, "craft_ensemble": 5, "craft_lowmem": false, "craft_schedule": false, "craft_steps": 250, "data_path": "/tmp/data", "dataset": "CIFAR10", "dsa_strategy": "color_crop_cutout_flip_scale_rotate", "epsilon": 0.0313725, "fast_gradmatch": false, "fc_mode": "sample", "fc_restarts": 1, "gpus": "all", "jacobian_batch_size": 64, "jacobian_weight": 1.0, "lambda_margin": 1.0, "model": "ResNet20BN", "no_resume": false, "num_poisons": 500, "num_surrogates": 20, "num_targets": 8, "num_victims": 5, "out_dir": "/tmp/attack_if/ours_result", "pair_order": "poison-target", "parallel_pretrain": true, "parallel_targets": true, "precompute_id": null, "precompute_only": false, "precompute_part": "both", "rank_on_victims": true, "recompute_deltas": false, "require_correct_target": false, "restarts": 8, "seed": 42, "sel_K": null, "sel_alpha": 1.0, "sel_component": "a-plus-r", "sel_criterion": null, "sel_dpp": false, "sel_filter": false, "sel_mmr": false, "sel_mode": null, "sel_model": null, "sel_mu": 1.0, "sel_pca": false, "sel_pool": 3.0, "sharp_mode": "worst", "sharp_samples": 20, "sharp_sigma": 0.05, "steal_timeout": 7200.0, "surrogate_aug": false, "surrogate_bs": 128, "surrogate_decay": [35, 45], "surrogate_epochs": 60, "surrogate_lr": 0.1, "surrogate_wd": 0.0, "target_idx_file": "target_sets/ResNet20BN_gradmatch_frog-airplane.json", "target_select": 10, "use_jacobian_score": false, "victim_aug": false, "victim_bs": 125, "victim_decay": [40], "victim_epochs": 50, "victim_lr": 0.1, "victim_wd": 0.0}
[2026-09-02 21:20:24] Jacobian score: disabled
[2026-09-02 21:20:24] A+R component selector: raw components averaged over surrogates, then each used component standardized across candidates; batch_size=64
[2026-09-02 21:20:24] N_total=50000 budget=0.002 -> N_p=100 poisons, y_adv=6(frog) target_class=0(airplane)
[2026-09-02 21:20:24] === surrogates (20 x ResNet20BN, trained on the full real set) ===
[2026-09-02 21:20:25]   crafting on 5/20 surrogates
[2026-09-02 21:20:25] === clean victims (5 x ResNet20BN) ===
[2026-09-02 21:20:25]   clean baseline CTA = 0.8350 +/- 0.0046
[2026-09-02 21:20:26]   target pool 1000 -> eligible 996 (4 already predicted as y_adv or dropped)
[2026-09-02 21:20:26]   chosen 8 targets (file), p_adv range 0.0000..0.0708
[2026-09-02 21:20:26]   targets: [9235, 338, 255, 3207, 8563, 912, 4639, 2570]
[2026-09-02 21:20:26] === target 9235 (1/8) ===
[2026-09-02 21:20:27]   Jacobian score exact backend: torch.func JVP
[2026-09-02 21:24:42]   target 9235: crafted 100 poisons in 240 s, obj=0.18124
[2026-09-02 21:24:42]   target 9235: realized linf = 0.03137 (8.00/255), budget = 8.00/255
[2026-09-02 21:26:18]   [t9235 v1/5] SUCCESS (pred=frog) CTA=0.8359
[2026-09-02 21:27:54]   [t9235 v2/5] SUCCESS (pred=frog) CTA=0.8431
[2026-09-02 21:29:30]   [t9235 v3/5] SUCCESS (pred=frog) CTA=0.8359
[2026-09-02 21:31:07]   [t9235 v4/5] SUCCESS (pred=frog) CTA=0.8361
[2026-09-02 21:32:43]   [t9235 v5/5] SUCCESS (pred=frog) CTA=0.8367
[2026-09-02 21:32:43]   target 9235, 5 victims on this gpu: ASR=100.0% CTA=0.8375 +/- 0.0028
[2026-09-02 21:32:43] === target 338 (2/8) ===
[2026-09-02 21:36:58]   target 338: crafted 100 poisons in 240 s, obj=0.23564
[2026-09-02 21:36:58]   target 338: realized linf = 0.03137 (8.00/255), budget = 8.00/255
[2026-09-02 21:38:34]   [t338 v1/5] SUCCESS (pred=frog) CTA=0.8394
[2026-09-02 21:40:11]   [t338 v2/5] fail (pred=airplane) CTA=0.8420
[2026-09-02 21:41:47]   [t338 v3/5] fail (pred=airplane) CTA=0.8369
[2026-09-02 21:43:23]   [t338 v4/5] fail (pred=airplane) CTA=0.8309
[2026-09-02 21:44:59]   [t338 v5/5] fail (pred=airplane) CTA=0.8476
[2026-09-02 21:44:59]   target 338, 5 victims on this gpu: ASR=20.0% CTA=0.8394 +/- 0.0055
[2026-09-02 21:44:59] === target 255 (3/8) ===
[2026-09-02 21:49:14]   target 255: crafted 100 poisons in 240 s, obj=0.20022
[2026-09-02 21:49:14]   target 255: realized linf = 0.03137 (8.00/255), budget = 8.00/255
[2026-09-02 21:50:51]   [t255 v1/5] fail (pred=cat) CTA=0.8357
[2026-09-02 21:52:27]   [t255 v2/5] fail (pred=airplane) CTA=0.8391
[2026-09-02 21:54:03]   [t255 v3/5] fail (pred=ship) CTA=0.8314
[2026-09-02 21:55:39]   [t255 v4/5] fail (pred=airplane) CTA=0.8373
[2026-09-02 21:57:16]   [t255 v5/5] fail (pred=airplane) CTA=0.8414
[2026-09-02 21:57:16]   target 255, 5 victims on this gpu: ASR=0.0% CTA=0.8370 +/- 0.0034
[2026-09-02 21:57:16] === target 3207 (4/8) ===
[2026-09-02 22:01:31]   target 3207: crafted 100 poisons in 240 s, obj=0.22755
[2026-09-02 22:01:31]   target 3207: realized linf = 0.03137 (8.00/255), budget = 8.00/255
[2026-09-02 22:03:07]   [t3207 v1/5] fail (pred=bird) CTA=0.8391
[2026-09-02 22:04:44]   [t3207 v2/5] fail (pred=airplane) CTA=0.8337
[2026-09-02 22:06:20]   [t3207 v3/5] fail (pred=airplane) CTA=0.8401
[2026-09-02 22:07:56]   [t3207 v4/5] SUCCESS (pred=frog) CTA=0.8382
[2026-09-02 22:09:33]   [t3207 v5/5] fail (pred=airplane) CTA=0.8374
[2026-09-02 22:09:33]   target 3207, 5 victims on this gpu: ASR=20.0% CTA=0.8377 +/- 0.0022
[2026-09-02 22:09:33] === target 8563 (5/8) ===
[2026-09-02 22:13:48]   target 8563: crafted 100 poisons in 240 s, obj=0.21489
[2026-09-02 22:13:48]   target 8563: realized linf = 0.03137 (8.00/255), budget = 8.00/255
[2026-09-02 22:15:24]   [t8563 v1/5] SUCCESS (pred=frog) CTA=0.8348
[2026-09-02 22:17:01]   [t8563 v2/5] fail (pred=airplane) CTA=0.8407
[2026-09-02 22:18:37]   [t8563 v3/5] fail (pred=horse) CTA=0.8332
[2026-09-02 22:20:13]   [t8563 v4/5] fail (pred=airplane) CTA=0.8370
[2026-09-02 22:21:49]   [t8563 v5/5] fail (pred=horse) CTA=0.8393
[2026-09-02 22:21:49]   target 8563, 5 victims on this gpu: ASR=20.0% CTA=0.8370 +/- 0.0028
[2026-09-02 22:21:49] === target 912 (6/8) ===
[2026-09-02 22:26:05]   target 912: crafted 100 poisons in 240 s, obj=0.20463
[2026-09-02 22:26:05]   target 912: realized linf = 0.03137 (8.00/255), budget = 8.00/255
[2026-09-02 22:27:41]   [t912 v1/5] SUCCESS (pred=frog) CTA=0.8332
[2026-09-02 22:29:17]   [t912 v2/5] fail (pred=airplane) CTA=0.8397
[2026-09-02 22:30:54]   [t912 v3/5] fail (pred=deer) CTA=0.8385
[2026-09-02 22:32:30]   [t912 v4/5] fail (pred=airplane) CTA=0.8436
[2026-09-02 22:34:06]   [t912 v5/5] fail (pred=bird) CTA=0.8336
[2026-09-02 22:34:06]   target 912, 5 victims on this gpu: ASR=20.0% CTA=0.8377 +/- 0.0039
[2026-09-02 22:34:06] === target 4639 (7/8) ===
[2026-09-02 22:38:22]   target 4639: crafted 100 poisons in 240 s, obj=0.19737
[2026-09-02 22:38:22]   target 4639: realized linf = 0.03137 (8.00/255), budget = 8.00/255
[2026-09-02 22:39:58]   [t4639 v1/5] fail (pred=airplane) CTA=0.8363
[2026-09-02 22:41:35]   [t4639 v2/5] fail (pred=airplane) CTA=0.8389
[2026-09-02 22:43:11]   [t4639 v3/5] fail (pred=airplane) CTA=0.8343
[2026-09-02 22:44:47]   [t4639 v4/5] fail (pred=airplane) CTA=0.8398
[2026-09-02 22:46:24]   [t4639 v5/5] SUCCESS (pred=frog) CTA=0.8332
[2026-09-02 22:46:24]   target 4639, 5 victims on this gpu: ASR=20.0% CTA=0.8365 +/- 0.0025
[2026-09-02 22:46:24] === target 2570 (8/8) ===
[2026-09-02 22:50:39]   target 2570: crafted 100 poisons in 240 s, obj=0.23715
[2026-09-02 22:50:39]   target 2570: realized linf = 0.03137 (8.00/255), budget = 8.00/255
[2026-09-02 22:52:15]   [t2570 v1/5] fail (pred=airplane) CTA=0.8363
[2026-09-02 22:53:52]   [t2570 v2/5] fail (pred=bird) CTA=0.8354
[2026-09-02 22:55:28]   [t2570 v3/5] fail (pred=airplane) CTA=0.8431
[2026-09-02 22:57:04]   [t2570 v4/5] fail (pred=bird) CTA=0.8366
[2026-09-02 22:58:41]   [t2570 v5/5] SUCCESS (pred=frog) CTA=0.8305
[2026-09-02 22:58:41]   target 2570, 5 victims on this gpu: ASR=20.0% CTA=0.8364 +/- 0.0040
[2026-09-02 22:58:41] ==== CIFAR10_ResNet20BN_sapa_ours_frog-airplane_b0.002_eps8_seed42_lam1_cosine_selAplusR_worst0.05_ce5_tgt10 : ASR = 27.5% +/- 28.2% | CTA = 0.8374 (baseline 0.8350) ====
[2026-09-02 22:58:41]   target-prediction tally ['airplane', 'automobile', 'bird', 'cat', 'deer', 'dog', 'frog', 'horse', 'ship', 'truck']: [20, 0, 4, 1, 1, 0, 11, 2, 1, 0]

sync: preserving outputs in /home/mmoslem3/scratch/PoisonBase
sync: complete
