stage: optional directory absent: /home/mmoslem3/scratch/PoisonBase/ours_result/CIFAR10_VGG13BN_gradmatch_ours_frog-airplane_b0.001_eps8_seed42_lam1_cosine_selMinusMtimesR_ce5_tgt12
job: 770083 cmp30_26_vgg13bn_gm_fa_b0001_minus_m_times_r on rack09-12
work: /tmp/attack_if
config: SOURCE_ROOT=/home/mmoslem3/scratch/PoisonBase PERSIST_DATA_ROOT=/home/mmoslem3/scratch/PoisonBase/data MODEL=VGG13BN ATTACK=gradmatch CLASS_PAIR=frog-airplane BUDGETS=0.001 SELECT=minus-m-times-r NUM_TARGETS=8 NUM_VICTIMS=5 sh sel_dpp.sh
protocol: attack=8 targets x 5 victims
gpu: NVIDIA L40S
=== component ablation: (-M)*R | VGG13BN / gradmatch / frog-airplane ===
    targets: pinned from target_sets/VGG13BN_gradmatch_frog-airplane.json (same 10 the random-base run attacked)
    difficulty label tgt12   craft flags: --craft_lowmem --craft_batch 256 --fast_gradmatch
    component ablation: (-M)*R; needed raw components are averaged over surrogates, then standardized (batch=64)
    budgets: 0.001

--- minus-m-times-r | VGG13BN / gradmatch / frog-airplane | budget 0.001 ---
[2026-09-02 21:21:28] === run start: CIFAR10_VGG13BN_gradmatch_ours_frog-airplane_b0.001_eps8_seed42_lam1_cosine_selMinusMtimesR_ce5_tgt12 on cuda [0] ===
[2026-09-02 21:21:28] args: {"FORCE": false, "attack": "gradmatch", "base": "ours", "base_dist": "cosine", "base_topr": null, "budget": 0.001, "cache_dir": "/tmp/attack_if/cache", "class_pair": "frog-airplane", "clean_baseline": true, "craft_alpha": 0.0039216, "craft_aug": true, "craft_batch": 256, "craft_ensemble": 5, "craft_lowmem": true, "craft_schedule": false, "craft_steps": 250, "data_path": "/tmp/data", "dataset": "CIFAR10", "dsa_strategy": "color_crop_cutout_flip_scale_rotate", "epsilon": 0.0313725, "fast_gradmatch": true, "fc_mode": "sample", "fc_restarts": 1, "gpus": "all", "jacobian_batch_size": 64, "jacobian_weight": 1.0, "lambda_margin": 1.0, "model": "VGG13BN", "no_resume": false, "num_poisons": 500, "num_surrogates": 20, "num_targets": 8, "num_victims": 5, "out_dir": "/tmp/attack_if/ours_result", "pair_order": "poison-target", "parallel_pretrain": true, "parallel_targets": true, "precompute_id": null, "precompute_only": false, "precompute_part": "both", "rank_on_victims": true, "recompute_deltas": false, "require_correct_target": false, "restarts": 8, "seed": 42, "sel_K": null, "sel_alpha": 1.0, "sel_component": "minus-m-times-r", "sel_criterion": null, "sel_dpp": false, "sel_filter": false, "sel_mmr": false, "sel_mode": null, "sel_model": null, "sel_mu": 1.0, "sel_pca": false, "sel_pool": 3.0, "sharp_mode": "worst", "sharp_samples": 20, "sharp_sigma": 0.05, "steal_timeout": 7200.0, "surrogate_aug": false, "surrogate_bs": 128, "surrogate_decay": [35, 45], "surrogate_epochs": 60, "surrogate_lr": 0.1, "surrogate_wd": 0.0, "target_idx_file": "target_sets/VGG13BN_gradmatch_frog-airplane.json", "target_select": 12, "use_jacobian_score": false, "victim_aug": false, "victim_bs": 125, "victim_decay": [40], "victim_epochs": 50, "victim_lr": 0.1, "victim_wd": 0.0}
[2026-09-02 21:21:28] Jacobian score: disabled
[2026-09-02 21:21:28] (-M)*R component selector: raw components averaged over surrogates, then each used component standardized across candidates; batch_size=64
[2026-09-02 21:21:28] N_total=50000 budget=0.001 -> N_p=50 poisons, y_adv=6(frog) target_class=0(airplane)
[2026-09-02 21:21:28] === surrogates (20 x VGG13BN, trained on the full real set) ===
[2026-09-02 21:21:29]   crafting on 5/20 surrogates
[2026-09-02 21:21:29] === clean victims (5 x VGG13BN) ===
[2026-09-02 21:21:31]   clean baseline CTA = 0.8451 +/- 0.0161
[2026-09-02 21:21:31]   target pool 1000 -> eligible 998 (2 already predicted as y_adv or dropped)
[2026-09-02 21:21:31]   chosen 8 targets (file), p_adv range 0.0000..0.0001
[2026-09-02 21:21:31]   targets: [2783, 2507, 6738, 5787, 7815, 5074, 7356, 8267]
[2026-09-02 21:21:31] === target 2783 (1/8) ===
[2026-09-02 21:23:29]   target 2783: crafted 50 poisons in 116 s, obj=0.27348
[2026-09-02 21:23:29]   target 2783: realized linf = 0.03137 (8.00/255), budget = 8.00/255
[2026-09-02 21:25:11]   [t2783 v1/5] fail (pred=airplane) CTA=0.8449
[2026-09-02 21:26:52]   [t2783 v2/5] fail (pred=airplane) CTA=0.8617
[2026-09-02 21:28:33]   [t2783 v3/5] fail (pred=airplane) CTA=0.8574
[2026-09-02 21:30:13]   [t2783 v4/5] fail (pred=airplane) CTA=0.8357
[2026-09-02 21:31:54]   [t2783 v5/5] fail (pred=airplane) CTA=0.8469
[2026-09-02 21:31:54]   target 2783, 5 victims on this gpu: ASR=0.0% CTA=0.8493 +/- 0.0093
[2026-09-02 21:31:54] === target 2507 (2/8) ===
[2026-09-02 21:33:52]   target 2507: crafted 50 poisons in 116 s, obj=0.33951
[2026-09-02 21:33:52]   target 2507: realized linf = 0.03137 (8.00/255), budget = 8.00/255
[2026-09-02 21:35:35]   [t2507 v1/5] fail (pred=airplane) CTA=0.8479
[2026-09-02 21:37:15]   [t2507 v2/5] fail (pred=airplane) CTA=0.8487
[2026-09-02 21:38:56]   [t2507 v3/5] fail (pred=airplane) CTA=0.8545
[2026-09-02 21:40:36]   [t2507 v4/5] fail (pred=bird) CTA=0.8590
[2026-09-02 21:42:17]   [t2507 v5/5] fail (pred=bird) CTA=0.8570
[2026-09-02 21:42:17]   target 2507, 5 victims on this gpu: ASR=0.0% CTA=0.8534 +/- 0.0044
[2026-09-02 21:42:17] === target 6738 (3/8) ===
[2026-09-02 21:44:15]   target 6738: crafted 50 poisons in 116 s, obj=0.43690
[2026-09-02 21:44:15]   target 6738: realized linf = 0.03137 (8.00/255), budget = 8.00/255
[2026-09-02 21:45:57]   [t6738 v1/5] fail (pred=airplane) CTA=0.8515
[2026-09-02 21:47:38]   [t6738 v2/5] fail (pred=airplane) CTA=0.8507
[2026-09-02 21:49:18]   [t6738 v3/5] fail (pred=airplane) CTA=0.8597
[2026-09-02 21:50:59]   [t6738 v4/5] fail (pred=airplane) CTA=0.8566
[2026-09-02 21:52:40]   [t6738 v5/5] fail (pred=airplane) CTA=0.8507
[2026-09-02 21:52:40]   target 6738, 5 victims on this gpu: ASR=0.0% CTA=0.8538 +/- 0.0037
[2026-09-02 21:52:40] === target 5787 (4/8) ===
[2026-09-02 21:54:38]   target 5787: crafted 50 poisons in 116 s, obj=0.36517
[2026-09-02 21:54:38]   target 5787: realized linf = 0.03137 (8.00/255), budget = 8.00/255
[2026-09-02 21:56:20]   [t5787 v1/5] fail (pred=airplane) CTA=0.8538
[2026-09-02 21:58:01]   [t5787 v2/5] fail (pred=automobile) CTA=0.8450
[2026-09-02 21:59:42]   [t5787 v3/5] fail (pred=automobile) CTA=0.8474
[2026-09-02 22:01:23]   [t5787 v4/5] fail (pred=airplane) CTA=0.8508
[2026-09-02 22:03:04]   [t5787 v5/5] fail (pred=cat) CTA=0.8458
[2026-09-02 22:03:04]   target 5787, 5 victims on this gpu: ASR=0.0% CTA=0.8486 +/- 0.0033
[2026-09-02 22:03:04] === target 7815 (5/8) ===
[2026-09-02 22:05:02]   target 7815: crafted 50 poisons in 115 s, obj=0.21864
[2026-09-02 22:05:02]   target 7815: realized linf = 0.03137 (8.00/255), budget = 8.00/255
[2026-09-02 22:06:44]   [t7815 v1/5] SUCCESS (pred=frog) CTA=0.8523
[2026-09-02 22:08:25]   [t7815 v2/5] fail (pred=ship) CTA=0.8610
[2026-09-02 22:10:06]   [t7815 v3/5] fail (pred=automobile) CTA=0.8534
[2026-09-02 22:11:47]   [t7815 v4/5] fail (pred=ship) CTA=0.8485
[2026-09-02 22:13:27]   [t7815 v5/5] fail (pred=bird) CTA=0.8611
[2026-09-02 22:13:27]   target 7815, 5 victims on this gpu: ASR=20.0% CTA=0.8553 +/- 0.0050
[2026-09-02 22:13:27] === target 5074 (6/8) ===
[2026-09-02 22:15:25]   target 5074: crafted 50 poisons in 115 s, obj=0.30901
[2026-09-02 22:15:25]   target 5074: realized linf = 0.03137 (8.00/255), budget = 8.00/255
[2026-09-02 22:17:07]   [t5074 v1/5] fail (pred=airplane) CTA=0.8388
[2026-09-02 22:18:48]   [t5074 v2/5] fail (pred=bird) CTA=0.8570
[2026-09-02 22:20:29]   [t5074 v3/5] SUCCESS (pred=frog) CTA=0.8498
[2026-09-02 22:22:10]   [t5074 v4/5] fail (pred=cat) CTA=0.8618
[2026-09-02 22:23:50]   [t5074 v5/5] SUCCESS (pred=frog) CTA=0.8590
[2026-09-02 22:23:50]   target 5074, 5 victims on this gpu: ASR=40.0% CTA=0.8533 +/- 0.0083
[2026-09-02 22:23:50] === target 7356 (7/8) ===
[2026-09-02 22:25:48]   target 7356: crafted 50 poisons in 115 s, obj=0.30527
[2026-09-02 22:25:48]   target 7356: realized linf = 0.03137 (8.00/255), budget = 8.00/255
[2026-09-02 22:27:30]   [t7356 v1/5] fail (pred=airplane) CTA=0.8631
