stage: optional directory absent: /home/mmoslem3/scratch/PoisonBase/ours_result/CIFAR10_ConvNetBN_sapa_ours_dog-bird_b0.01_eps8_seed42_lam1_cosine_selR_worst0.05_ce5_tgt70
job: 769995 cmp30_12_convnetbn_sapa_db_b001_r on rack01-07
work: /tmp/attack_if
config: SOURCE_ROOT=/home/mmoslem3/scratch/PoisonBase PERSIST_DATA_ROOT=/home/mmoslem3/scratch/PoisonBase/data MODEL=ConvNetBN ATTACK=sapa CLASS_PAIR=dog-bird BUDGETS=0.01 SELECT=r NUM_TARGETS=8 NUM_VICTIMS=5 sh sel_dpp.sh
protocol: attack=8 targets x 5 victims
gpu: NVIDIA L40S
=== component ablation: R | ConvNetBN / sapa / dog-bird | sharp worst sigma=0.05 ===
    targets: pinned from target_sets/ConvNetBN_gradmatch_dog-bird.json (same 10 the random-base run attacked)
    difficulty label tgt70   craft flags: none
    component ablation: R; needed raw components are averaged over surrogates, then standardized (batch=64)
    budgets: 0.01

--- r | ConvNetBN / sapa / dog-bird | sharp worst sigma=0.05 | budget 0.01 ---
[2026-09-02 20:32:22] === run start: CIFAR10_ConvNetBN_sapa_ours_dog-bird_b0.01_eps8_seed42_lam1_cosine_selR_worst0.05_ce5_tgt70 on cuda [0] ===
[2026-09-02 20:32:22] args: {"FORCE": false, "attack": "sapa", "base": "ours", "base_dist": "cosine", "base_topr": null, "budget": 0.01, "cache_dir": "/tmp/attack_if/cache", "class_pair": "dog-bird", "clean_baseline": true, "craft_alpha": 0.0039216, "craft_aug": true, "craft_batch": 256, "craft_ensemble": 5, "craft_lowmem": false, "craft_schedule": false, "craft_steps": 250, "data_path": "/tmp/data", "dataset": "CIFAR10", "dsa_strategy": "color_crop_cutout_flip_scale_rotate", "epsilon": 0.0313725, "fast_gradmatch": false, "fc_mode": "sample", "fc_restarts": 1, "gpus": "all", "jacobian_batch_size": 64, "jacobian_weight": 1.0, "lambda_margin": 1.0, "model": "ConvNetBN", "no_resume": false, "num_poisons": 500, "num_surrogates": 20, "num_targets": 8, "num_victims": 5, "out_dir": "/tmp/attack_if/ours_result", "pair_order": "poison-target", "parallel_pretrain": true, "parallel_targets": true, "precompute_id": null, "precompute_only": false, "precompute_part": "both", "rank_on_victims": true, "recompute_deltas": false, "require_correct_target": false, "restarts": 8, "seed": 42, "sel_K": null, "sel_alpha": 1.0, "sel_component": "r", "sel_criterion": null, "sel_dpp": false, "sel_filter": false, "sel_mmr": false, "sel_mode": null, "sel_model": null, "sel_mu": 1.0, "sel_pca": false, "sel_pool": 3.0, "sharp_mode": "worst", "sharp_samples": 20, "sharp_sigma": 0.05, "steal_timeout": 7200.0, "surrogate_aug": false, "surrogate_bs": 128, "surrogate_decay": [35, 45], "surrogate_epochs": 60, "surrogate_lr": 0.1, "surrogate_wd": 0.0, "target_idx_file": "target_sets/ConvNetBN_gradmatch_dog-bird.json", "target_select": 70, "use_jacobian_score": false, "victim_aug": false, "victim_bs": 125, "victim_decay": [40], "victim_epochs": 50, "victim_lr": 0.1, "victim_wd": 0.0}
[2026-09-02 20:32:22] Jacobian score: disabled
[2026-09-02 20:32:22] R component selector: raw components averaged over surrogates, then each used component standardized across candidates; batch_size=64
[2026-09-02 20:32:22] N_total=50000 budget=0.01 -> N_p=500 poisons, y_adv=5(dog) target_class=2(bird)
[2026-09-02 20:32:22] === surrogates (20 x ConvNetBN, trained on the full real set) ===
[2026-09-02 20:32:22]   crafting on 5/20 surrogates
[2026-09-02 20:32:22] === clean victims (5 x ConvNetBN) ===
[2026-09-02 20:32:23]   clean baseline CTA = 0.8120 +/- 0.0079
[2026-09-02 20:32:23]   target pool 1000 -> eligible 964 (36 already predicted as y_adv or dropped)
[2026-09-02 20:32:23]   chosen 8 targets (file), p_adv range 0.0000..0.0000
[2026-09-02 20:32:23]   targets: [843, 1257, 8252, 8730, 8055, 5859, 8954, 821]
[2026-09-02 20:32:23] === target 843 (1/8) ===
[2026-09-02 20:40:59]   target 843: crafted 500 poisons in 515 s, obj=0.29311
[2026-09-02 20:40:59]   target 843: realized linf = 0.03137 (8.00/255), budget = 8.00/255
[2026-09-02 20:41:50]   [t843 v1/5] SUCCESS (pred=dog) CTA=0.8050
[2026-09-02 20:42:40]   [t843 v2/5] fail (pred=bird) CTA=0.8082
[2026-09-02 20:43:29]   [t843 v3/5] SUCCESS (pred=dog) CTA=0.8096
[2026-09-02 20:44:19]   [t843 v4/5] SUCCESS (pred=dog) CTA=0.8075
[2026-09-02 20:45:09]   [t843 v5/5] SUCCESS (pred=dog) CTA=0.7958
[2026-09-02 20:45:09]   target 843, 5 victims on this gpu: ASR=80.0% CTA=0.8052 +/- 0.0049
[2026-09-02 20:45:09] === target 1257 (2/8) ===
[2026-09-02 20:53:44]   target 1257: crafted 500 poisons in 514 s, obj=0.24466
[2026-09-02 20:53:44]   target 1257: realized linf = 0.03137 (8.00/255), budget = 8.00/255
[2026-09-02 20:54:35]   [t1257 v1/5] SUCCESS (pred=dog) CTA=0.7977
[2026-09-02 20:55:24]   [t1257 v2/5] fail (pred=bird) CTA=0.8085
[2026-09-02 20:56:14]   [t1257 v3/5] fail (pred=bird) CTA=0.8107
[2026-09-02 20:57:04]   [t1257 v4/5] SUCCESS (pred=dog) CTA=0.8025
[2026-09-02 20:57:53]   [t1257 v5/5] SUCCESS (pred=dog) CTA=0.7974
[2026-09-02 20:57:53]   target 1257, 5 victims on this gpu: ASR=60.0% CTA=0.8034 +/- 0.0055
[2026-09-02 20:57:53] === target 8252 (3/8) ===
[2026-09-02 21:06:28]   target 8252: crafted 500 poisons in 514 s, obj=0.24848
[2026-09-02 21:06:28]   target 8252: realized linf = 0.03137 (8.00/255), budget = 8.00/255
[2026-09-02 21:07:19]   [t8252 v1/5] SUCCESS (pred=dog) CTA=0.7975
[2026-09-02 21:08:08]   [t8252 v2/5] fail (pred=cat) CTA=0.8166
[2026-09-02 21:08:58]   [t8252 v3/5] fail (pred=cat) CTA=0.7988
[2026-09-02 21:09:48]   [t8252 v4/5] fail (pred=cat) CTA=0.7954
[2026-09-02 21:10:37]   [t8252 v5/5] SUCCESS (pred=dog) CTA=0.7927
[2026-09-02 21:10:37]   target 8252, 5 victims on this gpu: ASR=40.0% CTA=0.8002 +/- 0.0085
[2026-09-02 21:10:37] === target 8730 (4/8) ===
[2026-09-02 21:19:12]   target 8730: crafted 500 poisons in 514 s, obj=0.23862
[2026-09-02 21:19:12]   target 8730: realized linf = 0.03137 (8.00/255), budget = 8.00/255
[2026-09-02 21:20:03]   [t8730 v1/5] fail (pred=bird) CTA=0.8093
[2026-09-02 21:20:53]   [t8730 v2/5] fail (pred=bird) CTA=0.8113
[2026-09-02 21:21:44]   [t8730 v3/5] fail (pred=bird) CTA=0.8164
[2026-09-02 21:22:34]   [t8730 v4/5] fail (pred=bird) CTA=0.8024
[2026-09-02 21:23:24]   [t8730 v5/5] fail (pred=bird) CTA=0.8000
[2026-09-02 21:23:24]   target 8730, 5 victims on this gpu: ASR=0.0% CTA=0.8079 +/- 0.0060
[2026-09-02 21:23:24] === target 8055 (5/8) ===
[2026-09-02 21:31:58]   target 8055: crafted 500 poisons in 514 s, obj=0.26604
[2026-09-02 21:31:58]   target 8055: realized linf = 0.03137 (8.00/255), budget = 8.00/255
[2026-09-02 21:32:50]   [t8055 v1/5] SUCCESS (pred=dog) CTA=0.8065
[2026-09-02 21:33:40]   [t8055 v2/5] SUCCESS (pred=dog) CTA=0.8029
[2026-09-02 21:34:29]   [t8055 v3/5] fail (pred=bird) CTA=0.8101
[2026-09-02 21:35:19]   [t8055 v4/5] SUCCESS (pred=dog) CTA=0.8000
[2026-09-02 21:36:08]   [t8055 v5/5] SUCCESS (pred=dog) CTA=0.8129
[2026-09-02 21:36:08]   target 8055, 5 victims on this gpu: ASR=80.0% CTA=0.8065 +/- 0.0047
[2026-09-02 21:36:08] === target 5859 (6/8) ===
[2026-09-02 21:44:43]   target 5859: crafted 500 poisons in 514 s, obj=0.24561
[2026-09-02 21:44:43]   target 5859: realized linf = 0.03137 (8.00/255), budget = 8.00/255
[2026-09-02 21:45:34]   [t5859 v1/5] fail (pred=bird) CTA=0.8030
[2026-09-02 21:46:24]   [t5859 v2/5] fail (pred=cat) CTA=0.8072
[2026-09-02 21:47:14]   [t5859 v3/5] fail (pred=bird) CTA=0.8044
[2026-09-02 21:48:04]   [t5859 v4/5] fail (pred=bird) CTA=0.8020
[2026-09-02 21:48:53]   [t5859 v5/5] SUCCESS (pred=dog) CTA=0.8117
[2026-09-02 21:48:53]   target 5859, 5 victims on this gpu: ASR=20.0% CTA=0.8057 +/- 0.0035
[2026-09-02 21:48:53] === target 8954 (7/8) ===
[2026-09-02 21:57:30]   target 8954: crafted 500 poisons in 516 s, obj=0.21236
[2026-09-02 21:57:30]   target 8954: realized linf = 0.03137 (8.00/255), budget = 8.00/255
[2026-09-02 21:58:21]   [t8954 v1/5] SUCCESS (pred=dog) CTA=0.8012
[2026-09-02 21:59:10]   [t8954 v2/5] SUCCESS (pred=dog) CTA=0.8069
[2026-09-02 22:00:00]   [t8954 v3/5] fail (pred=deer) CTA=0.8043
[2026-09-02 22:00:50]   [t8954 v4/5] fail (pred=bird) CTA=0.7978
[2026-09-02 22:01:40]   [t8954 v5/5] SUCCESS (pred=dog) CTA=0.8049
[2026-09-02 22:01:40]   target 8954, 5 victims on this gpu: ASR=60.0% CTA=0.8030 +/- 0.0032
[2026-09-02 22:01:40] === target 821 (8/8) ===
[2026-09-02 22:10:16]   target 821: crafted 500 poisons in 516 s, obj=0.29017
[2026-09-02 22:10:16]   target 821: realized linf = 0.03137 (8.00/255), budget = 8.00/255
[2026-09-02 22:11:07]   [t821 v1/5] fail (pred=bird) CTA=0.8068
[2026-09-02 22:11:57]   [t821 v2/5] SUCCESS (pred=dog) CTA=0.8179
[2026-09-02 22:12:47]   [t821 v3/5] SUCCESS (pred=dog) CTA=0.7986
[2026-09-02 22:13:36]   [t821 v4/5] fail (pred=horse) CTA=0.8093
[2026-09-02 22:14:26]   [t821 v5/5] SUCCESS (pred=dog) CTA=0.8073
[2026-09-02 22:14:26]   target 821, 5 victims on this gpu: ASR=60.0% CTA=0.8080 +/- 0.0062
[2026-09-02 22:14:26] ==== CIFAR10_ConvNetBN_sapa_ours_dog-bird_b0.01_eps8_seed42_lam1_cosine_selR_worst0.05_ce5_tgt70 : ASR = 50.0% +/- 26.5% | CTA = 0.8050 (baseline 0.8120) ====
[2026-09-02 22:14:26]   target-prediction tally ['airplane', 'automobile', 'bird', 'cat', 'deer', 'dog', 'frog', 'horse', 'ship', 'truck']: [0, 0, 14, 4, 1, 20, 0, 1, 0, 0]

sync: preserving outputs in /home/mmoslem3/scratch/PoisonBase
sync: complete
