stage: optional directory absent: /home/mmoslem3/scratch/PoisonBase/ours_result/CIFAR10_ConvNetBN_gradmatch_ours_frog-airplane_b0.005_eps8_seed42_lam1_cosine_selA_ce5_tgt35
job: 770074 cmp30_25_convnetbn_gm_fa_b0005_a on rack10-14
work: /tmp/attack_if
config: SOURCE_ROOT=/home/mmoslem3/scratch/PoisonBase PERSIST_DATA_ROOT=/home/mmoslem3/scratch/PoisonBase/data MODEL=ConvNetBN ATTACK=gradmatch CLASS_PAIR=frog-airplane BUDGETS=0.005 SELECT=a NUM_TARGETS=8 NUM_VICTIMS=5 sh sel_dpp.sh
protocol: attack=8 targets x 5 victims
gpu: NVIDIA L40S
=== component ablation: A | ConvNetBN / gradmatch / frog-airplane ===
    targets: pinned from target_sets/ConvNetBN_gradmatch_frog-airplane.json (same 10 the random-base run attacked)
    difficulty label tgt35   craft flags: none
    component ablation: A; needed raw components are averaged over surrogates, then standardized (batch=64)
    budgets: 0.005

--- a | ConvNetBN / gradmatch / frog-airplane | budget 0.005 ---
[2026-09-02 21:20:51] === run start: CIFAR10_ConvNetBN_gradmatch_ours_frog-airplane_b0.005_eps8_seed42_lam1_cosine_selA_ce5_tgt35 on cuda [0] ===
[2026-09-02 21:20:51] args: {"FORCE": false, "attack": "gradmatch", "base": "ours", "base_dist": "cosine", "base_topr": null, "budget": 0.005, "cache_dir": "/tmp/attack_if/cache", "class_pair": "frog-airplane", "clean_baseline": true, "craft_alpha": 0.0039216, "craft_aug": true, "craft_batch": 256, "craft_ensemble": 5, "craft_lowmem": false, "craft_schedule": false, "craft_steps": 250, "data_path": "/tmp/data", "dataset": "CIFAR10", "dsa_strategy": "color_crop_cutout_flip_scale_rotate", "epsilon": 0.0313725, "fast_gradmatch": false, "fc_mode": "sample", "fc_restarts": 1, "gpus": "all", "jacobian_batch_size": 64, "jacobian_weight": 1.0, "lambda_margin": 1.0, "model": "ConvNetBN", "no_resume": false, "num_poisons": 500, "num_surrogates": 20, "num_targets": 8, "num_victims": 5, "out_dir": "/tmp/attack_if/ours_result", "pair_order": "poison-target", "parallel_pretrain": true, "parallel_targets": true, "precompute_id": null, "precompute_only": false, "precompute_part": "both", "rank_on_victims": true, "recompute_deltas": false, "require_correct_target": false, "restarts": 8, "seed": 42, "sel_K": null, "sel_alpha": 1.0, "sel_component": "a", "sel_criterion": null, "sel_dpp": false, "sel_filter": false, "sel_mmr": false, "sel_mode": null, "sel_model": null, "sel_mu": 1.0, "sel_pca": false, "sel_pool": 3.0, "sharp_mode": "worst", "sharp_samples": 20, "sharp_sigma": 0.05, "steal_timeout": 7200.0, "surrogate_aug": false, "surrogate_bs": 128, "surrogate_decay": [35, 45], "surrogate_epochs": 60, "surrogate_lr": 0.1, "surrogate_wd": 0.0, "target_idx_file": "target_sets/ConvNetBN_gradmatch_frog-airplane.json", "target_select": 35, "use_jacobian_score": false, "victim_aug": false, "victim_bs": 125, "victim_decay": [40], "victim_epochs": 50, "victim_lr": 0.1, "victim_wd": 0.0}
[2026-09-02 21:20:51] Jacobian score: disabled
[2026-09-02 21:20:51] A component selector: raw components averaged over surrogates, then each used component standardized across candidates; batch_size=64
[2026-09-02 21:20:51] N_total=50000 budget=0.005 -> N_p=250 poisons, y_adv=6(frog) target_class=0(airplane)
[2026-09-02 21:20:51] === surrogates (20 x ConvNetBN, trained on the full real set) ===
[2026-09-02 21:20:52]   crafting on 5/20 surrogates
[2026-09-02 21:20:52] === clean victims (5 x ConvNetBN) ===
[2026-09-02 21:20:53]   clean baseline CTA = 0.8120 +/- 0.0079
[2026-09-02 21:20:53]   target pool 1000 -> eligible 994 (6 already predicted as y_adv or dropped)
[2026-09-02 21:20:53]   chosen 8 targets (file), p_adv range 0.0000..0.0000
[2026-09-02 21:20:53]   targets: [496, 2087, 8941, 9820, 3825, 1796, 2548, 6437]
[2026-09-02 21:20:53] === target 496 (1/8) ===
[2026-09-02 21:20:53]   Jacobian score exact backend: torch.func JVP
[2026-09-02 21:24:55]   target 496: crafted 250 poisons in 239 s, obj=0.27991
[2026-09-02 21:24:55]   target 496: realized linf = 0.03137 (8.00/255), budget = 8.00/255
[2026-09-02 21:25:47]   [t496 v1/5] fail (pred=airplane) CTA=0.7973
[2026-09-02 21:26:37]   [t496 v2/5] fail (pred=airplane) CTA=0.8020
[2026-09-02 21:27:27]   [t496 v3/5] fail (pred=airplane) CTA=0.7984
[2026-09-02 21:28:18]   [t496 v4/5] fail (pred=automobile) CTA=0.8134
[2026-09-02 21:29:08]   [t496 v5/5] fail (pred=airplane) CTA=0.8049
[2026-09-02 21:29:08]   target 496, 5 victims on this gpu: ASR=0.0% CTA=0.8032 +/- 0.0058
[2026-09-02 21:29:08] === target 2087 (2/8) ===
[2026-09-02 21:33:10]   target 2087: crafted 250 poisons in 239 s, obj=0.29668
[2026-09-02 21:33:10]   target 2087: realized linf = 0.03137 (8.00/255), budget = 8.00/255
[2026-09-02 21:34:02]   [t2087 v1/5] fail (pred=airplane) CTA=0.8085
[2026-09-02 21:34:52]   [t2087 v2/5] fail (pred=horse) CTA=0.8084
[2026-09-02 21:35:42]   [t2087 v3/5] fail (pred=airplane) CTA=0.8069
[2026-09-02 21:36:33]   [t2087 v4/5] fail (pred=airplane) CTA=0.8006
[2026-09-02 21:37:23]   [t2087 v5/5] fail (pred=deer) CTA=0.7948
[2026-09-02 21:37:23]   target 2087, 5 victims on this gpu: ASR=0.0% CTA=0.8038 +/- 0.0054
[2026-09-02 21:37:23] === target 8941 (3/8) ===
[2026-09-02 21:41:25]   target 8941: crafted 250 poisons in 239 s, obj=0.35992
[2026-09-02 21:41:25]   target 8941: realized linf = 0.03137 (8.00/255), budget = 8.00/255
[2026-09-02 21:42:17]   [t8941 v1/5] fail (pred=airplane) CTA=0.8078
[2026-09-02 21:43:07]   [t8941 v2/5] fail (pred=airplane) CTA=0.7309
[2026-09-02 21:43:57]   [t8941 v3/5] fail (pred=airplane) CTA=0.8062
[2026-09-02 21:44:48]   [t8941 v4/5] fail (pred=horse) CTA=0.8128
[2026-09-02 21:45:38]   [t8941 v5/5] fail (pred=airplane) CTA=0.8056
[2026-09-02 21:45:38]   target 8941, 5 victims on this gpu: ASR=0.0% CTA=0.7927 +/- 0.0310
[2026-09-02 21:45:38] === target 9820 (4/8) ===
[2026-09-02 21:49:40]   target 9820: crafted 250 poisons in 239 s, obj=0.29857
[2026-09-02 21:49:40]   target 9820: realized linf = 0.03137 (8.00/255), budget = 8.00/255
[2026-09-02 21:50:32]   [t9820 v1/5] fail (pred=truck) CTA=0.7961
[2026-09-02 21:51:22]   [t9820 v2/5] fail (pred=airplane) CTA=0.8024
[2026-09-02 21:52:12]   [t9820 v3/5] fail (pred=ship) CTA=0.7985
[2026-09-02 21:53:03]   [t9820 v4/5] fail (pred=airplane) CTA=0.8108
[2026-09-02 21:53:53]   [t9820 v5/5] fail (pred=automobile) CTA=0.8162
[2026-09-02 21:53:53]   target 9820, 5 victims on this gpu: ASR=0.0% CTA=0.8048 +/- 0.0076
[2026-09-02 21:53:53] === target 3825 (5/8) ===
[2026-09-02 21:57:55]   target 3825: crafted 250 poisons in 239 s, obj=0.46138
[2026-09-02 21:57:55]   target 3825: realized linf = 0.03137 (8.00/255), budget = 8.00/255
[2026-09-02 21:58:47]   [t3825 v1/5] fail (pred=airplane) CTA=0.8098
[2026-09-02 21:59:37]   [t3825 v2/5] fail (pred=airplane) CTA=0.8124
[2026-09-02 22:00:28]   [t3825 v3/5] fail (pred=airplane) CTA=0.8040
[2026-09-02 22:01:18]   [t3825 v4/5] fail (pred=airplane) CTA=0.8095
[2026-09-02 22:02:08]   [t3825 v5/5] fail (pred=airplane) CTA=0.8061
[2026-09-02 22:02:08]   target 3825, 5 victims on this gpu: ASR=0.0% CTA=0.8084 +/- 0.0030
[2026-09-02 22:02:08] === target 1796 (6/8) ===
[2026-09-02 22:06:10]   target 1796: crafted 250 poisons in 239 s, obj=0.30555
[2026-09-02 22:06:10]   target 1796: realized linf = 0.03137 (8.00/255), budget = 8.00/255
[2026-09-02 22:07:02]   [t1796 v1/5] fail (pred=airplane) CTA=0.8024
[2026-09-02 22:07:52]   [t1796 v2/5] fail (pred=airplane) CTA=0.8089
[2026-09-02 22:08:43]   [t1796 v3/5] fail (pred=airplane) CTA=0.8024
[2026-09-02 22:09:33]   [t1796 v4/5] fail (pred=ship) CTA=0.8013
[2026-09-02 22:10:23]   [t1796 v5/5] fail (pred=airplane) CTA=0.8010
[2026-09-02 22:10:23]   target 1796, 5 victims on this gpu: ASR=0.0% CTA=0.8032 +/- 0.0029
[2026-09-02 22:10:23] === target 2548 (7/8) ===
[2026-09-02 22:14:25]   target 2548: crafted 250 poisons in 239 s, obj=0.26498
[2026-09-02 22:14:25]   target 2548: realized linf = 0.03137 (8.00/255), budget = 8.00/255
[2026-09-02 22:15:17]   [t2548 v1/5] SUCCESS (pred=frog) CTA=0.7986
[2026-09-02 22:16:08]   [t2548 v2/5] fail (pred=airplane) CTA=0.7924
[2026-09-02 22:16:58]   [t2548 v3/5] fail (pred=airplane) CTA=0.7923
[2026-09-02 22:17:48]   [t2548 v4/5] SUCCESS (pred=frog) CTA=0.8039
[2026-09-02 22:18:38]   [t2548 v5/5] SUCCESS (pred=frog) CTA=0.8062
[2026-09-02 22:18:38]   target 2548, 5 victims on this gpu: ASR=60.0% CTA=0.7987 +/- 0.0057
[2026-09-02 22:18:38] === target 6437 (8/8) ===
[2026-09-02 22:22:41]   target 6437: crafted 250 poisons in 239 s, obj=0.34113
[2026-09-02 22:22:41]   target 6437: realized linf = 0.03137 (8.00/255), budget = 8.00/255
[2026-09-02 22:23:32]   [t6437 v1/5] fail (pred=airplane) CTA=0.8008
[2026-09-02 22:24:22]   [t6437 v2/5] fail (pred=deer) CTA=0.8010
[2026-09-02 22:25:13]   [t6437 v3/5] fail (pred=airplane) CTA=0.8159
[2026-09-02 22:26:03]   [t6437 v4/5] fail (pred=airplane) CTA=0.8103
[2026-09-02 22:26:53]   [t6437 v5/5] fail (pred=deer) CTA=0.8123
[2026-09-02 22:26:53]   target 6437, 5 victims on this gpu: ASR=0.0% CTA=0.8081 +/- 0.0061
[2026-09-02 22:26:53] ==== CIFAR10_ConvNetBN_gradmatch_ours_frog-airplane_b0.005_eps8_seed42_lam1_cosine_selA_ce5_tgt35 : ASR = 7.5% +/- 19.8% | CTA = 0.8028 (baseline 0.8120) ====
[2026-09-02 22:26:53]   target-prediction tally ['airplane', 'automobile', 'bird', 'cat', 'deer', 'dog', 'frog', 'horse', 'ship', 'truck']: [27, 2, 0, 0, 3, 0, 3, 2, 2, 1]

sync: preserving outputs in /home/mmoslem3/scratch/PoisonBase
sync: complete
