stage: optional directory absent: /home/mmoslem3/scratch/PoisonBase/ours_result/CIFAR10_ResNet20BN_fc_ours_dog-bird_b0.005_eps8_seed42_lam1_cosine_selR_ce5_tgt10
job: 769965 cmp30_07_resnet20bn_fc_db_b0005_r on rack11-04
work: /tmp/attack_if
config: SOURCE_ROOT=/home/mmoslem3/scratch/PoisonBase PERSIST_DATA_ROOT=/home/mmoslem3/scratch/PoisonBase/data MODEL=ResNet20BN ATTACK=fc CLASS_PAIR=dog-bird BUDGETS=0.005 SELECT=r NUM_TARGETS=8 NUM_VICTIMS=5 sh sel_dpp.sh
protocol: attack=8 targets x 5 victims
gpu: NVIDIA L40S
=== component ablation: R | ResNet20BN / fc / dog-bird ===
    targets: pinned from target_sets/ResNet20BN_fc_dog-bird.json (same 10 the random-base run attacked)
    difficulty label tgt10   craft flags: none
    component ablation: R; needed raw components are averaged over surrogates, then standardized (batch=64)
    budgets: 0.005

--- r | ResNet20BN / fc / dog-bird | budget 0.005 ---
[2026-09-02 20:22:09] === run start: CIFAR10_ResNet20BN_fc_ours_dog-bird_b0.005_eps8_seed42_lam1_cosine_selR_ce5_tgt10 on cuda [0] ===
[2026-09-02 20:22:09] args: {"FORCE": false, "attack": "fc", "base": "ours", "base_dist": "cosine", "base_topr": null, "budget": 0.005, "cache_dir": "/tmp/attack_if/cache", "class_pair": "dog-bird", "clean_baseline": true, "craft_alpha": 0.0039216, "craft_aug": true, "craft_batch": 256, "craft_ensemble": 5, "craft_lowmem": false, "craft_schedule": false, "craft_steps": 250, "data_path": "/tmp/data", "dataset": "CIFAR10", "dsa_strategy": "color_crop_cutout_flip_scale_rotate", "epsilon": 0.0313725, "fast_gradmatch": false, "fc_mode": "sample", "fc_restarts": 1, "gpus": "all", "jacobian_batch_size": 64, "jacobian_weight": 1.0, "lambda_margin": 1.0, "model": "ResNet20BN", "no_resume": false, "num_poisons": 500, "num_surrogates": 20, "num_targets": 8, "num_victims": 5, "out_dir": "/tmp/attack_if/ours_result", "pair_order": "poison-target", "parallel_pretrain": true, "parallel_targets": true, "precompute_id": null, "precompute_only": false, "precompute_part": "both", "rank_on_victims": true, "recompute_deltas": false, "require_correct_target": false, "restarts": 8, "seed": 42, "sel_K": null, "sel_alpha": 1.0, "sel_component": "r", "sel_criterion": null, "sel_dpp": false, "sel_filter": false, "sel_mmr": false, "sel_mode": null, "sel_model": null, "sel_mu": 1.0, "sel_pca": false, "sel_pool": 3.0, "sharp_mode": "worst", "sharp_samples": 20, "sharp_sigma": 0.05, "steal_timeout": 7200.0, "surrogate_aug": false, "surrogate_bs": 128, "surrogate_decay": [35, 45], "surrogate_epochs": 60, "surrogate_lr": 0.1, "surrogate_wd": 0.0, "target_idx_file": "target_sets/ResNet20BN_fc_dog-bird.json", "target_select": 10, "use_jacobian_score": false, "victim_aug": false, "victim_bs": 125, "victim_decay": [40], "victim_epochs": 50, "victim_lr": 0.1, "victim_wd": 0.0}
[2026-09-02 20:22:09] Jacobian score: disabled
[2026-09-02 20:22:09] R component selector: raw components averaged over surrogates, then each used component standardized across candidates; batch_size=64
[2026-09-02 20:22:09] N_total=50000 budget=0.005 -> N_p=250 poisons, y_adv=5(dog) target_class=2(bird)
[2026-09-02 20:22:09] === surrogates (20 x ResNet20BN, trained on the full real set) ===
[2026-09-02 20:22:10]   crafting on 5/20 surrogates
[2026-09-02 20:22:10] === clean victims (5 x ResNet20BN) ===
[2026-09-02 20:22:11]   clean baseline CTA = 0.8350 +/- 0.0046
[2026-09-02 20:22:11]   target pool 1000 -> eligible 976 (24 already predicted as y_adv or dropped)
[2026-09-02 20:22:11]   chosen 8 targets (file), p_adv range 0.0001..0.2213
[2026-09-02 20:22:11]   targets: [3495, 2903, 6697, 2315, 2312, 6353, 4421, 2242]
[2026-09-02 20:22:11] === target 3495 (1/8) ===
[2026-09-02 20:22:17]   target 3495: crafted 250 poisons in 5 s, obj=0.01626
[2026-09-02 20:22:17]   target 3495: realized linf = 0.03137 (8.00/255), budget = 8.00/255
[2026-09-02 20:23:53]   [t3495 v1/5] SUCCESS (pred=dog) CTA=0.8481
[2026-09-02 20:25:28]   [t3495 v2/5] fail (pred=bird) CTA=0.8370
[2026-09-02 20:27:03]   [t3495 v3/5] fail (pred=bird) CTA=0.8421
[2026-09-02 20:28:39]   [t3495 v4/5] fail (pred=bird) CTA=0.8373
[2026-09-02 20:30:14]   [t3495 v5/5] fail (pred=bird) CTA=0.8402
[2026-09-02 20:30:14]   target 3495, 5 victims on this gpu: ASR=20.0% CTA=0.8409 +/- 0.0040
[2026-09-02 20:30:14] === target 2903 (2/8) ===
[2026-09-02 20:30:20]   target 2903: crafted 250 poisons in 5 s, obj=0.02430
[2026-09-02 20:30:20]   target 2903: realized linf = 0.03137 (8.00/255), budget = 8.00/255
[2026-09-02 20:31:55]   [t2903 v1/5] fail (pred=bird) CTA=0.8377
[2026-09-02 20:33:31]   [t2903 v2/5] fail (pred=bird) CTA=0.8388
[2026-09-02 20:35:06]   [t2903 v3/5] fail (pred=bird) CTA=0.8387
[2026-09-02 20:36:41]   [t2903 v4/5] fail (pred=bird) CTA=0.8379
[2026-09-02 20:38:16]   [t2903 v5/5] fail (pred=bird) CTA=0.8405
[2026-09-02 20:38:16]   target 2903, 5 victims on this gpu: ASR=0.0% CTA=0.8387 +/- 0.0010
[2026-09-02 20:38:16] === target 6697 (3/8) ===
[2026-09-02 20:38:22]   target 6697: crafted 250 poisons in 5 s, obj=0.02176
[2026-09-02 20:38:22]   target 6697: realized linf = 0.03137 (8.00/255), budget = 8.00/255
[2026-09-02 20:39:58]   [t6697 v1/5] fail (pred=horse) CTA=0.8369
[2026-09-02 20:41:33]   [t6697 v2/5] fail (pred=horse) CTA=0.8436
[2026-09-02 20:43:08]   [t6697 v3/5] fail (pred=horse) CTA=0.8403
[2026-09-02 20:44:43]   [t6697 v4/5] fail (pred=horse) CTA=0.8380
[2026-09-02 20:46:18]   [t6697 v5/5] fail (pred=horse) CTA=0.8369
[2026-09-02 20:46:18]   target 6697, 5 victims on this gpu: ASR=0.0% CTA=0.8391 +/- 0.0026
[2026-09-02 20:46:18] === target 2315 (4/8) ===
[2026-09-02 20:46:25]   target 2315: crafted 250 poisons in 5 s, obj=0.02531
[2026-09-02 20:46:25]   target 2315: realized linf = 0.03137 (8.00/255), budget = 8.00/255
[2026-09-02 20:48:00]   [t2315 v1/5] fail (pred=bird) CTA=0.8360
[2026-09-02 20:49:35]   [t2315 v2/5] fail (pred=bird) CTA=0.8396
[2026-09-02 20:51:10]   [t2315 v3/5] fail (pred=bird) CTA=0.8358
[2026-09-02 20:52:46]   [t2315 v4/5] fail (pred=bird) CTA=0.8398
[2026-09-02 20:54:21]   [t2315 v5/5] fail (pred=bird) CTA=0.8405
[2026-09-02 20:54:21]   target 2315, 5 victims on this gpu: ASR=0.0% CTA=0.8383 +/- 0.0020
[2026-09-02 20:54:21] === target 2312 (5/8) ===
[2026-09-02 20:54:27]   target 2312: crafted 250 poisons in 5 s, obj=0.02096
[2026-09-02 20:54:27]   target 2312: realized linf = 0.03137 (8.00/255), budget = 8.00/255
