stage: optional directory absent: /home/mmoslem3/scratch/PoisonBase/ours_result/CIFAR10_ResNet20BN_gradmatch_ours_frog-airplane_b0.002_eps8_seed42_lam1_cosine_selAminusM_ce5_tgt10
job: 770057 cmp30_22_resnet20bn_gm_fa_b0002_a_minus_m on rack08-10
work: /tmp/attack_if
config: SOURCE_ROOT=/home/mmoslem3/scratch/PoisonBase PERSIST_DATA_ROOT=/home/mmoslem3/scratch/PoisonBase/data MODEL=ResNet20BN ATTACK=gradmatch CLASS_PAIR=frog-airplane BUDGETS=0.002 SELECT=a-minus-m NUM_TARGETS=8 NUM_VICTIMS=5 sh sel_dpp.sh
protocol: attack=8 targets x 5 victims
gpu: NVIDIA L40S
=== component ablation: A-M | ResNet20BN / gradmatch / frog-airplane ===
    targets: pinned from target_sets/ResNet20BN_gradmatch_frog-airplane.json (same 10 the random-base run attacked)
    difficulty label tgt10   craft flags: none
    component ablation: A-M; needed raw components are averaged over surrogates, then standardized (batch=64)
    budgets: 0.002

--- a-minus-m | ResNet20BN / gradmatch / frog-airplane | budget 0.002 ---
[2026-09-02 21:09:46] === run start: CIFAR10_ResNet20BN_gradmatch_ours_frog-airplane_b0.002_eps8_seed42_lam1_cosine_selAminusM_ce5_tgt10 on cuda [0] ===
[2026-09-02 21:09:46] args: {"FORCE": false, "attack": "gradmatch", "base": "ours", "base_dist": "cosine", "base_topr": null, "budget": 0.002, "cache_dir": "/tmp/attack_if/cache", "class_pair": "frog-airplane", "clean_baseline": true, "craft_alpha": 0.0039216, "craft_aug": true, "craft_batch": 256, "craft_ensemble": 5, "craft_lowmem": false, "craft_schedule": false, "craft_steps": 250, "data_path": "/tmp/data", "dataset": "CIFAR10", "dsa_strategy": "color_crop_cutout_flip_scale_rotate", "epsilon": 0.0313725, "fast_gradmatch": false, "fc_mode": "sample", "fc_restarts": 1, "gpus": "all", "jacobian_batch_size": 64, "jacobian_weight": 1.0, "lambda_margin": 1.0, "model": "ResNet20BN", "no_resume": false, "num_poisons": 500, "num_surrogates": 20, "num_targets": 8, "num_victims": 5, "out_dir": "/tmp/attack_if/ours_result", "pair_order": "poison-target", "parallel_pretrain": true, "parallel_targets": true, "precompute_id": null, "precompute_only": false, "precompute_part": "both", "rank_on_victims": true, "recompute_deltas": false, "require_correct_target": false, "restarts": 8, "seed": 42, "sel_K": null, "sel_alpha": 1.0, "sel_component": "a-minus-m", "sel_criterion": null, "sel_dpp": false, "sel_filter": false, "sel_mmr": false, "sel_mode": null, "sel_model": null, "sel_mu": 1.0, "sel_pca": false, "sel_pool": 3.0, "sharp_mode": "worst", "sharp_samples": 20, "sharp_sigma": 0.05, "steal_timeout": 7200.0, "surrogate_aug": false, "surrogate_bs": 128, "surrogate_decay": [35, 45], "surrogate_epochs": 60, "surrogate_lr": 0.1, "surrogate_wd": 0.0, "target_idx_file": "target_sets/ResNet20BN_gradmatch_frog-airplane.json", "target_select": 10, "use_jacobian_score": false, "victim_aug": false, "victim_bs": 125, "victim_decay": [40], "victim_epochs": 50, "victim_lr": 0.1, "victim_wd": 0.0}
[2026-09-02 21:09:46] Jacobian score: disabled
[2026-09-02 21:09:46] A-M component selector: raw components averaged over surrogates, then each used component standardized across candidates; batch_size=64
[2026-09-02 21:09:46] N_total=50000 budget=0.002 -> N_p=100 poisons, y_adv=6(frog) target_class=0(airplane)
[2026-09-02 21:09:46] === surrogates (20 x ResNet20BN, trained on the full real set) ===
[2026-09-02 21:09:46]   crafting on 5/20 surrogates
[2026-09-02 21:09:46] === clean victims (5 x ResNet20BN) ===
[2026-09-02 21:09:47]   clean baseline CTA = 0.8350 +/- 0.0046
[2026-09-02 21:09:47]   target pool 1000 -> eligible 996 (4 already predicted as y_adv or dropped)
[2026-09-02 21:09:47]   chosen 8 targets (file), p_adv range 0.0000..0.0708
[2026-09-02 21:09:47]   targets: [9235, 338, 255, 3207, 8563, 912, 4639, 2570]
[2026-09-02 21:09:47] === target 9235 (1/8) ===
[2026-09-02 21:09:48]   Jacobian score exact backend: torch.func JVP
[2026-09-02 21:13:57]   target 9235: crafted 100 poisons in 235 s, obj=0.18921
[2026-09-02 21:13:57]   target 9235: realized linf = 0.03137 (8.00/255), budget = 8.00/255
[2026-09-02 21:15:33]   [t9235 v1/5] fail (pred=airplane) CTA=0.8390
[2026-09-02 21:17:09]   [t9235 v2/5] fail (pred=airplane) CTA=0.8419
[2026-09-02 21:18:45]   [t9235 v3/5] fail (pred=airplane) CTA=0.8365
[2026-09-02 21:20:21]   [t9235 v4/5] SUCCESS (pred=frog) CTA=0.8318
[2026-09-02 21:21:57]   [t9235 v5/5] SUCCESS (pred=frog) CTA=0.8391
[2026-09-02 21:21:57]   target 9235, 5 victims on this gpu: ASR=40.0% CTA=0.8377 +/- 0.0034
[2026-09-02 21:21:57] === target 338 (2/8) ===
[2026-09-02 21:26:06]   target 338: crafted 100 poisons in 234 s, obj=0.23274
[2026-09-02 21:26:06]   target 338: realized linf = 0.03137 (8.00/255), budget = 8.00/255
[2026-09-02 21:27:42]   [t338 v1/5] fail (pred=airplane) CTA=0.8436
[2026-09-02 21:29:18]   [t338 v2/5] fail (pred=airplane) CTA=0.8437
[2026-09-02 21:30:54]   [t338 v3/5] fail (pred=airplane) CTA=0.8402
[2026-09-02 21:32:30]   [t338 v4/5] fail (pred=airplane) CTA=0.8372
[2026-09-02 21:34:06]   [t338 v5/5] SUCCESS (pred=frog) CTA=0.8389
[2026-09-02 21:34:06]   target 338, 5 victims on this gpu: ASR=20.0% CTA=0.8407 +/- 0.0026
[2026-09-02 21:34:06] === target 255 (3/8) ===
[2026-09-02 21:38:16]   target 255: crafted 100 poisons in 234 s, obj=0.20914
[2026-09-02 21:38:16]   target 255: realized linf = 0.03137 (8.00/255), budget = 8.00/255
[2026-09-02 21:39:52]   [t255 v1/5] fail (pred=airplane) CTA=0.8354
[2026-09-02 21:41:28]   [t255 v2/5] fail (pred=cat) CTA=0.8374
[2026-09-02 21:43:04]   [t255 v3/5] fail (pred=ship) CTA=0.8448
[2026-09-02 21:44:40]   [t255 v4/5] fail (pred=airplane) CTA=0.8370
[2026-09-02 21:46:16]   [t255 v5/5] fail (pred=cat) CTA=0.8389
[2026-09-02 21:46:16]   target 255, 5 victims on this gpu: ASR=0.0% CTA=0.8387 +/- 0.0032
[2026-09-02 21:46:16] === target 3207 (4/8) ===
[2026-09-02 21:50:26]   target 3207: crafted 100 poisons in 234 s, obj=0.22990
[2026-09-02 21:50:26]   target 3207: realized linf = 0.03137 (8.00/255), budget = 8.00/255
[2026-09-02 21:52:02]   [t3207 v1/5] SUCCESS (pred=frog) CTA=0.8408
[2026-09-02 21:53:38]   [t3207 v2/5] fail (pred=airplane) CTA=0.8328
[2026-09-02 21:55:14]   [t3207 v3/5] fail (pred=horse) CTA=0.8361
[2026-09-02 21:56:50]   [t3207 v4/5] fail (pred=airplane) CTA=0.8387
[2026-09-02 21:58:27]   [t3207 v5/5] fail (pred=airplane) CTA=0.8361
[2026-09-02 21:58:27]   target 3207, 5 victims on this gpu: ASR=20.0% CTA=0.8369 +/- 0.0027
[2026-09-02 21:58:27] === target 8563 (5/8) ===
[2026-09-02 22:02:37]   target 8563: crafted 100 poisons in 235 s, obj=0.21746
[2026-09-02 22:02:37]   target 8563: realized linf = 0.03137 (8.00/255), budget = 8.00/255
[2026-09-02 22:04:13]   [t8563 v1/5] fail (pred=airplane) CTA=0.8460
[2026-09-02 22:05:49]   [t8563 v2/5] fail (pred=airplane) CTA=0.8439
[2026-09-02 22:07:26]   [t8563 v3/5] fail (pred=airplane) CTA=0.8357
[2026-09-02 22:09:02]   [t8563 v4/5] fail (pred=horse) CTA=0.8383
[2026-09-02 22:10:38]   [t8563 v5/5] fail (pred=horse) CTA=0.8290
[2026-09-02 22:10:38]   target 8563, 5 victims on this gpu: ASR=0.0% CTA=0.8386 +/- 0.0061
[2026-09-02 22:10:38] === target 912 (6/8) ===
[2026-09-02 22:14:48]   target 912: crafted 100 poisons in 235 s, obj=0.19979
[2026-09-02 22:14:48]   target 912: realized linf = 0.03137 (8.00/255), budget = 8.00/255
[2026-09-02 22:16:25]   [t912 v1/5] SUCCESS (pred=frog) CTA=0.8419
[2026-09-02 22:18:01]   [t912 v2/5] fail (pred=cat) CTA=0.8361
