stage: optional directory absent: /home/mmoslem3/scratch/PoisonBase/ours_result/CIFAR10_VGG13BN_sapa_ours_dog-bird_b0.001_eps8_seed42_lam1_cosine_selR_worst0.05_ce5_tgt50
job: 769971 cmp30_08_vgg13bn_sapa_db_b0001_r on rack08-10
work: /tmp/attack_if
config: SOURCE_ROOT=/home/mmoslem3/scratch/PoisonBase PERSIST_DATA_ROOT=/home/mmoslem3/scratch/PoisonBase/data MODEL=VGG13BN ATTACK=sapa CLASS_PAIR=dog-bird BUDGETS=0.001 SELECT=r NUM_TARGETS=8 NUM_VICTIMS=5 sh sel_dpp.sh
protocol: attack=8 targets x 5 victims
gpu: NVIDIA L40S
=== component ablation: R | VGG13BN / sapa / dog-bird | sharp worst sigma=0.05 ===
    targets: pinned from target_sets/VGG13BN_gradmatch_dog-bird.json (same 10 the random-base run attacked)
    difficulty label tgt50   craft flags: --craft_lowmem --craft_batch 256 --fast_gradmatch
    component ablation: R; needed raw components are averaged over surrogates, then standardized (batch=64)
    budgets: 0.001

--- r | VGG13BN / sapa / dog-bird | sharp worst sigma=0.05 | budget 0.001 ---
[2026-09-02 20:24:19] === run start: CIFAR10_VGG13BN_sapa_ours_dog-bird_b0.001_eps8_seed42_lam1_cosine_selR_worst0.05_ce5_tgt50 on cuda [0] ===
[2026-09-02 20:24:19] args: {"FORCE": false, "attack": "sapa", "base": "ours", "base_dist": "cosine", "base_topr": null, "budget": 0.001, "cache_dir": "/tmp/attack_if/cache", "class_pair": "dog-bird", "clean_baseline": true, "craft_alpha": 0.0039216, "craft_aug": true, "craft_batch": 256, "craft_ensemble": 5, "craft_lowmem": true, "craft_schedule": false, "craft_steps": 250, "data_path": "/tmp/data", "dataset": "CIFAR10", "dsa_strategy": "color_crop_cutout_flip_scale_rotate", "epsilon": 0.0313725, "fast_gradmatch": true, "fc_mode": "sample", "fc_restarts": 1, "gpus": "all", "jacobian_batch_size": 64, "jacobian_weight": 1.0, "lambda_margin": 1.0, "model": "VGG13BN", "no_resume": false, "num_poisons": 500, "num_surrogates": 20, "num_targets": 8, "num_victims": 5, "out_dir": "/tmp/attack_if/ours_result", "pair_order": "poison-target", "parallel_pretrain": true, "parallel_targets": true, "precompute_id": null, "precompute_only": false, "precompute_part": "both", "rank_on_victims": true, "recompute_deltas": false, "require_correct_target": false, "restarts": 8, "seed": 42, "sel_K": null, "sel_alpha": 1.0, "sel_component": "r", "sel_criterion": null, "sel_dpp": false, "sel_filter": false, "sel_mmr": false, "sel_mode": null, "sel_model": null, "sel_mu": 1.0, "sel_pca": false, "sel_pool": 3.0, "sharp_mode": "worst", "sharp_samples": 20, "sharp_sigma": 0.05, "steal_timeout": 7200.0, "surrogate_aug": false, "surrogate_bs": 128, "surrogate_decay": [35, 45], "surrogate_epochs": 60, "surrogate_lr": 0.1, "surrogate_wd": 0.0, "target_idx_file": "target_sets/VGG13BN_gradmatch_dog-bird.json", "target_select": 50, "use_jacobian_score": false, "victim_aug": false, "victim_bs": 125, "victim_decay": [40], "victim_epochs": 50, "victim_lr": 0.1, "victim_wd": 0.0}
[2026-09-02 20:24:19] Jacobian score: disabled
[2026-09-02 20:24:19] R component selector: raw components averaged over surrogates, then each used component standardized across candidates; batch_size=64
[2026-09-02 20:24:19] N_total=50000 budget=0.001 -> N_p=50 poisons, y_adv=5(dog) target_class=2(bird)
[2026-09-02 20:24:19] === surrogates (20 x VGG13BN, trained on the full real set) ===
[2026-09-02 20:24:20]   crafting on 5/20 surrogates
[2026-09-02 20:24:20] === clean victims (5 x VGG13BN) ===
[2026-09-02 20:24:22]   clean baseline CTA = 0.8451 +/- 0.0161
[2026-09-02 20:24:22]   target pool 1000 -> eligible 970 (30 already predicted as y_adv or dropped)
[2026-09-02 20:24:22]   chosen 8 targets (file), p_adv range 0.0000..0.0000
[2026-09-02 20:24:22]   targets: [630, 409, 2270, 9870, 1656, 5022, 9090, 6033]
[2026-09-02 20:24:22] === target 630 (1/8) ===
[2026-09-02 20:26:20]   target 630: crafted 50 poisons in 117 s, obj=0.43905
[2026-09-02 20:26:20]   target 630: realized linf = 0.03137 (8.00/255), budget = 8.00/255
[2026-09-02 20:28:02]   [t630 v1/5] fail (pred=bird) CTA=0.8593
[2026-09-02 20:29:43]   [t630 v2/5] fail (pred=bird) CTA=0.8371
[2026-09-02 20:31:24]   [t630 v3/5] fail (pred=bird) CTA=0.8512
[2026-09-02 20:33:05]   [t630 v4/5] fail (pred=bird) CTA=0.8621
[2026-09-02 20:34:46]   [t630 v5/5] fail (pred=bird) CTA=0.8564
[2026-09-02 20:34:46]   target 630, 5 victims on this gpu: ASR=0.0% CTA=0.8532 +/- 0.0088
[2026-09-02 20:34:46] === target 409 (2/8) ===
[2026-09-02 20:36:44]   target 409: crafted 50 poisons in 117 s, obj=0.31262
[2026-09-02 20:36:44]   target 409: realized linf = 0.03137 (8.00/255), budget = 8.00/255
[2026-09-02 20:38:26]   [t409 v1/5] fail (pred=bird) CTA=0.8547
[2026-09-02 20:40:07]   [t409 v2/5] fail (pred=bird) CTA=0.8561
[2026-09-02 20:41:48]   [t409 v3/5] fail (pred=bird) CTA=0.8603
[2026-09-02 20:43:29]   [t409 v4/5] fail (pred=bird) CTA=0.8454
[2026-09-02 20:45:10]   [t409 v5/5] fail (pred=cat) CTA=0.8650
[2026-09-02 20:45:10]   target 409, 5 victims on this gpu: ASR=0.0% CTA=0.8563 +/- 0.0065
[2026-09-02 20:45:10] === target 2270 (3/8) ===
[2026-09-02 20:47:08]   target 2270: crafted 50 poisons in 117 s, obj=0.31025
[2026-09-02 20:47:08]   target 2270: realized linf = 0.03137 (8.00/255), budget = 8.00/255
[2026-09-02 20:48:51]   [t2270 v1/5] fail (pred=deer) CTA=0.8617
[2026-09-02 20:50:32]   [t2270 v2/5] fail (pred=deer) CTA=0.8531
[2026-09-02 20:52:13]   [t2270 v3/5] fail (pred=bird) CTA=0.8556
[2026-09-02 20:53:54]   [t2270 v4/5] fail (pred=deer) CTA=0.8599
[2026-09-02 20:55:35]   [t2270 v5/5] fail (pred=cat) CTA=0.8491
[2026-09-02 20:55:35]   target 2270, 5 victims on this gpu: ASR=0.0% CTA=0.8559 +/- 0.0046
[2026-09-02 20:55:35] === target 9870 (4/8) ===
[2026-09-02 20:57:33]   target 9870: crafted 50 poisons in 117 s, obj=0.29504
[2026-09-02 20:57:33]   target 9870: realized linf = 0.03137 (8.00/255), budget = 8.00/255
[2026-09-02 20:59:15]   [t9870 v1/5] fail (pred=bird) CTA=0.8535
[2026-09-02 21:00:56]   [t9870 v2/5] fail (pred=bird) CTA=0.8264
[2026-09-02 21:02:37]   [t9870 v3/5] fail (pred=cat) CTA=0.8468
[2026-09-02 21:04:18]   [t9870 v4/5] fail (pred=bird) CTA=0.8454
[2026-09-02 21:05:59]   [t9870 v5/5] fail (pred=bird) CTA=0.8579
[2026-09-02 21:05:59]   target 9870, 5 victims on this gpu: ASR=0.0% CTA=0.8460 +/- 0.0108
[2026-09-02 21:05:59] === target 1656 (5/8) ===
[2026-09-02 21:07:57]   target 1656: crafted 50 poisons in 117 s, obj=0.34160
[2026-09-02 21:07:57]   target 1656: realized linf = 0.03137 (8.00/255), budget = 8.00/255
[2026-09-02 21:09:40]   [t1656 v1/5] fail (pred=bird) CTA=0.8504
[2026-09-02 21:11:21]   [t1656 v2/5] fail (pred=bird) CTA=0.8499
[2026-09-02 21:13:02]   [t1656 v3/5] fail (pred=cat) CTA=0.8464
[2026-09-02 21:14:43]   [t1656 v4/5] fail (pred=bird) CTA=0.8654
[2026-09-02 21:16:24]   [t1656 v5/5] fail (pred=airplane) CTA=0.8533
[2026-09-02 21:16:24]   target 1656, 5 victims on this gpu: ASR=0.0% CTA=0.8531 +/- 0.0065
[2026-09-02 21:16:24] === target 5022 (6/8) ===
[2026-09-02 21:18:20]   target 5022: crafted 50 poisons in 115 s, obj=0.40217
[2026-09-02 21:18:20]   target 5022: realized linf = 0.03137 (8.00/255), budget = 8.00/255
[2026-09-02 21:20:03]   [t5022 v1/5] fail (pred=bird) CTA=0.8552
[2026-09-02 21:21:44]   [t5022 v2/5] fail (pred=bird) CTA=0.8597
[2026-09-02 21:23:25]   [t5022 v3/5] fail (pred=bird) CTA=0.8556
[2026-09-02 21:25:06]   [t5022 v4/5] fail (pred=bird) CTA=0.8545
[2026-09-02 21:26:47]   [t5022 v5/5] fail (pred=bird) CTA=0.8552
[2026-09-02 21:26:47]   target 5022, 5 victims on this gpu: ASR=0.0% CTA=0.8560 +/- 0.0019
[2026-09-02 21:26:47] === target 9090 (7/8) ===
[2026-09-02 21:28:43]   target 9090: crafted 50 poisons in 115 s, obj=0.32887
[2026-09-02 21:28:43]   target 9090: realized linf = 0.03137 (8.00/255), budget = 8.00/255
[2026-09-02 21:30:26]   [t9090 v1/5] fail (pred=bird) CTA=0.8617
[2026-09-02 21:32:07]   [t9090 v2/5] fail (pred=bird) CTA=0.8586
[2026-09-02 21:33:48]   [t9090 v3/5] fail (pred=bird) CTA=0.8638
[2026-09-02 21:35:29]   [t9090 v4/5] fail (pred=bird) CTA=0.8551
[2026-09-02 21:37:10]   [t9090 v5/5] fail (pred=bird) CTA=0.8515
[2026-09-02 21:37:10]   target 9090, 5 victims on this gpu: ASR=0.0% CTA=0.8581 +/- 0.0044
[2026-09-02 21:37:10] === target 6033 (8/8) ===
[2026-09-02 21:39:06]   target 6033: crafted 50 poisons in 115 s, obj=0.31491
[2026-09-02 21:39:06]   target 6033: realized linf = 0.03137 (8.00/255), budget = 8.00/255
[2026-09-02 21:40:48]   [t6033 v1/5] fail (pred=bird) CTA=0.8415
[2026-09-02 21:42:29]   [t6033 v2/5] fail (pred=bird) CTA=0.8645
[2026-09-02 21:44:10]   [t6033 v3/5] fail (pred=bird) CTA=0.8556
[2026-09-02 21:45:51]   [t6033 v4/5] fail (pred=bird) CTA=0.8606
[2026-09-02 21:47:32]   [t6033 v5/5] fail (pred=bird) CTA=0.8573
[2026-09-02 21:47:32]   target 6033, 5 victims on this gpu: ASR=0.0% CTA=0.8559 +/- 0.0078
[2026-09-02 21:47:32] ==== CIFAR10_VGG13BN_sapa_ours_dog-bird_b0.001_eps8_seed42_lam1_cosine_selR_worst0.05_ce5_tgt50 : ASR = 0.0% +/- 0.0% | CTA = 0.8543 (baseline 0.8451) ====
[2026-09-02 21:47:32]   target-prediction tally ['airplane', 'automobile', 'bird', 'cat', 'deer', 'dog', 'frog', 'horse', 'ship', 'truck']: [1, 0, 32, 4, 3, 0, 0, 0, 0, 0]

sync: preserving outputs in /home/mmoslem3/scratch/PoisonBase
sync: complete
