stage: optional directory absent: /home/mmoslem3/scratch/PoisonBase/ours_result/CIFAR10_VGG13BN_gradmatch_ours_dog-bird_b0.002_eps8_seed42_lam1_cosine_selA_ce5_tgt50
job: 769930 cmp30_01_vgg13bn_gm_db_b0002_a on rack09-14
work: /tmp/attack_if
config: SOURCE_ROOT=/home/mmoslem3/scratch/PoisonBase PERSIST_DATA_ROOT=/home/mmoslem3/scratch/PoisonBase/data MODEL=VGG13BN ATTACK=gradmatch CLASS_PAIR=dog-bird BUDGETS=0.002 SELECT=a NUM_TARGETS=8 NUM_VICTIMS=5 sh sel_dpp.sh
protocol: attack=8 targets x 5 victims
gpu: NVIDIA L40S
=== component ablation: A | VGG13BN / gradmatch / dog-bird ===
    targets: pinned from target_sets/VGG13BN_gradmatch_dog-bird.json (same 10 the random-base run attacked)
    difficulty label tgt50   craft flags: --craft_lowmem --craft_batch 256 --fast_gradmatch
    component ablation: A; needed raw components are averaged over surrogates, then standardized (batch=64)
    budgets: 0.002

--- a | VGG13BN / gradmatch / dog-bird | budget 0.002 ---
[2026-09-02 19:55:21] === run start: CIFAR10_VGG13BN_gradmatch_ours_dog-bird_b0.002_eps8_seed42_lam1_cosine_selA_ce5_tgt50 on cuda [0] ===
[2026-09-02 19:55:21] args: {"FORCE": false, "attack": "gradmatch", "base": "ours", "base_dist": "cosine", "base_topr": null, "budget": 0.002, "cache_dir": "/tmp/attack_if/cache", "class_pair": "dog-bird", "clean_baseline": true, "craft_alpha": 0.0039216, "craft_aug": true, "craft_batch": 256, "craft_ensemble": 5, "craft_lowmem": true, "craft_schedule": false, "craft_steps": 250, "data_path": "/tmp/data", "dataset": "CIFAR10", "dsa_strategy": "color_crop_cutout_flip_scale_rotate", "epsilon": 0.0313725, "fast_gradmatch": true, "fc_mode": "sample", "fc_restarts": 1, "gpus": "all", "jacobian_batch_size": 64, "jacobian_weight": 1.0, "lambda_margin": 1.0, "model": "VGG13BN", "no_resume": false, "num_poisons": 500, "num_surrogates": 20, "num_targets": 8, "num_victims": 5, "out_dir": "/tmp/attack_if/ours_result", "pair_order": "poison-target", "parallel_pretrain": true, "parallel_targets": true, "precompute_id": null, "precompute_only": false, "precompute_part": "both", "rank_on_victims": true, "recompute_deltas": false, "require_correct_target": false, "restarts": 8, "seed": 42, "sel_K": null, "sel_alpha": 1.0, "sel_component": "a", "sel_criterion": null, "sel_dpp": false, "sel_filter": false, "sel_mmr": false, "sel_mode": null, "sel_model": null, "sel_mu": 1.0, "sel_pca": false, "sel_pool": 3.0, "sharp_mode": "worst", "sharp_samples": 20, "sharp_sigma": 0.05, "steal_timeout": 7200.0, "surrogate_aug": false, "surrogate_bs": 128, "surrogate_decay": [35, 45], "surrogate_epochs": 60, "surrogate_lr": 0.1, "surrogate_wd": 0.0, "target_idx_file": "target_sets/VGG13BN_gradmatch_dog-bird.json", "target_select": 50, "use_jacobian_score": false, "victim_aug": false, "victim_bs": 125, "victim_decay": [40], "victim_epochs": 50, "victim_lr": 0.1, "victim_wd": 0.0}
[2026-09-02 19:55:21] Jacobian score: disabled
[2026-09-02 19:55:21] A component selector: raw components averaged over surrogates, then each used component standardized across candidates; batch_size=64
[2026-09-02 19:55:21] N_total=50000 budget=0.002 -> N_p=100 poisons, y_adv=5(dog) target_class=2(bird)
[2026-09-02 19:55:21] === surrogates (20 x VGG13BN, trained on the full real set) ===
[2026-09-02 19:55:22]   crafting on 5/20 surrogates
[2026-09-02 19:55:22] === clean victims (5 x VGG13BN) ===
[2026-09-02 19:55:24]   clean baseline CTA = 0.8451 +/- 0.0161
[2026-09-02 19:55:24]   target pool 1000 -> eligible 970 (30 already predicted as y_adv or dropped)
[2026-09-02 19:55:24]   chosen 8 targets (file), p_adv range 0.0000..0.0000
[2026-09-02 19:55:24]   targets: [630, 409, 2270, 9870, 1656, 5022, 9090, 6033]
[2026-09-02 19:55:24] === target 630 (1/8) ===
[2026-09-02 19:55:25]   Jacobian score exact backend: torch.func JVP
[2026-09-02 19:58:42]   target 630: crafted 100 poisons in 188 s, obj=0.30556
[2026-09-02 19:58:42]   target 630: realized linf = 0.03137 (8.00/255), budget = 8.00/255
[2026-09-02 20:00:22]   [t630 v1/5] SUCCESS (pred=dog) CTA=0.8609
[2026-09-02 20:02:03]   [t630 v2/5] SUCCESS (pred=dog) CTA=0.8375
[2026-09-02 20:03:44]   [t630 v3/5] SUCCESS (pred=dog) CTA=0.8551
[2026-09-02 20:05:24]   [t630 v4/5] SUCCESS (pred=dog) CTA=0.8564
[2026-09-02 20:07:05]   [t630 v5/5] fail (pred=bird) CTA=0.8487
[2026-09-02 20:07:05]   target 630, 5 victims on this gpu: ASR=80.0% CTA=0.8517 +/- 0.0081
[2026-09-02 20:07:05] === target 409 (2/8) ===
[2026-09-02 20:10:23]   target 409: crafted 100 poisons in 190 s, obj=0.26808
[2026-09-02 20:10:23]   target 409: realized linf = 0.03137 (8.00/255), budget = 8.00/255
[2026-09-02 20:12:06]   [t409 v1/5] SUCCESS (pred=dog) CTA=0.8595
[2026-09-02 20:13:47]   [t409 v2/5] SUCCESS (pred=dog) CTA=0.8557
[2026-09-02 20:15:28]   [t409 v3/5] SUCCESS (pred=dog) CTA=0.8609
[2026-09-02 20:17:08]   [t409 v4/5] fail (pred=bird) CTA=0.8510
[2026-09-02 20:18:49]   [t409 v5/5] SUCCESS (pred=dog) CTA=0.8569
[2026-09-02 20:18:49]   target 409, 5 victims on this gpu: ASR=80.0% CTA=0.8568 +/- 0.0034
[2026-09-02 20:18:49] === target 2270 (3/8) ===
[2026-09-02 20:22:07]   target 2270: crafted 100 poisons in 189 s, obj=0.29379
[2026-09-02 20:22:07]   target 2270: realized linf = 0.03137 (8.00/255), budget = 8.00/255
[2026-09-02 20:23:50]   [t2270 v1/5] SUCCESS (pred=dog) CTA=0.8545
[2026-09-02 20:25:31]   [t2270 v2/5] SUCCESS (pred=dog) CTA=0.8602
[2026-09-02 20:27:12]   [t2270 v3/5] SUCCESS (pred=dog) CTA=0.8527
[2026-09-02 20:28:53]   [t2270 v4/5] SUCCESS (pred=dog) CTA=0.8609
[2026-09-02 20:30:34]   [t2270 v5/5] SUCCESS (pred=dog) CTA=0.8522
[2026-09-02 20:30:34]   target 2270, 5 victims on this gpu: ASR=100.0% CTA=0.8561 +/- 0.0037
[2026-09-02 20:30:34] === target 9870 (4/8) ===
[2026-09-02 20:33:51]   target 9870: crafted 100 poisons in 189 s, obj=0.27307
[2026-09-02 20:33:51]   target 9870: realized linf = 0.03137 (8.00/255), budget = 8.00/255
[2026-09-02 20:35:35]   [t9870 v1/5] SUCCESS (pred=dog) CTA=0.8567
[2026-09-02 20:37:16]   [t9870 v2/5] SUCCESS (pred=dog) CTA=0.8488
[2026-09-02 20:38:56]   [t9870 v3/5] SUCCESS (pred=dog) CTA=0.8528
[2026-09-02 20:40:37]   [t9870 v4/5] fail (pred=bird) CTA=0.8539
[2026-09-02 20:42:18]   [t9870 v5/5] SUCCESS (pred=dog) CTA=0.8539
[2026-09-02 20:42:18]   target 9870, 5 victims on this gpu: ASR=80.0% CTA=0.8532 +/- 0.0026
[2026-09-02 20:42:18] === target 1656 (5/8) ===
[2026-09-02 20:45:36]   target 1656: crafted 100 poisons in 190 s, obj=0.27961
[2026-09-02 20:45:36]   target 1656: realized linf = 0.03137 (8.00/255), budget = 8.00/255
[2026-09-02 20:47:20]   [t1656 v1/5] SUCCESS (pred=dog) CTA=0.8499
[2026-09-02 20:49:01]   [t1656 v2/5] SUCCESS (pred=dog) CTA=0.8493
[2026-09-02 20:50:41]   [t1656 v3/5] SUCCESS (pred=dog) CTA=0.8546
[2026-09-02 20:52:22]   [t1656 v4/5] SUCCESS (pred=dog) CTA=0.8625
[2026-09-02 20:54:03]   [t1656 v5/5] fail (pred=cat) CTA=0.8515
[2026-09-02 20:54:03]   target 1656, 5 victims on this gpu: ASR=80.0% CTA=0.8536 +/- 0.0048
[2026-09-02 20:54:03] === target 5022 (6/8) ===
[2026-09-02 20:57:26]   target 5022: crafted 100 poisons in 196 s, obj=0.27364
[2026-09-02 20:57:26]   target 5022: realized linf = 0.03137 (8.00/255), budget = 8.00/255
[2026-09-02 20:59:10]   [t5022 v1/5] SUCCESS (pred=dog) CTA=0.8612
[2026-09-02 21:00:51]   [t5022 v2/5] fail (pred=bird) CTA=0.8538
[2026-09-02 21:02:31]   [t5022 v3/5] SUCCESS (pred=dog) CTA=0.8590
[2026-09-02 21:04:12]   [t5022 v4/5] fail (pred=bird) CTA=0.8529
[2026-09-02 21:05:53]   [t5022 v5/5] SUCCESS (pred=dog) CTA=0.8624
[2026-09-02 21:05:53]   target 5022, 5 victims on this gpu: ASR=60.0% CTA=0.8579 +/- 0.0039
[2026-09-02 21:05:53] === target 9090 (7/8) ===
[2026-09-02 21:09:10]   target 9090: crafted 100 poisons in 189 s, obj=0.25541
[2026-09-02 21:09:10]   target 9090: realized linf = 0.03137 (8.00/255), budget = 8.00/255
[2026-09-02 21:10:53]   [t9090 v1/5] SUCCESS (pred=dog) CTA=0.8562
[2026-09-02 21:12:34]   [t9090 v2/5] SUCCESS (pred=dog) CTA=0.8493
[2026-09-02 21:14:15]   [t9090 v3/5] SUCCESS (pred=dog) CTA=0.8625
[2026-09-02 21:15:56]   [t9090 v4/5] SUCCESS (pred=dog) CTA=0.8543
[2026-09-02 21:17:37]   [t9090 v5/5] SUCCESS (pred=dog) CTA=0.8592
[2026-09-02 21:17:37]   target 9090, 5 victims on this gpu: ASR=100.0% CTA=0.8563 +/- 0.0045
[2026-09-02 21:17:37] === target 6033 (8/8) ===
[2026-09-02 21:20:51]   target 6033: crafted 100 poisons in 186 s, obj=0.23568
[2026-09-02 21:20:51]   target 6033: realized linf = 0.03137 (8.00/255), budget = 8.00/255
[2026-09-02 21:22:34]   [t6033 v1/5] SUCCESS (pred=dog) CTA=0.8491
[2026-09-02 21:24:15]   [t6033 v2/5] SUCCESS (pred=dog) CTA=0.8581
[2026-09-02 21:25:55]   [t6033 v3/5] SUCCESS (pred=dog) CTA=0.8530
[2026-09-02 21:27:36]   [t6033 v4/5] SUCCESS (pred=dog) CTA=0.8688
[2026-09-02 21:29:17]   [t6033 v5/5] SUCCESS (pred=dog) CTA=0.8597
[2026-09-02 21:29:17]   target 6033, 5 victims on this gpu: ASR=100.0% CTA=0.8577 +/- 0.0067
[2026-09-02 21:29:17] ==== CIFAR10_VGG13BN_gradmatch_ours_dog-bird_b0.002_eps8_seed42_lam1_cosine_selA_ce5_tgt50 : ASR = 85.0% +/- 13.2% | CTA = 0.8554 (baseline 0.8451) ====
[2026-09-02 21:29:17]   target-prediction tally ['airplane', 'automobile', 'bird', 'cat', 'deer', 'dog', 'frog', 'horse', 'ship', 'truck']: [0, 0, 5, 1, 0, 34, 0, 0, 0, 0]

sync: preserving outputs in /home/mmoslem3/scratch/PoisonBase
sync: complete
