stage: optional directory absent: /home/mmoslem3/scratch/PoisonBase/ours_result/CIFAR10_VGG13BN_fc_ours_dog-bird_b0.005_eps8_seed42_lam1_cosine_selAminusM_ce5_tgt3
job: 769979 cmp30_09_vgg13bn_fc_db_b0005_a_minus_m on rack12-04
work: /tmp/attack_if
config: SOURCE_ROOT=/home/mmoslem3/scratch/PoisonBase PERSIST_DATA_ROOT=/home/mmoslem3/scratch/PoisonBase/data MODEL=VGG13BN ATTACK=fc CLASS_PAIR=dog-bird BUDGETS=0.005 SELECT=a-minus-m NUM_TARGETS=8 NUM_VICTIMS=5 sh sel_dpp.sh
protocol: attack=8 targets x 5 victims
gpu: NVIDIA L40S
=== component ablation: A-M | VGG13BN / fc / dog-bird ===
    targets: pinned from target_sets/VGG13BN_fc_dog-bird.json (same 10 the random-base run attacked)
    difficulty label tgt3   craft flags: none
    component ablation: A-M; needed raw components are averaged over surrogates, then standardized (batch=64)
    budgets: 0.005

--- a-minus-m | VGG13BN / fc / dog-bird | budget 0.005 ---
[2026-09-02 20:27:55] === run start: CIFAR10_VGG13BN_fc_ours_dog-bird_b0.005_eps8_seed42_lam1_cosine_selAminusM_ce5_tgt3 on cuda [0] ===
[2026-09-02 20:27:55] args: {"FORCE": false, "attack": "fc", "base": "ours", "base_dist": "cosine", "base_topr": null, "budget": 0.005, "cache_dir": "/tmp/attack_if/cache", "class_pair": "dog-bird", "clean_baseline": true, "craft_alpha": 0.0039216, "craft_aug": true, "craft_batch": 256, "craft_ensemble": 5, "craft_lowmem": false, "craft_schedule": false, "craft_steps": 250, "data_path": "/tmp/data", "dataset": "CIFAR10", "dsa_strategy": "color_crop_cutout_flip_scale_rotate", "epsilon": 0.0313725, "fast_gradmatch": false, "fc_mode": "sample", "fc_restarts": 1, "gpus": "all", "jacobian_batch_size": 64, "jacobian_weight": 1.0, "lambda_margin": 1.0, "model": "VGG13BN", "no_resume": false, "num_poisons": 500, "num_surrogates": 20, "num_targets": 8, "num_victims": 5, "out_dir": "/tmp/attack_if/ours_result", "pair_order": "poison-target", "parallel_pretrain": true, "parallel_targets": true, "precompute_id": null, "precompute_only": false, "precompute_part": "both", "rank_on_victims": true, "recompute_deltas": false, "require_correct_target": false, "restarts": 8, "seed": 42, "sel_K": null, "sel_alpha": 1.0, "sel_component": "a-minus-m", "sel_criterion": null, "sel_dpp": false, "sel_filter": false, "sel_mmr": false, "sel_mode": null, "sel_model": null, "sel_mu": 1.0, "sel_pca": false, "sel_pool": 3.0, "sharp_mode": "worst", "sharp_samples": 20, "sharp_sigma": 0.05, "steal_timeout": 7200.0, "surrogate_aug": false, "surrogate_bs": 128, "surrogate_decay": [35, 45], "surrogate_epochs": 60, "surrogate_lr": 0.1, "surrogate_wd": 0.0, "target_idx_file": "target_sets/VGG13BN_fc_dog-bird.json", "target_select": 3, "use_jacobian_score": false, "victim_aug": false, "victim_bs": 125, "victim_decay": [40], "victim_epochs": 50, "victim_lr": 0.1, "victim_wd": 0.0}
[2026-09-02 20:27:55] Jacobian score: disabled
[2026-09-02 20:27:55] A-M component selector: raw components averaged over surrogates, then each used component standardized across candidates; batch_size=64
[2026-09-02 20:27:55] N_total=50000 budget=0.005 -> N_p=250 poisons, y_adv=5(dog) target_class=2(bird)
[2026-09-02 20:27:55] === surrogates (20 x VGG13BN, trained on the full real set) ===
[2026-09-02 20:27:56]   crafting on 5/20 surrogates
[2026-09-02 20:27:56] === clean victims (5 x VGG13BN) ===
[2026-09-02 20:27:58]   clean baseline CTA = 0.8451 +/- 0.0161
[2026-09-02 20:27:58]   target pool 1000 -> eligible 970 (30 already predicted as y_adv or dropped)
[2026-09-02 20:27:58]   chosen 8 targets (file), p_adv range 0.0196..0.2338
[2026-09-02 20:27:58]   targets: [3728, 5640, 6922, 7855, 2127, 7586, 7360, 2171]
[2026-09-02 20:27:58] === target 3728 (1/8) ===
[2026-09-02 20:27:59]   Jacobian score exact backend: torch.func JVP
[2026-09-02 20:28:17]   target 3728: crafted 250 poisons in 8 s, obj=0.00244
[2026-09-02 20:28:17]   target 3728: realized linf = 0.03137 (8.00/255), budget = 8.00/255
[2026-09-02 20:30:00]   [t3728 v1/5] SUCCESS (pred=dog) CTA=0.8551
[2026-09-02 20:31:41]   [t3728 v2/5] fail (pred=frog) CTA=0.8478
[2026-09-02 20:33:21]   [t3728 v3/5] SUCCESS (pred=dog) CTA=0.8551
[2026-09-02 20:35:01]   [t3728 v4/5] SUCCESS (pred=dog) CTA=0.8633
[2026-09-02 20:36:42]   [t3728 v5/5] fail (pred=deer) CTA=0.8541
[2026-09-02 20:36:42]   target 3728, 5 victims on this gpu: ASR=60.0% CTA=0.8551 +/- 0.0049
[2026-09-02 20:36:42] === target 5640 (2/8) ===
[2026-09-02 20:37:00]   target 5640: crafted 250 poisons in 8 s, obj=0.00209
[2026-09-02 20:37:00]   target 5640: realized linf = 0.03137 (8.00/255), budget = 8.00/255
[2026-09-02 20:38:42]   [t5640 v1/5] fail (pred=cat) CTA=0.8471
[2026-09-02 20:40:24]   [t5640 v2/5] SUCCESS (pred=dog) CTA=0.8499
[2026-09-02 20:42:07]   [t5640 v3/5] fail (pred=cat) CTA=0.8464
[2026-09-02 20:43:49]   [t5640 v4/5] SUCCESS (pred=dog) CTA=0.8616
[2026-09-02 20:45:31]   [t5640 v5/5] fail (pred=bird) CTA=0.8582
[2026-09-02 20:45:31]   target 5640, 5 victims on this gpu: ASR=40.0% CTA=0.8526 +/- 0.0061
[2026-09-02 20:45:31] === target 6922 (3/8) ===
[2026-09-02 20:45:48]   target 6922: crafted 250 poisons in 8 s, obj=0.00251
[2026-09-02 20:45:48]   target 6922: realized linf = 0.03137 (8.00/255), budget = 8.00/255
[2026-09-02 20:47:31]   [t6922 v1/5] SUCCESS (pred=dog) CTA=0.8573
[2026-09-02 20:49:12]   [t6922 v2/5] SUCCESS (pred=dog) CTA=0.8577
[2026-09-02 20:50:52]   [t6922 v3/5] SUCCESS (pred=dog) CTA=0.8537
[2026-09-02 20:52:33]   [t6922 v4/5] fail (pred=frog) CTA=0.8504
[2026-09-02 20:54:13]   [t6922 v5/5] SUCCESS (pred=dog) CTA=0.8541
[2026-09-02 20:54:13]   target 6922, 5 victims on this gpu: ASR=80.0% CTA=0.8546 +/- 0.0027
[2026-09-02 20:54:13] === target 7855 (4/8) ===
[2026-09-02 20:54:31]   target 7855: crafted 250 poisons in 8 s, obj=0.00244
[2026-09-02 20:54:31]   target 7855: realized linf = 0.03137 (8.00/255), budget = 8.00/255
[2026-09-02 20:56:14]   [t7855 v1/5] fail (pred=bird) CTA=0.8642
[2026-09-02 20:57:56]   [t7855 v2/5] SUCCESS (pred=dog) CTA=0.8544
[2026-09-02 20:59:38]   [t7855 v3/5] SUCCESS (pred=dog) CTA=0.8627
[2026-09-02 21:01:20]   [t7855 v4/5] fail (pred=bird) CTA=0.8668
[2026-09-02 21:03:01]   [t7855 v5/5] SUCCESS (pred=dog) CTA=0.8639
[2026-09-02 21:03:01]   target 7855, 5 victims on this gpu: ASR=60.0% CTA=0.8624 +/- 0.0042
[2026-09-02 21:03:01] === target 2127 (5/8) ===
[2026-09-02 21:03:19]   target 2127: crafted 250 poisons in 8 s, obj=0.00216
[2026-09-02 21:03:19]   target 2127: realized linf = 0.03137 (8.00/255), budget = 8.00/255
[2026-09-02 21:05:02]   [t2127 v1/5] SUCCESS (pred=dog) CTA=0.8606
[2026-09-02 21:06:44]   [t2127 v2/5] fail (pred=deer) CTA=0.8369
[2026-09-02 21:08:26]   [t2127 v3/5] SUCCESS (pred=dog) CTA=0.8602
[2026-09-02 21:10:08]   [t2127 v4/5] fail (pred=deer) CTA=0.8578
[2026-09-02 21:11:50]   [t2127 v5/5] SUCCESS (pred=dog) CTA=0.8601
[2026-09-02 21:11:50]   target 2127, 5 victims on this gpu: ASR=60.0% CTA=0.8551 +/- 0.0092
[2026-09-02 21:11:50] === target 7586 (6/8) ===
[2026-09-02 21:12:07]   target 7586: crafted 250 poisons in 8 s, obj=0.00220
[2026-09-02 21:12:07]   target 7586: realized linf = 0.03137 (8.00/255), budget = 8.00/255
[2026-09-02 21:13:50]   [t7586 v1/5] SUCCESS (pred=dog) CTA=0.8554
[2026-09-02 21:15:32]   [t7586 v2/5] fail (pred=cat) CTA=0.8624
[2026-09-02 21:17:14]   [t7586 v3/5] SUCCESS (pred=dog) CTA=0.8590
[2026-09-02 21:18:56]   [t7586 v4/5] fail (pred=bird) CTA=0.8595
[2026-09-02 21:20:38]   [t7586 v5/5] SUCCESS (pred=dog) CTA=0.8352
[2026-09-02 21:20:38]   target 7586, 5 victims on this gpu: ASR=60.0% CTA=0.8543 +/- 0.0098
[2026-09-02 21:20:38] === target 7360 (7/8) ===
[2026-09-02 21:20:55]   target 7360: crafted 250 poisons in 8 s, obj=0.00255
[2026-09-02 21:20:55]   target 7360: realized linf = 0.03137 (8.00/255), budget = 8.00/255
[2026-09-02 21:22:38]   [t7360 v1/5] fail (pred=bird) CTA=0.8660
[2026-09-02 21:24:20]   [t7360 v2/5] SUCCESS (pred=dog) CTA=0.8618
[2026-09-02 21:26:02]   [t7360 v3/5] SUCCESS (pred=dog) CTA=0.8645
[2026-09-02 21:27:44]   [t7360 v4/5] fail (pred=bird) CTA=0.8592
[2026-09-02 21:29:26]   [t7360 v5/5] fail (pred=bird) CTA=0.8401
[2026-09-02 21:29:26]   target 7360, 5 victims on this gpu: ASR=40.0% CTA=0.8583 +/- 0.0094
[2026-09-02 21:29:26] === target 2171 (8/8) ===
[2026-09-02 21:29:43]   target 2171: crafted 250 poisons in 8 s, obj=0.00249
[2026-09-02 21:29:43]   target 2171: realized linf = 0.03137 (8.00/255), budget = 8.00/255
[2026-09-02 21:31:26]   [t2171 v1/5] SUCCESS (pred=dog) CTA=0.8604
[2026-09-02 21:33:07]   [t2171 v2/5] SUCCESS (pred=dog) CTA=0.8623
[2026-09-02 21:34:47]   [t2171 v3/5] fail (pred=bird) CTA=0.8569
[2026-09-02 21:36:28]   [t2171 v4/5] fail (pred=bird) CTA=0.8360
[2026-09-02 21:38:09]   [t2171 v5/5] fail (pred=bird) CTA=0.8566
[2026-09-02 21:38:09]   target 2171, 5 victims on this gpu: ASR=40.0% CTA=0.8544 +/- 0.0095
[2026-09-02 21:38:09] ==== CIFAR10_VGG13BN_fc_ours_dog-bird_b0.005_eps8_seed42_lam1_cosine_selAminusM_ce5_tgt3 : ASR = 55.0% +/- 13.2% | CTA = 0.8559 (baseline 0.8451) ====
[2026-09-02 21:38:09]   target-prediction tally ['airplane', 'automobile', 'bird', 'cat', 'deer', 'dog', 'frog', 'horse', 'ship', 'truck']: [0, 0, 10, 3, 3, 22, 2, 0, 0, 0]

sync: preserving outputs in /home/mmoslem3/scratch/PoisonBase
sync: complete
