stage: optional directory absent: /home/mmoslem3/scratch/attack_if/ours_result/CIFAR10_VGG13BN_sapa_ours_dog-bird_b0.001_eps8_seed42_lam1_cosine_selMinusM_worst0.05_ce5_tgt50
job: 5194405 cmp30b_08_vgg13bn_sapa_db_b0001_minus_m on kn017
work: /tmp/attack_if
config: source /home/mmoslem3/ENV/bin/activate; SOURCE_ROOT=/home/mmoslem3/scratch/attack_if PERSIST_DATA_ROOT=/home/mmoslem3/scratch/data MODEL=VGG13BN ATTACK=sapa CLASS_PAIR=dog-bird BUDGETS=0.001 SELECT=minus-m NUM_TARGETS=8 NUM_VICTIMS=5 sh sel_dpp.sh
protocol: attack=8 targets x 5 victims
gpu: NVIDIA L40S
=== component ablation: -M | VGG13BN / sapa / dog-bird | sharp worst sigma=0.05 ===
    targets: pinned from target_sets/VGG13BN_gradmatch_dog-bird.json (same 10 the random-base run attacked)
    difficulty label tgt50   craft flags: --craft_lowmem --craft_batch 256 --fast_gradmatch
    component ablation: -M; needed raw components are averaged over surrogates, then standardized (batch=64)
    budgets: 0.001

--- minus-m | VGG13BN / sapa / dog-bird | sharp worst sigma=0.05 | budget 0.001 ---
[2026-09-02 23:01:39] === run start: CIFAR10_VGG13BN_sapa_ours_dog-bird_b0.001_eps8_seed42_lam1_cosine_selMinusM_worst0.05_ce5_tgt50 on cuda [0] ===
[2026-09-02 23:01:39] args: {"FORCE": false, "attack": "sapa", "base": "ours", "base_dist": "cosine", "base_topr": null, "budget": 0.001, "cache_dir": "/tmp/attack_if/cache", "class_pair": "dog-bird", "clean_baseline": true, "craft_alpha": 0.0039216, "craft_aug": true, "craft_batch": 256, "craft_ensemble": 5, "craft_lowmem": true, "craft_schedule": false, "craft_steps": 250, "data_path": "/tmp/data", "dataset": "CIFAR10", "dsa_strategy": "color_crop_cutout_flip_scale_rotate", "epsilon": 0.0313725, "fast_gradmatch": true, "fc_mode": "sample", "fc_restarts": 1, "gpus": "all", "jacobian_batch_size": 64, "jacobian_weight": 1.0, "lambda_margin": 1.0, "model": "VGG13BN", "no_resume": false, "num_poisons": 500, "num_surrogates": 20, "num_targets": 8, "num_victims": 5, "out_dir": "/tmp/attack_if/ours_result", "pair_order": "poison-target", "parallel_pretrain": true, "parallel_targets": true, "precompute_id": null, "precompute_only": false, "precompute_part": "both", "rank_on_victims": true, "recompute_deltas": false, "require_correct_target": false, "restarts": 8, "seed": 42, "sel_K": null, "sel_alpha": 1.0, "sel_component": "minus-m", "sel_criterion": null, "sel_dpp": false, "sel_filter": false, "sel_mmr": false, "sel_mode": null, "sel_model": null, "sel_mu": 1.0, "sel_pca": false, "sel_pool": 3.0, "sharp_mode": "worst", "sharp_samples": 20, "sharp_sigma": 0.05, "steal_timeout": 7200.0, "surrogate_aug": false, "surrogate_bs": 128, "surrogate_decay": [35, 45], "surrogate_epochs": 60, "surrogate_lr": 0.1, "surrogate_wd": 0.0, "target_idx_file": "target_sets/VGG13BN_gradmatch_dog-bird.json", "target_select": 50, "use_jacobian_score": false, "victim_aug": false, "victim_bs": 125, "victim_decay": [40], "victim_epochs": 50, "victim_lr": 0.1, "victim_wd": 0.0}
[2026-09-02 23:01:39] Jacobian score: disabled
[2026-09-02 23:01:39] -M component selector: raw components averaged over surrogates, then each used component standardized across candidates; batch_size=64
[2026-09-02 23:01:39] N_total=50000 budget=0.001 -> N_p=50 poisons, y_adv=5(dog) target_class=2(bird)
[2026-09-02 23:01:39] === surrogates (20 x VGG13BN, trained on the full real set) ===
[2026-09-02 23:01:41]   crafting on 5/20 surrogates
[2026-09-02 23:01:41] === clean victims (5 x VGG13BN) ===
[2026-09-02 23:01:43]   clean baseline CTA = 0.8451 +/- 0.0161
[2026-09-02 23:01:43]   target pool 1000 -> eligible 970 (30 already predicted as y_adv or dropped)
[2026-09-02 23:01:43]   chosen 8 targets (file), p_adv range 0.0000..0.0000
[2026-09-02 23:01:43]   targets: [630, 409, 2270, 9870, 1656, 5022, 9090, 6033]
[2026-09-02 23:01:43] === target 630 (1/8) ===
[2026-09-02 23:04:07]   target 630: crafted 50 poisons in 142 s, obj=0.30820
[2026-09-02 23:04:07]   target 630: realized linf = 0.03137 (8.00/255), budget = 8.00/255
[2026-09-02 23:05:48]   [t630 v1/5] SUCCESS (pred=dog) CTA=0.8601
[2026-09-02 23:07:28]   [t630 v2/5] SUCCESS (pred=dog) CTA=0.8425
[2026-09-02 23:09:08]   [t630 v3/5] SUCCESS (pred=dog) CTA=0.8548
[2026-09-02 23:10:48]   [t630 v4/5] SUCCESS (pred=dog) CTA=0.8537
[2026-09-02 23:12:28]   [t630 v5/5] SUCCESS (pred=dog) CTA=0.8496
[2026-09-02 23:12:28]   target 630, 5 victims on this gpu: ASR=100.0% CTA=0.8521 +/- 0.0059
[2026-09-02 23:12:28] === target 409 (2/8) ===
[2026-09-02 23:14:55]   target 409: crafted 50 poisons in 144 s, obj=0.29599
[2026-09-02 23:14:55]   target 409: realized linf = 0.03137 (8.00/255), budget = 8.00/255
[2026-09-02 23:16:36]   [t409 v1/5] SUCCESS (pred=dog) CTA=0.8540
[2026-09-02 23:18:16]   [t409 v2/5] SUCCESS (pred=dog) CTA=0.8443
[2026-09-02 23:19:57]   [t409 v3/5] fail (pred=bird) CTA=0.8557
[2026-09-02 23:21:38]   [t409 v4/5] SUCCESS (pred=dog) CTA=0.8517
[2026-09-02 23:23:18]   [t409 v5/5] SUCCESS (pred=dog) CTA=0.8469
[2026-09-02 23:23:18]   target 409, 5 victims on this gpu: ASR=80.0% CTA=0.8505 +/- 0.0043
[2026-09-02 23:23:18] === target 2270 (3/8) ===
[2026-09-02 23:25:50]   target 2270: crafted 50 poisons in 149 s, obj=0.30424
[2026-09-02 23:25:50]   target 2270: realized linf = 0.03137 (8.00/255), budget = 8.00/255
[2026-09-02 23:27:31]   [t2270 v1/5] fail (pred=bird) CTA=0.8599
[2026-09-02 23:29:11]   [t2270 v2/5] SUCCESS (pred=dog) CTA=0.8479
[2026-09-02 23:30:52]   [t2270 v3/5] SUCCESS (pred=dog) CTA=0.8473
[2026-09-02 23:32:32]   [t2270 v4/5] SUCCESS (pred=dog) CTA=0.8631
[2026-09-02 23:34:12]   [t2270 v5/5] SUCCESS (pred=dog) CTA=0.8548
[2026-09-02 23:34:12]   target 2270, 5 victims on this gpu: ASR=80.0% CTA=0.8546 +/- 0.0063
[2026-09-02 23:34:12] === target 9870 (4/8) ===
[2026-09-02 23:36:41]   target 9870: crafted 50 poisons in 147 s, obj=0.29739
[2026-09-02 23:36:41]   target 9870: realized linf = 0.03137 (8.00/255), budget = 8.00/255
[2026-09-02 23:38:23]   [t9870 v1/5] fail (pred=bird) CTA=0.8569
[2026-09-02 23:40:03]   [t9870 v2/5] fail (pred=bird) CTA=0.8458
[2026-09-02 23:41:44]   [t9870 v3/5] fail (pred=bird) CTA=0.8577
[2026-09-02 23:43:24]   [t9870 v4/5] SUCCESS (pred=dog) CTA=0.8488
[2026-09-02 23:45:05]   [t9870 v5/5] SUCCESS (pred=dog) CTA=0.8534
[2026-09-02 23:45:05]   target 9870, 5 victims on this gpu: ASR=40.0% CTA=0.8525 +/- 0.0046
[2026-09-02 23:45:05] === target 1656 (5/8) ===
[2026-09-02 23:47:36]   target 1656: crafted 50 poisons in 149 s, obj=0.28329
[2026-09-02 23:47:36]   target 1656: realized linf = 0.03137 (8.00/255), budget = 8.00/255
[2026-09-02 23:49:18]   [t1656 v1/5] SUCCESS (pred=dog) CTA=0.8445
[2026-09-02 23:50:58]   [t1656 v2/5] SUCCESS (pred=dog) CTA=0.8460
[2026-09-02 23:52:38]   [t1656 v3/5] fail (pred=cat) CTA=0.8534
[2026-09-02 23:54:18]   [t1656 v4/5] SUCCESS (pred=dog) CTA=0.8642
[2026-09-02 23:55:59]   [t1656 v5/5] SUCCESS (pred=dog) CTA=0.8516
[2026-09-02 23:55:59]   target 1656, 5 victims on this gpu: ASR=80.0% CTA=0.8519 +/- 0.0070
[2026-09-02 23:55:59] === target 5022 (6/8) ===
[2026-09-02 23:58:28]   target 5022: crafted 50 poisons in 147 s, obj=0.28458
[2026-09-02 23:58:28]   target 5022: realized linf = 0.03137 (8.00/255), budget = 8.00/255
[2026-09-03 00:00:09]   [t5022 v1/5] SUCCESS (pred=dog) CTA=0.8569
[2026-09-03 00:01:49]   [t5022 v2/5] fail (pred=bird) CTA=0.8610
[2026-09-03 00:03:30]   [t5022 v3/5] SUCCESS (pred=dog) CTA=0.8539
[2026-09-03 00:05:10]   [t5022 v4/5] SUCCESS (pred=dog) CTA=0.8595
[2026-09-03 00:06:50]   [t5022 v5/5] SUCCESS (pred=dog) CTA=0.8575
[2026-09-03 00:06:50]   target 5022, 5 victims on this gpu: ASR=80.0% CTA=0.8578 +/- 0.0024
[2026-09-03 00:06:50] === target 9090 (7/8) ===
[2026-09-03 00:09:21]   target 9090: crafted 50 poisons in 149 s, obj=0.26381
[2026-09-03 00:09:21]   target 9090: realized linf = 0.03137 (8.00/255), budget = 8.00/255
[2026-09-03 00:11:03]   [t9090 v1/5] SUCCESS (pred=dog) CTA=0.8592
[2026-09-03 00:12:43]   [t9090 v2/5] SUCCESS (pred=dog) CTA=0.8585
[2026-09-03 00:14:24]   [t9090 v3/5] SUCCESS (pred=dog) CTA=0.8539
[2026-09-03 00:16:04]   [t9090 v4/5] fail (pred=bird) CTA=0.8538
[2026-09-03 00:17:44]   [t9090 v5/5] SUCCESS (pred=dog) CTA=0.8561
[2026-09-03 00:17:44]   target 9090, 5 victims on this gpu: ASR=80.0% CTA=0.8563 +/- 0.0022
[2026-09-03 00:17:44] === target 6033 (8/8) ===
[2026-09-03 00:20:13]   target 6033: crafted 50 poisons in 147 s, obj=0.24632
[2026-09-03 00:20:13]   target 6033: realized linf = 0.03137 (8.00/255), budget = 8.00/255
[2026-09-03 00:21:54]   [t6033 v1/5] SUCCESS (pred=dog) CTA=0.8442
[2026-09-03 00:23:35]   [t6033 v2/5] SUCCESS (pred=dog) CTA=0.8641
[2026-09-03 00:25:15]   [t6033 v3/5] SUCCESS (pred=dog) CTA=0.8543
[2026-09-03 00:26:55]   [t6033 v4/5] SUCCESS (pred=dog) CTA=0.8708
[2026-09-03 00:28:36]   [t6033 v5/5] SUCCESS (pred=dog) CTA=0.8603
[2026-09-03 00:28:36]   target 6033, 5 victims on this gpu: ASR=100.0% CTA=0.8587 +/- 0.0090
[2026-09-03 00:28:36] ==== CIFAR10_VGG13BN_sapa_ours_dog-bird_b0.001_eps8_seed42_lam1_cosine_selMinusM_worst0.05_ce5_tgt50 : ASR = 80.0% +/- 17.3% | CTA = 0.8543 (baseline 0.8451) ====
[2026-09-03 00:28:36]   target-prediction tally ['airplane', 'automobile', 'bird', 'cat', 'deer', 'dog', 'frog', 'horse', 'ship', 'truck']: [0, 0, 7, 1, 0, 32, 0, 0, 0, 0]

sync: preserving outputs in /home/mmoslem3/scratch/attack_if
sync: complete
