stage: optional directory absent: /home/mmoslem3/scratch/PoisonBase/ours_result/CIFAR10_ResNet20BN_fc_ours_dog-bird_b0.005_eps8_seed42_lam1_cosine_selMinusMtimesR_ce5_tgt10
job: 769969 cmp30_07_resnet20bn_fc_db_b0005_minus_m_times_r on rack07-01
work: /tmp/attack_if
config: SOURCE_ROOT=/home/mmoslem3/scratch/PoisonBase PERSIST_DATA_ROOT=/home/mmoslem3/scratch/PoisonBase/data MODEL=ResNet20BN ATTACK=fc CLASS_PAIR=dog-bird BUDGETS=0.005 SELECT=minus-m-times-r NUM_TARGETS=8 NUM_VICTIMS=5 sh sel_dpp.sh
protocol: attack=8 targets x 5 victims
gpu: NVIDIA L40S
=== component ablation: (-M)*R | ResNet20BN / fc / dog-bird ===
    targets: pinned from target_sets/ResNet20BN_fc_dog-bird.json (same 10 the random-base run attacked)
    difficulty label tgt10   craft flags: none
    component ablation: (-M)*R; needed raw components are averaged over surrogates, then standardized (batch=64)
    budgets: 0.005

--- minus-m-times-r | ResNet20BN / fc / dog-bird | budget 0.005 ---
[2026-09-02 20:23:31] === run start: CIFAR10_ResNet20BN_fc_ours_dog-bird_b0.005_eps8_seed42_lam1_cosine_selMinusMtimesR_ce5_tgt10 on cuda [0] ===
[2026-09-02 20:23:31] args: {"FORCE": false, "attack": "fc", "base": "ours", "base_dist": "cosine", "base_topr": null, "budget": 0.005, "cache_dir": "/tmp/attack_if/cache", "class_pair": "dog-bird", "clean_baseline": true, "craft_alpha": 0.0039216, "craft_aug": true, "craft_batch": 256, "craft_ensemble": 5, "craft_lowmem": false, "craft_schedule": false, "craft_steps": 250, "data_path": "/tmp/data", "dataset": "CIFAR10", "dsa_strategy": "color_crop_cutout_flip_scale_rotate", "epsilon": 0.0313725, "fast_gradmatch": false, "fc_mode": "sample", "fc_restarts": 1, "gpus": "all", "jacobian_batch_size": 64, "jacobian_weight": 1.0, "lambda_margin": 1.0, "model": "ResNet20BN", "no_resume": false, "num_poisons": 500, "num_surrogates": 20, "num_targets": 8, "num_victims": 5, "out_dir": "/tmp/attack_if/ours_result", "pair_order": "poison-target", "parallel_pretrain": true, "parallel_targets": true, "precompute_id": null, "precompute_only": false, "precompute_part": "both", "rank_on_victims": true, "recompute_deltas": false, "require_correct_target": false, "restarts": 8, "seed": 42, "sel_K": null, "sel_alpha": 1.0, "sel_component": "minus-m-times-r", "sel_criterion": null, "sel_dpp": false, "sel_filter": false, "sel_mmr": false, "sel_mode": null, "sel_model": null, "sel_mu": 1.0, "sel_pca": false, "sel_pool": 3.0, "sharp_mode": "worst", "sharp_samples": 20, "sharp_sigma": 0.05, "steal_timeout": 7200.0, "surrogate_aug": false, "surrogate_bs": 128, "surrogate_decay": [35, 45], "surrogate_epochs": 60, "surrogate_lr": 0.1, "surrogate_wd": 0.0, "target_idx_file": "target_sets/ResNet20BN_fc_dog-bird.json", "target_select": 10, "use_jacobian_score": false, "victim_aug": false, "victim_bs": 125, "victim_decay": [40], "victim_epochs": 50, "victim_lr": 0.1, "victim_wd": 0.0}
[2026-09-02 20:23:31] Jacobian score: disabled
[2026-09-02 20:23:31] (-M)*R component selector: raw components averaged over surrogates, then each used component standardized across candidates; batch_size=64
[2026-09-02 20:23:31] N_total=50000 budget=0.005 -> N_p=250 poisons, y_adv=5(dog) target_class=2(bird)
[2026-09-02 20:23:31] === surrogates (20 x ResNet20BN, trained on the full real set) ===
[2026-09-02 20:23:31]   crafting on 5/20 surrogates
[2026-09-02 20:23:31] === clean victims (5 x ResNet20BN) ===
[2026-09-02 20:23:32]   clean baseline CTA = 0.8350 +/- 0.0046
[2026-09-02 20:23:33]   target pool 1000 -> eligible 976 (24 already predicted as y_adv or dropped)
[2026-09-02 20:23:33]   chosen 8 targets (file), p_adv range 0.0001..0.2213
[2026-09-02 20:23:33]   targets: [3495, 2903, 6697, 2315, 2312, 6353, 4421, 2242]
[2026-09-02 20:23:33] === target 3495 (1/8) ===
[2026-09-02 20:23:41]   target 3495: crafted 250 poisons in 5 s, obj=0.01595
[2026-09-02 20:23:41]   target 3495: realized linf = 0.03137 (8.00/255), budget = 8.00/255
[2026-09-02 20:25:17]   [t3495 v1/5] fail (pred=bird) CTA=0.8410
[2026-09-02 20:26:53]   [t3495 v2/5] fail (pred=bird) CTA=0.8287
[2026-09-02 20:28:28]   [t3495 v3/5] fail (pred=bird) CTA=0.8322
[2026-09-02 20:30:04]   [t3495 v4/5] fail (pred=deer) CTA=0.8331
[2026-09-02 20:31:39]   [t3495 v5/5] SUCCESS (pred=dog) CTA=0.8346
[2026-09-02 20:31:39]   target 3495, 5 victims on this gpu: ASR=20.0% CTA=0.8339 +/- 0.0040
[2026-09-02 20:31:39] === target 2903 (2/8) ===
[2026-09-02 20:31:48]   target 2903: crafted 250 poisons in 5 s, obj=0.02389
[2026-09-02 20:31:48]   target 2903: realized linf = 0.03137 (8.00/255), budget = 8.00/255
[2026-09-02 20:33:23]   [t2903 v1/5] fail (pred=bird) CTA=0.8388
[2026-09-02 20:34:59]   [t2903 v2/5] fail (pred=bird) CTA=0.8391
[2026-09-02 20:36:35]   [t2903 v3/5] fail (pred=bird) CTA=0.8432
[2026-09-02 20:38:10]   [t2903 v4/5] fail (pred=bird) CTA=0.8322
[2026-09-02 20:39:46]   [t2903 v5/5] fail (pred=bird) CTA=0.8404
[2026-09-02 20:39:46]   target 2903, 5 victims on this gpu: ASR=0.0% CTA=0.8387 +/- 0.0036
[2026-09-02 20:39:46] === target 6697 (3/8) ===
[2026-09-02 20:39:54]   target 6697: crafted 250 poisons in 5 s, obj=0.02080
[2026-09-02 20:39:54]   target 6697: realized linf = 0.03137 (8.00/255), budget = 8.00/255
[2026-09-02 20:41:30]   [t6697 v1/5] SUCCESS (pred=dog) CTA=0.8321
[2026-09-02 20:43:05]   [t6697 v2/5] fail (pred=horse) CTA=0.8450
[2026-09-02 20:44:41]   [t6697 v3/5] SUCCESS (pred=dog) CTA=0.8365
[2026-09-02 20:46:16]   [t6697 v4/5] fail (pred=horse) CTA=0.8388
[2026-09-02 20:47:52]   [t6697 v5/5] fail (pred=horse) CTA=0.8384
[2026-09-02 20:47:52]   target 6697, 5 victims on this gpu: ASR=40.0% CTA=0.8382 +/- 0.0042
[2026-09-02 20:47:52] === target 2315 (4/8) ===
[2026-09-02 20:48:00]   target 2315: crafted 250 poisons in 5 s, obj=0.02430
[2026-09-02 20:48:00]   target 2315: realized linf = 0.03137 (8.00/255), budget = 8.00/255
[2026-09-02 20:49:36]   [t2315 v1/5] fail (pred=bird) CTA=0.8410
[2026-09-02 20:51:11]   [t2315 v2/5] fail (pred=bird) CTA=0.8377
[2026-09-02 20:52:47]   [t2315 v3/5] fail (pred=bird) CTA=0.8359
[2026-09-02 20:54:22]   [t2315 v4/5] fail (pred=bird) CTA=0.8377
[2026-09-02 20:55:58]   [t2315 v5/5] fail (pred=bird) CTA=0.8406
[2026-09-02 20:55:58]   target 2315, 5 victims on this gpu: ASR=0.0% CTA=0.8386 +/- 0.0019
[2026-09-02 20:55:58] === target 2312 (5/8) ===
[2026-09-02 20:56:06]   target 2312: crafted 250 poisons in 5 s, obj=0.01857
[2026-09-02 20:56:06]   target 2312: realized linf = 0.03137 (8.00/255), budget = 8.00/255
[2026-09-02 20:57:41]   [t2312 v1/5] fail (pred=bird) CTA=0.8386
[2026-09-02 20:59:17]   [t2312 v2/5] fail (pred=bird) CTA=0.8370
[2026-09-02 21:00:53]   [t2312 v3/5] fail (pred=frog) CTA=0.8333
[2026-09-02 21:02:28]   [t2312 v4/5] fail (pred=bird) CTA=0.8356
[2026-09-02 21:04:04]   [t2312 v5/5] fail (pred=bird) CTA=0.8339
[2026-09-02 21:04:04]   target 2312, 5 victims on this gpu: ASR=0.0% CTA=0.8357 +/- 0.0020
[2026-09-02 21:04:04] === target 6353 (6/8) ===
[2026-09-02 21:04:12]   target 6353: crafted 250 poisons in 5 s, obj=0.02549
[2026-09-02 21:04:12]   target 6353: realized linf = 0.03137 (8.00/255), budget = 8.00/255
[2026-09-02 21:05:48]   [t6353 v1/5] fail (pred=airplane) CTA=0.8333
[2026-09-02 21:07:23]   [t6353 v2/5] fail (pred=bird) CTA=0.8428
[2026-09-02 21:08:59]   [t6353 v3/5] fail (pred=bird) CTA=0.8422
[2026-09-02 21:10:34]   [t6353 v4/5] fail (pred=bird) CTA=0.8445
[2026-09-02 21:12:10]   [t6353 v5/5] fail (pred=cat) CTA=0.8343
[2026-09-02 21:12:10]   target 6353, 5 victims on this gpu: ASR=0.0% CTA=0.8394 +/- 0.0047
[2026-09-02 21:12:10] === target 4421 (7/8) ===
[2026-09-02 21:12:18]   target 4421: crafted 250 poisons in 5 s, obj=0.02286
[2026-09-02 21:12:18]   target 4421: realized linf = 0.03137 (8.00/255), budget = 8.00/255
[2026-09-02 21:13:54]   [t4421 v1/5] fail (pred=bird) CTA=0.8353
[2026-09-02 21:15:29]   [t4421 v2/5] fail (pred=bird) CTA=0.8294
[2026-09-02 21:17:05]   [t4421 v3/5] SUCCESS (pred=dog) CTA=0.8352
[2026-09-02 21:18:40]   [t4421 v4/5] fail (pred=bird) CTA=0.8347
[2026-09-02 21:20:16]   [t4421 v5/5] fail (pred=bird) CTA=0.8324
[2026-09-02 21:20:16]   target 4421, 5 victims on this gpu: ASR=20.0% CTA=0.8334 +/- 0.0023
[2026-09-02 21:20:16] === target 2242 (8/8) ===
[2026-09-02 21:20:24]   target 2242: crafted 250 poisons in 5 s, obj=0.02077
[2026-09-02 21:20:24]   target 2242: realized linf = 0.03137 (8.00/255), budget = 8.00/255
[2026-09-02 21:21:59]   [t2242 v1/5] fail (pred=cat) CTA=0.8315
[2026-09-02 21:23:35]   [t2242 v2/5] fail (pred=cat) CTA=0.8452
[2026-09-02 21:25:10]   [t2242 v3/5] SUCCESS (pred=dog) CTA=0.8393
[2026-09-02 21:26:46]   [t2242 v4/5] SUCCESS (pred=dog) CTA=0.8387
[2026-09-02 21:28:21]   [t2242 v5/5] fail (pred=cat) CTA=0.8370
[2026-09-02 21:28:21]   target 2242, 5 victims on this gpu: ASR=40.0% CTA=0.8383 +/- 0.0044
[2026-09-02 21:28:21] ==== CIFAR10_ResNet20BN_fc_ours_dog-bird_b0.005_eps8_seed42_lam1_cosine_selMinusMtimesR_ce5_tgt10 : ASR = 15.0% +/- 16.6% | CTA = 0.8370 (baseline 0.8350) ====
[2026-09-02 21:28:21]   target-prediction tally ['airplane', 'automobile', 'bird', 'cat', 'deer', 'dog', 'frog', 'horse', 'ship', 'truck']: [1, 0, 24, 4, 1, 6, 1, 3, 0, 0]

sync: preserving outputs in /home/mmoslem3/scratch/PoisonBase
sync: complete
