stage: optional directory absent: /home/mmoslem3/scratch/PoisonBase/ours_result/CIFAR10_ConvNetBN_sapa_ours_dog-bird_b0.01_eps8_seed42_lam1_cosine_selA_worst0.05_ce5_tgt70
job: 769996 cmp30_12_convnetbn_sapa_db_b001_a on rack01-07
work: /tmp/attack_if
config: SOURCE_ROOT=/home/mmoslem3/scratch/PoisonBase PERSIST_DATA_ROOT=/home/mmoslem3/scratch/PoisonBase/data MODEL=ConvNetBN ATTACK=sapa CLASS_PAIR=dog-bird BUDGETS=0.01 SELECT=a NUM_TARGETS=8 NUM_VICTIMS=5 sh sel_dpp.sh
protocol: attack=8 targets x 5 victims
gpu: NVIDIA L40S
=== component ablation: A | ConvNetBN / sapa / dog-bird | sharp worst sigma=0.05 ===
    targets: pinned from target_sets/ConvNetBN_gradmatch_dog-bird.json (same 10 the random-base run attacked)
    difficulty label tgt70   craft flags: none
    component ablation: A; needed raw components are averaged over surrogates, then standardized (batch=64)
    budgets: 0.01

--- a | ConvNetBN / sapa / dog-bird | sharp worst sigma=0.05 | budget 0.01 ---
[2026-09-02 20:33:55] === run start: CIFAR10_ConvNetBN_sapa_ours_dog-bird_b0.01_eps8_seed42_lam1_cosine_selA_worst0.05_ce5_tgt70 on cuda [0] ===
[2026-09-02 20:33:55] args: {"FORCE": false, "attack": "sapa", "base": "ours", "base_dist": "cosine", "base_topr": null, "budget": 0.01, "cache_dir": "/tmp/attack_if/cache", "class_pair": "dog-bird", "clean_baseline": true, "craft_alpha": 0.0039216, "craft_aug": true, "craft_batch": 256, "craft_ensemble": 5, "craft_lowmem": false, "craft_schedule": false, "craft_steps": 250, "data_path": "/tmp/data", "dataset": "CIFAR10", "dsa_strategy": "color_crop_cutout_flip_scale_rotate", "epsilon": 0.0313725, "fast_gradmatch": false, "fc_mode": "sample", "fc_restarts": 1, "gpus": "all", "jacobian_batch_size": 64, "jacobian_weight": 1.0, "lambda_margin": 1.0, "model": "ConvNetBN", "no_resume": false, "num_poisons": 500, "num_surrogates": 20, "num_targets": 8, "num_victims": 5, "out_dir": "/tmp/attack_if/ours_result", "pair_order": "poison-target", "parallel_pretrain": true, "parallel_targets": true, "precompute_id": null, "precompute_only": false, "precompute_part": "both", "rank_on_victims": true, "recompute_deltas": false, "require_correct_target": false, "restarts": 8, "seed": 42, "sel_K": null, "sel_alpha": 1.0, "sel_component": "a", "sel_criterion": null, "sel_dpp": false, "sel_filter": false, "sel_mmr": false, "sel_mode": null, "sel_model": null, "sel_mu": 1.0, "sel_pca": false, "sel_pool": 3.0, "sharp_mode": "worst", "sharp_samples": 20, "sharp_sigma": 0.05, "steal_timeout": 7200.0, "surrogate_aug": false, "surrogate_bs": 128, "surrogate_decay": [35, 45], "surrogate_epochs": 60, "surrogate_lr": 0.1, "surrogate_wd": 0.0, "target_idx_file": "target_sets/ConvNetBN_gradmatch_dog-bird.json", "target_select": 70, "use_jacobian_score": false, "victim_aug": false, "victim_bs": 125, "victim_decay": [40], "victim_epochs": 50, "victim_lr": 0.1, "victim_wd": 0.0}
[2026-09-02 20:33:55] Jacobian score: disabled
[2026-09-02 20:33:55] A component selector: raw components averaged over surrogates, then each used component standardized across candidates; batch_size=64
[2026-09-02 20:33:55] N_total=50000 budget=0.01 -> N_p=500 poisons, y_adv=5(dog) target_class=2(bird)
[2026-09-02 20:33:55] === surrogates (20 x ConvNetBN, trained on the full real set) ===
[2026-09-02 20:33:55]   crafting on 5/20 surrogates
[2026-09-02 20:33:55] === clean victims (5 x ConvNetBN) ===
[2026-09-02 20:33:56]   clean baseline CTA = 0.8120 +/- 0.0079
[2026-09-02 20:33:56]   target pool 1000 -> eligible 964 (36 already predicted as y_adv or dropped)
[2026-09-02 20:33:56]   chosen 8 targets (file), p_adv range 0.0000..0.0000
[2026-09-02 20:33:56]   targets: [843, 1257, 8252, 8730, 8055, 5859, 8954, 821]
[2026-09-02 20:33:56] === target 843 (1/8) ===
[2026-09-02 20:33:56]   Jacobian score exact backend: torch.func JVP
[2026-09-02 20:42:35]   target 843: crafted 500 poisons in 516 s, obj=0.28418
[2026-09-02 20:42:35]   target 843: realized linf = 0.03137 (8.00/255), budget = 8.00/255
[2026-09-02 20:43:27]   [t843 v1/5] SUCCESS (pred=dog) CTA=0.8156
[2026-09-02 20:44:17]   [t843 v2/5] SUCCESS (pred=dog) CTA=0.8068
[2026-09-02 20:45:07]   [t843 v3/5] SUCCESS (pred=dog) CTA=0.8101
[2026-09-02 20:45:57]   [t843 v4/5] SUCCESS (pred=dog) CTA=0.8079
[2026-09-02 20:46:47]   [t843 v5/5] SUCCESS (pred=dog) CTA=0.7989
[2026-09-02 20:46:47]   target 843, 5 victims on this gpu: ASR=100.0% CTA=0.8079 +/- 0.0054
[2026-09-02 20:46:47] === target 1257 (2/8) ===
[2026-09-02 20:55:26]   target 1257: crafted 500 poisons in 515 s, obj=0.24799
[2026-09-02 20:55:26]   target 1257: realized linf = 0.03137 (8.00/255), budget = 8.00/255
[2026-09-02 20:56:17]   [t1257 v1/5] SUCCESS (pred=dog) CTA=0.8027
[2026-09-02 20:57:08]   [t1257 v2/5] SUCCESS (pred=dog) CTA=0.8065
[2026-09-02 20:57:58]   [t1257 v3/5] SUCCESS (pred=dog) CTA=0.8164
[2026-09-02 20:58:49]   [t1257 v4/5] SUCCESS (pred=dog) CTA=0.8042
[2026-09-02 20:59:39]   [t1257 v5/5] fail (pred=bird) CTA=0.8011
[2026-09-02 20:59:39]   target 1257, 5 victims on this gpu: ASR=80.0% CTA=0.8062 +/- 0.0054
[2026-09-02 20:59:39] === target 8252 (3/8) ===
[2026-09-02 21:08:18]   target 8252: crafted 500 poisons in 515 s, obj=0.22359
[2026-09-02 21:08:18]   target 8252: realized linf = 0.03137 (8.00/255), budget = 8.00/255
[2026-09-02 21:09:09]   [t8252 v1/5] SUCCESS (pred=dog) CTA=0.8036
[2026-09-02 21:10:00]   [t8252 v2/5] SUCCESS (pred=dog) CTA=0.8130
[2026-09-02 21:10:50]   [t8252 v3/5] SUCCESS (pred=dog) CTA=0.8010
[2026-09-02 21:11:40]   [t8252 v4/5] SUCCESS (pred=dog) CTA=0.7936
[2026-09-02 21:12:30]   [t8252 v5/5] SUCCESS (pred=dog) CTA=0.7896
[2026-09-02 21:12:30]   target 8252, 5 victims on this gpu: ASR=100.0% CTA=0.8002 +/- 0.0081
[2026-09-02 21:12:30] === target 8730 (4/8) ===
[2026-09-02 21:21:08]   target 8730: crafted 500 poisons in 515 s, obj=0.24211
[2026-09-02 21:21:08]   target 8730: realized linf = 0.03137 (8.00/255), budget = 8.00/255
[2026-09-02 21:22:00]   [t8730 v1/5] fail (pred=bird) CTA=0.8163
[2026-09-02 21:22:50]   [t8730 v2/5] SUCCESS (pred=dog) CTA=0.8138
[2026-09-02 21:23:40]   [t8730 v3/5] SUCCESS (pred=dog) CTA=0.8136
[2026-09-02 21:24:30]   [t8730 v4/5] SUCCESS (pred=dog) CTA=0.7996
[2026-09-02 21:25:20]   [t8730 v5/5] fail (pred=bird) CTA=0.8051
[2026-09-02 21:25:20]   target 8730, 5 victims on this gpu: ASR=60.0% CTA=0.8097 +/- 0.0063
[2026-09-02 21:25:20] === target 8055 (5/8) ===
[2026-09-02 21:33:58]   target 8055: crafted 500 poisons in 515 s, obj=0.27110
[2026-09-02 21:33:58]   target 8055: realized linf = 0.03137 (8.00/255), budget = 8.00/255
[2026-09-02 21:34:49]   [t8055 v1/5] SUCCESS (pred=dog) CTA=0.8081
[2026-09-02 21:35:40]   [t8055 v2/5] SUCCESS (pred=dog) CTA=0.8076
[2026-09-02 21:36:30]   [t8055 v3/5] SUCCESS (pred=dog) CTA=0.8153
[2026-09-02 21:37:20]   [t8055 v4/5] SUCCESS (pred=dog) CTA=0.7977
[2026-09-02 21:38:10]   [t8055 v5/5] SUCCESS (pred=dog) CTA=0.8132
[2026-09-02 21:38:10]   target 8055, 5 victims on this gpu: ASR=100.0% CTA=0.8084 +/- 0.0061
[2026-09-02 21:38:10] === target 5859 (6/8) ===
[2026-09-02 21:46:49]   target 5859: crafted 500 poisons in 515 s, obj=0.22960
[2026-09-02 21:46:49]   target 5859: realized linf = 0.03137 (8.00/255), budget = 8.00/255
[2026-09-02 21:47:40]   [t5859 v1/5] SUCCESS (pred=dog) CTA=0.8041
[2026-09-02 21:48:30]   [t5859 v2/5] SUCCESS (pred=dog) CTA=0.8081
[2026-09-02 21:49:20]   [t5859 v3/5] SUCCESS (pred=dog) CTA=0.8048
[2026-09-02 21:50:10]   [t5859 v4/5] SUCCESS (pred=dog) CTA=0.8052
[2026-09-02 21:51:00]   [t5859 v5/5] SUCCESS (pred=dog) CTA=0.8088
[2026-09-02 21:51:00]   target 5859, 5 victims on this gpu: ASR=100.0% CTA=0.8062 +/- 0.0019
[2026-09-02 21:51:00] === target 8954 (7/8) ===
[2026-09-02 21:59:41]   target 8954: crafted 500 poisons in 517 s, obj=0.22019
[2026-09-02 21:59:41]   target 8954: realized linf = 0.03137 (8.00/255), budget = 8.00/255
[2026-09-02 22:00:32]   [t8954 v1/5] SUCCESS (pred=dog) CTA=0.8000
[2026-09-02 22:01:22]   [t8954 v2/5] SUCCESS (pred=dog) CTA=0.8051
[2026-09-02 22:02:12]   [t8954 v3/5] fail (pred=deer) CTA=0.8105
[2026-09-02 22:03:02]   [t8954 v4/5] SUCCESS (pred=dog) CTA=0.7979
[2026-09-02 22:03:52]   [t8954 v5/5] SUCCESS (pred=dog) CTA=0.8100
[2026-09-02 22:03:52]   target 8954, 5 victims on this gpu: ASR=80.0% CTA=0.8047 +/- 0.0051
[2026-09-02 22:03:52] === target 821 (8/8) ===
[2026-09-02 22:12:33]   target 821: crafted 500 poisons in 517 s, obj=0.29372
[2026-09-02 22:12:33]   target 821: realized linf = 0.03137 (8.00/255), budget = 8.00/255
[2026-09-02 22:13:24]   [t821 v1/5] SUCCESS (pred=dog) CTA=0.8098
[2026-09-02 22:14:14]   [t821 v2/5] SUCCESS (pred=dog) CTA=0.8152
[2026-09-02 22:15:04]   [t821 v3/5] SUCCESS (pred=dog) CTA=0.8015
[2026-09-02 22:15:54]   [t821 v4/5] SUCCESS (pred=dog) CTA=0.8126
[2026-09-02 22:16:44]   [t821 v5/5] SUCCESS (pred=dog) CTA=0.8025
[2026-09-02 22:16:44]   target 821, 5 victims on this gpu: ASR=100.0% CTA=0.8083 +/- 0.0054
[2026-09-02 22:16:44] ==== CIFAR10_ConvNetBN_sapa_ours_dog-bird_b0.01_eps8_seed42_lam1_cosine_selA_worst0.05_ce5_tgt70 : ASR = 90.0% +/- 14.1% | CTA = 0.8064 (baseline 0.8120) ====
[2026-09-02 22:16:44]   target-prediction tally ['airplane', 'automobile', 'bird', 'cat', 'deer', 'dog', 'frog', 'horse', 'ship', 'truck']: [0, 0, 3, 0, 1, 36, 0, 0, 0, 0]

sync: preserving outputs in /home/mmoslem3/scratch/PoisonBase
sync: complete
