stage: optional directory absent: /home/mmoslem3/scratch/PoisonBase/ours_result/CIFAR10_ConvNetBN_sapa_ours_dog-bird_b0.01_eps8_seed42_lam1_cosine_selAplusR_worst0.05_ce5_tgt70
job: 769998 cmp30_12_convnetbn_sapa_db_b001_a_plus_r on rack04-05
work: /tmp/attack_if
config: SOURCE_ROOT=/home/mmoslem3/scratch/PoisonBase PERSIST_DATA_ROOT=/home/mmoslem3/scratch/PoisonBase/data MODEL=ConvNetBN ATTACK=sapa CLASS_PAIR=dog-bird BUDGETS=0.01 SELECT=a-plus-r NUM_TARGETS=8 NUM_VICTIMS=5 sh sel_dpp.sh
protocol: attack=8 targets x 5 victims
gpu: NVIDIA L40S
=== component ablation: A+R | ConvNetBN / sapa / dog-bird | sharp worst sigma=0.05 ===
    targets: pinned from target_sets/ConvNetBN_gradmatch_dog-bird.json (same 10 the random-base run attacked)
    difficulty label tgt70   craft flags: none
    component ablation: A+R; needed raw components are averaged over surrogates, then standardized (batch=64)
    budgets: 0.01

--- a-plus-r | ConvNetBN / sapa / dog-bird | sharp worst sigma=0.05 | budget 0.01 ---
[2026-09-02 20:36:59] === run start: CIFAR10_ConvNetBN_sapa_ours_dog-bird_b0.01_eps8_seed42_lam1_cosine_selAplusR_worst0.05_ce5_tgt70 on cuda [0] ===
[2026-09-02 20:36:59] args: {"FORCE": false, "attack": "sapa", "base": "ours", "base_dist": "cosine", "base_topr": null, "budget": 0.01, "cache_dir": "/tmp/attack_if/cache", "class_pair": "dog-bird", "clean_baseline": true, "craft_alpha": 0.0039216, "craft_aug": true, "craft_batch": 256, "craft_ensemble": 5, "craft_lowmem": false, "craft_schedule": false, "craft_steps": 250, "data_path": "/tmp/data", "dataset": "CIFAR10", "dsa_strategy": "color_crop_cutout_flip_scale_rotate", "epsilon": 0.0313725, "fast_gradmatch": false, "fc_mode": "sample", "fc_restarts": 1, "gpus": "all", "jacobian_batch_size": 64, "jacobian_weight": 1.0, "lambda_margin": 1.0, "model": "ConvNetBN", "no_resume": false, "num_poisons": 500, "num_surrogates": 20, "num_targets": 8, "num_victims": 5, "out_dir": "/tmp/attack_if/ours_result", "pair_order": "poison-target", "parallel_pretrain": true, "parallel_targets": true, "precompute_id": null, "precompute_only": false, "precompute_part": "both", "rank_on_victims": true, "recompute_deltas": false, "require_correct_target": false, "restarts": 8, "seed": 42, "sel_K": null, "sel_alpha": 1.0, "sel_component": "a-plus-r", "sel_criterion": null, "sel_dpp": false, "sel_filter": false, "sel_mmr": false, "sel_mode": null, "sel_model": null, "sel_mu": 1.0, "sel_pca": false, "sel_pool": 3.0, "sharp_mode": "worst", "sharp_samples": 20, "sharp_sigma": 0.05, "steal_timeout": 7200.0, "surrogate_aug": false, "surrogate_bs": 128, "surrogate_decay": [35, 45], "surrogate_epochs": 60, "surrogate_lr": 0.1, "surrogate_wd": 0.0, "target_idx_file": "target_sets/ConvNetBN_gradmatch_dog-bird.json", "target_select": 70, "use_jacobian_score": false, "victim_aug": false, "victim_bs": 125, "victim_decay": [40], "victim_epochs": 50, "victim_lr": 0.1, "victim_wd": 0.0}
[2026-09-02 20:36:59] Jacobian score: disabled
[2026-09-02 20:36:59] A+R component selector: raw components averaged over surrogates, then each used component standardized across candidates; batch_size=64
[2026-09-02 20:36:59] N_total=50000 budget=0.01 -> N_p=500 poisons, y_adv=5(dog) target_class=2(bird)
[2026-09-02 20:36:59] === surrogates (20 x ConvNetBN, trained on the full real set) ===
[2026-09-02 20:36:59]   crafting on 5/20 surrogates
[2026-09-02 20:36:59] === clean victims (5 x ConvNetBN) ===
[2026-09-02 20:37:00]   clean baseline CTA = 0.8120 +/- 0.0079
[2026-09-02 20:37:00]   target pool 1000 -> eligible 964 (36 already predicted as y_adv or dropped)
[2026-09-02 20:37:00]   chosen 8 targets (file), p_adv range 0.0000..0.0000
[2026-09-02 20:37:00]   targets: [843, 1257, 8252, 8730, 8055, 5859, 8954, 821]
[2026-09-02 20:37:00] === target 843 (1/8) ===
[2026-09-02 20:37:00]   Jacobian score exact backend: torch.func JVP
[2026-09-02 20:45:39]   target 843: crafted 500 poisons in 515 s, obj=0.27493
[2026-09-02 20:45:39]   target 843: realized linf = 0.03137 (8.00/255), budget = 8.00/255
[2026-09-02 20:46:31]   [t843 v1/5] SUCCESS (pred=dog) CTA=0.8064
[2026-09-02 20:47:21]   [t843 v2/5] SUCCESS (pred=dog) CTA=0.8081
[2026-09-02 20:48:11]   [t843 v3/5] SUCCESS (pred=dog) CTA=0.8084
[2026-09-02 20:49:01]   [t843 v4/5] SUCCESS (pred=dog) CTA=0.8157
[2026-09-02 20:49:51]   [t843 v5/5] SUCCESS (pred=dog) CTA=0.8036
[2026-09-02 20:49:51]   target 843, 5 victims on this gpu: ASR=100.0% CTA=0.8084 +/- 0.0040
[2026-09-02 20:49:51] === target 1257 (2/8) ===
[2026-09-02 20:58:29]   target 1257: crafted 500 poisons in 514 s, obj=0.23501
[2026-09-02 20:58:29]   target 1257: realized linf = 0.03137 (8.00/255), budget = 8.00/255
[2026-09-02 20:59:21]   [t1257 v1/5] SUCCESS (pred=dog) CTA=0.7973
[2026-09-02 21:00:11]   [t1257 v2/5] SUCCESS (pred=dog) CTA=0.8079
[2026-09-02 21:01:02]   [t1257 v3/5] SUCCESS (pred=dog) CTA=0.8122
[2026-09-02 21:01:52]   [t1257 v4/5] SUCCESS (pred=dog) CTA=0.8063
[2026-09-02 21:02:42]   [t1257 v5/5] SUCCESS (pred=dog) CTA=0.8033
[2026-09-02 21:02:42]   target 1257, 5 victims on this gpu: ASR=100.0% CTA=0.8054 +/- 0.0050
[2026-09-02 21:02:42] === target 8252 (3/8) ===
[2026-09-02 21:11:21]   target 8252: crafted 500 poisons in 515 s, obj=0.22401
[2026-09-02 21:11:21]   target 8252: realized linf = 0.03137 (8.00/255), budget = 8.00/255
[2026-09-02 21:12:12]   [t8252 v1/5] SUCCESS (pred=dog) CTA=0.8031
[2026-09-02 21:13:02]   [t8252 v2/5] SUCCESS (pred=dog) CTA=0.8209
[2026-09-02 21:13:52]   [t8252 v3/5] SUCCESS (pred=dog) CTA=0.8051
[2026-09-02 21:14:42]   [t8252 v4/5] SUCCESS (pred=dog) CTA=0.7982
[2026-09-02 21:15:32]   [t8252 v5/5] SUCCESS (pred=dog) CTA=0.7963
[2026-09-02 21:15:32]   target 8252, 5 victims on this gpu: ASR=100.0% CTA=0.8047 +/- 0.0087
[2026-09-02 21:15:32] === target 8730 (4/8) ===
[2026-09-02 21:24:10]   target 8730: crafted 500 poisons in 515 s, obj=0.23402
[2026-09-02 21:24:10]   target 8730: realized linf = 0.03137 (8.00/255), budget = 8.00/255
[2026-09-02 21:25:01]   [t8730 v1/5] SUCCESS (pred=dog) CTA=0.8122
[2026-09-02 21:25:52]   [t8730 v2/5] fail (pred=bird) CTA=0.8129
[2026-09-02 21:26:42]   [t8730 v3/5] SUCCESS (pred=dog) CTA=0.8179
[2026-09-02 21:27:32]   [t8730 v4/5] SUCCESS (pred=dog) CTA=0.8081
[2026-09-02 21:28:22]   [t8730 v5/5] SUCCESS (pred=dog) CTA=0.7973
[2026-09-02 21:28:22]   target 8730, 5 victims on this gpu: ASR=80.0% CTA=0.8097 +/- 0.0069
[2026-09-02 21:28:22] === target 8055 (5/8) ===
[2026-09-02 21:37:00]   target 8055: crafted 500 poisons in 515 s, obj=0.26278
[2026-09-02 21:37:00]   target 8055: realized linf = 0.03137 (8.00/255), budget = 8.00/255
[2026-09-02 21:37:52]   [t8055 v1/5] fail (pred=bird) CTA=0.8090
[2026-09-02 21:38:42]   [t8055 v2/5] SUCCESS (pred=dog) CTA=0.8057
[2026-09-02 21:39:33]   [t8055 v3/5] SUCCESS (pred=dog) CTA=0.8100
[2026-09-02 21:40:23]   [t8055 v4/5] SUCCESS (pred=dog) CTA=0.7980
[2026-09-02 21:41:14]   [t8055 v5/5] SUCCESS (pred=dog) CTA=0.8159
[2026-09-02 21:41:14]   target 8055, 5 victims on this gpu: ASR=80.0% CTA=0.8077 +/- 0.0059
[2026-09-02 21:41:14] === target 5859 (6/8) ===
[2026-09-02 21:49:53]   target 5859: crafted 500 poisons in 516 s, obj=0.22966
[2026-09-02 21:49:53]   target 5859: realized linf = 0.03137 (8.00/255), budget = 8.00/255
[2026-09-02 21:50:44]   [t5859 v1/5] SUCCESS (pred=dog) CTA=0.8073
[2026-09-02 21:51:34]   [t5859 v2/5] SUCCESS (pred=dog) CTA=0.8080
[2026-09-02 21:52:24]   [t5859 v3/5] SUCCESS (pred=dog) CTA=0.8018
[2026-09-02 21:53:14]   [t5859 v4/5] SUCCESS (pred=dog) CTA=0.8028
[2026-09-02 21:54:04]   [t5859 v5/5] SUCCESS (pred=dog) CTA=0.8021
[2026-09-02 21:54:04]   target 5859, 5 victims on this gpu: ASR=100.0% CTA=0.8044 +/- 0.0027
[2026-09-02 21:54:04] === target 8954 (7/8) ===
[2026-09-02 22:02:45]   target 8954: crafted 500 poisons in 517 s, obj=0.21378
[2026-09-02 22:02:45]   target 8954: realized linf = 0.03137 (8.00/255), budget = 8.00/255
[2026-09-02 22:03:36]   [t8954 v1/5] SUCCESS (pred=dog) CTA=0.8014
[2026-09-02 22:04:26]   [t8954 v2/5] SUCCESS (pred=dog) CTA=0.8039
[2026-09-02 22:05:16]   [t8954 v3/5] SUCCESS (pred=dog) CTA=0.8124
[2026-09-02 22:06:06]   [t8954 v4/5] SUCCESS (pred=dog) CTA=0.8014
[2026-09-02 22:06:56]   [t8954 v5/5] SUCCESS (pred=dog) CTA=0.8046
[2026-09-02 22:06:56]   target 8954, 5 victims on this gpu: ASR=100.0% CTA=0.8047 +/- 0.0040
[2026-09-02 22:06:56] === target 821 (8/8) ===
[2026-09-02 22:15:36]   target 821: crafted 500 poisons in 517 s, obj=0.27947
[2026-09-02 22:15:36]   target 821: realized linf = 0.03137 (8.00/255), budget = 8.00/255
[2026-09-02 22:16:27]   [t821 v1/5] SUCCESS (pred=dog) CTA=0.8113
[2026-09-02 22:17:17]   [t821 v2/5] SUCCESS (pred=dog) CTA=0.8145
[2026-09-02 22:18:07]   [t821 v3/5] SUCCESS (pred=dog) CTA=0.7983
[2026-09-02 22:18:57]   [t821 v4/5] fail (pred=bird) CTA=0.8132
[2026-09-02 22:19:47]   [t821 v5/5] SUCCESS (pred=dog) CTA=0.8006
[2026-09-02 22:19:47]   target 821, 5 victims on this gpu: ASR=80.0% CTA=0.8076 +/- 0.0068
[2026-09-02 22:19:47] ==== CIFAR10_ConvNetBN_sapa_ours_dog-bird_b0.01_eps8_seed42_lam1_cosine_selAplusR_worst0.05_ce5_tgt70 : ASR = 92.5% +/- 9.7% | CTA = 0.8066 (baseline 0.8120) ====
[2026-09-02 22:19:47]   target-prediction tally ['airplane', 'automobile', 'bird', 'cat', 'deer', 'dog', 'frog', 'horse', 'ship', 'truck']: [0, 0, 3, 0, 0, 37, 0, 0, 0, 0]

sync: preserving outputs in /home/mmoslem3/scratch/PoisonBase
sync: complete
