stage: optional directory absent: /home/mmoslem3/scratch/attack_if/ours_result/CIFAR10_VGG13BN_fc_ours_dog-bird_b0.001_eps8_seed42_lam1_cosine_selMinusM_ce5_tgt3
job: 5194400 cmp30b_03_vgg13bn_fc_db_b0001_minus_m on kn114
work: /tmp/attack_if
config: source /home/mmoslem3/ENV/bin/activate; SOURCE_ROOT=/home/mmoslem3/scratch/attack_if PERSIST_DATA_ROOT=/home/mmoslem3/scratch/data MODEL=VGG13BN ATTACK=fc CLASS_PAIR=dog-bird BUDGETS=0.001 SELECT=minus-m NUM_TARGETS=8 NUM_VICTIMS=5 sh sel_dpp.sh
protocol: attack=8 targets x 5 victims
gpu: NVIDIA L40S
=== component ablation: -M | VGG13BN / fc / dog-bird ===
    targets: pinned from target_sets/VGG13BN_fc_dog-bird.json (same 10 the random-base run attacked)
    difficulty label tgt3   craft flags: none
    component ablation: -M; needed raw components are averaged over surrogates, then standardized (batch=64)
    budgets: 0.001

--- minus-m | VGG13BN / fc / dog-bird | budget 0.001 ---
[2026-09-02 22:59:37] === run start: CIFAR10_VGG13BN_fc_ours_dog-bird_b0.001_eps8_seed42_lam1_cosine_selMinusM_ce5_tgt3 on cuda [0] ===
[2026-09-02 22:59:37] args: {"FORCE": false, "attack": "fc", "base": "ours", "base_dist": "cosine", "base_topr": null, "budget": 0.001, "cache_dir": "/tmp/attack_if/cache", "class_pair": "dog-bird", "clean_baseline": true, "craft_alpha": 0.0039216, "craft_aug": true, "craft_batch": 256, "craft_ensemble": 5, "craft_lowmem": false, "craft_schedule": false, "craft_steps": 250, "data_path": "/tmp/data", "dataset": "CIFAR10", "dsa_strategy": "color_crop_cutout_flip_scale_rotate", "epsilon": 0.0313725, "fast_gradmatch": false, "fc_mode": "sample", "fc_restarts": 1, "gpus": "all", "jacobian_batch_size": 64, "jacobian_weight": 1.0, "lambda_margin": 1.0, "model": "VGG13BN", "no_resume": false, "num_poisons": 500, "num_surrogates": 20, "num_targets": 8, "num_victims": 5, "out_dir": "/tmp/attack_if/ours_result", "pair_order": "poison-target", "parallel_pretrain": true, "parallel_targets": true, "precompute_id": null, "precompute_only": false, "precompute_part": "both", "rank_on_victims": true, "recompute_deltas": false, "require_correct_target": false, "restarts": 8, "seed": 42, "sel_K": null, "sel_alpha": 1.0, "sel_component": "minus-m", "sel_criterion": null, "sel_dpp": false, "sel_filter": false, "sel_mmr": false, "sel_mode": null, "sel_model": null, "sel_mu": 1.0, "sel_pca": false, "sel_pool": 3.0, "sharp_mode": "worst", "sharp_samples": 20, "sharp_sigma": 0.05, "steal_timeout": 7200.0, "surrogate_aug": false, "surrogate_bs": 128, "surrogate_decay": [35, 45], "surrogate_epochs": 60, "surrogate_lr": 0.1, "surrogate_wd": 0.0, "target_idx_file": "target_sets/VGG13BN_fc_dog-bird.json", "target_select": 3, "use_jacobian_score": false, "victim_aug": false, "victim_bs": 125, "victim_decay": [40], "victim_epochs": 50, "victim_lr": 0.1, "victim_wd": 0.0}
[2026-09-02 22:59:37] Jacobian score: disabled
[2026-09-02 22:59:37] -M component selector: raw components averaged over surrogates, then each used component standardized across candidates; batch_size=64
[2026-09-02 22:59:37] N_total=50000 budget=0.001 -> N_p=50 poisons, y_adv=5(dog) target_class=2(bird)
[2026-09-02 22:59:37] === surrogates (20 x VGG13BN, trained on the full real set) ===
[2026-09-02 22:59:39]   crafting on 5/20 surrogates
[2026-09-02 22:59:39] === clean victims (5 x VGG13BN) ===
[2026-09-02 22:59:41]   clean baseline CTA = 0.8451 +/- 0.0161
[2026-09-02 22:59:41]   target pool 1000 -> eligible 970 (30 already predicted as y_adv or dropped)
[2026-09-02 22:59:41]   chosen 8 targets (file), p_adv range 0.0196..0.2338
[2026-09-02 22:59:41]   targets: [3728, 5640, 6922, 7855, 2127, 7586, 7360, 2171]
[2026-09-02 22:59:41] === target 3728 (1/8) ===
[2026-09-02 22:59:47]   target 3728: crafted 50 poisons in 3 s, obj=0.00255
[2026-09-02 22:59:47]   target 3728: realized linf = 0.03137 (8.00/255), budget = 8.00/255
[2026-09-02 23:01:27]   [t3728 v1/5] fail (pred=deer) CTA=0.8516
[2026-09-02 23:03:07]   [t3728 v2/5] fail (pred=deer) CTA=0.8463
[2026-09-02 23:04:46]   [t3728 v3/5] fail (pred=cat) CTA=0.8498
[2026-09-02 23:06:26]   [t3728 v4/5] fail (pred=bird) CTA=0.8479
[2026-09-02 23:08:05]   [t3728 v5/5] fail (pred=cat) CTA=0.8592
[2026-09-02 23:08:06]   target 3728, 5 victims on this gpu: ASR=0.0% CTA=0.8510 +/- 0.0045
[2026-09-02 23:08:06] === target 5640 (2/8) ===
[2026-09-02 23:08:11]   target 5640: crafted 50 poisons in 3 s, obj=0.00203
[2026-09-02 23:08:11]   target 5640: realized linf = 0.03137 (8.00/255), budget = 8.00/255
[2026-09-02 23:09:51]   [t5640 v1/5] fail (pred=bird) CTA=0.8359
[2026-09-02 23:11:30]   [t5640 v2/5] SUCCESS (pred=dog) CTA=0.8558
[2026-09-02 23:13:10]   [t5640 v3/5] fail (pred=bird) CTA=0.8434
[2026-09-02 23:14:49]   [t5640 v4/5] SUCCESS (pred=dog) CTA=0.8575
[2026-09-02 23:16:29]   [t5640 v5/5] fail (pred=cat) CTA=0.8659
[2026-09-02 23:16:29]   target 5640, 5 victims on this gpu: ASR=40.0% CTA=0.8517 +/- 0.0107
[2026-09-02 23:16:29] === target 6922 (3/8) ===
[2026-09-02 23:16:34]   target 6922: crafted 50 poisons in 3 s, obj=0.00246
[2026-09-02 23:16:34]   target 6922: realized linf = 0.03137 (8.00/255), budget = 8.00/255
[2026-09-02 23:18:14]   [t6922 v1/5] SUCCESS (pred=dog) CTA=0.8592
[2026-09-02 23:19:53]   [t6922 v2/5] fail (pred=frog) CTA=0.8594
[2026-09-02 23:21:33]   [t6922 v3/5] SUCCESS (pred=dog) CTA=0.8584
[2026-09-02 23:23:12]   [t6922 v4/5] SUCCESS (pred=dog) CTA=0.8536
[2026-09-02 23:24:52]   [t6922 v5/5] fail (pred=bird) CTA=0.8309
[2026-09-02 23:24:52]   target 6922, 5 victims on this gpu: ASR=60.0% CTA=0.8523 +/- 0.0109
[2026-09-02 23:24:52] === target 7855 (4/8) ===
[2026-09-02 23:24:57]   target 7855: crafted 50 poisons in 3 s, obj=0.00251
[2026-09-02 23:24:57]   target 7855: realized linf = 0.03137 (8.00/255), budget = 8.00/255
[2026-09-02 23:26:37]   [t7855 v1/5] SUCCESS (pred=dog) CTA=0.8623
[2026-09-02 23:28:16]   [t7855 v2/5] fail (pred=bird) CTA=0.8542
[2026-09-02 23:29:55]   [t7855 v3/5] fail (pred=bird) CTA=0.8661
[2026-09-02 23:31:35]   [t7855 v4/5] fail (pred=bird) CTA=0.8545
[2026-09-02 23:33:14]   [t7855 v5/5] SUCCESS (pred=dog) CTA=0.8620
[2026-09-02 23:33:14]   target 7855, 5 victims on this gpu: ASR=40.0% CTA=0.8598 +/- 0.0047
[2026-09-02 23:33:14] === target 2127 (5/8) ===
[2026-09-02 23:33:20]   target 2127: crafted 50 poisons in 3 s, obj=0.00213
[2026-09-02 23:33:20]   target 2127: realized linf = 0.03137 (8.00/255), budget = 8.00/255
[2026-09-02 23:34:59]   [t2127 v1/5] fail (pred=deer) CTA=0.8649
[2026-09-02 23:36:39]   [t2127 v2/5] fail (pred=cat) CTA=0.8383
[2026-09-02 23:38:18]   [t2127 v3/5] fail (pred=deer) CTA=0.8537
[2026-09-02 23:39:58]   [t2127 v4/5] fail (pred=deer) CTA=0.8501
[2026-09-02 23:41:37]   [t2127 v5/5] fail (pred=cat) CTA=0.8634
[2026-09-02 23:41:37]   target 2127, 5 victims on this gpu: ASR=0.0% CTA=0.8541 +/- 0.0097
[2026-09-02 23:41:37] === target 7586 (6/8) ===
[2026-09-02 23:41:43]   target 7586: crafted 50 poisons in 3 s, obj=0.00212
[2026-09-02 23:41:43]   target 7586: realized linf = 0.03137 (8.00/255), budget = 8.00/255
[2026-09-02 23:43:22]   [t7586 v1/5] fail (pred=bird) CTA=0.8549
[2026-09-02 23:45:02]   [t7586 v2/5] fail (pred=cat) CTA=0.8628
[2026-09-02 23:46:41]   [t7586 v3/5] SUCCESS (pred=dog) CTA=0.8631
[2026-09-02 23:48:20]   [t7586 v4/5] fail (pred=bird) CTA=0.8613
[2026-09-02 23:49:59]   [t7586 v5/5] fail (pred=bird) CTA=0.8570
[2026-09-02 23:49:59]   target 7586, 5 victims on this gpu: ASR=20.0% CTA=0.8598 +/- 0.0033
[2026-09-02 23:49:59] === target 7360 (7/8) ===
[2026-09-02 23:50:05]   target 7360: crafted 50 poisons in 3 s, obj=0.00243
[2026-09-02 23:50:05]   target 7360: realized linf = 0.03137 (8.00/255), budget = 8.00/255
[2026-09-02 23:51:45]   [t7360 v1/5] SUCCESS (pred=dog) CTA=0.8629
[2026-09-02 23:53:24]   [t7360 v2/5] fail (pred=bird) CTA=0.8557
[2026-09-02 23:55:04]   [t7360 v3/5] SUCCESS (pred=dog) CTA=0.8669
[2026-09-02 23:56:43]   [t7360 v4/5] fail (pred=bird) CTA=0.8657
[2026-09-02 23:58:23]   [t7360 v5/5] fail (pred=bird) CTA=0.8414
[2026-09-02 23:58:23]   target 7360, 5 victims on this gpu: ASR=40.0% CTA=0.8585 +/- 0.0094
[2026-09-02 23:58:23] === target 2171 (8/8) ===
[2026-09-02 23:58:28]   target 2171: crafted 50 poisons in 3 s, obj=0.00278
[2026-09-02 23:58:28]   target 2171: realized linf = 0.03137 (8.00/255), budget = 8.00/255
[2026-09-03 00:00:08]   [t2171 v1/5] fail (pred=bird) CTA=0.8481
[2026-09-03 00:01:47]   [t2171 v2/5] fail (pred=bird) CTA=0.8579
[2026-09-03 00:03:26]   [t2171 v3/5] fail (pred=bird) CTA=0.8588
[2026-09-03 00:05:06]   [t2171 v4/5] SUCCESS (pred=dog) CTA=0.8380
[2026-09-03 00:06:45]   [t2171 v5/5] fail (pred=cat) CTA=0.8443
[2026-09-03 00:06:45]   target 2171, 5 victims on this gpu: ASR=20.0% CTA=0.8494 +/- 0.0080
[2026-09-03 00:06:45] ==== CIFAR10_VGG13BN_fc_ours_dog-bird_b0.001_eps8_seed42_lam1_cosine_selMinusM_ce5_tgt3 : ASR = 27.5% +/- 19.8% | CTA = 0.8546 (baseline 0.8451) ====
[2026-09-03 00:06:45]   target-prediction tally ['airplane', 'automobile', 'bird', 'cat', 'deer', 'dog', 'frog', 'horse', 'ship', 'truck']: [0, 0, 16, 7, 5, 11, 1, 0, 0, 0]

sync: preserving outputs in /home/mmoslem3/scratch/attack_if
sync: complete
