stage: optional directory absent: /home/mmoslem3/scratch/attack_if/ours_result/CIFAR10_ConvNetBN_gradmatch_ours_frog-airplane_b0.005_eps8_seed42_lam1_cosine_selMinusM_ce5_tgt35
job: 5194422 cmp30b_25_convnetbn_gm_fa_b0005_minus_m on kn031
work: /tmp/attack_if
config: source /home/mmoslem3/ENV/bin/activate; SOURCE_ROOT=/home/mmoslem3/scratch/attack_if PERSIST_DATA_ROOT=/home/mmoslem3/scratch/data MODEL=ConvNetBN ATTACK=gradmatch CLASS_PAIR=frog-airplane BUDGETS=0.005 SELECT=minus-m NUM_TARGETS=8 NUM_VICTIMS=5 sh sel_dpp.sh
protocol: attack=8 targets x 5 victims
gpu: NVIDIA L40S
=== component ablation: -M | ConvNetBN / gradmatch / frog-airplane ===
    targets: pinned from target_sets/ConvNetBN_gradmatch_frog-airplane.json (same 10 the random-base run attacked)
    difficulty label tgt35   craft flags: none
    component ablation: -M; needed raw components are averaged over surrogates, then standardized (batch=64)
    budgets: 0.005

--- minus-m | ConvNetBN / gradmatch / frog-airplane | budget 0.005 ---
[2026-09-02 23:15:09] === run start: CIFAR10_ConvNetBN_gradmatch_ours_frog-airplane_b0.005_eps8_seed42_lam1_cosine_selMinusM_ce5_tgt35 on cuda [0] ===
[2026-09-02 23:15:09] args: {"FORCE": false, "attack": "gradmatch", "base": "ours", "base_dist": "cosine", "base_topr": null, "budget": 0.005, "cache_dir": "/tmp/attack_if/cache", "class_pair": "frog-airplane", "clean_baseline": true, "craft_alpha": 0.0039216, "craft_aug": true, "craft_batch": 256, "craft_ensemble": 5, "craft_lowmem": false, "craft_schedule": false, "craft_steps": 250, "data_path": "/tmp/data", "dataset": "CIFAR10", "dsa_strategy": "color_crop_cutout_flip_scale_rotate", "epsilon": 0.0313725, "fast_gradmatch": false, "fc_mode": "sample", "fc_restarts": 1, "gpus": "all", "jacobian_batch_size": 64, "jacobian_weight": 1.0, "lambda_margin": 1.0, "model": "ConvNetBN", "no_resume": false, "num_poisons": 500, "num_surrogates": 20, "num_targets": 8, "num_victims": 5, "out_dir": "/tmp/attack_if/ours_result", "pair_order": "poison-target", "parallel_pretrain": true, "parallel_targets": true, "precompute_id": null, "precompute_only": false, "precompute_part": "both", "rank_on_victims": true, "recompute_deltas": false, "require_correct_target": false, "restarts": 8, "seed": 42, "sel_K": null, "sel_alpha": 1.0, "sel_component": "minus-m", "sel_criterion": null, "sel_dpp": false, "sel_filter": false, "sel_mmr": false, "sel_mode": null, "sel_model": null, "sel_mu": 1.0, "sel_pca": false, "sel_pool": 3.0, "sharp_mode": "worst", "sharp_samples": 20, "sharp_sigma": 0.05, "steal_timeout": 7200.0, "surrogate_aug": false, "surrogate_bs": 128, "surrogate_decay": [35, 45], "surrogate_epochs": 60, "surrogate_lr": 0.1, "surrogate_wd": 0.0, "target_idx_file": "target_sets/ConvNetBN_gradmatch_frog-airplane.json", "target_select": 35, "use_jacobian_score": false, "victim_aug": false, "victim_bs": 125, "victim_decay": [40], "victim_epochs": 50, "victim_lr": 0.1, "victim_wd": 0.0}
[2026-09-02 23:15:09] Jacobian score: disabled
[2026-09-02 23:15:09] -M component selector: raw components averaged over surrogates, then each used component standardized across candidates; batch_size=64
[2026-09-02 23:15:09] N_total=50000 budget=0.005 -> N_p=250 poisons, y_adv=6(frog) target_class=0(airplane)
[2026-09-02 23:15:09] === surrogates (20 x ConvNetBN, trained on the full real set) ===
[2026-09-02 23:15:09]   crafting on 5/20 surrogates
[2026-09-02 23:15:09] === clean victims (5 x ConvNetBN) ===
[2026-09-02 23:15:10]   clean baseline CTA = 0.8105 +/- 0.0070
[2026-09-02 23:15:10]   target pool 1000 -> eligible 993 (7 already predicted as y_adv or dropped)
[2026-09-02 23:15:10]   chosen 8 targets (file), p_adv range 0.0000..0.0000
[2026-09-02 23:15:10]   targets: [496, 2087, 8941, 9820, 3825, 1796, 2548, 6437]
[2026-09-02 23:15:10] === target 496 (1/8) ===
[2026-09-02 23:19:15]   target 496: crafted 250 poisons in 243 s, obj=0.30187
[2026-09-02 23:19:15]   target 496: realized linf = 0.03137 (8.00/255), budget = 8.00/255
[2026-09-02 23:20:06]   [t496 v1/5] fail (pred=airplane) CTA=0.7926
[2026-09-02 23:20:56]   [t496 v2/5] fail (pred=airplane) CTA=0.7996
[2026-09-02 23:21:45]   [t496 v3/5] fail (pred=automobile) CTA=0.8033
[2026-09-02 23:22:35]   [t496 v4/5] fail (pred=airplane) CTA=0.8035
[2026-09-02 23:23:25]   [t496 v5/5] fail (pred=airplane) CTA=0.8145
[2026-09-02 23:23:25]   target 496, 5 victims on this gpu: ASR=0.0% CTA=0.8027 +/- 0.0071
[2026-09-02 23:23:25] === target 2087 (2/8) ===
[2026-09-02 23:27:28]   target 2087: crafted 250 poisons in 242 s, obj=0.30788
[2026-09-02 23:27:28]   target 2087: realized linf = 0.03137 (8.00/255), budget = 8.00/255
[2026-09-02 23:28:18]   [t2087 v1/5] fail (pred=airplane) CTA=0.8116
[2026-09-02 23:29:08]   [t2087 v2/5] fail (pred=airplane) CTA=0.7999
[2026-09-02 23:29:58]   [t2087 v3/5] fail (pred=airplane) CTA=0.7921
[2026-09-02 23:30:48]   [t2087 v4/5] fail (pred=airplane) CTA=0.8018
[2026-09-02 23:31:38]   [t2087 v5/5] fail (pred=airplane) CTA=0.7980
[2026-09-02 23:31:38]   target 2087, 5 victims on this gpu: ASR=0.0% CTA=0.8007 +/- 0.0064
[2026-09-02 23:31:38] === target 8941 (3/8) ===
[2026-09-02 23:35:41]   target 8941: crafted 250 poisons in 242 s, obj=0.37863
[2026-09-02 23:35:41]   target 8941: realized linf = 0.03137 (8.00/255), budget = 8.00/255
[2026-09-02 23:36:32]   [t8941 v1/5] fail (pred=airplane) CTA=0.8054
[2026-09-02 23:37:22]   [t8941 v2/5] fail (pred=airplane) CTA=0.7470
[2026-09-02 23:38:11]   [t8941 v3/5] fail (pred=airplane) CTA=0.8098
[2026-09-02 23:39:01]   [t8941 v4/5] fail (pred=airplane) CTA=0.8075
[2026-09-02 23:39:51]   [t8941 v5/5] fail (pred=airplane) CTA=0.8041
[2026-09-02 23:39:51]   target 8941, 5 victims on this gpu: ASR=0.0% CTA=0.7948 +/- 0.0240
[2026-09-02 23:39:51] === target 9820 (4/8) ===
[2026-09-02 23:43:53]   target 9820: crafted 250 poisons in 241 s, obj=0.32702
[2026-09-02 23:43:53]   target 9820: realized linf = 0.03137 (8.00/255), budget = 8.00/255
[2026-09-02 23:44:43]   [t9820 v1/5] fail (pred=airplane) CTA=0.7940
[2026-09-02 23:45:33]   [t9820 v2/5] fail (pred=ship) CTA=0.8001
[2026-09-02 23:46:23]   [t9820 v3/5] fail (pred=truck) CTA=0.8002
[2026-09-02 23:47:13]   [t9820 v4/5] fail (pred=truck) CTA=0.8059
[2026-09-02 23:48:03]   [t9820 v5/5] fail (pred=airplane) CTA=0.8167
[2026-09-02 23:48:03]   target 9820, 5 victims on this gpu: ASR=0.0% CTA=0.8034 +/- 0.0077
[2026-09-02 23:48:03] === target 3825 (5/8) ===
[2026-09-02 23:52:05]   target 3825: crafted 250 poisons in 241 s, obj=0.53512
[2026-09-02 23:52:05]   target 3825: realized linf = 0.03137 (8.00/255), budget = 8.00/255
[2026-09-02 23:52:55]   [t3825 v1/5] fail (pred=airplane) CTA=0.8118
[2026-09-02 23:53:45]   [t3825 v2/5] fail (pred=airplane) CTA=0.8142
[2026-09-02 23:54:35]   [t3825 v3/5] fail (pred=airplane) CTA=0.8141
[2026-09-02 23:55:25]   [t3825 v4/5] fail (pred=airplane) CTA=0.8146
[2026-09-02 23:56:15]   [t3825 v5/5] fail (pred=airplane) CTA=0.8022
[2026-09-02 23:56:15]   target 3825, 5 victims on this gpu: ASR=0.0% CTA=0.8114 +/- 0.0047
[2026-09-02 23:56:15] === target 1796 (6/8) ===
[2026-09-03 00:00:16]   target 1796: crafted 250 poisons in 241 s, obj=0.31880
[2026-09-03 00:00:16]   target 1796: realized linf = 0.03137 (8.00/255), budget = 8.00/255
[2026-09-03 00:01:07]   [t1796 v1/5] fail (pred=airplane) CTA=0.7933
[2026-09-03 00:01:57]   [t1796 v2/5] fail (pred=ship) CTA=0.8092
[2026-09-03 00:02:47]   [t1796 v3/5] fail (pred=airplane) CTA=0.8065
[2026-09-03 00:03:36]   [t1796 v4/5] fail (pred=airplane) CTA=0.8031
[2026-09-03 00:04:26]   [t1796 v5/5] fail (pred=airplane) CTA=0.8069
[2026-09-03 00:04:26]   target 1796, 5 victims on this gpu: ASR=0.0% CTA=0.8038 +/- 0.0056
[2026-09-03 00:04:26] === target 2548 (7/8) ===
[2026-09-03 00:08:28]   target 2548: crafted 250 poisons in 241 s, obj=0.27766
[2026-09-03 00:08:28]   target 2548: realized linf = 0.03137 (8.00/255), budget = 8.00/255
[2026-09-03 00:09:19]   [t2548 v1/5] fail (pred=airplane) CTA=0.8012
[2026-09-03 00:10:10]   [t2548 v2/5] fail (pred=airplane) CTA=0.7887
[2026-09-03 00:11:00]   [t2548 v3/5] fail (pred=automobile) CTA=0.7962
[2026-09-03 00:11:50]   [t2548 v4/5] SUCCESS (pred=frog) CTA=0.8068
[2026-09-03 00:12:41]   [t2548 v5/5] fail (pred=airplane) CTA=0.8117
[2026-09-03 00:12:41]   target 2548, 5 victims on this gpu: ASR=20.0% CTA=0.8009 +/- 0.0080
[2026-09-03 00:12:41] === target 6437 (8/8) ===
[2026-09-03 00:16:43]   target 6437: crafted 250 poisons in 241 s, obj=0.35610
[2026-09-03 00:16:43]   target 6437: realized linf = 0.03137 (8.00/255), budget = 8.00/255
[2026-09-03 00:17:33]   [t6437 v1/5] fail (pred=airplane) CTA=0.8047
[2026-09-03 00:18:23]   [t6437 v2/5] fail (pred=cat) CTA=0.8014
[2026-09-03 00:19:13]   [t6437 v3/5] fail (pred=airplane) CTA=0.8149
[2026-09-03 00:20:03]   [t6437 v4/5] fail (pred=airplane) CTA=0.8119
[2026-09-03 00:20:52]   [t6437 v5/5] fail (pred=deer) CTA=0.8142
[2026-09-03 00:20:52]   target 6437, 5 victims on this gpu: ASR=0.0% CTA=0.8094 +/- 0.0054
[2026-09-03 00:20:52] ==== CIFAR10_ConvNetBN_gradmatch_ours_frog-airplane_b0.005_eps8_seed42_lam1_cosine_selMinusM_ce5_tgt35 : ASR = 2.5% +/- 6.6% | CTA = 0.8034 (baseline 0.8105) ====
[2026-09-03 00:20:52]   target-prediction tally ['airplane', 'automobile', 'bird', 'cat', 'deer', 'dog', 'frog', 'horse', 'ship', 'truck']: [31, 2, 0, 1, 1, 0, 1, 0, 2, 2]

sync: preserving outputs in /home/mmoslem3/scratch/attack_if
sync: complete
