stage: optional directory absent: /home/mmoslem3/scratch/PoisonBase/ours_result/CIFAR10_VGG13BN_gradmatch_ours_frog-airplane_b0.001_eps8_seed42_lam1_cosine_selAminusM_ce5_tgt12
job: 770081 cmp30_26_vgg13bn_gm_fa_b0001_a_minus_m on rack01-02
work: /tmp/attack_if
config: SOURCE_ROOT=/home/mmoslem3/scratch/PoisonBase PERSIST_DATA_ROOT=/home/mmoslem3/scratch/PoisonBase/data MODEL=VGG13BN ATTACK=gradmatch CLASS_PAIR=frog-airplane BUDGETS=0.001 SELECT=a-minus-m NUM_TARGETS=8 NUM_VICTIMS=5 sh sel_dpp.sh
protocol: attack=8 targets x 5 victims
gpu: NVIDIA L40S
=== component ablation: A-M | VGG13BN / gradmatch / frog-airplane ===
    targets: pinned from target_sets/VGG13BN_gradmatch_frog-airplane.json (same 10 the random-base run attacked)
    difficulty label tgt12   craft flags: --craft_lowmem --craft_batch 256 --fast_gradmatch
    component ablation: A-M; needed raw components are averaged over surrogates, then standardized (batch=64)
    budgets: 0.001

--- a-minus-m | VGG13BN / gradmatch / frog-airplane | budget 0.001 ---
[2026-09-02 21:21:24] === run start: CIFAR10_VGG13BN_gradmatch_ours_frog-airplane_b0.001_eps8_seed42_lam1_cosine_selAminusM_ce5_tgt12 on cuda [0] ===
[2026-09-02 21:21:24] args: {"FORCE": false, "attack": "gradmatch", "base": "ours", "base_dist": "cosine", "base_topr": null, "budget": 0.001, "cache_dir": "/tmp/attack_if/cache", "class_pair": "frog-airplane", "clean_baseline": true, "craft_alpha": 0.0039216, "craft_aug": true, "craft_batch": 256, "craft_ensemble": 5, "craft_lowmem": true, "craft_schedule": false, "craft_steps": 250, "data_path": "/tmp/data", "dataset": "CIFAR10", "dsa_strategy": "color_crop_cutout_flip_scale_rotate", "epsilon": 0.0313725, "fast_gradmatch": true, "fc_mode": "sample", "fc_restarts": 1, "gpus": "all", "jacobian_batch_size": 64, "jacobian_weight": 1.0, "lambda_margin": 1.0, "model": "VGG13BN", "no_resume": false, "num_poisons": 500, "num_surrogates": 20, "num_targets": 8, "num_victims": 5, "out_dir": "/tmp/attack_if/ours_result", "pair_order": "poison-target", "parallel_pretrain": true, "parallel_targets": true, "precompute_id": null, "precompute_only": false, "precompute_part": "both", "rank_on_victims": true, "recompute_deltas": false, "require_correct_target": false, "restarts": 8, "seed": 42, "sel_K": null, "sel_alpha": 1.0, "sel_component": "a-minus-m", "sel_criterion": null, "sel_dpp": false, "sel_filter": false, "sel_mmr": false, "sel_mode": null, "sel_model": null, "sel_mu": 1.0, "sel_pca": false, "sel_pool": 3.0, "sharp_mode": "worst", "sharp_samples": 20, "sharp_sigma": 0.05, "steal_timeout": 7200.0, "surrogate_aug": false, "surrogate_bs": 128, "surrogate_decay": [35, 45], "surrogate_epochs": 60, "surrogate_lr": 0.1, "surrogate_wd": 0.0, "target_idx_file": "target_sets/VGG13BN_gradmatch_frog-airplane.json", "target_select": 12, "use_jacobian_score": false, "victim_aug": false, "victim_bs": 125, "victim_decay": [40], "victim_epochs": 50, "victim_lr": 0.1, "victim_wd": 0.0}
[2026-09-02 21:21:24] Jacobian score: disabled
[2026-09-02 21:21:24] A-M component selector: raw components averaged over surrogates, then each used component standardized across candidates; batch_size=64
[2026-09-02 21:21:24] N_total=50000 budget=0.001 -> N_p=50 poisons, y_adv=6(frog) target_class=0(airplane)
[2026-09-02 21:21:24] === surrogates (20 x VGG13BN, trained on the full real set) ===
[2026-09-02 21:21:25]   crafting on 5/20 surrogates
[2026-09-02 21:21:25] === clean victims (5 x VGG13BN) ===
[2026-09-02 21:21:26]   clean baseline CTA = 0.8451 +/- 0.0161
[2026-09-02 21:21:26]   target pool 1000 -> eligible 998 (2 already predicted as y_adv or dropped)
[2026-09-02 21:21:26]   chosen 8 targets (file), p_adv range 0.0000..0.0001
[2026-09-02 21:21:26]   targets: [2783, 2507, 6738, 5787, 7815, 5074, 7356, 8267]
[2026-09-02 21:21:26] === target 2783 (1/8) ===
[2026-09-02 21:21:27]   Jacobian score exact backend: torch.func JVP
[2026-09-02 21:23:31]   target 2783: crafted 50 poisons in 115 s, obj=0.29416
[2026-09-02 21:23:31]   target 2783: realized linf = 0.03137 (8.00/255), budget = 8.00/255
[2026-09-02 21:25:12]   [t2783 v1/5] fail (pred=airplane) CTA=0.8414
[2026-09-02 21:26:52]   [t2783 v2/5] fail (pred=airplane) CTA=0.8644
[2026-09-02 21:28:33]   [t2783 v3/5] fail (pred=airplane) CTA=0.8602
[2026-09-02 21:30:14]   [t2783 v4/5] fail (pred=airplane) CTA=0.8186
[2026-09-02 21:31:54]   [t2783 v5/5] fail (pred=airplane) CTA=0.8480
[2026-09-02 21:31:54]   target 2783, 5 victims on this gpu: ASR=0.0% CTA=0.8465 +/- 0.0162
[2026-09-02 21:31:54] === target 2507 (2/8) ===
[2026-09-02 21:33:59]   target 2507: crafted 50 poisons in 115 s, obj=0.38581
[2026-09-02 21:33:59]   target 2507: realized linf = 0.03137 (8.00/255), budget = 8.00/255
[2026-09-02 21:35:42]   [t2507 v1/5] fail (pred=airplane) CTA=0.8572
[2026-09-02 21:37:23]   [t2507 v2/5] fail (pred=airplane) CTA=0.8493
[2026-09-02 21:39:04]   [t2507 v3/5] fail (pred=airplane) CTA=0.8485
[2026-09-02 21:40:45]   [t2507 v4/5] fail (pred=airplane) CTA=0.8601
[2026-09-02 21:42:25]   [t2507 v5/5] fail (pred=airplane) CTA=0.8566
[2026-09-02 21:42:25]   target 2507, 5 victims on this gpu: ASR=0.0% CTA=0.8543 +/- 0.0046
[2026-09-02 21:42:25] === target 6738 (3/8) ===
[2026-09-02 21:44:30]   target 6738: crafted 50 poisons in 115 s, obj=0.44914
[2026-09-02 21:44:30]   target 6738: realized linf = 0.03137 (8.00/255), budget = 8.00/255
[2026-09-02 21:46:13]   [t6738 v1/5] fail (pred=airplane) CTA=0.8526
[2026-09-02 21:47:54]   [t6738 v2/5] fail (pred=airplane) CTA=0.8473
[2026-09-02 21:49:35]   [t6738 v3/5] fail (pred=airplane) CTA=0.8587
[2026-09-02 21:51:16]   [t6738 v4/5] fail (pred=airplane) CTA=0.8593
[2026-09-02 21:52:56]   [t6738 v5/5] fail (pred=airplane) CTA=0.8588
[2026-09-02 21:52:56]   target 6738, 5 victims on this gpu: ASR=0.0% CTA=0.8553 +/- 0.0047
[2026-09-02 21:52:56] === target 5787 (4/8) ===
[2026-09-02 21:55:01]   target 5787: crafted 50 poisons in 115 s, obj=0.35337
[2026-09-02 21:55:01]   target 5787: realized linf = 0.03137 (8.00/255), budget = 8.00/255
[2026-09-02 21:56:44]   [t5787 v1/5] fail (pred=airplane) CTA=0.8555
[2026-09-02 21:58:25]   [t5787 v2/5] fail (pred=cat) CTA=0.8497
[2026-09-02 22:00:06]   [t5787 v3/5] fail (pred=airplane) CTA=0.8545
[2026-09-02 22:01:47]   [t5787 v4/5] fail (pred=cat) CTA=0.8687
[2026-09-02 22:03:27]   [t5787 v5/5] SUCCESS (pred=frog) CTA=0.8579
[2026-09-02 22:03:27]   target 5787, 5 victims on this gpu: ASR=20.0% CTA=0.8573 +/- 0.0063
[2026-09-02 22:03:27] === target 7815 (5/8) ===
[2026-09-02 22:05:32]   target 7815: crafted 50 poisons in 115 s, obj=0.22183
[2026-09-02 22:05:32]   target 7815: realized linf = 0.03137 (8.00/255), budget = 8.00/255
[2026-09-02 22:07:16]   [t7815 v1/5] fail (pred=ship) CTA=0.8451
[2026-09-02 22:08:57]   [t7815 v2/5] fail (pred=ship) CTA=0.8586
[2026-09-02 22:10:37]   [t7815 v3/5] fail (pred=ship) CTA=0.8580
[2026-09-02 22:12:18]   [t7815 v4/5] SUCCESS (pred=frog) CTA=0.8499
[2026-09-02 22:13:59]   [t7815 v5/5] fail (pred=ship) CTA=0.8601
[2026-09-02 22:13:59]   target 7815, 5 victims on this gpu: ASR=20.0% CTA=0.8543 +/- 0.0058
[2026-09-02 22:13:59] === target 5074 (6/8) ===
[2026-09-02 22:16:04]   target 5074: crafted 50 poisons in 115 s, obj=0.29816
[2026-09-02 22:16:04]   target 5074: realized linf = 0.03137 (8.00/255), budget = 8.00/255
[2026-09-02 22:17:47]   [t5074 v1/5] fail (pred=bird) CTA=0.8388
[2026-09-02 22:19:28]   [t5074 v2/5] SUCCESS (pred=frog) CTA=0.8468
[2026-09-02 22:21:09]   [t5074 v3/5] fail (pred=bird) CTA=0.8420
[2026-09-02 22:22:50]   [t5074 v4/5] SUCCESS (pred=frog) CTA=0.8570
[2026-09-02 22:24:30]   [t5074 v5/5] fail (pred=bird) CTA=0.8557
[2026-09-02 22:24:30]   target 5074, 5 victims on this gpu: ASR=40.0% CTA=0.8481 +/- 0.0072
[2026-09-02 22:24:30] === target 7356 (7/8) ===
[2026-09-02 22:26:35]   target 7356: crafted 50 poisons in 115 s, obj=0.31023
[2026-09-02 22:26:35]   target 7356: realized linf = 0.03137 (8.00/255), budget = 8.00/255
[2026-09-02 22:28:19]   [t7356 v1/5] fail (pred=airplane) CTA=0.8598
[2026-09-02 22:30:00]   [t7356 v2/5] fail (pred=airplane) CTA=0.8618
[2026-09-02 22:31:40]   [t7356 v3/5] SUCCESS (pred=frog) CTA=0.8579
[2026-09-02 22:33:21]   [t7356 v4/5] fail (pred=airplane) CTA=0.8633
[2026-09-02 22:35:02]   [t7356 v5/5] fail (pred=airplane) CTA=0.8441
[2026-09-02 22:35:02]   target 7356, 5 victims on this gpu: ASR=20.0% CTA=0.8574 +/- 0.0069
[2026-09-02 22:35:02] === target 8267 (8/8) ===
[2026-09-02 22:37:07]   target 8267: crafted 50 poisons in 115 s, obj=0.33753
[2026-09-02 22:37:07]   target 8267: realized linf = 0.03137 (8.00/255), budget = 8.00/255
[2026-09-02 22:38:50]   [t8267 v1/5] fail (pred=airplane) CTA=0.8363
[2026-09-02 22:40:31]   [t8267 v2/5] fail (pred=bird) CTA=0.8492
[2026-09-02 22:42:12]   [t8267 v3/5] fail (pred=bird) CTA=0.8427
[2026-09-02 22:43:52]   [t8267 v4/5] fail (pred=airplane) CTA=0.8472
[2026-09-02 22:45:33]   [t8267 v5/5] fail (pred=airplane) CTA=0.8588
[2026-09-02 22:45:33]   target 8267, 5 victims on this gpu: ASR=0.0% CTA=0.8468 +/- 0.0074
[2026-09-02 22:45:33] ==== CIFAR10_VGG13BN_gradmatch_ours_frog-airplane_b0.001_eps8_seed42_lam1_cosine_selAminusM_ce5_tgt12 : ASR = 12.5% +/- 13.9% | CTA = 0.8525 (baseline 0.8451) ====
[2026-09-02 22:45:33]   target-prediction tally ['airplane', 'automobile', 'bird', 'cat', 'deer', 'dog', 'frog', 'horse', 'ship', 'truck']: [24, 0, 5, 2, 0, 0, 5, 0, 4, 0]

sync: preserving outputs in /home/mmoslem3/scratch/PoisonBase
sync: complete
