stage: optional directory absent: /home/mmoslem3/scratch/PoisonBase/ours_result/CIFAR10_VGG13BN_fc_ours_frog-airplane_b0.001_eps8_seed42_lam1_cosine_selR_ce5_tgt3
job: 770085 cmp30_27_vgg13bn_fc_fa_b0001_r on rack05-02
work: /tmp/attack_if
config: SOURCE_ROOT=/home/mmoslem3/scratch/PoisonBase PERSIST_DATA_ROOT=/home/mmoslem3/scratch/PoisonBase/data MODEL=VGG13BN ATTACK=fc CLASS_PAIR=frog-airplane BUDGETS=0.001 SELECT=r NUM_TARGETS=8 NUM_VICTIMS=5 sh sel_dpp.sh
protocol: attack=8 targets x 5 victims
gpu: NVIDIA L40S
=== component ablation: R | VGG13BN / fc / frog-airplane ===
    targets: pinned from target_sets/VGG13BN_fc_frog-airplane.json (same 10 the random-base run attacked)
    difficulty label tgt3   craft flags: none
    component ablation: R; needed raw components are averaged over surrogates, then standardized (batch=64)
    budgets: 0.001

--- r | VGG13BN / fc / frog-airplane | budget 0.001 ---
[2026-09-02 21:22:26] === run start: CIFAR10_VGG13BN_fc_ours_frog-airplane_b0.001_eps8_seed42_lam1_cosine_selR_ce5_tgt3 on cuda [0] ===
[2026-09-02 21:22:26] args: {"FORCE": false, "attack": "fc", "base": "ours", "base_dist": "cosine", "base_topr": null, "budget": 0.001, "cache_dir": "/tmp/attack_if/cache", "class_pair": "frog-airplane", "clean_baseline": true, "craft_alpha": 0.0039216, "craft_aug": true, "craft_batch": 256, "craft_ensemble": 5, "craft_lowmem": false, "craft_schedule": false, "craft_steps": 250, "data_path": "/tmp/data", "dataset": "CIFAR10", "dsa_strategy": "color_crop_cutout_flip_scale_rotate", "epsilon": 0.0313725, "fast_gradmatch": false, "fc_mode": "sample", "fc_restarts": 1, "gpus": "all", "jacobian_batch_size": 64, "jacobian_weight": 1.0, "lambda_margin": 1.0, "model": "VGG13BN", "no_resume": false, "num_poisons": 500, "num_surrogates": 20, "num_targets": 8, "num_victims": 5, "out_dir": "/tmp/attack_if/ours_result", "pair_order": "poison-target", "parallel_pretrain": true, "parallel_targets": true, "precompute_id": null, "precompute_only": false, "precompute_part": "both", "rank_on_victims": true, "recompute_deltas": false, "require_correct_target": false, "restarts": 8, "seed": 42, "sel_K": null, "sel_alpha": 1.0, "sel_component": "r", "sel_criterion": null, "sel_dpp": false, "sel_filter": false, "sel_mmr": false, "sel_mode": null, "sel_model": null, "sel_mu": 1.0, "sel_pca": false, "sel_pool": 3.0, "sharp_mode": "worst", "sharp_samples": 20, "sharp_sigma": 0.05, "steal_timeout": 7200.0, "surrogate_aug": false, "surrogate_bs": 128, "surrogate_decay": [35, 45], "surrogate_epochs": 60, "surrogate_lr": 0.1, "surrogate_wd": 0.0, "target_idx_file": "target_sets/VGG13BN_fc_frog-airplane.json", "target_select": 3, "use_jacobian_score": false, "victim_aug": false, "victim_bs": 125, "victim_decay": [40], "victim_epochs": 50, "victim_lr": 0.1, "victim_wd": 0.0}
[2026-09-02 21:22:26] Jacobian score: disabled
[2026-09-02 21:22:26] R component selector: raw components averaged over surrogates, then each used component standardized across candidates; batch_size=64
[2026-09-02 21:22:26] N_total=50000 budget=0.001 -> N_p=50 poisons, y_adv=6(frog) target_class=0(airplane)
[2026-09-02 21:22:26] === surrogates (20 x VGG13BN, trained on the full real set) ===
[2026-09-02 21:22:27]   crafting on 5/20 surrogates
[2026-09-02 21:22:27] === clean victims (5 x VGG13BN) ===
[2026-09-02 21:22:28]   clean baseline CTA = 0.8451 +/- 0.0161
[2026-09-02 21:22:28]   target pool 1000 -> eligible 998 (2 already predicted as y_adv or dropped)
[2026-09-02 21:22:28]   chosen 8 targets (file), p_adv range 0.0004..0.0117
[2026-09-02 21:22:28]   targets: [912, 9957, 1739, 1165, 3278, 4313, 416, 6491]
[2026-09-02 21:22:29] === target 912 (1/8) ===
[2026-09-02 21:22:32]   target 912: crafted 50 poisons in 2 s, obj=0.00382
[2026-09-02 21:22:32]   target 912: realized linf = 0.03137 (8.00/255), budget = 8.00/255
[2026-09-02 21:24:14]   [t912 v1/5] fail (pred=deer) CTA=0.8531
[2026-09-02 21:25:54]   [t912 v2/5] fail (pred=cat) CTA=0.8615
[2026-09-02 21:27:35]   [t912 v3/5] fail (pred=airplane) CTA=0.8534
[2026-09-02 21:29:15]   [t912 v4/5] fail (pred=cat) CTA=0.8522
[2026-09-02 21:30:56]   [t912 v5/5] fail (pred=cat) CTA=0.8536
[2026-09-02 21:30:56]   target 912, 5 victims on this gpu: ASR=0.0% CTA=0.8548 +/- 0.0034
[2026-09-02 21:30:56] === target 9957 (2/8) ===
[2026-09-02 21:30:59]   target 9957: crafted 50 poisons in 2 s, obj=0.00539
[2026-09-02 21:30:59]   target 9957: realized linf = 0.03137 (8.00/255), budget = 8.00/255
[2026-09-02 21:32:40]   [t9957 v1/5] fail (pred=airplane) CTA=0.8482
[2026-09-02 21:34:21]   [t9957 v2/5] fail (pred=airplane) CTA=0.8539
[2026-09-02 21:36:01]   [t9957 v3/5] fail (pred=airplane) CTA=0.8541
[2026-09-02 21:37:42]   [t9957 v4/5] fail (pred=airplane) CTA=0.8378
[2026-09-02 21:39:22]   [t9957 v5/5] fail (pred=ship) CTA=0.8617
[2026-09-02 21:39:22]   target 9957, 5 victims on this gpu: ASR=0.0% CTA=0.8511 +/- 0.0079
[2026-09-02 21:39:22] === target 1739 (3/8) ===
[2026-09-02 21:39:26]   target 1739: crafted 50 poisons in 2 s, obj=0.00574
[2026-09-02 21:39:26]   target 1739: realized linf = 0.03137 (8.00/255), budget = 8.00/255
[2026-09-02 21:41:07]   [t1739 v1/5] fail (pred=ship) CTA=0.8591
[2026-09-02 21:42:47]   [t1739 v2/5] fail (pred=ship) CTA=0.8634
[2026-09-02 21:44:28]   [t1739 v3/5] fail (pred=deer) CTA=0.8483
[2026-09-02 21:46:08]   [t1739 v4/5] fail (pred=deer) CTA=0.8518
[2026-09-02 21:47:49]   [t1739 v5/5] fail (pred=ship) CTA=0.8525
[2026-09-02 21:47:49]   target 1739, 5 victims on this gpu: ASR=0.0% CTA=0.8550 +/- 0.0055
[2026-09-02 21:47:49] === target 1165 (4/8) ===
[2026-09-02 21:47:52]   target 1165: crafted 50 poisons in 2 s, obj=0.00656
[2026-09-02 21:47:52]   target 1165: realized linf = 0.03137 (8.00/255), budget = 8.00/255
[2026-09-02 21:49:33]   [t1165 v1/5] fail (pred=airplane) CTA=0.8546
[2026-09-02 21:51:13]   [t1165 v2/5] fail (pred=airplane) CTA=0.8277
[2026-09-02 21:52:54]   [t1165 v3/5] fail (pred=airplane) CTA=0.8487
[2026-09-02 21:54:34]   [t1165 v4/5] fail (pred=airplane) CTA=0.8569
[2026-09-02 21:56:15]   [t1165 v5/5] fail (pred=airplane) CTA=0.8569
[2026-09-02 21:56:15]   target 1165, 5 victims on this gpu: ASR=0.0% CTA=0.8490 +/- 0.0110
[2026-09-02 21:56:15] === target 3278 (5/8) ===
[2026-09-02 21:56:18]   target 3278: crafted 50 poisons in 2 s, obj=0.00484
[2026-09-02 21:56:18]   target 3278: realized linf = 0.03137 (8.00/255), budget = 8.00/255
[2026-09-02 21:57:59]   [t3278 v1/5] fail (pred=airplane) CTA=0.8462
[2026-09-02 21:59:40]   [t3278 v2/5] fail (pred=airplane) CTA=0.8617
[2026-09-02 22:01:20]   [t3278 v3/5] fail (pred=airplane) CTA=0.8583
[2026-09-02 22:03:01]   [t3278 v4/5] fail (pred=airplane) CTA=0.8624
[2026-09-02 22:04:41]   [t3278 v5/5] fail (pred=airplane) CTA=0.8476
[2026-09-02 22:04:41]   target 3278, 5 victims on this gpu: ASR=0.0% CTA=0.8552 +/- 0.0070
[2026-09-02 22:04:41] === target 4313 (6/8) ===
[2026-09-02 22:04:44]   target 4313: crafted 50 poisons in 2 s, obj=0.00310
[2026-09-02 22:04:44]   target 4313: realized linf = 0.03137 (8.00/255), budget = 8.00/255
[2026-09-02 22:06:25]   [t4313 v1/5] fail (pred=cat) CTA=0.8610
[2026-09-02 22:08:06]   [t4313 v2/5] fail (pred=airplane) CTA=0.8522
[2026-09-02 22:09:47]   [t4313 v3/5] fail (pred=bird) CTA=0.8508
[2026-09-02 22:11:27]   [t4313 v4/5] fail (pred=airplane) CTA=0.8407
[2026-09-02 22:13:08]   [t4313 v5/5] fail (pred=airplane) CTA=0.8491
[2026-09-02 22:13:08]   target 4313, 5 victims on this gpu: ASR=0.0% CTA=0.8508 +/- 0.0065
[2026-09-02 22:13:08] === target 416 (7/8) ===
[2026-09-02 22:13:11]   target 416: crafted 50 poisons in 2 s, obj=0.00474
[2026-09-02 22:13:11]   target 416: realized linf = 0.03137 (8.00/255), budget = 8.00/255
[2026-09-02 22:14:52]   [t416 v1/5] fail (pred=cat) CTA=0.8640
[2026-09-02 22:16:33]   [t416 v2/5] fail (pred=airplane) CTA=0.8509
[2026-09-02 22:18:13]   [t416 v3/5] fail (pred=airplane) CTA=0.8549
[2026-09-02 22:19:53]   [t416 v4/5] fail (pred=airplane) CTA=0.8529
[2026-09-02 22:21:34]   [t416 v5/5] fail (pred=cat) CTA=0.8605
[2026-09-02 22:21:34]   target 416, 5 victims on this gpu: ASR=0.0% CTA=0.8566 +/- 0.0049
[2026-09-02 22:21:34] === target 6491 (8/8) ===
[2026-09-02 22:21:37]   target 6491: crafted 50 poisons in 2 s, obj=0.00487
[2026-09-02 22:21:37]   target 6491: realized linf = 0.03137 (8.00/255), budget = 8.00/255
[2026-09-02 22:23:18]   [t6491 v1/5] fail (pred=cat) CTA=0.8521
[2026-09-02 22:24:59]   [t6491 v2/5] fail (pred=ship) CTA=0.8583
[2026-09-02 22:26:39]   [t6491 v3/5] fail (pred=ship) CTA=0.8576
[2026-09-02 22:28:20]   [t6491 v4/5] fail (pred=airplane) CTA=0.8609
[2026-09-02 22:30:00]   [t6491 v5/5] fail (pred=dog) CTA=0.8548
[2026-09-02 22:30:00]   target 6491, 5 victims on this gpu: ASR=0.0% CTA=0.8567 +/- 0.0030
[2026-09-02 22:30:00] ==== CIFAR10_VGG13BN_fc_ours_frog-airplane_b0.001_eps8_seed42_lam1_cosine_selR_ce5_tgt3 : ASR = 0.0% +/- 0.0% | CTA = 0.8537 (baseline 0.8451) ====
[2026-09-02 22:30:00]   target-prediction tally ['airplane', 'automobile', 'bird', 'cat', 'deer', 'dog', 'frog', 'horse', 'ship', 'truck']: [22, 0, 1, 7, 3, 1, 0, 0, 6, 0]

sync: preserving outputs in /home/mmoslem3/scratch/PoisonBase
sync: complete
