stage: optional directory absent: /home/mmoslem3/scratch/PoisonBase/ours_result/CIFAR10_ConvNetBN_sapa_ours_dog-bird_b0.005_eps8_seed42_lam1_cosine_selAplusR_worst0.05_ce5_tgt70
job: 769986 cmp30_10_convnetbn_sapa_db_b0005_a_plus_r on rack12-06
work: /tmp/attack_if
config: SOURCE_ROOT=/home/mmoslem3/scratch/PoisonBase PERSIST_DATA_ROOT=/home/mmoslem3/scratch/PoisonBase/data MODEL=ConvNetBN ATTACK=sapa CLASS_PAIR=dog-bird BUDGETS=0.005 SELECT=a-plus-r NUM_TARGETS=8 NUM_VICTIMS=5 sh sel_dpp.sh
protocol: attack=8 targets x 5 victims
gpu: NVIDIA L40S
=== component ablation: A+R | ConvNetBN / sapa / dog-bird | sharp worst sigma=0.05 ===
    targets: pinned from target_sets/ConvNetBN_gradmatch_dog-bird.json (same 10 the random-base run attacked)
    difficulty label tgt70   craft flags: none
    component ablation: A+R; needed raw components are averaged over surrogates, then standardized (batch=64)
    budgets: 0.005

--- a-plus-r | ConvNetBN / sapa / dog-bird | sharp worst sigma=0.05 | budget 0.005 ---
[2026-09-02 20:29:18] === run start: CIFAR10_ConvNetBN_sapa_ours_dog-bird_b0.005_eps8_seed42_lam1_cosine_selAplusR_worst0.05_ce5_tgt70 on cuda [0] ===
[2026-09-02 20:29:18] args: {"FORCE": false, "attack": "sapa", "base": "ours", "base_dist": "cosine", "base_topr": null, "budget": 0.005, "cache_dir": "/tmp/attack_if/cache", "class_pair": "dog-bird", "clean_baseline": true, "craft_alpha": 0.0039216, "craft_aug": true, "craft_batch": 256, "craft_ensemble": 5, "craft_lowmem": false, "craft_schedule": false, "craft_steps": 250, "data_path": "/tmp/data", "dataset": "CIFAR10", "dsa_strategy": "color_crop_cutout_flip_scale_rotate", "epsilon": 0.0313725, "fast_gradmatch": false, "fc_mode": "sample", "fc_restarts": 1, "gpus": "all", "jacobian_batch_size": 64, "jacobian_weight": 1.0, "lambda_margin": 1.0, "model": "ConvNetBN", "no_resume": false, "num_poisons": 500, "num_surrogates": 20, "num_targets": 8, "num_victims": 5, "out_dir": "/tmp/attack_if/ours_result", "pair_order": "poison-target", "parallel_pretrain": true, "parallel_targets": true, "precompute_id": null, "precompute_only": false, "precompute_part": "both", "rank_on_victims": true, "recompute_deltas": false, "require_correct_target": false, "restarts": 8, "seed": 42, "sel_K": null, "sel_alpha": 1.0, "sel_component": "a-plus-r", "sel_criterion": null, "sel_dpp": false, "sel_filter": false, "sel_mmr": false, "sel_mode": null, "sel_model": null, "sel_mu": 1.0, "sel_pca": false, "sel_pool": 3.0, "sharp_mode": "worst", "sharp_samples": 20, "sharp_sigma": 0.05, "steal_timeout": 7200.0, "surrogate_aug": false, "surrogate_bs": 128, "surrogate_decay": [35, 45], "surrogate_epochs": 60, "surrogate_lr": 0.1, "surrogate_wd": 0.0, "target_idx_file": "target_sets/ConvNetBN_gradmatch_dog-bird.json", "target_select": 70, "use_jacobian_score": false, "victim_aug": false, "victim_bs": 125, "victim_decay": [40], "victim_epochs": 50, "victim_lr": 0.1, "victim_wd": 0.0}
[2026-09-02 20:29:18] Jacobian score: disabled
[2026-09-02 20:29:18] A+R component selector: raw components averaged over surrogates, then each used component standardized across candidates; batch_size=64
[2026-09-02 20:29:18] N_total=50000 budget=0.005 -> N_p=250 poisons, y_adv=5(dog) target_class=2(bird)
[2026-09-02 20:29:18] === surrogates (20 x ConvNetBN, trained on the full real set) ===
[2026-09-02 20:29:19]   crafting on 5/20 surrogates
[2026-09-02 20:29:19] === clean victims (5 x ConvNetBN) ===
[2026-09-02 20:29:19]   clean baseline CTA = 0.8120 +/- 0.0079
[2026-09-02 20:29:19]   target pool 1000 -> eligible 964 (36 already predicted as y_adv or dropped)
[2026-09-02 20:29:19]   chosen 8 targets (file), p_adv range 0.0000..0.0000
[2026-09-02 20:29:19]   targets: [843, 1257, 8252, 8730, 8055, 5859, 8954, 821]
[2026-09-02 20:29:19] === target 843 (1/8) ===
[2026-09-02 20:29:20]   Jacobian score exact backend: torch.func JVP
[2026-09-02 20:33:22]   target 843: crafted 250 poisons in 239 s, obj=0.27753
[2026-09-02 20:33:22]   target 843: realized linf = 0.03137 (8.00/255), budget = 8.00/255
[2026-09-02 20:34:14]   [t843 v1/5] SUCCESS (pred=dog) CTA=0.8080
[2026-09-02 20:35:04]   [t843 v2/5] SUCCESS (pred=dog) CTA=0.8065
[2026-09-02 20:35:54]   [t843 v3/5] SUCCESS (pred=dog) CTA=0.8059
[2026-09-02 20:36:44]   [t843 v4/5] SUCCESS (pred=dog) CTA=0.8053
[2026-09-02 20:37:35]   [t843 v5/5] fail (pred=bird) CTA=0.8024
[2026-09-02 20:37:35]   target 843, 5 victims on this gpu: ASR=80.0% CTA=0.8056 +/- 0.0018
[2026-09-02 20:37:35] === target 1257 (2/8) ===
[2026-09-02 20:41:37]   target 1257: crafted 250 poisons in 239 s, obj=0.23392
[2026-09-02 20:41:37]   target 1257: realized linf = 0.03137 (8.00/255), budget = 8.00/255
[2026-09-02 20:42:29]   [t1257 v1/5] SUCCESS (pred=dog) CTA=0.8026
[2026-09-02 20:43:19]   [t1257 v2/5] fail (pred=bird) CTA=0.8082
[2026-09-02 20:44:09]   [t1257 v3/5] fail (pred=bird) CTA=0.8177
[2026-09-02 20:45:00]   [t1257 v4/5] SUCCESS (pred=dog) CTA=0.8017
[2026-09-02 20:45:50]   [t1257 v5/5] fail (pred=bird) CTA=0.7953
[2026-09-02 20:45:50]   target 1257, 5 victims on this gpu: ASR=40.0% CTA=0.8051 +/- 0.0075
[2026-09-02 20:45:50] === target 8252 (3/8) ===
[2026-09-02 20:49:52]   target 8252: crafted 250 poisons in 239 s, obj=0.21604
[2026-09-02 20:49:52]   target 8252: realized linf = 0.03137 (8.00/255), budget = 8.00/255
[2026-09-02 20:50:44]   [t8252 v1/5] SUCCESS (pred=dog) CTA=0.7982
[2026-09-02 20:51:34]   [t8252 v2/5] SUCCESS (pred=dog) CTA=0.8181
[2026-09-02 20:52:25]   [t8252 v3/5] SUCCESS (pred=dog) CTA=0.8001
[2026-09-02 20:53:15]   [t8252 v4/5] SUCCESS (pred=dog) CTA=0.8066
[2026-09-02 20:54:05]   [t8252 v5/5] SUCCESS (pred=dog) CTA=0.7947
[2026-09-02 20:54:05]   target 8252, 5 victims on this gpu: ASR=100.0% CTA=0.8035 +/- 0.0082
[2026-09-02 20:54:05] === target 8730 (4/8) ===
