stage: optional directory absent: /home/mmoslem3/scratch/PoisonBase/ours_result/CIFAR10_ConvNetBN_gradmatch_ours_frog-airplane_b0.005_eps8_seed42_lam1_cosine_selAplusR_ce5_tgt35
job: 770076 cmp30_25_convnetbn_gm_fa_b0005_a_plus_r on rack13-04
work: /tmp/attack_if
config: SOURCE_ROOT=/home/mmoslem3/scratch/PoisonBase PERSIST_DATA_ROOT=/home/mmoslem3/scratch/PoisonBase/data MODEL=ConvNetBN ATTACK=gradmatch CLASS_PAIR=frog-airplane BUDGETS=0.005 SELECT=a-plus-r NUM_TARGETS=8 NUM_VICTIMS=5 sh sel_dpp.sh
protocol: attack=8 targets x 5 victims
gpu: NVIDIA L40S
=== component ablation: A+R | ConvNetBN / gradmatch / frog-airplane ===
    targets: pinned from target_sets/ConvNetBN_gradmatch_frog-airplane.json (same 10 the random-base run attacked)
    difficulty label tgt35   craft flags: none
    component ablation: A+R; needed raw components are averaged over surrogates, then standardized (batch=64)
    budgets: 0.005

--- a-plus-r | ConvNetBN / gradmatch / frog-airplane | budget 0.005 ---
[2026-09-02 21:20:51] === run start: CIFAR10_ConvNetBN_gradmatch_ours_frog-airplane_b0.005_eps8_seed42_lam1_cosine_selAplusR_ce5_tgt35 on cuda [0] ===
[2026-09-02 21:20:51] args: {"FORCE": false, "attack": "gradmatch", "base": "ours", "base_dist": "cosine", "base_topr": null, "budget": 0.005, "cache_dir": "/tmp/attack_if/cache", "class_pair": "frog-airplane", "clean_baseline": true, "craft_alpha": 0.0039216, "craft_aug": true, "craft_batch": 256, "craft_ensemble": 5, "craft_lowmem": false, "craft_schedule": false, "craft_steps": 250, "data_path": "/tmp/data", "dataset": "CIFAR10", "dsa_strategy": "color_crop_cutout_flip_scale_rotate", "epsilon": 0.0313725, "fast_gradmatch": false, "fc_mode": "sample", "fc_restarts": 1, "gpus": "all", "jacobian_batch_size": 64, "jacobian_weight": 1.0, "lambda_margin": 1.0, "model": "ConvNetBN", "no_resume": false, "num_poisons": 500, "num_surrogates": 20, "num_targets": 8, "num_victims": 5, "out_dir": "/tmp/attack_if/ours_result", "pair_order": "poison-target", "parallel_pretrain": true, "parallel_targets": true, "precompute_id": null, "precompute_only": false, "precompute_part": "both", "rank_on_victims": true, "recompute_deltas": false, "require_correct_target": false, "restarts": 8, "seed": 42, "sel_K": null, "sel_alpha": 1.0, "sel_component": "a-plus-r", "sel_criterion": null, "sel_dpp": false, "sel_filter": false, "sel_mmr": false, "sel_mode": null, "sel_model": null, "sel_mu": 1.0, "sel_pca": false, "sel_pool": 3.0, "sharp_mode": "worst", "sharp_samples": 20, "sharp_sigma": 0.05, "steal_timeout": 7200.0, "surrogate_aug": false, "surrogate_bs": 128, "surrogate_decay": [35, 45], "surrogate_epochs": 60, "surrogate_lr": 0.1, "surrogate_wd": 0.0, "target_idx_file": "target_sets/ConvNetBN_gradmatch_frog-airplane.json", "target_select": 35, "use_jacobian_score": false, "victim_aug": false, "victim_bs": 125, "victim_decay": [40], "victim_epochs": 50, "victim_lr": 0.1, "victim_wd": 0.0}
[2026-09-02 21:20:51] Jacobian score: disabled
[2026-09-02 21:20:51] A+R component selector: raw components averaged over surrogates, then each used component standardized across candidates; batch_size=64
[2026-09-02 21:20:51] N_total=50000 budget=0.005 -> N_p=250 poisons, y_adv=6(frog) target_class=0(airplane)
[2026-09-02 21:20:51] === surrogates (20 x ConvNetBN, trained on the full real set) ===
[2026-09-02 21:20:51]   crafting on 5/20 surrogates
[2026-09-02 21:20:51] === clean victims (5 x ConvNetBN) ===
[2026-09-02 21:20:52]   clean baseline CTA = 0.8120 +/- 0.0079
[2026-09-02 21:20:52]   target pool 1000 -> eligible 994 (6 already predicted as y_adv or dropped)
[2026-09-02 21:20:52]   chosen 8 targets (file), p_adv range 0.0000..0.0000
[2026-09-02 21:20:52]   targets: [496, 2087, 8941, 9820, 3825, 1796, 2548, 6437]
[2026-09-02 21:20:52] === target 496 (1/8) ===
[2026-09-02 21:20:53]   Jacobian score exact backend: torch.func JVP
[2026-09-02 21:24:55]   target 496: crafted 250 poisons in 239 s, obj=0.26091
[2026-09-02 21:24:55]   target 496: realized linf = 0.03137 (8.00/255), budget = 8.00/255
[2026-09-02 21:25:47]   [t496 v1/5] fail (pred=airplane) CTA=0.7968
[2026-09-02 21:26:37]   [t496 v2/5] fail (pred=airplane) CTA=0.8064
[2026-09-02 21:27:27]   [t496 v3/5] fail (pred=airplane) CTA=0.8045
[2026-09-02 21:28:18]   [t496 v4/5] fail (pred=airplane) CTA=0.8064
[2026-09-02 21:29:08]   [t496 v5/5] fail (pred=airplane) CTA=0.8043
[2026-09-02 21:29:08]   target 496, 5 victims on this gpu: ASR=0.0% CTA=0.8037 +/- 0.0036
[2026-09-02 21:29:08] === target 2087 (2/8) ===
[2026-09-02 21:33:11]   target 2087: crafted 250 poisons in 239 s, obj=0.27164
[2026-09-02 21:33:11]   target 2087: realized linf = 0.03137 (8.00/255), budget = 8.00/255
[2026-09-02 21:34:02]   [t2087 v1/5] fail (pred=airplane) CTA=0.8123
[2026-09-02 21:34:53]   [t2087 v2/5] fail (pred=deer) CTA=0.7981
[2026-09-02 21:35:43]   [t2087 v3/5] fail (pred=airplane) CTA=0.7993
[2026-09-02 21:36:33]   [t2087 v4/5] fail (pred=deer) CTA=0.8052
[2026-09-02 21:37:24]   [t2087 v5/5] fail (pred=deer) CTA=0.7959
[2026-09-02 21:37:24]   target 2087, 5 victims on this gpu: ASR=0.0% CTA=0.8022 +/- 0.0059
[2026-09-02 21:37:24] === target 8941 (3/8) ===
[2026-09-02 21:41:26]   target 8941: crafted 250 poisons in 239 s, obj=0.33436
[2026-09-02 21:41:26]   target 8941: realized linf = 0.03137 (8.00/255), budget = 8.00/255
[2026-09-02 21:42:18]   [t8941 v1/5] fail (pred=airplane) CTA=0.8086
[2026-09-02 21:43:08]   [t8941 v2/5] fail (pred=cat) CTA=0.7338
[2026-09-02 21:43:58]   [t8941 v3/5] fail (pred=cat) CTA=0.7996
[2026-09-02 21:44:48]   [t8941 v4/5] fail (pred=airplane) CTA=0.8048
[2026-09-02 21:45:39]   [t8941 v5/5] fail (pred=airplane) CTA=0.8060
[2026-09-02 21:45:39]   target 8941, 5 victims on this gpu: ASR=0.0% CTA=0.7906 +/- 0.0285
[2026-09-02 21:45:39] === target 9820 (4/8) ===
[2026-09-02 21:49:41]   target 9820: crafted 250 poisons in 239 s, obj=0.27833
[2026-09-02 21:49:41]   target 9820: realized linf = 0.03137 (8.00/255), budget = 8.00/255
[2026-09-02 21:50:33]   [t9820 v1/5] fail (pred=airplane) CTA=0.7973
[2026-09-02 21:51:23]   [t9820 v2/5] fail (pred=airplane) CTA=0.8003
[2026-09-02 21:52:13]   [t9820 v3/5] fail (pred=ship) CTA=0.8068
[2026-09-02 21:53:04]   [t9820 v4/5] fail (pred=truck) CTA=0.8009
[2026-09-02 21:53:54]   [t9820 v5/5] fail (pred=ship) CTA=0.8161
[2026-09-02 21:53:54]   target 9820, 5 victims on this gpu: ASR=0.0% CTA=0.8043 +/- 0.0067
[2026-09-02 21:53:54] === target 3825 (5/8) ===
[2026-09-02 21:57:57]   target 3825: crafted 250 poisons in 239 s, obj=0.45350
[2026-09-02 21:57:57]   target 3825: realized linf = 0.03137 (8.00/255), budget = 8.00/255
[2026-09-02 21:58:48]   [t3825 v1/5] fail (pred=airplane) CTA=0.8083
[2026-09-02 21:59:39]   [t3825 v2/5] fail (pred=airplane) CTA=0.8073
[2026-09-02 22:00:29]   [t3825 v3/5] fail (pred=airplane) CTA=0.8098
[2026-09-02 22:01:19]   [t3825 v4/5] fail (pred=airplane) CTA=0.8138
[2026-09-02 22:02:10]   [t3825 v5/5] fail (pred=airplane) CTA=0.8062
[2026-09-02 22:02:10]   target 3825, 5 victims on this gpu: ASR=0.0% CTA=0.8091 +/- 0.0026
[2026-09-02 22:02:10] === target 1796 (6/8) ===
[2026-09-02 22:06:12]   target 1796: crafted 250 poisons in 239 s, obj=0.29396
[2026-09-02 22:06:12]   target 1796: realized linf = 0.03137 (8.00/255), budget = 8.00/255
[2026-09-02 22:07:04]   [t1796 v1/5] fail (pred=airplane) CTA=0.7989
[2026-09-02 22:07:54]   [t1796 v2/5] fail (pred=airplane) CTA=0.8030
[2026-09-02 22:08:44]   [t1796 v3/5] fail (pred=ship) CTA=0.8021
[2026-09-02 22:09:35]   [t1796 v4/5] fail (pred=airplane) CTA=0.7969
[2026-09-02 22:10:25]   [t1796 v5/5] fail (pred=airplane) CTA=0.8028
[2026-09-02 22:10:25]   target 1796, 5 victims on this gpu: ASR=0.0% CTA=0.8007 +/- 0.0024
[2026-09-02 22:10:25] === target 2548 (7/8) ===
[2026-09-02 22:14:27]   target 2548: crafted 250 poisons in 239 s, obj=0.25502
[2026-09-02 22:14:27]   target 2548: realized linf = 0.03137 (8.00/255), budget = 8.00/255
[2026-09-02 22:15:19]   [t2548 v1/5] SUCCESS (pred=frog) CTA=0.8001
[2026-09-02 22:16:09]   [t2548 v2/5] fail (pred=airplane) CTA=0.7907
[2026-09-02 22:17:00]   [t2548 v3/5] fail (pred=airplane) CTA=0.7954
[2026-09-02 22:17:50]   [t2548 v4/5] SUCCESS (pred=frog) CTA=0.8089
