stage: optional directory absent: /home/mmoslem3/scratch/PoisonBase/ours_result/CIFAR10_ConvNetBN_fc_ours_dog-bird_b0.002_eps8_seed42_lam1_cosine_selMinusMtimesR_ce5_tgt50
job: 769963 cmp30_06_convnetbn_fc_db_b0002_minus_m_times_r on rack10-12
work: /tmp/attack_if
config: SOURCE_ROOT=/home/mmoslem3/scratch/PoisonBase PERSIST_DATA_ROOT=/home/mmoslem3/scratch/PoisonBase/data MODEL=ConvNetBN ATTACK=fc CLASS_PAIR=dog-bird BUDGETS=0.002 SELECT=minus-m-times-r NUM_TARGETS=8 NUM_VICTIMS=5 sh sel_dpp.sh
protocol: attack=8 targets x 5 victims
gpu: NVIDIA L40S
=== component ablation: (-M)*R | ConvNetBN / fc / dog-bird ===
    targets: pinned from target_sets/ConvNetBN_fc_dog-bird.json (same 10 the random-base run attacked)
    difficulty label tgt50   craft flags: none
    component ablation: (-M)*R; needed raw components are averaged over surrogates, then standardized (batch=64)
    budgets: 0.002

--- minus-m-times-r | ConvNetBN / fc / dog-bird | budget 0.002 ---
[2026-09-02 20:20:43] === run start: CIFAR10_ConvNetBN_fc_ours_dog-bird_b0.002_eps8_seed42_lam1_cosine_selMinusMtimesR_ce5_tgt50 on cuda [0] ===
[2026-09-02 20:20:43] args: {"FORCE": false, "attack": "fc", "base": "ours", "base_dist": "cosine", "base_topr": null, "budget": 0.002, "cache_dir": "/tmp/attack_if/cache", "class_pair": "dog-bird", "clean_baseline": true, "craft_alpha": 0.0039216, "craft_aug": true, "craft_batch": 256, "craft_ensemble": 5, "craft_lowmem": false, "craft_schedule": false, "craft_steps": 250, "data_path": "/tmp/data", "dataset": "CIFAR10", "dsa_strategy": "color_crop_cutout_flip_scale_rotate", "epsilon": 0.0313725, "fast_gradmatch": false, "fc_mode": "sample", "fc_restarts": 1, "gpus": "all", "jacobian_batch_size": 64, "jacobian_weight": 1.0, "lambda_margin": 1.0, "model": "ConvNetBN", "no_resume": false, "num_poisons": 500, "num_surrogates": 20, "num_targets": 8, "num_victims": 5, "out_dir": "/tmp/attack_if/ours_result", "pair_order": "poison-target", "parallel_pretrain": true, "parallel_targets": true, "precompute_id": null, "precompute_only": false, "precompute_part": "both", "rank_on_victims": true, "recompute_deltas": false, "require_correct_target": false, "restarts": 8, "seed": 42, "sel_K": null, "sel_alpha": 1.0, "sel_component": "minus-m-times-r", "sel_criterion": null, "sel_dpp": false, "sel_filter": false, "sel_mmr": false, "sel_mode": null, "sel_model": null, "sel_mu": 1.0, "sel_pca": false, "sel_pool": 3.0, "sharp_mode": "worst", "sharp_samples": 20, "sharp_sigma": 0.05, "steal_timeout": 7200.0, "surrogate_aug": false, "surrogate_bs": 128, "surrogate_decay": [35, 45], "surrogate_epochs": 60, "surrogate_lr": 0.1, "surrogate_wd": 0.0, "target_idx_file": "target_sets/ConvNetBN_fc_dog-bird.json", "target_select": 50, "use_jacobian_score": false, "victim_aug": false, "victim_bs": 125, "victim_decay": [40], "victim_epochs": 50, "victim_lr": 0.1, "victim_wd": 0.0}
[2026-09-02 20:20:43] Jacobian score: disabled
[2026-09-02 20:20:43] (-M)*R component selector: raw components averaged over surrogates, then each used component standardized across candidates; batch_size=64
[2026-09-02 20:20:43] N_total=50000 budget=0.002 -> N_p=100 poisons, y_adv=5(dog) target_class=2(bird)
[2026-09-02 20:20:43] === surrogates (20 x ConvNetBN, trained on the full real set) ===
[2026-09-02 20:20:43]   crafting on 5/20 surrogates
[2026-09-02 20:20:43] === clean victims (5 x ConvNetBN) ===
[2026-09-02 20:20:44]   clean baseline CTA = 0.8120 +/- 0.0079
[2026-09-02 20:20:44]   target pool 1000 -> eligible 964 (36 already predicted as y_adv or dropped)
[2026-09-02 20:20:44]   chosen 8 targets (file), p_adv range 0.0000..0.0082
[2026-09-02 20:20:44]   targets: [2540, 8129, 3725, 5705, 7663, 3875, 5169, 6335]
[2026-09-02 20:20:44] === target 2540 (1/8) ===
[2026-09-02 20:20:46]   target 2540: crafted 100 poisons in 2 s, obj=0.16479
[2026-09-02 20:20:46]   target 2540: realized linf = 0.03137 (8.00/255), budget = 8.00/255
[2026-09-02 20:21:36]   [t2540 v1/5] fail (pred=bird) CTA=0.8059
[2026-09-02 20:22:26]   [t2540 v2/5] fail (pred=horse) CTA=0.7678
[2026-09-02 20:23:16]   [t2540 v3/5] fail (pred=bird) CTA=0.8090
[2026-09-02 20:24:06]   [t2540 v4/5] fail (pred=bird) CTA=0.8045
[2026-09-02 20:24:56]   [t2540 v5/5] fail (pred=bird) CTA=0.8055
[2026-09-02 20:24:56]   target 2540, 5 victims on this gpu: ASR=0.0% CTA=0.7985 +/- 0.0154
[2026-09-02 20:24:56] === target 8129 (2/8) ===
[2026-09-02 20:24:59]   target 8129: crafted 100 poisons in 1 s, obj=0.14901
[2026-09-02 20:24:59]   target 8129: realized linf = 0.03137 (8.00/255), budget = 8.00/255
[2026-09-02 20:25:50]   [t8129 v1/5] fail (pred=bird) CTA=0.8022
[2026-09-02 20:26:40]   [t8129 v2/5] fail (pred=bird) CTA=0.7995
[2026-09-02 20:27:30]   [t8129 v3/5] fail (pred=bird) CTA=0.7984
[2026-09-02 20:28:20]   [t8129 v4/5] fail (pred=bird) CTA=0.8003
[2026-09-02 20:29:10]   [t8129 v5/5] SUCCESS (pred=dog) CTA=0.7889
[2026-09-02 20:29:10]   target 8129, 5 victims on this gpu: ASR=20.0% CTA=0.7979 +/- 0.0046
[2026-09-02 20:29:10] === target 3725 (3/8) ===
[2026-09-02 20:29:12]   target 3725: crafted 100 poisons in 1 s, obj=0.20883
[2026-09-02 20:29:12]   target 3725: realized linf = 0.03137 (8.00/255), budget = 8.00/255
[2026-09-02 20:30:04]   [t3725 v1/5] fail (pred=bird) CTA=0.8121
[2026-09-02 20:30:54]   [t3725 v2/5] SUCCESS (pred=dog) CTA=0.8032
[2026-09-02 20:31:44]   [t3725 v3/5] fail (pred=bird) CTA=0.7967
[2026-09-02 20:32:33]   [t3725 v4/5] fail (pred=bird) CTA=0.7903
[2026-09-02 20:33:23]   [t3725 v5/5] SUCCESS (pred=dog) CTA=0.8093
[2026-09-02 20:33:23]   target 3725, 5 victims on this gpu: ASR=40.0% CTA=0.8023 +/- 0.0080
[2026-09-02 20:33:23] === target 5705 (4/8) ===
[2026-09-02 20:33:26]   target 5705: crafted 100 poisons in 1 s, obj=0.10647
[2026-09-02 20:33:26]   target 5705: realized linf = 0.03137 (8.00/255), budget = 8.00/255
[2026-09-02 20:34:17]   [t5705 v1/5] fail (pred=bird) CTA=0.8029
[2026-09-02 20:35:07]   [t5705 v2/5] fail (pred=bird) CTA=0.8165
[2026-09-02 20:35:57]   [t5705 v3/5] SUCCESS (pred=dog) CTA=0.7960
[2026-09-02 20:36:47]   [t5705 v4/5] fail (pred=bird) CTA=0.8019
[2026-09-02 20:37:37]   [t5705 v5/5] fail (pred=bird) CTA=0.8036
[2026-09-02 20:37:37]   target 5705, 5 victims on this gpu: ASR=20.0% CTA=0.8042 +/- 0.0067
[2026-09-02 20:37:37] === target 7663 (5/8) ===
[2026-09-02 20:37:39]   target 7663: crafted 100 poisons in 1 s, obj=0.12266
[2026-09-02 20:37:39]   target 7663: realized linf = 0.03137 (8.00/255), budget = 8.00/255
[2026-09-02 20:38:31]   [t7663 v1/5] fail (pred=bird) CTA=0.8016
[2026-09-02 20:39:20]   [t7663 v2/5] fail (pred=bird) CTA=0.8058
[2026-09-02 20:40:10]   [t7663 v3/5] fail (pred=bird) CTA=0.8036
[2026-09-02 20:41:00]   [t7663 v4/5] fail (pred=bird) CTA=0.8181
[2026-09-02 20:41:50]   [t7663 v5/5] fail (pred=bird) CTA=0.8096
[2026-09-02 20:41:50]   target 7663, 5 victims on this gpu: ASR=0.0% CTA=0.8077 +/- 0.0058
[2026-09-02 20:41:50] === target 3875 (6/8) ===
[2026-09-02 20:41:52]   target 3875: crafted 100 poisons in 1 s, obj=0.18075
[2026-09-02 20:41:52]   target 3875: realized linf = 0.03137 (8.00/255), budget = 8.00/255
[2026-09-02 20:42:44]   [t3875 v1/5] fail (pred=bird) CTA=0.8028
[2026-09-02 20:43:34]   [t3875 v2/5] fail (pred=bird) CTA=0.7963
[2026-09-02 20:44:24]   [t3875 v3/5] fail (pred=bird) CTA=0.8078
[2026-09-02 20:45:14]   [t3875 v4/5] SUCCESS (pred=dog) CTA=0.7943
[2026-09-02 20:46:04]   [t3875 v5/5] fail (pred=truck) CTA=0.7972
[2026-09-02 20:46:04]   target 3875, 5 victims on this gpu: ASR=20.0% CTA=0.7997 +/- 0.0049
[2026-09-02 20:46:04] === target 5169 (7/8) ===
[2026-09-02 20:46:06]   target 5169: crafted 100 poisons in 1 s, obj=0.12377
[2026-09-02 20:46:06]   target 5169: realized linf = 0.03137 (8.00/255), budget = 8.00/255
[2026-09-02 20:46:57]   [t5169 v1/5] fail (pred=bird) CTA=0.7862
[2026-09-02 20:47:47]   [t5169 v2/5] fail (pred=bird) CTA=0.7908
[2026-09-02 20:48:37]   [t5169 v3/5] fail (pred=bird) CTA=0.8061
[2026-09-02 20:49:27]   [t5169 v4/5] fail (pred=bird) CTA=0.8123
[2026-09-02 20:50:17]   [t5169 v5/5] fail (pred=bird) CTA=0.8066
[2026-09-02 20:50:17]   target 5169, 5 victims on this gpu: ASR=0.0% CTA=0.8004 +/- 0.0101
[2026-09-02 20:50:17] === target 6335 (8/8) ===
[2026-09-02 20:50:19]   target 6335: crafted 100 poisons in 1 s, obj=0.14315
[2026-09-02 20:50:19]   target 6335: realized linf = 0.03137 (8.00/255), budget = 8.00/255
[2026-09-02 20:51:11]   [t6335 v1/5] fail (pred=bird) CTA=0.8001
[2026-09-02 20:52:01]   [t6335 v2/5] fail (pred=bird) CTA=0.7990
[2026-09-02 20:52:51]   [t6335 v3/5] fail (pred=bird) CTA=0.8104
[2026-09-02 20:53:41]   [t6335 v4/5] fail (pred=bird) CTA=0.8056
[2026-09-02 20:54:31]   [t6335 v5/5] fail (pred=bird) CTA=0.8109
[2026-09-02 20:54:31]   target 6335, 5 victims on this gpu: ASR=0.0% CTA=0.8052 +/- 0.0050
[2026-09-02 20:54:31] ==== CIFAR10_ConvNetBN_fc_ours_dog-bird_b0.002_eps8_seed42_lam1_cosine_selMinusMtimesR_ce5_tgt50 : ASR = 12.5% +/- 13.9% | CTA = 0.8020 (baseline 0.8120) ====
[2026-09-02 20:54:31]   target-prediction tally ['airplane', 'automobile', 'bird', 'cat', 'deer', 'dog', 'frog', 'horse', 'ship', 'truck']: [0, 0, 33, 0, 0, 5, 0, 1, 0, 1]

sync: preserving outputs in /home/mmoslem3/scratch/PoisonBase
sync: complete
