stage: optional directory absent: /home/mmoslem3/scratch/PoisonBase/ours_result/CIFAR10_VGG13BN_gradmatch_ours_dog-bird_b0.002_eps8_seed42_lam1_cosine_selAminusM_ce5_tgt50
job: 769931 cmp30_01_vgg13bn_gm_db_b0002_a_minus_m on rack03-09
work: /tmp/attack_if
config: SOURCE_ROOT=/home/mmoslem3/scratch/PoisonBase PERSIST_DATA_ROOT=/home/mmoslem3/scratch/PoisonBase/data MODEL=VGG13BN ATTACK=gradmatch CLASS_PAIR=dog-bird BUDGETS=0.002 SELECT=a-minus-m NUM_TARGETS=8 NUM_VICTIMS=5 sh sel_dpp.sh
protocol: attack=8 targets x 5 victims
gpu: NVIDIA L40S
=== component ablation: A-M | VGG13BN / gradmatch / dog-bird ===
    targets: pinned from target_sets/VGG13BN_gradmatch_dog-bird.json (same 10 the random-base run attacked)
    difficulty label tgt50   craft flags: --craft_lowmem --craft_batch 256 --fast_gradmatch
    component ablation: A-M; needed raw components are averaged over surrogates, then standardized (batch=64)
    budgets: 0.002

--- a-minus-m | VGG13BN / gradmatch / dog-bird | budget 0.002 ---
[2026-09-02 19:56:35] === run start: CIFAR10_VGG13BN_gradmatch_ours_dog-bird_b0.002_eps8_seed42_lam1_cosine_selAminusM_ce5_tgt50 on cuda [0] ===
[2026-09-02 19:56:35] args: {"FORCE": false, "attack": "gradmatch", "base": "ours", "base_dist": "cosine", "base_topr": null, "budget": 0.002, "cache_dir": "/tmp/attack_if/cache", "class_pair": "dog-bird", "clean_baseline": true, "craft_alpha": 0.0039216, "craft_aug": true, "craft_batch": 256, "craft_ensemble": 5, "craft_lowmem": true, "craft_schedule": false, "craft_steps": 250, "data_path": "/tmp/data", "dataset": "CIFAR10", "dsa_strategy": "color_crop_cutout_flip_scale_rotate", "epsilon": 0.0313725, "fast_gradmatch": true, "fc_mode": "sample", "fc_restarts": 1, "gpus": "all", "jacobian_batch_size": 64, "jacobian_weight": 1.0, "lambda_margin": 1.0, "model": "VGG13BN", "no_resume": false, "num_poisons": 500, "num_surrogates": 20, "num_targets": 8, "num_victims": 5, "out_dir": "/tmp/attack_if/ours_result", "pair_order": "poison-target", "parallel_pretrain": true, "parallel_targets": true, "precompute_id": null, "precompute_only": false, "precompute_part": "both", "rank_on_victims": true, "recompute_deltas": false, "require_correct_target": false, "restarts": 8, "seed": 42, "sel_K": null, "sel_alpha": 1.0, "sel_component": "a-minus-m", "sel_criterion": null, "sel_dpp": false, "sel_filter": false, "sel_mmr": false, "sel_mode": null, "sel_model": null, "sel_mu": 1.0, "sel_pca": false, "sel_pool": 3.0, "sharp_mode": "worst", "sharp_samples": 20, "sharp_sigma": 0.05, "steal_timeout": 7200.0, "surrogate_aug": false, "surrogate_bs": 128, "surrogate_decay": [35, 45], "surrogate_epochs": 60, "surrogate_lr": 0.1, "surrogate_wd": 0.0, "target_idx_file": "target_sets/VGG13BN_gradmatch_dog-bird.json", "target_select": 50, "use_jacobian_score": false, "victim_aug": false, "victim_bs": 125, "victim_decay": [40], "victim_epochs": 50, "victim_lr": 0.1, "victim_wd": 0.0}
[2026-09-02 19:56:35] Jacobian score: disabled
[2026-09-02 19:56:35] A-M component selector: raw components averaged over surrogates, then each used component standardized across candidates; batch_size=64
[2026-09-02 19:56:35] N_total=50000 budget=0.002 -> N_p=100 poisons, y_adv=5(dog) target_class=2(bird)
[2026-09-02 19:56:35] === surrogates (20 x VGG13BN, trained on the full real set) ===
[2026-09-02 19:56:36]   crafting on 5/20 surrogates
[2026-09-02 19:56:36] === clean victims (5 x VGG13BN) ===
[2026-09-02 19:56:38]   clean baseline CTA = 0.8451 +/- 0.0161
[2026-09-02 19:56:38]   target pool 1000 -> eligible 970 (30 already predicted as y_adv or dropped)
[2026-09-02 19:56:38]   chosen 8 targets (file), p_adv range 0.0000..0.0000
[2026-09-02 19:56:38]   targets: [630, 409, 2270, 9870, 1656, 5022, 9090, 6033]
[2026-09-02 19:56:38] === target 630 (1/8) ===
[2026-09-02 19:56:39]   Jacobian score exact backend: torch.func JVP
[2026-09-02 19:59:54]   target 630: crafted 100 poisons in 186 s, obj=0.30481
[2026-09-02 19:59:54]   target 630: realized linf = 0.03137 (8.00/255), budget = 8.00/255
[2026-09-02 20:01:35]   [t630 v1/5] SUCCESS (pred=dog) CTA=0.8622
[2026-09-02 20:03:16]   [t630 v2/5] fail (pred=ship) CTA=0.8493
[2026-09-02 20:04:57]   [t630 v3/5] SUCCESS (pred=dog) CTA=0.8513
[2026-09-02 20:06:37]   [t630 v4/5] SUCCESS (pred=dog) CTA=0.8616
[2026-09-02 20:08:18]   [t630 v5/5] fail (pred=bird) CTA=0.8500
[2026-09-02 20:08:18]   target 630, 5 victims on this gpu: ASR=60.0% CTA=0.8549 +/- 0.0058
[2026-09-02 20:08:18] === target 409 (2/8) ===
[2026-09-02 20:11:34]   target 409: crafted 100 poisons in 187 s, obj=0.27015
[2026-09-02 20:11:34]   target 409: realized linf = 0.03137 (8.00/255), budget = 8.00/255
[2026-09-02 20:13:18]   [t409 v1/5] fail (pred=cat) CTA=0.8550
[2026-09-02 20:14:58]   [t409 v2/5] SUCCESS (pred=dog) CTA=0.8575
[2026-09-02 20:16:39]   [t409 v3/5] SUCCESS (pred=dog) CTA=0.8599
[2026-09-02 20:18:20]   [t409 v4/5] fail (pred=bird) CTA=0.8520
[2026-09-02 20:20:01]   [t409 v5/5] SUCCESS (pred=dog) CTA=0.8576
[2026-09-02 20:20:01]   target 409, 5 victims on this gpu: ASR=60.0% CTA=0.8564 +/- 0.0027
[2026-09-02 20:20:01] === target 2270 (3/8) ===
[2026-09-02 20:23:17]   target 2270: crafted 100 poisons in 187 s, obj=0.28575
[2026-09-02 20:23:17]   target 2270: realized linf = 0.03137 (8.00/255), budget = 8.00/255
[2026-09-02 20:25:01]   [t2270 v1/5] SUCCESS (pred=dog) CTA=0.8601
[2026-09-02 20:26:41]   [t2270 v2/5] SUCCESS (pred=dog) CTA=0.8510
[2026-09-02 20:28:23]   [t2270 v3/5] SUCCESS (pred=dog) CTA=0.8544
[2026-09-02 20:30:03]   [t2270 v4/5] SUCCESS (pred=dog) CTA=0.8631
[2026-09-02 20:31:44]   [t2270 v5/5] SUCCESS (pred=dog) CTA=0.8445
[2026-09-02 20:31:44]   target 2270, 5 victims on this gpu: ASR=100.0% CTA=0.8546 +/- 0.0066
[2026-09-02 20:31:44] === target 9870 (4/8) ===
[2026-09-02 20:35:00]   target 9870: crafted 100 poisons in 187 s, obj=0.27064
[2026-09-02 20:35:00]   target 9870: realized linf = 0.03137 (8.00/255), budget = 8.00/255
[2026-09-02 20:36:44]   [t9870 v1/5] fail (pred=bird) CTA=0.8572
[2026-09-02 20:38:25]   [t9870 v2/5] fail (pred=bird) CTA=0.8422
[2026-09-02 20:40:06]   [t9870 v3/5] fail (pred=bird) CTA=0.8511
[2026-09-02 20:41:47]   [t9870 v4/5] SUCCESS (pred=dog) CTA=0.8498
[2026-09-02 20:43:27]   [t9870 v5/5] fail (pred=bird) CTA=0.8549
[2026-09-02 20:43:27]   target 9870, 5 victims on this gpu: ASR=20.0% CTA=0.8510 +/- 0.0051
[2026-09-02 20:43:27] === target 1656 (5/8) ===
[2026-09-02 20:46:44]   target 1656: crafted 100 poisons in 187 s, obj=0.27625
[2026-09-02 20:46:44]   target 1656: realized linf = 0.03137 (8.00/255), budget = 8.00/255
[2026-09-02 20:48:27]   [t1656 v1/5] SUCCESS (pred=dog) CTA=0.8513
[2026-09-02 20:50:08]   [t1656 v2/5] SUCCESS (pred=dog) CTA=0.8470
[2026-09-02 20:51:49]   [t1656 v3/5] SUCCESS (pred=dog) CTA=0.8552
[2026-09-02 20:53:30]   [t1656 v4/5] SUCCESS (pred=dog) CTA=0.8622
