stage: optional directory absent: /home/mmoslem3/scratch/PoisonBase/ours_result/CIFAR10_ConvNetBN_sapa_ours_dog-bird_b0.01_eps8_seed42_lam1_cosine_selAminusM_worst0.05_ce5_tgt70
job: 769997 cmp30_12_convnetbn_sapa_db_b001_a_minus_m on rack06-14
work: /tmp/attack_if
config: SOURCE_ROOT=/home/mmoslem3/scratch/PoisonBase PERSIST_DATA_ROOT=/home/mmoslem3/scratch/PoisonBase/data MODEL=ConvNetBN ATTACK=sapa CLASS_PAIR=dog-bird BUDGETS=0.01 SELECT=a-minus-m NUM_TARGETS=8 NUM_VICTIMS=5 sh sel_dpp.sh
protocol: attack=8 targets x 5 victims
gpu: NVIDIA L40S
=== component ablation: A-M | ConvNetBN / sapa / dog-bird | sharp worst sigma=0.05 ===
    targets: pinned from target_sets/ConvNetBN_gradmatch_dog-bird.json (same 10 the random-base run attacked)
    difficulty label tgt70   craft flags: none
    component ablation: A-M; needed raw components are averaged over surrogates, then standardized (batch=64)
    budgets: 0.01

--- a-minus-m | ConvNetBN / sapa / dog-bird | sharp worst sigma=0.05 | budget 0.01 ---
[2026-09-02 20:37:02] === run start: CIFAR10_ConvNetBN_sapa_ours_dog-bird_b0.01_eps8_seed42_lam1_cosine_selAminusM_worst0.05_ce5_tgt70 on cuda [0] ===
[2026-09-02 20:37:02] args: {"FORCE": false, "attack": "sapa", "base": "ours", "base_dist": "cosine", "base_topr": null, "budget": 0.01, "cache_dir": "/tmp/attack_if/cache", "class_pair": "dog-bird", "clean_baseline": true, "craft_alpha": 0.0039216, "craft_aug": true, "craft_batch": 256, "craft_ensemble": 5, "craft_lowmem": false, "craft_schedule": false, "craft_steps": 250, "data_path": "/tmp/data", "dataset": "CIFAR10", "dsa_strategy": "color_crop_cutout_flip_scale_rotate", "epsilon": 0.0313725, "fast_gradmatch": false, "fc_mode": "sample", "fc_restarts": 1, "gpus": "all", "jacobian_batch_size": 64, "jacobian_weight": 1.0, "lambda_margin": 1.0, "model": "ConvNetBN", "no_resume": false, "num_poisons": 500, "num_surrogates": 20, "num_targets": 8, "num_victims": 5, "out_dir": "/tmp/attack_if/ours_result", "pair_order": "poison-target", "parallel_pretrain": true, "parallel_targets": true, "precompute_id": null, "precompute_only": false, "precompute_part": "both", "rank_on_victims": true, "recompute_deltas": false, "require_correct_target": false, "restarts": 8, "seed": 42, "sel_K": null, "sel_alpha": 1.0, "sel_component": "a-minus-m", "sel_criterion": null, "sel_dpp": false, "sel_filter": false, "sel_mmr": false, "sel_mode": null, "sel_model": null, "sel_mu": 1.0, "sel_pca": false, "sel_pool": 3.0, "sharp_mode": "worst", "sharp_samples": 20, "sharp_sigma": 0.05, "steal_timeout": 7200.0, "surrogate_aug": false, "surrogate_bs": 128, "surrogate_decay": [35, 45], "surrogate_epochs": 60, "surrogate_lr": 0.1, "surrogate_wd": 0.0, "target_idx_file": "target_sets/ConvNetBN_gradmatch_dog-bird.json", "target_select": 70, "use_jacobian_score": false, "victim_aug": false, "victim_bs": 125, "victim_decay": [40], "victim_epochs": 50, "victim_lr": 0.1, "victim_wd": 0.0}
[2026-09-02 20:37:02] Jacobian score: disabled
[2026-09-02 20:37:02] A-M component selector: raw components averaged over surrogates, then each used component standardized across candidates; batch_size=64
[2026-09-02 20:37:02] N_total=50000 budget=0.01 -> N_p=500 poisons, y_adv=5(dog) target_class=2(bird)
[2026-09-02 20:37:02] === surrogates (20 x ConvNetBN, trained on the full real set) ===
[2026-09-02 20:37:02]   crafting on 5/20 surrogates
[2026-09-02 20:37:02] === clean victims (5 x ConvNetBN) ===
[2026-09-02 20:37:03]   clean baseline CTA = 0.8120 +/- 0.0079
[2026-09-02 20:37:03]   target pool 1000 -> eligible 964 (36 already predicted as y_adv or dropped)
[2026-09-02 20:37:03]   chosen 8 targets (file), p_adv range 0.0000..0.0000
[2026-09-02 20:37:03]   targets: [843, 1257, 8252, 8730, 8055, 5859, 8954, 821]
[2026-09-02 20:37:03] === target 843 (1/8) ===
[2026-09-02 20:37:04]   Jacobian score exact backend: torch.func JVP
[2026-09-02 20:45:43]   target 843: crafted 500 poisons in 516 s, obj=0.28346
[2026-09-02 20:45:43]   target 843: realized linf = 0.03137 (8.00/255), budget = 8.00/255
[2026-09-02 20:46:35]   [t843 v1/5] SUCCESS (pred=dog) CTA=0.8080
[2026-09-02 20:47:25]   [t843 v2/5] SUCCESS (pred=dog) CTA=0.8043
[2026-09-02 20:48:15]   [t843 v3/5] SUCCESS (pred=dog) CTA=0.8110
[2026-09-02 20:49:06]   [t843 v4/5] fail (pred=bird) CTA=0.8167
[2026-09-02 20:49:56]   [t843 v5/5] SUCCESS (pred=dog) CTA=0.8052
[2026-09-02 20:49:56]   target 843, 5 victims on this gpu: ASR=80.0% CTA=0.8090 +/- 0.0045
[2026-09-02 20:49:56] === target 1257 (2/8) ===
[2026-09-02 20:58:34]   target 1257: crafted 500 poisons in 515 s, obj=0.24917
[2026-09-02 20:58:34]   target 1257: realized linf = 0.03137 (8.00/255), budget = 8.00/255
[2026-09-02 20:59:26]   [t1257 v1/5] SUCCESS (pred=dog) CTA=0.8061
[2026-09-02 21:00:17]   [t1257 v2/5] SUCCESS (pred=dog) CTA=0.8116
[2026-09-02 21:01:07]   [t1257 v3/5] SUCCESS (pred=dog) CTA=0.8155
[2026-09-02 21:01:58]   [t1257 v4/5] SUCCESS (pred=dog) CTA=0.8038
[2026-09-02 21:02:49]   [t1257 v5/5] SUCCESS (pred=dog) CTA=0.8060
[2026-09-02 21:02:49]   target 1257, 5 victims on this gpu: ASR=100.0% CTA=0.8086 +/- 0.0043
[2026-09-02 21:02:49] === target 8252 (3/8) ===
[2026-09-02 21:11:28]   target 8252: crafted 500 poisons in 515 s, obj=0.21893
[2026-09-02 21:11:28]   target 8252: realized linf = 0.03137 (8.00/255), budget = 8.00/255
[2026-09-02 21:12:19]   [t8252 v1/5] SUCCESS (pred=dog) CTA=0.8051
[2026-09-02 21:13:10]   [t8252 v2/5] SUCCESS (pred=dog) CTA=0.8209
[2026-09-02 21:14:00]   [t8252 v3/5] SUCCESS (pred=dog) CTA=0.8054
[2026-09-02 21:14:50]   [t8252 v4/5] SUCCESS (pred=dog) CTA=0.7961
[2026-09-02 21:15:40]   [t8252 v5/5] SUCCESS (pred=dog) CTA=0.7875
[2026-09-02 21:15:40]   target 8252, 5 victims on this gpu: ASR=100.0% CTA=0.8030 +/- 0.0111
[2026-09-02 21:15:40] === target 8730 (4/8) ===
[2026-09-02 21:24:19]   target 8730: crafted 500 poisons in 515 s, obj=0.23924
[2026-09-02 21:24:19]   target 8730: realized linf = 0.03137 (8.00/255), budget = 8.00/255
[2026-09-02 21:25:10]   [t8730 v1/5] SUCCESS (pred=dog) CTA=0.8081
[2026-09-02 21:26:01]   [t8730 v2/5] SUCCESS (pred=dog) CTA=0.8142
[2026-09-02 21:26:51]   [t8730 v3/5] SUCCESS (pred=dog) CTA=0.8184
[2026-09-02 21:27:41]   [t8730 v4/5] fail (pred=deer) CTA=0.8058
[2026-09-02 21:28:31]   [t8730 v5/5] SUCCESS (pred=dog) CTA=0.8053
[2026-09-02 21:28:31]   target 8730, 5 victims on this gpu: ASR=80.0% CTA=0.8104 +/- 0.0051
[2026-09-02 21:28:31] === target 8055 (5/8) ===
[2026-09-02 21:37:10]   target 8055: crafted 500 poisons in 515 s, obj=0.27480
[2026-09-02 21:37:10]   target 8055: realized linf = 0.03137 (8.00/255), budget = 8.00/255
[2026-09-02 21:38:02]   [t8055 v1/5] SUCCESS (pred=dog) CTA=0.8080
[2026-09-02 21:38:52]   [t8055 v2/5] SUCCESS (pred=dog) CTA=0.7988
[2026-09-02 21:39:42]   [t8055 v3/5] SUCCESS (pred=dog) CTA=0.8154
[2026-09-02 21:40:32]   [t8055 v4/5] SUCCESS (pred=dog) CTA=0.8008
[2026-09-02 21:41:22]   [t8055 v5/5] SUCCESS (pred=dog) CTA=0.8135
[2026-09-02 21:41:22]   target 8055, 5 victims on this gpu: ASR=100.0% CTA=0.8073 +/- 0.0066
[2026-09-02 21:41:22] === target 5859 (6/8) ===
[2026-09-02 21:50:01]   target 5859: crafted 500 poisons in 515 s, obj=0.22795
[2026-09-02 21:50:01]   target 5859: realized linf = 0.03137 (8.00/255), budget = 8.00/255
[2026-09-02 21:50:53]   [t5859 v1/5] SUCCESS (pred=dog) CTA=0.8092
[2026-09-02 21:51:43]   [t5859 v2/5] SUCCESS (pred=dog) CTA=0.8128
[2026-09-02 21:52:33]   [t5859 v3/5] SUCCESS (pred=dog) CTA=0.8046
[2026-09-02 21:53:23]   [t5859 v4/5] SUCCESS (pred=dog) CTA=0.8001
[2026-09-02 21:54:13]   [t5859 v5/5] SUCCESS (pred=dog) CTA=0.8075
[2026-09-02 21:54:13]   target 5859, 5 victims on this gpu: ASR=100.0% CTA=0.8068 +/- 0.0043
[2026-09-02 21:54:13] === target 8954 (7/8) ===
[2026-09-02 22:02:53]   target 8954: crafted 500 poisons in 516 s, obj=0.21017
[2026-09-02 22:02:53]   target 8954: realized linf = 0.03137 (8.00/255), budget = 8.00/255
[2026-09-02 22:03:44]   [t8954 v1/5] SUCCESS (pred=dog) CTA=0.8068
[2026-09-02 22:04:35]   [t8954 v2/5] SUCCESS (pred=dog) CTA=0.8037
[2026-09-02 22:05:25]   [t8954 v3/5] SUCCESS (pred=dog) CTA=0.8072
[2026-09-02 22:06:15]   [t8954 v4/5] SUCCESS (pred=dog) CTA=0.7988
[2026-09-02 22:07:05]   [t8954 v5/5] SUCCESS (pred=dog) CTA=0.8054
[2026-09-02 22:07:05]   target 8954, 5 victims on this gpu: ASR=100.0% CTA=0.8044 +/- 0.0030
[2026-09-02 22:07:05] === target 821 (8/8) ===
[2026-09-02 22:15:45]   target 821: crafted 500 poisons in 516 s, obj=0.29214
[2026-09-02 22:15:45]   target 821: realized linf = 0.03137 (8.00/255), budget = 8.00/255
[2026-09-02 22:16:36]   [t821 v1/5] SUCCESS (pred=dog) CTA=0.8145
[2026-09-02 22:17:27]   [t821 v2/5] SUCCESS (pred=dog) CTA=0.8151
[2026-09-02 22:18:17]   [t821 v3/5] SUCCESS (pred=dog) CTA=0.8067
[2026-09-02 22:19:07]   [t821 v4/5] fail (pred=horse) CTA=0.8121
[2026-09-02 22:19:57]   [t821 v5/5] SUCCESS (pred=dog) CTA=0.8080
[2026-09-02 22:19:57]   target 821, 5 victims on this gpu: ASR=80.0% CTA=0.8113 +/- 0.0034
[2026-09-02 22:19:57] ==== CIFAR10_ConvNetBN_sapa_ours_dog-bird_b0.01_eps8_seed42_lam1_cosine_selAminusM_worst0.05_ce5_tgt70 : ASR = 92.5% +/- 9.7% | CTA = 0.8076 (baseline 0.8120) ====
[2026-09-02 22:19:57]   target-prediction tally ['airplane', 'automobile', 'bird', 'cat', 'deer', 'dog', 'frog', 'horse', 'ship', 'truck']: [0, 0, 1, 0, 1, 37, 0, 1, 0, 0]

sync: preserving outputs in /home/mmoslem3/scratch/PoisonBase
sync: complete
