stage: optional directory absent: /home/mmoslem3/scratch/attack_if/ours_result/CIFAR10_ConvNetBN_fc_ours_dog-bird_b0.002_eps8_seed42_lam1_cosine_selMinusM_ce5_tgt50
job: 5194403 cmp30b_06_convnetbn_fc_db_b0002_minus_m on kn033
work: /tmp/attack_if
config: source /home/mmoslem3/ENV/bin/activate; SOURCE_ROOT=/home/mmoslem3/scratch/attack_if PERSIST_DATA_ROOT=/home/mmoslem3/scratch/data MODEL=ConvNetBN ATTACK=fc CLASS_PAIR=dog-bird BUDGETS=0.002 SELECT=minus-m NUM_TARGETS=8 NUM_VICTIMS=5 sh sel_dpp.sh
protocol: attack=8 targets x 5 victims
gpu: NVIDIA L40S
=== component ablation: -M | ConvNetBN / fc / dog-bird ===
    targets: pinned from target_sets/ConvNetBN_fc_dog-bird.json (same 10 the random-base run attacked)
    difficulty label tgt50   craft flags: none
    component ablation: -M; needed raw components are averaged over surrogates, then standardized (batch=64)
    budgets: 0.002

--- minus-m | ConvNetBN / fc / dog-bird | budget 0.002 ---
[2026-09-02 23:01:08] === run start: CIFAR10_ConvNetBN_fc_ours_dog-bird_b0.002_eps8_seed42_lam1_cosine_selMinusM_ce5_tgt50 on cuda [0] ===
[2026-09-02 23:01:08] args: {"FORCE": false, "attack": "fc", "base": "ours", "base_dist": "cosine", "base_topr": null, "budget": 0.002, "cache_dir": "/tmp/attack_if/cache", "class_pair": "dog-bird", "clean_baseline": true, "craft_alpha": 0.0039216, "craft_aug": true, "craft_batch": 256, "craft_ensemble": 5, "craft_lowmem": false, "craft_schedule": false, "craft_steps": 250, "data_path": "/tmp/data", "dataset": "CIFAR10", "dsa_strategy": "color_crop_cutout_flip_scale_rotate", "epsilon": 0.0313725, "fast_gradmatch": false, "fc_mode": "sample", "fc_restarts": 1, "gpus": "all", "jacobian_batch_size": 64, "jacobian_weight": 1.0, "lambda_margin": 1.0, "model": "ConvNetBN", "no_resume": false, "num_poisons": 500, "num_surrogates": 20, "num_targets": 8, "num_victims": 5, "out_dir": "/tmp/attack_if/ours_result", "pair_order": "poison-target", "parallel_pretrain": true, "parallel_targets": true, "precompute_id": null, "precompute_only": false, "precompute_part": "both", "rank_on_victims": true, "recompute_deltas": false, "require_correct_target": false, "restarts": 8, "seed": 42, "sel_K": null, "sel_alpha": 1.0, "sel_component": "minus-m", "sel_criterion": null, "sel_dpp": false, "sel_filter": false, "sel_mmr": false, "sel_mode": null, "sel_model": null, "sel_mu": 1.0, "sel_pca": false, "sel_pool": 3.0, "sharp_mode": "worst", "sharp_samples": 20, "sharp_sigma": 0.05, "steal_timeout": 7200.0, "surrogate_aug": false, "surrogate_bs": 128, "surrogate_decay": [35, 45], "surrogate_epochs": 60, "surrogate_lr": 0.1, "surrogate_wd": 0.0, "target_idx_file": "target_sets/ConvNetBN_fc_dog-bird.json", "target_select": 50, "use_jacobian_score": false, "victim_aug": false, "victim_bs": 125, "victim_decay": [40], "victim_epochs": 50, "victim_lr": 0.1, "victim_wd": 0.0}
[2026-09-02 23:01:08] Jacobian score: disabled
[2026-09-02 23:01:08] -M component selector: raw components averaged over surrogates, then each used component standardized across candidates; batch_size=64
[2026-09-02 23:01:08] N_total=50000 budget=0.002 -> N_p=100 poisons, y_adv=5(dog) target_class=2(bird)
[2026-09-02 23:01:08] === surrogates (20 x ConvNetBN, trained on the full real set) ===
[2026-09-02 23:01:09]   crafting on 5/20 surrogates
[2026-09-02 23:01:09] === clean victims (5 x ConvNetBN) ===
[2026-09-02 23:01:09]   clean baseline CTA = 0.8105 +/- 0.0070
[2026-09-02 23:01:10]   target pool 1000 -> eligible 962 (38 already predicted as y_adv or dropped)
[2026-09-02 23:01:10]   chosen 8 targets (file), p_adv range 0.0000..0.0009
[2026-09-02 23:01:10]   targets: [2540, 8129, 3725, 5705, 7663, 3875, 5169, 6335]
[2026-09-02 23:01:10] === target 2540 (1/8) ===
[2026-09-02 23:01:12]   target 2540: crafted 100 poisons in 2 s, obj=0.14488
[2026-09-02 23:01:12]   target 2540: realized linf = 0.03137 (8.00/255), budget = 8.00/255
[2026-09-02 23:02:02]   [t2540 v1/5] SUCCESS (pred=dog) CTA=0.8050
[2026-09-02 23:02:52]   [t2540 v2/5] fail (pred=bird) CTA=0.7837
[2026-09-02 23:03:42]   [t2540 v3/5] SUCCESS (pred=dog) CTA=0.8068
[2026-09-02 23:04:31]   [t2540 v4/5] SUCCESS (pred=dog) CTA=0.7967
[2026-09-02 23:05:21]   [t2540 v5/5] SUCCESS (pred=dog) CTA=0.8048
[2026-09-02 23:05:21]   target 2540, 5 victims on this gpu: ASR=80.0% CTA=0.7994 +/- 0.0086
[2026-09-02 23:05:21] === target 8129 (2/8) ===
[2026-09-02 23:05:23]   target 8129: crafted 100 poisons in 1 s, obj=0.10573
[2026-09-02 23:05:23]   target 8129: realized linf = 0.03137 (8.00/255), budget = 8.00/255
[2026-09-02 23:06:14]   [t8129 v1/5] SUCCESS (pred=dog) CTA=0.8016
[2026-09-02 23:07:04]   [t8129 v2/5] fail (pred=bird) CTA=0.7981
[2026-09-02 23:07:54]   [t8129 v3/5] SUCCESS (pred=dog) CTA=0.7917
[2026-09-02 23:08:43]   [t8129 v4/5] fail (pred=bird) CTA=0.8019
[2026-09-02 23:09:33]   [t8129 v5/5] fail (pred=bird) CTA=0.7947
[2026-09-02 23:09:33]   target 8129, 5 victims on this gpu: ASR=40.0% CTA=0.7976 +/- 0.0039
[2026-09-02 23:09:33] === target 3725 (3/8) ===
[2026-09-02 23:09:35]   target 3725: crafted 100 poisons in 1 s, obj=0.20556
[2026-09-02 23:09:35]   target 3725: realized linf = 0.03137 (8.00/255), budget = 8.00/255
[2026-09-02 23:10:26]   [t3725 v1/5] fail (pred=bird) CTA=0.8005
[2026-09-02 23:11:16]   [t3725 v2/5] fail (pred=bird) CTA=0.8025
[2026-09-02 23:12:06]   [t3725 v3/5] SUCCESS (pred=dog) CTA=0.7962
[2026-09-02 23:12:56]   [t3725 v4/5] fail (pred=bird) CTA=0.7990
[2026-09-02 23:13:46]   [t3725 v5/5] SUCCESS (pred=dog) CTA=0.8081
[2026-09-02 23:13:46]   target 3725, 5 victims on this gpu: ASR=40.0% CTA=0.8013 +/- 0.0040
[2026-09-02 23:13:46] === target 5705 (4/8) ===
[2026-09-02 23:13:48]   target 5705: crafted 100 poisons in 1 s, obj=0.07953
[2026-09-02 23:13:48]   target 5705: realized linf = 0.03137 (8.00/255), budget = 8.00/255
[2026-09-02 23:14:40]   [t5705 v1/5] fail (pred=bird) CTA=0.8036
[2026-09-02 23:15:29]   [t5705 v2/5] SUCCESS (pred=dog) CTA=0.8182
[2026-09-02 23:16:19]   [t5705 v3/5] SUCCESS (pred=dog) CTA=0.7921
[2026-09-02 23:17:08]   [t5705 v4/5] fail (pred=bird) CTA=0.8074
[2026-09-02 23:17:58]   [t5705 v5/5] fail (pred=bird) CTA=0.7988
[2026-09-02 23:17:58]   target 5705, 5 victims on this gpu: ASR=40.0% CTA=0.8040 +/- 0.0087
[2026-09-02 23:17:58] === target 7663 (5/8) ===
[2026-09-02 23:18:00]   target 7663: crafted 100 poisons in 1 s, obj=0.08019
[2026-09-02 23:18:00]   target 7663: realized linf = 0.03137 (8.00/255), budget = 8.00/255
[2026-09-02 23:18:52]   [t7663 v1/5] fail (pred=bird) CTA=0.7979
[2026-09-02 23:19:42]   [t7663 v2/5] fail (pred=bird) CTA=0.8104
[2026-09-02 23:20:31]   [t7663 v3/5] fail (pred=ship) CTA=0.8047
[2026-09-02 23:21:21]   [t7663 v4/5] SUCCESS (pred=dog) CTA=0.8162
[2026-09-02 23:22:11]   [t7663 v5/5] fail (pred=bird) CTA=0.8051
[2026-09-02 23:22:11]   target 7663, 5 victims on this gpu: ASR=20.0% CTA=0.8069 +/- 0.0061
[2026-09-02 23:22:11] === target 3875 (6/8) ===
[2026-09-02 23:22:13]   target 3875: crafted 100 poisons in 1 s, obj=0.16880
[2026-09-02 23:22:13]   target 3875: realized linf = 0.03137 (8.00/255), budget = 8.00/255
[2026-09-02 23:23:05]   [t3875 v1/5] fail (pred=horse) CTA=0.7990
[2026-09-02 23:23:55]   [t3875 v2/5] fail (pred=bird) CTA=0.8055
[2026-09-02 23:24:44]   [t3875 v3/5] fail (pred=horse) CTA=0.8088
[2026-09-02 23:25:34]   [t3875 v4/5] fail (pred=deer) CTA=0.7886
[2026-09-02 23:26:24]   [t3875 v5/5] fail (pred=truck) CTA=0.7949
[2026-09-02 23:26:24]   target 3875, 5 victims on this gpu: ASR=0.0% CTA=0.7994 +/- 0.0072
[2026-09-02 23:26:24] === target 5169 (7/8) ===
[2026-09-02 23:26:27]   target 5169: crafted 100 poisons in 1 s, obj=0.07963
[2026-09-02 23:26:27]   target 5169: realized linf = 0.03137 (8.00/255), budget = 8.00/255
[2026-09-02 23:27:18]   [t5169 v1/5] SUCCESS (pred=dog) CTA=0.7917
[2026-09-02 23:28:08]   [t5169 v2/5] fail (pred=bird) CTA=0.7909
[2026-09-02 23:28:57]   [t5169 v3/5] SUCCESS (pred=dog) CTA=0.8091
[2026-09-02 23:29:47]   [t5169 v4/5] SUCCESS (pred=dog) CTA=0.8097
[2026-09-02 23:30:37]   [t5169 v5/5] SUCCESS (pred=dog) CTA=0.8049
[2026-09-02 23:30:37]   target 5169, 5 victims on this gpu: ASR=80.0% CTA=0.8013 +/- 0.0083
[2026-09-02 23:30:37] === target 6335 (8/8) ===
[2026-09-02 23:30:39]   target 6335: crafted 100 poisons in 1 s, obj=0.11370
[2026-09-02 23:30:39]   target 6335: realized linf = 0.03137 (8.00/255), budget = 8.00/255
[2026-09-02 23:31:31]   [t6335 v1/5] SUCCESS (pred=dog) CTA=0.7909
[2026-09-02 23:32:20]   [t6335 v2/5] SUCCESS (pred=dog) CTA=0.8018
[2026-09-02 23:33:10]   [t6335 v3/5] fail (pred=bird) CTA=0.8096
[2026-09-02 23:33:59]   [t6335 v4/5] fail (pred=bird) CTA=0.8032
[2026-09-02 23:34:49]   [t6335 v5/5] SUCCESS (pred=dog) CTA=0.8169
[2026-09-02 23:34:49]   target 6335, 5 victims on this gpu: ASR=60.0% CTA=0.8045 +/- 0.0086
[2026-09-02 23:34:49] ==== CIFAR10_ConvNetBN_fc_ours_dog-bird_b0.002_eps8_seed42_lam1_cosine_selMinusM_ce5_tgt50 : ASR = 45.0% +/- 26.0% | CTA = 0.8018 (baseline 0.8105) ====
[2026-09-02 23:34:49]   target-prediction tally ['airplane', 'automobile', 'bird', 'cat', 'deer', 'dog', 'frog', 'horse', 'ship', 'truck']: [0, 0, 17, 0, 1, 18, 0, 2, 1, 1]

sync: preserving outputs in /home/mmoslem3/scratch/attack_if
sync: complete
