stage: optional directory absent: /home/mmoslem3/scratch/PoisonBase/ours_result/CIFAR10_ResNet20BN_fc_ours_dog-bird_b0.005_eps8_seed42_lam1_cosine_selAplusR_ce5_tgt10
job: 769968 cmp30_07_resnet20bn_fc_db_b0005_a_plus_r on rack13-08
work: /tmp/attack_if
config: SOURCE_ROOT=/home/mmoslem3/scratch/PoisonBase PERSIST_DATA_ROOT=/home/mmoslem3/scratch/PoisonBase/data MODEL=ResNet20BN ATTACK=fc CLASS_PAIR=dog-bird BUDGETS=0.005 SELECT=a-plus-r NUM_TARGETS=8 NUM_VICTIMS=5 sh sel_dpp.sh
protocol: attack=8 targets x 5 victims
gpu: NVIDIA L40S
=== component ablation: A+R | ResNet20BN / fc / dog-bird ===
    targets: pinned from target_sets/ResNet20BN_fc_dog-bird.json (same 10 the random-base run attacked)
    difficulty label tgt10   craft flags: none
    component ablation: A+R; needed raw components are averaged over surrogates, then standardized (batch=64)
    budgets: 0.005

--- a-plus-r | ResNet20BN / fc / dog-bird | budget 0.005 ---
[2026-09-02 20:23:24] === run start: CIFAR10_ResNet20BN_fc_ours_dog-bird_b0.005_eps8_seed42_lam1_cosine_selAplusR_ce5_tgt10 on cuda [0] ===
[2026-09-02 20:23:24] args: {"FORCE": false, "attack": "fc", "base": "ours", "base_dist": "cosine", "base_topr": null, "budget": 0.005, "cache_dir": "/tmp/attack_if/cache", "class_pair": "dog-bird", "clean_baseline": true, "craft_alpha": 0.0039216, "craft_aug": true, "craft_batch": 256, "craft_ensemble": 5, "craft_lowmem": false, "craft_schedule": false, "craft_steps": 250, "data_path": "/tmp/data", "dataset": "CIFAR10", "dsa_strategy": "color_crop_cutout_flip_scale_rotate", "epsilon": 0.0313725, "fast_gradmatch": false, "fc_mode": "sample", "fc_restarts": 1, "gpus": "all", "jacobian_batch_size": 64, "jacobian_weight": 1.0, "lambda_margin": 1.0, "model": "ResNet20BN", "no_resume": false, "num_poisons": 500, "num_surrogates": 20, "num_targets": 8, "num_victims": 5, "out_dir": "/tmp/attack_if/ours_result", "pair_order": "poison-target", "parallel_pretrain": true, "parallel_targets": true, "precompute_id": null, "precompute_only": false, "precompute_part": "both", "rank_on_victims": true, "recompute_deltas": false, "require_correct_target": false, "restarts": 8, "seed": 42, "sel_K": null, "sel_alpha": 1.0, "sel_component": "a-plus-r", "sel_criterion": null, "sel_dpp": false, "sel_filter": false, "sel_mmr": false, "sel_mode": null, "sel_model": null, "sel_mu": 1.0, "sel_pca": false, "sel_pool": 3.0, "sharp_mode": "worst", "sharp_samples": 20, "sharp_sigma": 0.05, "steal_timeout": 7200.0, "surrogate_aug": false, "surrogate_bs": 128, "surrogate_decay": [35, 45], "surrogate_epochs": 60, "surrogate_lr": 0.1, "surrogate_wd": 0.0, "target_idx_file": "target_sets/ResNet20BN_fc_dog-bird.json", "target_select": 10, "use_jacobian_score": false, "victim_aug": false, "victim_bs": 125, "victim_decay": [40], "victim_epochs": 50, "victim_lr": 0.1, "victim_wd": 0.0}
[2026-09-02 20:23:24] Jacobian score: disabled
[2026-09-02 20:23:24] A+R component selector: raw components averaged over surrogates, then each used component standardized across candidates; batch_size=64
[2026-09-02 20:23:24] N_total=50000 budget=0.005 -> N_p=250 poisons, y_adv=5(dog) target_class=2(bird)
[2026-09-02 20:23:24] === surrogates (20 x ResNet20BN, trained on the full real set) ===
[2026-09-02 20:23:24]   crafting on 5/20 surrogates
[2026-09-02 20:23:24] === clean victims (5 x ResNet20BN) ===
[2026-09-02 20:23:25]   clean baseline CTA = 0.8350 +/- 0.0046
[2026-09-02 20:23:25]   target pool 1000 -> eligible 976 (24 already predicted as y_adv or dropped)
[2026-09-02 20:23:25]   chosen 8 targets (file), p_adv range 0.0001..0.2213
[2026-09-02 20:23:25]   targets: [3495, 2903, 6697, 2315, 2312, 6353, 4421, 2242]
[2026-09-02 20:23:25] === target 3495 (1/8) ===
[2026-09-02 20:23:26]   Jacobian score exact backend: torch.func JVP
[2026-09-02 20:23:45]   target 3495: crafted 250 poisons in 5 s, obj=0.01563
[2026-09-02 20:23:45]   target 3495: realized linf = 0.03137 (8.00/255), budget = 8.00/255
[2026-09-02 20:25:22]   [t3495 v1/5] SUCCESS (pred=dog) CTA=0.8363
[2026-09-02 20:26:58]   [t3495 v2/5] fail (pred=bird) CTA=0.8333
[2026-09-02 20:28:34]   [t3495 v3/5] fail (pred=bird) CTA=0.8333
[2026-09-02 20:30:10]   [t3495 v4/5] SUCCESS (pred=dog) CTA=0.8370
[2026-09-02 20:31:46]   [t3495 v5/5] SUCCESS (pred=dog) CTA=0.8312
[2026-09-02 20:31:46]   target 3495, 5 victims on this gpu: ASR=60.0% CTA=0.8342 +/- 0.0021
[2026-09-02 20:31:46] === target 2903 (2/8) ===
[2026-09-02 20:32:05]   target 2903: crafted 250 poisons in 5 s, obj=0.02331
[2026-09-02 20:32:05]   target 2903: realized linf = 0.03137 (8.00/255), budget = 8.00/255
[2026-09-02 20:33:41]   [t2903 v1/5] fail (pred=bird) CTA=0.8409
[2026-09-02 20:35:18]   [t2903 v2/5] fail (pred=bird) CTA=0.8389
[2026-09-02 20:36:53]   [t2903 v3/5] fail (pred=bird) CTA=0.8304
[2026-09-02 20:38:29]   [t2903 v4/5] SUCCESS (pred=dog) CTA=0.8409
[2026-09-02 20:40:05]   [t2903 v5/5] SUCCESS (pred=dog) CTA=0.8388
[2026-09-02 20:40:05]   target 2903, 5 victims on this gpu: ASR=40.0% CTA=0.8380 +/- 0.0039
[2026-09-02 20:40:05] === target 6697 (3/8) ===
[2026-09-02 20:40:25]   target 6697: crafted 250 poisons in 5 s, obj=0.01962
[2026-09-02 20:40:25]   target 6697: realized linf = 0.03137 (8.00/255), budget = 8.00/255
[2026-09-02 20:42:01]   [t6697 v1/5] SUCCESS (pred=dog) CTA=0.8361
[2026-09-02 20:43:37]   [t6697 v2/5] SUCCESS (pred=dog) CTA=0.8451
[2026-09-02 20:45:13]   [t6697 v3/5] SUCCESS (pred=dog) CTA=0.8296
[2026-09-02 20:46:49]   [t6697 v4/5] SUCCESS (pred=dog) CTA=0.8380
[2026-09-02 20:48:25]   [t6697 v5/5] fail (pred=horse) CTA=0.8342
[2026-09-02 20:48:25]   target 6697, 5 victims on this gpu: ASR=80.0% CTA=0.8366 +/- 0.0051
[2026-09-02 20:48:25] === target 2315 (4/8) ===
[2026-09-02 20:48:44]   target 2315: crafted 250 poisons in 5 s, obj=0.02339
[2026-09-02 20:48:44]   target 2315: realized linf = 0.03137 (8.00/255), budget = 8.00/255
[2026-09-02 20:50:21]   [t2315 v1/5] fail (pred=airplane) CTA=0.8342
[2026-09-02 20:51:57]   [t2315 v2/5] fail (pred=bird) CTA=0.8374
[2026-09-02 20:53:33]   [t2315 v3/5] fail (pred=airplane) CTA=0.8445
[2026-09-02 20:55:09]   [t2315 v4/5] fail (pred=bird) CTA=0.8346
[2026-09-02 20:56:45]   [t2315 v5/5] fail (pred=bird) CTA=0.8416
[2026-09-02 20:56:45]   target 2315, 5 victims on this gpu: ASR=0.0% CTA=0.8385 +/- 0.0040
[2026-09-02 20:56:45] === target 2312 (5/8) ===
[2026-09-02 20:57:04]   target 2312: crafted 250 poisons in 5 s, obj=0.01854
[2026-09-02 20:57:04]   target 2312: realized linf = 0.03137 (8.00/255), budget = 8.00/255
[2026-09-02 20:58:40]   [t2312 v1/5] fail (pred=bird) CTA=0.8382
[2026-09-02 21:00:16]   [t2312 v2/5] fail (pred=bird) CTA=0.8429
[2026-09-02 21:01:52]   [t2312 v3/5] fail (pred=cat) CTA=0.8382
[2026-09-02 21:03:28]   [t2312 v4/5] SUCCESS (pred=dog) CTA=0.8395
[2026-09-02 21:05:04]   [t2312 v5/5] fail (pred=bird) CTA=0.8333
[2026-09-02 21:05:04]   target 2312, 5 victims on this gpu: ASR=20.0% CTA=0.8384 +/- 0.0031
[2026-09-02 21:05:04] === target 6353 (6/8) ===
[2026-09-02 21:05:24]   target 6353: crafted 250 poisons in 5 s, obj=0.02497
[2026-09-02 21:05:24]   target 6353: realized linf = 0.03137 (8.00/255), budget = 8.00/255
[2026-09-02 21:07:00]   [t6353 v1/5] SUCCESS (pred=dog) CTA=0.8373
[2026-09-02 21:08:36]   [t6353 v2/5] fail (pred=airplane) CTA=0.8324
[2026-09-02 21:10:12]   [t6353 v3/5] fail (pred=bird) CTA=0.8380
[2026-09-02 21:11:48]   [t6353 v4/5] fail (pred=bird) CTA=0.8402
[2026-09-02 21:13:24]   [t6353 v5/5] SUCCESS (pred=dog) CTA=0.8449
[2026-09-02 21:13:24]   target 6353, 5 victims on this gpu: ASR=40.0% CTA=0.8386 +/- 0.0041
[2026-09-02 21:13:24] === target 4421 (7/8) ===
[2026-09-02 21:13:44]   target 4421: crafted 250 poisons in 5 s, obj=0.02289
[2026-09-02 21:13:44]   target 4421: realized linf = 0.03137 (8.00/255), budget = 8.00/255
[2026-09-02 21:15:20]   [t4421 v1/5] fail (pred=bird) CTA=0.8418
[2026-09-02 21:16:56]   [t4421 v2/5] fail (pred=bird) CTA=0.8349
[2026-09-02 21:18:32]   [t4421 v3/5] fail (pred=bird) CTA=0.8325
[2026-09-02 21:20:08]   [t4421 v4/5] fail (pred=bird) CTA=0.8398
[2026-09-02 21:21:44]   [t4421 v5/5] fail (pred=bird) CTA=0.8340
[2026-09-02 21:21:44]   target 4421, 5 victims on this gpu: ASR=0.0% CTA=0.8366 +/- 0.0036
[2026-09-02 21:21:44] === target 2242 (8/8) ===
[2026-09-02 21:22:03]   target 2242: crafted 250 poisons in 5 s, obj=0.01948
[2026-09-02 21:22:03]   target 2242: realized linf = 0.03137 (8.00/255), budget = 8.00/255
[2026-09-02 21:23:40]   [t2242 v1/5] fail (pred=cat) CTA=0.8344
[2026-09-02 21:25:16]   [t2242 v2/5] fail (pred=cat) CTA=0.8381
[2026-09-02 21:26:52]   [t2242 v3/5] SUCCESS (pred=dog) CTA=0.8390
[2026-09-02 21:28:28]   [t2242 v4/5] SUCCESS (pred=dog) CTA=0.8343
[2026-09-02 21:30:04]   [t2242 v5/5] fail (pred=cat) CTA=0.8340
[2026-09-02 21:30:04]   target 2242, 5 victims on this gpu: ASR=40.0% CTA=0.8360 +/- 0.0021
[2026-09-02 21:30:04] ==== CIFAR10_ResNet20BN_fc_ours_dog-bird_b0.005_eps8_seed42_lam1_cosine_selAplusR_ce5_tgt10 : ASR = 35.0% +/- 26.0% | CTA = 0.8371 (baseline 0.8350) ====
[2026-09-02 21:30:04]   target-prediction tally ['airplane', 'automobile', 'bird', 'cat', 'deer', 'dog', 'frog', 'horse', 'ship', 'truck']: [3, 0, 18, 4, 0, 14, 0, 1, 0, 0]

sync: preserving outputs in /home/mmoslem3/scratch/PoisonBase
sync: complete
