stage: optional directory absent: /home/mmoslem3/scratch/PoisonBase/ours_result/CIFAR10_ConvNetBN_fc_ours_dog-bird_b0.001_eps8_seed42_lam1_cosine_selMinusMtimesR_ce5_tgt50
job: 770101 cmp30_29_convnetbn_fc_db_b0001_minus_m_times_r on rack13-16
work: /tmp/attack_if
config: SOURCE_ROOT=/home/mmoslem3/scratch/PoisonBase PERSIST_DATA_ROOT=/home/mmoslem3/scratch/PoisonBase/data MODEL=ConvNetBN ATTACK=fc CLASS_PAIR=dog-bird BUDGETS=0.001 SELECT=minus-m-times-r NUM_TARGETS=8 NUM_VICTIMS=5 sh sel_dpp.sh
protocol: attack=8 targets x 5 victims
gpu: NVIDIA L40S
=== component ablation: (-M)*R | ConvNetBN / fc / dog-bird ===
    targets: pinned from target_sets/ConvNetBN_fc_dog-bird.json (same 10 the random-base run attacked)
    difficulty label tgt50   craft flags: none
    component ablation: (-M)*R; needed raw components are averaged over surrogates, then standardized (batch=64)
    budgets: 0.001

--- minus-m-times-r | ConvNetBN / fc / dog-bird | budget 0.001 ---
[2026-09-02 21:25:54] === run start: CIFAR10_ConvNetBN_fc_ours_dog-bird_b0.001_eps8_seed42_lam1_cosine_selMinusMtimesR_ce5_tgt50 on cuda [0] ===
[2026-09-02 21:25:54] args: {"FORCE": false, "attack": "fc", "base": "ours", "base_dist": "cosine", "base_topr": null, "budget": 0.001, "cache_dir": "/tmp/attack_if/cache", "class_pair": "dog-bird", "clean_baseline": true, "craft_alpha": 0.0039216, "craft_aug": true, "craft_batch": 256, "craft_ensemble": 5, "craft_lowmem": false, "craft_schedule": false, "craft_steps": 250, "data_path": "/tmp/data", "dataset": "CIFAR10", "dsa_strategy": "color_crop_cutout_flip_scale_rotate", "epsilon": 0.0313725, "fast_gradmatch": false, "fc_mode": "sample", "fc_restarts": 1, "gpus": "all", "jacobian_batch_size": 64, "jacobian_weight": 1.0, "lambda_margin": 1.0, "model": "ConvNetBN", "no_resume": false, "num_poisons": 500, "num_surrogates": 20, "num_targets": 8, "num_victims": 5, "out_dir": "/tmp/attack_if/ours_result", "pair_order": "poison-target", "parallel_pretrain": true, "parallel_targets": true, "precompute_id": null, "precompute_only": false, "precompute_part": "both", "rank_on_victims": true, "recompute_deltas": false, "require_correct_target": false, "restarts": 8, "seed": 42, "sel_K": null, "sel_alpha": 1.0, "sel_component": "minus-m-times-r", "sel_criterion": null, "sel_dpp": false, "sel_filter": false, "sel_mmr": false, "sel_mode": null, "sel_model": null, "sel_mu": 1.0, "sel_pca": false, "sel_pool": 3.0, "sharp_mode": "worst", "sharp_samples": 20, "sharp_sigma": 0.05, "steal_timeout": 7200.0, "surrogate_aug": false, "surrogate_bs": 128, "surrogate_decay": [35, 45], "surrogate_epochs": 60, "surrogate_lr": 0.1, "surrogate_wd": 0.0, "target_idx_file": "target_sets/ConvNetBN_fc_dog-bird.json", "target_select": 50, "use_jacobian_score": false, "victim_aug": false, "victim_bs": 125, "victim_decay": [40], "victim_epochs": 50, "victim_lr": 0.1, "victim_wd": 0.0}
[2026-09-02 21:25:54] Jacobian score: disabled
[2026-09-02 21:25:54] (-M)*R component selector: raw components averaged over surrogates, then each used component standardized across candidates; batch_size=64
[2026-09-02 21:25:54] N_total=50000 budget=0.001 -> N_p=50 poisons, y_adv=5(dog) target_class=2(bird)
[2026-09-02 21:25:54] === surrogates (20 x ConvNetBN, trained on the full real set) ===
[2026-09-02 21:25:54]   crafting on 5/20 surrogates
[2026-09-02 21:25:54] === clean victims (5 x ConvNetBN) ===
[2026-09-02 21:25:55]   clean baseline CTA = 0.8120 +/- 0.0079
[2026-09-02 21:25:55]   target pool 1000 -> eligible 964 (36 already predicted as y_adv or dropped)
[2026-09-02 21:25:55]   chosen 8 targets (file), p_adv range 0.0000..0.0082
[2026-09-02 21:25:55]   targets: [2540, 8129, 3725, 5705, 7663, 3875, 5169, 6335]
[2026-09-02 21:25:55] === target 2540 (1/8) ===
[2026-09-02 21:25:57]   target 2540: crafted 50 poisons in 1 s, obj=0.16346
[2026-09-02 21:25:57]   target 2540: realized linf = 0.03137 (8.00/255), budget = 8.00/255
[2026-09-02 21:26:47]   [t2540 v1/5] fail (pred=bird) CTA=0.8041
[2026-09-02 21:27:38]   [t2540 v2/5] fail (pred=bird) CTA=0.7667
[2026-09-02 21:28:28]   [t2540 v3/5] fail (pred=bird) CTA=0.8110
[2026-09-02 21:29:18]   [t2540 v4/5] fail (pred=bird) CTA=0.7991
[2026-09-02 21:30:08]   [t2540 v5/5] fail (pred=cat) CTA=0.7972
[2026-09-02 21:30:08]   target 2540, 5 victims on this gpu: ASR=0.0% CTA=0.7956 +/- 0.0152
[2026-09-02 21:30:08] === target 8129 (2/8) ===
[2026-09-02 21:30:10]   target 8129: crafted 50 poisons in 1 s, obj=0.15400
[2026-09-02 21:30:10]   target 8129: realized linf = 0.03137 (8.00/255), budget = 8.00/255
[2026-09-02 21:31:00]   [t8129 v1/5] fail (pred=bird) CTA=0.8023
[2026-09-02 21:31:50]   [t8129 v2/5] fail (pred=bird) CTA=0.8025
[2026-09-02 21:32:41]   [t8129 v3/5] fail (pred=bird) CTA=0.8017
[2026-09-02 21:33:31]   [t8129 v4/5] fail (pred=bird) CTA=0.8023
[2026-09-02 21:34:21]   [t8129 v5/5] fail (pred=bird) CTA=0.7982
[2026-09-02 21:34:21]   target 8129, 5 victims on this gpu: ASR=0.0% CTA=0.8014 +/- 0.0016
[2026-09-02 21:34:21] === target 3725 (3/8) ===
[2026-09-02 21:34:23]   target 3725: crafted 50 poisons in 1 s, obj=0.20665
[2026-09-02 21:34:23]   target 3725: realized linf = 0.03137 (8.00/255), budget = 8.00/255
[2026-09-02 21:35:13]   [t3725 v1/5] SUCCESS (pred=dog) CTA=0.8040
[2026-09-02 21:36:03]   [t3725 v2/5] fail (pred=bird) CTA=0.7929
[2026-09-02 21:36:53]   [t3725 v3/5] fail (pred=cat) CTA=0.7917
[2026-09-02 21:37:44]   [t3725 v4/5] fail (pred=bird) CTA=0.7968
[2026-09-02 21:38:34]   [t3725 v5/5] fail (pred=bird) CTA=0.8014
[2026-09-02 21:38:34]   target 3725, 5 victims on this gpu: ASR=20.0% CTA=0.7974 +/- 0.0047
[2026-09-02 21:38:34] === target 5705 (4/8) ===
[2026-09-02 21:38:35]   target 5705: crafted 50 poisons in 1 s, obj=0.10719
[2026-09-02 21:38:35]   target 5705: realized linf = 0.03137 (8.00/255), budget = 8.00/255
[2026-09-02 21:39:26]   [t5705 v1/5] fail (pred=bird) CTA=0.8077
[2026-09-02 21:40:16]   [t5705 v2/5] fail (pred=bird) CTA=0.8176
[2026-09-02 21:41:06]   [t5705 v3/5] fail (pred=bird) CTA=0.7915
[2026-09-02 21:41:56]   [t5705 v4/5] fail (pred=bird) CTA=0.8082
[2026-09-02 21:42:47]   [t5705 v5/5] fail (pred=bird) CTA=0.8021
[2026-09-02 21:42:47]   target 5705, 5 victims on this gpu: ASR=0.0% CTA=0.8054 +/- 0.0086
[2026-09-02 21:42:47] === target 7663 (5/8) ===
[2026-09-02 21:42:48]   target 7663: crafted 50 poisons in 1 s, obj=0.12158
[2026-09-02 21:42:48]   target 7663: realized linf = 0.03137 (8.00/255), budget = 8.00/255
[2026-09-02 21:43:38]   [t7663 v1/5] fail (pred=bird) CTA=0.8052
[2026-09-02 21:44:29]   [t7663 v2/5] fail (pred=bird) CTA=0.8064
[2026-09-02 21:45:19]   [t7663 v3/5] fail (pred=bird) CTA=0.8048
[2026-09-02 21:46:09]   [t7663 v4/5] fail (pred=bird) CTA=0.8149
[2026-09-02 21:46:59]   [t7663 v5/5] fail (pred=bird) CTA=0.8055
[2026-09-02 21:46:59]   target 7663, 5 victims on this gpu: ASR=0.0% CTA=0.8074 +/- 0.0038
[2026-09-02 21:46:59] === target 3875 (6/8) ===
[2026-09-02 21:47:01]   target 3875: crafted 50 poisons in 1 s, obj=0.18339
[2026-09-02 21:47:01]   target 3875: realized linf = 0.03137 (8.00/255), budget = 8.00/255
[2026-09-02 21:47:51]   [t3875 v1/5] fail (pred=horse) CTA=0.8031
[2026-09-02 21:48:41]   [t3875 v2/5] fail (pred=bird) CTA=0.8006
[2026-09-02 21:49:32]   [t3875 v3/5] fail (pred=bird) CTA=0.8139
[2026-09-02 21:50:22]   [t3875 v4/5] fail (pred=deer) CTA=0.7931
[2026-09-02 21:51:12]   [t3875 v5/5] fail (pred=horse) CTA=0.7954
[2026-09-02 21:51:12]   target 3875, 5 victims on this gpu: ASR=0.0% CTA=0.8012 +/- 0.0073
[2026-09-02 21:51:12] === target 5169 (7/8) ===
[2026-09-02 21:51:14]   target 5169: crafted 50 poisons in 1 s, obj=0.13012
[2026-09-02 21:51:14]   target 5169: realized linf = 0.03137 (8.00/255), budget = 8.00/255
[2026-09-02 21:52:04]   [t5169 v1/5] fail (pred=bird) CTA=0.7840
[2026-09-02 21:52:54]   [t5169 v2/5] fail (pred=bird) CTA=0.7938
[2026-09-02 21:53:44]   [t5169 v3/5] fail (pred=bird) CTA=0.8049
[2026-09-02 21:54:35]   [t5169 v4/5] fail (pred=bird) CTA=0.8153
[2026-09-02 21:55:25]   [t5169 v5/5] fail (pred=bird) CTA=0.8101
[2026-09-02 21:55:25]   target 5169, 5 victims on this gpu: ASR=0.0% CTA=0.8016 +/- 0.0113
[2026-09-02 21:55:25] === target 6335 (8/8) ===
[2026-09-02 21:55:26]   target 6335: crafted 50 poisons in 1 s, obj=0.14522
[2026-09-02 21:55:26]   target 6335: realized linf = 0.03137 (8.00/255), budget = 8.00/255
[2026-09-02 21:56:17]   [t6335 v1/5] fail (pred=bird) CTA=0.7983
[2026-09-02 21:57:07]   [t6335 v2/5] SUCCESS (pred=dog) CTA=0.7930
[2026-09-02 21:57:57]   [t6335 v3/5] fail (pred=bird) CTA=0.8043
[2026-09-02 21:58:47]   [t6335 v4/5] fail (pred=bird) CTA=0.8024
[2026-09-02 21:59:38]   [t6335 v5/5] fail (pred=bird) CTA=0.8132
[2026-09-02 21:59:38]   target 6335, 5 victims on this gpu: ASR=20.0% CTA=0.8022 +/- 0.0067
[2026-09-02 21:59:38] ==== CIFAR10_ConvNetBN_fc_ours_dog-bird_b0.001_eps8_seed42_lam1_cosine_selMinusMtimesR_ce5_tgt50 : ASR = 5.0% +/- 8.7% | CTA = 0.8015 (baseline 0.8120) ====
[2026-09-02 21:59:38]   target-prediction tally ['airplane', 'automobile', 'bird', 'cat', 'deer', 'dog', 'frog', 'horse', 'ship', 'truck']: [0, 0, 33, 2, 1, 2, 0, 2, 0, 0]

sync: preserving outputs in /home/mmoslem3/scratch/PoisonBase
sync: complete
