stage: optional directory absent: /home/mmoslem3/scratch/PoisonBase/ours_result/CIFAR10_VGG13BN_gradmatch_ours_dog-bird_b0.001_eps8_seed42_lam1_cosine_selA_ce5_tgt50
job: 770008 cmp30_14_vgg13bn_gm_db_b0001_a on rack16-01
work: /tmp/attack_if
config: SOURCE_ROOT=/home/mmoslem3/scratch/PoisonBase PERSIST_DATA_ROOT=/home/mmoslem3/scratch/PoisonBase/data MODEL=VGG13BN ATTACK=gradmatch CLASS_PAIR=dog-bird BUDGETS=0.001 SELECT=a NUM_TARGETS=8 NUM_VICTIMS=5 sh sel_dpp.sh
protocol: attack=8 targets x 5 victims
gpu: NVIDIA L40S
=== component ablation: A | VGG13BN / gradmatch / dog-bird ===
    targets: pinned from target_sets/VGG13BN_gradmatch_dog-bird.json (same 10 the random-base run attacked)
    difficulty label tgt50   craft flags: --craft_lowmem --craft_batch 256 --fast_gradmatch
    component ablation: A; needed raw components are averaged over surrogates, then standardized (batch=64)
    budgets: 0.001

--- a | VGG13BN / gradmatch / dog-bird | budget 0.001 ---
[2026-09-02 20:40:50] === run start: CIFAR10_VGG13BN_gradmatch_ours_dog-bird_b0.001_eps8_seed42_lam1_cosine_selA_ce5_tgt50 on cuda [0] ===
[2026-09-02 20:40:50] args: {"FORCE": false, "attack": "gradmatch", "base": "ours", "base_dist": "cosine", "base_topr": null, "budget": 0.001, "cache_dir": "/tmp/attack_if/cache", "class_pair": "dog-bird", "clean_baseline": true, "craft_alpha": 0.0039216, "craft_aug": true, "craft_batch": 256, "craft_ensemble": 5, "craft_lowmem": true, "craft_schedule": false, "craft_steps": 250, "data_path": "/tmp/data", "dataset": "CIFAR10", "dsa_strategy": "color_crop_cutout_flip_scale_rotate", "epsilon": 0.0313725, "fast_gradmatch": true, "fc_mode": "sample", "fc_restarts": 1, "gpus": "all", "jacobian_batch_size": 64, "jacobian_weight": 1.0, "lambda_margin": 1.0, "model": "VGG13BN", "no_resume": false, "num_poisons": 500, "num_surrogates": 20, "num_targets": 8, "num_victims": 5, "out_dir": "/tmp/attack_if/ours_result", "pair_order": "poison-target", "parallel_pretrain": true, "parallel_targets": true, "precompute_id": null, "precompute_only": false, "precompute_part": "both", "rank_on_victims": true, "recompute_deltas": false, "require_correct_target": false, "restarts": 8, "seed": 42, "sel_K": null, "sel_alpha": 1.0, "sel_component": "a", "sel_criterion": null, "sel_dpp": false, "sel_filter": false, "sel_mmr": false, "sel_mode": null, "sel_model": null, "sel_mu": 1.0, "sel_pca": false, "sel_pool": 3.0, "sharp_mode": "worst", "sharp_samples": 20, "sharp_sigma": 0.05, "steal_timeout": 7200.0, "surrogate_aug": false, "surrogate_bs": 128, "surrogate_decay": [35, 45], "surrogate_epochs": 60, "surrogate_lr": 0.1, "surrogate_wd": 0.0, "target_idx_file": "target_sets/VGG13BN_gradmatch_dog-bird.json", "target_select": 50, "use_jacobian_score": false, "victim_aug": false, "victim_bs": 125, "victim_decay": [40], "victim_epochs": 50, "victim_lr": 0.1, "victim_wd": 0.0}
[2026-09-02 20:40:50] Jacobian score: disabled
[2026-09-02 20:40:50] A component selector: raw components averaged over surrogates, then each used component standardized across candidates; batch_size=64
[2026-09-02 20:40:50] N_total=50000 budget=0.001 -> N_p=50 poisons, y_adv=5(dog) target_class=2(bird)
[2026-09-02 20:40:50] === surrogates (20 x VGG13BN, trained on the full real set) ===
[2026-09-02 20:40:51]   crafting on 5/20 surrogates
[2026-09-02 20:40:51] === clean victims (5 x VGG13BN) ===
[2026-09-02 20:40:52]   clean baseline CTA = 0.8451 +/- 0.0161
[2026-09-02 20:40:52]   target pool 1000 -> eligible 970 (30 already predicted as y_adv or dropped)
[2026-09-02 20:40:52]   chosen 8 targets (file), p_adv range 0.0000..0.0000
[2026-09-02 20:40:52]   targets: [630, 409, 2270, 9870, 1656, 5022, 9090, 6033]
[2026-09-02 20:40:52] === target 630 (1/8) ===
[2026-09-02 20:40:53]   Jacobian score exact backend: torch.func JVP
[2026-09-02 20:42:56]   target 630: crafted 50 poisons in 114 s, obj=0.32586
[2026-09-02 20:42:56]   target 630: realized linf = 0.03137 (8.00/255), budget = 8.00/255
[2026-09-02 20:44:38]   [t630 v1/5] SUCCESS (pred=dog) CTA=0.8591
[2026-09-02 20:46:19]   [t630 v2/5] fail (pred=bird) CTA=0.8389
[2026-09-02 20:48:00]   [t630 v3/5] fail (pred=bird) CTA=0.8558
[2026-09-02 20:49:41]   [t630 v4/5] fail (pred=bird) CTA=0.8566
[2026-09-02 20:51:22]   [t630 v5/5] fail (pred=bird) CTA=0.8460
[2026-09-02 20:51:22]   target 630, 5 victims on this gpu: ASR=20.0% CTA=0.8513 +/- 0.0076
[2026-09-02 20:51:22] === target 409 (2/8) ===
[2026-09-02 20:53:25]   target 409: crafted 50 poisons in 115 s, obj=0.27566
[2026-09-02 20:53:25]   target 409: realized linf = 0.03137 (8.00/255), budget = 8.00/255
[2026-09-02 20:55:09]   [t409 v1/5] fail (pred=bird) CTA=0.8506
[2026-09-02 20:56:50]   [t409 v2/5] SUCCESS (pred=dog) CTA=0.8565
[2026-09-02 20:58:31]   [t409 v3/5] fail (pred=bird) CTA=0.8569
[2026-09-02 21:00:12]   [t409 v4/5] SUCCESS (pred=dog) CTA=0.8550
[2026-09-02 21:01:53]   [t409 v5/5] SUCCESS (pred=dog) CTA=0.8671
[2026-09-02 21:01:53]   target 409, 5 victims on this gpu: ASR=60.0% CTA=0.8572 +/- 0.0054
[2026-09-02 21:01:53] === target 2270 (3/8) ===
[2026-09-02 21:03:57]   target 2270: crafted 50 poisons in 115 s, obj=0.29422
[2026-09-02 21:03:57]   target 2270: realized linf = 0.03137 (8.00/255), budget = 8.00/255
[2026-09-02 21:05:41]   [t2270 v1/5] SUCCESS (pred=dog) CTA=0.8643
[2026-09-02 21:07:22]   [t2270 v2/5] fail (pred=deer) CTA=0.8559
[2026-09-02 21:09:03]   [t2270 v3/5] SUCCESS (pred=dog) CTA=0.8519
[2026-09-02 21:10:44]   [t2270 v4/5] SUCCESS (pred=dog) CTA=0.8630
[2026-09-02 21:12:25]   [t2270 v5/5] SUCCESS (pred=dog) CTA=0.8511
[2026-09-02 21:12:25]   target 2270, 5 victims on this gpu: ASR=80.0% CTA=0.8572 +/- 0.0055
[2026-09-02 21:12:25] === target 9870 (4/8) ===
[2026-09-02 21:14:29]   target 9870: crafted 50 poisons in 115 s, obj=0.28096
[2026-09-02 21:14:29]   target 9870: realized linf = 0.03137 (8.00/255), budget = 8.00/255
[2026-09-02 21:16:13]   [t9870 v1/5] SUCCESS (pred=dog) CTA=0.8595
[2026-09-02 21:17:54]   [t9870 v2/5] fail (pred=bird) CTA=0.8437
[2026-09-02 21:19:36]   [t9870 v3/5] fail (pred=cat) CTA=0.8511
[2026-09-02 21:21:17]   [t9870 v4/5] SUCCESS (pred=dog) CTA=0.8607
[2026-09-02 21:22:58]   [t9870 v5/5] fail (pred=bird) CTA=0.8482
[2026-09-02 21:22:58]   target 9870, 5 victims on this gpu: ASR=40.0% CTA=0.8526 +/- 0.0065
[2026-09-02 21:22:58] === target 1656 (5/8) ===
[2026-09-02 21:25:01]   target 1656: crafted 50 poisons in 115 s, obj=0.27783
[2026-09-02 21:25:01]   target 1656: realized linf = 0.03137 (8.00/255), budget = 8.00/255
[2026-09-02 21:26:45]   [t1656 v1/5] fail (pred=bird) CTA=0.8425
[2026-09-02 21:28:27]   [t1656 v2/5] SUCCESS (pred=dog) CTA=0.8482
[2026-09-02 21:30:08]   [t1656 v3/5] SUCCESS (pred=dog) CTA=0.8518
[2026-09-02 21:31:50]   [t1656 v4/5] SUCCESS (pred=dog) CTA=0.8654
[2026-09-02 21:33:31]   [t1656 v5/5] SUCCESS (pred=dog) CTA=0.8537
[2026-09-02 21:33:31]   target 1656, 5 victims on this gpu: ASR=80.0% CTA=0.8523 +/- 0.0076
[2026-09-02 21:33:31] === target 5022 (6/8) ===
[2026-09-02 21:35:35]   target 5022: crafted 50 poisons in 115 s, obj=0.27253
[2026-09-02 21:35:35]   target 5022: realized linf = 0.03137 (8.00/255), budget = 8.00/255
[2026-09-02 21:37:19]   [t5022 v1/5] fail (pred=bird) CTA=0.8566
[2026-09-02 21:39:00]   [t5022 v2/5] fail (pred=bird) CTA=0.8532
[2026-09-02 21:40:42]   [t5022 v3/5] SUCCESS (pred=dog) CTA=0.8574
[2026-09-02 21:42:23]   [t5022 v4/5] fail (pred=bird) CTA=0.8516
[2026-09-02 21:44:05]   [t5022 v5/5] SUCCESS (pred=dog) CTA=0.8557
[2026-09-02 21:44:05]   target 5022, 5 victims on this gpu: ASR=40.0% CTA=0.8549 +/- 0.0022
[2026-09-02 21:44:05] === target 9090 (7/8) ===
[2026-09-02 21:46:08]   target 9090: crafted 50 poisons in 115 s, obj=0.27270
[2026-09-02 21:46:08]   target 9090: realized linf = 0.03137 (8.00/255), budget = 8.00/255
[2026-09-02 21:47:53]   [t9090 v1/5] SUCCESS (pred=dog) CTA=0.8618
[2026-09-02 21:49:34]   [t9090 v2/5] fail (pred=bird) CTA=0.8465
[2026-09-02 21:51:15]   [t9090 v3/5] SUCCESS (pred=dog) CTA=0.8651
[2026-09-02 21:52:56]   [t9090 v4/5] SUCCESS (pred=dog) CTA=0.8551
[2026-09-02 21:54:38]   [t9090 v5/5] SUCCESS (pred=dog) CTA=0.8549
[2026-09-02 21:54:38]   target 9090, 5 victims on this gpu: ASR=80.0% CTA=0.8567 +/- 0.0064
[2026-09-02 21:54:38] === target 6033 (8/8) ===
[2026-09-02 21:56:41]   target 6033: crafted 50 poisons in 115 s, obj=0.23655
[2026-09-02 21:56:41]   target 6033: realized linf = 0.03137 (8.00/255), budget = 8.00/255
[2026-09-02 21:58:25]   [t6033 v1/5] fail (pred=bird) CTA=0.8486
[2026-09-02 22:00:06]   [t6033 v2/5] SUCCESS (pred=dog) CTA=0.8611
[2026-09-02 22:01:47]   [t6033 v3/5] SUCCESS (pred=dog) CTA=0.8594
[2026-09-02 22:03:28]   [t6033 v4/5] SUCCESS (pred=dog) CTA=0.8671
[2026-09-02 22:05:09]   [t6033 v5/5] SUCCESS (pred=dog) CTA=0.8586
[2026-09-02 22:05:09]   target 6033, 5 victims on this gpu: ASR=80.0% CTA=0.8590 +/- 0.0060
[2026-09-02 22:05:09] ==== CIFAR10_VGG13BN_gradmatch_ours_dog-bird_b0.001_eps8_seed42_lam1_cosine_selA_ce5_tgt50 : ASR = 60.0% +/- 22.4% | CTA = 0.8552 (baseline 0.8451) ====
[2026-09-02 22:05:09]   target-prediction tally ['airplane', 'automobile', 'bird', 'cat', 'deer', 'dog', 'frog', 'horse', 'ship', 'truck']: [0, 0, 14, 1, 1, 24, 0, 0, 0, 0]

sync: preserving outputs in /home/mmoslem3/scratch/PoisonBase
sync: complete
