stage: optional directory absent: /home/mmoslem3/scratch/attack_if/ours_result/CIFAR10_ResNet20BN_sapa_ours_frog-airplane_b0.001_eps8_seed42_lam1_cosine_selMinusM_worst0.05_ce5_tgt10
job: 5194425 cmp30b_28_resnet20bn_sapa_fa_b0001_minus_m on kn048
work: /tmp/attack_if
config: source /home/mmoslem3/ENV/bin/activate; SOURCE_ROOT=/home/mmoslem3/scratch/attack_if PERSIST_DATA_ROOT=/home/mmoslem3/scratch/data MODEL=ResNet20BN ATTACK=sapa CLASS_PAIR=frog-airplane BUDGETS=0.001 SELECT=minus-m NUM_TARGETS=8 NUM_VICTIMS=5 sh sel_dpp.sh
protocol: attack=8 targets x 5 victims
gpu: NVIDIA L40S
=== component ablation: -M | ResNet20BN / sapa / frog-airplane | sharp worst sigma=0.05 ===
    targets: pinned from target_sets/ResNet20BN_gradmatch_frog-airplane.json (same 10 the random-base run attacked)
    difficulty label tgt10   craft flags: none
    component ablation: -M; needed raw components are averaged over surrogates, then standardized (batch=64)
    budgets: 0.001

--- minus-m | ResNet20BN / sapa / frog-airplane | sharp worst sigma=0.05 | budget 0.001 ---
[2026-09-02 23:18:16] === run start: CIFAR10_ResNet20BN_sapa_ours_frog-airplane_b0.001_eps8_seed42_lam1_cosine_selMinusM_worst0.05_ce5_tgt10 on cuda [0] ===
[2026-09-02 23:18:16] args: {"FORCE": false, "attack": "sapa", "base": "ours", "base_dist": "cosine", "base_topr": null, "budget": 0.001, "cache_dir": "/tmp/attack_if/cache", "class_pair": "frog-airplane", "clean_baseline": true, "craft_alpha": 0.0039216, "craft_aug": true, "craft_batch": 256, "craft_ensemble": 5, "craft_lowmem": false, "craft_schedule": false, "craft_steps": 250, "data_path": "/tmp/data", "dataset": "CIFAR10", "dsa_strategy": "color_crop_cutout_flip_scale_rotate", "epsilon": 0.0313725, "fast_gradmatch": false, "fc_mode": "sample", "fc_restarts": 1, "gpus": "all", "jacobian_batch_size": 64, "jacobian_weight": 1.0, "lambda_margin": 1.0, "model": "ResNet20BN", "no_resume": false, "num_poisons": 500, "num_surrogates": 20, "num_targets": 8, "num_victims": 5, "out_dir": "/tmp/attack_if/ours_result", "pair_order": "poison-target", "parallel_pretrain": true, "parallel_targets": true, "precompute_id": null, "precompute_only": false, "precompute_part": "both", "rank_on_victims": true, "recompute_deltas": false, "require_correct_target": false, "restarts": 8, "seed": 42, "sel_K": null, "sel_alpha": 1.0, "sel_component": "minus-m", "sel_criterion": null, "sel_dpp": false, "sel_filter": false, "sel_mmr": false, "sel_mode": null, "sel_model": null, "sel_mu": 1.0, "sel_pca": false, "sel_pool": 3.0, "sharp_mode": "worst", "sharp_samples": 20, "sharp_sigma": 0.05, "steal_timeout": 7200.0, "surrogate_aug": false, "surrogate_bs": 128, "surrogate_decay": [35, 45], "surrogate_epochs": 60, "surrogate_lr": 0.1, "surrogate_wd": 0.0, "target_idx_file": "target_sets/ResNet20BN_gradmatch_frog-airplane.json", "target_select": 10, "use_jacobian_score": false, "victim_aug": false, "victim_bs": 125, "victim_decay": [40], "victim_epochs": 50, "victim_lr": 0.1, "victim_wd": 0.0}
[2026-09-02 23:18:16] Jacobian score: disabled
[2026-09-02 23:18:16] -M component selector: raw components averaged over surrogates, then each used component standardized across candidates; batch_size=64
[2026-09-02 23:18:16] N_total=50000 budget=0.001 -> N_p=50 poisons, y_adv=6(frog) target_class=0(airplane)
[2026-09-02 23:18:16] === surrogates (20 x ResNet20BN, trained on the full real set) ===
[2026-09-02 23:18:17]   crafting on 5/20 surrogates
[2026-09-02 23:18:17] === clean victims (5 x ResNet20BN) ===
[2026-09-02 23:18:18]   clean baseline CTA = 0.8401 +/- 0.0030
[2026-09-02 23:18:18]   target pool 1000 -> eligible 998 (2 already predicted as y_adv or dropped)
[2026-09-02 23:18:18]   chosen 8 targets (file), p_adv range 0.0000..0.0001
[2026-09-02 23:18:18]   targets: [9235, 338, 255, 3207, 8563, 912, 4639, 2570]
[2026-09-02 23:18:18] === target 9235 (1/8) ===
[2026-09-02 23:21:35]   target 9235: crafted 50 poisons in 193 s, obj=0.22512
[2026-09-02 23:21:35]   target 9235: realized linf = 0.03137 (8.00/255), budget = 8.00/255
[2026-09-02 23:23:45]   [t9235 v1/5] fail (pred=airplane) CTA=0.8429
[2026-09-02 23:25:55]   [t9235 v2/5] SUCCESS (pred=frog) CTA=0.8398
[2026-09-02 23:28:04]   [t9235 v3/5] SUCCESS (pred=frog) CTA=0.8365
[2026-09-02 23:30:14]   [t9235 v4/5] SUCCESS (pred=frog) CTA=0.8352
[2026-09-02 23:32:23]   [t9235 v5/5] SUCCESS (pred=frog) CTA=0.8366
[2026-09-02 23:32:23]   target 9235, 5 victims on this gpu: ASR=80.0% CTA=0.8382 +/- 0.0028
[2026-09-02 23:32:23] === target 338 (2/8) ===
[2026-09-02 23:35:39]   target 338: crafted 50 poisons in 192 s, obj=0.24588
[2026-09-02 23:35:39]   target 338: realized linf = 0.03137 (8.00/255), budget = 8.00/255
[2026-09-02 23:37:49]   [t338 v1/5] fail (pred=airplane) CTA=0.8347
[2026-09-02 23:39:59]   [t338 v2/5] fail (pred=airplane) CTA=0.8387
[2026-09-02 23:42:09]   [t338 v3/5] fail (pred=airplane) CTA=0.8349
[2026-09-02 23:44:19]   [t338 v4/5] fail (pred=airplane) CTA=0.8375
[2026-09-02 23:46:29]   [t338 v5/5] fail (pred=airplane) CTA=0.8356
[2026-09-02 23:46:29]   target 338, 5 victims on this gpu: ASR=0.0% CTA=0.8363 +/- 0.0016
[2026-09-02 23:46:29] === target 255 (3/8) ===
[2026-09-02 23:49:46]   target 255: crafted 50 poisons in 194 s, obj=0.22337
[2026-09-02 23:49:46]   target 255: realized linf = 0.03137 (8.00/255), budget = 8.00/255
[2026-09-02 23:51:57]   [t255 v1/5] fail (pred=airplane) CTA=0.8433
[2026-09-02 23:54:06]   [t255 v2/5] fail (pred=airplane) CTA=0.8436
[2026-09-02 23:56:16]   [t255 v3/5] fail (pred=airplane) CTA=0.8394
[2026-09-02 23:58:25]   [t255 v4/5] fail (pred=airplane) CTA=0.8367
[2026-09-03 00:00:35]   [t255 v5/5] fail (pred=airplane) CTA=0.8424
[2026-09-03 00:00:35]   target 255, 5 victims on this gpu: ASR=0.0% CTA=0.8411 +/- 0.0026
[2026-09-03 00:00:35] === target 3207 (4/8) ===
[2026-09-03 00:03:53]   target 3207: crafted 50 poisons in 195 s, obj=0.21369
[2026-09-03 00:03:53]   target 3207: realized linf = 0.03137 (8.00/255), budget = 8.00/255
[2026-09-03 00:06:03]   [t3207 v1/5] fail (pred=truck) CTA=0.8432
[2026-09-03 00:08:13]   [t3207 v2/5] fail (pred=airplane) CTA=0.8386
[2026-09-03 00:10:23]   [t3207 v3/5] fail (pred=airplane) CTA=0.8407
[2026-09-03 00:12:33]   [t3207 v4/5] SUCCESS (pred=frog) CTA=0.8350
[2026-09-03 00:14:42]   [t3207 v5/5] fail (pred=airplane) CTA=0.8247
[2026-09-03 00:14:42]   target 3207, 5 victims on this gpu: ASR=20.0% CTA=0.8364 +/- 0.0065
[2026-09-03 00:14:42] === target 8563 (5/8) ===
[2026-09-03 00:18:00]   target 8563: crafted 50 poisons in 195 s, obj=0.19934
[2026-09-03 00:18:00]   target 8563: realized linf = 0.03137 (8.00/255), budget = 8.00/255
[2026-09-03 00:20:10]   [t8563 v1/5] fail (pred=horse) CTA=0.8386
[2026-09-03 00:22:20]   [t8563 v2/5] SUCCESS (pred=frog) CTA=0.8378
[2026-09-03 00:24:29]   [t8563 v3/5] fail (pred=bird) CTA=0.8348
[2026-09-03 00:26:39]   [t8563 v4/5] fail (pred=horse) CTA=0.8397
[2026-09-03 00:28:48]   [t8563 v5/5] fail (pred=bird) CTA=0.8344
[2026-09-03 00:28:48]   target 8563, 5 victims on this gpu: ASR=20.0% CTA=0.8371 +/- 0.0021
[2026-09-03 00:28:48] === target 912 (6/8) ===
[2026-09-03 00:32:06]   target 912: crafted 50 poisons in 195 s, obj=0.20141
[2026-09-03 00:32:06]   target 912: realized linf = 0.03137 (8.00/255), budget = 8.00/255
[2026-09-03 00:34:16]   [t912 v1/5] fail (pred=airplane) CTA=0.8374
[2026-09-03 00:36:25]   [t912 v2/5] fail (pred=bird) CTA=0.8356
[2026-09-03 00:38:35]   [t912 v3/5] fail (pred=airplane) CTA=0.8387
[2026-09-03 00:40:45]   [t912 v4/5] fail (pred=cat) CTA=0.8349
[2026-09-03 00:42:55]   [t912 v5/5] fail (pred=airplane) CTA=0.8364
[2026-09-03 00:42:55]   target 912, 5 victims on this gpu: ASR=0.0% CTA=0.8366 +/- 0.0013
[2026-09-03 00:42:55] === target 4639 (7/8) ===
