stage: optional directory absent: /home/mmoslem3/scratch/PoisonBase/ours_result/CIFAR10_VGG13BN_gradmatch_ours_frog-airplane_b0.001_eps8_seed42_lam1_cosine_selR_ce5_tgt12
job: 770079 cmp30_26_vgg13bn_gm_fa_b0001_r on rack08-15
work: /tmp/attack_if
config: SOURCE_ROOT=/home/mmoslem3/scratch/PoisonBase PERSIST_DATA_ROOT=/home/mmoslem3/scratch/PoisonBase/data MODEL=VGG13BN ATTACK=gradmatch CLASS_PAIR=frog-airplane BUDGETS=0.001 SELECT=r NUM_TARGETS=8 NUM_VICTIMS=5 sh sel_dpp.sh
protocol: attack=8 targets x 5 victims
gpu: NVIDIA L40S
=== component ablation: R | VGG13BN / gradmatch / frog-airplane ===
    targets: pinned from target_sets/VGG13BN_gradmatch_frog-airplane.json (same 10 the random-base run attacked)
    difficulty label tgt12   craft flags: --craft_lowmem --craft_batch 256 --fast_gradmatch
    component ablation: R; needed raw components are averaged over surrogates, then standardized (batch=64)
    budgets: 0.001

--- r | VGG13BN / gradmatch / frog-airplane | budget 0.001 ---
[2026-09-02 21:20:53] === run start: CIFAR10_VGG13BN_gradmatch_ours_frog-airplane_b0.001_eps8_seed42_lam1_cosine_selR_ce5_tgt12 on cuda [0] ===
[2026-09-02 21:20:53] args: {"FORCE": false, "attack": "gradmatch", "base": "ours", "base_dist": "cosine", "base_topr": null, "budget": 0.001, "cache_dir": "/tmp/attack_if/cache", "class_pair": "frog-airplane", "clean_baseline": true, "craft_alpha": 0.0039216, "craft_aug": true, "craft_batch": 256, "craft_ensemble": 5, "craft_lowmem": true, "craft_schedule": false, "craft_steps": 250, "data_path": "/tmp/data", "dataset": "CIFAR10", "dsa_strategy": "color_crop_cutout_flip_scale_rotate", "epsilon": 0.0313725, "fast_gradmatch": true, "fc_mode": "sample", "fc_restarts": 1, "gpus": "all", "jacobian_batch_size": 64, "jacobian_weight": 1.0, "lambda_margin": 1.0, "model": "VGG13BN", "no_resume": false, "num_poisons": 500, "num_surrogates": 20, "num_targets": 8, "num_victims": 5, "out_dir": "/tmp/attack_if/ours_result", "pair_order": "poison-target", "parallel_pretrain": true, "parallel_targets": true, "precompute_id": null, "precompute_only": false, "precompute_part": "both", "rank_on_victims": true, "recompute_deltas": false, "require_correct_target": false, "restarts": 8, "seed": 42, "sel_K": null, "sel_alpha": 1.0, "sel_component": "r", "sel_criterion": null, "sel_dpp": false, "sel_filter": false, "sel_mmr": false, "sel_mode": null, "sel_model": null, "sel_mu": 1.0, "sel_pca": false, "sel_pool": 3.0, "sharp_mode": "worst", "sharp_samples": 20, "sharp_sigma": 0.05, "steal_timeout": 7200.0, "surrogate_aug": false, "surrogate_bs": 128, "surrogate_decay": [35, 45], "surrogate_epochs": 60, "surrogate_lr": 0.1, "surrogate_wd": 0.0, "target_idx_file": "target_sets/VGG13BN_gradmatch_frog-airplane.json", "target_select": 12, "use_jacobian_score": false, "victim_aug": false, "victim_bs": 125, "victim_decay": [40], "victim_epochs": 50, "victim_lr": 0.1, "victim_wd": 0.0}
[2026-09-02 21:20:53] Jacobian score: disabled
[2026-09-02 21:20:53] R component selector: raw components averaged over surrogates, then each used component standardized across candidates; batch_size=64
[2026-09-02 21:20:53] N_total=50000 budget=0.001 -> N_p=50 poisons, y_adv=6(frog) target_class=0(airplane)
[2026-09-02 21:20:53] === surrogates (20 x VGG13BN, trained on the full real set) ===
[2026-09-02 21:20:53]   crafting on 5/20 surrogates
[2026-09-02 21:20:53] === clean victims (5 x VGG13BN) ===
[2026-09-02 21:20:55]   clean baseline CTA = 0.8451 +/- 0.0161
[2026-09-02 21:20:55]   target pool 1000 -> eligible 998 (2 already predicted as y_adv or dropped)
[2026-09-02 21:20:55]   chosen 8 targets (file), p_adv range 0.0000..0.0001
[2026-09-02 21:20:55]   targets: [2783, 2507, 6738, 5787, 7815, 5074, 7356, 8267]
[2026-09-02 21:20:55] === target 2783 (1/8) ===
[2026-09-02 21:22:46]   target 2783: crafted 50 poisons in 109 s, obj=0.38517
[2026-09-02 21:22:46]   target 2783: realized linf = 0.03137 (8.00/255), budget = 8.00/255
[2026-09-02 21:24:29]   [t2783 v1/5] fail (pred=deer) CTA=0.8380
[2026-09-02 21:26:11]   [t2783 v2/5] fail (pred=cat) CTA=0.8627
[2026-09-02 21:27:53]   [t2783 v3/5] fail (pred=airplane) CTA=0.8496
[2026-09-02 21:29:35]   [t2783 v4/5] fail (pred=cat) CTA=0.8457
[2026-09-02 21:31:17]   [t2783 v5/5] fail (pred=airplane) CTA=0.8414
[2026-09-02 21:31:17]   target 2783, 5 victims on this gpu: ASR=0.0% CTA=0.8475 +/- 0.0086
[2026-09-02 21:31:17] === target 2507 (2/8) ===
[2026-09-02 21:33:07]   target 2507: crafted 50 poisons in 109 s, obj=0.46610
[2026-09-02 21:33:07]   target 2507: realized linf = 0.03137 (8.00/255), budget = 8.00/255
[2026-09-02 21:34:51]   [t2507 v1/5] fail (pred=airplane) CTA=0.8648
[2026-09-02 21:36:33]   [t2507 v2/5] fail (pred=airplane) CTA=0.8434
[2026-09-02 21:38:15]   [t2507 v3/5] fail (pred=airplane) CTA=0.8497
[2026-09-02 21:39:57]   [t2507 v4/5] fail (pred=airplane) CTA=0.8595
[2026-09-02 21:41:40]   [t2507 v5/5] fail (pred=airplane) CTA=0.8594
[2026-09-02 21:41:40]   target 2507, 5 victims on this gpu: ASR=0.0% CTA=0.8554 +/- 0.0077
[2026-09-02 21:41:40] === target 6738 (3/8) ===
[2026-09-02 21:43:30]   target 6738: crafted 50 poisons in 110 s, obj=0.57949
[2026-09-02 21:43:30]   target 6738: realized linf = 0.03137 (8.00/255), budget = 8.00/255
[2026-09-02 21:45:14]   [t6738 v1/5] fail (pred=airplane) CTA=0.8413
[2026-09-02 21:46:56]   [t6738 v2/5] fail (pred=airplane) CTA=0.8461
[2026-09-02 21:48:38]   [t6738 v3/5] fail (pred=airplane) CTA=0.8610
[2026-09-02 21:50:20]   [t6738 v4/5] fail (pred=airplane) CTA=0.8531
[2026-09-02 21:52:02]   [t6738 v5/5] fail (pred=airplane) CTA=0.8642
[2026-09-02 21:52:02]   target 6738, 5 victims on this gpu: ASR=0.0% CTA=0.8531 +/- 0.0086
[2026-09-02 21:52:02] === target 5787 (4/8) ===
[2026-09-02 21:53:53]   target 5787: crafted 50 poisons in 109 s, obj=0.40940
[2026-09-02 21:53:53]   target 5787: realized linf = 0.03137 (8.00/255), budget = 8.00/255
[2026-09-02 21:55:36]   [t5787 v1/5] fail (pred=airplane) CTA=0.8544
[2026-09-02 21:57:18]   [t5787 v2/5] fail (pred=airplane) CTA=0.8462
[2026-09-02 21:59:00]   [t5787 v3/5] fail (pred=airplane) CTA=0.8479
[2026-09-02 22:00:42]   [t5787 v4/5] fail (pred=airplane) CTA=0.8505
[2026-09-02 22:02:24]   [t5787 v5/5] fail (pred=airplane) CTA=0.8589
[2026-09-02 22:02:24]   target 5787, 5 victims on this gpu: ASR=0.0% CTA=0.8516 +/- 0.0046
[2026-09-02 22:02:24] === target 7815 (5/8) ===
[2026-09-02 22:04:15]   target 7815: crafted 50 poisons in 109 s, obj=0.25379
[2026-09-02 22:04:15]   target 7815: realized linf = 0.03137 (8.00/255), budget = 8.00/255
[2026-09-02 22:05:59]   [t7815 v1/5] fail (pred=ship) CTA=0.8434
[2026-09-02 22:07:41]   [t7815 v2/5] fail (pred=ship) CTA=0.8608
[2026-09-02 22:09:23]   [t7815 v3/5] fail (pred=ship) CTA=0.8551
[2026-09-02 22:11:04]   [t7815 v4/5] fail (pred=ship) CTA=0.8525
[2026-09-02 22:12:46]   [t7815 v5/5] fail (pred=ship) CTA=0.8563
[2026-09-02 22:12:46]   target 7815, 5 victims on this gpu: ASR=0.0% CTA=0.8536 +/- 0.0058
[2026-09-02 22:12:46] === target 5074 (6/8) ===
[2026-09-02 22:14:35]   target 5074: crafted 50 poisons in 108 s, obj=0.42073
[2026-09-02 22:14:35]   target 5074: realized linf = 0.03137 (8.00/255), budget = 8.00/255
[2026-09-02 22:16:19]   [t5074 v1/5] fail (pred=airplane) CTA=0.8437
[2026-09-02 22:18:01]   [t5074 v2/5] fail (pred=airplane) CTA=0.8560
