stage: optional directory absent: /home/mmoslem3/scratch/attack_if/ours_result/CIFAR10_ConvNetBN_gradmatch_ours_dog-bird_b0.002_eps8_seed42_lam1_cosine_selMinusM_ce5_tgt70
job: 5194418 cmp30b_21_convnetbn_gm_db_b0002_minus_m on kn051
work: /tmp/attack_if
config: source /home/mmoslem3/ENV/bin/activate; SOURCE_ROOT=/home/mmoslem3/scratch/attack_if PERSIST_DATA_ROOT=/home/mmoslem3/scratch/data MODEL=ConvNetBN ATTACK=gradmatch CLASS_PAIR=dog-bird BUDGETS=0.002 SELECT=minus-m NUM_TARGETS=8 NUM_VICTIMS=5 sh sel_dpp.sh
protocol: attack=8 targets x 5 victims
gpu: NVIDIA L40S
=== component ablation: -M | ConvNetBN / gradmatch / dog-bird ===
    targets: pinned from target_sets/ConvNetBN_gradmatch_dog-bird.json (same 10 the random-base run attacked)
    difficulty label tgt70   craft flags: none
    component ablation: -M; needed raw components are averaged over surrogates, then standardized (batch=64)
    budgets: 0.002

--- minus-m | ConvNetBN / gradmatch / dog-bird | budget 0.002 ---
[2026-09-02 23:08:50] === run start: CIFAR10_ConvNetBN_gradmatch_ours_dog-bird_b0.002_eps8_seed42_lam1_cosine_selMinusM_ce5_tgt70 on cuda [0] ===
[2026-09-02 23:08:50] args: {"FORCE": false, "attack": "gradmatch", "base": "ours", "base_dist": "cosine", "base_topr": null, "budget": 0.002, "cache_dir": "/tmp/attack_if/cache", "class_pair": "dog-bird", "clean_baseline": true, "craft_alpha": 0.0039216, "craft_aug": true, "craft_batch": 256, "craft_ensemble": 5, "craft_lowmem": false, "craft_schedule": false, "craft_steps": 250, "data_path": "/tmp/data", "dataset": "CIFAR10", "dsa_strategy": "color_crop_cutout_flip_scale_rotate", "epsilon": 0.0313725, "fast_gradmatch": false, "fc_mode": "sample", "fc_restarts": 1, "gpus": "all", "jacobian_batch_size": 64, "jacobian_weight": 1.0, "lambda_margin": 1.0, "model": "ConvNetBN", "no_resume": false, "num_poisons": 500, "num_surrogates": 20, "num_targets": 8, "num_victims": 5, "out_dir": "/tmp/attack_if/ours_result", "pair_order": "poison-target", "parallel_pretrain": true, "parallel_targets": true, "precompute_id": null, "precompute_only": false, "precompute_part": "both", "rank_on_victims": true, "recompute_deltas": false, "require_correct_target": false, "restarts": 8, "seed": 42, "sel_K": null, "sel_alpha": 1.0, "sel_component": "minus-m", "sel_criterion": null, "sel_dpp": false, "sel_filter": false, "sel_mmr": false, "sel_mode": null, "sel_model": null, "sel_mu": 1.0, "sel_pca": false, "sel_pool": 3.0, "sharp_mode": "worst", "sharp_samples": 20, "sharp_sigma": 0.05, "steal_timeout": 7200.0, "surrogate_aug": false, "surrogate_bs": 128, "surrogate_decay": [35, 45], "surrogate_epochs": 60, "surrogate_lr": 0.1, "surrogate_wd": 0.0, "target_idx_file": "target_sets/ConvNetBN_gradmatch_dog-bird.json", "target_select": 70, "use_jacobian_score": false, "victim_aug": false, "victim_bs": 125, "victim_decay": [40], "victim_epochs": 50, "victim_lr": 0.1, "victim_wd": 0.0}
[2026-09-02 23:08:50] Jacobian score: disabled
[2026-09-02 23:08:50] -M component selector: raw components averaged over surrogates, then each used component standardized across candidates; batch_size=64
[2026-09-02 23:08:50] N_total=50000 budget=0.002 -> N_p=100 poisons, y_adv=5(dog) target_class=2(bird)
[2026-09-02 23:08:50] === surrogates (20 x ConvNetBN, trained on the full real set) ===
[2026-09-02 23:08:50]   crafting on 5/20 surrogates
[2026-09-02 23:08:50] === clean victims (5 x ConvNetBN) ===
[2026-09-02 23:08:50]   clean baseline CTA = 0.8105 +/- 0.0070
[2026-09-02 23:08:51]   target pool 1000 -> eligible 962 (38 already predicted as y_adv or dropped)
[2026-09-02 23:08:51]   chosen 8 targets (file), p_adv range 0.0000..0.0354
[2026-09-02 23:08:51]   targets: [843, 1257, 8252, 8730, 8055, 5859, 8954, 821]
[2026-09-02 23:08:51] === target 843 (1/8) ===
[2026-09-02 23:10:13]   target 843: crafted 100 poisons in 82 s, obj=0.29889
[2026-09-02 23:10:13]   target 843: realized linf = 0.03137 (8.00/255), budget = 8.00/255
[2026-09-02 23:11:04]   [t843 v1/5] fail (pred=bird) CTA=0.8109
[2026-09-02 23:11:54]   [t843 v2/5] fail (pred=bird) CTA=0.8066
[2026-09-02 23:12:44]   [t843 v3/5] fail (pred=bird) CTA=0.8067
[2026-09-02 23:13:35]   [t843 v4/5] fail (pred=bird) CTA=0.8091
[2026-09-02 23:14:25]   [t843 v5/5] SUCCESS (pred=dog) CTA=0.7986
[2026-09-02 23:14:25]   target 843, 5 victims on this gpu: ASR=20.0% CTA=0.8064 +/- 0.0042
[2026-09-02 23:14:25] === target 1257 (2/8) ===
[2026-09-02 23:15:47]   target 1257: crafted 100 poisons in 81 s, obj=0.26754
[2026-09-02 23:15:47]   target 1257: realized linf = 0.03137 (8.00/255), budget = 8.00/255
[2026-09-02 23:16:38]   [t1257 v1/5] SUCCESS (pred=dog) CTA=0.8011
[2026-09-02 23:17:29]   [t1257 v2/5] fail (pred=bird) CTA=0.8065
[2026-09-02 23:18:19]   [t1257 v3/5] fail (pred=bird) CTA=0.8150
[2026-09-02 23:19:09]   [t1257 v4/5] fail (pred=bird) CTA=0.8026
[2026-09-02 23:19:59]   [t1257 v5/5] fail (pred=bird) CTA=0.7953
[2026-09-02 23:19:59]   target 1257, 5 victims on this gpu: ASR=20.0% CTA=0.8041 +/- 0.0065
[2026-09-02 23:19:59] === target 8252 (3/8) ===
[2026-09-02 23:21:21]   target 8252: crafted 100 poisons in 81 s, obj=0.25453
[2026-09-02 23:21:21]   target 8252: realized linf = 0.03137 (8.00/255), budget = 8.00/255
[2026-09-02 23:22:13]   [t8252 v1/5] fail (pred=horse) CTA=0.8067
[2026-09-02 23:23:03]   [t8252 v2/5] SUCCESS (pred=dog) CTA=0.8141
[2026-09-02 23:23:53]   [t8252 v3/5] SUCCESS (pred=dog) CTA=0.8034
[2026-09-02 23:24:43]   [t8252 v4/5] fail (pred=cat) CTA=0.8054
[2026-09-02 23:25:33]   [t8252 v5/5] SUCCESS (pred=dog) CTA=0.7947
[2026-09-02 23:25:33]   target 8252, 5 victims on this gpu: ASR=60.0% CTA=0.8049 +/- 0.0062
[2026-09-02 23:25:33] === target 8730 (4/8) ===
[2026-09-02 23:26:55]   target 8730: crafted 100 poisons in 81 s, obj=0.26810
[2026-09-02 23:26:55]   target 8730: realized linf = 0.03137 (8.00/255), budget = 8.00/255
[2026-09-02 23:27:47]   [t8730 v1/5] fail (pred=bird) CTA=0.8028
[2026-09-02 23:28:37]   [t8730 v2/5] fail (pred=bird) CTA=0.8105
[2026-09-02 23:29:27]   [t8730 v3/5] fail (pred=bird) CTA=0.8161
[2026-09-02 23:30:17]   [t8730 v4/5] SUCCESS (pred=dog) CTA=0.8034
[2026-09-02 23:31:07]   [t8730 v5/5] fail (pred=bird) CTA=0.8004
[2026-09-02 23:31:07]   target 8730, 5 victims on this gpu: ASR=20.0% CTA=0.8066 +/- 0.0058
[2026-09-02 23:31:07] === target 8055 (5/8) ===
[2026-09-02 23:32:29]   target 8055: crafted 100 poisons in 81 s, obj=0.30160
[2026-09-02 23:32:29]   target 8055: realized linf = 0.03137 (8.00/255), budget = 8.00/255
[2026-09-02 23:33:21]   [t8055 v1/5] fail (pred=bird) CTA=0.8045
[2026-09-02 23:34:11]   [t8055 v2/5] SUCCESS (pred=dog) CTA=0.8043
[2026-09-02 23:35:01]   [t8055 v3/5] SUCCESS (pred=dog) CTA=0.8082
[2026-09-02 23:35:51]   [t8055 v4/5] fail (pred=bird) CTA=0.8024
[2026-09-02 23:36:42]   [t8055 v5/5] fail (pred=bird) CTA=0.8119
[2026-09-02 23:36:42]   target 8055, 5 victims on this gpu: ASR=40.0% CTA=0.8063 +/- 0.0034
[2026-09-02 23:36:42] === target 5859 (6/8) ===
[2026-09-02 23:38:04]   target 5859: crafted 100 poisons in 81 s, obj=0.27512
[2026-09-02 23:38:04]   target 5859: realized linf = 0.03137 (8.00/255), budget = 8.00/255
[2026-09-02 23:38:56]   [t5859 v1/5] SUCCESS (pred=dog) CTA=0.8003
[2026-09-02 23:39:46]   [t5859 v2/5] SUCCESS (pred=dog) CTA=0.8129
[2026-09-02 23:40:36]   [t5859 v3/5] fail (pred=bird) CTA=0.8048
[2026-09-02 23:41:26]   [t5859 v4/5] SUCCESS (pred=dog) CTA=0.8025
[2026-09-02 23:42:16]   [t5859 v5/5] SUCCESS (pred=dog) CTA=0.8035
[2026-09-02 23:42:16]   target 5859, 5 victims on this gpu: ASR=80.0% CTA=0.8048 +/- 0.0043
[2026-09-02 23:42:16] === target 8954 (7/8) ===
[2026-09-02 23:43:38]   target 8954: crafted 100 poisons in 81 s, obj=0.26900
[2026-09-02 23:43:38]   target 8954: realized linf = 0.03137 (8.00/255), budget = 8.00/255
[2026-09-02 23:44:30]   [t8954 v1/5] fail (pred=deer) CTA=0.8001
[2026-09-02 23:45:20]   [t8954 v2/5] SUCCESS (pred=dog) CTA=0.8043
[2026-09-02 23:46:10]   [t8954 v3/5] fail (pred=bird) CTA=0.8061
[2026-09-02 23:47:00]   [t8954 v4/5] fail (pred=bird) CTA=0.8028
[2026-09-02 23:47:50]   [t8954 v5/5] fail (pred=bird) CTA=0.8085
[2026-09-02 23:47:50]   target 8954, 5 victims on this gpu: ASR=20.0% CTA=0.8044 +/- 0.0029
[2026-09-02 23:47:50] === target 821 (8/8) ===
[2026-09-02 23:49:13]   target 821: crafted 100 poisons in 82 s, obj=0.31623
[2026-09-02 23:49:13]   target 821: realized linf = 0.03137 (8.00/255), budget = 8.00/255
[2026-09-02 23:50:04]   [t821 v1/5] fail (pred=bird) CTA=0.8080
[2026-09-02 23:50:54]   [t821 v2/5] fail (pred=bird) CTA=0.8141
[2026-09-02 23:51:44]   [t821 v3/5] fail (pred=horse) CTA=0.8036
[2026-09-02 23:52:34]   [t821 v4/5] fail (pred=bird) CTA=0.8068
[2026-09-02 23:53:24]   [t821 v5/5] fail (pred=bird) CTA=0.8060
[2026-09-02 23:53:24]   target 821, 5 victims on this gpu: ASR=0.0% CTA=0.8077 +/- 0.0035
[2026-09-02 23:53:24] ==== CIFAR10_ConvNetBN_gradmatch_ours_dog-bird_b0.002_eps8_seed42_lam1_cosine_selMinusM_ce5_tgt70 : ASR = 32.5% +/- 24.4% | CTA = 0.8056 (baseline 0.8105) ====
[2026-09-02 23:53:24]   target-prediction tally ['airplane', 'automobile', 'bird', 'cat', 'deer', 'dog', 'frog', 'horse', 'ship', 'truck']: [0, 0, 23, 1, 1, 13, 0, 2, 0, 0]

sync: preserving outputs in /home/mmoslem3/scratch/attack_if
sync: complete
