stage: optional directory absent: /home/mmoslem3/scratch/PoisonBase/ours_result/CIFAR10_VGG13BN_fc_ours_frog-airplane_b0.001_eps8_seed42_lam1_cosine_selAplusR_ce5_tgt3
job: 770088 cmp30_27_vgg13bn_fc_fa_b0001_a_plus_r on rack09-12
work: /tmp/attack_if
config: SOURCE_ROOT=/home/mmoslem3/scratch/PoisonBase PERSIST_DATA_ROOT=/home/mmoslem3/scratch/PoisonBase/data MODEL=VGG13BN ATTACK=fc CLASS_PAIR=frog-airplane BUDGETS=0.001 SELECT=a-plus-r NUM_TARGETS=8 NUM_VICTIMS=5 sh sel_dpp.sh
protocol: attack=8 targets x 5 victims
gpu: NVIDIA L40S
=== component ablation: A+R | VGG13BN / fc / frog-airplane ===
    targets: pinned from target_sets/VGG13BN_fc_frog-airplane.json (same 10 the random-base run attacked)
    difficulty label tgt3   craft flags: none
    component ablation: A+R; needed raw components are averaged over surrogates, then standardized (batch=64)
    budgets: 0.001

--- a-plus-r | VGG13BN / fc / frog-airplane | budget 0.001 ---
[2026-09-02 21:22:55] === run start: CIFAR10_VGG13BN_fc_ours_frog-airplane_b0.001_eps8_seed42_lam1_cosine_selAplusR_ce5_tgt3 on cuda [0] ===
[2026-09-02 21:22:55] args: {"FORCE": false, "attack": "fc", "base": "ours", "base_dist": "cosine", "base_topr": null, "budget": 0.001, "cache_dir": "/tmp/attack_if/cache", "class_pair": "frog-airplane", "clean_baseline": true, "craft_alpha": 0.0039216, "craft_aug": true, "craft_batch": 256, "craft_ensemble": 5, "craft_lowmem": false, "craft_schedule": false, "craft_steps": 250, "data_path": "/tmp/data", "dataset": "CIFAR10", "dsa_strategy": "color_crop_cutout_flip_scale_rotate", "epsilon": 0.0313725, "fast_gradmatch": false, "fc_mode": "sample", "fc_restarts": 1, "gpus": "all", "jacobian_batch_size": 64, "jacobian_weight": 1.0, "lambda_margin": 1.0, "model": "VGG13BN", "no_resume": false, "num_poisons": 500, "num_surrogates": 20, "num_targets": 8, "num_victims": 5, "out_dir": "/tmp/attack_if/ours_result", "pair_order": "poison-target", "parallel_pretrain": true, "parallel_targets": true, "precompute_id": null, "precompute_only": false, "precompute_part": "both", "rank_on_victims": true, "recompute_deltas": false, "require_correct_target": false, "restarts": 8, "seed": 42, "sel_K": null, "sel_alpha": 1.0, "sel_component": "a-plus-r", "sel_criterion": null, "sel_dpp": false, "sel_filter": false, "sel_mmr": false, "sel_mode": null, "sel_model": null, "sel_mu": 1.0, "sel_pca": false, "sel_pool": 3.0, "sharp_mode": "worst", "sharp_samples": 20, "sharp_sigma": 0.05, "steal_timeout": 7200.0, "surrogate_aug": false, "surrogate_bs": 128, "surrogate_decay": [35, 45], "surrogate_epochs": 60, "surrogate_lr": 0.1, "surrogate_wd": 0.0, "target_idx_file": "target_sets/VGG13BN_fc_frog-airplane.json", "target_select": 3, "use_jacobian_score": false, "victim_aug": false, "victim_bs": 125, "victim_decay": [40], "victim_epochs": 50, "victim_lr": 0.1, "victim_wd": 0.0}
[2026-09-02 21:22:55] Jacobian score: disabled
[2026-09-02 21:22:55] A+R component selector: raw components averaged over surrogates, then each used component standardized across candidates; batch_size=64
[2026-09-02 21:22:55] N_total=50000 budget=0.001 -> N_p=50 poisons, y_adv=6(frog) target_class=0(airplane)
[2026-09-02 21:22:55] === surrogates (20 x VGG13BN, trained on the full real set) ===
[2026-09-02 21:22:56]   crafting on 5/20 surrogates
[2026-09-02 21:22:56] === clean victims (5 x VGG13BN) ===
[2026-09-02 21:22:57]   clean baseline CTA = 0.8451 +/- 0.0161
[2026-09-02 21:22:57]   target pool 1000 -> eligible 998 (2 already predicted as y_adv or dropped)
[2026-09-02 21:22:57]   chosen 8 targets (file), p_adv range 0.0004..0.0117
[2026-09-02 21:22:57]   targets: [912, 9957, 1739, 1165, 3278, 4313, 416, 6491]
[2026-09-02 21:22:57] === target 912 (1/8) ===
[2026-09-02 21:22:58]   Jacobian score exact backend: torch.func JVP
[2026-09-02 21:23:09]   target 912: crafted 50 poisons in 2 s, obj=0.00191
[2026-09-02 21:23:09]   target 912: realized linf = 0.03137 (8.00/255), budget = 8.00/255
[2026-09-02 21:24:51]   [t912 v1/5] fail (pred=cat) CTA=0.8639
[2026-09-02 21:26:32]   [t912 v2/5] fail (pred=cat) CTA=0.8648
[2026-09-02 21:28:12]   [t912 v3/5] fail (pred=bird) CTA=0.8552
[2026-09-02 21:29:53]   [t912 v4/5] fail (pred=deer) CTA=0.8507
[2026-09-02 21:31:34]   [t912 v5/5] fail (pred=airplane) CTA=0.8527
[2026-09-02 21:31:34]   target 912, 5 victims on this gpu: ASR=0.0% CTA=0.8575 +/- 0.0058
[2026-09-02 21:31:34] === target 9957 (2/8) ===
[2026-09-02 21:31:45]   target 9957: crafted 50 poisons in 2 s, obj=0.00280
[2026-09-02 21:31:45]   target 9957: realized linf = 0.03137 (8.00/255), budget = 8.00/255
[2026-09-02 21:33:27]   [t9957 v1/5] fail (pred=airplane) CTA=0.8513
[2026-09-02 21:35:08]   [t9957 v2/5] fail (pred=cat) CTA=0.8474
[2026-09-02 21:36:48]   [t9957 v3/5] fail (pred=airplane) CTA=0.8574
[2026-09-02 21:38:29]   [t9957 v4/5] fail (pred=ship) CTA=0.8346
[2026-09-02 21:40:09]   [t9957 v5/5] fail (pred=cat) CTA=0.8617
[2026-09-02 21:40:09]   target 9957, 5 victims on this gpu: ASR=0.0% CTA=0.8505 +/- 0.0093
[2026-09-02 21:40:09] === target 1739 (3/8) ===
[2026-09-02 21:40:21]   target 1739: crafted 50 poisons in 2 s, obj=0.00373
[2026-09-02 21:40:21]   target 1739: realized linf = 0.03137 (8.00/255), budget = 8.00/255
[2026-09-02 21:42:02]   [t1739 v1/5] fail (pred=airplane) CTA=0.8535
[2026-09-02 21:43:43]   [t1739 v2/5] fail (pred=airplane) CTA=0.8634
[2026-09-02 21:45:24]   [t1739 v3/5] fail (pred=deer) CTA=0.8507
[2026-09-02 21:47:04]   [t1739 v4/5] SUCCESS (pred=frog) CTA=0.8553
[2026-09-02 21:48:45]   [t1739 v5/5] fail (pred=airplane) CTA=0.8432
[2026-09-02 21:48:45]   target 1739, 5 victims on this gpu: ASR=20.0% CTA=0.8532 +/- 0.0066
[2026-09-02 21:48:45] === target 1165 (4/8) ===
[2026-09-02 21:48:56]   target 1165: crafted 50 poisons in 2 s, obj=0.00341
[2026-09-02 21:48:56]   target 1165: realized linf = 0.03137 (8.00/255), budget = 8.00/255
[2026-09-02 21:50:38]   [t1165 v1/5] fail (pred=airplane) CTA=0.8578
[2026-09-02 21:52:19]   [t1165 v2/5] fail (pred=airplane) CTA=0.8292
[2026-09-02 21:53:59]   [t1165 v3/5] fail (pred=airplane) CTA=0.8541
[2026-09-02 21:55:40]   [t1165 v4/5] fail (pred=airplane) CTA=0.8661
[2026-09-02 21:57:21]   [t1165 v5/5] fail (pred=ship) CTA=0.8498
[2026-09-02 21:57:21]   target 1165, 5 victims on this gpu: ASR=0.0% CTA=0.8514 +/- 0.0123
[2026-09-02 21:57:21] === target 3278 (5/8) ===
[2026-09-02 21:57:32]   target 3278: crafted 50 poisons in 2 s, obj=0.00290
[2026-09-02 21:57:32]   target 3278: realized linf = 0.03137 (8.00/255), budget = 8.00/255
[2026-09-02 21:59:14]   [t3278 v1/5] fail (pred=airplane) CTA=0.8566
[2026-09-02 22:00:55]   [t3278 v2/5] fail (pred=airplane) CTA=0.8589
[2026-09-02 22:02:35]   [t3278 v3/5] fail (pred=airplane) CTA=0.8480
[2026-09-02 22:04:16]   [t3278 v4/5] fail (pred=airplane) CTA=0.8695
[2026-09-02 22:05:57]   [t3278 v5/5] fail (pred=airplane) CTA=0.8511
[2026-09-02 22:05:57]   target 3278, 5 victims on this gpu: ASR=0.0% CTA=0.8568 +/- 0.0074
[2026-09-02 22:05:57] === target 4313 (6/8) ===
[2026-09-02 22:06:08]   target 4313: crafted 50 poisons in 2 s, obj=0.00194
[2026-09-02 22:06:08]   target 4313: realized linf = 0.03137 (8.00/255), budget = 8.00/255
[2026-09-02 22:07:50]   [t4313 v1/5] fail (pred=airplane) CTA=0.8577
[2026-09-02 22:09:31]   [t4313 v2/5] fail (pred=airplane) CTA=0.8535
[2026-09-02 22:11:12]   [t4313 v3/5] fail (pred=bird) CTA=0.8590
[2026-09-02 22:12:53]   [t4313 v4/5] fail (pred=airplane) CTA=0.8426
[2026-09-02 22:14:34]   [t4313 v5/5] fail (pred=bird) CTA=0.8551
[2026-09-02 22:14:34]   target 4313, 5 victims on this gpu: ASR=0.0% CTA=0.8536 +/- 0.0058
[2026-09-02 22:14:34] === target 416 (7/8) ===
[2026-09-02 22:14:45]   target 416: crafted 50 poisons in 2 s, obj=0.00231
[2026-09-02 22:14:45]   target 416: realized linf = 0.03137 (8.00/255), budget = 8.00/255
[2026-09-02 22:16:27]   [t416 v1/5] fail (pred=airplane) CTA=0.8646
[2026-09-02 22:18:08]   [t416 v2/5] fail (pred=airplane) CTA=0.8476
[2026-09-02 22:19:48]   [t416 v3/5] fail (pred=cat) CTA=0.8560
[2026-09-02 22:21:29]   [t416 v4/5] fail (pred=airplane) CTA=0.8474
[2026-09-02 22:23:10]   [t416 v5/5] fail (pred=airplane) CTA=0.8624
[2026-09-02 22:23:10]   target 416, 5 victims on this gpu: ASR=0.0% CTA=0.8556 +/- 0.0072
[2026-09-02 22:23:10] === target 6491 (8/8) ===
[2026-09-02 22:23:21]   target 6491: crafted 50 poisons in 2 s, obj=0.00232
[2026-09-02 22:23:21]   target 6491: realized linf = 0.03137 (8.00/255), budget = 8.00/255
[2026-09-02 22:25:03]   [t6491 v1/5] SUCCESS (pred=frog) CTA=0.8492
[2026-09-02 22:26:43]   [t6491 v2/5] fail (pred=truck) CTA=0.8516
[2026-09-02 22:28:24]   [t6491 v3/5] fail (pred=ship) CTA=0.8613
[2026-09-02 22:30:05]   [t6491 v4/5] fail (pred=cat) CTA=0.8635
[2026-09-02 22:31:46]   [t6491 v5/5] fail (pred=bird) CTA=0.8528
[2026-09-02 22:31:46]   target 6491, 5 victims on this gpu: ASR=20.0% CTA=0.8557 +/- 0.0057
[2026-09-02 22:31:46] ==== CIFAR10_VGG13BN_fc_ours_frog-airplane_b0.001_eps8_seed42_lam1_cosine_selAplusR_ce5_tgt3 : ASR = 5.0% +/- 8.7% | CTA = 0.8543 (baseline 0.8451) ====
[2026-09-02 22:31:46]   target-prediction tally ['airplane', 'automobile', 'bird', 'cat', 'deer', 'dog', 'frog', 'horse', 'ship', 'truck']: [22, 0, 4, 6, 2, 0, 2, 0, 3, 1]

sync: preserving outputs in /home/mmoslem3/scratch/PoisonBase
sync: complete
