stage: optional directory absent: /home/mmoslem3/scratch/attack_if/last_night_H200_2026-08-26/ours_result/CIFAR10_ResNet20BN_gradmatch_random_dog-bird_b0.002_eps8_seed42_selarchConvNetBN_K1_ce5_tgt14
stage: optional directory absent: /home/mmoslem3/scratch/attack_if/ours_result/CIFAR10_ResNet20BN_gradmatch_random_dog-bird_b0.002_eps8_seed42_selarchConvNetBN_K1_ce5_tgt14
job: 5034834 cross_088_k1_gradmatch_b0_002_sconvnet_aresnet20_random on kn083
work: /tmp/attack_if
config: SEL_K=1 BUDGET=0.002 ATTACKS=gradmatch MODELS=ResNet20BN SELECTOR_MODELS=ConvNetBN SELECTIONS=random RUN_MATCHED=1 NUM_TARGETS=5 NUM_VICTIMS=4 sh cross_arch.sh
protocol: one cell, 5 targets x 4 victims
gpu: NVIDIA L40S
=== cross-architecture sweep ===
    A=V models : ResNet20BN
    S models   : ConvNetBN
    attacks    : gradmatch (fc is BP)
    selections : random
    budget     : 0.002 (targets pinned from b0.005)
    protocol   : 5 targets x 4 victims, 20 surrogates
    selector K : 1
    Jacobian   : enabled=0 weight=1.0 batch=64

=== S=ConvNetBN -> A=V=ResNet20BN | gradmatch | random ===
    targets=target_sets/xarch_ResNet20BN_gradmatch_dog-bird_b0.005.json (5), victims=4, surrogates=20
    Jacobian: not applicable to Random; run is unchanged
[2026-08-26 15:52:43] === run start: CIFAR10_ResNet20BN_gradmatch_random_dog-bird_b0.002_eps8_seed42_selarchConvNetBN_K1_ce5_tgt14 on cuda [0] ===
[2026-08-26 15:52:43] args: {"FORCE": false, "attack": "gradmatch", "base": "random", "base_dist": "l2", "base_topr": null, "budget": 0.002, "cache_dir": "/tmp/attack_if/cache", "class_pair": "dog-bird", "clean_baseline": true, "craft_alpha": 0.0039216, "craft_aug": true, "craft_batch": 256, "craft_ensemble": 5, "craft_lowmem": false, "craft_schedule": false, "craft_steps": 250, "data_path": "/tmp/attack_if/data", "dataset": "CIFAR10", "dsa_strategy": "color_crop_cutout_flip_scale_rotate", "epsilon": 0.0313725, "fast_gradmatch": false, "fc_mode": "sample", "fc_restarts": 1, "gpus": "all", "jacobian_batch_size": 64, "jacobian_weight": 1.0, "lambda_margin": 1.0, "model": "ResNet20BN", "no_resume": false, "num_poisons": 500, "num_surrogates": 20, "num_targets": 5, "num_victims": 4, "out_dir": "/tmp/attack_if/ours_result", "pair_order": "poison-target", "parallel_pretrain": true, "parallel_targets": true, "precompute_id": null, "precompute_only": false, "precompute_part": "both", "rank_on_victims": true, "recompute_deltas": false, "require_correct_target": false, "restarts": 8, "seed": 42, "sel_K": 1, "sel_alpha": 1.0, "sel_criterion": null, "sel_dpp": false, "sel_filter": false, "sel_mmr": false, "sel_mode": null, "sel_model": "ConvNetBN", "sel_mu": 1.0, "sel_pca": false, "sel_pool": 3.0, "sharp_mode": "worst", "sharp_samples": 20, "sharp_sigma": 0.05, "steal_timeout": 7200.0, "surrogate_aug": false, "surrogate_bs": 128, "surrogate_decay": [35, 45], "surrogate_epochs": 60, "surrogate_lr": 0.1, "surrogate_wd": 0.0, "target_idx_file": "target_sets/xarch_ResNet20BN_gradmatch_dog-bird_b0.005.json", "target_select": 14, "use_jacobian_score": false, "victim_aug": false, "victim_bs": 125, "victim_decay": [40], "victim_epochs": 50, "victim_lr": 0.1, "victim_wd": 0.0}
[2026-08-26 15:52:43] Jacobian score: disabled
[2026-08-26 15:52:43] N_total=50000 budget=0.002 -> N_p=100 poisons, y_adv=5(dog) target_class=2(bird)
[2026-08-26 15:52:43] === surrogates (20 x ResNet20BN, trained on the full real set) ===
[2026-08-26 15:52:43]   crafting on 5/20 surrogates
[2026-08-26 15:52:43] === clean victims (4 x ResNet20BN) ===
[2026-08-26 15:52:44]   clean baseline CTA = 0.8387 +/- 0.0013
[2026-08-26 15:52:44]   target pool 1000 -> eligible 974 (26 already predicted as y_adv or dropped)
[2026-08-26 15:52:44]   chosen 5 targets (file), p_adv range 0.0000..0.0256
[2026-08-26 15:52:44]   targets: [833, 2065, 4630, 5118, 5324]
[2026-08-26 15:52:44] === target 833 (1/5) ===
[2026-08-26 15:57:13]   target 833: crafted 100 poisons in 269 s, obj=0.20274
[2026-08-26 15:57:13]   target 833: realized linf = 0.03137 (8.00/255), budget = 8.00/255
[2026-08-26 15:59:28]   [t833 v1/4] fail (pred=bird) CTA=0.8381
[2026-08-26 16:01:42]   [t833 v2/4] fail (pred=horse) CTA=0.8398
[2026-08-26 16:03:57]   [t833 v3/4] fail (pred=cat) CTA=0.8436
[2026-08-26 16:06:11]   [t833 v4/4] fail (pred=bird) CTA=0.8382
[2026-08-26 16:06:11]   target 833, 4 victims on this gpu: ASR=0.0% CTA=0.8399 +/- 0.0022
[2026-08-26 16:06:11] === target 2065 (2/5) ===
[2026-08-26 16:10:39]   target 2065: crafted 100 poisons in 268 s, obj=0.21173
[2026-08-26 16:10:39]   target 2065: realized linf = 0.03137 (8.00/255), budget = 8.00/255
[2026-08-26 16:12:56]   [t2065 v1/4] fail (pred=deer) CTA=0.8371
[2026-08-26 16:15:09]   [t2065 v2/4] fail (pred=bird) CTA=0.8417
[2026-08-26 16:17:23]   [t2065 v3/4] fail (pred=deer) CTA=0.8399
[2026-08-26 16:19:34]   [t2065 v4/4] fail (pred=deer) CTA=0.8342
[2026-08-26 16:19:34]   target 2065, 4 victims on this gpu: ASR=0.0% CTA=0.8382 +/- 0.0028
[2026-08-26 16:19:34] === target 4630 (3/5) ===
[2026-08-26 16:23:59]   target 4630: crafted 100 poisons in 264 s, obj=0.19045
[2026-08-26 16:23:59]   target 4630: realized linf = 0.03137 (8.00/255), budget = 8.00/255
[2026-08-26 16:26:13]   [t4630 v1/4] fail (pred=cat) CTA=0.8397
[2026-08-26 16:28:26]   [t4630 v2/4] fail (pred=cat) CTA=0.8422
[2026-08-26 16:30:38]   [t4630 v3/4] fail (pred=cat) CTA=0.8389
[2026-08-26 16:32:52]   [t4630 v4/4] fail (pred=bird) CTA=0.8351
[2026-08-26 16:32:52]   target 4630, 4 victims on this gpu: ASR=0.0% CTA=0.8390 +/- 0.0025
[2026-08-26 16:32:52] === target 5118 (4/5) ===
[2026-08-26 16:37:18]   target 5118: crafted 100 poisons in 266 s, obj=0.24030
[2026-08-26 16:37:18]   target 5118: realized linf = 0.03137 (8.00/255), budget = 8.00/255
[2026-08-26 16:39:33]   [t5118 v1/4] fail (pred=bird) CTA=0.8428
[2026-08-26 16:41:49]   [t5118 v2/4] fail (pred=bird) CTA=0.8396
[2026-08-26 16:44:06]   [t5118 v3/4] fail (pred=bird) CTA=0.8375
[2026-08-26 16:46:22]   [t5118 v4/4] fail (pred=bird) CTA=0.8409
[2026-08-26 16:46:22]   target 5118, 4 victims on this gpu: ASR=0.0% CTA=0.8402 +/- 0.0019
[2026-08-26 16:46:22] === target 5324 (5/5) ===
[2026-08-26 16:50:50]   target 5324: crafted 100 poisons in 268 s, obj=0.21215
[2026-08-26 16:50:50]   target 5324: realized linf = 0.03137 (8.00/255), budget = 8.00/255
[2026-08-26 16:53:06]   [t5324 v1/4] fail (pred=truck) CTA=0.8414
[2026-08-26 16:55:23]   [t5324 v2/4] SUCCESS (pred=dog) CTA=0.8349
[2026-08-26 16:57:40]   [t5324 v3/4] fail (pred=truck) CTA=0.8398
[2026-08-26 16:59:54]   [t5324 v4/4] fail (pred=ship) CTA=0.8326
[2026-08-26 16:59:54]   target 5324, 4 victims on this gpu: ASR=25.0% CTA=0.8372 +/- 0.0036
[2026-08-26 16:59:54] ==== CIFAR10_ResNet20BN_gradmatch_random_dog-bird_b0.002_eps8_seed42_selarchConvNetBN_K1_ce5_tgt14 : ASR = 5.0% +/- 10.0% | CTA = 0.8389 (baseline 0.8387) ====
[2026-08-26 16:59:54]   target-prediction tally ['airplane', 'automobile', 'bird', 'cat', 'deer', 'dog', 'frog', 'horse', 'ship', 'truck']: [0, 0, 8, 4, 3, 1, 0, 1, 1, 2]

=== cross-architecture sweep finished ===
sync: cross-architecture artifacts -> /home/mmoslem3/scratch/attack_if
sync: complete
