environment modules unavailable; using /home/mmoslem3/ENV directly
stage: optional directory absent: /home/mmoslem3/scratch/PoisonBase/last_night_H200_2026-08-26/ours_result/CIFAR10_VGG13BN_sapa_ours_dog-bird_b0.005_eps8_seed42_lam1_cosine_seldpp2_selarchResNet20BN_K1_worst0.05_ce5_tgt50
stage: optional directory absent: /home/mmoslem3/scratch/PoisonBase/ours_result/CIFAR10_VGG13BN_sapa_ours_dog-bird_b0.005_eps8_seed42_lam1_cosine_seldpp2_selarchResNet20BN_K1_worst0.05_ce5_tgt50
job: 632605 cross_382_k1_sapa_b0_005_sresnet20_avgg13_dpp on rack15-15
work: /tmp/attack_if
config: SEL_K=1 BUDGET=0.005 ATTACKS=sapa MODELS=VGG13BN SELECTOR_MODELS=ResNet20BN SELECTIONS=dpp RUN_MATCHED=1 NUM_TARGETS=5 NUM_VICTIMS=4 sh cross_arch.sh
protocol: one cell, 5 targets x 4 victims
gpu: NVIDIA L40S
=== cross-architecture sweep ===
    A=V models : VGG13BN
    S models   : ResNet20BN
    attacks    : sapa (fc is BP)
    selections : dpp
    budget     : 0.005 (targets pinned from b0.005)
    protocol   : 5 targets x 4 victims, 20 surrogates
    selector K : 1
    Jacobian   : enabled=0 weight=1.0 batch=64

=== S=ResNet20BN -> A=V=VGG13BN | sapa | dpp ===
    targets=target_sets/xarch_VGG13BN_gradmatch_dog-bird_b0.005.json (5), victims=4, surrogates=20
    Jacobian: enabled=0 weight=1.0 batch=64
[2026-08-27 04:32:39] === run start: CIFAR10_VGG13BN_sapa_ours_dog-bird_b0.005_eps8_seed42_lam1_cosine_seldpp2_selarchResNet20BN_K1_worst0.05_ce5_tgt50 on cuda [0] ===
[2026-08-27 04:32:39] args: {"FORCE": false, "attack": "sapa", "base": "ours", "base_dist": "cosine", "base_topr": null, "budget": 0.005, "cache_dir": "/tmp/attack_if/cache", "class_pair": "dog-bird", "clean_baseline": true, "craft_alpha": 0.0039216, "craft_aug": true, "craft_batch": 256, "craft_ensemble": 5, "craft_lowmem": true, "craft_schedule": false, "craft_steps": 250, "data_path": "/tmp/attack_if/data", "dataset": "CIFAR10", "dsa_strategy": "color_crop_cutout_flip_scale_rotate", "epsilon": 0.0313725, "fast_gradmatch": true, "fc_mode": "sample", "fc_restarts": 1, "gpus": "all", "jacobian_batch_size": 64, "jacobian_weight": 1.0, "lambda_margin": 1.0, "model": "VGG13BN", "no_resume": false, "num_poisons": 500, "num_surrogates": 20, "num_targets": 5, "num_victims": 4, "out_dir": "/tmp/attack_if/ours_result", "pair_order": "poison-target", "parallel_pretrain": true, "parallel_targets": true, "precompute_id": null, "precompute_only": false, "precompute_part": "both", "rank_on_victims": true, "recompute_deltas": false, "require_correct_target": false, "restarts": 8, "seed": 42, "sel_K": 1, "sel_alpha": 2.0, "sel_criterion": null, "sel_dpp": true, "sel_filter": false, "sel_mmr": false, "sel_mode": "dpp", "sel_model": "ResNet20BN", "sel_mu": 1.0, "sel_pca": false, "sel_pool": 3.0, "sharp_mode": "worst", "sharp_samples": 20, "sharp_sigma": 0.05, "steal_timeout": 7200.0, "surrogate_aug": false, "surrogate_bs": 128, "surrogate_decay": [35, 45], "surrogate_epochs": 60, "surrogate_lr": 0.1, "surrogate_wd": 0.0, "target_idx_file": "target_sets/xarch_VGG13BN_gradmatch_dog-bird_b0.005.json", "target_select": 50, "use_jacobian_score": false, "victim_aug": false, "victim_bs": 125, "victim_decay": [40], "victim_epochs": 50, "victim_lr": 0.1, "victim_wd": 0.0}
[2026-08-27 04:32:39] Jacobian score: disabled
[2026-08-27 04:32:39] N_total=50000 budget=0.005 -> N_p=250 poisons, y_adv=5(dog) target_class=2(bird)
[2026-08-27 04:32:39] === surrogates (20 x VGG13BN, trained on the full real set) ===
[2026-08-27 04:32:40]   crafting on 5/20 surrogates
[2026-08-27 04:32:40] === selection surrogates (20 x ResNet20BN, cross-architecture) ===
[2026-08-27 04:32:41] === clean victims (4 x VGG13BN) ===
[2026-08-27 04:32:42]   clean baseline CTA = 0.8426 +/- 0.0172
[2026-08-27 04:32:42]   target pool 1000 -> eligible 966 (34 already predicted as y_adv or dropped)
[2026-08-27 04:32:42]   chosen 5 targets (file), p_adv range 0.0000..0.0000
[2026-08-27 04:32:42]   targets: [409, 630, 1656, 2270, 5022]
[2026-08-27 04:32:42] === target 409 (1/5) ===
[2026-08-27 04:40:09]   target 409: crafted 250 poisons in 446 s, obj=0.26541
[2026-08-27 04:40:09]   target 409: realized linf = 0.03137 (8.00/255), budget = 8.00/255
[2026-08-27 04:41:50]   [t409 v1/4] fail (pred=bird) CTA=0.8515
[2026-08-27 04:43:33]   [t409 v2/4] SUCCESS (pred=dog) CTA=0.8585
[2026-08-27 04:45:17]   [t409 v3/4] fail (pred=cat) CTA=0.8520
[2026-08-27 04:47:00]   [t409 v4/4] SUCCESS (pred=dog) CTA=0.8559
[2026-08-27 04:47:00]   target 409, 4 victims on this gpu: ASR=50.0% CTA=0.8545 +/- 0.0029
[2026-08-27 04:47:00] === target 630 (2/5) ===
[2026-08-27 04:54:29]   target 630: crafted 250 poisons in 449 s, obj=0.30325
[2026-08-27 04:54:29]   target 630: realized linf = 0.03137 (8.00/255), budget = 8.00/255
[2026-08-27 04:56:12]   [t630 v1/4] SUCCESS (pred=dog) CTA=0.8570
[2026-08-27 04:57:56]   [t630 v2/4] SUCCESS (pred=dog) CTA=0.8333
[2026-08-27 04:59:39]   [t630 v3/4] fail (pred=bird) CTA=0.8607
[2026-08-27 05:01:23]   [t630 v4/4] SUCCESS (pred=dog) CTA=0.8445
[2026-08-27 05:01:23]   target 630, 4 victims on this gpu: ASR=75.0% CTA=0.8489 +/- 0.0108
[2026-08-27 05:01:23] === target 1656 (3/5) ===
[2026-08-27 05:08:52]   target 1656: crafted 250 poisons in 449 s, obj=0.28116
[2026-08-27 05:08:52]   target 1656: realized linf = 0.03137 (8.00/255), budget = 8.00/255
[2026-08-27 05:10:35]   [t1656 v1/4] SUCCESS (pred=dog) CTA=0.8541
[2026-08-27 05:12:18]   [t1656 v2/4] SUCCESS (pred=dog) CTA=0.8560
[2026-08-27 05:14:01]   [t1656 v3/4] SUCCESS (pred=dog) CTA=0.8469
[2026-08-27 05:15:45]   [t1656 v4/4] SUCCESS (pred=dog) CTA=0.8551
[2026-08-27 05:15:45]   target 1656, 4 victims on this gpu: ASR=100.0% CTA=0.8530 +/- 0.0036
[2026-08-27 05:15:45] === target 2270 (4/5) ===
[2026-08-27 05:23:14]   target 2270: crafted 250 poisons in 449 s, obj=0.27944
[2026-08-27 05:23:14]   target 2270: realized linf = 0.03137 (8.00/255), budget = 8.00/255
[2026-08-27 05:24:57]   [t2270 v1/4] SUCCESS (pred=dog) CTA=0.8655
[2026-08-27 05:26:39]   [t2270 v2/4] fail (pred=cat) CTA=0.8589
[2026-08-27 05:28:20]   [t2270 v3/4] SUCCESS (pred=dog) CTA=0.8511
[2026-08-27 05:30:02]   [t2270 v4/4] SUCCESS (pred=dog) CTA=0.8593
[2026-08-27 05:30:02]   target 2270, 4 victims on this gpu: ASR=75.0% CTA=0.8587 +/- 0.0051
[2026-08-27 05:30:02] === target 5022 (5/5) ===
[2026-08-27 05:37:31]   target 5022: crafted 250 poisons in 449 s, obj=0.30836
[2026-08-27 05:37:31]   target 5022: realized linf = 0.03137 (8.00/255), budget = 8.00/255
[2026-08-27 05:39:14]   [t5022 v1/4] SUCCESS (pred=dog) CTA=0.8574
[2026-08-27 05:40:57]   [t5022 v2/4] SUCCESS (pred=dog) CTA=0.8581
[2026-08-27 05:42:40]   [t5022 v3/4] SUCCESS (pred=dog) CTA=0.8485
[2026-08-27 05:44:24]   [t5022 v4/4] fail (pred=bird) CTA=0.8538
[2026-08-27 05:44:24]   target 5022, 4 victims on this gpu: ASR=75.0% CTA=0.8545 +/- 0.0038
[2026-08-27 05:44:24] ==== CIFAR10_VGG13BN_sapa_ours_dog-bird_b0.005_eps8_seed42_lam1_cosine_seldpp2_selarchResNet20BN_K1_worst0.05_ce5_tgt50 : ASR = 75.0% +/- 15.8% | CTA = 0.8539 (baseline 0.8426) ====
[2026-08-27 05:44:24]   target-prediction tally ['airplane', 'automobile', 'bird', 'cat', 'deer', 'dog', 'frog', 'horse', 'ship', 'truck']: [0, 0, 3, 2, 0, 15, 0, 0, 0, 0]

=== cross-architecture sweep finished ===
sync: cross-architecture artifacts -> /home/mmoslem3/scratch/PoisonBase
sync: complete
