environment modules unavailable; using /home/mmoslem3/ENV directly
stage: optional directory absent: /home/mmoslem3/scratch/PoisonBase/last_night_H200_2026-08-26/ours_result/CIFAR10_VGG13BN_sapa_ours_dog-bird_b0.005_eps8_seed42_lam1_cosine_K3_worst0.05_ce5_tgt50
stage: optional directory absent: /home/mmoslem3/scratch/PoisonBase/ours_result/CIFAR10_VGG13BN_sapa_ours_dog-bird_b0.005_eps8_seed42_lam1_cosine_K3_worst0.05_ce5_tgt50
job: 632619 cross_403_k3_sapa_b0_005_svgg13_avgg13_greedy on rack03-15
work: /tmp/attack_if
config: SEL_K=3 BUDGET=0.005 ATTACKS=sapa MODELS=VGG13BN SELECTOR_MODELS=VGG13BN SELECTIONS=greedy RUN_MATCHED=1 NUM_TARGETS=5 NUM_VICTIMS=4 sh cross_arch.sh
protocol: one cell, 5 targets x 4 victims
gpu: NVIDIA L40S
=== cross-architecture sweep ===
    A=V models : VGG13BN
    S models   : VGG13BN
    attacks    : sapa (fc is BP)
    selections : greedy
    budget     : 0.005 (targets pinned from b0.005)
    protocol   : 5 targets x 4 victims, 20 surrogates
    selector K : 3
    Jacobian   : enabled=0 weight=1.0 batch=64

=== S=VGG13BN -> A=V=VGG13BN | sapa | greedy ===
    targets=target_sets/xarch_VGG13BN_gradmatch_dog-bird_b0.005.json (5), victims=4, surrogates=20
    Jacobian: disabled for Greedy in this table
[2026-08-27 04:33:14] === run start: CIFAR10_VGG13BN_sapa_ours_dog-bird_b0.005_eps8_seed42_lam1_cosine_K3_worst0.05_ce5_tgt50 on cuda [0] ===
[2026-08-27 04:33:14] args: {"FORCE": false, "attack": "sapa", "base": "ours", "base_dist": "cosine", "base_topr": null, "budget": 0.005, "cache_dir": "/tmp/attack_if/cache", "class_pair": "dog-bird", "clean_baseline": true, "craft_alpha": 0.0039216, "craft_aug": true, "craft_batch": 256, "craft_ensemble": 5, "craft_lowmem": true, "craft_schedule": false, "craft_steps": 250, "data_path": "/tmp/attack_if/data", "dataset": "CIFAR10", "dsa_strategy": "color_crop_cutout_flip_scale_rotate", "epsilon": 0.0313725, "fast_gradmatch": true, "fc_mode": "sample", "fc_restarts": 1, "gpus": "all", "jacobian_batch_size": 64, "jacobian_weight": 1.0, "lambda_margin": 1.0, "model": "VGG13BN", "no_resume": false, "num_poisons": 500, "num_surrogates": 20, "num_targets": 5, "num_victims": 4, "out_dir": "/tmp/attack_if/ours_result", "pair_order": "poison-target", "parallel_pretrain": true, "parallel_targets": true, "precompute_id": null, "precompute_only": false, "precompute_part": "both", "rank_on_victims": true, "recompute_deltas": false, "require_correct_target": false, "restarts": 8, "seed": 42, "sel_K": 3, "sel_alpha": 1.0, "sel_criterion": null, "sel_dpp": false, "sel_filter": false, "sel_mmr": false, "sel_mode": null, "sel_model": "VGG13BN", "sel_mu": 1.0, "sel_pca": false, "sel_pool": 3.0, "sharp_mode": "worst", "sharp_samples": 20, "sharp_sigma": 0.05, "steal_timeout": 7200.0, "surrogate_aug": false, "surrogate_bs": 128, "surrogate_decay": [35, 45], "surrogate_epochs": 60, "surrogate_lr": 0.1, "surrogate_wd": 0.0, "target_idx_file": "target_sets/xarch_VGG13BN_gradmatch_dog-bird_b0.005.json", "target_select": 50, "use_jacobian_score": false, "victim_aug": false, "victim_bs": 125, "victim_decay": [40], "victim_epochs": 50, "victim_lr": 0.1, "victim_wd": 0.0}
[2026-08-27 04:33:14] Jacobian score: disabled
[2026-08-27 04:33:14] N_total=50000 budget=0.005 -> N_p=250 poisons, y_adv=5(dog) target_class=2(bird)
[2026-08-27 04:33:14] === surrogates (20 x VGG13BN, trained on the full real set) ===
[2026-08-27 04:33:15]   crafting on 5/20 surrogates
[2026-08-27 04:33:15] === clean victims (4 x VGG13BN) ===
[2026-08-27 04:33:16]   clean baseline CTA = 0.8426 +/- 0.0172
[2026-08-27 04:33:16]   target pool 1000 -> eligible 966 (34 already predicted as y_adv or dropped)
[2026-08-27 04:33:16]   chosen 5 targets (file), p_adv range 0.0000..0.0000
[2026-08-27 04:33:16]   targets: [409, 630, 1656, 2270, 5022]
[2026-08-27 04:33:16] === target 409 (1/5) ===
[2026-08-27 04:40:42]   target 409: crafted 250 poisons in 445 s, obj=0.24825
[2026-08-27 04:40:42]   target 409: realized linf = 0.03137 (8.00/255), budget = 8.00/255
[2026-08-27 04:42:24]   [t409 v1/4] SUCCESS (pred=dog) CTA=0.8526
[2026-08-27 04:44:06]   [t409 v2/4] SUCCESS (pred=dog) CTA=0.8666
[2026-08-27 04:45:49]   [t409 v3/4] SUCCESS (pred=dog) CTA=0.8600
[2026-08-27 04:47:31]   [t409 v4/4] SUCCESS (pred=dog) CTA=0.8571
[2026-08-27 04:47:31]   target 409, 4 victims on this gpu: ASR=100.0% CTA=0.8591 +/- 0.0051
[2026-08-27 04:47:31] === target 630 (2/5) ===
[2026-08-27 04:54:59]   target 630: crafted 250 poisons in 448 s, obj=0.30272
[2026-08-27 04:54:59]   target 630: realized linf = 0.03137 (8.00/255), budget = 8.00/255
[2026-08-27 04:56:41]   [t630 v1/4] SUCCESS (pred=dog) CTA=0.8592
[2026-08-27 04:58:24]   [t630 v2/4] fail (pred=bird) CTA=0.8300
[2026-08-27 05:00:06]   [t630 v3/4] SUCCESS (pred=dog) CTA=0.8607
[2026-08-27 05:01:48]   [t630 v4/4] SUCCESS (pred=dog) CTA=0.8601
[2026-08-27 05:01:48]   target 630, 4 victims on this gpu: ASR=75.0% CTA=0.8525 +/- 0.0130
[2026-08-27 05:01:48] === target 1656 (3/5) ===
[2026-08-27 05:09:16]   target 1656: crafted 250 poisons in 448 s, obj=0.27097
[2026-08-27 05:09:16]   target 1656: realized linf = 0.03137 (8.00/255), budget = 8.00/255
