environment modules unavailable; using /home/mmoslem3/ENV directly
stage: optional directory absent: /home/mmoslem3/scratch/PoisonBase/last_night_H200_2026-08-26/ours_result/CIFAR10_VGG13BN_fc_ours_dog-bird_b0.005_eps8_seed42_lam1_cosine_seldpp2_selarchConvNetBN_K3_ce5_tgt3
stage: optional directory absent: /home/mmoslem3/scratch/PoisonBase/ours_result/CIFAR10_VGG13BN_fc_ours_dog-bird_b0.005_eps8_seed42_lam1_cosine_seldpp2_selarchConvNetBN_K3_ce5_tgt3
job: 632524 cross_289_k3_fc_b0_005_sconvnet_avgg13_dpp on rack02-02
work: /tmp/attack_if
config: SEL_K=3 BUDGET=0.005 ATTACKS=fc MODELS=VGG13BN SELECTOR_MODELS=ConvNetBN SELECTIONS=dpp RUN_MATCHED=1 NUM_TARGETS=5 NUM_VICTIMS=4 sh cross_arch.sh
protocol: one cell, 5 targets x 4 victims
gpu: NVIDIA L40S
=== cross-architecture sweep ===
    A=V models : VGG13BN
    S models   : ConvNetBN
    attacks    : fc (fc is BP)
    selections : dpp
    budget     : 0.005 (targets pinned from b0.005)
    protocol   : 5 targets x 4 victims, 20 surrogates
    selector K : 3
    Jacobian   : enabled=0 weight=1.0 batch=64

=== S=ConvNetBN -> A=V=VGG13BN | fc | dpp ===
    targets=target_sets/xarch_VGG13BN_fc_dog-bird_b0.005.json (5), victims=4, surrogates=20
    Jacobian: enabled=0 weight=1.0 batch=64
[2026-08-27 03:56:50] === run start: CIFAR10_VGG13BN_fc_ours_dog-bird_b0.005_eps8_seed42_lam1_cosine_seldpp2_selarchConvNetBN_K3_ce5_tgt3 on cuda [0] ===
[2026-08-27 03:56:50] args: {"FORCE": false, "attack": "fc", "base": "ours", "base_dist": "cosine", "base_topr": null, "budget": 0.005, "cache_dir": "/tmp/attack_if/cache", "class_pair": "dog-bird", "clean_baseline": true, "craft_alpha": 0.0039216, "craft_aug": true, "craft_batch": 256, "craft_ensemble": 5, "craft_lowmem": false, "craft_schedule": false, "craft_steps": 250, "data_path": "/tmp/attack_if/data", "dataset": "CIFAR10", "dsa_strategy": "color_crop_cutout_flip_scale_rotate", "epsilon": 0.0313725, "fast_gradmatch": false, "fc_mode": "sample", "fc_restarts": 1, "gpus": "all", "jacobian_batch_size": 64, "jacobian_weight": 1.0, "lambda_margin": 1.0, "model": "VGG13BN", "no_resume": false, "num_poisons": 500, "num_surrogates": 20, "num_targets": 5, "num_victims": 4, "out_dir": "/tmp/attack_if/ours_result", "pair_order": "poison-target", "parallel_pretrain": true, "parallel_targets": true, "precompute_id": null, "precompute_only": false, "precompute_part": "both", "rank_on_victims": true, "recompute_deltas": false, "require_correct_target": false, "restarts": 8, "seed": 42, "sel_K": 3, "sel_alpha": 2.0, "sel_criterion": null, "sel_dpp": true, "sel_filter": false, "sel_mmr": false, "sel_mode": "dpp", "sel_model": "ConvNetBN", "sel_mu": 1.0, "sel_pca": false, "sel_pool": 3.0, "sharp_mode": "worst", "sharp_samples": 20, "sharp_sigma": 0.05, "steal_timeout": 7200.0, "surrogate_aug": false, "surrogate_bs": 128, "surrogate_decay": [35, 45], "surrogate_epochs": 60, "surrogate_lr": 0.1, "surrogate_wd": 0.0, "target_idx_file": "target_sets/xarch_VGG13BN_fc_dog-bird_b0.005.json", "target_select": 3, "use_jacobian_score": false, "victim_aug": false, "victim_bs": 125, "victim_decay": [40], "victim_epochs": 50, "victim_lr": 0.1, "victim_wd": 0.0}
[2026-08-27 03:56:50] Jacobian score: disabled
[2026-08-27 03:56:50] N_total=50000 budget=0.005 -> N_p=250 poisons, y_adv=5(dog) target_class=2(bird)
[2026-08-27 03:56:50] === surrogates (20 x VGG13BN, trained on the full real set) ===
[2026-08-27 03:56:51]   crafting on 5/20 surrogates
[2026-08-27 03:56:51] === selection surrogates (20 x ConvNetBN, cross-architecture) ===
[2026-08-27 03:56:52] === clean victims (4 x VGG13BN) ===
[2026-08-27 03:56:53]   clean baseline CTA = 0.8426 +/- 0.0172
[2026-08-27 03:56:53]   target pool 1000 -> eligible 966 (34 already predicted as y_adv or dropped)
[2026-08-27 03:56:53]   chosen 5 targets (file), p_adv range 0.0029..0.2923
[2026-08-27 03:56:53]   targets: [2127, 2171, 2597, 3728, 4462]
[2026-08-27 03:56:53] === target 2127 (1/5) ===
[2026-08-27 03:57:02]   target 2127: crafted 250 poisons in 8 s, obj=0.00202
[2026-08-27 03:57:02]   target 2127: realized linf = 0.03137 (8.00/255), budget = 8.00/255
[2026-08-27 03:58:44]   [t2127 v1/4] SUCCESS (pred=dog) CTA=0.8579
[2026-08-27 04:00:24]   [t2127 v2/4] SUCCESS (pred=dog) CTA=0.8462
[2026-08-27 04:02:04]   [t2127 v3/4] SUCCESS (pred=dog) CTA=0.8605
[2026-08-27 04:03:44]   [t2127 v4/4] SUCCESS (pred=dog) CTA=0.8419
[2026-08-27 04:03:44]   target 2127, 4 victims on this gpu: ASR=100.0% CTA=0.8516 +/- 0.0078
[2026-08-27 04:03:44] === target 2171 (2/5) ===
[2026-08-27 04:03:52]   target 2171: crafted 250 poisons in 8 s, obj=0.00217
[2026-08-27 04:03:52]   target 2171: realized linf = 0.03137 (8.00/255), budget = 8.00/255
[2026-08-27 04:05:35]   [t2171 v1/4] SUCCESS (pred=dog) CTA=0.8591
[2026-08-27 04:07:15]   [t2171 v2/4] fail (pred=bird) CTA=0.8629
[2026-08-27 04:08:55]   [t2171 v3/4] fail (pred=bird) CTA=0.8588
[2026-08-27 04:10:36]   [t2171 v4/4] fail (pred=bird) CTA=0.8434
[2026-08-27 04:10:36]   target 2171, 4 victims on this gpu: ASR=25.0% CTA=0.8560 +/- 0.0075
[2026-08-27 04:10:36] === target 2597 (3/5) ===
[2026-08-27 04:10:45]   target 2597: crafted 250 poisons in 8 s, obj=0.00209
[2026-08-27 04:10:45]   target 2597: realized linf = 0.03137 (8.00/255), budget = 8.00/255
[2026-08-27 04:12:27]   [t2597 v1/4] SUCCESS (pred=dog) CTA=0.8355
[2026-08-27 04:14:08]   [t2597 v2/4] fail (pred=horse) CTA=0.8597
[2026-08-27 04:15:48]   [t2597 v3/4] fail (pred=cat) CTA=0.8440
[2026-08-27 04:17:29]   [t2597 v4/4] fail (pred=cat) CTA=0.8565
[2026-08-27 04:17:29]   target 2597, 4 victims on this gpu: ASR=25.0% CTA=0.8489 +/- 0.0097
[2026-08-27 04:17:29] === target 3728 (4/5) ===
[2026-08-27 04:17:38]   target 3728: crafted 250 poisons in 8 s, obj=0.00215
[2026-08-27 04:17:38]   target 3728: realized linf = 0.03137 (8.00/255), budget = 8.00/255
[2026-08-27 04:19:20]   [t3728 v1/4] SUCCESS (pred=dog) CTA=0.8488
[2026-08-27 04:21:00]   [t3728 v2/4] SUCCESS (pred=dog) CTA=0.8423
[2026-08-27 04:22:41]   [t3728 v3/4] SUCCESS (pred=dog) CTA=0.8444
[2026-08-27 04:24:21]   [t3728 v4/4] SUCCESS (pred=dog) CTA=0.8612
[2026-08-27 04:24:21]   target 3728, 4 victims on this gpu: ASR=100.0% CTA=0.8492 +/- 0.0073
[2026-08-27 04:24:21] === target 4462 (5/5) ===
[2026-08-27 04:24:30]   target 4462: crafted 250 poisons in 8 s, obj=0.00275
[2026-08-27 04:24:30]   target 4462: realized linf = 0.03137 (8.00/255), budget = 8.00/255
[2026-08-27 04:26:12]   [t4462 v1/4] SUCCESS (pred=dog) CTA=0.8588
[2026-08-27 04:27:53]   [t4462 v2/4] SUCCESS (pred=dog) CTA=0.8543
[2026-08-27 04:29:34]   [t4462 v3/4] SUCCESS (pred=dog) CTA=0.8552
[2026-08-27 04:31:14]   [t4462 v4/4] SUCCESS (pred=dog) CTA=0.8577
[2026-08-27 04:31:14]   target 4462, 4 victims on this gpu: ASR=100.0% CTA=0.8565 +/- 0.0018
[2026-08-27 04:31:14] ==== CIFAR10_VGG13BN_fc_ours_dog-bird_b0.005_eps8_seed42_lam1_cosine_seldpp2_selarchConvNetBN_K3_ce5_tgt3 : ASR = 70.0% +/- 36.7% | CTA = 0.8525 (baseline 0.8426) ====
[2026-08-27 04:31:14]   target-prediction tally ['airplane', 'automobile', 'bird', 'cat', 'deer', 'dog', 'frog', 'horse', 'ship', 'truck']: [0, 0, 3, 2, 0, 14, 0, 1, 0, 0]

=== cross-architecture sweep finished ===
sync: cross-architecture artifacts -> /home/mmoslem3/scratch/PoisonBase
sync: complete
