stage: optional directory absent: /home/mmoslem3/scratch/attack_if/last_night_H200_2026-08-26/ours_result/CIFAR10_ResNet20BN_gradmatch_ours_dog-bird_b0.002_eps8_seed42_lam1_cosine_K3_ce5_tgt14
stage: optional directory absent: /home/mmoslem3/scratch/attack_if/ours_result/CIFAR10_ResNet20BN_gradmatch_ours_dog-bird_b0.002_eps8_seed42_lam1_cosine_K3_ce5_tgt14
job: 5034877 cross_127_k3_gradmatch_b0_002_sresnet20_aresnet20_greedy on kn064
work: /tmp/attack_if
config: SEL_K=3 BUDGET=0.002 ATTACKS=gradmatch MODELS=ResNet20BN SELECTOR_MODELS=ResNet20BN SELECTIONS=greedy RUN_MATCHED=1 NUM_TARGETS=5 NUM_VICTIMS=4 sh cross_arch.sh
protocol: one cell, 5 targets x 4 victims
gpu: NVIDIA L40S
=== cross-architecture sweep ===
    A=V models : ResNet20BN
    S models   : ResNet20BN
    attacks    : gradmatch (fc is BP)
    selections : greedy
    budget     : 0.002 (targets pinned from b0.005)
    protocol   : 5 targets x 4 victims, 20 surrogates
    selector K : 3
    Jacobian   : enabled=0 weight=1.0 batch=64

=== S=ResNet20BN -> A=V=ResNet20BN | gradmatch | greedy ===
    targets=target_sets/xarch_ResNet20BN_gradmatch_dog-bird_b0.005.json (5), victims=4, surrogates=20
    Jacobian: disabled for Greedy in this table
[2026-08-26 17:43:10] === run start: CIFAR10_ResNet20BN_gradmatch_ours_dog-bird_b0.002_eps8_seed42_lam1_cosine_K3_ce5_tgt14 on cuda [0] ===
[2026-08-26 17:43:10] args: {"FORCE": false, "attack": "gradmatch", "base": "ours", "base_dist": "cosine", "base_topr": null, "budget": 0.002, "cache_dir": "/tmp/attack_if/cache", "class_pair": "dog-bird", "clean_baseline": true, "craft_alpha": 0.0039216, "craft_aug": true, "craft_batch": 256, "craft_ensemble": 5, "craft_lowmem": false, "craft_schedule": false, "craft_steps": 250, "data_path": "/tmp/attack_if/data", "dataset": "CIFAR10", "dsa_strategy": "color_crop_cutout_flip_scale_rotate", "epsilon": 0.0313725, "fast_gradmatch": false, "fc_mode": "sample", "fc_restarts": 1, "gpus": "all", "jacobian_batch_size": 64, "jacobian_weight": 1.0, "lambda_margin": 1.0, "model": "ResNet20BN", "no_resume": false, "num_poisons": 500, "num_surrogates": 20, "num_targets": 5, "num_victims": 4, "out_dir": "/tmp/attack_if/ours_result", "pair_order": "poison-target", "parallel_pretrain": true, "parallel_targets": true, "precompute_id": null, "precompute_only": false, "precompute_part": "both", "rank_on_victims": true, "recompute_deltas": false, "require_correct_target": false, "restarts": 8, "seed": 42, "sel_K": 3, "sel_alpha": 1.0, "sel_criterion": null, "sel_dpp": false, "sel_filter": false, "sel_mmr": false, "sel_mode": null, "sel_model": "ResNet20BN", "sel_mu": 1.0, "sel_pca": false, "sel_pool": 3.0, "sharp_mode": "worst", "sharp_samples": 20, "sharp_sigma": 0.05, "steal_timeout": 7200.0, "surrogate_aug": false, "surrogate_bs": 128, "surrogate_decay": [35, 45], "surrogate_epochs": 60, "surrogate_lr": 0.1, "surrogate_wd": 0.0, "target_idx_file": "target_sets/xarch_ResNet20BN_gradmatch_dog-bird_b0.005.json", "target_select": 14, "use_jacobian_score": false, "victim_aug": false, "victim_bs": 125, "victim_decay": [40], "victim_epochs": 50, "victim_lr": 0.1, "victim_wd": 0.0}
[2026-08-26 17:43:10] Jacobian score: disabled
[2026-08-26 17:43:10] N_total=50000 budget=0.002 -> N_p=100 poisons, y_adv=5(dog) target_class=2(bird)
[2026-08-26 17:43:10] === surrogates (20 x ResNet20BN, trained on the full real set) ===
[2026-08-26 17:43:11]   crafting on 5/20 surrogates
[2026-08-26 17:43:11] === clean victims (4 x ResNet20BN) ===
[2026-08-26 17:43:11]   clean baseline CTA = 0.8387 +/- 0.0013
[2026-08-26 17:43:11]   target pool 1000 -> eligible 974 (26 already predicted as y_adv or dropped)
[2026-08-26 17:43:11]   chosen 5 targets (file), p_adv range 0.0000..0.0256
[2026-08-26 17:43:11]   targets: [833, 2065, 4630, 5118, 5324]
[2026-08-26 17:43:12] === target 833 (1/5) ===
[2026-08-26 17:47:43]   target 833: crafted 100 poisons in 272 s, obj=0.19758
[2026-08-26 17:47:43]   target 833: realized linf = 0.03137 (8.00/255), budget = 8.00/255
[2026-08-26 17:49:57]   [t833 v1/4] fail (pred=horse) CTA=0.8368
[2026-08-26 17:52:11]   [t833 v2/4] fail (pred=bird) CTA=0.8409
[2026-08-26 17:54:21]   [t833 v3/4] SUCCESS (pred=dog) CTA=0.8351
[2026-08-26 17:56:33]   [t833 v4/4] SUCCESS (pred=dog) CTA=0.8386
[2026-08-26 17:56:33]   target 833, 4 victims on this gpu: ASR=50.0% CTA=0.8378 +/- 0.0022
[2026-08-26 17:56:33] === target 2065 (2/5) ===
[2026-08-26 18:00:56]   target 2065: crafted 100 poisons in 263 s, obj=0.19386
[2026-08-26 18:00:56]   target 2065: realized linf = 0.03137 (8.00/255), budget = 8.00/255
[2026-08-26 18:03:11]   [t2065 v1/4] SUCCESS (pred=dog) CTA=0.8359
[2026-08-26 18:05:24]   [t2065 v2/4] SUCCESS (pred=dog) CTA=0.8412
[2026-08-26 18:07:34]   [t2065 v3/4] SUCCESS (pred=dog) CTA=0.8413
[2026-08-26 18:09:48]   [t2065 v4/4] SUCCESS (pred=dog) CTA=0.8414
[2026-08-26 18:09:48]   target 2065, 4 victims on this gpu: ASR=100.0% CTA=0.8399 +/- 0.0023
[2026-08-26 18:09:48] === target 4630 (3/5) ===
[2026-08-26 18:14:11]   target 4630: crafted 100 poisons in 263 s, obj=0.18514
[2026-08-26 18:14:11]   target 4630: realized linf = 0.03137 (8.00/255), budget = 8.00/255
[2026-08-26 18:16:25]   [t4630 v1/4] SUCCESS (pred=dog) CTA=0.8391
[2026-08-26 18:18:34]   [t4630 v2/4] SUCCESS (pred=dog) CTA=0.8392
[2026-08-26 18:20:48]   [t4630 v3/4] SUCCESS (pred=dog) CTA=0.8312
[2026-08-26 18:23:01]   [t4630 v4/4] SUCCESS (pred=dog) CTA=0.8368
[2026-08-26 18:23:01]   target 4630, 4 victims on this gpu: ASR=100.0% CTA=0.8366 +/- 0.0032
[2026-08-26 18:23:01] === target 5118 (4/5) ===
[2026-08-26 18:27:24]   target 5118: crafted 100 poisons in 263 s, obj=0.22433
[2026-08-26 18:27:24]   target 5118: realized linf = 0.03137 (8.00/255), budget = 8.00/255
[2026-08-26 18:29:35]   [t5118 v1/4] fail (pred=bird) CTA=0.8284
[2026-08-26 18:31:49]   [t5118 v2/4] SUCCESS (pred=dog) CTA=0.8384
