environment modules unavailable; using /home/mmoslem3/ENV directly
stage: optional directory absent: /home/mmoslem3/scratch/PoisonBase/last_night_H200_2026-08-26/ours_result/CIFAR10_ConvNetBN_sapa_ours_dog-bird_b0.002_eps8_seed42_lam1_cosine_selarchVGG13BN_K3_worst0.05_ce5_tgt70
job: 632509 cross_210_k3_sapa_b0_002_svgg13_aconvnet_greedy on rack05-05
work: /tmp/attack_if
config: SEL_K=3 BUDGET=0.002 ATTACKS=sapa MODELS=ConvNetBN SELECTOR_MODELS=VGG13BN SELECTIONS=greedy RUN_MATCHED=1 NUM_TARGETS=5 NUM_VICTIMS=4 sh cross_arch.sh
protocol: one cell, 5 targets x 4 victims
gpu: NVIDIA L40S
/tmp/attack_if/cross_arch.sh: 49: /home/mmoslem3/ENV/bin/activate: OSTYPE: parameter not set
=== cross-architecture sweep ===
    A=V models : ConvNetBN
    S models   : VGG13BN
    attacks    : sapa (fc is BP)
    selections : greedy
    budget     : 0.002 (targets pinned from b0.005)
    protocol   : 5 targets x 4 victims, 20 surrogates
    selector K : 3
    Jacobian   : enabled=0 weight=1.0 batch=64

=== S=VGG13BN -> A=V=ConvNetBN | sapa | greedy ===
    targets=target_sets/xarch_ConvNetBN_gradmatch_dog-bird_b0.005.json (5), victims=4, surrogates=20
    Jacobian: disabled for Greedy in this table
[2026-08-27 03:38:00] === run start: CIFAR10_ConvNetBN_sapa_ours_dog-bird_b0.002_eps8_seed42_lam1_cosine_selarchVGG13BN_K3_worst0.05_ce5_tgt70 on cuda [0] ===
[2026-08-27 03:38:00] args: {"FORCE": false, "attack": "sapa", "base": "ours", "base_dist": "cosine", "base_topr": null, "budget": 0.002, "cache_dir": "/tmp/attack_if/cache", "class_pair": "dog-bird", "clean_baseline": true, "craft_alpha": 0.0039216, "craft_aug": true, "craft_batch": 256, "craft_ensemble": 5, "craft_lowmem": false, "craft_schedule": false, "craft_steps": 250, "data_path": "/tmp/attack_if/data", "dataset": "CIFAR10", "dsa_strategy": "color_crop_cutout_flip_scale_rotate", "epsilon": 0.0313725, "fast_gradmatch": false, "fc_mode": "sample", "fc_restarts": 1, "gpus": "all", "jacobian_batch_size": 64, "jacobian_weight": 1.0, "lambda_margin": 1.0, "model": "ConvNetBN", "no_resume": false, "num_poisons": 500, "num_surrogates": 20, "num_targets": 5, "num_victims": 4, "out_dir": "/tmp/attack_if/ours_result", "pair_order": "poison-target", "parallel_pretrain": true, "parallel_targets": true, "precompute_id": null, "precompute_only": false, "precompute_part": "both", "rank_on_victims": true, "recompute_deltas": false, "require_correct_target": false, "restarts": 8, "seed": 42, "sel_K": 3, "sel_alpha": 1.0, "sel_criterion": null, "sel_dpp": false, "sel_filter": false, "sel_mmr": false, "sel_mode": null, "sel_model": "VGG13BN", "sel_mu": 1.0, "sel_pca": false, "sel_pool": 3.0, "sharp_mode": "worst", "sharp_samples": 20, "sharp_sigma": 0.05, "steal_timeout": 7200.0, "surrogate_aug": false, "surrogate_bs": 128, "surrogate_decay": [35, 45], "surrogate_epochs": 60, "surrogate_lr": 0.1, "surrogate_wd": 0.0, "target_idx_file": "target_sets/xarch_ConvNetBN_gradmatch_dog-bird_b0.005.json", "target_select": 70, "use_jacobian_score": false, "victim_aug": false, "victim_bs": 125, "victim_decay": [40], "victim_epochs": 50, "victim_lr": 0.1, "victim_wd": 0.0}
[2026-08-27 03:38:00] Jacobian score: disabled
[2026-08-27 03:38:00] N_total=50000 budget=0.002 -> N_p=100 poisons, y_adv=5(dog) target_class=2(bird)
[2026-08-27 03:38:00] === surrogates (20 x ConvNetBN, trained on the full real set) ===
[2026-08-27 03:38:01]   crafting on 5/20 surrogates
[2026-08-27 03:38:01] === selection surrogates (20 x VGG13BN, cross-architecture) ===
[2026-08-27 03:38:02] === clean victims (4 x ConvNetBN) ===
[2026-08-27 03:38:02]   clean baseline CTA = 0.8153 +/- 0.0048
[2026-08-27 03:38:02]   target pool 1000 -> eligible 965 (35 already predicted as y_adv or dropped)
[2026-08-27 03:38:02]   chosen 5 targets (file), p_adv range 0.0000..0.0000
[2026-08-27 03:38:02]   targets: [821, 843, 1257, 1547, 4427]
[2026-08-27 03:38:02]   merged 4 rows left behind by an interrupted run
[2026-08-27 03:38:02]   resume: 4 (target, victim) trials already done
[2026-08-27 03:38:02] === target 843 (1/4) ===
[2026-08-27 03:38:02]   target 843: realized linf = 0.03137 (8.00/255), budget = 8.00/255
[2026-08-27 03:38:52]   [t843 v1/4] fail (pred=bird) CTA=0.8146
[2026-08-27 03:39:44]   [t843 v2/4] fail (pred=bird) CTA=0.8060
[2026-08-27 03:40:35]   [t843 v3/4] fail (pred=bird) CTA=0.8023
[2026-08-27 03:41:26]   [t843 v4/4] fail (pred=bird) CTA=0.8112
[2026-08-27 03:41:26]   target 843, 4 victims on this gpu: ASR=0.0% CTA=0.8085 +/- 0.0047
[2026-08-27 03:41:26] === target 1257 (2/4) ===
[2026-08-27 03:42:45]   target 1257: crafted 100 poisons in 78 s, obj=0.29923
[2026-08-27 03:42:45]   target 1257: realized linf = 0.03137 (8.00/255), budget = 8.00/255
[2026-08-27 03:43:37]   [t1257 v1/4] fail (pred=bird) CTA=0.8008
[2026-08-27 03:44:28]   [t1257 v2/4] fail (pred=bird) CTA=0.8082
[2026-08-27 03:45:20]   [t1257 v3/4] fail (pred=bird) CTA=0.8099
[2026-08-27 03:46:11]   [t1257 v4/4] fail (pred=bird) CTA=0.8061
[2026-08-27 03:46:11]   target 1257, 4 victims on this gpu: ASR=0.0% CTA=0.8062 +/- 0.0034
[2026-08-27 03:46:11] === target 1547 (3/4) ===
[2026-08-27 03:47:29]   target 1547: crafted 100 poisons in 78 s, obj=0.40066
[2026-08-27 03:47:29]   target 1547: realized linf = 0.03137 (8.00/255), budget = 8.00/255
[2026-08-27 03:48:21]   [t1547 v1/4] fail (pred=airplane) CTA=0.8058
[2026-08-27 03:49:12]   [t1547 v2/4] fail (pred=bird) CTA=0.8066
[2026-08-27 03:50:04]   [t1547 v3/4] fail (pred=bird) CTA=0.7775
[2026-08-27 03:50:55]   [t1547 v4/4] fail (pred=bird) CTA=0.8075
[2026-08-27 03:50:55]   target 1547, 4 victims on this gpu: ASR=0.0% CTA=0.7994 +/- 0.0126
[2026-08-27 03:50:55] === target 4427 (4/4) ===
[2026-08-27 03:52:14]   target 4427: crafted 100 poisons in 78 s, obj=0.45209
[2026-08-27 03:52:14]   target 4427: realized linf = 0.03137 (8.00/255), budget = 8.00/255
[2026-08-27 03:53:05]   [t4427 v1/4] fail (pred=bird) CTA=0.8122
[2026-08-27 03:53:57]   [t4427 v2/4] fail (pred=bird) CTA=0.8066
[2026-08-27 03:54:48]   [t4427 v3/4] fail (pred=bird) CTA=0.8029
[2026-08-27 03:55:39]   [t4427 v4/4] fail (pred=bird) CTA=0.8011
[2026-08-27 03:55:39]   target 4427, 4 victims on this gpu: ASR=0.0% CTA=0.8057 +/- 0.0042
[2026-08-27 03:55:39] ==== CIFAR10_ConvNetBN_sapa_ours_dog-bird_b0.002_eps8_seed42_lam1_cosine_selarchVGG13BN_K3_worst0.05_ce5_tgt70 : ASR = 0.0% +/- 0.0% | CTA = 0.8051 (baseline 0.8153) ====
[2026-08-27 03:55:39]   target-prediction tally ['airplane', 'automobile', 'bird', 'cat', 'deer', 'dog', 'frog', 'horse', 'ship', 'truck']: [1, 0, 15, 0, 0, 0, 0, 0, 0, 0]

=== cross-architecture sweep finished ===
sync: cross-architecture artifacts -> /home/mmoslem3/scratch/PoisonBase
sync: complete
