environment modules unavailable; using /home/mmoslem3/ENV directly
stage: optional directory absent: /home/mmoslem3/scratch/PoisonBase/last_night_H200_2026-08-26/ours_result/CIFAR10_ConvNetBN_sapa_random_dog-bird_b0.005_eps8_seed42_selarchResNet20BN_K3_worst0.05_ce5_tgt70
stage: optional directory absent: /home/mmoslem3/scratch/PoisonBase/ours_result/CIFAR10_ConvNetBN_sapa_random_dog-bird_b0.005_eps8_seed42_selarchResNet20BN_K3_worst0.05_ce5_tgt70
job: 632557 cross_389_k3_sapa_b0_005_sresnet20_aconvnet_random on rack10-12
work: /tmp/attack_if
config: SEL_K=3 BUDGET=0.005 ATTACKS=sapa MODELS=ConvNetBN SELECTOR_MODELS=ResNet20BN SELECTIONS=random RUN_MATCHED=1 NUM_TARGETS=5 NUM_VICTIMS=4 sh cross_arch.sh
protocol: one cell, 5 targets x 4 victims
gpu: NVIDIA L40S
=== cross-architecture sweep ===
    A=V models : ConvNetBN
    S models   : ResNet20BN
    attacks    : sapa (fc is BP)
    selections : random
    budget     : 0.005 (targets pinned from b0.005)
    protocol   : 5 targets x 4 victims, 20 surrogates
    selector K : 3
    Jacobian   : enabled=0 weight=1.0 batch=64

=== S=ResNet20BN -> A=V=ConvNetBN | sapa | random ===
    targets=target_sets/xarch_ConvNetBN_gradmatch_dog-bird_b0.005.json (5), victims=4, surrogates=20
    Jacobian: not applicable to Random; run is unchanged
[2026-08-27 04:17:19] === run start: CIFAR10_ConvNetBN_sapa_random_dog-bird_b0.005_eps8_seed42_selarchResNet20BN_K3_worst0.05_ce5_tgt70 on cuda [0] ===
[2026-08-27 04:17:19] args: {"FORCE": false, "attack": "sapa", "base": "random", "base_dist": "l2", "base_topr": null, "budget": 0.005, "cache_dir": "/tmp/attack_if/cache", "class_pair": "dog-bird", "clean_baseline": true, "craft_alpha": 0.0039216, "craft_aug": true, "craft_batch": 256, "craft_ensemble": 5, "craft_lowmem": false, "craft_schedule": false, "craft_steps": 250, "data_path": "/tmp/attack_if/data", "dataset": "CIFAR10", "dsa_strategy": "color_crop_cutout_flip_scale_rotate", "epsilon": 0.0313725, "fast_gradmatch": false, "fc_mode": "sample", "fc_restarts": 1, "gpus": "all", "jacobian_batch_size": 64, "jacobian_weight": 1.0, "lambda_margin": 1.0, "model": "ConvNetBN", "no_resume": false, "num_poisons": 500, "num_surrogates": 20, "num_targets": 5, "num_victims": 4, "out_dir": "/tmp/attack_if/ours_result", "pair_order": "poison-target", "parallel_pretrain": true, "parallel_targets": true, "precompute_id": null, "precompute_only": false, "precompute_part": "both", "rank_on_victims": true, "recompute_deltas": false, "require_correct_target": false, "restarts": 8, "seed": 42, "sel_K": 3, "sel_alpha": 1.0, "sel_criterion": null, "sel_dpp": false, "sel_filter": false, "sel_mmr": false, "sel_mode": null, "sel_model": "ResNet20BN", "sel_mu": 1.0, "sel_pca": false, "sel_pool": 3.0, "sharp_mode": "worst", "sharp_samples": 20, "sharp_sigma": 0.05, "steal_timeout": 7200.0, "surrogate_aug": false, "surrogate_bs": 128, "surrogate_decay": [35, 45], "surrogate_epochs": 60, "surrogate_lr": 0.1, "surrogate_wd": 0.0, "target_idx_file": "target_sets/xarch_ConvNetBN_gradmatch_dog-bird_b0.005.json", "target_select": 70, "use_jacobian_score": false, "victim_aug": false, "victim_bs": 125, "victim_decay": [40], "victim_epochs": 50, "victim_lr": 0.1, "victim_wd": 0.0}
[2026-08-27 04:17:19] Jacobian score: disabled
[2026-08-27 04:17:19] N_total=50000 budget=0.005 -> N_p=250 poisons, y_adv=5(dog) target_class=2(bird)
[2026-08-27 04:17:19] === surrogates (20 x ConvNetBN, trained on the full real set) ===
[2026-08-27 04:17:19]   crafting on 5/20 surrogates
[2026-08-27 04:17:19] === clean victims (4 x ConvNetBN) ===
[2026-08-27 04:17:19]   clean baseline CTA = 0.8153 +/- 0.0048
[2026-08-27 04:17:20]   target pool 1000 -> eligible 965 (35 already predicted as y_adv or dropped)
[2026-08-27 04:17:20]   chosen 5 targets (file), p_adv range 0.0000..0.0000
[2026-08-27 04:17:20]   targets: [821, 843, 1257, 1547, 4427]
[2026-08-27 04:17:20] === target 821 (1/5) ===
[2026-08-27 04:21:19]   target 821: crafted 250 poisons in 239 s, obj=0.33195
[2026-08-27 04:21:19]   target 821: realized linf = 0.03137 (8.00/255), budget = 8.00/255
[2026-08-27 04:22:10]   [t821 v1/4] fail (pred=bird) CTA=0.8060
[2026-08-27 04:23:00]   [t821 v2/4] fail (pred=bird) CTA=0.8106
[2026-08-27 04:23:49]   [t821 v3/4] fail (pred=bird) CTA=0.8014
[2026-08-27 04:24:39]   [t821 v4/4] fail (pred=bird) CTA=0.8079
[2026-08-27 04:24:39]   target 821, 4 victims on this gpu: ASR=0.0% CTA=0.8065 +/- 0.0034
[2026-08-27 04:24:39] === target 843 (2/5) ===
[2026-08-27 04:28:38]   target 843: crafted 250 poisons in 239 s, obj=0.34630
[2026-08-27 04:28:38]   target 843: realized linf = 0.03137 (8.00/255), budget = 8.00/255
[2026-08-27 04:29:29]   [t843 v1/4] fail (pred=bird) CTA=0.8029
[2026-08-27 04:30:19]   [t843 v2/4] fail (pred=bird) CTA=0.8035
[2026-08-27 04:31:08]   [t843 v3/4] fail (pred=bird) CTA=0.8108
[2026-08-27 04:31:58]   [t843 v4/4] fail (pred=bird) CTA=0.8117
[2026-08-27 04:31:58]   target 843, 4 victims on this gpu: ASR=0.0% CTA=0.8072 +/- 0.0040
[2026-08-27 04:31:58] === target 1257 (3/5) ===
[2026-08-27 04:35:57]   target 1257: crafted 250 poisons in 239 s, obj=0.27965
[2026-08-27 04:35:57]   target 1257: realized linf = 0.03137 (8.00/255), budget = 8.00/255
[2026-08-27 04:36:48]   [t1257 v1/4] SUCCESS (pred=dog) CTA=0.8029
[2026-08-27 04:37:38]   [t1257 v2/4] fail (pred=bird) CTA=0.8036
[2026-08-27 04:38:28]   [t1257 v3/4] fail (pred=bird) CTA=0.8140
[2026-08-27 04:39:17]   [t1257 v4/4] fail (pred=bird) CTA=0.8034
[2026-08-27 04:39:17]   target 1257, 4 victims on this gpu: ASR=25.0% CTA=0.8060 +/- 0.0046
[2026-08-27 04:39:17] === target 1547 (4/5) ===
[2026-08-27 04:43:16]   target 1547: crafted 250 poisons in 239 s, obj=0.44869
[2026-08-27 04:43:16]   target 1547: realized linf = 0.03137 (8.00/255), budget = 8.00/255
[2026-08-27 04:44:07]   [t1547 v1/4] fail (pred=airplane) CTA=0.8108
[2026-08-27 04:44:58]   [t1547 v2/4] fail (pred=airplane) CTA=0.8111
[2026-08-27 04:45:49]   [t1547 v3/4] fail (pred=airplane) CTA=0.7755
[2026-08-27 04:46:39]   [t1547 v4/4] fail (pred=airplane) CTA=0.8016
[2026-08-27 04:46:39]   target 1547, 4 victims on this gpu: ASR=0.0% CTA=0.7998 +/- 0.0145
[2026-08-27 04:46:39] === target 4427 (5/5) ===
[2026-08-27 04:50:38]   target 4427: crafted 250 poisons in 239 s, obj=0.43461
[2026-08-27 04:50:38]   target 4427: realized linf = 0.03137 (8.00/255), budget = 8.00/255
[2026-08-27 04:51:29]   [t4427 v1/4] fail (pred=bird) CTA=0.8059
[2026-08-27 04:52:19]   [t4427 v2/4] fail (pred=bird) CTA=0.8029
[2026-08-27 04:53:08]   [t4427 v3/4] fail (pred=bird) CTA=0.8066
[2026-08-27 04:53:58]   [t4427 v4/4] fail (pred=bird) CTA=0.8045
[2026-08-27 04:53:58]   target 4427, 4 victims on this gpu: ASR=0.0% CTA=0.8050 +/- 0.0014
[2026-08-27 04:53:58] ==== CIFAR10_ConvNetBN_sapa_random_dog-bird_b0.005_eps8_seed42_selarchResNet20BN_K3_worst0.05_ce5_tgt70 : ASR = 5.0% +/- 10.0% | CTA = 0.8049 (baseline 0.8153) ====
[2026-08-27 04:53:58]   target-prediction tally ['airplane', 'automobile', 'bird', 'cat', 'deer', 'dog', 'frog', 'horse', 'ship', 'truck']: [4, 0, 15, 0, 0, 1, 0, 0, 0, 0]

=== cross-architecture sweep finished ===
sync: cross-architecture artifacts -> /home/mmoslem3/scratch/PoisonBase
sync: complete
