environment modules unavailable; using /home/mmoslem3/ENV directly
stage: optional directory absent: /home/mmoslem3/scratch/PoisonBase/last_night_H200_2026-08-26/ours_result/CIFAR10_ConvNetBN_gradmatch_ours_dog-bird_b0.005_eps8_seed42_lam1_cosine_selarchResNet20BN_K3_ce5_tgt70
stage: optional directory absent: /home/mmoslem3/scratch/PoisonBase/ours_result/CIFAR10_ConvNetBN_gradmatch_ours_dog-bird_b0.005_eps8_seed42_lam1_cosine_selarchResNet20BN_K3_ce5_tgt70
job: 632540 cross_335_k3_gradmatch_b0_005_sresnet20_aconvnet_greedy on rack15-14
work: /tmp/attack_if
config: SEL_K=3 BUDGET=0.005 ATTACKS=gradmatch MODELS=ConvNetBN SELECTOR_MODELS=ResNet20BN SELECTIONS=greedy RUN_MATCHED=1 NUM_TARGETS=5 NUM_VICTIMS=4 sh cross_arch.sh
protocol: one cell, 5 targets x 4 victims
gpu: NVIDIA L40S
=== cross-architecture sweep ===
    A=V models : ConvNetBN
    S models   : ResNet20BN
    attacks    : gradmatch (fc is BP)
    selections : greedy
    budget     : 0.005 (targets pinned from b0.005)
    protocol   : 5 targets x 4 victims, 20 surrogates
    selector K : 3
    Jacobian   : enabled=0 weight=1.0 batch=64

=== S=ResNet20BN -> A=V=ConvNetBN | gradmatch | greedy ===
    targets=target_sets/xarch_ConvNetBN_gradmatch_dog-bird_b0.005.json (5), victims=4, surrogates=20
    Jacobian: disabled for Greedy in this table
[2026-08-27 04:03:09] === run start: CIFAR10_ConvNetBN_gradmatch_ours_dog-bird_b0.005_eps8_seed42_lam1_cosine_selarchResNet20BN_K3_ce5_tgt70 on cuda [0] ===
[2026-08-27 04:03:09] args: {"FORCE": false, "attack": "gradmatch", "base": "ours", "base_dist": "cosine", "base_topr": null, "budget": 0.005, "cache_dir": "/tmp/attack_if/cache", "class_pair": "dog-bird", "clean_baseline": true, "craft_alpha": 0.0039216, "craft_aug": true, "craft_batch": 256, "craft_ensemble": 5, "craft_lowmem": false, "craft_schedule": false, "craft_steps": 250, "data_path": "/tmp/attack_if/data", "dataset": "CIFAR10", "dsa_strategy": "color_crop_cutout_flip_scale_rotate", "epsilon": 0.0313725, "fast_gradmatch": false, "fc_mode": "sample", "fc_restarts": 1, "gpus": "all", "jacobian_batch_size": 64, "jacobian_weight": 1.0, "lambda_margin": 1.0, "model": "ConvNetBN", "no_resume": false, "num_poisons": 500, "num_surrogates": 20, "num_targets": 5, "num_victims": 4, "out_dir": "/tmp/attack_if/ours_result", "pair_order": "poison-target", "parallel_pretrain": true, "parallel_targets": true, "precompute_id": null, "precompute_only": false, "precompute_part": "both", "rank_on_victims": true, "recompute_deltas": false, "require_correct_target": false, "restarts": 8, "seed": 42, "sel_K": 3, "sel_alpha": 1.0, "sel_criterion": null, "sel_dpp": false, "sel_filter": false, "sel_mmr": false, "sel_mode": null, "sel_model": "ResNet20BN", "sel_mu": 1.0, "sel_pca": false, "sel_pool": 3.0, "sharp_mode": "worst", "sharp_samples": 20, "sharp_sigma": 0.05, "steal_timeout": 7200.0, "surrogate_aug": false, "surrogate_bs": 128, "surrogate_decay": [35, 45], "surrogate_epochs": 60, "surrogate_lr": 0.1, "surrogate_wd": 0.0, "target_idx_file": "target_sets/xarch_ConvNetBN_gradmatch_dog-bird_b0.005.json", "target_select": 70, "use_jacobian_score": false, "victim_aug": false, "victim_bs": 125, "victim_decay": [40], "victim_epochs": 50, "victim_lr": 0.1, "victim_wd": 0.0}
[2026-08-27 04:03:09] Jacobian score: disabled
[2026-08-27 04:03:09] N_total=50000 budget=0.005 -> N_p=250 poisons, y_adv=5(dog) target_class=2(bird)
[2026-08-27 04:03:09] === surrogates (20 x ConvNetBN, trained on the full real set) ===
[2026-08-27 04:03:09]   crafting on 5/20 surrogates
[2026-08-27 04:03:09] === selection surrogates (20 x ResNet20BN, cross-architecture) ===
[2026-08-27 04:03:10] === clean victims (4 x ConvNetBN) ===
[2026-08-27 04:03:10]   clean baseline CTA = 0.8153 +/- 0.0048
[2026-08-27 04:03:10]   target pool 1000 -> eligible 965 (35 already predicted as y_adv or dropped)
[2026-08-27 04:03:10]   chosen 5 targets (file), p_adv range 0.0000..0.0000
[2026-08-27 04:03:10]   targets: [821, 843, 1257, 1547, 4427]
[2026-08-27 04:03:10] === target 821 (1/5) ===
[2026-08-27 04:07:09]   target 821: crafted 250 poisons in 239 s, obj=0.30628
[2026-08-27 04:07:09]   target 821: realized linf = 0.03137 (8.00/255), budget = 8.00/255
[2026-08-27 04:08:00]   [t821 v1/4] fail (pred=bird) CTA=0.8058
[2026-08-27 04:08:50]   [t821 v2/4] fail (pred=bird) CTA=0.8081
[2026-08-27 04:09:40]   [t821 v3/4] fail (pred=horse) CTA=0.8018
[2026-08-27 04:10:29]   [t821 v4/4] fail (pred=bird) CTA=0.8037
[2026-08-27 04:10:29]   target 821, 4 victims on this gpu: ASR=0.0% CTA=0.8049 +/- 0.0024
[2026-08-27 04:10:29] === target 843 (2/5) ===
[2026-08-27 04:14:28]   target 843: crafted 250 poisons in 238 s, obj=0.30224
[2026-08-27 04:14:28]   target 843: realized linf = 0.03137 (8.00/255), budget = 8.00/255
[2026-08-27 04:15:19]   [t843 v1/4] SUCCESS (pred=dog) CTA=0.8056
[2026-08-27 04:16:09]   [t843 v2/4] fail (pred=bird) CTA=0.8088
[2026-08-27 04:16:59]   [t843 v3/4] SUCCESS (pred=dog) CTA=0.8048
[2026-08-27 04:17:48]   [t843 v4/4] SUCCESS (pred=dog) CTA=0.8088
[2026-08-27 04:17:48]   target 843, 4 victims on this gpu: ASR=75.0% CTA=0.8070 +/- 0.0018
[2026-08-27 04:17:48] === target 1257 (3/5) ===
[2026-08-27 04:21:47]   target 1257: crafted 250 poisons in 238 s, obj=0.26341
[2026-08-27 04:21:47]   target 1257: realized linf = 0.03137 (8.00/255), budget = 8.00/255
[2026-08-27 04:22:38]   [t1257 v1/4] fail (pred=bird) CTA=0.7959
[2026-08-27 04:23:27]   [t1257 v2/4] fail (pred=bird) CTA=0.8076
[2026-08-27 04:24:17]   [t1257 v3/4] fail (pred=bird) CTA=0.8149
[2026-08-27 04:25:06]   [t1257 v4/4] SUCCESS (pred=dog) CTA=0.7975
[2026-08-27 04:25:06]   target 1257, 4 victims on this gpu: ASR=25.0% CTA=0.8040 +/- 0.0077
[2026-08-27 04:25:06] === target 1547 (4/5) ===
[2026-08-27 04:29:05]   target 1547: crafted 250 poisons in 238 s, obj=0.37823
[2026-08-27 04:29:05]   target 1547: realized linf = 0.03137 (8.00/255), budget = 8.00/255
[2026-08-27 04:29:56]   [t1547 v1/4] fail (pred=airplane) CTA=0.8073
[2026-08-27 04:30:46]   [t1547 v2/4] fail (pred=airplane) CTA=0.8098
[2026-08-27 04:31:35]   [t1547 v3/4] fail (pred=bird) CTA=0.7770
[2026-08-27 04:32:25]   [t1547 v4/4] fail (pred=bird) CTA=0.8068
[2026-08-27 04:32:25]   target 1547, 4 victims on this gpu: ASR=0.0% CTA=0.8002 +/- 0.0135
[2026-08-27 04:32:25] === target 4427 (5/5) ===
[2026-08-27 04:36:23]   target 4427: crafted 250 poisons in 238 s, obj=0.39274
[2026-08-27 04:36:23]   target 4427: realized linf = 0.03137 (8.00/255), budget = 8.00/255
[2026-08-27 04:37:14]   [t4427 v1/4] SUCCESS (pred=dog) CTA=0.8135
[2026-08-27 04:38:04]   [t4427 v2/4] fail (pred=bird) CTA=0.8029
[2026-08-27 04:38:53]   [t4427 v3/4] fail (pred=bird) CTA=0.8013
[2026-08-27 04:39:43]   [t4427 v4/4] fail (pred=bird) CTA=0.8088
[2026-08-27 04:39:43]   target 4427, 4 victims on this gpu: ASR=25.0% CTA=0.8066 +/- 0.0049
[2026-08-27 04:39:43] ==== CIFAR10_ConvNetBN_gradmatch_ours_dog-bird_b0.005_eps8_seed42_lam1_cosine_selarchResNet20BN_K3_ce5_tgt70 : ASR = 25.0% +/- 27.4% | CTA = 0.8045 (baseline 0.8153) ====
[2026-08-27 04:39:43]   target-prediction tally ['airplane', 'automobile', 'bird', 'cat', 'deer', 'dog', 'frog', 'horse', 'ship', 'truck']: [2, 0, 12, 0, 0, 5, 0, 1, 0, 0]

=== cross-architecture sweep finished ===
sync: cross-architecture artifacts -> /home/mmoslem3/scratch/PoisonBase
sync: complete
