environment modules unavailable; using /home/mmoslem3/ENV directly
stage: optional directory absent: /home/mmoslem3/scratch/PoisonBase/last_night_H200_2026-08-26/ours_result/CIFAR10_ConvNetBN_gradmatch_ours_dog-bird_b0.005_eps8_seed42_lam1_cosine_selarchVGG13BN_K3_ce5_tgt70
stage: optional directory absent: /home/mmoslem3/scratch/PoisonBase/ours_result/CIFAR10_ConvNetBN_gradmatch_ours_dog-bird_b0.005_eps8_seed42_lam1_cosine_selarchVGG13BN_K3_ce5_tgt70
job: 632541 cross_338_k3_gradmatch_b0_005_svgg13_aconvnet_greedy on rack15-14
work: /tmp/attack_if
config: SEL_K=3 BUDGET=0.005 ATTACKS=gradmatch MODELS=ConvNetBN SELECTOR_MODELS=VGG13BN SELECTIONS=greedy RUN_MATCHED=1 NUM_TARGETS=5 NUM_VICTIMS=4 sh cross_arch.sh
protocol: one cell, 5 targets x 4 victims
gpu: NVIDIA L40S
=== cross-architecture sweep ===
    A=V models : ConvNetBN
    S models   : VGG13BN
    attacks    : gradmatch (fc is BP)
    selections : greedy
    budget     : 0.005 (targets pinned from b0.005)
    protocol   : 5 targets x 4 victims, 20 surrogates
    selector K : 3
    Jacobian   : enabled=0 weight=1.0 batch=64

=== S=VGG13BN -> A=V=ConvNetBN | gradmatch | greedy ===
    targets=target_sets/xarch_ConvNetBN_gradmatch_dog-bird_b0.005.json (5), victims=4, surrogates=20
    Jacobian: disabled for Greedy in this table
[2026-08-27 04:03:21] === run start: CIFAR10_ConvNetBN_gradmatch_ours_dog-bird_b0.005_eps8_seed42_lam1_cosine_selarchVGG13BN_K3_ce5_tgt70 on cuda [0] ===
[2026-08-27 04:03:21] args: {"FORCE": false, "attack": "gradmatch", "base": "ours", "base_dist": "cosine", "base_topr": null, "budget": 0.005, "cache_dir": "/tmp/attack_if/cache", "class_pair": "dog-bird", "clean_baseline": true, "craft_alpha": 0.0039216, "craft_aug": true, "craft_batch": 256, "craft_ensemble": 5, "craft_lowmem": false, "craft_schedule": false, "craft_steps": 250, "data_path": "/tmp/attack_if/data", "dataset": "CIFAR10", "dsa_strategy": "color_crop_cutout_flip_scale_rotate", "epsilon": 0.0313725, "fast_gradmatch": false, "fc_mode": "sample", "fc_restarts": 1, "gpus": "all", "jacobian_batch_size": 64, "jacobian_weight": 1.0, "lambda_margin": 1.0, "model": "ConvNetBN", "no_resume": false, "num_poisons": 500, "num_surrogates": 20, "num_targets": 5, "num_victims": 4, "out_dir": "/tmp/attack_if/ours_result", "pair_order": "poison-target", "parallel_pretrain": true, "parallel_targets": true, "precompute_id": null, "precompute_only": false, "precompute_part": "both", "rank_on_victims": true, "recompute_deltas": false, "require_correct_target": false, "restarts": 8, "seed": 42, "sel_K": 3, "sel_alpha": 1.0, "sel_criterion": null, "sel_dpp": false, "sel_filter": false, "sel_mmr": false, "sel_mode": null, "sel_model": "VGG13BN", "sel_mu": 1.0, "sel_pca": false, "sel_pool": 3.0, "sharp_mode": "worst", "sharp_samples": 20, "sharp_sigma": 0.05, "steal_timeout": 7200.0, "surrogate_aug": false, "surrogate_bs": 128, "surrogate_decay": [35, 45], "surrogate_epochs": 60, "surrogate_lr": 0.1, "surrogate_wd": 0.0, "target_idx_file": "target_sets/xarch_ConvNetBN_gradmatch_dog-bird_b0.005.json", "target_select": 70, "use_jacobian_score": false, "victim_aug": false, "victim_bs": 125, "victim_decay": [40], "victim_epochs": 50, "victim_lr": 0.1, "victim_wd": 0.0}
[2026-08-27 04:03:21] Jacobian score: disabled
[2026-08-27 04:03:21] N_total=50000 budget=0.005 -> N_p=250 poisons, y_adv=5(dog) target_class=2(bird)
[2026-08-27 04:03:21] === surrogates (20 x ConvNetBN, trained on the full real set) ===
[2026-08-27 04:03:21]   crafting on 5/20 surrogates
[2026-08-27 04:03:21] === selection surrogates (20 x VGG13BN, cross-architecture) ===
[2026-08-27 04:03:22] === clean victims (4 x ConvNetBN) ===
[2026-08-27 04:03:23]   clean baseline CTA = 0.8153 +/- 0.0048
[2026-08-27 04:03:23]   target pool 1000 -> eligible 965 (35 already predicted as y_adv or dropped)
[2026-08-27 04:03:23]   chosen 5 targets (file), p_adv range 0.0000..0.0000
[2026-08-27 04:03:23]   targets: [821, 843, 1257, 1547, 4427]
[2026-08-27 04:03:23] === target 821 (1/5) ===
[2026-08-27 04:07:22]   target 821: crafted 250 poisons in 238 s, obj=0.30780
[2026-08-27 04:07:22]   target 821: realized linf = 0.03137 (8.00/255), budget = 8.00/255
[2026-08-27 04:08:13]   [t821 v1/4] fail (pred=bird) CTA=0.8010
[2026-08-27 04:09:04]   [t821 v2/4] fail (pred=horse) CTA=0.8117
[2026-08-27 04:09:56]   [t821 v3/4] SUCCESS (pred=dog) CTA=0.7962
[2026-08-27 04:10:47]   [t821 v4/4] fail (pred=bird) CTA=0.8080
[2026-08-27 04:10:47]   target 821, 4 victims on this gpu: ASR=25.0% CTA=0.8042 +/- 0.0060
[2026-08-27 04:10:47] === target 843 (2/5) ===
[2026-08-27 04:14:46]   target 843: crafted 250 poisons in 238 s, obj=0.30903
[2026-08-27 04:14:46]   target 843: realized linf = 0.03137 (8.00/255), budget = 8.00/255
[2026-08-27 04:15:37]   [t843 v1/4] SUCCESS (pred=dog) CTA=0.8097
[2026-08-27 04:16:28]   [t843 v2/4] SUCCESS (pred=dog) CTA=0.8097
[2026-08-27 04:17:20]   [t843 v3/4] fail (pred=bird) CTA=0.8042
[2026-08-27 04:18:11]   [t843 v4/4] fail (pred=bird) CTA=0.8131
[2026-08-27 04:18:11]   target 843, 4 victims on this gpu: ASR=50.0% CTA=0.8092 +/- 0.0032
[2026-08-27 04:18:11] === target 1257 (3/5) ===
[2026-08-27 04:22:10]   target 1257: crafted 250 poisons in 238 s, obj=0.26308
[2026-08-27 04:22:10]   target 1257: realized linf = 0.03137 (8.00/255), budget = 8.00/255
[2026-08-27 04:23:01]   [t1257 v1/4] fail (pred=bird) CTA=0.8064
[2026-08-27 04:23:53]   [t1257 v2/4] fail (pred=bird) CTA=0.8108
[2026-08-27 04:24:44]   [t1257 v3/4] SUCCESS (pred=dog) CTA=0.8122
[2026-08-27 04:25:35]   [t1257 v4/4] SUCCESS (pred=dog) CTA=0.8030
[2026-08-27 04:25:35]   target 1257, 4 victims on this gpu: ASR=50.0% CTA=0.8081 +/- 0.0036
[2026-08-27 04:25:35] === target 1547 (4/5) ===
[2026-08-27 04:29:34]   target 1547: crafted 250 poisons in 238 s, obj=0.37617
[2026-08-27 04:29:34]   target 1547: realized linf = 0.03137 (8.00/255), budget = 8.00/255
[2026-08-27 04:30:25]   [t1547 v1/4] fail (pred=bird) CTA=0.8038
[2026-08-27 04:31:17]   [t1547 v2/4] fail (pred=airplane) CTA=0.8105
[2026-08-27 04:32:08]   [t1547 v3/4] fail (pred=bird) CTA=0.7447
[2026-08-27 04:33:00]   [t1547 v4/4] fail (pred=airplane) CTA=0.8128
[2026-08-27 04:33:00]   target 1547, 4 victims on this gpu: ASR=0.0% CTA=0.7930 +/- 0.0281
[2026-08-27 04:33:00] === target 4427 (5/5) ===
[2026-08-27 04:36:58]   target 4427: crafted 250 poisons in 238 s, obj=0.40434
[2026-08-27 04:36:58]   target 4427: realized linf = 0.03137 (8.00/255), budget = 8.00/255
[2026-08-27 04:37:50]   [t4427 v1/4] fail (pred=bird) CTA=0.8075
[2026-08-27 04:38:41]   [t4427 v2/4] fail (pred=bird) CTA=0.8058
[2026-08-27 04:39:33]   [t4427 v3/4] SUCCESS (pred=dog) CTA=0.8058
[2026-08-27 04:40:25]   [t4427 v4/4] fail (pred=bird) CTA=0.8116
[2026-08-27 04:40:25]   target 4427, 4 victims on this gpu: ASR=25.0% CTA=0.8077 +/- 0.0024
[2026-08-27 04:40:25] ==== CIFAR10_ConvNetBN_gradmatch_ours_dog-bird_b0.005_eps8_seed42_lam1_cosine_selarchVGG13BN_K3_ce5_tgt70 : ASR = 30.0% +/- 18.7% | CTA = 0.8044 (baseline 0.8153) ====
[2026-08-27 04:40:25]   target-prediction tally ['airplane', 'automobile', 'bird', 'cat', 'deer', 'dog', 'frog', 'horse', 'ship', 'truck']: [2, 0, 11, 0, 0, 6, 0, 1, 0, 0]

=== cross-architecture sweep finished ===
sync: cross-architecture artifacts -> /home/mmoslem3/scratch/PoisonBase
sync: complete
