environment modules unavailable; using /home/mmoslem3/ENV directly
stage: optional directory absent: /home/mmoslem3/scratch/PoisonBase/last_night_H200_2026-08-26/ours_result/CIFAR10_VGG13BN_gradmatch_ours_dog-bird_b0.005_eps8_seed42_lam1_cosine_selarchConvNetBN_ce5_tgt50
stage: optional directory absent: /home/mmoslem3/scratch/PoisonBase/ours_result/CIFAR10_VGG13BN_gradmatch_ours_dog-bird_b0.005_eps8_seed42_lam1_cosine_selarchConvNetBN_ce5_tgt50
job: 632671 cross_352_k20_gradmatch_b0_005_sconvnet_avgg13_greedy on rack09-11
work: /tmp/attack_if
config: SEL_K=20 BUDGET=0.005 ATTACKS=gradmatch MODELS=VGG13BN SELECTOR_MODELS=ConvNetBN SELECTIONS=greedy RUN_MATCHED=1 NUM_TARGETS=5 NUM_VICTIMS=4 sh cross_arch.sh
protocol: one cell, 5 targets x 4 victims
gpu: NVIDIA L40S
=== cross-architecture sweep ===
    A=V models : VGG13BN
    S models   : ConvNetBN
    attacks    : gradmatch (fc is BP)
    selections : greedy
    budget     : 0.005 (targets pinned from b0.005)
    protocol   : 5 targets x 4 victims, 20 surrogates
    selector K : 20
    Jacobian   : enabled=0 weight=1.0 batch=64

=== S=ConvNetBN -> A=V=VGG13BN | gradmatch | greedy ===
    targets=target_sets/xarch_VGG13BN_gradmatch_dog-bird_b0.005.json (5), victims=4, surrogates=20
    Jacobian: disabled for Greedy in this table
[2026-08-27 03:57:54] === run start: CIFAR10_VGG13BN_gradmatch_ours_dog-bird_b0.005_eps8_seed42_lam1_cosine_selarchConvNetBN_ce5_tgt50 on cuda [0] ===
[2026-08-27 03:57:54] args: {"FORCE": false, "attack": "gradmatch", "base": "ours", "base_dist": "cosine", "base_topr": null, "budget": 0.005, "cache_dir": "/tmp/attack_if/cache", "class_pair": "dog-bird", "clean_baseline": true, "craft_alpha": 0.0039216, "craft_aug": true, "craft_batch": 256, "craft_ensemble": 5, "craft_lowmem": true, "craft_schedule": false, "craft_steps": 250, "data_path": "/tmp/attack_if/data", "dataset": "CIFAR10", "dsa_strategy": "color_crop_cutout_flip_scale_rotate", "epsilon": 0.0313725, "fast_gradmatch": true, "fc_mode": "sample", "fc_restarts": 1, "gpus": "all", "jacobian_batch_size": 64, "jacobian_weight": 1.0, "lambda_margin": 1.0, "model": "VGG13BN", "no_resume": false, "num_poisons": 500, "num_surrogates": 20, "num_targets": 5, "num_victims": 4, "out_dir": "/tmp/attack_if/ours_result", "pair_order": "poison-target", "parallel_pretrain": true, "parallel_targets": true, "precompute_id": null, "precompute_only": false, "precompute_part": "both", "rank_on_victims": true, "recompute_deltas": false, "require_correct_target": false, "restarts": 8, "seed": 42, "sel_K": null, "sel_alpha": 1.0, "sel_criterion": null, "sel_dpp": false, "sel_filter": false, "sel_mmr": false, "sel_mode": null, "sel_model": "ConvNetBN", "sel_mu": 1.0, "sel_pca": false, "sel_pool": 3.0, "sharp_mode": "worst", "sharp_samples": 20, "sharp_sigma": 0.05, "steal_timeout": 7200.0, "surrogate_aug": false, "surrogate_bs": 128, "surrogate_decay": [35, 45], "surrogate_epochs": 60, "surrogate_lr": 0.1, "surrogate_wd": 0.0, "target_idx_file": "target_sets/xarch_VGG13BN_gradmatch_dog-bird_b0.005.json", "target_select": 50, "use_jacobian_score": false, "victim_aug": false, "victim_bs": 125, "victim_decay": [40], "victim_epochs": 50, "victim_lr": 0.1, "victim_wd": 0.0}
[2026-08-27 03:57:54] Jacobian score: disabled
[2026-08-27 03:57:54] N_total=50000 budget=0.005 -> N_p=250 poisons, y_adv=5(dog) target_class=2(bird)
[2026-08-27 03:57:54] === surrogates (20 x VGG13BN, trained on the full real set) ===
[2026-08-27 03:57:56]   crafting on 5/20 surrogates
[2026-08-27 03:57:56] === selection surrogates (20 x ConvNetBN, cross-architecture) ===
[2026-08-27 03:57:56] === clean victims (4 x VGG13BN) ===
[2026-08-27 03:57:57]   clean baseline CTA = 0.8426 +/- 0.0172
[2026-08-27 03:57:57]   target pool 1000 -> eligible 966 (34 already predicted as y_adv or dropped)
[2026-08-27 03:57:57]   chosen 5 targets (file), p_adv range 0.0000..0.0000
[2026-08-27 03:57:57]   targets: [409, 630, 1656, 2270, 5022]
[2026-08-27 03:57:57] === target 409 (1/5) ===
[2026-08-27 04:05:26]   target 409: crafted 250 poisons in 447 s, obj=0.22701
[2026-08-27 04:05:26]   target 409: realized linf = 0.03137 (8.00/255), budget = 8.00/255
[2026-08-27 04:07:07]   [t409 v1/4] SUCCESS (pred=dog) CTA=0.8515
[2026-08-27 04:08:48]   [t409 v2/4] SUCCESS (pred=dog) CTA=0.8449
[2026-08-27 04:10:30]   [t409 v3/4] SUCCESS (pred=dog) CTA=0.8549
[2026-08-27 04:12:11]   [t409 v4/4] SUCCESS (pred=dog) CTA=0.8468
[2026-08-27 04:12:11]   target 409, 4 victims on this gpu: ASR=100.0% CTA=0.8495 +/- 0.0039
[2026-08-27 04:12:11] === target 630 (2/5) ===
[2026-08-27 04:19:40]   target 630: crafted 250 poisons in 447 s, obj=0.28383
[2026-08-27 04:19:40]   target 630: realized linf = 0.03137 (8.00/255), budget = 8.00/255
[2026-08-27 04:21:21]   [t630 v1/4] SUCCESS (pred=dog) CTA=0.8618
[2026-08-27 04:23:02]   [t630 v2/4] SUCCESS (pred=dog) CTA=0.8549
[2026-08-27 04:24:42]   [t630 v3/4] SUCCESS (pred=dog) CTA=0.8518
[2026-08-27 04:26:23]   [t630 v4/4] SUCCESS (pred=dog) CTA=0.8578
[2026-08-27 04:26:23]   target 630, 4 victims on this gpu: ASR=100.0% CTA=0.8566 +/- 0.0037
[2026-08-27 04:26:23] === target 1656 (3/5) ===
[2026-08-27 04:33:52]   target 1656: crafted 250 poisons in 448 s, obj=0.22771
[2026-08-27 04:33:52]   target 1656: realized linf = 0.03137 (8.00/255), budget = 8.00/255
[2026-08-27 04:35:34]   [t1656 v1/4] SUCCESS (pred=dog) CTA=0.8532
[2026-08-27 04:37:16]   [t1656 v2/4] SUCCESS (pred=dog) CTA=0.8530
[2026-08-27 04:38:58]   [t1656 v3/4] SUCCESS (pred=dog) CTA=0.8565
[2026-08-27 04:40:41]   [t1656 v4/4] SUCCESS (pred=dog) CTA=0.8625
[2026-08-27 04:40:41]   target 1656, 4 victims on this gpu: ASR=100.0% CTA=0.8563 +/- 0.0038
[2026-08-27 04:40:41] === target 2270 (4/5) ===
[2026-08-27 04:48:10]   target 2270: crafted 250 poisons in 448 s, obj=0.25313
[2026-08-27 04:48:10]   target 2270: realized linf = 0.03137 (8.00/255), budget = 8.00/255
[2026-08-27 04:49:52]   [t2270 v1/4] SUCCESS (pred=dog) CTA=0.8660
[2026-08-27 04:51:32]   [t2270 v2/4] SUCCESS (pred=dog) CTA=0.8530
[2026-08-27 04:53:13]   [t2270 v3/4] SUCCESS (pred=dog) CTA=0.8558
[2026-08-27 04:54:53]   [t2270 v4/4] SUCCESS (pred=dog) CTA=0.8591
[2026-08-27 04:54:53]   target 2270, 4 victims on this gpu: ASR=100.0% CTA=0.8585 +/- 0.0049
[2026-08-27 04:54:53] === target 5022 (5/5) ===
[2026-08-27 05:02:23]   target 5022: crafted 250 poisons in 448 s, obj=0.23689
[2026-08-27 05:02:23]   target 5022: realized linf = 0.03137 (8.00/255), budget = 8.00/255
[2026-08-27 05:04:05]   [t5022 v1/4] SUCCESS (pred=dog) CTA=0.8618
[2026-08-27 05:05:46]   [t5022 v2/4] SUCCESS (pred=dog) CTA=0.8544
[2026-08-27 05:07:26]   [t5022 v3/4] SUCCESS (pred=dog) CTA=0.8459
[2026-08-27 05:09:07]   [t5022 v4/4] SUCCESS (pred=dog) CTA=0.8573
[2026-08-27 05:09:07]   target 5022, 4 victims on this gpu: ASR=100.0% CTA=0.8548 +/- 0.0058
[2026-08-27 05:09:07] ==== CIFAR10_VGG13BN_gradmatch_ours_dog-bird_b0.005_eps8_seed42_lam1_cosine_selarchConvNetBN_ce5_tgt50 : ASR = 100.0% +/- 0.0% | CTA = 0.8551 (baseline 0.8426) ====
[2026-08-27 05:09:07]   target-prediction tally ['airplane', 'automobile', 'bird', 'cat', 'deer', 'dog', 'frog', 'horse', 'ship', 'truck']: [0, 0, 0, 0, 0, 20, 0, 0, 0, 0]

=== cross-architecture sweep finished ===
sync: cross-architecture artifacts -> /home/mmoslem3/scratch/PoisonBase
sync: complete
