environment modules unavailable; using /home/mmoslem3/ENV directly
stage: optional directory absent: /home/mmoslem3/scratch/PoisonBase/last_night_H200_2026-08-26/ours_result/CIFAR10_ConvNetBN_gradmatch_random_dog-bird_b0.005_eps8_seed42_K3_ce5_tgt70
stage: optional directory absent: /home/mmoslem3/scratch/PoisonBase/ours_result/CIFAR10_ConvNetBN_gradmatch_random_dog-bird_b0.005_eps8_seed42_K3_ce5_tgt70
job: 632536 cross_323_k3_gradmatch_b0_005_sconvnet_aconvnet_random on rack03-14
work: /tmp/attack_if
config: SEL_K=3 BUDGET=0.005 ATTACKS=gradmatch MODELS=ConvNetBN SELECTOR_MODELS=ConvNetBN SELECTIONS=random RUN_MATCHED=1 NUM_TARGETS=5 NUM_VICTIMS=4 sh cross_arch.sh
protocol: one cell, 5 targets x 4 victims
gpu: NVIDIA L40S
=== cross-architecture sweep ===
    A=V models : ConvNetBN
    S models   : ConvNetBN
    attacks    : gradmatch (fc is BP)
    selections : random
    budget     : 0.005 (targets pinned from b0.005)
    protocol   : 5 targets x 4 victims, 20 surrogates
    selector K : 3
    Jacobian   : enabled=0 weight=1.0 batch=64

=== S=ConvNetBN -> A=V=ConvNetBN | gradmatch | random ===
    targets=target_sets/xarch_ConvNetBN_gradmatch_dog-bird_b0.005.json (5), victims=4, surrogates=20
    Jacobian: not applicable to Random; run is unchanged
[2026-08-27 04:02:08] === run start: CIFAR10_ConvNetBN_gradmatch_random_dog-bird_b0.005_eps8_seed42_K3_ce5_tgt70 on cuda [0] ===
[2026-08-27 04:02:08] args: {"FORCE": false, "attack": "gradmatch", "base": "random", "base_dist": "l2", "base_topr": null, "budget": 0.005, "cache_dir": "/tmp/attack_if/cache", "class_pair": "dog-bird", "clean_baseline": true, "craft_alpha": 0.0039216, "craft_aug": true, "craft_batch": 256, "craft_ensemble": 5, "craft_lowmem": false, "craft_schedule": false, "craft_steps": 250, "data_path": "/tmp/attack_if/data", "dataset": "CIFAR10", "dsa_strategy": "color_crop_cutout_flip_scale_rotate", "epsilon": 0.0313725, "fast_gradmatch": false, "fc_mode": "sample", "fc_restarts": 1, "gpus": "all", "jacobian_batch_size": 64, "jacobian_weight": 1.0, "lambda_margin": 1.0, "model": "ConvNetBN", "no_resume": false, "num_poisons": 500, "num_surrogates": 20, "num_targets": 5, "num_victims": 4, "out_dir": "/tmp/attack_if/ours_result", "pair_order": "poison-target", "parallel_pretrain": true, "parallel_targets": true, "precompute_id": null, "precompute_only": false, "precompute_part": "both", "rank_on_victims": true, "recompute_deltas": false, "require_correct_target": false, "restarts": 8, "seed": 42, "sel_K": 3, "sel_alpha": 1.0, "sel_criterion": null, "sel_dpp": false, "sel_filter": false, "sel_mmr": false, "sel_mode": null, "sel_model": "ConvNetBN", "sel_mu": 1.0, "sel_pca": false, "sel_pool": 3.0, "sharp_mode": "worst", "sharp_samples": 20, "sharp_sigma": 0.05, "steal_timeout": 7200.0, "surrogate_aug": false, "surrogate_bs": 128, "surrogate_decay": [35, 45], "surrogate_epochs": 60, "surrogate_lr": 0.1, "surrogate_wd": 0.0, "target_idx_file": "target_sets/xarch_ConvNetBN_gradmatch_dog-bird_b0.005.json", "target_select": 70, "use_jacobian_score": false, "victim_aug": false, "victim_bs": 125, "victim_decay": [40], "victim_epochs": 50, "victim_lr": 0.1, "victim_wd": 0.0}
[2026-08-27 04:02:08] Jacobian score: disabled
[2026-08-27 04:02:08] N_total=50000 budget=0.005 -> N_p=250 poisons, y_adv=5(dog) target_class=2(bird)
[2026-08-27 04:02:08] === surrogates (20 x ConvNetBN, trained on the full real set) ===
[2026-08-27 04:02:08]   crafting on 5/20 surrogates
[2026-08-27 04:02:08] === clean victims (4 x ConvNetBN) ===
[2026-08-27 04:02:09]   clean baseline CTA = 0.8153 +/- 0.0048
[2026-08-27 04:02:09]   target pool 1000 -> eligible 965 (35 already predicted as y_adv or dropped)
[2026-08-27 04:02:09]   chosen 5 targets (file), p_adv range 0.0000..0.0000
[2026-08-27 04:02:09]   targets: [821, 843, 1257, 1547, 4427]
[2026-08-27 04:02:09] === target 821 (1/5) ===
[2026-08-27 04:06:11]   target 821: crafted 250 poisons in 241 s, obj=0.32750
[2026-08-27 04:06:11]   target 821: realized linf = 0.03137 (8.00/255), budget = 8.00/255
[2026-08-27 04:07:02]   [t821 v1/4] fail (pred=bird) CTA=0.8081
[2026-08-27 04:07:51]   [t821 v2/4] fail (pred=horse) CTA=0.8156
[2026-08-27 04:08:41]   [t821 v3/4] fail (pred=bird) CTA=0.7995
[2026-08-27 04:09:31]   [t821 v4/4] fail (pred=bird) CTA=0.8067
[2026-08-27 04:09:31]   target 821, 4 victims on this gpu: ASR=0.0% CTA=0.8075 +/- 0.0057
[2026-08-27 04:09:31] === target 843 (2/5) ===
[2026-08-27 04:13:31]   target 843: crafted 250 poisons in 240 s, obj=0.34565
[2026-08-27 04:13:31]   target 843: realized linf = 0.03137 (8.00/255), budget = 8.00/255
[2026-08-27 04:14:22]   [t843 v1/4] fail (pred=bird) CTA=0.8085
[2026-08-27 04:15:12]   [t843 v2/4] fail (pred=bird) CTA=0.8074
[2026-08-27 04:16:02]   [t843 v3/4] fail (pred=bird) CTA=0.8020
[2026-08-27 04:16:52]   [t843 v4/4] fail (pred=bird) CTA=0.8071
[2026-08-27 04:16:52]   target 843, 4 victims on this gpu: ASR=0.0% CTA=0.8063 +/- 0.0025
[2026-08-27 04:16:52] === target 1257 (3/5) ===
[2026-08-27 04:20:52]   target 1257: crafted 250 poisons in 240 s, obj=0.27602
[2026-08-27 04:20:52]   target 1257: realized linf = 0.03137 (8.00/255), budget = 8.00/255
[2026-08-27 04:21:43]   [t1257 v1/4] fail (pred=bird) CTA=0.8040
[2026-08-27 04:22:33]   [t1257 v2/4] fail (pred=deer) CTA=0.8108
[2026-08-27 04:23:22]   [t1257 v3/4] fail (pred=bird) CTA=0.8072
[2026-08-27 04:24:12]   [t1257 v4/4] fail (pred=bird) CTA=0.8003
[2026-08-27 04:24:12]   target 1257, 4 victims on this gpu: ASR=0.0% CTA=0.8056 +/- 0.0039
[2026-08-27 04:24:12] === target 1547 (4/5) ===
[2026-08-27 04:28:13]   target 1547: crafted 250 poisons in 241 s, obj=0.43765
[2026-08-27 04:28:13]   target 1547: realized linf = 0.03137 (8.00/255), budget = 8.00/255
[2026-08-27 04:29:04]   [t1547 v1/4] fail (pred=airplane) CTA=0.8014
[2026-08-27 04:29:53]   [t1547 v2/4] fail (pred=bird) CTA=0.8096
[2026-08-27 04:30:43]   [t1547 v3/4] fail (pred=bird) CTA=0.7647
[2026-08-27 04:31:33]   [t1547 v4/4] fail (pred=airplane) CTA=0.8122
[2026-08-27 04:31:33]   target 1547, 4 victims on this gpu: ASR=0.0% CTA=0.7970 +/- 0.0191
[2026-08-27 04:31:33] === target 4427 (5/5) ===
[2026-08-27 04:35:33]   target 4427: crafted 250 poisons in 240 s, obj=0.43715
[2026-08-27 04:35:33]   target 4427: realized linf = 0.03137 (8.00/255), budget = 8.00/255
[2026-08-27 04:36:24]   [t4427 v1/4] fail (pred=bird) CTA=0.8041
[2026-08-27 04:37:14]   [t4427 v2/4] fail (pred=bird) CTA=0.8039
[2026-08-27 04:38:04]   [t4427 v3/4] fail (pred=bird) CTA=0.8050
[2026-08-27 04:38:53]   [t4427 v4/4] fail (pred=bird) CTA=0.8050
[2026-08-27 04:38:53]   target 4427, 4 victims on this gpu: ASR=0.0% CTA=0.8045 +/- 0.0005
[2026-08-27 04:38:53] ==== CIFAR10_ConvNetBN_gradmatch_random_dog-bird_b0.005_eps8_seed42_K3_ce5_tgt70 : ASR = 0.0% +/- 0.0% | CTA = 0.8042 (baseline 0.8153) ====
[2026-08-27 04:38:53]   target-prediction tally ['airplane', 'automobile', 'bird', 'cat', 'deer', 'dog', 'frog', 'horse', 'ship', 'truck']: [2, 0, 16, 0, 1, 0, 0, 1, 0, 0]

=== cross-architecture sweep finished ===
sync: cross-architecture artifacts -> /home/mmoslem3/scratch/PoisonBase
sync: complete
