stage: optional directory absent: /home/mmoslem3/scratch/PoisonBase/last_night_H200_2026-08-26/ours_result/CIFAR10_VGG13BN_sapa_random_dog-bird_b0.002_eps8_seed42_selarchResNet20BN_worst0.05_ce5_tgt50
stage: optional directory absent: /home/mmoslem3/scratch/PoisonBase/ours_result/CIFAR10_VGG13BN_sapa_random_dog-bird_b0.002_eps8_seed42_selarchResNet20BN_worst0.05_ce5_tgt50
job: 631871 cross_196_k20_sapa_b0_002_sresnet20_avgg13_random on rack08-16
work: /tmp/attack_if
config: SEL_K=20 BUDGET=0.002 ATTACKS=sapa MODELS=VGG13BN SELECTOR_MODELS=ResNet20BN SELECTIONS=random RUN_MATCHED=1 NUM_TARGETS=5 NUM_VICTIMS=4 sh cross_arch.sh
protocol: one cell, 5 targets x 4 victims
gpu: NVIDIA L40S
=== cross-architecture sweep ===
    A=V models : VGG13BN
    S models   : ResNet20BN
    attacks    : sapa (fc is BP)
    selections : random
    budget     : 0.002 (targets pinned from b0.005)
    protocol   : 5 targets x 4 victims, 20 surrogates
    selector K : 20
    Jacobian   : enabled=0 weight=1.0 batch=64

=== S=ResNet20BN -> A=V=VGG13BN | sapa | random ===
    targets=target_sets/xarch_VGG13BN_gradmatch_dog-bird_b0.005.json (5), victims=4, surrogates=20
    Jacobian: not applicable to Random; run is unchanged
[2026-08-26 20:46:47] === run start: CIFAR10_VGG13BN_sapa_random_dog-bird_b0.002_eps8_seed42_selarchResNet20BN_worst0.05_ce5_tgt50 on cuda [0] ===
[2026-08-26 20:46:47] args: {"FORCE": false, "attack": "sapa", "base": "random", "base_dist": "l2", "base_topr": null, "budget": 0.002, "cache_dir": "/tmp/attack_if/cache", "class_pair": "dog-bird", "clean_baseline": true, "craft_alpha": 0.0039216, "craft_aug": true, "craft_batch": 256, "craft_ensemble": 5, "craft_lowmem": true, "craft_schedule": false, "craft_steps": 250, "data_path": "/tmp/attack_if/data", "dataset": "CIFAR10", "dsa_strategy": "color_crop_cutout_flip_scale_rotate", "epsilon": 0.0313725, "fast_gradmatch": true, "fc_mode": "sample", "fc_restarts": 1, "gpus": "all", "jacobian_batch_size": 64, "jacobian_weight": 1.0, "lambda_margin": 1.0, "model": "VGG13BN", "no_resume": false, "num_poisons": 500, "num_surrogates": 20, "num_targets": 5, "num_victims": 4, "out_dir": "/tmp/attack_if/ours_result", "pair_order": "poison-target", "parallel_pretrain": true, "parallel_targets": true, "precompute_id": null, "precompute_only": false, "precompute_part": "both", "rank_on_victims": true, "recompute_deltas": false, "require_correct_target": false, "restarts": 8, "seed": 42, "sel_K": null, "sel_alpha": 1.0, "sel_criterion": null, "sel_dpp": false, "sel_filter": false, "sel_mmr": false, "sel_mode": null, "sel_model": "ResNet20BN", "sel_mu": 1.0, "sel_pca": false, "sel_pool": 3.0, "sharp_mode": "worst", "sharp_samples": 20, "sharp_sigma": 0.05, "steal_timeout": 7200.0, "surrogate_aug": false, "surrogate_bs": 128, "surrogate_decay": [35, 45], "surrogate_epochs": 60, "surrogate_lr": 0.1, "surrogate_wd": 0.0, "target_idx_file": "target_sets/xarch_VGG13BN_gradmatch_dog-bird_b0.005.json", "target_select": 50, "use_jacobian_score": false, "victim_aug": false, "victim_bs": 125, "victim_decay": [40], "victim_epochs": 50, "victim_lr": 0.1, "victim_wd": 0.0}
[2026-08-26 20:46:47] Jacobian score: disabled
[2026-08-26 20:46:47] N_total=50000 budget=0.002 -> N_p=100 poisons, y_adv=5(dog) target_class=2(bird)
[2026-08-26 20:46:47] === surrogates (20 x VGG13BN, trained on the full real set) ===
[2026-08-26 20:46:48]   crafting on 5/20 surrogates
[2026-08-26 20:46:48] === clean victims (4 x VGG13BN) ===
[2026-08-26 20:46:49]   clean baseline CTA = 0.8426 +/- 0.0172
[2026-08-26 20:46:49]   target pool 1000 -> eligible 966 (34 already predicted as y_adv or dropped)
[2026-08-26 20:46:49]   chosen 5 targets (file), p_adv range 0.0000..0.0000
[2026-08-26 20:46:49]   targets: [409, 630, 1656, 2270, 5022]
[2026-08-26 20:46:49] === target 409 (1/5) ===
[2026-08-26 20:49:59]   target 409: crafted 100 poisons in 190 s, obj=0.28155
[2026-08-26 20:49:59]   target 409: realized linf = 0.03137 (8.00/255), budget = 8.00/255
[2026-08-26 20:51:40]   [t409 v1/4] fail (pred=bird) CTA=0.8545
[2026-08-26 20:53:19]   [t409 v2/4] fail (pred=bird) CTA=0.8539
[2026-08-26 20:54:58]   [t409 v3/4] SUCCESS (pred=dog) CTA=0.8638
[2026-08-26 20:56:37]   [t409 v4/4] fail (pred=bird) CTA=0.8530
[2026-08-26 20:56:37]   target 409, 4 victims on this gpu: ASR=25.0% CTA=0.8563 +/- 0.0044
[2026-08-26 20:56:37] === target 630 (2/5) ===
[2026-08-26 20:59:47]   target 630: crafted 100 poisons in 190 s, obj=0.32957
[2026-08-26 20:59:47]   target 630: realized linf = 0.03137 (8.00/255), budget = 8.00/255
[2026-08-26 21:01:28]   [t630 v1/4] fail (pred=bird) CTA=0.8641
[2026-08-26 21:03:07]   [t630 v2/4] fail (pred=ship) CTA=0.8376
[2026-08-26 21:04:46]   [t630 v3/4] fail (pred=bird) CTA=0.8582
[2026-08-26 21:06:25]   [t630 v4/4] fail (pred=bird) CTA=0.8567
[2026-08-26 21:06:25]   target 630, 4 victims on this gpu: ASR=0.0% CTA=0.8541 +/- 0.0099
[2026-08-26 21:06:25] === target 1656 (3/5) ===
[2026-08-26 21:09:36]   target 1656: crafted 100 poisons in 191 s, obj=0.31915
[2026-08-26 21:09:36]   target 1656: realized linf = 0.03137 (8.00/255), budget = 8.00/255
[2026-08-26 21:11:16]   [t1656 v1/4] fail (pred=bird) CTA=0.8597
[2026-08-26 21:12:55]   [t1656 v2/4] fail (pred=airplane) CTA=0.8402
[2026-08-26 21:14:34]   [t1656 v3/4] SUCCESS (pred=dog) CTA=0.8479
[2026-08-26 21:16:13]   [t1656 v4/4] fail (pred=airplane) CTA=0.8626
[2026-08-26 21:16:13]   target 1656, 4 victims on this gpu: ASR=25.0% CTA=0.8526 +/- 0.0090
[2026-08-26 21:16:13] === target 2270 (4/5) ===
[2026-08-26 21:19:23]   target 2270: crafted 100 poisons in 190 s, obj=0.31460
[2026-08-26 21:19:23]   target 2270: realized linf = 0.03137 (8.00/255), budget = 8.00/255
[2026-08-26 21:21:04]   [t2270 v1/4] fail (pred=horse) CTA=0.8603
[2026-08-26 21:22:43]   [t2270 v2/4] fail (pred=cat) CTA=0.8548
[2026-08-26 21:24:22]   [t2270 v3/4] fail (pred=deer) CTA=0.8537
[2026-08-26 21:26:01]   [t2270 v4/4] fail (pred=bird) CTA=0.8632
[2026-08-26 21:26:01]   target 2270, 4 victims on this gpu: ASR=0.0% CTA=0.8580 +/- 0.0039
[2026-08-26 21:26:01] === target 5022 (5/5) ===
[2026-08-26 21:29:17]   target 5022: crafted 100 poisons in 196 s, obj=0.38751
[2026-08-26 21:29:17]   target 5022: realized linf = 0.03137 (8.00/255), budget = 8.00/255
[2026-08-26 21:30:58]   [t5022 v1/4] fail (pred=bird) CTA=0.8554
[2026-08-26 21:32:37]   [t5022 v2/4] fail (pred=bird) CTA=0.8575
[2026-08-26 21:34:15]   [t5022 v3/4] fail (pred=bird) CTA=0.8551
[2026-08-26 21:35:54]   [t5022 v4/4] fail (pred=bird) CTA=0.8551
[2026-08-26 21:35:54]   target 5022, 4 victims on this gpu: ASR=0.0% CTA=0.8558 +/- 0.0010
[2026-08-26 21:35:54] ==== CIFAR10_VGG13BN_sapa_random_dog-bird_b0.002_eps8_seed42_selarchResNet20BN_worst0.05_ce5_tgt50 : ASR = 10.0% +/- 12.2% | CTA = 0.8554 (baseline 0.8426) ====
[2026-08-26 21:35:54]   target-prediction tally ['airplane', 'automobile', 'bird', 'cat', 'deer', 'dog', 'frog', 'horse', 'ship', 'truck']: [2, 0, 12, 1, 1, 2, 0, 1, 1, 0]

=== cross-architecture sweep finished ===
sync: cross-architecture artifacts -> /home/mmoslem3/scratch/PoisonBase
sync: complete
