stage: optional directory absent: /home/mmoslem3/scratch/attack_if/last_night_H200_2026-08-26/ours_result/CIFAR10_ResNet20BN_gradmatch_ours_dog-bird_b0.002_eps8_seed42_lam1_cosine_seldpp2_K1_ce5_tgt14
stage: optional directory absent: /home/mmoslem3/scratch/attack_if/ours_result/CIFAR10_ResNet20BN_gradmatch_ours_dog-bird_b0.002_eps8_seed42_lam1_cosine_seldpp2_K1_ce5_tgt14
job: 5034857 cross_109_k1_gradmatch_b0_002_sresnet20_aresnet20_dpp on kn139
work: /tmp/attack_if
config: SEL_K=1 BUDGET=0.002 ATTACKS=gradmatch MODELS=ResNet20BN SELECTOR_MODELS=ResNet20BN SELECTIONS=dpp RUN_MATCHED=1 NUM_TARGETS=5 NUM_VICTIMS=4 sh cross_arch.sh
protocol: one cell, 5 targets x 4 victims
gpu: NVIDIA L40S
=== cross-architecture sweep ===
    A=V models : ResNet20BN
    S models   : ResNet20BN
    attacks    : gradmatch (fc is BP)
    selections : dpp
    budget     : 0.002 (targets pinned from b0.005)
    protocol   : 5 targets x 4 victims, 20 surrogates
    selector K : 1
    Jacobian   : enabled=0 weight=1.0 batch=64

=== S=ResNet20BN -> A=V=ResNet20BN | gradmatch | dpp ===
    targets=target_sets/xarch_ResNet20BN_gradmatch_dog-bird_b0.005.json (5), victims=4, surrogates=20
    Jacobian: enabled=0 weight=1.0 batch=64
[2026-08-26 16:20:17] === run start: CIFAR10_ResNet20BN_gradmatch_ours_dog-bird_b0.002_eps8_seed42_lam1_cosine_seldpp2_K1_ce5_tgt14 on cuda [0] ===
[2026-08-26 16:20:17] args: {"FORCE": false, "attack": "gradmatch", "base": "ours", "base_dist": "cosine", "base_topr": null, "budget": 0.002, "cache_dir": "/tmp/attack_if/cache", "class_pair": "dog-bird", "clean_baseline": true, "craft_alpha": 0.0039216, "craft_aug": true, "craft_batch": 256, "craft_ensemble": 5, "craft_lowmem": false, "craft_schedule": false, "craft_steps": 250, "data_path": "/tmp/attack_if/data", "dataset": "CIFAR10", "dsa_strategy": "color_crop_cutout_flip_scale_rotate", "epsilon": 0.0313725, "fast_gradmatch": false, "fc_mode": "sample", "fc_restarts": 1, "gpus": "all", "jacobian_batch_size": 64, "jacobian_weight": 1.0, "lambda_margin": 1.0, "model": "ResNet20BN", "no_resume": false, "num_poisons": 500, "num_surrogates": 20, "num_targets": 5, "num_victims": 4, "out_dir": "/tmp/attack_if/ours_result", "pair_order": "poison-target", "parallel_pretrain": true, "parallel_targets": true, "precompute_id": null, "precompute_only": false, "precompute_part": "both", "rank_on_victims": true, "recompute_deltas": false, "require_correct_target": false, "restarts": 8, "seed": 42, "sel_K": 1, "sel_alpha": 2.0, "sel_criterion": null, "sel_dpp": true, "sel_filter": false, "sel_mmr": false, "sel_mode": "dpp", "sel_model": "ResNet20BN", "sel_mu": 1.0, "sel_pca": false, "sel_pool": 3.0, "sharp_mode": "worst", "sharp_samples": 20, "sharp_sigma": 0.05, "steal_timeout": 7200.0, "surrogate_aug": false, "surrogate_bs": 128, "surrogate_decay": [35, 45], "surrogate_epochs": 60, "surrogate_lr": 0.1, "surrogate_wd": 0.0, "target_idx_file": "target_sets/xarch_ResNet20BN_gradmatch_dog-bird_b0.005.json", "target_select": 14, "use_jacobian_score": false, "victim_aug": false, "victim_bs": 125, "victim_decay": [40], "victim_epochs": 50, "victim_lr": 0.1, "victim_wd": 0.0}
[2026-08-26 16:20:17] Jacobian score: disabled
[2026-08-26 16:20:17] N_total=50000 budget=0.002 -> N_p=100 poisons, y_adv=5(dog) target_class=2(bird)
[2026-08-26 16:20:17] === surrogates (20 x ResNet20BN, trained on the full real set) ===
[2026-08-26 16:20:17]   crafting on 5/20 surrogates
[2026-08-26 16:20:17] === clean victims (4 x ResNet20BN) ===
[2026-08-26 16:20:18]   clean baseline CTA = 0.8387 +/- 0.0013
[2026-08-26 16:20:18]   target pool 1000 -> eligible 974 (26 already predicted as y_adv or dropped)
[2026-08-26 16:20:18]   chosen 5 targets (file), p_adv range 0.0000..0.0256
[2026-08-26 16:20:18]   targets: [833, 2065, 4630, 5118, 5324]
[2026-08-26 16:20:18] === target 833 (1/5) ===
[2026-08-26 16:24:40]   target 833: crafted 100 poisons in 262 s, obj=0.20346
[2026-08-26 16:24:40]   target 833: realized linf = 0.03137 (8.00/255), budget = 8.00/255
[2026-08-26 16:26:52]   [t833 v1/4] SUCCESS (pred=dog) CTA=0.8402
[2026-08-26 16:29:03]   [t833 v2/4] fail (pred=bird) CTA=0.8430
[2026-08-26 16:31:14]   [t833 v3/4] fail (pred=bird) CTA=0.8354
[2026-08-26 16:33:26]   [t833 v4/4] fail (pred=horse) CTA=0.8349
[2026-08-26 16:33:26]   target 833, 4 victims on this gpu: ASR=25.0% CTA=0.8384 +/- 0.0034
[2026-08-26 16:33:26] === target 2065 (2/5) ===
[2026-08-26 16:37:47]   target 2065: crafted 100 poisons in 262 s, obj=0.19467
[2026-08-26 16:37:47]   target 2065: realized linf = 0.03137 (8.00/255), budget = 8.00/255
[2026-08-26 16:40:00]   [t2065 v1/4] SUCCESS (pred=dog) CTA=0.8372
[2026-08-26 16:42:11]   [t2065 v2/4] SUCCESS (pred=dog) CTA=0.8352
[2026-08-26 16:44:23]   [t2065 v3/4] SUCCESS (pred=dog) CTA=0.8381
[2026-08-26 16:46:35]   [t2065 v4/4] fail (pred=deer) CTA=0.8367
[2026-08-26 16:46:35]   target 2065, 4 victims on this gpu: ASR=75.0% CTA=0.8368 +/- 0.0011
[2026-08-26 16:46:35] === target 4630 (3/5) ===
[2026-08-26 16:50:57]   target 4630: crafted 100 poisons in 262 s, obj=0.18410
[2026-08-26 16:50:57]   target 4630: realized linf = 0.03137 (8.00/255), budget = 8.00/255
[2026-08-26 16:53:09]   [t4630 v1/4] SUCCESS (pred=dog) CTA=0.8344
[2026-08-26 16:55:20]   [t4630 v2/4] SUCCESS (pred=dog) CTA=0.8397
[2026-08-26 16:57:32]   [t4630 v3/4] fail (pred=bird) CTA=0.8410
[2026-08-26 16:59:43]   [t4630 v4/4] SUCCESS (pred=dog) CTA=0.8387
[2026-08-26 16:59:43]   target 4630, 4 victims on this gpu: ASR=75.0% CTA=0.8385 +/- 0.0025
[2026-08-26 16:59:43] === target 5118 (4/5) ===
[2026-08-26 17:04:04]   target 5118: crafted 100 poisons in 261 s, obj=0.22961
[2026-08-26 17:04:04]   target 5118: realized linf = 0.03137 (8.00/255), budget = 8.00/255
[2026-08-26 17:06:16]   [t5118 v1/4] SUCCESS (pred=dog) CTA=0.8325
[2026-08-26 17:08:27]   [t5118 v2/4] SUCCESS (pred=dog) CTA=0.8330
[2026-08-26 17:10:38]   [t5118 v3/4] fail (pred=bird) CTA=0.8352
[2026-08-26 17:12:49]   [t5118 v4/4] SUCCESS (pred=dog) CTA=0.8357
[2026-08-26 17:12:49]   target 5118, 4 victims on this gpu: ASR=75.0% CTA=0.8341 +/- 0.0014
[2026-08-26 17:12:49] === target 5324 (5/5) ===
[2026-08-26 17:17:11]   target 5324: crafted 100 poisons in 261 s, obj=0.20587
[2026-08-26 17:17:11]   target 5324: realized linf = 0.03137 (8.00/255), budget = 8.00/255
[2026-08-26 17:19:23]   [t5324 v1/4] SUCCESS (pred=dog) CTA=0.8377
[2026-08-26 17:21:34]   [t5324 v2/4] fail (pred=truck) CTA=0.8365
[2026-08-26 17:23:45]   [t5324 v3/4] fail (pred=ship) CTA=0.8417
[2026-08-26 17:25:56]   [t5324 v4/4] SUCCESS (pred=dog) CTA=0.8286
[2026-08-26 17:25:56]   target 5324, 4 victims on this gpu: ASR=50.0% CTA=0.8361 +/- 0.0048
[2026-08-26 17:25:56] ==== CIFAR10_ResNet20BN_gradmatch_ours_dog-bird_b0.002_eps8_seed42_lam1_cosine_seldpp2_K1_ce5_tgt14 : ASR = 60.0% +/- 20.0% | CTA = 0.8368 (baseline 0.8387) ====
[2026-08-26 17:25:56]   target-prediction tally ['airplane', 'automobile', 'bird', 'cat', 'deer', 'dog', 'frog', 'horse', 'ship', 'truck']: [0, 0, 4, 0, 1, 12, 0, 1, 1, 1]

=== cross-architecture sweep finished ===
sync: cross-architecture artifacts -> /home/mmoslem3/scratch/attack_if
sync: complete
