environment modules unavailable; using /home/mmoslem3/ENV directly
stage: optional directory absent: /home/mmoslem3/scratch/PoisonBase/last_night_H200_2026-08-26/ours_result/CIFAR10_ConvNetBN_sapa_ours_dog-bird_b0.005_eps8_seed42_lam1_cosine_seldpp2_K3_worst0.05_ce5_tgt70
job: 632562 cross_404_k3_sapa_b0_005_sconvnet_aconvnet_dpp on rack14-06
work: /tmp/attack_if
config: SEL_K=3 BUDGET=0.005 ATTACKS=sapa MODELS=ConvNetBN SELECTOR_MODELS=ConvNetBN SELECTIONS=dpp RUN_MATCHED=1 NUM_TARGETS=5 NUM_VICTIMS=4 sh cross_arch.sh
protocol: one cell, 5 targets x 4 victims
gpu: NVIDIA L40S
=== cross-architecture sweep ===
    A=V models : ConvNetBN
    S models   : ConvNetBN
    attacks    : sapa (fc is BP)
    selections : dpp
    budget     : 0.005 (targets pinned from b0.005)
    protocol   : 5 targets x 4 victims, 20 surrogates
    selector K : 3
    Jacobian   : enabled=0 weight=1.0 batch=64

=== S=ConvNetBN -> A=V=ConvNetBN | sapa | dpp ===
    targets=target_sets/xarch_ConvNetBN_gradmatch_dog-bird_b0.005.json (5), victims=4, surrogates=20
    Jacobian: enabled=0 weight=1.0 batch=64
[2026-08-27 04:18:15] === run start: CIFAR10_ConvNetBN_sapa_ours_dog-bird_b0.005_eps8_seed42_lam1_cosine_seldpp2_K3_worst0.05_ce5_tgt70 on cuda [0] ===
[2026-08-27 04:18:15] args: {"FORCE": false, "attack": "sapa", "base": "ours", "base_dist": "cosine", "base_topr": null, "budget": 0.005, "cache_dir": "/tmp/attack_if/cache", "class_pair": "dog-bird", "clean_baseline": true, "craft_alpha": 0.0039216, "craft_aug": true, "craft_batch": 256, "craft_ensemble": 5, "craft_lowmem": false, "craft_schedule": false, "craft_steps": 250, "data_path": "/tmp/attack_if/data", "dataset": "CIFAR10", "dsa_strategy": "color_crop_cutout_flip_scale_rotate", "epsilon": 0.0313725, "fast_gradmatch": false, "fc_mode": "sample", "fc_restarts": 1, "gpus": "all", "jacobian_batch_size": 64, "jacobian_weight": 1.0, "lambda_margin": 1.0, "model": "ConvNetBN", "no_resume": false, "num_poisons": 500, "num_surrogates": 20, "num_targets": 5, "num_victims": 4, "out_dir": "/tmp/attack_if/ours_result", "pair_order": "poison-target", "parallel_pretrain": true, "parallel_targets": true, "precompute_id": null, "precompute_only": false, "precompute_part": "both", "rank_on_victims": true, "recompute_deltas": false, "require_correct_target": false, "restarts": 8, "seed": 42, "sel_K": 3, "sel_alpha": 2.0, "sel_criterion": null, "sel_dpp": true, "sel_filter": false, "sel_mmr": false, "sel_mode": "dpp", "sel_model": "ConvNetBN", "sel_mu": 1.0, "sel_pca": false, "sel_pool": 3.0, "sharp_mode": "worst", "sharp_samples": 20, "sharp_sigma": 0.05, "steal_timeout": 7200.0, "surrogate_aug": false, "surrogate_bs": 128, "surrogate_decay": [35, 45], "surrogate_epochs": 60, "surrogate_lr": 0.1, "surrogate_wd": 0.0, "target_idx_file": "target_sets/xarch_ConvNetBN_gradmatch_dog-bird_b0.005.json", "target_select": 70, "use_jacobian_score": false, "victim_aug": false, "victim_bs": 125, "victim_decay": [40], "victim_epochs": 50, "victim_lr": 0.1, "victim_wd": 0.0}
[2026-08-27 04:18:15] Jacobian score: disabled
[2026-08-27 04:18:15] N_total=50000 budget=0.005 -> N_p=250 poisons, y_adv=5(dog) target_class=2(bird)
[2026-08-27 04:18:15] === surrogates (20 x ConvNetBN, trained on the full real set) ===
[2026-08-27 04:18:15]   crafting on 5/20 surrogates
[2026-08-27 04:18:15] === clean victims (4 x ConvNetBN) ===
[2026-08-27 04:18:16]   clean baseline CTA = 0.8153 +/- 0.0048
[2026-08-27 04:18:16]   target pool 1000 -> eligible 965 (35 already predicted as y_adv or dropped)
[2026-08-27 04:18:16]   chosen 5 targets (file), p_adv range 0.0000..0.0000
[2026-08-27 04:18:16]   targets: [821, 843, 1257, 1547, 4427]
[2026-08-27 04:18:16]   resume: 20 (target, victim) trials already done
[2026-08-27 04:18:16] === target 821 (1/3) ===
[2026-08-27 04:22:18]   target 821: crafted 250 poisons in 241 s, obj=0.27904
[2026-08-27 04:22:18]   target 821: realized linf = 0.03137 (8.00/255), budget = 8.00/255
[2026-08-27 04:23:10]   [t821 v1/4] fail (pred=bird) CTA=0.8132
[2026-08-27 04:24:00]   [t821 v2/4] SUCCESS (pred=dog) CTA=0.8140
[2026-08-27 04:24:50]   [t821 v3/4] fail (pred=bird) CTA=0.8022
[2026-08-27 04:25:41]   [t821 v4/4] SUCCESS (pred=dog) CTA=0.8072
[2026-08-27 04:25:41]   target 821, 4 victims on this gpu: ASR=50.0% CTA=0.8092 +/- 0.0048
[2026-08-27 04:25:41] === target 1547 (2/3) ===
[2026-08-27 04:29:42]   target 1547: crafted 250 poisons in 241 s, obj=0.35028
[2026-08-27 04:29:42]   target 1547: realized linf = 0.03137 (8.00/255), budget = 8.00/255
[2026-08-27 04:30:34]   [t1547 v1/4] fail (pred=bird) CTA=0.8088
[2026-08-27 04:31:24]   [t1547 v2/4] fail (pred=bird) CTA=0.8064
[2026-08-27 04:32:14]   [t1547 v3/4] fail (pred=bird) CTA=0.7754
[2026-08-27 04:33:04]   [t1547 v4/4] fail (pred=bird) CTA=0.8099
[2026-08-27 04:33:04]   target 1547, 4 victims on this gpu: ASR=0.0% CTA=0.8001 +/- 0.0143
[2026-08-27 04:33:04] === target 4427 (3/3) ===
[2026-08-27 04:37:06]   target 4427: crafted 250 poisons in 241 s, obj=0.35823
[2026-08-27 04:37:06]   target 4427: realized linf = 0.03137 (8.00/255), budget = 8.00/255
[2026-08-27 04:37:57]   [t4427 v1/4] fail (pred=bird) CTA=0.8174
[2026-08-27 04:38:47]   [t4427 v2/4] fail (pred=bird) CTA=0.8070
[2026-08-27 04:39:37]   [t4427 v3/4] fail (pred=bird) CTA=0.8032
[2026-08-27 04:40:27]   [t4427 v4/4] fail (pred=bird) CTA=0.8031
[2026-08-27 04:40:27]   target 4427, 4 victims on this gpu: ASR=0.0% CTA=0.8077 +/- 0.0058
[2026-08-27 04:40:27] ==== CIFAR10_ConvNetBN_sapa_ours_dog-bird_b0.005_eps8_seed42_lam1_cosine_seldpp2_K3_worst0.05_ce5_tgt70 : ASR = 46.9% +/- 38.4% | CTA = 0.8057 (baseline 0.8153) ====
[2026-08-27 04:40:27]   target-prediction tally ['airplane', 'automobile', 'bird', 'cat', 'deer', 'dog', 'frog', 'horse', 'ship', 'truck']: [0, 0, 10, 0, 0, 2, 0, 0, 0, 0]

=== cross-architecture sweep finished ===
sync: cross-architecture artifacts -> /home/mmoslem3/scratch/PoisonBase
sync: complete
