stage: optional directory absent: /home/mmoslem3/scratch/attack_if/last_night_H200_2026-08-26/ours_result/CIFAR10_ConvNetBN_gradmatch_random_dog-bird_b0.002_eps8_seed42_selarchResNet20BN_K1_ce5_tgt70
stage: optional directory absent: /home/mmoslem3/scratch/attack_if/ours_result/CIFAR10_ConvNetBN_gradmatch_random_dog-bird_b0.002_eps8_seed42_selarchResNet20BN_K1_ce5_tgt70
job: 5034836 cross_090_k1_gradmatch_b0_002_sresnet20_aconvnet_random on kn110
work: /tmp/attack_if
config: SEL_K=1 BUDGET=0.002 ATTACKS=gradmatch MODELS=ConvNetBN SELECTOR_MODELS=ResNet20BN SELECTIONS=random RUN_MATCHED=1 NUM_TARGETS=5 NUM_VICTIMS=4 sh cross_arch.sh
protocol: one cell, 5 targets x 4 victims
gpu: NVIDIA L40S
=== cross-architecture sweep ===
    A=V models : ConvNetBN
    S models   : ResNet20BN
    attacks    : gradmatch (fc is BP)
    selections : random
    budget     : 0.002 (targets pinned from b0.005)
    protocol   : 5 targets x 4 victims, 20 surrogates
    selector K : 1
    Jacobian   : enabled=0 weight=1.0 batch=64

=== S=ResNet20BN -> A=V=ConvNetBN | gradmatch | random ===
    targets=target_sets/xarch_ConvNetBN_gradmatch_dog-bird_b0.005.json (5), victims=4, surrogates=20
    Jacobian: not applicable to Random; run is unchanged
[2026-08-26 14:58:56] === run start: CIFAR10_ConvNetBN_gradmatch_random_dog-bird_b0.002_eps8_seed42_selarchResNet20BN_K1_ce5_tgt70 on cuda [0] ===
[2026-08-26 14:58:56] args: {"FORCE": false, "attack": "gradmatch", "base": "random", "base_dist": "l2", "base_topr": null, "budget": 0.002, "cache_dir": "/tmp/attack_if/cache", "class_pair": "dog-bird", "clean_baseline": true, "craft_alpha": 0.0039216, "craft_aug": true, "craft_batch": 256, "craft_ensemble": 5, "craft_lowmem": false, "craft_schedule": false, "craft_steps": 250, "data_path": "/tmp/attack_if/data", "dataset": "CIFAR10", "dsa_strategy": "color_crop_cutout_flip_scale_rotate", "epsilon": 0.0313725, "fast_gradmatch": false, "fc_mode": "sample", "fc_restarts": 1, "gpus": "all", "jacobian_batch_size": 64, "jacobian_weight": 1.0, "lambda_margin": 1.0, "model": "ConvNetBN", "no_resume": false, "num_poisons": 500, "num_surrogates": 20, "num_targets": 5, "num_victims": 4, "out_dir": "/tmp/attack_if/ours_result", "pair_order": "poison-target", "parallel_pretrain": true, "parallel_targets": true, "precompute_id": null, "precompute_only": false, "precompute_part": "both", "rank_on_victims": true, "recompute_deltas": false, "require_correct_target": false, "restarts": 8, "seed": 42, "sel_K": 1, "sel_alpha": 1.0, "sel_criterion": null, "sel_dpp": false, "sel_filter": false, "sel_mmr": false, "sel_mode": null, "sel_model": "ResNet20BN", "sel_mu": 1.0, "sel_pca": false, "sel_pool": 3.0, "sharp_mode": "worst", "sharp_samples": 20, "sharp_sigma": 0.05, "steal_timeout": 7200.0, "surrogate_aug": false, "surrogate_bs": 128, "surrogate_decay": [35, 45], "surrogate_epochs": 60, "surrogate_lr": 0.1, "surrogate_wd": 0.0, "target_idx_file": "target_sets/xarch_ConvNetBN_gradmatch_dog-bird_b0.005.json", "target_select": 70, "use_jacobian_score": false, "victim_aug": false, "victim_bs": 125, "victim_decay": [40], "victim_epochs": 50, "victim_lr": 0.1, "victim_wd": 0.0}
[2026-08-26 14:58:56] Jacobian score: disabled
[2026-08-26 14:58:56] N_total=50000 budget=0.002 -> N_p=100 poisons, y_adv=5(dog) target_class=2(bird)
[2026-08-26 14:58:56] === surrogates (20 x ConvNetBN, trained on the full real set) ===
[2026-08-26 14:58:57]   crafting on 5/20 surrogates
[2026-08-26 14:58:57] === clean victims (4 x ConvNetBN) ===
[2026-08-26 14:58:57]   clean baseline CTA = 0.8132 +/- 0.0049
[2026-08-26 14:58:57]   target pool 1000 -> eligible 962 (38 already predicted as y_adv or dropped)
[2026-08-26 14:58:57]   chosen 5 targets (file), p_adv range 0.0000..0.0000
[2026-08-26 14:58:57]   targets: [821, 843, 1257, 1547, 4427]
[2026-08-26 14:58:57] === target 821 (1/5) ===
[2026-08-26 15:00:20]   target 821: crafted 100 poisons in 82 s, obj=0.32966
[2026-08-26 15:00:20]   target 821: realized linf = 0.03137 (8.00/255), budget = 8.00/255
[2026-08-26 15:01:11]   [t821 v1/4] fail (pred=horse) CTA=0.8073
[2026-08-26 15:02:01]   [t821 v2/4] fail (pred=bird) CTA=0.8120
[2026-08-26 15:02:51]   [t821 v3/4] fail (pred=horse) CTA=0.7964
[2026-08-26 15:03:41]   [t821 v4/4] fail (pred=bird) CTA=0.8084
[2026-08-26 15:03:41]   target 821, 4 victims on this gpu: ASR=0.0% CTA=0.8060 +/- 0.0058
[2026-08-26 15:03:41] === target 843 (2/5) ===
[2026-08-26 15:05:03]   target 843: crafted 100 poisons in 82 s, obj=0.35554
[2026-08-26 15:05:03]   target 843: realized linf = 0.03137 (8.00/255), budget = 8.00/255
[2026-08-26 15:05:54]   [t843 v1/4] fail (pred=bird) CTA=0.8112
[2026-08-26 15:06:44]   [t843 v2/4] fail (pred=bird) CTA=0.8077
[2026-08-26 15:07:33]   [t843 v3/4] fail (pred=bird) CTA=0.8086
[2026-08-26 15:08:23]   [t843 v4/4] fail (pred=bird) CTA=0.8144
[2026-08-26 15:08:23]   target 843, 4 victims on this gpu: ASR=0.0% CTA=0.8105 +/- 0.0026
[2026-08-26 15:08:23] === target 1257 (3/5) ===
[2026-08-26 15:09:45]   target 1257: crafted 100 poisons in 82 s, obj=0.28662
[2026-08-26 15:09:45]   target 1257: realized linf = 0.03137 (8.00/255), budget = 8.00/255
[2026-08-26 15:10:37]   [t1257 v1/4] fail (pred=bird) CTA=0.7951
[2026-08-26 15:11:26]   [t1257 v2/4] fail (pred=bird) CTA=0.8043
[2026-08-26 15:12:16]   [t1257 v3/4] fail (pred=bird) CTA=0.8137
[2026-08-26 15:13:05]   [t1257 v4/4] fail (pred=bird) CTA=0.7988
[2026-08-26 15:13:05]   target 1257, 4 victims on this gpu: ASR=0.0% CTA=0.8030 +/- 0.0070
[2026-08-26 15:13:05] === target 1547 (4/5) ===
[2026-08-26 15:14:28]   target 1547: crafted 100 poisons in 83 s, obj=0.45839
[2026-08-26 15:14:28]   target 1547: realized linf = 0.03137 (8.00/255), budget = 8.00/255
[2026-08-26 15:15:19]   [t1547 v1/4] fail (pred=airplane) CTA=0.8066
[2026-08-26 15:16:09]   [t1547 v2/4] fail (pred=bird) CTA=0.8070
[2026-08-26 15:16:58]   [t1547 v3/4] fail (pred=bird) CTA=0.7682
[2026-08-26 15:17:48]   [t1547 v4/4] fail (pred=bird) CTA=0.8071
[2026-08-26 15:17:48]   target 1547, 4 victims on this gpu: ASR=0.0% CTA=0.7972 +/- 0.0168
[2026-08-26 15:17:48] === target 4427 (5/5) ===
[2026-08-26 15:19:10]   target 4427: crafted 100 poisons in 82 s, obj=0.45517
[2026-08-26 15:19:10]   target 4427: realized linf = 0.03137 (8.00/255), budget = 8.00/255
[2026-08-26 15:20:01]   [t4427 v1/4] fail (pred=bird) CTA=0.8089
[2026-08-26 15:20:51]   [t4427 v2/4] fail (pred=bird) CTA=0.8044
[2026-08-26 15:21:40]   [t4427 v3/4] fail (pred=bird) CTA=0.7999
[2026-08-26 15:22:30]   [t4427 v4/4] fail (pred=bird) CTA=0.8062
[2026-08-26 15:22:30]   target 4427, 4 victims on this gpu: ASR=0.0% CTA=0.8048 +/- 0.0033
[2026-08-26 15:22:30] ==== CIFAR10_ConvNetBN_gradmatch_random_dog-bird_b0.002_eps8_seed42_selarchResNet20BN_K1_ce5_tgt70 : ASR = 0.0% +/- 0.0% | CTA = 0.8043 (baseline 0.8132) ====
[2026-08-26 15:22:30]   target-prediction tally ['airplane', 'automobile', 'bird', 'cat', 'deer', 'dog', 'frog', 'horse', 'ship', 'truck']: [1, 0, 17, 0, 0, 0, 0, 2, 0, 0]

=== cross-architecture sweep finished ===
sync: cross-architecture artifacts -> /home/mmoslem3/scratch/attack_if
sync: complete
