environment modules unavailable; using /home/mmoslem3/ENV directly
stage: optional directory absent: /home/mmoslem3/scratch/PoisonBase/last_night_H200_2026-08-26/ours_result/CIFAR10_ResNet20BN_gradmatch_ours_dog-bird_b0.005_eps8_seed42_lam1_cosine_selarchConvNetBN_K3_ce5_tgt14
stage: optional directory absent: /home/mmoslem3/scratch/PoisonBase/ours_result/CIFAR10_ResNet20BN_gradmatch_ours_dog-bird_b0.005_eps8_seed42_lam1_cosine_selarchConvNetBN_K3_ce5_tgt14
job: 632658 cross_333_k3_gradmatch_b0_005_sconvnet_aresnet20_greedy on rack03-11
work: /tmp/attack_if
config: SEL_K=3 BUDGET=0.005 ATTACKS=gradmatch MODELS=ResNet20BN SELECTOR_MODELS=ConvNetBN SELECTIONS=greedy RUN_MATCHED=1 NUM_TARGETS=5 NUM_VICTIMS=4 sh cross_arch.sh
protocol: one cell, 5 targets x 4 victims
gpu: NVIDIA L40S
=== cross-architecture sweep ===
    A=V models : ResNet20BN
    S models   : ConvNetBN
    attacks    : gradmatch (fc is BP)
    selections : greedy
    budget     : 0.005 (targets pinned from b0.005)
    protocol   : 5 targets x 4 victims, 20 surrogates
    selector K : 3
    Jacobian   : enabled=0 weight=1.0 batch=64

=== S=ConvNetBN -> A=V=ResNet20BN | gradmatch | greedy ===
    targets=target_sets/xarch_ResNet20BN_gradmatch_dog-bird_b0.005.json (5), victims=4, surrogates=20
    Jacobian: disabled for Greedy in this table
[2026-08-27 03:51:53] === run start: CIFAR10_ResNet20BN_gradmatch_ours_dog-bird_b0.005_eps8_seed42_lam1_cosine_selarchConvNetBN_K3_ce5_tgt14 on cuda [0] ===
[2026-08-27 03:51:53] args: {"FORCE": false, "attack": "gradmatch", "base": "ours", "base_dist": "cosine", "base_topr": null, "budget": 0.005, "cache_dir": "/tmp/attack_if/cache", "class_pair": "dog-bird", "clean_baseline": true, "craft_alpha": 0.0039216, "craft_aug": true, "craft_batch": 256, "craft_ensemble": 5, "craft_lowmem": false, "craft_schedule": false, "craft_steps": 250, "data_path": "/tmp/attack_if/data", "dataset": "CIFAR10", "dsa_strategy": "color_crop_cutout_flip_scale_rotate", "epsilon": 0.0313725, "fast_gradmatch": false, "fc_mode": "sample", "fc_restarts": 1, "gpus": "all", "jacobian_batch_size": 64, "jacobian_weight": 1.0, "lambda_margin": 1.0, "model": "ResNet20BN", "no_resume": false, "num_poisons": 500, "num_surrogates": 20, "num_targets": 5, "num_victims": 4, "out_dir": "/tmp/attack_if/ours_result", "pair_order": "poison-target", "parallel_pretrain": true, "parallel_targets": true, "precompute_id": null, "precompute_only": false, "precompute_part": "both", "rank_on_victims": true, "recompute_deltas": false, "require_correct_target": false, "restarts": 8, "seed": 42, "sel_K": 3, "sel_alpha": 1.0, "sel_criterion": null, "sel_dpp": false, "sel_filter": false, "sel_mmr": false, "sel_mode": null, "sel_model": "ConvNetBN", "sel_mu": 1.0, "sel_pca": false, "sel_pool": 3.0, "sharp_mode": "worst", "sharp_samples": 20, "sharp_sigma": 0.05, "steal_timeout": 7200.0, "surrogate_aug": false, "surrogate_bs": 128, "surrogate_decay": [35, 45], "surrogate_epochs": 60, "surrogate_lr": 0.1, "surrogate_wd": 0.0, "target_idx_file": "target_sets/xarch_ResNet20BN_gradmatch_dog-bird_b0.005.json", "target_select": 14, "use_jacobian_score": false, "victim_aug": false, "victim_bs": 125, "victim_decay": [40], "victim_epochs": 50, "victim_lr": 0.1, "victim_wd": 0.0}
[2026-08-27 03:51:53] Jacobian score: disabled
[2026-08-27 03:51:53] N_total=50000 budget=0.005 -> N_p=250 poisons, y_adv=5(dog) target_class=2(bird)
[2026-08-27 03:51:53] === surrogates (20 x ResNet20BN, trained on the full real set) ===
[2026-08-27 03:51:54]   crafting on 5/20 surrogates
[2026-08-27 03:51:54] === selection surrogates (20 x ConvNetBN, cross-architecture) ===
[2026-08-27 03:51:54] === clean victims (4 x ResNet20BN) ===
[2026-08-27 03:51:55]   clean baseline CTA = 0.8354 +/- 0.0051
[2026-08-27 03:51:55]   target pool 1000 -> eligible 974 (26 already predicted as y_adv or dropped)
[2026-08-27 03:51:55]   chosen 5 targets (file), p_adv range 0.0002..0.0093
[2026-08-27 03:51:55]   targets: [833, 2065, 4630, 5118, 5324]
[2026-08-27 03:51:55] === target 833 (1/5) ===
[2026-08-27 03:59:43]   target 833: crafted 250 poisons in 468 s, obj=0.18259
[2026-08-27 03:59:43]   target 833: realized linf = 0.03137 (8.00/255), budget = 8.00/255
[2026-08-27 04:01:18]   [t833 v1/4] fail (pred=bird) CTA=0.8440
[2026-08-27 04:02:54]   [t833 v2/4] fail (pred=bird) CTA=0.8380
[2026-08-27 04:04:29]   [t833 v3/4] SUCCESS (pred=dog) CTA=0.8402
[2026-08-27 04:06:05]   [t833 v4/4] fail (pred=bird) CTA=0.8379
[2026-08-27 04:06:05]   target 833, 4 victims on this gpu: ASR=25.0% CTA=0.8400 +/- 0.0025
[2026-08-27 04:06:05] === target 2065 (2/5) ===
[2026-08-27 04:13:52]   target 2065: crafted 250 poisons in 467 s, obj=0.18019
[2026-08-27 04:13:52]   target 2065: realized linf = 0.03137 (8.00/255), budget = 8.00/255
[2026-08-27 04:15:28]   [t2065 v1/4] SUCCESS (pred=dog) CTA=0.8366
[2026-08-27 04:17:03]   [t2065 v2/4] SUCCESS (pred=dog) CTA=0.8336
[2026-08-27 04:18:38]   [t2065 v3/4] SUCCESS (pred=dog) CTA=0.8381
[2026-08-27 04:20:14]   [t2065 v4/4] SUCCESS (pred=dog) CTA=0.8380
[2026-08-27 04:20:14]   target 2065, 4 victims on this gpu: ASR=100.0% CTA=0.8366 +/- 0.0018
[2026-08-27 04:20:14] === target 4630 (3/5) ===
[2026-08-27 04:28:01]   target 4630: crafted 250 poisons in 467 s, obj=0.17604
[2026-08-27 04:28:01]   target 4630: realized linf = 0.03137 (8.00/255), budget = 8.00/255
[2026-08-27 04:29:37]   [t4630 v1/4] fail (pred=bird) CTA=0.8389
[2026-08-27 04:31:12]   [t4630 v2/4] fail (pred=cat) CTA=0.8320
[2026-08-27 04:32:47]   [t4630 v3/4] SUCCESS (pred=dog) CTA=0.8399
[2026-08-27 04:34:23]   [t4630 v4/4] fail (pred=cat) CTA=0.8426
[2026-08-27 04:34:23]   target 4630, 4 victims on this gpu: ASR=25.0% CTA=0.8384 +/- 0.0039
[2026-08-27 04:34:23] === target 5118 (4/5) ===
[2026-08-27 04:42:10]   target 5118: crafted 250 poisons in 467 s, obj=0.18702
[2026-08-27 04:42:10]   target 5118: realized linf = 0.03137 (8.00/255), budget = 8.00/255
[2026-08-27 04:43:46]   [t5118 v1/4] SUCCESS (pred=dog) CTA=0.8366
[2026-08-27 04:45:21]   [t5118 v2/4] SUCCESS (pred=dog) CTA=0.8346
[2026-08-27 04:46:57]   [t5118 v3/4] SUCCESS (pred=dog) CTA=0.8359
[2026-08-27 04:48:32]   [t5118 v4/4] SUCCESS (pred=dog) CTA=0.8374
[2026-08-27 04:48:32]   target 5118, 4 victims on this gpu: ASR=100.0% CTA=0.8361 +/- 0.0010
[2026-08-27 04:48:32] === target 5324 (5/5) ===
[2026-08-27 04:56:19]   target 5324: crafted 250 poisons in 467 s, obj=0.21613
[2026-08-27 04:56:19]   target 5324: realized linf = 0.03137 (8.00/255), budget = 8.00/255
[2026-08-27 04:57:55]   [t5324 v1/4] fail (pred=deer) CTA=0.8298
[2026-08-27 04:59:30]   [t5324 v2/4] fail (pred=ship) CTA=0.8352
[2026-08-27 05:01:06]   [t5324 v3/4] SUCCESS (pred=dog) CTA=0.8402
[2026-08-27 05:02:41]   [t5324 v4/4] fail (pred=truck) CTA=0.8294
[2026-08-27 05:02:41]   target 5324, 4 victims on this gpu: ASR=25.0% CTA=0.8337 +/- 0.0044
[2026-08-27 05:02:41] ==== CIFAR10_ResNet20BN_gradmatch_ours_dog-bird_b0.005_eps8_seed42_lam1_cosine_selarchConvNetBN_K3_ce5_tgt14 : ASR = 55.0% +/- 36.7% | CTA = 0.8369 (baseline 0.8354) ====
[2026-08-27 05:02:41]   target-prediction tally ['airplane', 'automobile', 'bird', 'cat', 'deer', 'dog', 'frog', 'horse', 'ship', 'truck']: [0, 0, 4, 2, 1, 11, 0, 0, 1, 1]

=== cross-architecture sweep finished ===
sync: cross-architecture artifacts -> /home/mmoslem3/scratch/PoisonBase
sync: complete
