stage: optional directory absent: /home/mmoslem3/scratch/attack_if/last_night_H200_2026-08-26/ours_result/CIFAR10_ConvNetBN_sapa_ours_dog-bird_b0.002_eps8_seed42_lam1_cosine_selarchVGG13BN_K3_worst0.05_ce5_tgt70
stage: optional directory absent: /home/mmoslem3/scratch/attack_if/ours_result/CIFAR10_ConvNetBN_sapa_ours_dog-bird_b0.002_eps8_seed42_lam1_cosine_selarchVGG13BN_K3_worst0.05_ce5_tgt70
job: 5034968 cross_210_k3_sapa_b0_002_svgg13_aconvnet_greedy on kn015
work: /tmp/attack_if
config: SEL_K=3 BUDGET=0.002 ATTACKS=sapa MODELS=ConvNetBN SELECTOR_MODELS=VGG13BN SELECTIONS=greedy RUN_MATCHED=1 NUM_TARGETS=5 NUM_VICTIMS=4 sh cross_arch.sh
protocol: one cell, 5 targets x 4 victims
gpu: NVIDIA L40S
=== cross-architecture sweep ===
    A=V models : ConvNetBN
    S models   : VGG13BN
    attacks    : sapa (fc is BP)
    selections : greedy
    budget     : 0.002 (targets pinned from b0.005)
    protocol   : 5 targets x 4 victims, 20 surrogates
    selector K : 3
    Jacobian   : enabled=0 weight=1.0 batch=64

=== S=VGG13BN -> A=V=ConvNetBN | sapa | greedy ===
    targets=target_sets/xarch_ConvNetBN_gradmatch_dog-bird_b0.005.json (5), victims=4, surrogates=20
    Jacobian: disabled for Greedy in this table
[2026-08-26 23:29:55] === run start: CIFAR10_ConvNetBN_sapa_ours_dog-bird_b0.002_eps8_seed42_lam1_cosine_selarchVGG13BN_K3_worst0.05_ce5_tgt70 on cuda [0] ===
[2026-08-26 23:29:55] args: {"FORCE": false, "attack": "sapa", "base": "ours", "base_dist": "cosine", "base_topr": null, "budget": 0.002, "cache_dir": "/tmp/attack_if/cache", "class_pair": "dog-bird", "clean_baseline": true, "craft_alpha": 0.0039216, "craft_aug": true, "craft_batch": 256, "craft_ensemble": 5, "craft_lowmem": false, "craft_schedule": false, "craft_steps": 250, "data_path": "/tmp/attack_if/data", "dataset": "CIFAR10", "dsa_strategy": "color_crop_cutout_flip_scale_rotate", "epsilon": 0.0313725, "fast_gradmatch": false, "fc_mode": "sample", "fc_restarts": 1, "gpus": "all", "jacobian_batch_size": 64, "jacobian_weight": 1.0, "lambda_margin": 1.0, "model": "ConvNetBN", "no_resume": false, "num_poisons": 500, "num_surrogates": 20, "num_targets": 5, "num_victims": 4, "out_dir": "/tmp/attack_if/ours_result", "pair_order": "poison-target", "parallel_pretrain": true, "parallel_targets": true, "precompute_id": null, "precompute_only": false, "precompute_part": "both", "rank_on_victims": true, "recompute_deltas": false, "require_correct_target": false, "restarts": 8, "seed": 42, "sel_K": 3, "sel_alpha": 1.0, "sel_criterion": null, "sel_dpp": false, "sel_filter": false, "sel_mmr": false, "sel_mode": null, "sel_model": "VGG13BN", "sel_mu": 1.0, "sel_pca": false, "sel_pool": 3.0, "sharp_mode": "worst", "sharp_samples": 20, "sharp_sigma": 0.05, "steal_timeout": 7200.0, "surrogate_aug": false, "surrogate_bs": 128, "surrogate_decay": [35, 45], "surrogate_epochs": 60, "surrogate_lr": 0.1, "surrogate_wd": 0.0, "target_idx_file": "target_sets/xarch_ConvNetBN_gradmatch_dog-bird_b0.005.json", "target_select": 70, "use_jacobian_score": false, "victim_aug": false, "victim_bs": 125, "victim_decay": [40], "victim_epochs": 50, "victim_lr": 0.1, "victim_wd": 0.0}
[2026-08-26 23:29:55] Jacobian score: disabled
[2026-08-26 23:29:55] N_total=50000 budget=0.002 -> N_p=100 poisons, y_adv=5(dog) target_class=2(bird)
[2026-08-26 23:29:55] === surrogates (20 x ConvNetBN, trained on the full real set) ===
[2026-08-26 23:29:55]   crafting on 5/20 surrogates
[2026-08-26 23:29:55] === selection surrogates (20 x VGG13BN, cross-architecture) ===
[2026-08-26 23:29:57] === clean victims (4 x ConvNetBN) ===
[2026-08-26 23:29:58]   clean baseline CTA = 0.8132 +/- 0.0049
[2026-08-26 23:29:58]   target pool 1000 -> eligible 962 (38 already predicted as y_adv or dropped)
[2026-08-26 23:29:58]   chosen 5 targets (file), p_adv range 0.0000..0.0000
[2026-08-26 23:29:58]   targets: [821, 843, 1257, 1547, 4427]
[2026-08-26 23:29:58] === target 821 (1/5) ===
[2026-08-26 23:31:20]   target 821: crafted 100 poisons in 82 s, obj=0.32043
[2026-08-26 23:31:20]   target 821: realized linf = 0.03137 (8.00/255), budget = 8.00/255
[2026-08-26 23:32:12]   [t821 v1/4] fail (pred=horse) CTA=0.8085
[2026-08-26 23:33:04]   [t821 v2/4] fail (pred=horse) CTA=0.8123
[2026-08-26 23:33:55]   [t821 v3/4] fail (pred=horse) CTA=0.7953
[2026-08-26 23:34:47]   [t821 v4/4] fail (pred=bird) CTA=0.8062
[2026-08-26 23:34:47]   target 821, 4 victims on this gpu: ASR=0.0% CTA=0.8056 +/- 0.0063
[2026-08-26 23:34:47] === target 843 (2/5) ===
[2026-08-26 23:36:09]   target 843: crafted 100 poisons in 82 s, obj=0.33203
[2026-08-26 23:36:09]   target 843: realized linf = 0.03137 (8.00/255), budget = 8.00/255
srun: Job step aborted: Waiting up to 62 seconds for job step to finish.
[2026-08-26T23:36:27.061] error: *** JOB 5034968 ON kn015 CANCELLED AT 2026-08-26T23:36:27 DUE to SIGNAL Terminated ***
signal: received TERM; stopping the job step before final sync
[2026-08-26T23:36:27.062] error: *** STEP 5034968.0 ON kn015 CANCELLED AT 2026-08-26T23:36:27 DUE to SIGNAL Terminated ***
srun: forcing job termination
srun: error: kn015: task 0: Terminated
sync: cross-architecture artifacts -> /home/mmoslem3/scratch/attack_if
sync: complete
