environment modules unavailable; using /home/mmoslem3/ENV directly
stage: optional directory absent: /home/mmoslem3/scratch/PoisonBase/last_night_H200_2026-08-26/ours_result/CIFAR10_ConvNetBN_gradmatch_random_dog-bird_b0.005_eps8_seed42_selarchVGG13BN_K3_ce5_tgt70
stage: optional directory absent: /home/mmoslem3/scratch/PoisonBase/ours_result/CIFAR10_ConvNetBN_gradmatch_random_dog-bird_b0.005_eps8_seed42_selarchVGG13BN_K3_ce5_tgt70
job: 632538 cross_329_k3_gradmatch_b0_005_svgg13_aconvnet_random on rack02-13
work: /tmp/attack_if
config: SEL_K=3 BUDGET=0.005 ATTACKS=gradmatch MODELS=ConvNetBN SELECTOR_MODELS=VGG13BN SELECTIONS=random RUN_MATCHED=1 NUM_TARGETS=5 NUM_VICTIMS=4 sh cross_arch.sh
protocol: one cell, 5 targets x 4 victims
gpu: NVIDIA L40S
=== cross-architecture sweep ===
    A=V models : ConvNetBN
    S models   : VGG13BN
    attacks    : gradmatch (fc is BP)
    selections : random
    budget     : 0.005 (targets pinned from b0.005)
    protocol   : 5 targets x 4 victims, 20 surrogates
    selector K : 3
    Jacobian   : enabled=0 weight=1.0 batch=64

=== S=VGG13BN -> A=V=ConvNetBN | gradmatch | random ===
    targets=target_sets/xarch_ConvNetBN_gradmatch_dog-bird_b0.005.json (5), victims=4, surrogates=20
    Jacobian: not applicable to Random; run is unchanged
[2026-08-27 04:02:52] === run start: CIFAR10_ConvNetBN_gradmatch_random_dog-bird_b0.005_eps8_seed42_selarchVGG13BN_K3_ce5_tgt70 on cuda [0] ===
[2026-08-27 04:02:52] args: {"FORCE": false, "attack": "gradmatch", "base": "random", "base_dist": "l2", "base_topr": null, "budget": 0.005, "cache_dir": "/tmp/attack_if/cache", "class_pair": "dog-bird", "clean_baseline": true, "craft_alpha": 0.0039216, "craft_aug": true, "craft_batch": 256, "craft_ensemble": 5, "craft_lowmem": false, "craft_schedule": false, "craft_steps": 250, "data_path": "/tmp/attack_if/data", "dataset": "CIFAR10", "dsa_strategy": "color_crop_cutout_flip_scale_rotate", "epsilon": 0.0313725, "fast_gradmatch": false, "fc_mode": "sample", "fc_restarts": 1, "gpus": "all", "jacobian_batch_size": 64, "jacobian_weight": 1.0, "lambda_margin": 1.0, "model": "ConvNetBN", "no_resume": false, "num_poisons": 500, "num_surrogates": 20, "num_targets": 5, "num_victims": 4, "out_dir": "/tmp/attack_if/ours_result", "pair_order": "poison-target", "parallel_pretrain": true, "parallel_targets": true, "precompute_id": null, "precompute_only": false, "precompute_part": "both", "rank_on_victims": true, "recompute_deltas": false, "require_correct_target": false, "restarts": 8, "seed": 42, "sel_K": 3, "sel_alpha": 1.0, "sel_criterion": null, "sel_dpp": false, "sel_filter": false, "sel_mmr": false, "sel_mode": null, "sel_model": "VGG13BN", "sel_mu": 1.0, "sel_pca": false, "sel_pool": 3.0, "sharp_mode": "worst", "sharp_samples": 20, "sharp_sigma": 0.05, "steal_timeout": 7200.0, "surrogate_aug": false, "surrogate_bs": 128, "surrogate_decay": [35, 45], "surrogate_epochs": 60, "surrogate_lr": 0.1, "surrogate_wd": 0.0, "target_idx_file": "target_sets/xarch_ConvNetBN_gradmatch_dog-bird_b0.005.json", "target_select": 70, "use_jacobian_score": false, "victim_aug": false, "victim_bs": 125, "victim_decay": [40], "victim_epochs": 50, "victim_lr": 0.1, "victim_wd": 0.0}
[2026-08-27 04:02:52] Jacobian score: disabled
[2026-08-27 04:02:52] N_total=50000 budget=0.005 -> N_p=250 poisons, y_adv=5(dog) target_class=2(bird)
[2026-08-27 04:02:52] === surrogates (20 x ConvNetBN, trained on the full real set) ===
[2026-08-27 04:02:52]   crafting on 5/20 surrogates
[2026-08-27 04:02:52] === clean victims (4 x ConvNetBN) ===
[2026-08-27 04:02:53]   clean baseline CTA = 0.8153 +/- 0.0048
[2026-08-27 04:02:53]   target pool 1000 -> eligible 965 (35 already predicted as y_adv or dropped)
[2026-08-27 04:02:53]   chosen 5 targets (file), p_adv range 0.0000..0.0000
[2026-08-27 04:02:53]   targets: [821, 843, 1257, 1547, 4427]
[2026-08-27 04:02:53] === target 821 (1/5) ===
[2026-08-27 04:06:52]   target 821: crafted 250 poisons in 240 s, obj=0.32641
[2026-08-27 04:06:52]   target 821: realized linf = 0.03137 (8.00/255), budget = 8.00/255
[2026-08-27 04:07:43]   [t821 v1/4] fail (pred=bird) CTA=0.8073
[2026-08-27 04:08:33]   [t821 v2/4] fail (pred=bird) CTA=0.8149
[2026-08-27 04:09:23]   [t821 v3/4] fail (pred=bird) CTA=0.7995
[2026-08-27 04:10:13]   [t821 v4/4] SUCCESS (pred=dog) CTA=0.8071
[2026-08-27 04:10:13]   target 821, 4 victims on this gpu: ASR=25.0% CTA=0.8072 +/- 0.0054
[2026-08-27 04:10:13] === target 843 (2/5) ===
[2026-08-27 04:14:12]   target 843: crafted 250 poisons in 239 s, obj=0.34420
[2026-08-27 04:14:12]   target 843: realized linf = 0.03137 (8.00/255), budget = 8.00/255
[2026-08-27 04:15:03]   [t843 v1/4] fail (pred=bird) CTA=0.8068
[2026-08-27 04:15:53]   [t843 v2/4] fail (pred=bird) CTA=0.8032
[2026-08-27 04:16:43]   [t843 v3/4] SUCCESS (pred=dog) CTA=0.8099
[2026-08-27 04:17:33]   [t843 v4/4] fail (pred=bird) CTA=0.8175
[2026-08-27 04:17:33]   target 843, 4 victims on this gpu: ASR=25.0% CTA=0.8093 +/- 0.0053
[2026-08-27 04:17:33] === target 1257 (3/5) ===
[2026-08-27 04:21:32]   target 1257: crafted 250 poisons in 239 s, obj=0.27462
[2026-08-27 04:21:32]   target 1257: realized linf = 0.03137 (8.00/255), budget = 8.00/255
[2026-08-27 04:22:23]   [t1257 v1/4] fail (pred=bird) CTA=0.8066
[2026-08-27 04:23:13]   [t1257 v2/4] fail (pred=bird) CTA=0.8036
[2026-08-27 04:24:03]   [t1257 v3/4] fail (pred=bird) CTA=0.8076
[2026-08-27 04:24:53]   [t1257 v4/4] fail (pred=bird) CTA=0.8019
[2026-08-27 04:24:53]   target 1257, 4 victims on this gpu: ASR=0.0% CTA=0.8049 +/- 0.0023
[2026-08-27 04:24:53] === target 1547 (4/5) ===
[2026-08-27 04:28:52]   target 1547: crafted 250 poisons in 239 s, obj=0.43798
[2026-08-27 04:28:52]   target 1547: realized linf = 0.03137 (8.00/255), budget = 8.00/255
[2026-08-27 04:29:43]   [t1547 v1/4] fail (pred=airplane) CTA=0.8086
[2026-08-27 04:30:33]   [t1547 v2/4] fail (pred=bird) CTA=0.8097
[2026-08-27 04:31:23]   [t1547 v3/4] fail (pred=bird) CTA=0.7748
[2026-08-27 04:32:12]   [t1547 v4/4] fail (pred=bird) CTA=0.8087
[2026-08-27 04:32:12]   target 1547, 4 victims on this gpu: ASR=0.0% CTA=0.8004 +/- 0.0148
[2026-08-27 04:32:12] === target 4427 (5/5) ===
[2026-08-27 04:36:11]   target 4427: crafted 250 poisons in 239 s, obj=0.43713
[2026-08-27 04:36:11]   target 4427: realized linf = 0.03137 (8.00/255), budget = 8.00/255
[2026-08-27 04:37:02]   [t4427 v1/4] fail (pred=bird) CTA=0.8043
[2026-08-27 04:37:52]   [t4427 v2/4] fail (pred=bird) CTA=0.7999
[2026-08-27 04:38:42]   [t4427 v3/4] fail (pred=bird) CTA=0.8060
[2026-08-27 04:39:32]   [t4427 v4/4] fail (pred=bird) CTA=0.8025
[2026-08-27 04:39:32]   target 4427, 4 victims on this gpu: ASR=0.0% CTA=0.8032 +/- 0.0023
[2026-08-27 04:39:32] ==== CIFAR10_ConvNetBN_gradmatch_random_dog-bird_b0.005_eps8_seed42_selarchVGG13BN_K3_ce5_tgt70 : ASR = 10.0% +/- 12.2% | CTA = 0.8050 (baseline 0.8153) ====
[2026-08-27 04:39:32]   target-prediction tally ['airplane', 'automobile', 'bird', 'cat', 'deer', 'dog', 'frog', 'horse', 'ship', 'truck']: [1, 0, 17, 0, 0, 2, 0, 0, 0, 0]

=== cross-architecture sweep finished ===
sync: cross-architecture artifacts -> /home/mmoslem3/scratch/PoisonBase
sync: complete
