stage: optional directory absent: /home/mmoslem3/scratch/attack_if/last_night_H200_2026-08-26/ours_result/CIFAR10_VGG13BN_fc_ours_dog-bird_b0.005_eps8_seed42_lam1_cosine_K1_ce5_tgt3
stage: optional directory absent: /home/mmoslem3/scratch/attack_if/ours_result/CIFAR10_VGG13BN_fc_ours_dog-bird_b0.005_eps8_seed42_lam1_cosine_K1_ce5_tgt3
job: 5035027 cross_266_k1_fc_b0_005_svgg13_avgg13_greedy on kn005
work: /tmp/attack_if
config: SEL_K=1 BUDGET=0.005 ATTACKS=fc MODELS=VGG13BN SELECTOR_MODELS=VGG13BN SELECTIONS=greedy RUN_MATCHED=1 NUM_TARGETS=5 NUM_VICTIMS=4 sh cross_arch.sh
protocol: one cell, 5 targets x 4 victims
gpu: NVIDIA L40S
=== cross-architecture sweep ===
    A=V models : VGG13BN
    S models   : VGG13BN
    attacks    : fc (fc is BP)
    selections : greedy
    budget     : 0.005 (targets pinned from b0.005)
    protocol   : 5 targets x 4 victims, 20 surrogates
    selector K : 1
    Jacobian   : enabled=0 weight=1.0 batch=64

=== S=VGG13BN -> A=V=VGG13BN | fc | greedy ===
    targets=target_sets/xarch_VGG13BN_fc_dog-bird_b0.005.json (5), victims=4, surrogates=20
    Jacobian: disabled for Greedy in this table
[2026-08-27 06:32:32] === run start: CIFAR10_VGG13BN_fc_ours_dog-bird_b0.005_eps8_seed42_lam1_cosine_K1_ce5_tgt3 on cuda [0] ===
[2026-08-27 06:32:32] args: {"FORCE": false, "attack": "fc", "base": "ours", "base_dist": "cosine", "base_topr": null, "budget": 0.005, "cache_dir": "/tmp/attack_if/cache", "class_pair": "dog-bird", "clean_baseline": true, "craft_alpha": 0.0039216, "craft_aug": true, "craft_batch": 256, "craft_ensemble": 5, "craft_lowmem": false, "craft_schedule": false, "craft_steps": 250, "data_path": "/tmp/attack_if/data", "dataset": "CIFAR10", "dsa_strategy": "color_crop_cutout_flip_scale_rotate", "epsilon": 0.0313725, "fast_gradmatch": false, "fc_mode": "sample", "fc_restarts": 1, "gpus": "all", "jacobian_batch_size": 64, "jacobian_weight": 1.0, "lambda_margin": 1.0, "model": "VGG13BN", "no_resume": false, "num_poisons": 500, "num_surrogates": 20, "num_targets": 5, "num_victims": 4, "out_dir": "/tmp/attack_if/ours_result", "pair_order": "poison-target", "parallel_pretrain": true, "parallel_targets": true, "precompute_id": null, "precompute_only": false, "precompute_part": "both", "rank_on_victims": true, "recompute_deltas": false, "require_correct_target": false, "restarts": 8, "seed": 42, "sel_K": 1, "sel_alpha": 1.0, "sel_criterion": null, "sel_dpp": false, "sel_filter": false, "sel_mmr": false, "sel_mode": null, "sel_model": "VGG13BN", "sel_mu": 1.0, "sel_pca": false, "sel_pool": 3.0, "sharp_mode": "worst", "sharp_samples": 20, "sharp_sigma": 0.05, "steal_timeout": 7200.0, "surrogate_aug": false, "surrogate_bs": 128, "surrogate_decay": [35, 45], "surrogate_epochs": 60, "surrogate_lr": 0.1, "surrogate_wd": 0.0, "target_idx_file": "target_sets/xarch_VGG13BN_fc_dog-bird_b0.005.json", "target_select": 3, "use_jacobian_score": false, "victim_aug": false, "victim_bs": 125, "victim_decay": [40], "victim_epochs": 50, "victim_lr": 0.1, "victim_wd": 0.0}
[2026-08-27 06:32:32] Jacobian score: disabled
[2026-08-27 06:32:32] N_total=50000 budget=0.005 -> N_p=250 poisons, y_adv=5(dog) target_class=2(bird)
[2026-08-27 06:32:32] === surrogates (20 x VGG13BN, trained on the full real set) ===
[2026-08-27 06:32:33]   crafting on 5/20 surrogates
[2026-08-27 06:32:33] === clean victims (4 x VGG13BN) ===
[2026-08-27 06:32:35]   clean baseline CTA = 0.8426 +/- 0.0172
[2026-08-27 06:32:35]   target pool 1000 -> eligible 966 (34 already predicted as y_adv or dropped)
[2026-08-27 06:32:35]   chosen 5 targets (file), p_adv range 0.0029..0.2923
[2026-08-27 06:32:35]   targets: [2127, 2171, 2597, 3728, 4462]
[2026-08-27 06:32:35] === target 2127 (1/5) ===
[2026-08-27 06:32:43]   target 2127: crafted 250 poisons in 8 s, obj=0.00221
[2026-08-27 06:32:43]   target 2127: realized linf = 0.03137 (8.00/255), budget = 8.00/255
[2026-08-27 06:34:25]   [t2127 v1/4] fail (pred=airplane) CTA=0.8637
[2026-08-27 06:36:05]   [t2127 v2/4] fail (pred=deer) CTA=0.8416
[2026-08-27 06:37:44]   [t2127 v3/4] SUCCESS (pred=dog) CTA=0.8583
[2026-08-27 06:39:24]   [t2127 v4/4] SUCCESS (pred=dog) CTA=0.8608
[2026-08-27 06:39:24]   target 2127, 4 victims on this gpu: ASR=50.0% CTA=0.8561 +/- 0.0086
[2026-08-27 06:39:24] === target 2171 (2/5) ===
[2026-08-27 06:39:33]   target 2171: crafted 250 poisons in 9 s, obj=0.00230
[2026-08-27 06:39:33]   target 2171: realized linf = 0.03137 (8.00/255), budget = 8.00/255
[2026-08-27 06:41:15]   [t2171 v1/4] fail (pred=bird) CTA=0.8558
[2026-08-27 06:42:57]   [t2171 v2/4] fail (pred=cat) CTA=0.8548
[2026-08-27 06:44:38]   [t2171 v3/4] fail (pred=bird) CTA=0.8535
[2026-08-27 06:46:20]   [t2171 v4/4] SUCCESS (pred=dog) CTA=0.8534
[2026-08-27 06:46:20]   target 2171, 4 victims on this gpu: ASR=25.0% CTA=0.8544 +/- 0.0010
[2026-08-27 06:46:20] === target 2597 (3/5) ===
[2026-08-27 06:46:29]   target 2597: crafted 250 poisons in 9 s, obj=0.00230
[2026-08-27 06:46:29]   target 2597: realized linf = 0.03137 (8.00/255), budget = 8.00/255
[2026-08-27 06:48:11]   [t2597 v1/4] fail (pred=bird) CTA=0.8344
[2026-08-27 06:49:51]   [t2597 v2/4] fail (pred=bird) CTA=0.8500
[2026-08-27 06:51:31]   [t2597 v3/4] SUCCESS (pred=dog) CTA=0.8427
[2026-08-27 06:53:10]   [t2597 v4/4] SUCCESS (pred=dog) CTA=0.8457
[2026-08-27 06:53:10]   target 2597, 4 victims on this gpu: ASR=50.0% CTA=0.8432 +/- 0.0057
[2026-08-27 06:53:10] === target 3728 (4/5) ===
[2026-08-27 06:53:19]   target 3728: crafted 250 poisons in 9 s, obj=0.00240
[2026-08-27 06:53:19]   target 3728: realized linf = 0.03137 (8.00/255), budget = 8.00/255
[2026-08-27 06:55:01]   [t3728 v1/4] fail (pred=deer) CTA=0.8557
[2026-08-27 06:56:43]   [t3728 v2/4] fail (pred=deer) CTA=0.8449
[2026-08-27 06:58:25]   [t3728 v3/4] fail (pred=cat) CTA=0.8414
[2026-08-27 07:00:06]   [t3728 v4/4] fail (pred=deer) CTA=0.8566
[2026-08-27 07:00:06]   target 3728, 4 victims on this gpu: ASR=0.0% CTA=0.8497 +/- 0.0066
[2026-08-27 07:00:06] === target 4462 (5/5) ===
[2026-08-27 07:00:15]   target 4462: crafted 250 poisons in 9 s, obj=0.00296
[2026-08-27 07:00:15]   target 4462: realized linf = 0.03137 (8.00/255), budget = 8.00/255
[2026-08-27 07:01:57]   [t4462 v1/4] SUCCESS (pred=dog) CTA=0.8579
[2026-08-27 07:03:37]   [t4462 v2/4] SUCCESS (pred=dog) CTA=0.8570
[2026-08-27 07:05:17]   [t4462 v3/4] fail (pred=bird) CTA=0.8469
[2026-08-27 07:06:57]   [t4462 v4/4] fail (pred=bird) CTA=0.8593
[2026-08-27 07:06:57]   target 4462, 4 victims on this gpu: ASR=50.0% CTA=0.8553 +/- 0.0049
[2026-08-27 07:06:57] ==== CIFAR10_VGG13BN_fc_ours_dog-bird_b0.005_eps8_seed42_lam1_cosine_K1_ce5_tgt3 : ASR = 35.0% +/- 20.0% | CTA = 0.8517 (baseline 0.8426) ====
[2026-08-27 07:06:57]   target-prediction tally ['airplane', 'automobile', 'bird', 'cat', 'deer', 'dog', 'frog', 'horse', 'ship', 'truck']: [1, 0, 6, 2, 4, 7, 0, 0, 0, 0]

=== cross-architecture sweep finished ===
sync: cross-architecture artifacts -> /home/mmoslem3/scratch/attack_if
sync: complete
