stage: optional directory absent: /home/mmoslem3/scratch/attack_if/last_night_H200_2026-08-26/ours_result/CIFAR10_VGG13BN_gradmatch_ours_dog-bird_b0.002_eps8_seed42_lam1_cosine_selarchConvNetBN_K1_ce5_tgt50
stage: optional directory absent: /home/mmoslem3/scratch/attack_if/ours_result/CIFAR10_VGG13BN_gradmatch_ours_dog-bird_b0.002_eps8_seed42_lam1_cosine_selarchConvNetBN_K1_ce5_tgt50
job: 5034845 cross_098_k1_gradmatch_b0_002_sconvnet_avgg13_greedy on kn129
work: /tmp/attack_if
config: SEL_K=1 BUDGET=0.002 ATTACKS=gradmatch MODELS=VGG13BN SELECTOR_MODELS=ConvNetBN SELECTIONS=greedy RUN_MATCHED=1 NUM_TARGETS=5 NUM_VICTIMS=4 sh cross_arch.sh
protocol: one cell, 5 targets x 4 victims
gpu: NVIDIA L40S
=== cross-architecture sweep ===
    A=V models : VGG13BN
    S models   : ConvNetBN
    attacks    : gradmatch (fc is BP)
    selections : greedy
    budget     : 0.002 (targets pinned from b0.005)
    protocol   : 5 targets x 4 victims, 20 surrogates
    selector K : 1
    Jacobian   : enabled=0 weight=1.0 batch=64

=== S=ConvNetBN -> A=V=VGG13BN | gradmatch | greedy ===
    targets=target_sets/xarch_VGG13BN_gradmatch_dog-bird_b0.005.json (5), victims=4, surrogates=20
    Jacobian: disabled for Greedy in this table
[2026-08-26 16:18:18] === run start: CIFAR10_VGG13BN_gradmatch_ours_dog-bird_b0.002_eps8_seed42_lam1_cosine_selarchConvNetBN_K1_ce5_tgt50 on cuda [0] ===
[2026-08-26 16:18:18] args: {"FORCE": false, "attack": "gradmatch", "base": "ours", "base_dist": "cosine", "base_topr": null, "budget": 0.002, "cache_dir": "/tmp/attack_if/cache", "class_pair": "dog-bird", "clean_baseline": true, "craft_alpha": 0.0039216, "craft_aug": true, "craft_batch": 256, "craft_ensemble": 5, "craft_lowmem": true, "craft_schedule": false, "craft_steps": 250, "data_path": "/tmp/attack_if/data", "dataset": "CIFAR10", "dsa_strategy": "color_crop_cutout_flip_scale_rotate", "epsilon": 0.0313725, "fast_gradmatch": true, "fc_mode": "sample", "fc_restarts": 1, "gpus": "all", "jacobian_batch_size": 64, "jacobian_weight": 1.0, "lambda_margin": 1.0, "model": "VGG13BN", "no_resume": false, "num_poisons": 500, "num_surrogates": 20, "num_targets": 5, "num_victims": 4, "out_dir": "/tmp/attack_if/ours_result", "pair_order": "poison-target", "parallel_pretrain": true, "parallel_targets": true, "precompute_id": null, "precompute_only": false, "precompute_part": "both", "rank_on_victims": true, "recompute_deltas": false, "require_correct_target": false, "restarts": 8, "seed": 42, "sel_K": 1, "sel_alpha": 1.0, "sel_criterion": null, "sel_dpp": false, "sel_filter": false, "sel_mmr": false, "sel_mode": null, "sel_model": "ConvNetBN", "sel_mu": 1.0, "sel_pca": false, "sel_pool": 3.0, "sharp_mode": "worst", "sharp_samples": 20, "sharp_sigma": 0.05, "steal_timeout": 7200.0, "surrogate_aug": false, "surrogate_bs": 128, "surrogate_decay": [35, 45], "surrogate_epochs": 60, "surrogate_lr": 0.1, "surrogate_wd": 0.0, "target_idx_file": "target_sets/xarch_VGG13BN_gradmatch_dog-bird_b0.005.json", "target_select": 50, "use_jacobian_score": false, "victim_aug": false, "victim_bs": 125, "victim_decay": [40], "victim_epochs": 50, "victim_lr": 0.1, "victim_wd": 0.0}
[2026-08-26 16:18:18] Jacobian score: disabled
[2026-08-26 16:18:18] N_total=50000 budget=0.002 -> N_p=100 poisons, y_adv=5(dog) target_class=2(bird)
[2026-08-26 16:18:18] === surrogates (20 x VGG13BN, trained on the full real set) ===
[2026-08-26 16:18:20]   crafting on 5/20 surrogates
[2026-08-26 16:18:20] === selection surrogates (20 x ConvNetBN, cross-architecture) ===
[2026-08-26 16:18:20] === clean victims (4 x VGG13BN) ===
[2026-08-26 16:18:21]   clean baseline CTA = 0.8426 +/- 0.0172
[2026-08-26 16:18:21]   target pool 1000 -> eligible 966 (34 already predicted as y_adv or dropped)
[2026-08-26 16:18:21]   chosen 5 targets (file), p_adv range 0.0000..0.0000
[2026-08-26 16:18:21]   targets: [409, 630, 1656, 2270, 5022]
[2026-08-26 16:18:21] === target 409 (1/5) ===
[2026-08-26 16:21:43]   target 409: crafted 100 poisons in 201 s, obj=0.23939
[2026-08-26 16:21:43]   target 409: realized linf = 0.03137 (8.00/255), budget = 8.00/255
[2026-08-26 16:23:24]   [t409 v1/4] SUCCESS (pred=dog) CTA=0.8519
[2026-08-26 16:25:05]   [t409 v2/4] SUCCESS (pred=dog) CTA=0.8523
[2026-08-26 16:26:46]   [t409 v3/4] SUCCESS (pred=dog) CTA=0.8520
[2026-08-26 16:28:27]   [t409 v4/4] SUCCESS (pred=dog) CTA=0.8539
[2026-08-26 16:28:27]   target 409, 4 victims on this gpu: ASR=100.0% CTA=0.8525 +/- 0.0008
[2026-08-26 16:28:27] === target 630 (2/5) ===
[2026-08-26 16:31:46]   target 630: crafted 100 poisons in 199 s, obj=0.28633
[2026-08-26 16:31:46]   target 630: realized linf = 0.03137 (8.00/255), budget = 8.00/255
[2026-08-26 16:33:27]   [t630 v1/4] fail (pred=ship) CTA=0.8645
[2026-08-26 16:35:08]   [t630 v2/4] SUCCESS (pred=dog) CTA=0.8440
[2026-08-26 16:36:49]   [t630 v3/4] SUCCESS (pred=dog) CTA=0.8514
[2026-08-26 16:38:30]   [t630 v4/4] fail (pred=ship) CTA=0.8558
[2026-08-26 16:38:30]   target 630, 4 victims on this gpu: ASR=50.0% CTA=0.8539 +/- 0.0074
[2026-08-26 16:38:30] === target 1656 (3/5) ===
[2026-08-26 16:41:52]   target 1656: crafted 100 poisons in 202 s, obj=0.25541
[2026-08-26 16:41:52]   target 1656: realized linf = 0.03137 (8.00/255), budget = 8.00/255
[2026-08-26 16:43:33]   [t1656 v1/4] SUCCESS (pred=dog) CTA=0.8424
[2026-08-26 16:45:15]   [t1656 v2/4] SUCCESS (pred=dog) CTA=0.8468
[2026-08-26 16:46:56]   [t1656 v3/4] SUCCESS (pred=dog) CTA=0.8518
[2026-08-26 16:48:37]   [t1656 v4/4] SUCCESS (pred=dog) CTA=0.8600
[2026-08-26 16:48:37]   target 1656, 4 victims on this gpu: ASR=100.0% CTA=0.8502 +/- 0.0065
[2026-08-26 16:48:37] === target 2270 (4/5) ===
[2026-08-26 16:51:58]   target 2270: crafted 100 poisons in 201 s, obj=0.27487
[2026-08-26 16:51:58]   target 2270: realized linf = 0.03137 (8.00/255), budget = 8.00/255
[2026-08-26 16:53:39]   [t2270 v1/4] SUCCESS (pred=dog) CTA=0.8577
[2026-08-26 16:55:20]   [t2270 v2/4] SUCCESS (pred=dog) CTA=0.8582
[2026-08-26 16:57:01]   [t2270 v3/4] fail (pred=cat) CTA=0.8305
[2026-08-26 16:58:42]   [t2270 v4/4] SUCCESS (pred=dog) CTA=0.8619
[2026-08-26 16:58:42]   target 2270, 4 victims on this gpu: ASR=75.0% CTA=0.8521 +/- 0.0126
[2026-08-26 16:58:42] === target 5022 (5/5) ===
[2026-08-26 17:02:12]   target 5022: crafted 100 poisons in 210 s, obj=0.25298
[2026-08-26 17:02:12]   target 5022: realized linf = 0.03137 (8.00/255), budget = 8.00/255
[2026-08-26 17:03:54]   [t5022 v1/4] SUCCESS (pred=dog) CTA=0.8600
[2026-08-26 17:05:35]   [t5022 v2/4] SUCCESS (pred=dog) CTA=0.8592
[2026-08-26 17:07:16]   [t5022 v3/4] SUCCESS (pred=dog) CTA=0.8554
[2026-08-26 17:08:57]   [t5022 v4/4] SUCCESS (pred=dog) CTA=0.8538
[2026-08-26 17:08:57]   target 5022, 4 victims on this gpu: ASR=100.0% CTA=0.8571 +/- 0.0026
[2026-08-26 17:08:57] ==== CIFAR10_VGG13BN_gradmatch_ours_dog-bird_b0.002_eps8_seed42_lam1_cosine_selarchConvNetBN_K1_ce5_tgt50 : ASR = 85.0% +/- 20.0% | CTA = 0.8532 (baseline 0.8426) ====
[2026-08-26 17:08:57]   target-prediction tally ['airplane', 'automobile', 'bird', 'cat', 'deer', 'dog', 'frog', 'horse', 'ship', 'truck']: [0, 0, 0, 1, 0, 17, 0, 0, 2, 0]

=== cross-architecture sweep finished ===
sync: cross-architecture artifacts -> /home/mmoslem3/scratch/attack_if
sync: complete
