environment modules unavailable; using /home/mmoslem3/ENV directly
stage: optional directory absent: /home/mmoslem3/scratch/PoisonBase/last_night_H200_2026-08-26/ours_result/CIFAR10_ResNet20BN_fc_ours_dog-bird_b0.005_eps8_seed42_lam1_cosine_selarchVGG13BN_ce5_tgt10
stage: optional directory absent: /home/mmoslem3/scratch/PoisonBase/ours_result/CIFAR10_ResNet20BN_fc_ours_dog-bird_b0.005_eps8_seed42_lam1_cosine_selarchVGG13BN_ce5_tgt10
job: 632583 cross_300_k20_fc_b0_005_svgg13_aresnet20_greedy on rack01-10
work: /tmp/attack_if
config: SEL_K=20 BUDGET=0.005 ATTACKS=fc MODELS=ResNet20BN SELECTOR_MODELS=VGG13BN SELECTIONS=greedy RUN_MATCHED=1 NUM_TARGETS=5 NUM_VICTIMS=4 sh cross_arch.sh
protocol: one cell, 5 targets x 4 victims
gpu: NVIDIA L40S
=== cross-architecture sweep ===
    A=V models : ResNet20BN
    S models   : VGG13BN
    attacks    : fc (fc is BP)
    selections : greedy
    budget     : 0.005 (targets pinned from b0.005)
    protocol   : 5 targets x 4 victims, 20 surrogates
    selector K : 20
    Jacobian   : enabled=0 weight=1.0 batch=64

=== S=VGG13BN -> A=V=ResNet20BN | fc | greedy ===
    targets=target_sets/xarch_ResNet20BN_fc_dog-bird_b0.005.json (5), victims=4, surrogates=20
    Jacobian: disabled for Greedy in this table
[2026-08-27 04:22:37] === run start: CIFAR10_ResNet20BN_fc_ours_dog-bird_b0.005_eps8_seed42_lam1_cosine_selarchVGG13BN_ce5_tgt10 on cuda [0] ===
[2026-08-27 04:22:37] args: {"FORCE": false, "attack": "fc", "base": "ours", "base_dist": "cosine", "base_topr": null, "budget": 0.005, "cache_dir": "/tmp/attack_if/cache", "class_pair": "dog-bird", "clean_baseline": true, "craft_alpha": 0.0039216, "craft_aug": true, "craft_batch": 256, "craft_ensemble": 5, "craft_lowmem": false, "craft_schedule": false, "craft_steps": 250, "data_path": "/tmp/attack_if/data", "dataset": "CIFAR10", "dsa_strategy": "color_crop_cutout_flip_scale_rotate", "epsilon": 0.0313725, "fast_gradmatch": false, "fc_mode": "sample", "fc_restarts": 1, "gpus": "all", "jacobian_batch_size": 64, "jacobian_weight": 1.0, "lambda_margin": 1.0, "model": "ResNet20BN", "no_resume": false, "num_poisons": 500, "num_surrogates": 20, "num_targets": 5, "num_victims": 4, "out_dir": "/tmp/attack_if/ours_result", "pair_order": "poison-target", "parallel_pretrain": true, "parallel_targets": true, "precompute_id": null, "precompute_only": false, "precompute_part": "both", "rank_on_victims": true, "recompute_deltas": false, "require_correct_target": false, "restarts": 8, "seed": 42, "sel_K": null, "sel_alpha": 1.0, "sel_criterion": null, "sel_dpp": false, "sel_filter": false, "sel_mmr": false, "sel_mode": null, "sel_model": "VGG13BN", "sel_mu": 1.0, "sel_pca": false, "sel_pool": 3.0, "sharp_mode": "worst", "sharp_samples": 20, "sharp_sigma": 0.05, "steal_timeout": 7200.0, "surrogate_aug": false, "surrogate_bs": 128, "surrogate_decay": [35, 45], "surrogate_epochs": 60, "surrogate_lr": 0.1, "surrogate_wd": 0.0, "target_idx_file": "target_sets/xarch_ResNet20BN_fc_dog-bird_b0.005.json", "target_select": 10, "use_jacobian_score": false, "victim_aug": false, "victim_bs": 125, "victim_decay": [40], "victim_epochs": 50, "victim_lr": 0.1, "victim_wd": 0.0}
[2026-08-27 04:22:37] Jacobian score: disabled
[2026-08-27 04:22:37] N_total=50000 budget=0.005 -> N_p=250 poisons, y_adv=5(dog) target_class=2(bird)
[2026-08-27 04:22:37] === surrogates (20 x ResNet20BN, trained on the full real set) ===
[2026-08-27 04:22:38]   crafting on 5/20 surrogates
[2026-08-27 04:22:38] === selection surrogates (20 x VGG13BN, cross-architecture) ===
[2026-08-27 04:22:39] === clean victims (4 x ResNet20BN) ===
[2026-08-27 04:22:40]   clean baseline CTA = 0.8354 +/- 0.0051
[2026-08-27 04:22:40]   target pool 1000 -> eligible 974 (26 already predicted as y_adv or dropped)
[2026-08-27 04:22:40]   chosen 5 targets (file), p_adv range 0.0000..0.2725
[2026-08-27 04:22:40]   targets: [2242, 2312, 2315, 2903, 3495]
[2026-08-27 04:22:40] === target 2242 (1/5) ===
[2026-08-27 04:22:48]   target 2242: crafted 250 poisons in 5 s, obj=0.01923
[2026-08-27 04:22:48]   target 2242: realized linf = 0.03137 (8.00/255), budget = 8.00/255
[2026-08-27 04:24:24]   [t2242 v1/4] SUCCESS (pred=dog) CTA=0.8391
[2026-08-27 04:25:59]   [t2242 v2/4] SUCCESS (pred=dog) CTA=0.8378
[2026-08-27 04:27:35]   [t2242 v3/4] fail (pred=cat) CTA=0.8303
[2026-08-27 04:29:11]   [t2242 v4/4] fail (pred=cat) CTA=0.8406
[2026-08-27 04:29:11]   target 2242, 4 victims on this gpu: ASR=50.0% CTA=0.8370 +/- 0.0040
[2026-08-27 04:29:11] === target 2312 (2/5) ===
[2026-08-27 04:29:18]   target 2312: crafted 250 poisons in 5 s, obj=0.01763
[2026-08-27 04:29:18]   target 2312: realized linf = 0.03137 (8.00/255), budget = 8.00/255
[2026-08-27 04:30:54]   [t2312 v1/4] fail (pred=bird) CTA=0.8313
[2026-08-27 04:32:30]   [t2312 v2/4] fail (pred=bird) CTA=0.8397
[2026-08-27 04:34:06]   [t2312 v3/4] SUCCESS (pred=dog) CTA=0.8408
[2026-08-27 04:35:42]   [t2312 v4/4] fail (pred=bird) CTA=0.8431
[2026-08-27 04:35:42]   target 2312, 4 victims on this gpu: ASR=25.0% CTA=0.8387 +/- 0.0045
[2026-08-27 04:35:42] === target 2315 (3/5) ===
[2026-08-27 04:35:49]   target 2315: crafted 250 poisons in 5 s, obj=0.02028
[2026-08-27 04:35:49]   target 2315: realized linf = 0.03137 (8.00/255), budget = 8.00/255
[2026-08-27 04:37:25]   [t2315 v1/4] fail (pred=bird) CTA=0.8373
[2026-08-27 04:39:01]   [t2315 v2/4] fail (pred=horse) CTA=0.8312
[2026-08-27 04:40:37]   [t2315 v3/4] fail (pred=bird) CTA=0.8360
[2026-08-27 04:42:13]   [t2315 v4/4] fail (pred=bird) CTA=0.8365
[2026-08-27 04:42:13]   target 2315, 4 victims on this gpu: ASR=0.0% CTA=0.8353 +/- 0.0024
[2026-08-27 04:42:13] === target 2903 (4/5) ===
[2026-08-27 04:42:21]   target 2903: crafted 250 poisons in 5 s, obj=0.02152
[2026-08-27 04:42:21]   target 2903: realized linf = 0.03137 (8.00/255), budget = 8.00/255
[2026-08-27 04:43:57]   [t2903 v1/4] fail (pred=bird) CTA=0.8401
[2026-08-27 04:45:32]   [t2903 v2/4] fail (pred=bird) CTA=0.8416
[2026-08-27 04:47:08]   [t2903 v3/4] fail (pred=bird) CTA=0.8321
[2026-08-27 04:48:44]   [t2903 v4/4] fail (pred=bird) CTA=0.8393
[2026-08-27 04:48:44]   target 2903, 4 victims on this gpu: ASR=0.0% CTA=0.8383 +/- 0.0037
[2026-08-27 04:48:44] === target 3495 (5/5) ===
[2026-08-27 04:48:52]   target 3495: crafted 250 poisons in 5 s, obj=0.01492
[2026-08-27 04:48:52]   target 3495: realized linf = 0.03137 (8.00/255), budget = 8.00/255
[2026-08-27 04:50:28]   [t3495 v1/4] fail (pred=bird) CTA=0.8310
[2026-08-27 04:52:04]   [t3495 v2/4] SUCCESS (pred=dog) CTA=0.8363
[2026-08-27 04:53:39]   [t3495 v3/4] SUCCESS (pred=dog) CTA=0.8417
[2026-08-27 04:55:15]   [t3495 v4/4] SUCCESS (pred=dog) CTA=0.8393
[2026-08-27 04:55:15]   target 3495, 4 victims on this gpu: ASR=75.0% CTA=0.8371 +/- 0.0040
[2026-08-27 04:55:15] ==== CIFAR10_ResNet20BN_fc_ours_dog-bird_b0.005_eps8_seed42_lam1_cosine_selarchVGG13BN_ce5_tgt10 : ASR = 30.0% +/- 29.2% | CTA = 0.8373 (baseline 0.8354) ====
[2026-08-27 04:55:15]   target-prediction tally ['airplane', 'automobile', 'bird', 'cat', 'deer', 'dog', 'frog', 'horse', 'ship', 'truck']: [0, 0, 11, 2, 0, 6, 0, 1, 0, 0]

=== cross-architecture sweep finished ===
sync: cross-architecture artifacts -> /home/mmoslem3/scratch/PoisonBase
sync: complete
