stage: optional directory absent: /home/mmoslem3/scratch/attack_if/last_night_H200_2026-08-26/ours_result/CIFAR10_ResNet20BN_fc_ours_dog-bird_b0.002_eps8_seed42_lam1_cosine_seldpp2_K1_ce5_tgt10
stage: optional directory absent: /home/mmoslem3/scratch/attack_if/ours_result/CIFAR10_ResNet20BN_fc_ours_dog-bird_b0.002_eps8_seed42_lam1_cosine_seldpp2_K1_ce5_tgt10
job: 5034767 cross_028_k1_fc_b0_002_sresnet20_aresnet20_dpp on kn035
work: /tmp/attack_if
config: SEL_K=1 BUDGET=0.002 ATTACKS=fc MODELS=ResNet20BN SELECTOR_MODELS=ResNet20BN SELECTIONS=dpp RUN_MATCHED=1 NUM_TARGETS=5 NUM_VICTIMS=4 sh cross_arch.sh
protocol: one cell, 5 targets x 4 victims
gpu: NVIDIA L40S
=== cross-architecture sweep ===
    A=V models : ResNet20BN
    S models   : ResNet20BN
    attacks    : fc (fc is BP)
    selections : dpp
    budget     : 0.002 (targets pinned from b0.005)
    protocol   : 5 targets x 4 victims, 20 surrogates
    selector K : 1
    Jacobian   : enabled=0 weight=1.0 batch=64

=== S=ResNet20BN -> A=V=ResNet20BN | fc | dpp ===
    targets=target_sets/xarch_ResNet20BN_fc_dog-bird_b0.005.json (5), victims=4, surrogates=20
    Jacobian: enabled=0 weight=1.0 batch=64
[2026-08-26 13:44:49] === run start: CIFAR10_ResNet20BN_fc_ours_dog-bird_b0.002_eps8_seed42_lam1_cosine_seldpp2_K1_ce5_tgt10 on cuda [0] ===
[2026-08-26 13:44:49] args: {"FORCE": false, "attack": "fc", "base": "ours", "base_dist": "cosine", "base_topr": null, "budget": 0.002, "cache_dir": "/tmp/attack_if/cache", "class_pair": "dog-bird", "clean_baseline": true, "craft_alpha": 0.0039216, "craft_aug": true, "craft_batch": 256, "craft_ensemble": 5, "craft_lowmem": false, "craft_schedule": false, "craft_steps": 250, "data_path": "/tmp/attack_if/data", "dataset": "CIFAR10", "dsa_strategy": "color_crop_cutout_flip_scale_rotate", "epsilon": 0.0313725, "fast_gradmatch": false, "fc_mode": "sample", "fc_restarts": 1, "gpus": "all", "jacobian_batch_size": 64, "jacobian_weight": 1.0, "lambda_margin": 1.0, "model": "ResNet20BN", "no_resume": false, "num_poisons": 500, "num_surrogates": 20, "num_targets": 5, "num_victims": 4, "out_dir": "/tmp/attack_if/ours_result", "pair_order": "poison-target", "parallel_pretrain": true, "parallel_targets": true, "precompute_id": null, "precompute_only": false, "precompute_part": "both", "rank_on_victims": true, "recompute_deltas": false, "require_correct_target": false, "restarts": 8, "seed": 42, "sel_K": 1, "sel_alpha": 2.0, "sel_criterion": null, "sel_dpp": true, "sel_filter": false, "sel_mmr": false, "sel_mode": "dpp", "sel_model": "ResNet20BN", "sel_mu": 1.0, "sel_pca": false, "sel_pool": 3.0, "sharp_mode": "worst", "sharp_samples": 20, "sharp_sigma": 0.05, "steal_timeout": 7200.0, "surrogate_aug": false, "surrogate_bs": 128, "surrogate_decay": [35, 45], "surrogate_epochs": 60, "surrogate_lr": 0.1, "surrogate_wd": 0.0, "target_idx_file": "target_sets/xarch_ResNet20BN_fc_dog-bird_b0.005.json", "target_select": 10, "use_jacobian_score": false, "victim_aug": false, "victim_bs": 125, "victim_decay": [40], "victim_epochs": 50, "victim_lr": 0.1, "victim_wd": 0.0}
[2026-08-26 13:44:49] Jacobian score: disabled
[2026-08-26 13:44:49] N_total=50000 budget=0.002 -> N_p=100 poisons, y_adv=5(dog) target_class=2(bird)
[2026-08-26 13:44:49] === surrogates (20 x ResNet20BN, trained on the full real set) ===
[2026-08-26 13:44:50]   crafting on 5/20 surrogates
[2026-08-26 13:44:50] === clean victims (4 x ResNet20BN) ===
[2026-08-26 13:44:51]   clean baseline CTA = 0.8387 +/- 0.0013
[2026-08-26 13:44:51]   target pool 1000 -> eligible 974 (26 already predicted as y_adv or dropped)
[2026-08-26 13:44:51]   chosen 5 targets (file), p_adv range 0.0000..0.0592
[2026-08-26 13:44:51]   targets: [2242, 2312, 2315, 2903, 3495]
[2026-08-26 13:44:51] === target 2242 (1/5) ===
[2026-08-26 13:44:57]   target 2242: crafted 100 poisons in 5 s, obj=0.01821
[2026-08-26 13:44:57]   target 2242: realized linf = 0.03137 (8.00/255), budget = 8.00/255
[2026-08-26 13:47:08]   [t2242 v1/4] fail (pred=cat) CTA=0.8391
[2026-08-26 13:49:18]   [t2242 v2/4] fail (pred=frog) CTA=0.8301
[2026-08-26 13:51:29]   [t2242 v3/4] fail (pred=cat) CTA=0.8321
[2026-08-26 13:53:40]   [t2242 v4/4] fail (pred=cat) CTA=0.8329
[2026-08-26 13:53:40]   target 2242, 4 victims on this gpu: ASR=0.0% CTA=0.8336 +/- 0.0034
[2026-08-26 13:53:40] === target 2312 (2/5) ===
[2026-08-26 13:53:45]   target 2312: crafted 100 poisons in 5 s, obj=0.01650
[2026-08-26 13:53:45]   target 2312: realized linf = 0.03137 (8.00/255), budget = 8.00/255
[2026-08-26 13:55:57]   [t2312 v1/4] fail (pred=bird) CTA=0.8342
[2026-08-26 13:58:08]   [t2312 v2/4] fail (pred=frog) CTA=0.8373
[2026-08-26 14:00:19]   [t2312 v3/4] fail (pred=bird) CTA=0.8338
[2026-08-26 14:02:30]   [t2312 v4/4] fail (pred=bird) CTA=0.8355
[2026-08-26 14:02:30]   target 2312, 4 victims on this gpu: ASR=0.0% CTA=0.8352 +/- 0.0014
[2026-08-26 14:02:30] === target 2315 (3/5) ===
[2026-08-26 14:02:35]   target 2315: crafted 100 poisons in 5 s, obj=0.01952
[2026-08-26 14:02:35]   target 2315: realized linf = 0.03137 (8.00/255), budget = 8.00/255
[2026-08-26 14:04:46]   [t2315 v1/4] fail (pred=bird) CTA=0.8373
[2026-08-26 14:06:57]   [t2315 v2/4] fail (pred=bird) CTA=0.8383
[2026-08-26 14:09:07]   [t2315 v3/4] fail (pred=bird) CTA=0.8381
[2026-08-26 14:11:18]   [t2315 v4/4] fail (pred=bird) CTA=0.8368
[2026-08-26 14:11:18]   target 2315, 4 victims on this gpu: ASR=0.0% CTA=0.8376 +/- 0.0006
[2026-08-26 14:11:18] === target 2903 (4/5) ===
[2026-08-26 14:11:23]   target 2903: crafted 100 poisons in 5 s, obj=0.01869
[2026-08-26 14:11:23]   target 2903: realized linf = 0.03137 (8.00/255), budget = 8.00/255
[2026-08-26 14:13:33]   [t2903 v1/4] fail (pred=bird) CTA=0.8357
[2026-08-26 14:15:44]   [t2903 v2/4] fail (pred=bird) CTA=0.8361
[2026-08-26 14:17:54]   [t2903 v3/4] fail (pred=ship) CTA=0.8407
[2026-08-26 14:20:05]   [t2903 v4/4] fail (pred=bird) CTA=0.8390
[2026-08-26 14:20:05]   target 2903, 4 victims on this gpu: ASR=0.0% CTA=0.8379 +/- 0.0021
[2026-08-26 14:20:05] === target 3495 (5/5) ===
[2026-08-26 14:20:10]   target 3495: crafted 100 poisons in 5 s, obj=0.01596
[2026-08-26 14:20:10]   target 3495: realized linf = 0.03137 (8.00/255), budget = 8.00/255
[2026-08-26 14:22:21]   [t3495 v1/4] fail (pred=bird) CTA=0.8392
[2026-08-26 14:24:32]   [t3495 v2/4] SUCCESS (pred=dog) CTA=0.8343
[2026-08-26 14:26:42]   [t3495 v3/4] SUCCESS (pred=dog) CTA=0.8350
[2026-08-26 14:28:53]   [t3495 v4/4] fail (pred=cat) CTA=0.8310
[2026-08-26 14:28:53]   target 3495, 4 victims on this gpu: ASR=50.0% CTA=0.8349 +/- 0.0029
[2026-08-26 14:28:53] ==== CIFAR10_ResNet20BN_fc_ours_dog-bird_b0.002_eps8_seed42_lam1_cosine_seldpp2_K1_ce5_tgt10 : ASR = 10.0% +/- 20.0% | CTA = 0.8358 (baseline 0.8387) ====
[2026-08-26 14:28:53]   target-prediction tally ['airplane', 'automobile', 'bird', 'cat', 'deer', 'dog', 'frog', 'horse', 'ship', 'truck']: [0, 0, 11, 4, 0, 2, 2, 0, 1, 0]

=== cross-architecture sweep finished ===
sync: cross-architecture artifacts -> /home/mmoslem3/scratch/attack_if
sync: complete
