stage: optional directory absent: /home/mmoslem3/scratch/attack_if/last_night_H200_2026-08-26/ours_result/CIFAR10_ConvNetBN_fc_ours_dog-bird_b0.002_eps8_seed42_lam1_cosine_selarchResNet20BN_K3_ce5_tgt50
stage: optional directory absent: /home/mmoslem3/scratch/attack_if/ours_result/CIFAR10_ConvNetBN_fc_ours_dog-bird_b0.002_eps8_seed42_lam1_cosine_selarchResNet20BN_K3_ce5_tgt50
job: 5034786 cross_045_k3_fc_b0_002_sresnet20_aconvnet_greedy on kn122
work: /tmp/attack_if
config: SEL_K=3 BUDGET=0.002 ATTACKS=fc MODELS=ConvNetBN SELECTOR_MODELS=ResNet20BN SELECTIONS=greedy RUN_MATCHED=1 NUM_TARGETS=5 NUM_VICTIMS=4 sh cross_arch.sh
protocol: one cell, 5 targets x 4 victims
gpu: NVIDIA L40S
=== cross-architecture sweep ===
    A=V models : ConvNetBN
    S models   : ResNet20BN
    attacks    : fc (fc is BP)
    selections : greedy
    budget     : 0.002 (targets pinned from b0.005)
    protocol   : 5 targets x 4 victims, 20 surrogates
    selector K : 3
    Jacobian   : enabled=0 weight=1.0 batch=64

=== S=ResNet20BN -> A=V=ConvNetBN | fc | greedy ===
    targets=target_sets/xarch_ConvNetBN_fc_dog-bird_b0.005.json (5), victims=4, surrogates=20
    Jacobian: disabled for Greedy in this table
[2026-08-26 13:32:46] === run start: CIFAR10_ConvNetBN_fc_ours_dog-bird_b0.002_eps8_seed42_lam1_cosine_selarchResNet20BN_K3_ce5_tgt50 on cuda [0] ===
[2026-08-26 13:32:46] args: {"FORCE": false, "attack": "fc", "base": "ours", "base_dist": "cosine", "base_topr": null, "budget": 0.002, "cache_dir": "/tmp/attack_if/cache", "class_pair": "dog-bird", "clean_baseline": true, "craft_alpha": 0.0039216, "craft_aug": true, "craft_batch": 256, "craft_ensemble": 5, "craft_lowmem": false, "craft_schedule": false, "craft_steps": 250, "data_path": "/tmp/attack_if/data", "dataset": "CIFAR10", "dsa_strategy": "color_crop_cutout_flip_scale_rotate", "epsilon": 0.0313725, "fast_gradmatch": false, "fc_mode": "sample", "fc_restarts": 1, "gpus": "all", "jacobian_batch_size": 64, "jacobian_weight": 1.0, "lambda_margin": 1.0, "model": "ConvNetBN", "no_resume": false, "num_poisons": 500, "num_surrogates": 20, "num_targets": 5, "num_victims": 4, "out_dir": "/tmp/attack_if/ours_result", "pair_order": "poison-target", "parallel_pretrain": true, "parallel_targets": true, "precompute_id": null, "precompute_only": false, "precompute_part": "both", "rank_on_victims": true, "recompute_deltas": false, "require_correct_target": false, "restarts": 8, "seed": 42, "sel_K": 3, "sel_alpha": 1.0, "sel_criterion": null, "sel_dpp": false, "sel_filter": false, "sel_mmr": false, "sel_mode": null, "sel_model": "ResNet20BN", "sel_mu": 1.0, "sel_pca": false, "sel_pool": 3.0, "sharp_mode": "worst", "sharp_samples": 20, "sharp_sigma": 0.05, "steal_timeout": 7200.0, "surrogate_aug": false, "surrogate_bs": 128, "surrogate_decay": [35, 45], "surrogate_epochs": 60, "surrogate_lr": 0.1, "surrogate_wd": 0.0, "target_idx_file": "target_sets/xarch_ConvNetBN_fc_dog-bird_b0.005.json", "target_select": 50, "use_jacobian_score": false, "victim_aug": false, "victim_bs": 125, "victim_decay": [40], "victim_epochs": 50, "victim_lr": 0.1, "victim_wd": 0.0}
[2026-08-26 13:32:46] Jacobian score: disabled
[2026-08-26 13:32:46] N_total=50000 budget=0.002 -> N_p=100 poisons, y_adv=5(dog) target_class=2(bird)
[2026-08-26 13:32:46] === surrogates (20 x ConvNetBN, trained on the full real set) ===
[2026-08-26 13:32:46]   crafting on 5/20 surrogates
[2026-08-26 13:32:46] === selection surrogates (20 x ResNet20BN, cross-architecture) ===
[2026-08-26 13:32:47] === clean victims (4 x ConvNetBN) ===
[2026-08-26 13:32:47]   clean baseline CTA = 0.8132 +/- 0.0049
[2026-08-26 13:32:47]   target pool 1000 -> eligible 962 (38 already predicted as y_adv or dropped)
[2026-08-26 13:32:48]   chosen 5 targets (file), p_adv range 0.0000..0.0012
[2026-08-26 13:32:48]   targets: [2540, 3725, 3875, 5169, 5705]
[2026-08-26 13:32:48] === target 2540 (1/5) ===
[2026-08-26 13:32:49]   target 2540: crafted 100 poisons in 2 s, obj=0.16840
[2026-08-26 13:32:49]   target 2540: realized linf = 0.03137 (8.00/255), budget = 8.00/255
[2026-08-26 13:33:39]   [t2540 v1/4] fail (pred=bird) CTA=0.8088
[2026-08-26 13:34:29]   [t2540 v2/4] SUCCESS (pred=dog) CTA=0.7635
[2026-08-26 13:35:19]   [t2540 v3/4] fail (pred=bird) CTA=0.8051
[2026-08-26 13:36:09]   [t2540 v4/4] SUCCESS (pred=dog) CTA=0.8021
[2026-08-26 13:36:09]   target 2540, 4 victims on this gpu: ASR=50.0% CTA=0.7949 +/- 0.0183
[2026-08-26 13:36:09] === target 3725 (2/5) ===
[2026-08-26 13:36:11]   target 3725: crafted 100 poisons in 2 s, obj=0.24007
[2026-08-26 13:36:11]   target 3725: realized linf = 0.03137 (8.00/255), budget = 8.00/255
[2026-08-26 13:37:02]   [t3725 v1/4] fail (pred=bird) CTA=0.8060
[2026-08-26 13:37:52]   [t3725 v2/4] fail (pred=bird) CTA=0.8007
[2026-08-26 13:38:42]   [t3725 v3/4] SUCCESS (pred=dog) CTA=0.7986
[2026-08-26 13:39:32]   [t3725 v4/4] fail (pred=bird) CTA=0.7935
[2026-08-26 13:39:32]   target 3725, 4 victims on this gpu: ASR=25.0% CTA=0.7997 +/- 0.0045
[2026-08-26 13:39:32] === target 3875 (3/5) ===
[2026-08-26 13:39:34]   target 3875: crafted 100 poisons in 2 s, obj=0.19232
[2026-08-26 13:39:34]   target 3875: realized linf = 0.03137 (8.00/255), budget = 8.00/255
[2026-08-26 13:40:25]   [t3875 v1/4] SUCCESS (pred=dog) CTA=0.8036
[2026-08-26 13:41:16]   [t3875 v2/4] fail (pred=bird) CTA=0.8059
[2026-08-26 13:42:06]   [t3875 v3/4] fail (pred=bird) CTA=0.8075
[2026-08-26 13:42:56]   [t3875 v4/4] fail (pred=bird) CTA=0.7895
[2026-08-26 13:42:56]   target 3875, 4 victims on this gpu: ASR=25.0% CTA=0.8016 +/- 0.0071
[2026-08-26 13:42:56] === target 5169 (4/5) ===
[2026-08-26 13:42:58]   target 5169: crafted 100 poisons in 2 s, obj=0.10235
[2026-08-26 13:42:58]   target 5169: realized linf = 0.03137 (8.00/255), budget = 8.00/255
[2026-08-26 13:43:49]   [t5169 v1/4] fail (pred=bird) CTA=0.7857
[2026-08-26 13:44:39]   [t5169 v2/4] fail (pred=bird) CTA=0.7912
[2026-08-26 13:45:29]   [t5169 v3/4] SUCCESS (pred=dog) CTA=0.8060
[2026-08-26 13:46:19]   [t5169 v4/4] SUCCESS (pred=dog) CTA=0.8157
[2026-08-26 13:46:19]   target 5169, 4 victims on this gpu: ASR=50.0% CTA=0.7997 +/- 0.0119
[2026-08-26 13:46:19] === target 5705 (5/5) ===
[2026-08-26 13:46:21]   target 5705: crafted 100 poisons in 2 s, obj=0.09273
[2026-08-26 13:46:21]   target 5705: realized linf = 0.03137 (8.00/255), budget = 8.00/255
[2026-08-26 13:47:12]   [t5705 v1/4] fail (pred=bird) CTA=0.8046
[2026-08-26 13:48:02]   [t5705 v2/4] fail (pred=bird) CTA=0.8130
[2026-08-26 13:48:52]   [t5705 v3/4] fail (pred=bird) CTA=0.7951
[2026-08-26 13:49:43]   [t5705 v4/4] fail (pred=bird) CTA=0.8001
[2026-08-26 13:49:43]   target 5705, 4 victims on this gpu: ASR=0.0% CTA=0.8032 +/- 0.0066
[2026-08-26 13:49:43] ==== CIFAR10_ConvNetBN_fc_ours_dog-bird_b0.002_eps8_seed42_lam1_cosine_selarchResNet20BN_K3_ce5_tgt50 : ASR = 30.0% +/- 18.7% | CTA = 0.7998 (baseline 0.8132) ====
[2026-08-26 13:49:43]   target-prediction tally ['airplane', 'automobile', 'bird', 'cat', 'deer', 'dog', 'frog', 'horse', 'ship', 'truck']: [0, 0, 14, 0, 0, 6, 0, 0, 0, 0]

=== cross-architecture sweep finished ===
sync: cross-architecture artifacts -> /home/mmoslem3/scratch/attack_if
sync: complete
