environment modules unavailable; using /home/mmoslem3/ENV directly
stage: optional directory absent: /home/mmoslem3/scratch/PoisonBase/last_night_H200_2026-08-26/ours_result/CIFAR10_ConvNetBN_gradmatch_ours_dog-bird_b0.005_eps8_seed42_lam1_cosine_seldpp2_selarchVGG13BN_K3_ce5_tgt70
stage: optional directory absent: /home/mmoslem3/scratch/PoisonBase/ours_result/CIFAR10_ConvNetBN_gradmatch_ours_dog-bird_b0.005_eps8_seed42_lam1_cosine_seldpp2_selarchVGG13BN_K3_ce5_tgt70
job: 632544 cross_347_k3_gradmatch_b0_005_svgg13_aconvnet_dpp on rack15-14
work: /tmp/attack_if
config: SEL_K=3 BUDGET=0.005 ATTACKS=gradmatch MODELS=ConvNetBN SELECTOR_MODELS=VGG13BN SELECTIONS=dpp RUN_MATCHED=1 NUM_TARGETS=5 NUM_VICTIMS=4 sh cross_arch.sh
protocol: one cell, 5 targets x 4 victims
gpu: NVIDIA L40S
=== cross-architecture sweep ===
    A=V models : ConvNetBN
    S models   : VGG13BN
    attacks    : gradmatch (fc is BP)
    selections : dpp
    budget     : 0.005 (targets pinned from b0.005)
    protocol   : 5 targets x 4 victims, 20 surrogates
    selector K : 3
    Jacobian   : enabled=0 weight=1.0 batch=64

=== S=VGG13BN -> A=V=ConvNetBN | gradmatch | dpp ===
    targets=target_sets/xarch_ConvNetBN_gradmatch_dog-bird_b0.005.json (5), victims=4, surrogates=20
    Jacobian: enabled=0 weight=1.0 batch=64
[2026-08-27 04:03:48] === run start: CIFAR10_ConvNetBN_gradmatch_ours_dog-bird_b0.005_eps8_seed42_lam1_cosine_seldpp2_selarchVGG13BN_K3_ce5_tgt70 on cuda [0] ===
[2026-08-27 04:03:48] args: {"FORCE": false, "attack": "gradmatch", "base": "ours", "base_dist": "cosine", "base_topr": null, "budget": 0.005, "cache_dir": "/tmp/attack_if/cache", "class_pair": "dog-bird", "clean_baseline": true, "craft_alpha": 0.0039216, "craft_aug": true, "craft_batch": 256, "craft_ensemble": 5, "craft_lowmem": false, "craft_schedule": false, "craft_steps": 250, "data_path": "/tmp/attack_if/data", "dataset": "CIFAR10", "dsa_strategy": "color_crop_cutout_flip_scale_rotate", "epsilon": 0.0313725, "fast_gradmatch": false, "fc_mode": "sample", "fc_restarts": 1, "gpus": "all", "jacobian_batch_size": 64, "jacobian_weight": 1.0, "lambda_margin": 1.0, "model": "ConvNetBN", "no_resume": false, "num_poisons": 500, "num_surrogates": 20, "num_targets": 5, "num_victims": 4, "out_dir": "/tmp/attack_if/ours_result", "pair_order": "poison-target", "parallel_pretrain": true, "parallel_targets": true, "precompute_id": null, "precompute_only": false, "precompute_part": "both", "rank_on_victims": true, "recompute_deltas": false, "require_correct_target": false, "restarts": 8, "seed": 42, "sel_K": 3, "sel_alpha": 2.0, "sel_criterion": null, "sel_dpp": true, "sel_filter": false, "sel_mmr": false, "sel_mode": "dpp", "sel_model": "VGG13BN", "sel_mu": 1.0, "sel_pca": false, "sel_pool": 3.0, "sharp_mode": "worst", "sharp_samples": 20, "sharp_sigma": 0.05, "steal_timeout": 7200.0, "surrogate_aug": false, "surrogate_bs": 128, "surrogate_decay": [35, 45], "surrogate_epochs": 60, "surrogate_lr": 0.1, "surrogate_wd": 0.0, "target_idx_file": "target_sets/xarch_ConvNetBN_gradmatch_dog-bird_b0.005.json", "target_select": 70, "use_jacobian_score": false, "victim_aug": false, "victim_bs": 125, "victim_decay": [40], "victim_epochs": 50, "victim_lr": 0.1, "victim_wd": 0.0}
[2026-08-27 04:03:48] Jacobian score: disabled
[2026-08-27 04:03:48] N_total=50000 budget=0.005 -> N_p=250 poisons, y_adv=5(dog) target_class=2(bird)
[2026-08-27 04:03:48] === surrogates (20 x ConvNetBN, trained on the full real set) ===
[2026-08-27 04:03:48]   crafting on 5/20 surrogates
[2026-08-27 04:03:48] === selection surrogates (20 x VGG13BN, cross-architecture) ===
[2026-08-27 04:03:49] === clean victims (4 x ConvNetBN) ===
[2026-08-27 04:03:49]   clean baseline CTA = 0.8153 +/- 0.0048
[2026-08-27 04:03:50]   target pool 1000 -> eligible 965 (35 already predicted as y_adv or dropped)
[2026-08-27 04:03:50]   chosen 5 targets (file), p_adv range 0.0000..0.0000
[2026-08-27 04:03:50]   targets: [821, 843, 1257, 1547, 4427]
[2026-08-27 04:03:50] === target 821 (1/5) ===
[2026-08-27 04:07:49]   target 821: crafted 250 poisons in 239 s, obj=0.30960
[2026-08-27 04:07:49]   target 821: realized linf = 0.03137 (8.00/255), budget = 8.00/255
[2026-08-27 04:08:40]   [t821 v1/4] fail (pred=bird) CTA=0.8056
[2026-08-27 04:09:31]   [t821 v2/4] SUCCESS (pred=dog) CTA=0.8097
[2026-08-27 04:10:23]   [t821 v3/4] fail (pred=horse) CTA=0.8055
[2026-08-27 04:11:15]   [t821 v4/4] fail (pred=bird) CTA=0.8084
[2026-08-27 04:11:15]   target 821, 4 victims on this gpu: ASR=25.0% CTA=0.8073 +/- 0.0018
[2026-08-27 04:11:15] === target 843 (2/5) ===
[2026-08-27 04:15:14]   target 843: crafted 250 poisons in 238 s, obj=0.31047
[2026-08-27 04:15:14]   target 843: realized linf = 0.03137 (8.00/255), budget = 8.00/255
[2026-08-27 04:16:05]   [t843 v1/4] fail (pred=bird) CTA=0.8092
[2026-08-27 04:16:57]   [t843 v2/4] SUCCESS (pred=dog) CTA=0.8102
[2026-08-27 04:17:48]   [t843 v3/4] SUCCESS (pred=dog) CTA=0.8028
[2026-08-27 04:18:40]   [t843 v4/4] fail (pred=bird) CTA=0.8134
[2026-08-27 04:18:40]   target 843, 4 victims on this gpu: ASR=50.0% CTA=0.8089 +/- 0.0038
[2026-08-27 04:18:40] === target 1257 (3/5) ===
[2026-08-27 04:22:39]   target 1257: crafted 250 poisons in 238 s, obj=0.26198
[2026-08-27 04:22:39]   target 1257: realized linf = 0.03137 (8.00/255), budget = 8.00/255
[2026-08-27 04:23:30]   [t1257 v1/4] fail (pred=bird) CTA=0.7976
[2026-08-27 04:24:22]   [t1257 v2/4] fail (pred=bird) CTA=0.8058
[2026-08-27 04:25:13]   [t1257 v3/4] fail (pred=bird) CTA=0.8110
[2026-08-27 04:26:05]   [t1257 v4/4] SUCCESS (pred=dog) CTA=0.8037
[2026-08-27 04:26:05]   target 1257, 4 victims on this gpu: ASR=25.0% CTA=0.8045 +/- 0.0048
[2026-08-27 04:26:05] === target 1547 (4/5) ===
[2026-08-27 04:30:04]   target 1547: crafted 250 poisons in 238 s, obj=0.37540
[2026-08-27 04:30:04]   target 1547: realized linf = 0.03137 (8.00/255), budget = 8.00/255
[2026-08-27 04:30:55]   [t1547 v1/4] fail (pred=airplane) CTA=0.8054
[2026-08-27 04:31:47]   [t1547 v2/4] fail (pred=bird) CTA=0.8110
[2026-08-27 04:32:39]   [t1547 v3/4] fail (pred=bird) CTA=0.7696
[2026-08-27 04:33:31]   [t1547 v4/4] fail (pred=bird) CTA=0.8098
[2026-08-27 04:33:31]   target 1547, 4 victims on this gpu: ASR=0.0% CTA=0.7990 +/- 0.0171
[2026-08-27 04:33:31] === target 4427 (5/5) ===
[2026-08-27 04:37:30]   target 4427: crafted 250 poisons in 238 s, obj=0.40762
[2026-08-27 04:37:30]   target 4427: realized linf = 0.03137 (8.00/255), budget = 8.00/255
[2026-08-27 04:38:21]   [t4427 v1/4] fail (pred=bird) CTA=0.8133
[2026-08-27 04:39:12]   [t4427 v2/4] SUCCESS (pred=dog) CTA=0.7991
[2026-08-27 04:40:04]   [t4427 v3/4] fail (pred=bird) CTA=0.8036
[2026-08-27 04:40:56]   [t4427 v4/4] fail (pred=bird) CTA=0.8032
[2026-08-27 04:40:56]   target 4427, 4 victims on this gpu: ASR=25.0% CTA=0.8048 +/- 0.0052
[2026-08-27 04:40:56] ==== CIFAR10_ConvNetBN_gradmatch_ours_dog-bird_b0.005_eps8_seed42_lam1_cosine_seldpp2_selarchVGG13BN_K3_ce5_tgt70 : ASR = 25.0% +/- 15.8% | CTA = 0.8049 (baseline 0.8153) ====
[2026-08-27 04:40:56]   target-prediction tally ['airplane', 'automobile', 'bird', 'cat', 'deer', 'dog', 'frog', 'horse', 'ship', 'truck']: [1, 0, 13, 0, 0, 5, 0, 1, 0, 0]

=== cross-architecture sweep finished ===
sync: cross-architecture artifacts -> /home/mmoslem3/scratch/PoisonBase
sync: complete
