stage: optional directory absent: /home/mmoslem3/scratch/attack_if/last_night_H200_2026-08-26/ours_result/CIFAR10_ConvNetBN_sapa_ours_dog-bird_b0.002_eps8_seed42_lam1_cosine_selarchResNet20BN_K1_worst0.05_ce5_tgt70
stage: optional directory absent: /home/mmoslem3/scratch/attack_if/ours_result/CIFAR10_ConvNetBN_sapa_ours_dog-bird_b0.002_eps8_seed42_lam1_cosine_selarchResNet20BN_K1_worst0.05_ce5_tgt70
job: 5034935 cross_180_k1_sapa_b0_002_sresnet20_aconvnet_greedy on kn135
work: /tmp/attack_if
config: SEL_K=1 BUDGET=0.002 ATTACKS=sapa MODELS=ConvNetBN SELECTOR_MODELS=ResNet20BN SELECTIONS=greedy RUN_MATCHED=1 NUM_TARGETS=5 NUM_VICTIMS=4 sh cross_arch.sh
protocol: one cell, 5 targets x 4 victims
gpu: NVIDIA L40S
=== cross-architecture sweep ===
    A=V models : ConvNetBN
    S models   : ResNet20BN
    attacks    : sapa (fc is BP)
    selections : greedy
    budget     : 0.002 (targets pinned from b0.005)
    protocol   : 5 targets x 4 victims, 20 surrogates
    selector K : 1
    Jacobian   : enabled=0 weight=1.0 batch=64

=== S=ResNet20BN -> A=V=ConvNetBN | sapa | greedy ===
    targets=target_sets/xarch_ConvNetBN_gradmatch_dog-bird_b0.005.json (5), victims=4, surrogates=20
    Jacobian: disabled for Greedy in this table
[2026-08-26 21:37:33] === run start: CIFAR10_ConvNetBN_sapa_ours_dog-bird_b0.002_eps8_seed42_lam1_cosine_selarchResNet20BN_K1_worst0.05_ce5_tgt70 on cuda [0] ===
[2026-08-26 21:37:33] args: {"FORCE": false, "attack": "sapa", "base": "ours", "base_dist": "cosine", "base_topr": null, "budget": 0.002, "cache_dir": "/tmp/attack_if/cache", "class_pair": "dog-bird", "clean_baseline": true, "craft_alpha": 0.0039216, "craft_aug": true, "craft_batch": 256, "craft_ensemble": 5, "craft_lowmem": false, "craft_schedule": false, "craft_steps": 250, "data_path": "/tmp/attack_if/data", "dataset": "CIFAR10", "dsa_strategy": "color_crop_cutout_flip_scale_rotate", "epsilon": 0.0313725, "fast_gradmatch": false, "fc_mode": "sample", "fc_restarts": 1, "gpus": "all", "jacobian_batch_size": 64, "jacobian_weight": 1.0, "lambda_margin": 1.0, "model": "ConvNetBN", "no_resume": false, "num_poisons": 500, "num_surrogates": 20, "num_targets": 5, "num_victims": 4, "out_dir": "/tmp/attack_if/ours_result", "pair_order": "poison-target", "parallel_pretrain": true, "parallel_targets": true, "precompute_id": null, "precompute_only": false, "precompute_part": "both", "rank_on_victims": true, "recompute_deltas": false, "require_correct_target": false, "restarts": 8, "seed": 42, "sel_K": 1, "sel_alpha": 1.0, "sel_criterion": null, "sel_dpp": false, "sel_filter": false, "sel_mmr": false, "sel_mode": null, "sel_model": "ResNet20BN", "sel_mu": 1.0, "sel_pca": false, "sel_pool": 3.0, "sharp_mode": "worst", "sharp_samples": 20, "sharp_sigma": 0.05, "steal_timeout": 7200.0, "surrogate_aug": false, "surrogate_bs": 128, "surrogate_decay": [35, 45], "surrogate_epochs": 60, "surrogate_lr": 0.1, "surrogate_wd": 0.0, "target_idx_file": "target_sets/xarch_ConvNetBN_gradmatch_dog-bird_b0.005.json", "target_select": 70, "use_jacobian_score": false, "victim_aug": false, "victim_bs": 125, "victim_decay": [40], "victim_epochs": 50, "victim_lr": 0.1, "victim_wd": 0.0}
[2026-08-26 21:37:33] Jacobian score: disabled
[2026-08-26 21:37:33] N_total=50000 budget=0.002 -> N_p=100 poisons, y_adv=5(dog) target_class=2(bird)
[2026-08-26 21:37:33] === surrogates (20 x ConvNetBN, trained on the full real set) ===
[2026-08-26 21:37:33]   crafting on 5/20 surrogates
[2026-08-26 21:37:33] === selection surrogates (20 x ResNet20BN, cross-architecture) ===
[2026-08-26 21:37:34] === clean victims (4 x ConvNetBN) ===
[2026-08-26 21:37:35]   clean baseline CTA = 0.8132 +/- 0.0049
[2026-08-26 21:37:35]   target pool 1000 -> eligible 962 (38 already predicted as y_adv or dropped)
[2026-08-26 21:37:35]   chosen 5 targets (file), p_adv range 0.0000..0.0000
[2026-08-26 21:37:35]   targets: [821, 843, 1257, 1547, 4427]
[2026-08-26 21:37:35] === target 821 (1/5) ===
[2026-08-26 21:38:57]   target 821: crafted 100 poisons in 82 s, obj=0.32314
[2026-08-26 21:38:57]   target 821: realized linf = 0.03137 (8.00/255), budget = 8.00/255
[2026-08-26 21:39:49]   [t821 v1/4] fail (pred=bird) CTA=0.8068
[2026-08-26 21:40:39]   [t821 v2/4] fail (pred=bird) CTA=0.8107
[2026-08-26 21:41:29]   [t821 v3/4] fail (pred=horse) CTA=0.7935
[2026-08-26 21:42:19]   [t821 v4/4] fail (pred=bird) CTA=0.8067
[2026-08-26 21:42:19]   target 821, 4 victims on this gpu: ASR=0.0% CTA=0.8044 +/- 0.0065
[2026-08-26 21:42:19] === target 843 (2/5) ===
[2026-08-26 21:43:40]   target 843: crafted 100 poisons in 81 s, obj=0.31232
[2026-08-26 21:43:40]   target 843: realized linf = 0.03137 (8.00/255), budget = 8.00/255
[2026-08-26 21:44:32]   [t843 v1/4] fail (pred=bird) CTA=0.8078
[2026-08-26 21:45:22]   [t843 v2/4] fail (pred=bird) CTA=0.7980
[2026-08-26 21:46:12]   [t843 v3/4] SUCCESS (pred=dog) CTA=0.8035
[2026-08-26 21:47:02]   [t843 v4/4] fail (pred=bird) CTA=0.8092
[2026-08-26 21:47:02]   target 843, 4 victims on this gpu: ASR=25.0% CTA=0.8046 +/- 0.0044
[2026-08-26 21:47:02] === target 1257 (3/5) ===
[2026-08-26 21:48:22]   target 1257: crafted 100 poisons in 81 s, obj=0.26381
[2026-08-26 21:48:22]   target 1257: realized linf = 0.03137 (8.00/255), budget = 8.00/255
[2026-08-26 21:49:14]   [t1257 v1/4] fail (pred=bird) CTA=0.8019
[2026-08-26 21:50:04]   [t1257 v2/4] fail (pred=deer) CTA=0.8106
[2026-08-26 21:50:54]   [t1257 v3/4] fail (pred=bird) CTA=0.8120
[2026-08-26 21:51:44]   [t1257 v4/4] fail (pred=bird) CTA=0.8011
[2026-08-26 21:51:44]   target 1257, 4 victims on this gpu: ASR=0.0% CTA=0.8064 +/- 0.0049
[2026-08-26 21:51:44] === target 1547 (4/5) ===
[2026-08-26 21:53:05]   target 1547: crafted 100 poisons in 81 s, obj=0.39344
[2026-08-26 21:53:05]   target 1547: realized linf = 0.03137 (8.00/255), budget = 8.00/255
[2026-08-26 21:53:56]   [t1547 v1/4] fail (pred=airplane) CTA=0.8097
[2026-08-26 21:54:46]   [t1547 v2/4] fail (pred=bird) CTA=0.8172
[2026-08-26 21:55:36]   [t1547 v3/4] fail (pred=bird) CTA=0.7702
[2026-08-26 21:56:26]   [t1547 v4/4] fail (pred=airplane) CTA=0.8095
[2026-08-26 21:56:26]   target 1547, 4 victims on this gpu: ASR=0.0% CTA=0.8016 +/- 0.0184
[2026-08-26 21:56:26] === target 4427 (5/5) ===
[2026-08-26 21:57:47]   target 4427: crafted 100 poisons in 81 s, obj=0.41912
[2026-08-26 21:57:47]   target 4427: realized linf = 0.03137 (8.00/255), budget = 8.00/255
[2026-08-26 21:58:39]   [t4427 v1/4] fail (pred=bird) CTA=0.8088
[2026-08-26 21:59:29]   [t4427 v2/4] fail (pred=bird) CTA=0.8108
[2026-08-26 22:00:19]   [t4427 v3/4] fail (pred=bird) CTA=0.8039
[2026-08-26 22:01:09]   [t4427 v4/4] fail (pred=bird) CTA=0.8011
[2026-08-26 22:01:09]   target 4427, 4 victims on this gpu: ASR=0.0% CTA=0.8061 +/- 0.0038
[2026-08-26 22:01:09] ==== CIFAR10_ConvNetBN_sapa_ours_dog-bird_b0.002_eps8_seed42_lam1_cosine_selarchResNet20BN_K1_worst0.05_ce5_tgt70 : ASR = 5.0% +/- 10.0% | CTA = 0.8047 (baseline 0.8132) ====
[2026-08-26 22:01:09]   target-prediction tally ['airplane', 'automobile', 'bird', 'cat', 'deer', 'dog', 'frog', 'horse', 'ship', 'truck']: [2, 0, 15, 0, 1, 1, 0, 1, 0, 0]

=== cross-architecture sweep finished ===
sync: cross-architecture artifacts -> /home/mmoslem3/scratch/attack_if
sync: complete
