stage: optional directory absent: /home/mmoslem3/scratch/attack_if/last_night_H200_2026-08-26/ours_result/CIFAR10_ConvNetBN_gradmatch_ours_dog-bird_b0.002_eps8_seed42_lam1_cosine_K1_ce5_tgt70
stage: optional directory absent: /home/mmoslem3/scratch/attack_if/ours_result/CIFAR10_ConvNetBN_gradmatch_ours_dog-bird_b0.002_eps8_seed42_lam1_cosine_K1_ce5_tgt70
job: 5034843 cross_096_k1_gradmatch_b0_002_sconvnet_aconvnet_greedy on kn109
work: /tmp/attack_if
config: SEL_K=1 BUDGET=0.002 ATTACKS=gradmatch MODELS=ConvNetBN SELECTOR_MODELS=ConvNetBN SELECTIONS=greedy RUN_MATCHED=1 NUM_TARGETS=5 NUM_VICTIMS=4 sh cross_arch.sh
protocol: one cell, 5 targets x 4 victims
gpu: NVIDIA L40S
=== cross-architecture sweep ===
    A=V models : ConvNetBN
    S models   : ConvNetBN
    attacks    : gradmatch (fc is BP)
    selections : greedy
    budget     : 0.002 (targets pinned from b0.005)
    protocol   : 5 targets x 4 victims, 20 surrogates
    selector K : 1
    Jacobian   : enabled=0 weight=1.0 batch=64

=== S=ConvNetBN -> A=V=ConvNetBN | gradmatch | greedy ===
    targets=target_sets/xarch_ConvNetBN_gradmatch_dog-bird_b0.005.json (5), victims=4, surrogates=20
    Jacobian: disabled for Greedy in this table
[2026-08-26 15:12:35] === run start: CIFAR10_ConvNetBN_gradmatch_ours_dog-bird_b0.002_eps8_seed42_lam1_cosine_K1_ce5_tgt70 on cuda [0] ===
[2026-08-26 15:12:35] args: {"FORCE": false, "attack": "gradmatch", "base": "ours", "base_dist": "cosine", "base_topr": null, "budget": 0.002, "cache_dir": "/tmp/attack_if/cache", "class_pair": "dog-bird", "clean_baseline": true, "craft_alpha": 0.0039216, "craft_aug": true, "craft_batch": 256, "craft_ensemble": 5, "craft_lowmem": false, "craft_schedule": false, "craft_steps": 250, "data_path": "/tmp/attack_if/data", "dataset": "CIFAR10", "dsa_strategy": "color_crop_cutout_flip_scale_rotate", "epsilon": 0.0313725, "fast_gradmatch": false, "fc_mode": "sample", "fc_restarts": 1, "gpus": "all", "jacobian_batch_size": 64, "jacobian_weight": 1.0, "lambda_margin": 1.0, "model": "ConvNetBN", "no_resume": false, "num_poisons": 500, "num_surrogates": 20, "num_targets": 5, "num_victims": 4, "out_dir": "/tmp/attack_if/ours_result", "pair_order": "poison-target", "parallel_pretrain": true, "parallel_targets": true, "precompute_id": null, "precompute_only": false, "precompute_part": "both", "rank_on_victims": true, "recompute_deltas": false, "require_correct_target": false, "restarts": 8, "seed": 42, "sel_K": 1, "sel_alpha": 1.0, "sel_criterion": null, "sel_dpp": false, "sel_filter": false, "sel_mmr": false, "sel_mode": null, "sel_model": "ConvNetBN", "sel_mu": 1.0, "sel_pca": false, "sel_pool": 3.0, "sharp_mode": "worst", "sharp_samples": 20, "sharp_sigma": 0.05, "steal_timeout": 7200.0, "surrogate_aug": false, "surrogate_bs": 128, "surrogate_decay": [35, 45], "surrogate_epochs": 60, "surrogate_lr": 0.1, "surrogate_wd": 0.0, "target_idx_file": "target_sets/xarch_ConvNetBN_gradmatch_dog-bird_b0.005.json", "target_select": 70, "use_jacobian_score": false, "victim_aug": false, "victim_bs": 125, "victim_decay": [40], "victim_epochs": 50, "victim_lr": 0.1, "victim_wd": 0.0}
[2026-08-26 15:12:35] Jacobian score: disabled
[2026-08-26 15:12:35] N_total=50000 budget=0.002 -> N_p=100 poisons, y_adv=5(dog) target_class=2(bird)
[2026-08-26 15:12:35] === surrogates (20 x ConvNetBN, trained on the full real set) ===
[2026-08-26 15:12:35]   crafting on 5/20 surrogates
[2026-08-26 15:12:35] === clean victims (4 x ConvNetBN) ===
[2026-08-26 15:12:35]   clean baseline CTA = 0.8132 +/- 0.0049
[2026-08-26 15:12:35]   target pool 1000 -> eligible 962 (38 already predicted as y_adv or dropped)
[2026-08-26 15:12:35]   chosen 5 targets (file), p_adv range 0.0000..0.0000
[2026-08-26 15:12:35]   targets: [821, 843, 1257, 1547, 4427]
[2026-08-26 15:12:35] === target 821 (1/5) ===
[2026-08-26 15:13:58]   target 821: crafted 100 poisons in 82 s, obj=0.28473
[2026-08-26 15:13:58]   target 821: realized linf = 0.03137 (8.00/255), budget = 8.00/255
[2026-08-26 15:14:49]   [t821 v1/4] fail (pred=horse) CTA=0.8072
[2026-08-26 15:15:39]   [t821 v2/4] SUCCESS (pred=dog) CTA=0.8124
[2026-08-26 15:16:30]   [t821 v3/4] SUCCESS (pred=dog) CTA=0.8035
[2026-08-26 15:17:20]   [t821 v4/4] SUCCESS (pred=dog) CTA=0.8047
[2026-08-26 15:17:20]   target 821, 4 victims on this gpu: ASR=75.0% CTA=0.8070 +/- 0.0034
[2026-08-26 15:17:20] === target 843 (2/5) ===
[2026-08-26 15:18:41]   target 843: crafted 100 poisons in 82 s, obj=0.28140
[2026-08-26 15:18:41]   target 843: realized linf = 0.03137 (8.00/255), budget = 8.00/255
[2026-08-26 15:19:33]   [t843 v1/4] fail (pred=bird) CTA=0.8081
[2026-08-26 15:20:23]   [t843 v2/4] fail (pred=bird) CTA=0.8022
[2026-08-26 15:21:13]   [t843 v3/4] fail (pred=bird) CTA=0.8143
[2026-08-26 15:22:03]   [t843 v4/4] fail (pred=bird) CTA=0.8113
[2026-08-26 15:22:03]   target 843, 4 victims on this gpu: ASR=0.0% CTA=0.8090 +/- 0.0045
[2026-08-26 15:22:03] === target 1257 (3/5) ===
[2026-08-26 15:23:25]   target 1257: crafted 100 poisons in 82 s, obj=0.23014
[2026-08-26 15:23:25]   target 1257: realized linf = 0.03137 (8.00/255), budget = 8.00/255
[2026-08-26 15:24:17]   [t1257 v1/4] SUCCESS (pred=dog) CTA=0.7978
[2026-08-26 15:25:07]   [t1257 v2/4] fail (pred=bird) CTA=0.8054
[2026-08-26 15:25:57]   [t1257 v3/4] SUCCESS (pred=dog) CTA=0.8149
[2026-08-26 15:26:47]   [t1257 v4/4] SUCCESS (pred=dog) CTA=0.8060
[2026-08-26 15:26:47]   target 1257, 4 victims on this gpu: ASR=75.0% CTA=0.8060 +/- 0.0061
[2026-08-26 15:26:47] === target 1547 (4/5) ===
[2026-08-26 15:28:08]   target 1547: crafted 100 poisons in 82 s, obj=0.34107
[2026-08-26 15:28:08]   target 1547: realized linf = 0.03137 (8.00/255), budget = 8.00/255
[2026-08-26 15:29:00]   [t1547 v1/4] fail (pred=airplane) CTA=0.8051
[2026-08-26 15:29:50]   [t1547 v2/4] fail (pred=bird) CTA=0.8129
[2026-08-26 15:30:40]   [t1547 v3/4] fail (pred=bird) CTA=0.7852
[2026-08-26 15:31:29]   [t1547 v4/4] fail (pred=bird) CTA=0.8092
[2026-08-26 15:31:29]   target 1547, 4 victims on this gpu: ASR=0.0% CTA=0.8031 +/- 0.0107
[2026-08-26 15:31:29] === target 4427 (5/5) ===
[2026-08-26 15:32:51]   target 4427: crafted 100 poisons in 81 s, obj=0.35963
[2026-08-26 15:32:51]   target 4427: realized linf = 0.03137 (8.00/255), budget = 8.00/255
[2026-08-26 15:33:42]   [t4427 v1/4] fail (pred=bird) CTA=0.8090
[2026-08-26 15:34:32]   [t4427 v2/4] fail (pred=bird) CTA=0.8086
[2026-08-26 15:35:22]   [t4427 v3/4] fail (pred=bird) CTA=0.8077
[2026-08-26 15:36:12]   [t4427 v4/4] fail (pred=bird) CTA=0.8049
[2026-08-26 15:36:12]   target 4427, 4 victims on this gpu: ASR=0.0% CTA=0.8075 +/- 0.0016
[2026-08-26 15:36:12] ==== CIFAR10_ConvNetBN_gradmatch_ours_dog-bird_b0.002_eps8_seed42_lam1_cosine_K1_ce5_tgt70 : ASR = 30.0% +/- 36.7% | CTA = 0.8065 (baseline 0.8132) ====
[2026-08-26 15:36:12]   target-prediction tally ['airplane', 'automobile', 'bird', 'cat', 'deer', 'dog', 'frog', 'horse', 'ship', 'truck']: [1, 0, 12, 0, 0, 6, 0, 1, 0, 0]

=== cross-architecture sweep finished ===
sync: cross-architecture artifacts -> /home/mmoslem3/scratch/attack_if
sync: complete
