stage: optional directory absent: /home/mmoslem3/scratch/attack_if/last_night_H200_2026-08-26/ours_result/CIFAR10_ConvNetBN_fc_ours_dog-bird_b0.005_eps8_seed42_lam1_cosine_K1_ce5_tgt50
stage: optional directory absent: /home/mmoslem3/scratch/attack_if/ours_result/CIFAR10_ConvNetBN_fc_ours_dog-bird_b0.005_eps8_seed42_lam1_cosine_K1_ce5_tgt50
job: 5035019 cross_258_k1_fc_b0_005_sconvnet_aconvnet_greedy on kn015
work: /tmp/attack_if
config: SEL_K=1 BUDGET=0.005 ATTACKS=fc MODELS=ConvNetBN SELECTOR_MODELS=ConvNetBN SELECTIONS=greedy RUN_MATCHED=1 NUM_TARGETS=5 NUM_VICTIMS=4 sh cross_arch.sh
protocol: one cell, 5 targets x 4 victims
gpu: NVIDIA L40S
=== cross-architecture sweep ===
    A=V models : ConvNetBN
    S models   : ConvNetBN
    attacks    : fc (fc is BP)
    selections : greedy
    budget     : 0.005 (targets pinned from b0.005)
    protocol   : 5 targets x 4 victims, 20 surrogates
    selector K : 1
    Jacobian   : enabled=0 weight=1.0 batch=64

=== S=ConvNetBN -> A=V=ConvNetBN | fc | greedy ===
    targets=target_sets/xarch_ConvNetBN_fc_dog-bird_b0.005.json (5), victims=4, surrogates=20
    Jacobian: disabled for Greedy in this table
[2026-08-27 00:37:09] === run start: CIFAR10_ConvNetBN_fc_ours_dog-bird_b0.005_eps8_seed42_lam1_cosine_K1_ce5_tgt50 on cuda [0] ===
[2026-08-27 00:37:09] args: {"FORCE": false, "attack": "fc", "base": "ours", "base_dist": "cosine", "base_topr": null, "budget": 0.005, "cache_dir": "/tmp/attack_if/cache", "class_pair": "dog-bird", "clean_baseline": true, "craft_alpha": 0.0039216, "craft_aug": true, "craft_batch": 256, "craft_ensemble": 5, "craft_lowmem": false, "craft_schedule": false, "craft_steps": 250, "data_path": "/tmp/attack_if/data", "dataset": "CIFAR10", "dsa_strategy": "color_crop_cutout_flip_scale_rotate", "epsilon": 0.0313725, "fast_gradmatch": false, "fc_mode": "sample", "fc_restarts": 1, "gpus": "all", "jacobian_batch_size": 64, "jacobian_weight": 1.0, "lambda_margin": 1.0, "model": "ConvNetBN", "no_resume": false, "num_poisons": 500, "num_surrogates": 20, "num_targets": 5, "num_victims": 4, "out_dir": "/tmp/attack_if/ours_result", "pair_order": "poison-target", "parallel_pretrain": true, "parallel_targets": true, "precompute_id": null, "precompute_only": false, "precompute_part": "both", "rank_on_victims": true, "recompute_deltas": false, "require_correct_target": false, "restarts": 8, "seed": 42, "sel_K": 1, "sel_alpha": 1.0, "sel_criterion": null, "sel_dpp": false, "sel_filter": false, "sel_mmr": false, "sel_mode": null, "sel_model": "ConvNetBN", "sel_mu": 1.0, "sel_pca": false, "sel_pool": 3.0, "sharp_mode": "worst", "sharp_samples": 20, "sharp_sigma": 0.05, "steal_timeout": 7200.0, "surrogate_aug": false, "surrogate_bs": 128, "surrogate_decay": [35, 45], "surrogate_epochs": 60, "surrogate_lr": 0.1, "surrogate_wd": 0.0, "target_idx_file": "target_sets/xarch_ConvNetBN_fc_dog-bird_b0.005.json", "target_select": 50, "use_jacobian_score": false, "victim_aug": false, "victim_bs": 125, "victim_decay": [40], "victim_epochs": 50, "victim_lr": 0.1, "victim_wd": 0.0}
[2026-08-27 00:37:09] Jacobian score: disabled
[2026-08-27 00:37:09] N_total=50000 budget=0.005 -> N_p=250 poisons, y_adv=5(dog) target_class=2(bird)
[2026-08-27 00:37:09] === surrogates (20 x ConvNetBN, trained on the full real set) ===
[2026-08-27 00:37:09]   crafting on 5/20 surrogates
[2026-08-27 00:37:09] === clean victims (4 x ConvNetBN) ===
[2026-08-27 00:37:10]   clean baseline CTA = 0.8132 +/- 0.0049
[2026-08-27 00:37:10]   target pool 1000 -> eligible 962 (38 already predicted as y_adv or dropped)
[2026-08-27 00:37:10]   chosen 5 targets (file), p_adv range 0.0000..0.0012
[2026-08-27 00:37:10]   targets: [2540, 3725, 3875, 5169, 5705]
[2026-08-27 00:37:10] === target 2540 (1/5) ===
[2026-08-27 00:37:16]   target 2540: crafted 250 poisons in 5 s, obj=0.15391
[2026-08-27 00:37:16]   target 2540: realized linf = 0.03137 (8.00/255), budget = 8.00/255
[2026-08-27 00:38:07]   [t2540 v1/4] SUCCESS (pred=dog) CTA=0.8033
[2026-08-27 00:38:57]   [t2540 v2/4] SUCCESS (pred=dog) CTA=0.7691
[2026-08-27 00:39:47]   [t2540 v3/4] SUCCESS (pred=dog) CTA=0.8085
[2026-08-27 00:40:37]   [t2540 v4/4] SUCCESS (pred=dog) CTA=0.8076
[2026-08-27 00:40:38]   target 2540, 4 victims on this gpu: ASR=100.0% CTA=0.7971 +/- 0.0163
[2026-08-27 00:40:38] === target 3725 (2/5) ===
[2026-08-27 00:40:43]   target 3725: crafted 250 poisons in 5 s, obj=0.20768
[2026-08-27 00:40:43]   target 3725: realized linf = 0.03137 (8.00/255), budget = 8.00/255
[2026-08-27 00:41:34]   [t3725 v1/4] SUCCESS (pred=dog) CTA=0.7990
[2026-08-27 00:42:25]   [t3725 v2/4] SUCCESS (pred=dog) CTA=0.7950
[2026-08-27 00:43:15]   [t3725 v3/4] SUCCESS (pred=dog) CTA=0.7999
[2026-08-27 00:44:05]   [t3725 v4/4] SUCCESS (pred=dog) CTA=0.7983
[2026-08-27 00:44:05]   target 3725, 4 victims on this gpu: ASR=100.0% CTA=0.7981 +/- 0.0019
[2026-08-27 00:44:05] === target 3875 (3/5) ===
[2026-08-27 00:44:11]   target 3875: crafted 250 poisons in 5 s, obj=0.16862
[2026-08-27 00:44:11]   target 3875: realized linf = 0.03137 (8.00/255), budget = 8.00/255
[2026-08-27 00:45:02]   [t3875 v1/4] SUCCESS (pred=dog) CTA=0.7992
[2026-08-27 00:45:51]   [t3875 v2/4] fail (pred=bird) CTA=0.7986
[2026-08-27 00:46:41]   [t3875 v3/4] SUCCESS (pred=dog) CTA=0.8058
[2026-08-27 00:47:30]   [t3875 v4/4] fail (pred=bird) CTA=0.7917
[2026-08-27 00:47:30]   target 3875, 4 victims on this gpu: ASR=50.0% CTA=0.7988 +/- 0.0050
[2026-08-27 00:47:30] === target 5169 (4/5) ===
[2026-08-27 00:47:36]   target 5169: crafted 250 poisons in 5 s, obj=0.08200
[2026-08-27 00:47:36]   target 5169: realized linf = 0.03137 (8.00/255), budget = 8.00/255
[2026-08-27 00:48:27]   [t5169 v1/4] SUCCESS (pred=dog) CTA=0.7888
[2026-08-27 00:49:17]   [t5169 v2/4] SUCCESS (pred=dog) CTA=0.7845
[2026-08-27 00:50:06]   [t5169 v3/4] SUCCESS (pred=dog) CTA=0.7983
[2026-08-27 00:50:56]   [t5169 v4/4] SUCCESS (pred=dog) CTA=0.8097
[2026-08-27 00:50:56]   target 5169, 4 victims on this gpu: ASR=100.0% CTA=0.7953 +/- 0.0097
[2026-08-27 00:50:56] === target 5705 (5/5) ===
[2026-08-27 00:51:01]   target 5705: crafted 250 poisons in 5 s, obj=0.07886
[2026-08-27 00:51:01]   target 5705: realized linf = 0.03137 (8.00/255), budget = 8.00/255
[2026-08-27 00:51:52]   [t5705 v1/4] SUCCESS (pred=dog) CTA=0.8053
[2026-08-27 00:52:43]   [t5705 v2/4] SUCCESS (pred=dog) CTA=0.8133
[2026-08-27 00:53:33]   [t5705 v3/4] SUCCESS (pred=dog) CTA=0.8000
[2026-08-27 00:54:23]   [t5705 v4/4] fail (pred=bird) CTA=0.8017
[2026-08-27 00:54:23]   target 5705, 4 victims on this gpu: ASR=75.0% CTA=0.8051 +/- 0.0051
[2026-08-27 00:54:23] ==== CIFAR10_ConvNetBN_fc_ours_dog-bird_b0.005_eps8_seed42_lam1_cosine_K1_ce5_tgt50 : ASR = 85.0% +/- 20.0% | CTA = 0.7989 (baseline 0.8132) ====
[2026-08-27 00:54:23]   target-prediction tally ['airplane', 'automobile', 'bird', 'cat', 'deer', 'dog', 'frog', 'horse', 'ship', 'truck']: [0, 0, 3, 0, 0, 17, 0, 0, 0, 0]

=== cross-architecture sweep finished ===
sync: cross-architecture artifacts -> /home/mmoslem3/scratch/attack_if
sync: complete
