environment modules unavailable; using /home/mmoslem3/ENV directly
stage: optional directory absent: /home/mmoslem3/scratch/PoisonBase/last_night_H200_2026-08-26/ours_result/CIFAR10_ConvNetBN_sapa_random_dog-bird_b0.005_eps8_seed42_selarchResNet20BN_worst0.05_ce5_tgt70
stage: optional directory absent: /home/mmoslem3/scratch/PoisonBase/ours_result/CIFAR10_ConvNetBN_sapa_random_dog-bird_b0.005_eps8_seed42_selarchResNet20BN_worst0.05_ce5_tgt70
job: 632565 cross_416_k20_sapa_b0_005_sresnet20_aconvnet_random on rack11-07
work: /tmp/attack_if
config: SEL_K=20 BUDGET=0.005 ATTACKS=sapa MODELS=ConvNetBN SELECTOR_MODELS=ResNet20BN SELECTIONS=random RUN_MATCHED=1 NUM_TARGETS=5 NUM_VICTIMS=4 sh cross_arch.sh
protocol: one cell, 5 targets x 4 victims
gpu: NVIDIA L40S
=== cross-architecture sweep ===
    A=V models : ConvNetBN
    S models   : ResNet20BN
    attacks    : sapa (fc is BP)
    selections : random
    budget     : 0.005 (targets pinned from b0.005)
    protocol   : 5 targets x 4 victims, 20 surrogates
    selector K : 20
    Jacobian   : enabled=0 weight=1.0 batch=64

=== S=ResNet20BN -> A=V=ConvNetBN | sapa | random ===
    targets=target_sets/xarch_ConvNetBN_gradmatch_dog-bird_b0.005.json (5), victims=4, surrogates=20
    Jacobian: not applicable to Random; run is unchanged
[2026-08-27 04:18:44] === run start: CIFAR10_ConvNetBN_sapa_random_dog-bird_b0.005_eps8_seed42_selarchResNet20BN_worst0.05_ce5_tgt70 on cuda [0] ===
[2026-08-27 04:18:44] args: {"FORCE": false, "attack": "sapa", "base": "random", "base_dist": "l2", "base_topr": null, "budget": 0.005, "cache_dir": "/tmp/attack_if/cache", "class_pair": "dog-bird", "clean_baseline": true, "craft_alpha": 0.0039216, "craft_aug": true, "craft_batch": 256, "craft_ensemble": 5, "craft_lowmem": false, "craft_schedule": false, "craft_steps": 250, "data_path": "/tmp/attack_if/data", "dataset": "CIFAR10", "dsa_strategy": "color_crop_cutout_flip_scale_rotate", "epsilon": 0.0313725, "fast_gradmatch": false, "fc_mode": "sample", "fc_restarts": 1, "gpus": "all", "jacobian_batch_size": 64, "jacobian_weight": 1.0, "lambda_margin": 1.0, "model": "ConvNetBN", "no_resume": false, "num_poisons": 500, "num_surrogates": 20, "num_targets": 5, "num_victims": 4, "out_dir": "/tmp/attack_if/ours_result", "pair_order": "poison-target", "parallel_pretrain": true, "parallel_targets": true, "precompute_id": null, "precompute_only": false, "precompute_part": "both", "rank_on_victims": true, "recompute_deltas": false, "require_correct_target": false, "restarts": 8, "seed": 42, "sel_K": null, "sel_alpha": 1.0, "sel_criterion": null, "sel_dpp": false, "sel_filter": false, "sel_mmr": false, "sel_mode": null, "sel_model": "ResNet20BN", "sel_mu": 1.0, "sel_pca": false, "sel_pool": 3.0, "sharp_mode": "worst", "sharp_samples": 20, "sharp_sigma": 0.05, "steal_timeout": 7200.0, "surrogate_aug": false, "surrogate_bs": 128, "surrogate_decay": [35, 45], "surrogate_epochs": 60, "surrogate_lr": 0.1, "surrogate_wd": 0.0, "target_idx_file": "target_sets/xarch_ConvNetBN_gradmatch_dog-bird_b0.005.json", "target_select": 70, "use_jacobian_score": false, "victim_aug": false, "victim_bs": 125, "victim_decay": [40], "victim_epochs": 50, "victim_lr": 0.1, "victim_wd": 0.0}
[2026-08-27 04:18:44] Jacobian score: disabled
[2026-08-27 04:18:44] N_total=50000 budget=0.005 -> N_p=250 poisons, y_adv=5(dog) target_class=2(bird)
[2026-08-27 04:18:44] === surrogates (20 x ConvNetBN, trained on the full real set) ===
[2026-08-27 04:18:44]   crafting on 5/20 surrogates
[2026-08-27 04:18:44] === clean victims (4 x ConvNetBN) ===
[2026-08-27 04:18:45]   clean baseline CTA = 0.8153 +/- 0.0048
[2026-08-27 04:18:45]   target pool 1000 -> eligible 965 (35 already predicted as y_adv or dropped)
[2026-08-27 04:18:45]   chosen 5 targets (file), p_adv range 0.0000..0.0000
[2026-08-27 04:18:45]   targets: [821, 843, 1257, 1547, 4427]
[2026-08-27 04:18:45] === target 821 (1/5) ===
[2026-08-27 04:22:46]   target 821: crafted 250 poisons in 241 s, obj=0.33223
[2026-08-27 04:22:46]   target 821: realized linf = 0.03137 (8.00/255), budget = 8.00/255
[2026-08-27 04:23:38]   [t821 v1/4] fail (pred=horse) CTA=0.8031
[2026-08-27 04:24:28]   [t821 v2/4] fail (pred=bird) CTA=0.8130
[2026-08-27 04:25:17]   [t821 v3/4] fail (pred=horse) CTA=0.8035
[2026-08-27 04:26:07]   [t821 v4/4] fail (pred=bird) CTA=0.8101
[2026-08-27 04:26:07]   target 821, 4 victims on this gpu: ASR=0.0% CTA=0.8074 +/- 0.0043
[2026-08-27 04:26:07] === target 843 (2/5) ===
[2026-08-27 04:30:08]   target 843: crafted 250 poisons in 240 s, obj=0.34535
[2026-08-27 04:30:08]   target 843: realized linf = 0.03137 (8.00/255), budget = 8.00/255
[2026-08-27 04:30:59]   [t843 v1/4] fail (pred=bird) CTA=0.8079
[2026-08-27 04:31:49]   [t843 v2/4] fail (pred=bird) CTA=0.8007
[2026-08-27 04:32:39]   [t843 v3/4] fail (pred=bird) CTA=0.8047
[2026-08-27 04:33:29]   [t843 v4/4] fail (pred=bird) CTA=0.8215
[2026-08-27 04:33:29]   target 843, 4 victims on this gpu: ASR=0.0% CTA=0.8087 +/- 0.0078
[2026-08-27 04:33:29] === target 1257 (3/5) ===
[2026-08-27 04:37:29]   target 1257: crafted 250 poisons in 240 s, obj=0.27735
[2026-08-27 04:37:29]   target 1257: realized linf = 0.03137 (8.00/255), budget = 8.00/255
[2026-08-27 04:38:20]   [t1257 v1/4] fail (pred=bird) CTA=0.7961
[2026-08-27 04:39:10]   [t1257 v2/4] fail (pred=bird) CTA=0.8060
[2026-08-27 04:40:00]   [t1257 v3/4] fail (pred=bird) CTA=0.8172
[2026-08-27 04:40:50]   [t1257 v4/4] fail (pred=bird) CTA=0.7983
[2026-08-27 04:40:50]   target 1257, 4 victims on this gpu: ASR=0.0% CTA=0.8044 +/- 0.0083
[2026-08-27 04:40:50] === target 1547 (4/5) ===
[2026-08-27 04:44:51]   target 1547: crafted 250 poisons in 240 s, obj=0.44403
[2026-08-27 04:44:51]   target 1547: realized linf = 0.03137 (8.00/255), budget = 8.00/255
[2026-08-27 04:45:42]   [t1547 v1/4] fail (pred=airplane) CTA=0.8056
[2026-08-27 04:46:32]   [t1547 v2/4] fail (pred=bird) CTA=0.8158
[2026-08-27 04:47:21]   [t1547 v3/4] fail (pred=bird) CTA=0.7747
[2026-08-27 04:48:11]   [t1547 v4/4] fail (pred=airplane) CTA=0.8107
[2026-08-27 04:48:11]   target 1547, 4 victims on this gpu: ASR=0.0% CTA=0.8017 +/- 0.0160
[2026-08-27 04:48:11] === target 4427 (5/5) ===
[2026-08-27 04:52:12]   target 4427: crafted 250 poisons in 240 s, obj=0.43378
[2026-08-27 04:52:12]   target 4427: realized linf = 0.03137 (8.00/255), budget = 8.00/255
[2026-08-27 04:53:03]   [t4427 v1/4] fail (pred=bird) CTA=0.8164
[2026-08-27 04:53:53]   [t4427 v2/4] fail (pred=bird) CTA=0.8038
[2026-08-27 04:54:43]   [t4427 v3/4] fail (pred=bird) CTA=0.8051
[2026-08-27 04:55:33]   [t4427 v4/4] fail (pred=bird) CTA=0.8053
[2026-08-27 04:55:33]   target 4427, 4 victims on this gpu: ASR=0.0% CTA=0.8076 +/- 0.0051
[2026-08-27 04:55:33] ==== CIFAR10_ConvNetBN_sapa_random_dog-bird_b0.005_eps8_seed42_selarchResNet20BN_worst0.05_ce5_tgt70 : ASR = 0.0% +/- 0.0% | CTA = 0.8060 (baseline 0.8153) ====
[2026-08-27 04:55:33]   target-prediction tally ['airplane', 'automobile', 'bird', 'cat', 'deer', 'dog', 'frog', 'horse', 'ship', 'truck']: [2, 0, 16, 0, 0, 0, 0, 2, 0, 0]

=== cross-architecture sweep finished ===
sync: cross-architecture artifacts -> /home/mmoslem3/scratch/PoisonBase
sync: complete
