stage: optional directory absent: /home/mmoslem3/scratch/attack_if/last_night_H200_2026-08-26/ours_result/CIFAR10_ConvNetBN_fc_ours_dog-bird_b0.002_eps8_seed42_lam1_cosine_selarchResNet20BN_ce5_tgt50
stage: optional directory absent: /home/mmoslem3/scratch/attack_if/ours_result/CIFAR10_ConvNetBN_fc_ours_dog-bird_b0.002_eps8_seed42_lam1_cosine_selarchResNet20BN_ce5_tgt50
job: 5034815 cross_072_k20_fc_b0_002_sresnet20_aconvnet_greedy on kn109
work: /tmp/attack_if
config: SEL_K=20 BUDGET=0.002 ATTACKS=fc MODELS=ConvNetBN SELECTOR_MODELS=ResNet20BN SELECTIONS=greedy RUN_MATCHED=1 NUM_TARGETS=5 NUM_VICTIMS=4 sh cross_arch.sh
protocol: one cell, 5 targets x 4 victims
gpu: NVIDIA L40S
=== cross-architecture sweep ===
    A=V models : ConvNetBN
    S models   : ResNet20BN
    attacks    : fc (fc is BP)
    selections : greedy
    budget     : 0.002 (targets pinned from b0.005)
    protocol   : 5 targets x 4 victims, 20 surrogates
    selector K : 20
    Jacobian   : enabled=0 weight=1.0 batch=64

=== S=ResNet20BN -> A=V=ConvNetBN | fc | greedy ===
    targets=target_sets/xarch_ConvNetBN_fc_dog-bird_b0.005.json (5), victims=4, surrogates=20
    Jacobian: disabled for Greedy in this table
[2026-08-26 14:54:12] === run start: CIFAR10_ConvNetBN_fc_ours_dog-bird_b0.002_eps8_seed42_lam1_cosine_selarchResNet20BN_ce5_tgt50 on cuda [0] ===
[2026-08-26 14:54:12] args: {"FORCE": false, "attack": "fc", "base": "ours", "base_dist": "cosine", "base_topr": null, "budget": 0.002, "cache_dir": "/tmp/attack_if/cache", "class_pair": "dog-bird", "clean_baseline": true, "craft_alpha": 0.0039216, "craft_aug": true, "craft_batch": 256, "craft_ensemble": 5, "craft_lowmem": false, "craft_schedule": false, "craft_steps": 250, "data_path": "/tmp/attack_if/data", "dataset": "CIFAR10", "dsa_strategy": "color_crop_cutout_flip_scale_rotate", "epsilon": 0.0313725, "fast_gradmatch": false, "fc_mode": "sample", "fc_restarts": 1, "gpus": "all", "jacobian_batch_size": 64, "jacobian_weight": 1.0, "lambda_margin": 1.0, "model": "ConvNetBN", "no_resume": false, "num_poisons": 500, "num_surrogates": 20, "num_targets": 5, "num_victims": 4, "out_dir": "/tmp/attack_if/ours_result", "pair_order": "poison-target", "parallel_pretrain": true, "parallel_targets": true, "precompute_id": null, "precompute_only": false, "precompute_part": "both", "rank_on_victims": true, "recompute_deltas": false, "require_correct_target": false, "restarts": 8, "seed": 42, "sel_K": null, "sel_alpha": 1.0, "sel_criterion": null, "sel_dpp": false, "sel_filter": false, "sel_mmr": false, "sel_mode": null, "sel_model": "ResNet20BN", "sel_mu": 1.0, "sel_pca": false, "sel_pool": 3.0, "sharp_mode": "worst", "sharp_samples": 20, "sharp_sigma": 0.05, "steal_timeout": 7200.0, "surrogate_aug": false, "surrogate_bs": 128, "surrogate_decay": [35, 45], "surrogate_epochs": 60, "surrogate_lr": 0.1, "surrogate_wd": 0.0, "target_idx_file": "target_sets/xarch_ConvNetBN_fc_dog-bird_b0.005.json", "target_select": 50, "use_jacobian_score": false, "victim_aug": false, "victim_bs": 125, "victim_decay": [40], "victim_epochs": 50, "victim_lr": 0.1, "victim_wd": 0.0}
[2026-08-26 14:54:12] Jacobian score: disabled
[2026-08-26 14:54:12] N_total=50000 budget=0.002 -> N_p=100 poisons, y_adv=5(dog) target_class=2(bird)
[2026-08-26 14:54:12] === surrogates (20 x ConvNetBN, trained on the full real set) ===
[2026-08-26 14:54:13]   crafting on 5/20 surrogates
[2026-08-26 14:54:13] === selection surrogates (20 x ResNet20BN, cross-architecture) ===
[2026-08-26 14:54:13] === clean victims (4 x ConvNetBN) ===
[2026-08-26 14:54:14]   clean baseline CTA = 0.8132 +/- 0.0049
[2026-08-26 14:54:14]   target pool 1000 -> eligible 962 (38 already predicted as y_adv or dropped)
[2026-08-26 14:54:14]   chosen 5 targets (file), p_adv range 0.0000..0.0012
[2026-08-26 14:54:14]   targets: [2540, 3725, 3875, 5169, 5705]
[2026-08-26 14:54:14] === target 2540 (1/5) ===
[2026-08-26 14:54:17]   target 2540: crafted 100 poisons in 2 s, obj=0.16703
[2026-08-26 14:54:17]   target 2540: realized linf = 0.03137 (8.00/255), budget = 8.00/255
[2026-08-26 14:55:07]   [t2540 v1/4] fail (pred=bird) CTA=0.8042
[2026-08-26 14:55:57]   [t2540 v2/4] fail (pred=bird) CTA=0.7651
[2026-08-26 14:56:47]   [t2540 v3/4] fail (pred=bird) CTA=0.8033
[2026-08-26 14:57:37]   [t2540 v4/4] fail (pred=bird) CTA=0.8002
[2026-08-26 14:57:37]   target 2540, 4 victims on this gpu: ASR=0.0% CTA=0.7932 +/- 0.0163
[2026-08-26 14:57:37] === target 3725 (2/5) ===
[2026-08-26 14:57:40]   target 3725: crafted 100 poisons in 2 s, obj=0.23721
[2026-08-26 14:57:40]   target 3725: realized linf = 0.03137 (8.00/255), budget = 8.00/255
[2026-08-26 14:58:31]   [t3725 v1/4] SUCCESS (pred=dog) CTA=0.8059
[2026-08-26 14:59:21]   [t3725 v2/4] SUCCESS (pred=dog) CTA=0.7998
[2026-08-26 15:00:11]   [t3725 v3/4] SUCCESS (pred=dog) CTA=0.7973
[2026-08-26 15:01:01]   [t3725 v4/4] SUCCESS (pred=dog) CTA=0.8023
[2026-08-26 15:01:01]   target 3725, 4 victims on this gpu: ASR=100.0% CTA=0.8013 +/- 0.0032
[2026-08-26 15:01:01] === target 3875 (3/5) ===
[2026-08-26 15:01:04]   target 3875: crafted 100 poisons in 2 s, obj=0.19151
[2026-08-26 15:01:04]   target 3875: realized linf = 0.03137 (8.00/255), budget = 8.00/255
[2026-08-26 15:01:55]   [t3875 v1/4] fail (pred=horse) CTA=0.7965
[2026-08-26 15:02:45]   [t3875 v2/4] fail (pred=horse) CTA=0.8052
[2026-08-26 15:03:35]   [t3875 v3/4] fail (pred=bird) CTA=0.8090
[2026-08-26 15:04:25]   [t3875 v4/4] SUCCESS (pred=dog) CTA=0.7901
[2026-08-26 15:04:25]   target 3875, 4 victims on this gpu: ASR=25.0% CTA=0.8002 +/- 0.0074
[2026-08-26 15:04:25] === target 5169 (4/5) ===
[2026-08-26 15:04:28]   target 5169: crafted 100 poisons in 2 s, obj=0.10160
[2026-08-26 15:04:28]   target 5169: realized linf = 0.03137 (8.00/255), budget = 8.00/255
[2026-08-26 15:05:19]   [t5169 v1/4] fail (pred=bird) CTA=0.7928
[2026-08-26 15:06:09]   [t5169 v2/4] SUCCESS (pred=dog) CTA=0.7933
[2026-08-26 15:06:59]   [t5169 v3/4] fail (pred=bird) CTA=0.8009
[2026-08-26 15:07:49]   [t5169 v4/4] SUCCESS (pred=dog) CTA=0.8135
[2026-08-26 15:07:49]   target 5169, 4 victims on this gpu: ASR=50.0% CTA=0.8001 +/- 0.0084
[2026-08-26 15:07:49] === target 5705 (5/5) ===
[2026-08-26 15:07:52]   target 5705: crafted 100 poisons in 2 s, obj=0.09240
[2026-08-26 15:07:52]   target 5705: realized linf = 0.03137 (8.00/255), budget = 8.00/255
[2026-08-26 15:08:43]   [t5705 v1/4] SUCCESS (pred=dog) CTA=0.8086
[2026-08-26 15:09:34]   [t5705 v2/4] fail (pred=bird) CTA=0.8203
[2026-08-26 15:10:24]   [t5705 v3/4] fail (pred=bird) CTA=0.7933
[2026-08-26 15:11:14]   [t5705 v4/4] SUCCESS (pred=dog) CTA=0.7994
[2026-08-26 15:11:14]   target 5705, 4 victims on this gpu: ASR=50.0% CTA=0.8054 +/- 0.0102
[2026-08-26 15:11:14] ==== CIFAR10_ConvNetBN_fc_ours_dog-bird_b0.002_eps8_seed42_lam1_cosine_selarchResNet20BN_ce5_tgt50 : ASR = 45.0% +/- 33.2% | CTA = 0.8000 (baseline 0.8132) ====
[2026-08-26 15:11:14]   target-prediction tally ['airplane', 'automobile', 'bird', 'cat', 'deer', 'dog', 'frog', 'horse', 'ship', 'truck']: [0, 0, 9, 0, 0, 9, 0, 2, 0, 0]

=== cross-architecture sweep finished ===
sync: cross-architecture artifacts -> /home/mmoslem3/scratch/attack_if
sync: complete
