stage: optional directory absent: /home/mmoslem3/scratch/attack_if/ours_result/CIFAR10_ConvNetBN_fc_ours_dog-bird_b0.005_eps8_seed42_lam1_cosine_seldpp2_selarchVGG13BN_K3_ce5_tgt50
job: 5034738 cross_002_k3_fc_b0_005_svgg13_aconvnet_dpp on kn122
work: /tmp/attack_if
config: SEL_K=3 BUDGET=0.005 ATTACKS=fc MODELS=ConvNetBN SELECTOR_MODELS=VGG13BN SELECTIONS=dpp RUN_MATCHED=1 NUM_TARGETS=5 NUM_VICTIMS=4 sh cross_arch.sh
protocol: one cell, 5 targets x 4 victims
gpu: NVIDIA L40S
=== cross-architecture sweep ===
    A=V models : ConvNetBN
    S models   : VGG13BN
    attacks    : fc (fc is BP)
    selections : dpp
    budget     : 0.005 (targets pinned from b0.005)
    protocol   : 5 targets x 4 victims, 20 surrogates
    selector K : 3
    Jacobian   : enabled=0 weight=1.0 batch=64

=== S=VGG13BN -> A=V=ConvNetBN | fc | dpp ===
    targets=target_sets/xarch_ConvNetBN_fc_dog-bird_b0.005.json (5), victims=4, surrogates=20
    Jacobian: enabled=0 weight=1.0 batch=64
[2026-08-26 12:26:00] === run start: CIFAR10_ConvNetBN_fc_ours_dog-bird_b0.005_eps8_seed42_lam1_cosine_seldpp2_selarchVGG13BN_K3_ce5_tgt50 on cuda [0] ===
[2026-08-26 12:26:00] args: {"FORCE": false, "attack": "fc", "base": "ours", "base_dist": "cosine", "base_topr": null, "budget": 0.005, "cache_dir": "/tmp/attack_if/cache", "class_pair": "dog-bird", "clean_baseline": true, "craft_alpha": 0.0039216, "craft_aug": true, "craft_batch": 256, "craft_ensemble": 5, "craft_lowmem": false, "craft_schedule": false, "craft_steps": 250, "data_path": "/tmp/attack_if/data", "dataset": "CIFAR10", "dsa_strategy": "color_crop_cutout_flip_scale_rotate", "epsilon": 0.0313725, "fast_gradmatch": false, "fc_mode": "sample", "fc_restarts": 1, "gpus": "all", "jacobian_batch_size": 64, "jacobian_weight": 1.0, "lambda_margin": 1.0, "model": "ConvNetBN", "no_resume": false, "num_poisons": 500, "num_surrogates": 20, "num_targets": 5, "num_victims": 4, "out_dir": "/tmp/attack_if/ours_result", "pair_order": "poison-target", "parallel_pretrain": true, "parallel_targets": true, "precompute_id": null, "precompute_only": false, "precompute_part": "both", "rank_on_victims": true, "recompute_deltas": false, "require_correct_target": false, "restarts": 8, "seed": 42, "sel_K": 3, "sel_alpha": 2.0, "sel_criterion": null, "sel_dpp": true, "sel_filter": false, "sel_mmr": false, "sel_mode": "dpp", "sel_model": "VGG13BN", "sel_mu": 1.0, "sel_pca": false, "sel_pool": 3.0, "sharp_mode": "worst", "sharp_samples": 20, "sharp_sigma": 0.05, "steal_timeout": 7200.0, "surrogate_aug": false, "surrogate_bs": 128, "surrogate_decay": [35, 45], "surrogate_epochs": 60, "surrogate_lr": 0.1, "surrogate_wd": 0.0, "target_idx_file": "target_sets/xarch_ConvNetBN_fc_dog-bird_b0.005.json", "target_select": 50, "use_jacobian_score": false, "victim_aug": false, "victim_bs": 125, "victim_decay": [40], "victim_epochs": 50, "victim_lr": 0.1, "victim_wd": 0.0}
[2026-08-26 12:26:00] Jacobian score: disabled
[2026-08-26 12:26:00] N_total=50000 budget=0.005 -> N_p=250 poisons, y_adv=5(dog) target_class=2(bird)
[2026-08-26 12:26:00] === surrogates (20 x ConvNetBN, trained on the full real set) ===
[2026-08-26 12:26:00]   crafting on 5/20 surrogates
[2026-08-26 12:26:00] === selection surrogates (20 x VGG13BN, cross-architecture) ===
[2026-08-26 12:26:02] === clean victims (4 x ConvNetBN) ===
[2026-08-26 12:26:03]   clean baseline CTA = 0.8132 +/- 0.0049
[2026-08-26 12:26:03]   target pool 1000 -> eligible 962 (38 already predicted as y_adv or dropped)
[2026-08-26 12:26:03]   chosen 5 targets (file), p_adv range 0.0000..0.0012
[2026-08-26 12:26:03]   targets: [2540, 3725, 3875, 5169, 5705]
[2026-08-26 12:26:03]   merged 13 rows left behind by an interrupted run
[2026-08-26 12:26:03]   resume: 13 (target, victim) trials already done
[2026-08-26 12:26:03] === target 5169 (1/2) ===
[2026-08-26 12:26:09]   target 5169: crafted 250 poisons in 6 s, obj=0.10969
[2026-08-26 12:26:09]   target 5169: realized linf = 0.03137 (8.00/255), budget = 8.00/255
[2026-08-26 12:27:00]   [t5169 v2/4] fail (pred=bird) CTA=0.7900
[2026-08-26 12:27:52]   [t5169 v3/4] SUCCESS (pred=dog) CTA=0.7983
[2026-08-26 12:28:44]   [t5169 v4/4] SUCCESS (pred=dog) CTA=0.8120
[2026-08-26 12:28:44]   target 5169, 3 victims on this gpu: ASR=66.7% CTA=0.8001 +/- 0.0091
[2026-08-26 12:28:44] === target 5705 (2/2) ===
[2026-08-26 12:28:49]   target 5705: crafted 250 poisons in 5 s, obj=0.10657
[2026-08-26 12:28:49]   target 5705: realized linf = 0.03137 (8.00/255), budget = 8.00/255
[2026-08-26 12:29:41]   [t5705 v1/4] SUCCESS (pred=dog) CTA=0.8105
[2026-08-26 12:30:33]   [t5705 v2/4] fail (pred=bird) CTA=0.8147
[2026-08-26 12:31:25]   [t5705 v3/4] fail (pred=cat) CTA=0.7892
[2026-08-26 12:32:16]   [t5705 v4/4] fail (pred=bird) CTA=0.8060
[2026-08-26 12:32:16]   target 5705, 4 victims on this gpu: ASR=25.0% CTA=0.8051 +/- 0.0097
[2026-08-26 12:32:16] ==== CIFAR10_ConvNetBN_fc_ours_dog-bird_b0.005_eps8_seed42_lam1_cosine_seldpp2_selarchVGG13BN_K3_ce5_tgt50 : ASR = 50.0% +/- 22.4% | CTA = 0.8007 (baseline 0.8132) ====
[2026-08-26 12:32:16]   target-prediction tally ['airplane', 'automobile', 'bird', 'cat', 'deer', 'dog', 'frog', 'horse', 'ship', 'truck']: [0, 0, 3, 1, 0, 3, 0, 0, 0, 0]

=== cross-architecture sweep finished ===
sync: cross-architecture artifacts -> /home/mmoslem3/scratch/attack_if
sync: complete
