environment modules unavailable; using /home/mmoslem3/ENV directly
stage: optional directory absent: /home/mmoslem3/scratch/PoisonBase/last_night_H200_2026-08-26/ours_result/CIFAR10_VGG13BN_sapa_ours_dog-bird_b0.005_eps8_seed42_lam1_cosine_seldpp2_selarchConvNetBN_K3_worst0.05_ce5_tgt50
stage: optional directory absent: /home/mmoslem3/scratch/PoisonBase/ours_result/CIFAR10_VGG13BN_sapa_ours_dog-bird_b0.005_eps8_seed42_lam1_cosine_seldpp2_selarchConvNetBN_K3_worst0.05_ce5_tgt50
job: 632621 cross_406_k3_sapa_b0_005_sconvnet_avgg13_dpp on rack12-04
work: /tmp/attack_if
config: SEL_K=3 BUDGET=0.005 ATTACKS=sapa MODELS=VGG13BN SELECTOR_MODELS=ConvNetBN SELECTIONS=dpp RUN_MATCHED=1 NUM_TARGETS=5 NUM_VICTIMS=4 sh cross_arch.sh
protocol: one cell, 5 targets x 4 victims
gpu: NVIDIA L40S
=== cross-architecture sweep ===
    A=V models : VGG13BN
    S models   : ConvNetBN
    attacks    : sapa (fc is BP)
    selections : dpp
    budget     : 0.005 (targets pinned from b0.005)
    protocol   : 5 targets x 4 victims, 20 surrogates
    selector K : 3
    Jacobian   : enabled=0 weight=1.0 batch=64

=== S=ConvNetBN -> A=V=VGG13BN | sapa | dpp ===
    targets=target_sets/xarch_VGG13BN_gradmatch_dog-bird_b0.005.json (5), victims=4, surrogates=20
    Jacobian: enabled=0 weight=1.0 batch=64
[2026-08-27 04:33:37] === run start: CIFAR10_VGG13BN_sapa_ours_dog-bird_b0.005_eps8_seed42_lam1_cosine_seldpp2_selarchConvNetBN_K3_worst0.05_ce5_tgt50 on cuda [0] ===
[2026-08-27 04:33:37] args: {"FORCE": false, "attack": "sapa", "base": "ours", "base_dist": "cosine", "base_topr": null, "budget": 0.005, "cache_dir": "/tmp/attack_if/cache", "class_pair": "dog-bird", "clean_baseline": true, "craft_alpha": 0.0039216, "craft_aug": true, "craft_batch": 256, "craft_ensemble": 5, "craft_lowmem": true, "craft_schedule": false, "craft_steps": 250, "data_path": "/tmp/attack_if/data", "dataset": "CIFAR10", "dsa_strategy": "color_crop_cutout_flip_scale_rotate", "epsilon": 0.0313725, "fast_gradmatch": true, "fc_mode": "sample", "fc_restarts": 1, "gpus": "all", "jacobian_batch_size": 64, "jacobian_weight": 1.0, "lambda_margin": 1.0, "model": "VGG13BN", "no_resume": false, "num_poisons": 500, "num_surrogates": 20, "num_targets": 5, "num_victims": 4, "out_dir": "/tmp/attack_if/ours_result", "pair_order": "poison-target", "parallel_pretrain": true, "parallel_targets": true, "precompute_id": null, "precompute_only": false, "precompute_part": "both", "rank_on_victims": true, "recompute_deltas": false, "require_correct_target": false, "restarts": 8, "seed": 42, "sel_K": 3, "sel_alpha": 2.0, "sel_criterion": null, "sel_dpp": true, "sel_filter": false, "sel_mmr": false, "sel_mode": "dpp", "sel_model": "ConvNetBN", "sel_mu": 1.0, "sel_pca": false, "sel_pool": 3.0, "sharp_mode": "worst", "sharp_samples": 20, "sharp_sigma": 0.05, "steal_timeout": 7200.0, "surrogate_aug": false, "surrogate_bs": 128, "surrogate_decay": [35, 45], "surrogate_epochs": 60, "surrogate_lr": 0.1, "surrogate_wd": 0.0, "target_idx_file": "target_sets/xarch_VGG13BN_gradmatch_dog-bird_b0.005.json", "target_select": 50, "use_jacobian_score": false, "victim_aug": false, "victim_bs": 125, "victim_decay": [40], "victim_epochs": 50, "victim_lr": 0.1, "victim_wd": 0.0}
[2026-08-27 04:33:37] Jacobian score: disabled
[2026-08-27 04:33:37] N_total=50000 budget=0.005 -> N_p=250 poisons, y_adv=5(dog) target_class=2(bird)
[2026-08-27 04:33:37] === surrogates (20 x VGG13BN, trained on the full real set) ===
[2026-08-27 04:33:38]   crafting on 5/20 surrogates
[2026-08-27 04:33:38] === selection surrogates (20 x ConvNetBN, cross-architecture) ===
[2026-08-27 04:33:38] === clean victims (4 x VGG13BN) ===
[2026-08-27 04:33:39]   clean baseline CTA = 0.8426 +/- 0.0172
[2026-08-27 04:33:40]   target pool 1000 -> eligible 966 (34 already predicted as y_adv or dropped)
[2026-08-27 04:33:40]   chosen 5 targets (file), p_adv range 0.0000..0.0000
[2026-08-27 04:33:40]   targets: [409, 630, 1656, 2270, 5022]
[2026-08-27 04:33:40] === target 409 (1/5) ===
[2026-08-27 04:41:09]   target 409: crafted 250 poisons in 449 s, obj=0.23219
[2026-08-27 04:41:09]   target 409: realized linf = 0.03137 (8.00/255), budget = 8.00/255
[2026-08-27 04:42:49]   [t409 v1/4] SUCCESS (pred=dog) CTA=0.8502
[2026-08-27 04:44:30]   [t409 v2/4] SUCCESS (pred=dog) CTA=0.8492
[2026-08-27 04:46:11]   [t409 v3/4] SUCCESS (pred=dog) CTA=0.8506
[2026-08-27 04:47:53]   [t409 v4/4] SUCCESS (pred=dog) CTA=0.8537
[2026-08-27 04:47:53]   target 409, 4 victims on this gpu: ASR=100.0% CTA=0.8509 +/- 0.0017
[2026-08-27 04:47:53] === target 630 (2/5) ===
[2026-08-27 04:55:22]   target 630: crafted 250 poisons in 449 s, obj=0.27972
[2026-08-27 04:55:22]   target 630: realized linf = 0.03137 (8.00/255), budget = 8.00/255
[2026-08-27 04:57:02]   [t630 v1/4] SUCCESS (pred=dog) CTA=0.8619
[2026-08-27 04:58:44]   [t630 v2/4] SUCCESS (pred=dog) CTA=0.8419
[2026-08-27 05:00:26]   [t630 v3/4] SUCCESS (pred=dog) CTA=0.8512
[2026-08-27 05:02:07]   [t630 v4/4] SUCCESS (pred=dog) CTA=0.8582
[2026-08-27 05:02:07]   target 630, 4 victims on this gpu: ASR=100.0% CTA=0.8533 +/- 0.0076
[2026-08-27 05:02:07] === target 1656 (3/5) ===
[2026-08-27 05:09:37]   target 1656: crafted 250 poisons in 449 s, obj=0.23452
[2026-08-27 05:09:37]   target 1656: realized linf = 0.03137 (8.00/255), budget = 8.00/255
[2026-08-27 05:11:17]   [t1656 v1/4] SUCCESS (pred=dog) CTA=0.8512
[2026-08-27 05:12:58]   [t1656 v2/4] SUCCESS (pred=dog) CTA=0.8504
[2026-08-27 05:14:40]   [t1656 v3/4] SUCCESS (pred=dog) CTA=0.8529
[2026-08-27 05:16:22]   [t1656 v4/4] SUCCESS (pred=dog) CTA=0.8653
[2026-08-27 05:16:22]   target 1656, 4 victims on this gpu: ASR=100.0% CTA=0.8549 +/- 0.0060
[2026-08-27 05:16:22] === target 2270 (4/5) ===
[2026-08-27 05:23:51]   target 2270: crafted 250 poisons in 449 s, obj=0.25610
[2026-08-27 05:23:51]   target 2270: realized linf = 0.03137 (8.00/255), budget = 8.00/255
[2026-08-27 05:25:31]   [t2270 v1/4] SUCCESS (pred=dog) CTA=0.8562
[2026-08-27 05:27:13]   [t2270 v2/4] SUCCESS (pred=dog) CTA=0.8522
[2026-08-27 05:28:54]   [t2270 v3/4] SUCCESS (pred=dog) CTA=0.8425
[2026-08-27 05:30:36]   [t2270 v4/4] SUCCESS (pred=dog) CTA=0.8656
[2026-08-27 05:30:36]   target 2270, 4 victims on this gpu: ASR=100.0% CTA=0.8541 +/- 0.0083
[2026-08-27 05:30:36] === target 5022 (5/5) ===
[2026-08-27 05:38:05]   target 5022: crafted 250 poisons in 449 s, obj=0.24080
[2026-08-27 05:38:05]   target 5022: realized linf = 0.03137 (8.00/255), budget = 8.00/255
[2026-08-27 05:39:45]   [t5022 v1/4] SUCCESS (pred=dog) CTA=0.8599
[2026-08-27 05:41:27]   [t5022 v2/4] SUCCESS (pred=dog) CTA=0.8588
[2026-08-27 05:43:08]   [t5022 v3/4] SUCCESS (pred=dog) CTA=0.8542
[2026-08-27 05:44:50]   [t5022 v4/4] SUCCESS (pred=dog) CTA=0.8613
[2026-08-27 05:44:50]   target 5022, 4 victims on this gpu: ASR=100.0% CTA=0.8586 +/- 0.0027
[2026-08-27 05:44:50] ==== CIFAR10_VGG13BN_sapa_ours_dog-bird_b0.005_eps8_seed42_lam1_cosine_seldpp2_selarchConvNetBN_K3_worst0.05_ce5_tgt50 : ASR = 100.0% +/- 0.0% | CTA = 0.8544 (baseline 0.8426) ====
[2026-08-27 05:44:50]   target-prediction tally ['airplane', 'automobile', 'bird', 'cat', 'deer', 'dog', 'frog', 'horse', 'ship', 'truck']: [0, 0, 0, 0, 0, 20, 0, 0, 0, 0]

=== cross-architecture sweep finished ===
sync: cross-architecture artifacts -> /home/mmoslem3/scratch/PoisonBase
sync: complete
