stage: optional directory absent: /home/mmoslem3/scratch/attack_if/last_night_H200_2026-08-26/ours_result/CIFAR10_ConvNetBN_gradmatch_random_dog-bird_b0.002_eps8_seed42_selarchVGG13BN_K3_ce5_tgt70
stage: optional directory absent: /home/mmoslem3/scratch/attack_if/ours_result/CIFAR10_ConvNetBN_gradmatch_random_dog-bird_b0.002_eps8_seed42_selarchVGG13BN_K3_ce5_tgt70
job: 5034869 cross_120_k3_gradmatch_b0_002_svgg13_aconvnet_random on kn007
work: /tmp/attack_if
config: SEL_K=3 BUDGET=0.002 ATTACKS=gradmatch MODELS=ConvNetBN SELECTOR_MODELS=VGG13BN SELECTIONS=random RUN_MATCHED=1 NUM_TARGETS=5 NUM_VICTIMS=4 sh cross_arch.sh
protocol: one cell, 5 targets x 4 victims
gpu: NVIDIA L40S
=== cross-architecture sweep ===
    A=V models : ConvNetBN
    S models   : VGG13BN
    attacks    : gradmatch (fc is BP)
    selections : random
    budget     : 0.002 (targets pinned from b0.005)
    protocol   : 5 targets x 4 victims, 20 surrogates
    selector K : 3
    Jacobian   : enabled=0 weight=1.0 batch=64

=== S=VGG13BN -> A=V=ConvNetBN | gradmatch | random ===
    targets=target_sets/xarch_ConvNetBN_gradmatch_dog-bird_b0.005.json (5), victims=4, surrogates=20
    Jacobian: not applicable to Random; run is unchanged
[2026-08-26 16:04:41] === run start: CIFAR10_ConvNetBN_gradmatch_random_dog-bird_b0.002_eps8_seed42_selarchVGG13BN_K3_ce5_tgt70 on cuda [0] ===
[2026-08-26 16:04:41] args: {"FORCE": false, "attack": "gradmatch", "base": "random", "base_dist": "l2", "base_topr": null, "budget": 0.002, "cache_dir": "/tmp/attack_if/cache", "class_pair": "dog-bird", "clean_baseline": true, "craft_alpha": 0.0039216, "craft_aug": true, "craft_batch": 256, "craft_ensemble": 5, "craft_lowmem": false, "craft_schedule": false, "craft_steps": 250, "data_path": "/tmp/attack_if/data", "dataset": "CIFAR10", "dsa_strategy": "color_crop_cutout_flip_scale_rotate", "epsilon": 0.0313725, "fast_gradmatch": false, "fc_mode": "sample", "fc_restarts": 1, "gpus": "all", "jacobian_batch_size": 64, "jacobian_weight": 1.0, "lambda_margin": 1.0, "model": "ConvNetBN", "no_resume": false, "num_poisons": 500, "num_surrogates": 20, "num_targets": 5, "num_victims": 4, "out_dir": "/tmp/attack_if/ours_result", "pair_order": "poison-target", "parallel_pretrain": true, "parallel_targets": true, "precompute_id": null, "precompute_only": false, "precompute_part": "both", "rank_on_victims": true, "recompute_deltas": false, "require_correct_target": false, "restarts": 8, "seed": 42, "sel_K": 3, "sel_alpha": 1.0, "sel_criterion": null, "sel_dpp": false, "sel_filter": false, "sel_mmr": false, "sel_mode": null, "sel_model": "VGG13BN", "sel_mu": 1.0, "sel_pca": false, "sel_pool": 3.0, "sharp_mode": "worst", "sharp_samples": 20, "sharp_sigma": 0.05, "steal_timeout": 7200.0, "surrogate_aug": false, "surrogate_bs": 128, "surrogate_decay": [35, 45], "surrogate_epochs": 60, "surrogate_lr": 0.1, "surrogate_wd": 0.0, "target_idx_file": "target_sets/xarch_ConvNetBN_gradmatch_dog-bird_b0.005.json", "target_select": 70, "use_jacobian_score": false, "victim_aug": false, "victim_bs": 125, "victim_decay": [40], "victim_epochs": 50, "victim_lr": 0.1, "victim_wd": 0.0}
[2026-08-26 16:04:41] Jacobian score: disabled
[2026-08-26 16:04:41] N_total=50000 budget=0.002 -> N_p=100 poisons, y_adv=5(dog) target_class=2(bird)
[2026-08-26 16:04:41] === surrogates (20 x ConvNetBN, trained on the full real set) ===
[2026-08-26 16:04:41]   crafting on 5/20 surrogates
[2026-08-26 16:04:41] === clean victims (4 x ConvNetBN) ===
[2026-08-26 16:04:42]   clean baseline CTA = 0.8132 +/- 0.0049
[2026-08-26 16:04:42]   target pool 1000 -> eligible 962 (38 already predicted as y_adv or dropped)
[2026-08-26 16:04:42]   chosen 5 targets (file), p_adv range 0.0000..0.0000
[2026-08-26 16:04:42]   targets: [821, 843, 1257, 1547, 4427]
[2026-08-26 16:04:42] === target 821 (1/5) ===
[2026-08-26 16:06:03]   target 821: crafted 100 poisons in 81 s, obj=0.33095
[2026-08-26 16:06:03]   target 821: realized linf = 0.03137 (8.00/255), budget = 8.00/255
[2026-08-26 16:06:53]   [t821 v1/4] fail (pred=horse) CTA=0.8055
[2026-08-26 16:07:43]   [t821 v2/4] fail (pred=bird) CTA=0.8072
[2026-08-26 16:08:32]   [t821 v3/4] fail (pred=horse) CTA=0.8026
[2026-08-26 16:09:22]   [t821 v4/4] fail (pred=bird) CTA=0.8051
[2026-08-26 16:09:22]   target 821, 4 victims on this gpu: ASR=0.0% CTA=0.8051 +/- 0.0016
[2026-08-26 16:09:22] === target 843 (2/5) ===
[2026-08-26 16:10:43]   target 843: crafted 100 poisons in 81 s, obj=0.35646
[2026-08-26 16:10:43]   target 843: realized linf = 0.03137 (8.00/255), budget = 8.00/255
[2026-08-26 16:11:35]   [t843 v1/4] fail (pred=bird) CTA=0.8077
[2026-08-26 16:12:24]   [t843 v2/4] fail (pred=bird) CTA=0.7998
[2026-08-26 16:13:14]   [t843 v3/4] fail (pred=bird) CTA=0.8091
[2026-08-26 16:14:04]   [t843 v4/4] fail (pred=bird) CTA=0.8091
[2026-08-26 16:14:04]   target 843, 4 victims on this gpu: ASR=0.0% CTA=0.8064 +/- 0.0039
[2026-08-26 16:14:04] === target 1257 (3/5) ===
[2026-08-26 16:15:25]   target 1257: crafted 100 poisons in 81 s, obj=0.28696
[2026-08-26 16:15:25]   target 1257: realized linf = 0.03137 (8.00/255), budget = 8.00/255
[2026-08-26 16:16:16]   [t1257 v1/4] fail (pred=bird) CTA=0.8006
[2026-08-26 16:17:06]   [t1257 v2/4] fail (pred=bird) CTA=0.8031
[2026-08-26 16:17:56]   [t1257 v3/4] fail (pred=bird) CTA=0.8083
[2026-08-26 16:18:45]   [t1257 v4/4] fail (pred=bird) CTA=0.7963
[2026-08-26 16:18:45]   target 1257, 4 victims on this gpu: ASR=0.0% CTA=0.8021 +/- 0.0043
[2026-08-26 16:18:45] === target 1547 (4/5) ===
[2026-08-26 16:20:07]   target 1547: crafted 100 poisons in 81 s, obj=0.45993
[2026-08-26 16:20:07]   target 1547: realized linf = 0.03137 (8.00/255), budget = 8.00/255
[2026-08-26 16:20:58]   [t1547 v1/4] fail (pred=bird) CTA=0.8013
[2026-08-26 16:21:48]   [t1547 v2/4] fail (pred=airplane) CTA=0.8131
[2026-08-26 16:22:38]   [t1547 v3/4] fail (pred=bird) CTA=0.7715
[2026-08-26 16:23:27]   [t1547 v4/4] fail (pred=bird) CTA=0.8016
[2026-08-26 16:23:27]   target 1547, 4 victims on this gpu: ASR=0.0% CTA=0.7969 +/- 0.0154
[2026-08-26 16:23:27] === target 4427 (5/5) ===
