stage: optional directory absent: /home/mmoslem3/scratch/attack_if/last_night_H200_2026-08-26/ours_result/CIFAR10_ResNet20BN_gradmatch_ours_dog-bird_b0.002_eps8_seed42_lam1_cosine_seldpp2_selarchVGG13BN_K1_ce5_tgt14
stage: optional directory absent: /home/mmoslem3/scratch/attack_if/ours_result/CIFAR10_ResNet20BN_gradmatch_ours_dog-bird_b0.002_eps8_seed42_lam1_cosine_seldpp2_selarchVGG13BN_K1_ce5_tgt14
job: 5034860 cross_112_k1_gradmatch_b0_002_svgg13_aresnet20_dpp on kn029
work: /tmp/attack_if
config: SEL_K=1 BUDGET=0.002 ATTACKS=gradmatch MODELS=ResNet20BN SELECTOR_MODELS=VGG13BN SELECTIONS=dpp RUN_MATCHED=1 NUM_TARGETS=5 NUM_VICTIMS=4 sh cross_arch.sh
protocol: one cell, 5 targets x 4 victims
gpu: NVIDIA L40S
=== cross-architecture sweep ===
    A=V models : ResNet20BN
    S models   : VGG13BN
    attacks    : gradmatch (fc is BP)
    selections : dpp
    budget     : 0.002 (targets pinned from b0.005)
    protocol   : 5 targets x 4 victims, 20 surrogates
    selector K : 1
    Jacobian   : enabled=0 weight=1.0 batch=64

=== S=VGG13BN -> A=V=ResNet20BN | gradmatch | dpp ===
    targets=target_sets/xarch_ResNet20BN_gradmatch_dog-bird_b0.005.json (5), victims=4, surrogates=20
    Jacobian: enabled=0 weight=1.0 batch=64
[2026-08-26 16:23:04] === run start: CIFAR10_ResNet20BN_gradmatch_ours_dog-bird_b0.002_eps8_seed42_lam1_cosine_seldpp2_selarchVGG13BN_K1_ce5_tgt14 on cuda [0] ===
[2026-08-26 16:23:04] args: {"FORCE": false, "attack": "gradmatch", "base": "ours", "base_dist": "cosine", "base_topr": null, "budget": 0.002, "cache_dir": "/tmp/attack_if/cache", "class_pair": "dog-bird", "clean_baseline": true, "craft_alpha": 0.0039216, "craft_aug": true, "craft_batch": 256, "craft_ensemble": 5, "craft_lowmem": false, "craft_schedule": false, "craft_steps": 250, "data_path": "/tmp/attack_if/data", "dataset": "CIFAR10", "dsa_strategy": "color_crop_cutout_flip_scale_rotate", "epsilon": 0.0313725, "fast_gradmatch": false, "fc_mode": "sample", "fc_restarts": 1, "gpus": "all", "jacobian_batch_size": 64, "jacobian_weight": 1.0, "lambda_margin": 1.0, "model": "ResNet20BN", "no_resume": false, "num_poisons": 500, "num_surrogates": 20, "num_targets": 5, "num_victims": 4, "out_dir": "/tmp/attack_if/ours_result", "pair_order": "poison-target", "parallel_pretrain": true, "parallel_targets": true, "precompute_id": null, "precompute_only": false, "precompute_part": "both", "rank_on_victims": true, "recompute_deltas": false, "require_correct_target": false, "restarts": 8, "seed": 42, "sel_K": 1, "sel_alpha": 2.0, "sel_criterion": null, "sel_dpp": true, "sel_filter": false, "sel_mmr": false, "sel_mode": "dpp", "sel_model": "VGG13BN", "sel_mu": 1.0, "sel_pca": false, "sel_pool": 3.0, "sharp_mode": "worst", "sharp_samples": 20, "sharp_sigma": 0.05, "steal_timeout": 7200.0, "surrogate_aug": false, "surrogate_bs": 128, "surrogate_decay": [35, 45], "surrogate_epochs": 60, "surrogate_lr": 0.1, "surrogate_wd": 0.0, "target_idx_file": "target_sets/xarch_ResNet20BN_gradmatch_dog-bird_b0.005.json", "target_select": 14, "use_jacobian_score": false, "victim_aug": false, "victim_bs": 125, "victim_decay": [40], "victim_epochs": 50, "victim_lr": 0.1, "victim_wd": 0.0}
[2026-08-26 16:23:04] Jacobian score: disabled
[2026-08-26 16:23:04] N_total=50000 budget=0.002 -> N_p=100 poisons, y_adv=5(dog) target_class=2(bird)
[2026-08-26 16:23:04] === surrogates (20 x ResNet20BN, trained on the full real set) ===
[2026-08-26 16:23:05]   crafting on 5/20 surrogates
[2026-08-26 16:23:05] === selection surrogates (20 x VGG13BN, cross-architecture) ===
[2026-08-26 16:23:06] === clean victims (4 x ResNet20BN) ===
[2026-08-26 16:23:07]   clean baseline CTA = 0.8387 +/- 0.0013
[2026-08-26 16:23:07]   target pool 1000 -> eligible 974 (26 already predicted as y_adv or dropped)
[2026-08-26 16:23:07]   chosen 5 targets (file), p_adv range 0.0000..0.0256
[2026-08-26 16:23:07]   targets: [833, 2065, 4630, 5118, 5324]
[2026-08-26 16:23:07] === target 833 (1/5) ===
[2026-08-26 16:27:37]   target 833: crafted 100 poisons in 270 s, obj=0.19937
[2026-08-26 16:27:37]   target 833: realized linf = 0.03137 (8.00/255), budget = 8.00/255
[2026-08-26 16:29:58]   [t833 v1/4] SUCCESS (pred=dog) CTA=0.8409
[2026-08-26 16:32:13]   [t833 v2/4] fail (pred=horse) CTA=0.8405
[2026-08-26 16:34:27]   [t833 v3/4] fail (pred=bird) CTA=0.8419
[2026-08-26 16:36:43]   [t833 v4/4] SUCCESS (pred=dog) CTA=0.8379
[2026-08-26 16:36:43]   target 833, 4 victims on this gpu: ASR=50.0% CTA=0.8403 +/- 0.0015
[2026-08-26 16:36:43] === target 2065 (2/5) ===
[2026-08-26 16:41:13]   target 2065: crafted 100 poisons in 270 s, obj=0.20019
[2026-08-26 16:41:13]   target 2065: realized linf = 0.03137 (8.00/255), budget = 8.00/255
[2026-08-26 16:43:36]   [t2065 v1/4] SUCCESS (pred=dog) CTA=0.8399
[2026-08-26 16:45:50]   [t2065 v2/4] SUCCESS (pred=dog) CTA=0.8436
[2026-08-26 16:48:05]   [t2065 v3/4] SUCCESS (pred=dog) CTA=0.8324
[2026-08-26 16:50:18]   [t2065 v4/4] SUCCESS (pred=dog) CTA=0.8419
[2026-08-26 16:50:18]   target 2065, 4 victims on this gpu: ASR=100.0% CTA=0.8395 +/- 0.0043
[2026-08-26 16:50:18] === target 4630 (3/5) ===
[2026-08-26 16:54:50]   target 4630: crafted 100 poisons in 271 s, obj=0.18738
[2026-08-26 16:54:50]   target 4630: realized linf = 0.03137 (8.00/255), budget = 8.00/255
[2026-08-26 16:57:07]   [t4630 v1/4] fail (pred=deer) CTA=0.8428
[2026-08-26 16:59:20]   [t4630 v2/4] fail (pred=bird) CTA=0.8361
[2026-08-26 17:01:35]   [t4630 v3/4] fail (pred=bird) CTA=0.8416
[2026-08-26 17:03:52]   [t4630 v4/4] fail (pred=frog) CTA=0.8397
[2026-08-26 17:03:52]   target 4630, 4 victims on this gpu: ASR=0.0% CTA=0.8401 +/- 0.0025
[2026-08-26 17:03:52] === target 5118 (4/5) ===
[2026-08-26 17:08:23]   target 5118: crafted 100 poisons in 271 s, obj=0.22998
[2026-08-26 17:08:23]   target 5118: realized linf = 0.03137 (8.00/255), budget = 8.00/255
[2026-08-26 17:10:38]   [t5118 v1/4] SUCCESS (pred=dog) CTA=0.8367
[2026-08-26 17:12:53]   [t5118 v2/4] fail (pred=bird) CTA=0.8453
[2026-08-26 17:15:04]   [t5118 v3/4] fail (pred=bird) CTA=0.8348
[2026-08-26 17:17:21]   [t5118 v4/4] fail (pred=bird) CTA=0.8323
[2026-08-26 17:17:21]   target 5118, 4 victims on this gpu: ASR=25.0% CTA=0.8373 +/- 0.0049
[2026-08-26 17:17:21] === target 5324 (5/5) ===
[2026-08-26 17:21:50]   target 5324: crafted 100 poisons in 269 s, obj=0.21088
[2026-08-26 17:21:50]   target 5324: realized linf = 0.03137 (8.00/255), budget = 8.00/255
[2026-08-26 17:24:06]   [t5324 v1/4] fail (pred=cat) CTA=0.8402
[2026-08-26 17:26:20]   [t5324 v2/4] fail (pred=ship) CTA=0.8348
[2026-08-26 17:28:36]   [t5324 v3/4] fail (pred=ship) CTA=0.8410
[2026-08-26 17:30:58]   [t5324 v4/4] SUCCESS (pred=dog) CTA=0.8356
[2026-08-26 17:30:58]   target 5324, 4 victims on this gpu: ASR=25.0% CTA=0.8379 +/- 0.0027
[2026-08-26 17:30:58] ==== CIFAR10_ResNet20BN_gradmatch_ours_dog-bird_b0.002_eps8_seed42_lam1_cosine_seldpp2_selarchVGG13BN_K1_ce5_tgt14 : ASR = 40.0% +/- 33.9% | CTA = 0.8390 (baseline 0.8387) ====
[2026-08-26 17:30:58]   target-prediction tally ['airplane', 'automobile', 'bird', 'cat', 'deer', 'dog', 'frog', 'horse', 'ship', 'truck']: [0, 0, 6, 1, 1, 8, 1, 1, 2, 0]

=== cross-architecture sweep finished ===
sync: cross-architecture artifacts -> /home/mmoslem3/scratch/attack_if
sync: complete
