stage: optional directory absent: /home/mmoslem3/scratch/attack_if/last_night_H200_2026-08-26/ours_result/CIFAR10_ResNet20BN_sapa_ours_dog-bird_b0.002_eps8_seed42_lam1_cosine_selarchConvNetBN_worst0.05_ce5_tgt14
stage: optional directory absent: /home/mmoslem3/scratch/attack_if/ours_result/CIFAR10_ResNet20BN_sapa_ours_dog-bird_b0.002_eps8_seed42_lam1_cosine_selarchConvNetBN_worst0.05_ce5_tgt14
job: 5034991 cross_232_k20_sapa_b0_002_sconvnet_aresnet20_greedy on kn108
work: /tmp/attack_if
config: SEL_K=20 BUDGET=0.002 ATTACKS=sapa MODELS=ResNet20BN SELECTOR_MODELS=ConvNetBN SELECTIONS=greedy RUN_MATCHED=1 NUM_TARGETS=5 NUM_VICTIMS=4 sh cross_arch.sh
protocol: one cell, 5 targets x 4 victims
gpu: NVIDIA L40S
=== cross-architecture sweep ===
    A=V models : ResNet20BN
    S models   : ConvNetBN
    attacks    : sapa (fc is BP)
    selections : greedy
    budget     : 0.002 (targets pinned from b0.005)
    protocol   : 5 targets x 4 victims, 20 surrogates
    selector K : 20
    Jacobian   : enabled=0 weight=1.0 batch=64

=== S=ConvNetBN -> A=V=ResNet20BN | sapa | greedy ===
    targets=target_sets/xarch_ResNet20BN_gradmatch_dog-bird_b0.005.json (5), victims=4, surrogates=20
    Jacobian: disabled for Greedy in this table
[2026-08-26 23:37:29] === run start: CIFAR10_ResNet20BN_sapa_ours_dog-bird_b0.002_eps8_seed42_lam1_cosine_selarchConvNetBN_worst0.05_ce5_tgt14 on cuda [0] ===
[2026-08-26 23:37:29] args: {"FORCE": false, "attack": "sapa", "base": "ours", "base_dist": "cosine", "base_topr": null, "budget": 0.002, "cache_dir": "/tmp/attack_if/cache", "class_pair": "dog-bird", "clean_baseline": true, "craft_alpha": 0.0039216, "craft_aug": true, "craft_batch": 256, "craft_ensemble": 5, "craft_lowmem": false, "craft_schedule": false, "craft_steps": 250, "data_path": "/tmp/attack_if/data", "dataset": "CIFAR10", "dsa_strategy": "color_crop_cutout_flip_scale_rotate", "epsilon": 0.0313725, "fast_gradmatch": false, "fc_mode": "sample", "fc_restarts": 1, "gpus": "all", "jacobian_batch_size": 64, "jacobian_weight": 1.0, "lambda_margin": 1.0, "model": "ResNet20BN", "no_resume": false, "num_poisons": 500, "num_surrogates": 20, "num_targets": 5, "num_victims": 4, "out_dir": "/tmp/attack_if/ours_result", "pair_order": "poison-target", "parallel_pretrain": true, "parallel_targets": true, "precompute_id": null, "precompute_only": false, "precompute_part": "both", "rank_on_victims": true, "recompute_deltas": false, "require_correct_target": false, "restarts": 8, "seed": 42, "sel_K": null, "sel_alpha": 1.0, "sel_criterion": null, "sel_dpp": false, "sel_filter": false, "sel_mmr": false, "sel_mode": null, "sel_model": "ConvNetBN", "sel_mu": 1.0, "sel_pca": false, "sel_pool": 3.0, "sharp_mode": "worst", "sharp_samples": 20, "sharp_sigma": 0.05, "steal_timeout": 7200.0, "surrogate_aug": false, "surrogate_bs": 128, "surrogate_decay": [35, 45], "surrogate_epochs": 60, "surrogate_lr": 0.1, "surrogate_wd": 0.0, "target_idx_file": "target_sets/xarch_ResNet20BN_gradmatch_dog-bird_b0.005.json", "target_select": 14, "use_jacobian_score": false, "victim_aug": false, "victim_bs": 125, "victim_decay": [40], "victim_epochs": 50, "victim_lr": 0.1, "victim_wd": 0.0}
[2026-08-26 23:37:29] Jacobian score: disabled
[2026-08-26 23:37:29] N_total=50000 budget=0.002 -> N_p=100 poisons, y_adv=5(dog) target_class=2(bird)
[2026-08-26 23:37:29] === surrogates (20 x ResNet20BN, trained on the full real set) ===
[2026-08-26 23:37:29]   crafting on 5/20 surrogates
[2026-08-26 23:37:29] === selection surrogates (20 x ConvNetBN, cross-architecture) ===
[2026-08-26 23:37:30] === clean victims (4 x ResNet20BN) ===
[2026-08-26 23:37:30]   clean baseline CTA = 0.8387 +/- 0.0013
[2026-08-26 23:37:30]   target pool 1000 -> eligible 974 (26 already predicted as y_adv or dropped)
[2026-08-26 23:37:30]   chosen 5 targets (file), p_adv range 0.0000..0.0256
[2026-08-26 23:37:30]   targets: [833, 2065, 4630, 5118, 5324]
[2026-08-26 23:37:31] === target 833 (1/5) ===
[2026-08-26 23:41:54]   target 833: crafted 100 poisons in 262 s, obj=0.18272
[2026-08-26 23:41:54]   target 833: realized linf = 0.03137 (8.00/255), budget = 8.00/255
[2026-08-26 23:44:03]   [t833 v1/4] fail (pred=cat) CTA=0.8403
[2026-08-26 23:46:12]   [t833 v2/4] SUCCESS (pred=dog) CTA=0.8369
[2026-08-26 23:48:21]   [t833 v3/4] SUCCESS (pred=dog) CTA=0.8429
[2026-08-26 23:50:30]   [t833 v4/4] SUCCESS (pred=dog) CTA=0.8370
[2026-08-26 23:50:30]   target 833, 4 victims on this gpu: ASR=75.0% CTA=0.8393 +/- 0.0025
[2026-08-26 23:50:30] === target 2065 (2/5) ===
[2026-08-26 23:54:52]   target 2065: crafted 100 poisons in 261 s, obj=0.18092
[2026-08-26 23:54:52]   target 2065: realized linf = 0.03137 (8.00/255), budget = 8.00/255
[2026-08-26 23:57:02]   [t2065 v1/4] SUCCESS (pred=dog) CTA=0.8368
[2026-08-26 23:59:11]   [t2065 v2/4] SUCCESS (pred=dog) CTA=0.8408
[2026-08-27 00:01:20]   [t2065 v3/4] SUCCESS (pred=dog) CTA=0.8396
[2026-08-27 00:03:29]   [t2065 v4/4] SUCCESS (pred=dog) CTA=0.8374
[2026-08-27 00:03:29]   target 2065, 4 victims on this gpu: ASR=100.0% CTA=0.8387 +/- 0.0016
[2026-08-27 00:03:29] === target 4630 (3/5) ===
[2026-08-27 00:07:51]   target 4630: crafted 100 poisons in 261 s, obj=0.18302
[2026-08-27 00:07:51]   target 4630: realized linf = 0.03137 (8.00/255), budget = 8.00/255
[2026-08-27 00:10:01]   [t4630 v1/4] fail (pred=frog) CTA=0.8337
[2026-08-27 00:12:09]   [t4630 v2/4] SUCCESS (pred=dog) CTA=0.8388
[2026-08-27 00:14:18]   [t4630 v3/4] SUCCESS (pred=dog) CTA=0.8385
[2026-08-27 00:16:27]   [t4630 v4/4] fail (pred=cat) CTA=0.8375
[2026-08-27 00:16:27]   target 4630, 4 victims on this gpu: ASR=50.0% CTA=0.8371 +/- 0.0020
[2026-08-27 00:16:27] === target 5118 (4/5) ===
[2026-08-27 00:20:50]   target 5118: crafted 100 poisons in 261 s, obj=0.21064
[2026-08-27 00:20:50]   target 5118: realized linf = 0.03137 (8.00/255), budget = 8.00/255
[2026-08-27 00:22:59]   [t5118 v1/4] SUCCESS (pred=dog) CTA=0.8449
[2026-08-27 00:25:08]   [t5118 v2/4] SUCCESS (pred=dog) CTA=0.8347
[2026-08-27 00:27:17]   [t5118 v3/4] SUCCESS (pred=dog) CTA=0.8361
[2026-08-27 00:29:26]   [t5118 v4/4] SUCCESS (pred=dog) CTA=0.8363
[2026-08-27 00:29:26]   target 5118, 4 victims on this gpu: ASR=100.0% CTA=0.8380 +/- 0.0040
[2026-08-27 00:29:26] === target 5324 (5/5) ===
[2026-08-27 00:33:48]   target 5324: crafted 100 poisons in 261 s, obj=0.19268
[2026-08-27 00:33:48]   target 5324: realized linf = 0.03137 (8.00/255), budget = 8.00/255
[2026-08-27 00:35:58]   [t5324 v1/4] fail (pred=cat) CTA=0.8349
[2026-08-27 00:38:07]   [t5324 v2/4] fail (pred=cat) CTA=0.8297
[2026-08-27 00:40:16]   [t5324 v3/4] fail (pred=cat) CTA=0.8420
[2026-08-27 00:42:25]   [t5324 v4/4] fail (pred=cat) CTA=0.8404
[2026-08-27 00:42:25]   target 5324, 4 victims on this gpu: ASR=0.0% CTA=0.8368 +/- 0.0048
[2026-08-27 00:42:25] ==== CIFAR10_ResNet20BN_sapa_ours_dog-bird_b0.002_eps8_seed42_lam1_cosine_selarchConvNetBN_worst0.05_ce5_tgt14 : ASR = 65.0% +/- 37.4% | CTA = 0.8380 (baseline 0.8387) ====
[2026-08-27 00:42:25]   target-prediction tally ['airplane', 'automobile', 'bird', 'cat', 'deer', 'dog', 'frog', 'horse', 'ship', 'truck']: [0, 0, 0, 6, 0, 13, 1, 0, 0, 0]

=== cross-architecture sweep finished ===
sync: cross-architecture artifacts -> /home/mmoslem3/scratch/attack_if
sync: complete
