stage: optional directory absent: /home/mmoslem3/scratch/attack_if/last_night_H200_2026-08-26/ours_result/CIFAR10_VGG13BN_sapa_ours_dog-bird_b0.002_eps8_seed42_lam1_cosine_seldpp2_selarchConvNetBN_K1_worst0.05_ce5_tgt50
stage: optional directory absent: /home/mmoslem3/scratch/attack_if/ours_result/CIFAR10_VGG13BN_sapa_ours_dog-bird_b0.002_eps8_seed42_lam1_cosine_seldpp2_selarchConvNetBN_K1_worst0.05_ce5_tgt50
job: 5034944 cross_188_k1_sapa_b0_002_sconvnet_avgg13_dpp on kn015
work: /tmp/attack_if
config: SEL_K=1 BUDGET=0.002 ATTACKS=sapa MODELS=VGG13BN SELECTOR_MODELS=ConvNetBN SELECTIONS=dpp RUN_MATCHED=1 NUM_TARGETS=5 NUM_VICTIMS=4 sh cross_arch.sh
protocol: one cell, 5 targets x 4 victims
gpu: NVIDIA L40S
=== cross-architecture sweep ===
    A=V models : VGG13BN
    S models   : ConvNetBN
    attacks    : sapa (fc is BP)
    selections : dpp
    budget     : 0.002 (targets pinned from b0.005)
    protocol   : 5 targets x 4 victims, 20 surrogates
    selector K : 1
    Jacobian   : enabled=0 weight=1.0 batch=64

=== S=ConvNetBN -> A=V=VGG13BN | sapa | dpp ===
    targets=target_sets/xarch_VGG13BN_gradmatch_dog-bird_b0.005.json (5), victims=4, surrogates=20
    Jacobian: enabled=0 weight=1.0 batch=64
[2026-08-26 21:54:51] === run start: CIFAR10_VGG13BN_sapa_ours_dog-bird_b0.002_eps8_seed42_lam1_cosine_seldpp2_selarchConvNetBN_K1_worst0.05_ce5_tgt50 on cuda [0] ===
[2026-08-26 21:54:51] args: {"FORCE": false, "attack": "sapa", "base": "ours", "base_dist": "cosine", "base_topr": null, "budget": 0.002, "cache_dir": "/tmp/attack_if/cache", "class_pair": "dog-bird", "clean_baseline": true, "craft_alpha": 0.0039216, "craft_aug": true, "craft_batch": 256, "craft_ensemble": 5, "craft_lowmem": true, "craft_schedule": false, "craft_steps": 250, "data_path": "/tmp/attack_if/data", "dataset": "CIFAR10", "dsa_strategy": "color_crop_cutout_flip_scale_rotate", "epsilon": 0.0313725, "fast_gradmatch": true, "fc_mode": "sample", "fc_restarts": 1, "gpus": "all", "jacobian_batch_size": 64, "jacobian_weight": 1.0, "lambda_margin": 1.0, "model": "VGG13BN", "no_resume": false, "num_poisons": 500, "num_surrogates": 20, "num_targets": 5, "num_victims": 4, "out_dir": "/tmp/attack_if/ours_result", "pair_order": "poison-target", "parallel_pretrain": true, "parallel_targets": true, "precompute_id": null, "precompute_only": false, "precompute_part": "both", "rank_on_victims": true, "recompute_deltas": false, "require_correct_target": false, "restarts": 8, "seed": 42, "sel_K": 1, "sel_alpha": 2.0, "sel_criterion": null, "sel_dpp": true, "sel_filter": false, "sel_mmr": false, "sel_mode": "dpp", "sel_model": "ConvNetBN", "sel_mu": 1.0, "sel_pca": false, "sel_pool": 3.0, "sharp_mode": "worst", "sharp_samples": 20, "sharp_sigma": 0.05, "steal_timeout": 7200.0, "surrogate_aug": false, "surrogate_bs": 128, "surrogate_decay": [35, 45], "surrogate_epochs": 60, "surrogate_lr": 0.1, "surrogate_wd": 0.0, "target_idx_file": "target_sets/xarch_VGG13BN_gradmatch_dog-bird_b0.005.json", "target_select": 50, "use_jacobian_score": false, "victim_aug": false, "victim_bs": 125, "victim_decay": [40], "victim_epochs": 50, "victim_lr": 0.1, "victim_wd": 0.0}
[2026-08-26 21:54:51] Jacobian score: disabled
[2026-08-26 21:54:51] N_total=50000 budget=0.002 -> N_p=100 poisons, y_adv=5(dog) target_class=2(bird)
[2026-08-26 21:54:51] === surrogates (20 x VGG13BN, trained on the full real set) ===
[2026-08-26 21:54:53]   crafting on 5/20 surrogates
[2026-08-26 21:54:53] === selection surrogates (20 x ConvNetBN, cross-architecture) ===
[2026-08-26 21:54:53] === clean victims (4 x VGG13BN) ===
[2026-08-26 21:54:54]   clean baseline CTA = 0.8426 +/- 0.0172
[2026-08-26 21:54:55]   target pool 1000 -> eligible 966 (34 already predicted as y_adv or dropped)
[2026-08-26 21:54:55]   chosen 5 targets (file), p_adv range 0.0000..0.0000
[2026-08-26 21:54:55]   targets: [409, 630, 1656, 2270, 5022]
[2026-08-26 21:54:55] === target 409 (1/5) ===
[2026-08-26 21:58:14]   target 409: crafted 100 poisons in 199 s, obj=0.24553
[2026-08-26 21:58:14]   target 409: realized linf = 0.03137 (8.00/255), budget = 8.00/255
[2026-08-26 21:59:56]   [t409 v1/4] SUCCESS (pred=dog) CTA=0.8498
[2026-08-26 22:01:36]   [t409 v2/4] fail (pred=cat) CTA=0.8525
[2026-08-26 22:03:16]   [t409 v3/4] fail (pred=cat) CTA=0.8640
[2026-08-26 22:04:55]   [t409 v4/4] SUCCESS (pred=dog) CTA=0.8496
[2026-08-26 22:04:55]   target 409, 4 victims on this gpu: ASR=50.0% CTA=0.8540 +/- 0.0059
[2026-08-26 22:04:55] === target 630 (2/5) ===
[2026-08-26 22:08:12]   target 630: crafted 100 poisons in 197 s, obj=0.26668
[2026-08-26 22:08:12]   target 630: realized linf = 0.03137 (8.00/255), budget = 8.00/255
[2026-08-26 22:09:52]   [t630 v1/4] fail (pred=bird) CTA=0.8620
[2026-08-26 22:11:31]   [t630 v2/4] SUCCESS (pred=dog) CTA=0.8489
[2026-08-26 22:13:11]   [t630 v3/4] SUCCESS (pred=dog) CTA=0.8541
[2026-08-26 22:14:50]   [t630 v4/4] SUCCESS (pred=dog) CTA=0.8564
[2026-08-26 22:14:50]   target 630, 4 victims on this gpu: ASR=75.0% CTA=0.8554 +/- 0.0047
[2026-08-26 22:14:50] === target 1656 (3/5) ===
[2026-08-26 22:18:10]   target 1656: crafted 100 poisons in 200 s, obj=0.26544
[2026-08-26 22:18:10]   target 1656: realized linf = 0.03137 (8.00/255), budget = 8.00/255
[2026-08-26 22:19:49]   [t1656 v1/4] SUCCESS (pred=dog) CTA=0.8499
[2026-08-26 22:21:29]   [t1656 v2/4] SUCCESS (pred=dog) CTA=0.8515
[2026-08-26 22:23:09]   [t1656 v3/4] SUCCESS (pred=dog) CTA=0.8522
[2026-08-26 22:24:49]   [t1656 v4/4] SUCCESS (pred=dog) CTA=0.8620
[2026-08-26 22:24:49]   target 1656, 4 victims on this gpu: ASR=100.0% CTA=0.8539 +/- 0.0048
[2026-08-26 22:24:49] === target 2270 (4/5) ===
[2026-08-26 22:28:10]   target 2270: crafted 100 poisons in 201 s, obj=0.27654
[2026-08-26 22:28:10]   target 2270: realized linf = 0.03137 (8.00/255), budget = 8.00/255
[2026-08-26 22:29:50]   [t2270 v1/4] SUCCESS (pred=dog) CTA=0.8602
[2026-08-26 22:31:29]   [t2270 v2/4] SUCCESS (pred=dog) CTA=0.8526
[2026-08-26 22:33:09]   [t2270 v3/4] SUCCESS (pred=dog) CTA=0.8470
[2026-08-26 22:34:48]   [t2270 v4/4] SUCCESS (pred=dog) CTA=0.8610
[2026-08-26 22:34:48]   target 2270, 4 victims on this gpu: ASR=100.0% CTA=0.8552 +/- 0.0058
[2026-08-26 22:34:48] === target 5022 (5/5) ===
[2026-08-26 22:38:18]   target 5022: crafted 100 poisons in 209 s, obj=0.25018
[2026-08-26 22:38:18]   target 5022: realized linf = 0.03137 (8.00/255), budget = 8.00/255
[2026-08-26 22:39:58]   [t5022 v1/4] SUCCESS (pred=dog) CTA=0.8560
[2026-08-26 22:41:37]   [t5022 v2/4] SUCCESS (pred=dog) CTA=0.8526
[2026-08-26 22:43:17]   [t5022 v3/4] SUCCESS (pred=dog) CTA=0.8512
[2026-08-26 22:44:56]   [t5022 v4/4] SUCCESS (pred=dog) CTA=0.8541
[2026-08-26 22:44:57]   target 5022, 4 victims on this gpu: ASR=100.0% CTA=0.8535 +/- 0.0018
[2026-08-26 22:44:57] ==== CIFAR10_VGG13BN_sapa_ours_dog-bird_b0.002_eps8_seed42_lam1_cosine_seldpp2_selarchConvNetBN_K1_worst0.05_ce5_tgt50 : ASR = 85.0% +/- 20.0% | CTA = 0.8544 (baseline 0.8426) ====
[2026-08-26 22:44:57]   target-prediction tally ['airplane', 'automobile', 'bird', 'cat', 'deer', 'dog', 'frog', 'horse', 'ship', 'truck']: [0, 0, 1, 2, 0, 17, 0, 0, 0, 0]

=== cross-architecture sweep finished ===
sync: cross-architecture artifacts -> /home/mmoslem3/scratch/attack_if
sync: complete
