stage: optional directory absent: /home/mmoslem3/scratch/attack_if/last_night_H200_2026-08-26/ours_result/CIFAR10_VGG13BN_fc_random_dog-bird_b0.002_eps8_seed42_selarchResNet20BN_K1_ce5_tgt3
stage: optional directory absent: /home/mmoslem3/scratch/attack_if/ours_result/CIFAR10_VGG13BN_fc_random_dog-bird_b0.002_eps8_seed42_selarchResNet20BN_K1_ce5_tgt3
job: 5034749 cross_011_k1_fc_b0_002_sresnet20_avgg13_random on kn038
work: /tmp/attack_if
config: SEL_K=1 BUDGET=0.002 ATTACKS=fc MODELS=VGG13BN SELECTOR_MODELS=ResNet20BN SELECTIONS=random RUN_MATCHED=1 NUM_TARGETS=5 NUM_VICTIMS=4 sh cross_arch.sh
protocol: one cell, 5 targets x 4 victims
gpu: NVIDIA L40S
=== cross-architecture sweep ===
    A=V models : VGG13BN
    S models   : ResNet20BN
    attacks    : fc (fc is BP)
    selections : random
    budget     : 0.002 (targets pinned from b0.005)
    protocol   : 5 targets x 4 victims, 20 surrogates
    selector K : 1
    Jacobian   : enabled=0 weight=1.0 batch=64

=== S=ResNet20BN -> A=V=VGG13BN | fc | random ===
    targets=target_sets/xarch_VGG13BN_fc_dog-bird_b0.005.json (5), victims=4, surrogates=20
    Jacobian: not applicable to Random; run is unchanged
[2026-08-26 12:49:28] === run start: CIFAR10_VGG13BN_fc_random_dog-bird_b0.002_eps8_seed42_selarchResNet20BN_K1_ce5_tgt3 on cuda [0] ===
[2026-08-26 12:49:28] args: {"FORCE": false, "attack": "fc", "base": "random", "base_dist": "l2", "base_topr": null, "budget": 0.002, "cache_dir": "/tmp/attack_if/cache", "class_pair": "dog-bird", "clean_baseline": true, "craft_alpha": 0.0039216, "craft_aug": true, "craft_batch": 256, "craft_ensemble": 5, "craft_lowmem": false, "craft_schedule": false, "craft_steps": 250, "data_path": "/tmp/attack_if/data", "dataset": "CIFAR10", "dsa_strategy": "color_crop_cutout_flip_scale_rotate", "epsilon": 0.0313725, "fast_gradmatch": false, "fc_mode": "sample", "fc_restarts": 1, "gpus": "all", "jacobian_batch_size": 64, "jacobian_weight": 1.0, "lambda_margin": 1.0, "model": "VGG13BN", "no_resume": false, "num_poisons": 500, "num_surrogates": 20, "num_targets": 5, "num_victims": 4, "out_dir": "/tmp/attack_if/ours_result", "pair_order": "poison-target", "parallel_pretrain": true, "parallel_targets": true, "precompute_id": null, "precompute_only": false, "precompute_part": "both", "rank_on_victims": true, "recompute_deltas": false, "require_correct_target": false, "restarts": 8, "seed": 42, "sel_K": 1, "sel_alpha": 1.0, "sel_criterion": null, "sel_dpp": false, "sel_filter": false, "sel_mmr": false, "sel_mode": null, "sel_model": "ResNet20BN", "sel_mu": 1.0, "sel_pca": false, "sel_pool": 3.0, "sharp_mode": "worst", "sharp_samples": 20, "sharp_sigma": 0.05, "steal_timeout": 7200.0, "surrogate_aug": false, "surrogate_bs": 128, "surrogate_decay": [35, 45], "surrogate_epochs": 60, "surrogate_lr": 0.1, "surrogate_wd": 0.0, "target_idx_file": "target_sets/xarch_VGG13BN_fc_dog-bird_b0.005.json", "target_select": 3, "use_jacobian_score": false, "victim_aug": false, "victim_bs": 125, "victim_decay": [40], "victim_epochs": 50, "victim_lr": 0.1, "victim_wd": 0.0}
[2026-08-26 12:49:28] Jacobian score: disabled
[2026-08-26 12:49:28] N_total=50000 budget=0.002 -> N_p=100 poisons, y_adv=5(dog) target_class=2(bird)
[2026-08-26 12:49:28] === surrogates (20 x VGG13BN, trained on the full real set) ===
[2026-08-26 12:49:30]   crafting on 5/20 surrogates
[2026-08-26 12:49:30] === clean victims (4 x VGG13BN) ===
[2026-08-26 12:49:31]   clean baseline CTA = 0.8426 +/- 0.0172
[2026-08-26 12:49:32]   target pool 1000 -> eligible 966 (34 already predicted as y_adv or dropped)
[2026-08-26 12:49:32]   chosen 5 targets (file), p_adv range 0.0029..0.2923
[2026-08-26 12:49:32]   targets: [2127, 2171, 2597, 3728, 4462]
[2026-08-26 12:49:32] === target 2127 (1/5) ===
[2026-08-26 12:49:35]   target 2127: crafted 100 poisons in 3 s, obj=0.00268
[2026-08-26 12:49:35]   target 2127: realized linf = 0.03137 (8.00/255), budget = 8.00/255
[2026-08-26 12:51:15]   [t2127 v1/4] fail (pred=deer) CTA=0.8673
[2026-08-26 12:52:55]   [t2127 v2/4] fail (pred=deer) CTA=0.8429
[2026-08-26 12:54:34]   [t2127 v3/4] fail (pred=deer) CTA=0.8478
[2026-08-26 12:56:14]   [t2127 v4/4] fail (pred=deer) CTA=0.8588
[2026-08-26 12:56:14]   target 2127, 4 victims on this gpu: ASR=0.0% CTA=0.8542 +/- 0.0095
[2026-08-26 12:56:14] === target 2171 (2/5) ===
[2026-08-26 12:56:18]   target 2171: crafted 100 poisons in 3 s, obj=0.00271
[2026-08-26 12:56:18]   target 2171: realized linf = 0.03137 (8.00/255), budget = 8.00/255
[2026-08-26 12:57:59]   [t2171 v1/4] fail (pred=bird) CTA=0.8509
[2026-08-26 12:59:39]   [t2171 v2/4] fail (pred=bird) CTA=0.8613
[2026-08-26 13:01:18]   [t2171 v3/4] fail (pred=bird) CTA=0.8622
[2026-08-26 13:02:58]   [t2171 v4/4] SUCCESS (pred=dog) CTA=0.8423
[2026-08-26 13:02:58]   target 2171, 4 victims on this gpu: ASR=25.0% CTA=0.8542 +/- 0.0082
[2026-08-26 13:02:58] === target 2597 (3/5) ===
[2026-08-26 13:03:02]   target 2597: crafted 100 poisons in 3 s, obj=0.00239
[2026-08-26 13:03:02]   target 2597: realized linf = 0.03137 (8.00/255), budget = 8.00/255
[2026-08-26 13:04:43]   [t2597 v1/4] fail (pred=cat) CTA=0.8395
[2026-08-26 13:06:23]   [t2597 v2/4] fail (pred=bird) CTA=0.8659
[2026-08-26 13:08:03]   [t2597 v3/4] fail (pred=cat) CTA=0.8433
[2026-08-26 13:09:42]   [t2597 v4/4] fail (pred=cat) CTA=0.8236
[2026-08-26 13:09:42]   target 2597, 4 victims on this gpu: ASR=0.0% CTA=0.8431 +/- 0.0151
[2026-08-26 13:09:42] === target 3728 (4/5) ===
[2026-08-26 13:09:46]   target 3728: crafted 100 poisons in 3 s, obj=0.00272
[2026-08-26 13:09:46]   target 3728: realized linf = 0.03137 (8.00/255), budget = 8.00/255
[2026-08-26 13:11:27]   [t3728 v1/4] SUCCESS (pred=dog) CTA=0.8458
[2026-08-26 13:13:07]   [t3728 v2/4] fail (pred=frog) CTA=0.8454
[2026-08-26 13:14:47]   [t3728 v3/4] fail (pred=bird) CTA=0.8426
[2026-08-26 13:16:26]   [t3728 v4/4] fail (pred=bird) CTA=0.8511
[2026-08-26 13:16:26]   target 3728, 4 victims on this gpu: ASR=25.0% CTA=0.8462 +/- 0.0031
[2026-08-26 13:16:26] === target 4462 (5/5) ===
[2026-08-26 13:16:30]   target 4462: crafted 100 poisons in 3 s, obj=0.00365
[2026-08-26 13:16:30]   target 4462: realized linf = 0.03137 (8.00/255), budget = 8.00/255
[2026-08-26 13:18:11]   [t4462 v1/4] fail (pred=bird) CTA=0.8622
[2026-08-26 13:19:51]   [t4462 v2/4] fail (pred=bird) CTA=0.8580
[2026-08-26 13:21:31]   [t4462 v3/4] fail (pred=bird) CTA=0.8543
[2026-08-26 13:23:11]   [t4462 v4/4] SUCCESS (pred=dog) CTA=0.8552
[2026-08-26 13:23:11]   target 4462, 4 victims on this gpu: ASR=25.0% CTA=0.8574 +/- 0.0031
[2026-08-26 13:23:11] ==== CIFAR10_VGG13BN_fc_random_dog-bird_b0.002_eps8_seed42_selarchResNet20BN_K1_ce5_tgt3 : ASR = 15.0% +/- 12.2% | CTA = 0.8510 (baseline 0.8426) ====
[2026-08-26 13:23:11]   target-prediction tally ['airplane', 'automobile', 'bird', 'cat', 'deer', 'dog', 'frog', 'horse', 'ship', 'truck']: [0, 0, 9, 3, 4, 3, 1, 0, 0, 0]

=== cross-architecture sweep finished ===
sync: cross-architecture artifacts -> /home/mmoslem3/scratch/attack_if
sync: complete
