stage: optional directory absent: /home/mmoslem3/scratch/attack_if/last_night_H200_2026-08-26/ours_result/CIFAR10_VGG13BN_fc_ours_dog-bird_b0.002_eps8_seed42_lam1_cosine_selarchConvNetBN_K1_ce5_tgt3
stage: optional directory absent: /home/mmoslem3/scratch/attack_if/ours_result/CIFAR10_VGG13BN_fc_ours_dog-bird_b0.002_eps8_seed42_lam1_cosine_selarchConvNetBN_K1_ce5_tgt3
job: 5034756 cross_017_k1_fc_b0_002_sconvnet_avgg13_greedy on kn162
work: /tmp/attack_if
config: SEL_K=1 BUDGET=0.002 ATTACKS=fc MODELS=VGG13BN SELECTOR_MODELS=ConvNetBN SELECTIONS=greedy RUN_MATCHED=1 NUM_TARGETS=5 NUM_VICTIMS=4 sh cross_arch.sh
protocol: one cell, 5 targets x 4 victims
gpu: NVIDIA L40S
=== cross-architecture sweep ===
    A=V models : VGG13BN
    S models   : ConvNetBN
    attacks    : fc (fc is BP)
    selections : greedy
    budget     : 0.002 (targets pinned from b0.005)
    protocol   : 5 targets x 4 victims, 20 surrogates
    selector K : 1
    Jacobian   : enabled=0 weight=1.0 batch=64

=== S=ConvNetBN -> A=V=VGG13BN | fc | greedy ===
    targets=target_sets/xarch_VGG13BN_fc_dog-bird_b0.005.json (5), victims=4, surrogates=20
    Jacobian: disabled for Greedy in this table
[2026-08-26 13:04:48] === run start: CIFAR10_VGG13BN_fc_ours_dog-bird_b0.002_eps8_seed42_lam1_cosine_selarchConvNetBN_K1_ce5_tgt3 on cuda [0] ===
[2026-08-26 13:04:48] args: {"FORCE": false, "attack": "fc", "base": "ours", "base_dist": "cosine", "base_topr": null, "budget": 0.002, "cache_dir": "/tmp/attack_if/cache", "class_pair": "dog-bird", "clean_baseline": true, "craft_alpha": 0.0039216, "craft_aug": true, "craft_batch": 256, "craft_ensemble": 5, "craft_lowmem": false, "craft_schedule": false, "craft_steps": 250, "data_path": "/tmp/attack_if/data", "dataset": "CIFAR10", "dsa_strategy": "color_crop_cutout_flip_scale_rotate", "epsilon": 0.0313725, "fast_gradmatch": false, "fc_mode": "sample", "fc_restarts": 1, "gpus": "all", "jacobian_batch_size": 64, "jacobian_weight": 1.0, "lambda_margin": 1.0, "model": "VGG13BN", "no_resume": false, "num_poisons": 500, "num_surrogates": 20, "num_targets": 5, "num_victims": 4, "out_dir": "/tmp/attack_if/ours_result", "pair_order": "poison-target", "parallel_pretrain": true, "parallel_targets": true, "precompute_id": null, "precompute_only": false, "precompute_part": "both", "rank_on_victims": true, "recompute_deltas": false, "require_correct_target": false, "restarts": 8, "seed": 42, "sel_K": 1, "sel_alpha": 1.0, "sel_criterion": null, "sel_dpp": false, "sel_filter": false, "sel_mmr": false, "sel_mode": null, "sel_model": "ConvNetBN", "sel_mu": 1.0, "sel_pca": false, "sel_pool": 3.0, "sharp_mode": "worst", "sharp_samples": 20, "sharp_sigma": 0.05, "steal_timeout": 7200.0, "surrogate_aug": false, "surrogate_bs": 128, "surrogate_decay": [35, 45], "surrogate_epochs": 60, "surrogate_lr": 0.1, "surrogate_wd": 0.0, "target_idx_file": "target_sets/xarch_VGG13BN_fc_dog-bird_b0.005.json", "target_select": 3, "use_jacobian_score": false, "victim_aug": false, "victim_bs": 125, "victim_decay": [40], "victim_epochs": 50, "victim_lr": 0.1, "victim_wd": 0.0}
[2026-08-26 13:04:48] Jacobian score: disabled
[2026-08-26 13:04:48] N_total=50000 budget=0.002 -> N_p=100 poisons, y_adv=5(dog) target_class=2(bird)
[2026-08-26 13:04:48] === surrogates (20 x VGG13BN, trained on the full real set) ===
[2026-08-26 13:04:50]   crafting on 5/20 surrogates
[2026-08-26 13:04:50] === selection surrogates (20 x ConvNetBN, cross-architecture) ===
[2026-08-26 13:04:50] === clean victims (4 x VGG13BN) ===
[2026-08-26 13:04:51]   clean baseline CTA = 0.8426 +/- 0.0172
[2026-08-26 13:04:51]   target pool 1000 -> eligible 966 (34 already predicted as y_adv or dropped)
[2026-08-26 13:04:51]   chosen 5 targets (file), p_adv range 0.0029..0.2923
[2026-08-26 13:04:51]   targets: [2127, 2171, 2597, 3728, 4462]
[2026-08-26 13:04:52] === target 2127 (1/5) ===
[2026-08-26 13:04:55]   target 2127: crafted 100 poisons in 3 s, obj=0.00196
[2026-08-26 13:04:55]   target 2127: realized linf = 0.03137 (8.00/255), budget = 8.00/255
[2026-08-26 13:06:34]   [t2127 v1/4] fail (pred=deer) CTA=0.8655
[2026-08-26 13:08:13]   [t2127 v2/4] SUCCESS (pred=dog) CTA=0.8401
[2026-08-26 13:09:52]   [t2127 v3/4] SUCCESS (pred=dog) CTA=0.8517
[2026-08-26 13:11:30]   [t2127 v4/4] SUCCESS (pred=dog) CTA=0.8522
[2026-08-26 13:11:30]   target 2127, 4 victims on this gpu: ASR=75.0% CTA=0.8524 +/- 0.0090
[2026-08-26 13:11:30] === target 2171 (2/5) ===
[2026-08-26 13:11:34]   target 2171: crafted 100 poisons in 3 s, obj=0.00212
[2026-08-26 13:11:34]   target 2171: realized linf = 0.03137 (8.00/255), budget = 8.00/255
[2026-08-26 13:13:13]   [t2171 v1/4] fail (pred=bird) CTA=0.8535
[2026-08-26 13:14:52]   [t2171 v2/4] fail (pred=bird) CTA=0.8598
[2026-08-26 13:16:30]   [t2171 v3/4] fail (pred=cat) CTA=0.8537
[2026-08-26 13:18:09]   [t2171 v4/4] SUCCESS (pred=dog) CTA=0.8523
[2026-08-26 13:18:09]   target 2171, 4 victims on this gpu: ASR=25.0% CTA=0.8548 +/- 0.0029
[2026-08-26 13:18:09] === target 2597 (3/5) ===
[2026-08-26 13:18:12]   target 2597: crafted 100 poisons in 3 s, obj=0.00208
[2026-08-26 13:18:12]   target 2597: realized linf = 0.03137 (8.00/255), budget = 8.00/255
[2026-08-26 13:19:52]   [t2597 v1/4] fail (pred=ship) CTA=0.8444
[2026-08-26 13:21:31]   [t2597 v2/4] SUCCESS (pred=dog) CTA=0.8631
[2026-08-26 13:23:09]   [t2597 v3/4] fail (pred=bird) CTA=0.8446
[2026-08-26 13:24:48]   [t2597 v4/4] SUCCESS (pred=dog) CTA=0.8442
[2026-08-26 13:24:48]   target 2597, 4 victims on this gpu: ASR=50.0% CTA=0.8491 +/- 0.0081
[2026-08-26 13:24:48] === target 3728 (4/5) ===
[2026-08-26 13:24:51]   target 3728: crafted 100 poisons in 3 s, obj=0.00212
[2026-08-26 13:24:51]   target 3728: realized linf = 0.03137 (8.00/255), budget = 8.00/255
[2026-08-26 13:26:30]   [t3728 v1/4] SUCCESS (pred=dog) CTA=0.8517
[2026-08-26 13:28:09]   [t3728 v2/4] SUCCESS (pred=dog) CTA=0.8523
[2026-08-26 13:29:47]   [t3728 v3/4] SUCCESS (pred=dog) CTA=0.8415
[2026-08-26 13:31:26]   [t3728 v4/4] fail (pred=deer) CTA=0.8547
[2026-08-26 13:31:26]   target 3728, 4 victims on this gpu: ASR=75.0% CTA=0.8500 +/- 0.0051
[2026-08-26 13:31:26] === target 4462 (5/5) ===
[2026-08-26 13:31:29]   target 4462: crafted 100 poisons in 3 s, obj=0.00295
[2026-08-26 13:31:29]   target 4462: realized linf = 0.03137 (8.00/255), budget = 8.00/255
[2026-08-26 13:33:08]   [t4462 v1/4] SUCCESS (pred=dog) CTA=0.8596
[2026-08-26 13:34:47]   [t4462 v2/4] fail (pred=bird) CTA=0.8522
[2026-08-26 13:36:25]   [t4462 v3/4] SUCCESS (pred=dog) CTA=0.8492
[2026-08-26 13:38:04]   [t4462 v4/4] fail (pred=bird) CTA=0.8533
[2026-08-26 13:38:04]   target 4462, 4 victims on this gpu: ASR=50.0% CTA=0.8536 +/- 0.0038
[2026-08-26 13:38:04] ==== CIFAR10_VGG13BN_fc_ours_dog-bird_b0.002_eps8_seed42_lam1_cosine_selarchConvNetBN_K1_ce5_tgt3 : ASR = 55.0% +/- 18.7% | CTA = 0.8520 (baseline 0.8426) ====
[2026-08-26 13:38:04]   target-prediction tally ['airplane', 'automobile', 'bird', 'cat', 'deer', 'dog', 'frog', 'horse', 'ship', 'truck']: [0, 0, 5, 1, 2, 11, 0, 0, 1, 0]

=== cross-architecture sweep finished ===
sync: cross-architecture artifacts -> /home/mmoslem3/scratch/attack_if
sync: complete
