stage: optional file absent: /home/mmoslem3/scratch/attack_if/target_sets/def_ConvNetBN_fc_dog-bird_b0.02_jacw1.json
stage: optional directory absent: /home/mmoslem3/scratch/attack_if/defense_result/CIFAR10_ConvNetBN_fc_ours_dog-bird_b0.02_eps8_seed42_lam1_cosine_seldpp2_jacw1_ce5_tgt50__def-friends-friendly.bernoulli-e8-p5-clp16
job: 5026602 defense_024_convnet_fc_dog_bird_b0_02_friends_dpp_j on kn115
work: /tmp/attack_if
config: USE_JACOBIAN_SCORE=1 JACOBIAN_WEIGHT=1.0 JACOBIAN_BATCH_SIZE=64 CLASS_PAIR="dog-bird" MODEL="ConvNetBN" ATTACK="fc" BUDGETS=0.02 SELS=dpp SEL_ALPHA=2.0 DEFENSES="friends" NUM_TARGETS=7 NUM_VICTIMS=5 sh defense.sh
protocol: attack=8 targets x 5 victims; defense=7 targets x 5 victims
gpu: NVIDIA L40S
#  b0.02   dpp=10                       -> 10 paired target(s)
=== defense sweep | ConvNetBN / fc / dog-bird (tgt50) ===
    selections : dpp   (dpp alpha 2.0)
    selector   : Jacobian enabled for ours/dpp (weight 1.0, batch 64); random unchanged
    defenses   : friends
    poisons    : replayed from /tmp/attack_if/ours_result, results into /tmp/attack_if/defense_result

--- budget 0.02 | defense friends | selection dpp ---
[2026-08-26 00:47:32] === defense run: CIFAR10_ConvNetBN_fc_ours_dog-bird_b0.02_eps8_seed42_lam1_cosine_seldpp2_jacw1_ce5_tgt50__def-friends-friendly.bernoulli-e8-p5-clp16 ===
[2026-08-26 00:47:32]     poisons replayed from /tmp/attack_if/ours_result/CIFAR10_ConvNetBN_fc_ours_dog-bird_b0.02_eps8_seed42_lam1_cosine_seldpp2_jacw1_ce5_tgt50
[2026-08-26 00:47:32]     defense = friends  (friends-friendly.bernoulli-e8-p5-clp16)
[2026-08-26 00:47:32]     victim augmentation = none  (applied to the poisoned image, resampled every epoch)
[2026-08-26 00:47:32] args: {"adv_eps": 8.0, "adv_step_size": 0.0, "adv_steps": 5, "attack": "fc", "aug_cutout_length": 16, "aug_flip_p": 0.5, "aug_pad": 4, "aug_randaug_magnitude": 9, "aug_randaug_ops": 2, "base": "ours", "base_dist": "cosine", "budget": 0.02, "cache_dir": "/tmp/attack_if/cache", "class_pair": "dog-bird", "clean_baseline": true, "craft_aug": true, "craft_ensemble": 5, "data_path": "/tmp/data", "dataset": "CIFAR10", "defense": "friends", "defense_out_dir": "/tmp/attack_if/defense_result", "defense_parts": ["friends"], "dsa_strategy": "color_crop_cutout_flip_scale_rotate", "epic_cluster_thresh": 1.0, "epic_drop_after": 10, "epic_freq": 2, "epic_metric": "euclidean", "epic_stop_after": -1, "epic_subset_size": 0.1, "epsilon": 0.0313725, "fc_mode": "sample", "friendly_begin_epoch": 5, "friendly_bs": 512, "friendly_clamp": 16.0, "friendly_epochs": 30, "friendly_lr": 100.0, "friendly_momentum": 0.9, "friendly_mu": 1.0, "gpus": "all", "jacobian_batch_size": 64, "jacobian_weight": 1.0, "lambda_margin": 1.0, "list_cached": false, "model": "ConvNetBN", "no_resume": false, "noise_eps": 8.0, "noise_type": ["friendly", "bernoulli"], "num_targets": 7, "num_victims": 5, "out_dir": "/tmp/attack_if/ours_result", "pair_order": "poison-target", "parallel_trials": true, "recompute_deltas": false, "seed": 42, "sel_alpha": 2.0, "sel_dpp": true, "sel_filter": false, "sel_mmr": false, "sel_mode": "dpp", "sel_mu": 1.0, "sel_pca": false, "sel_pool": 3.0, "sharp_mode": "worst", "sharp_samples": 20, "sharp_sigma": 0.05, "target_idx_file": "target_sets/def_ConvNetBN_fc_dog-bird_b0.02_jacw1.json", "target_select": 50, "use_jacobian_score": true, "victim_aug": "none", "victim_bs": 125, "victim_decay": [40], "victim_epochs": 50, "victim_lr": 0.1, "victim_wd": 0.0}
[2026-08-26 00:47:54]   7 target(s) with saved poisons: [2540, 3725, 3875, 5169, 5705, 6335, 7488]
[2026-08-26 00:47:54] === defended clean victims (5 x ConvNetBN, defense friends-friendly.bernoulli-e8-p5-clp16) ===
[2026-08-26 00:47:54]   defended clean CTA = 0.7538 +/- 0.0081
[2026-08-26 00:47:55] === target 2540: 1000 saved poisons, realized linf 8.00/255 ===
[2026-08-26 00:48:28]   friendly noise: 50000 images in 28 s, mean|eps| = 0.0430 (10.97/255)
[2026-08-26 00:49:15]   [t2540 v1/5] SUCCESS (pred=dog) CTA=0.7412 (80 s)
[2026-08-26 00:49:48]   friendly noise: 50000 images in 28 s, mean|eps| = 0.0452 (11.52/255)
[2026-08-26 00:50:35]   [t2540 v2/5] SUCCESS (pred=dog) CTA=0.7241 (80 s)
[2026-08-26 00:51:08]   friendly noise: 50000 images in 28 s, mean|eps| = 0.0438 (11.16/255)
[2026-08-26 00:51:55]   [t2540 v3/5] SUCCESS (pred=dog) CTA=0.7477 (80 s)
[2026-08-26 00:52:28]   friendly noise: 50000 images in 28 s, mean|eps| = 0.0422 (10.76/255)
[2026-08-26 00:53:15]   [t2540 v4/5] SUCCESS (pred=dog) CTA=0.7473 (80 s)
[2026-08-26 00:53:48]   friendly noise: 50000 images in 28 s, mean|eps| = 0.0399 (10.17/255)
[2026-08-26 00:54:35]   [t2540 v5/5] SUCCESS (pred=dog) CTA=0.7535 (80 s)
[2026-08-26 00:54:35] === target 3725: 1000 saved poisons, realized linf 8.00/255 ===
[2026-08-26 00:55:08]   friendly noise: 50000 images in 28 s, mean|eps| = 0.0433 (11.04/255)
[2026-08-26 00:55:55]   [t3725 v1/5] SUCCESS (pred=dog) CTA=0.7493 (80 s)
[2026-08-26 00:56:28]   friendly noise: 50000 images in 28 s, mean|eps| = 0.0434 (11.07/255)
[2026-08-26 00:57:14]   [t3725 v2/5] SUCCESS (pred=dog) CTA=0.7339 (80 s)
[2026-08-26 00:57:48]   friendly noise: 50000 images in 28 s, mean|eps| = 0.0426 (10.87/255)
[2026-08-26 00:58:35]   [t3725 v3/5] SUCCESS (pred=dog) CTA=0.7377 (80 s)
[2026-08-26 00:59:08]   friendly noise: 50000 images in 28 s, mean|eps| = 0.0432 (11.01/255)
[2026-08-26 00:59:54]   [t3725 v4/5] SUCCESS (pred=dog) CTA=0.7196 (80 s)
[2026-08-26 01:00:28]   friendly noise: 50000 images in 28 s, mean|eps| = 0.0431 (10.99/255)
[2026-08-26 01:01:15]   [t3725 v5/5] SUCCESS (pred=dog) CTA=0.7426 (80 s)
[2026-08-26 01:01:15] === target 3875: 1000 saved poisons, realized linf 8.00/255 ===
[2026-08-26 01:01:48]   friendly noise: 50000 images in 28 s, mean|eps| = 0.0437 (11.14/255)
[2026-08-26 01:02:34]   [t3875 v1/5] SUCCESS (pred=dog) CTA=0.7453 (80 s)
[2026-08-26 01:03:08]   friendly noise: 50000 images in 28 s, mean|eps| = 0.0408 (10.41/255)
[2026-08-26 01:03:55]   [t3875 v2/5] fail (pred=horse) CTA=0.7530 (80 s)
[2026-08-26 01:04:28]   friendly noise: 50000 images in 28 s, mean|eps| = 0.0439 (11.18/255)
[2026-08-26 01:05:15]   [t3875 v3/5] fail (pred=bird) CTA=0.7522 (80 s)
[2026-08-26 01:05:48]   friendly noise: 50000 images in 28 s, mean|eps| = 0.0432 (11.01/255)
[2026-08-26 01:06:35]   [t3875 v4/5] SUCCESS (pred=dog) CTA=0.7383 (80 s)
[2026-08-26 01:07:08]   friendly noise: 50000 images in 28 s, mean|eps| = 0.0418 (10.66/255)
[2026-08-26 01:07:55]   [t3875 v5/5] SUCCESS (pred=dog) CTA=0.7419 (80 s)
[2026-08-26 01:07:55] === target 5169: 1000 saved poisons, realized linf 8.00/255 ===
[2026-08-26 01:08:28]   friendly noise: 50000 images in 28 s, mean|eps| = 0.0429 (10.93/255)
[2026-08-26 01:09:15]   [t5169 v1/5] SUCCESS (pred=dog) CTA=0.7374 (80 s)
[2026-08-26 01:09:48]   friendly noise: 50000 images in 28 s, mean|eps| = 0.0393 (10.01/255)
[2026-08-26 01:10:35]   [t5169 v2/5] SUCCESS (pred=dog) CTA=0.7418 (80 s)
[2026-08-26 01:11:08]   friendly noise: 50000 images in 28 s, mean|eps| = 0.0434 (11.06/255)
[2026-08-26 01:11:55]   [t5169 v3/5] SUCCESS (pred=dog) CTA=0.7418 (80 s)
[2026-08-26 01:12:28]   friendly noise: 50000 images in 28 s, mean|eps| = 0.0441 (11.25/255)
[2026-08-26 01:13:15]   [t5169 v4/5] SUCCESS (pred=dog) CTA=0.7480 (80 s)
[2026-08-26 01:13:48]   friendly noise: 50000 images in 28 s, mean|eps| = 0.0433 (11.03/255)
[2026-08-26 01:14:35]   [t5169 v5/5] SUCCESS (pred=dog) CTA=0.7533 (80 s)
[2026-08-26 01:14:35] === target 5705: 1000 saved poisons, realized linf 8.00/255 ===
[2026-08-26 01:15:08]   friendly noise: 50000 images in 28 s, mean|eps| = 0.0435 (11.09/255)
[2026-08-26 01:15:55]   [t5705 v1/5] SUCCESS (pred=dog) CTA=0.7438 (80 s)
[2026-08-26 01:16:28]   friendly noise: 50000 images in 28 s, mean|eps| = 0.0424 (10.81/255)
[2026-08-26 01:17:15]   [t5705 v2/5] SUCCESS (pred=dog) CTA=0.7457 (80 s)
[2026-08-26 01:17:48]   friendly noise: 50000 images in 28 s, mean|eps| = 0.0445 (11.36/255)
[2026-08-26 01:18:35]   [t5705 v3/5] SUCCESS (pred=dog) CTA=0.7295 (80 s)
[2026-08-26 01:19:08]   friendly noise: 50000 images in 28 s, mean|eps| = 0.0432 (11.03/255)
[2026-08-26 01:19:55]   [t5705 v4/5] SUCCESS (pred=dog) CTA=0.7480 (80 s)
[2026-08-26 01:20:28]   friendly noise: 50000 images in 28 s, mean|eps| = 0.0392 (10.01/255)
[2026-08-26 01:21:14]   [t5705 v5/5] SUCCESS (pred=dog) CTA=0.7487 (80 s)
[2026-08-26 01:21:14] === target 6335: 1000 saved poisons, realized linf 8.00/255 ===
[2026-08-26 01:21:48]   friendly noise: 50000 images in 28 s, mean|eps| = 0.0439 (11.21/255)
[2026-08-26 01:22:34]   [t6335 v1/5] SUCCESS (pred=dog) CTA=0.7443 (80 s)
[2026-08-26 01:23:08]   friendly noise: 50000 images in 28 s, mean|eps| = 0.0438 (11.16/255)
[2026-08-26 01:23:54]   [t6335 v2/5] SUCCESS (pred=dog) CTA=0.7514 (80 s)
[2026-08-26 01:24:28]   friendly noise: 50000 images in 28 s, mean|eps| = 0.0435 (11.10/255)
[2026-08-26 01:25:14]   [t6335 v3/5] SUCCESS (pred=dog) CTA=0.7434 (80 s)
[2026-08-26 01:25:48]   friendly noise: 50000 images in 28 s, mean|eps| = 0.0388 (9.89/255)
[2026-08-26 01:26:34]   [t6335 v4/5] SUCCESS (pred=dog) CTA=0.7642 (80 s)
[2026-08-26 01:27:08]   friendly noise: 50000 images in 28 s, mean|eps| = 0.0413 (10.53/255)
[2026-08-26 01:27:54]   [t6335 v5/5] SUCCESS (pred=dog) CTA=0.7485 (80 s)
[2026-08-26 01:27:54] === target 7488: 1000 saved poisons, realized linf 8.00/255 ===
[2026-08-26 01:28:28]   friendly noise: 50000 images in 28 s, mean|eps| = 0.0435 (11.09/255)
[2026-08-26 01:29:14]   [t7488 v1/5] fail (pred=bird) CTA=0.7397 (80 s)
[2026-08-26 01:29:47]   friendly noise: 50000 images in 28 s, mean|eps| = 0.0347 (8.86/255)
[2026-08-26 01:30:34]   [t7488 v2/5] fail (pred=bird) CTA=0.6663 (80 s)
[2026-08-26 01:31:07]   friendly noise: 50000 images in 28 s, mean|eps| = 0.0450 (11.46/255)
[2026-08-26 01:31:54]   [t7488 v3/5] fail (pred=bird) CTA=0.7348 (80 s)
[2026-08-26 01:32:27]   friendly noise: 50000 images in 28 s, mean|eps| = 0.0450 (11.48/255)
[2026-08-26 01:33:14]   [t7488 v4/5] SUCCESS (pred=dog) CTA=0.7473 (80 s)
[2026-08-26 01:33:47]   friendly noise: 50000 images in 28 s, mean|eps| = 0.0422 (10.76/255)
[2026-08-26 01:34:34]   [t7488 v5/5] fail (pred=bird) CTA=0.7395 (80 s)
[2026-08-26 01:34:34] ==== CIFAR10_ConvNetBN_fc_ours_dog-bird_b0.02_eps8_seed42_lam1_cosine_seldpp2_jacw1_ce5_tgt50 | defense friends-friendly.bernoulli-e8-p5-clp16 : ASR = 82.9% +/- 29.1% | CTA = 0.7413 (defended clean 0.7538) ====
[2026-08-26 01:34:34]   target-prediction tally ['airplane', 'automobile', 'bird', 'cat', 'deer', 'dog', 'frog', 'horse', 'ship', 'truck']: [0, 0, 5, 0, 0, 29, 0, 1, 0, 0]
sync: preserving outputs in /home/mmoslem3/scratch/attack_if
sync: complete
