environment modules unavailable; using /home/mmoslem3/ENV directly
stage: optional directory absent: /home/mmoslem3/scratch/PoisonBase/cache/defended_victims/ResNet20BN_friends-friendly.bernoulli-e8-p5-clp16_50ep_lr0.1_bs125_wd0_seed42
stage: optional directory absent: /home/mmoslem3/scratch/PoisonBase/defense_result/CIFAR10_ResNet20BN_fc_ours_dog-bird_b0.01_eps8_seed42_lam1_cosine_seldpp0.1_ce5_tgt10__def-friends-friendly.bernoulli-e8-p5-clp16
job: 632312 defextra_a01_042_resnet20_bp_b001_friends on rack02-01
work: /tmp/attack_if
config: USE_JACOBIAN_SCORE=0 CLASS_PAIR=dog-bird MODEL=ResNet20BN ATTACK=fc TARGET_SELECT=10 BUDGETS=0.01 SELS=dpp SEL_ALPHA=0.1 DEFENSES=friends NUM_TARGETS=5 NUM_VICTIMS=4 sh defense.sh
protocol: defense=5 targets x 4 victims
gpu: NVIDIA L40S
/tmp/attack_if/defense.sh: 93: source: not found
#  b0.01   dpp=5                        -> 5 paired target(s)
=== defense sweep | ResNet20BN / fc / dog-bird (tgt10) ===
    selections : dpp   (dpp alpha 0.1)
    selector   : Jacobian disabled (historical attack-run names)
    defenses   : friends
    poisons    : replayed from /tmp/attack_if/ours_result, results into /tmp/attack_if/defense_result

--- budget 0.01 | defense friends | selection dpp ---
[2026-08-27 03:22:54] === defense run: CIFAR10_ResNet20BN_fc_ours_dog-bird_b0.01_eps8_seed42_lam1_cosine_seldpp0.1_ce5_tgt10__def-friends-friendly.bernoulli-e8-p5-clp16 ===
[2026-08-27 03:22:54]     poisons replayed from /tmp/attack_if/ours_result/CIFAR10_ResNet20BN_fc_ours_dog-bird_b0.01_eps8_seed42_lam1_cosine_seldpp0.1_ce5_tgt10
[2026-08-27 03:22:54]     defense = friends  (friends-friendly.bernoulli-e8-p5-clp16)
[2026-08-27 03:22:54]     victim augmentation = none  (applied to the poisoned image, resampled every epoch)
[2026-08-27 03:22:54] args: {"adv_eps": 8.0, "adv_step_size": 0.0, "adv_steps": 5, "attack": "fc", "aug_cutout_length": 16, "aug_flip_p": 0.5, "aug_pad": 4, "aug_randaug_magnitude": 9, "aug_randaug_ops": 2, "base": "ours", "base_dist": "cosine", "budget": 0.01, "cache_dir": "/tmp/attack_if/cache", "class_pair": "dog-bird", "clean_baseline": true, "craft_aug": true, "craft_ensemble": 5, "data_path": "/tmp/data", "dataset": "CIFAR10", "defense": "friends", "defense_out_dir": "/tmp/attack_if/defense_result", "defense_parts": ["friends"], "dsa_strategy": "color_crop_cutout_flip_scale_rotate", "epic_cluster_thresh": 1.0, "epic_drop_after": 10, "epic_freq": 2, "epic_metric": "euclidean", "epic_stop_after": -1, "epic_subset_size": 0.1, "epsilon": 0.0313725, "fc_mode": "sample", "friendly_begin_epoch": 5, "friendly_bs": 512, "friendly_clamp": 16.0, "friendly_epochs": 30, "friendly_lr": 100.0, "friendly_momentum": 0.9, "friendly_mu": 1.0, "gpus": "all", "jacobian_batch_size": 64, "jacobian_weight": 1.0, "lambda_margin": 1.0, "list_cached": false, "model": "ResNet20BN", "no_resume": false, "noise_eps": 8.0, "noise_type": ["friendly", "bernoulli"], "num_targets": 5, "num_victims": 4, "out_dir": "/tmp/attack_if/ours_result", "pair_order": "poison-target", "parallel_trials": true, "recompute_deltas": false, "seed": 42, "sel_alpha": 0.1, "sel_dpp": true, "sel_filter": false, "sel_mmr": false, "sel_mode": "dpp", "sel_mu": 1.0, "sel_pca": false, "sel_pool": 3.0, "sharp_mode": "worst", "sharp_samples": 20, "sharp_sigma": 0.05, "target_idx_file": "target_sets/def_ResNet20BN_fc_dog-bird_b0.01.json", "target_select": 10, "use_jacobian_score": false, "victim_aug": "none", "victim_bs": 125, "victim_decay": [40], "victim_epochs": 50, "victim_lr": 0.1, "victim_wd": 0.0}
[2026-08-27 03:23:06]   5 target(s) with saved poisons: [2315, 2903, 3495, 6697, 6899]
[2026-08-27 03:23:06] === defended clean victims (4 x ResNet20BN, defense friends-friendly.bernoulli-e8-p5-clp16) ===
[2026-08-27 03:23:40]   friendly noise: 50000 images in 24 s, mean|eps| = 0.0462 (11.78/255)
[2026-08-27 03:25:08]   trained defended clean victim 0 (ResNet20BN, friends-friendly.bernoulli-e8-p5-clp16): test acc = 0.7564 (122 s)
[2026-08-27 03:25:42]   friendly noise: 50000 images in 24 s, mean|eps| = 0.0483 (12.31/255)
[2026-08-27 03:27:09]   trained defended clean victim 1 (ResNet20BN, friends-friendly.bernoulli-e8-p5-clp16): test acc = 0.7349 (121 s)
[2026-08-27 03:27:43]   friendly noise: 50000 images in 24 s, mean|eps| = 0.0482 (12.30/255)
[2026-08-27 03:29:10]   trained defended clean victim 2 (ResNet20BN, friends-friendly.bernoulli-e8-p5-clp16): test acc = 0.7467 (121 s)
[2026-08-27 03:29:44]   friendly noise: 50000 images in 24 s, mean|eps| = 0.0478 (12.19/255)
[2026-08-27 03:31:11]   trained defended clean victim 3 (ResNet20BN, friends-friendly.bernoulli-e8-p5-clp16): test acc = 0.7389 (121 s)
[2026-08-27 03:31:11]   defended clean CTA = 0.7442 +/- 0.0082
[2026-08-27 03:31:12] === target 2315: 500 saved poisons, realized linf 8.00/255 ===
[2026-08-27 03:31:45]   friendly noise: 50000 images in 24 s, mean|eps| = 0.0478 (12.18/255)
[2026-08-27 03:33:13]   [t2315 v1/4] fail (pred=bird) CTA=0.7694 (121 s)
[2026-08-27 03:33:46]   friendly noise: 50000 images in 24 s, mean|eps| = 0.0486 (12.39/255)
[2026-08-27 03:35:14]   [t2315 v2/4] fail (pred=bird) CTA=0.7507 (121 s)
[2026-08-27 03:35:48]   friendly noise: 50000 images in 24 s, mean|eps| = 0.0464 (11.82/255)
[2026-08-27 03:37:15]   [t2315 v3/4] fail (pred=bird) CTA=0.7573 (121 s)
[2026-08-27 03:37:49]   friendly noise: 50000 images in 24 s, mean|eps| = 0.0474 (12.09/255)
[2026-08-27 03:39:16]   [t2315 v4/4] fail (pred=airplane) CTA=0.7422 (121 s)
[2026-08-27 03:39:16] === target 2903: 500 saved poisons, realized linf 8.00/255 ===
[2026-08-27 03:39:50]   friendly noise: 50000 images in 24 s, mean|eps| = 0.0473 (12.07/255)
[2026-08-27 03:41:17]   [t2903 v1/4] fail (pred=bird) CTA=0.7422 (121 s)
[2026-08-27 03:41:51]   friendly noise: 50000 images in 24 s, mean|eps| = 0.0474 (12.09/255)
[2026-08-27 03:43:18]   [t2903 v2/4] fail (pred=bird) CTA=0.7479 (121 s)
[2026-08-27 03:43:52]   friendly noise: 50000 images in 24 s, mean|eps| = 0.0483 (12.32/255)
[2026-08-27 03:45:19]   [t2903 v3/4] fail (pred=bird) CTA=0.7349 (121 s)
[2026-08-27 03:45:53]   friendly noise: 50000 images in 24 s, mean|eps| = 0.0482 (12.29/255)
[2026-08-27 03:47:20]   [t2903 v4/4] fail (pred=bird) CTA=0.7325 (121 s)
[2026-08-27 03:47:21] === target 3495: 500 saved poisons, realized linf 8.00/255 ===
[2026-08-27 03:47:54]   friendly noise: 50000 images in 24 s, mean|eps| = 0.0479 (12.22/255)
[2026-08-27 03:49:22]   [t3495 v1/4] fail (pred=bird) CTA=0.7560 (121 s)
[2026-08-27 03:49:55]   friendly noise: 50000 images in 24 s, mean|eps| = 0.0480 (12.23/255)
[2026-08-27 03:51:23]   [t3495 v2/4] fail (pred=horse) CTA=0.7378 (121 s)
[2026-08-27 03:51:57]   friendly noise: 50000 images in 24 s, mean|eps| = 0.0473 (12.06/255)
[2026-08-27 03:53:24]   [t3495 v3/4] fail (pred=horse) CTA=0.7497 (121 s)
[2026-08-27 03:53:58]   friendly noise: 50000 images in 24 s, mean|eps| = 0.0484 (12.33/255)
[2026-08-27 03:55:25]   [t3495 v4/4] fail (pred=horse) CTA=0.7399 (121 s)
[2026-08-27 03:55:25] === target 6697: 500 saved poisons, realized linf 8.00/255 ===
[2026-08-27 03:55:59]   friendly noise: 50000 images in 24 s, mean|eps| = 0.0475 (12.12/255)
[2026-08-27 03:57:26]   [t6697 v1/4] fail (pred=horse) CTA=0.7397 (121 s)
[2026-08-27 03:58:00]   friendly noise: 50000 images in 24 s, mean|eps| = 0.0486 (12.40/255)
[2026-08-27 03:59:27]   [t6697 v2/4] fail (pred=cat) CTA=0.7467 (121 s)
[2026-08-27 04:00:01]   friendly noise: 50000 images in 24 s, mean|eps| = 0.0474 (12.08/255)
[2026-08-27 04:01:28]   [t6697 v3/4] SUCCESS (pred=dog) CTA=0.7524 (121 s)
[2026-08-27 04:02:02]   friendly noise: 50000 images in 24 s, mean|eps| = 0.0474 (12.08/255)
[2026-08-27 04:03:30]   [t6697 v4/4] fail (pred=cat) CTA=0.7585 (121 s)
[2026-08-27 04:03:30] === target 6899: 500 saved poisons, realized linf 8.00/255 ===
[2026-08-27 04:04:03]   friendly noise: 50000 images in 24 s, mean|eps| = 0.0479 (12.21/255)
[2026-08-27 04:05:31]   [t6899 v1/4] SUCCESS (pred=dog) CTA=0.7372 (121 s)
[2026-08-27 04:06:05]   friendly noise: 50000 images in 24 s, mean|eps| = 0.0484 (12.34/255)
[2026-08-27 04:07:32]   [t6899 v2/4] fail (pred=cat) CTA=0.7459 (121 s)
[2026-08-27 04:08:06]   friendly noise: 50000 images in 24 s, mean|eps| = 0.0481 (12.27/255)
[2026-08-27 04:09:33]   [t6899 v3/4] fail (pred=cat) CTA=0.7371 (121 s)
[2026-08-27 04:10:07]   friendly noise: 50000 images in 24 s, mean|eps| = 0.0455 (11.60/255)
[2026-08-27 04:11:34]   [t6899 v4/4] SUCCESS (pred=dog) CTA=0.7424 (121 s)
[2026-08-27 04:11:34] ==== CIFAR10_ResNet20BN_fc_ours_dog-bird_b0.01_eps8_seed42_lam1_cosine_seldpp0.1_ce5_tgt10 | defense friends-friendly.bernoulli-e8-p5-clp16 : ASR = 15.0% +/- 20.0% | CTA = 0.7460 (defended clean 0.7442) ====
[2026-08-27 04:11:34]   target-prediction tally ['airplane', 'automobile', 'bird', 'cat', 'deer', 'dog', 'frog', 'horse', 'ship', 'truck']: [1, 0, 8, 4, 0, 3, 0, 4, 0, 0]
sync: preserving outputs in /home/mmoslem3/scratch/PoisonBase
sync: complete
