stage: optional file absent: /home/mmoslem3/scratch/attack_if/target_sets/def_ConvNetBN_fc_dog-bird_b0.01_jacw1.json
stage: optional directory absent: /home/mmoslem3/scratch/attack_if/defense_result/CIFAR10_ConvNetBN_fc_ours_dog-bird_b0.01_eps8_seed42_lam1_cosine_seldpp2_jacw1_ce5_tgt50__def-epic-s0.1-f2-d10
job: 5026583 defense_008_convnet_fc_dog_bird_b0_01_epic_dpp_j on kn070
work: /tmp/attack_if
config: USE_JACOBIAN_SCORE=1 JACOBIAN_WEIGHT=1.0 JACOBIAN_BATCH_SIZE=64 CLASS_PAIR="dog-bird" MODEL="ConvNetBN" ATTACK="fc" BUDGETS=0.01 SELS=dpp SEL_ALPHA=2.0 DEFENSES="epic" NUM_TARGETS=7 NUM_VICTIMS=5 sh defense.sh
protocol: attack=8 targets x 5 victims; defense=7 targets x 5 victims
gpu: NVIDIA L40S
#  b0.01   dpp=10                       -> 10 paired target(s)
=== defense sweep | ConvNetBN / fc / dog-bird (tgt50) ===
    selections : dpp   (dpp alpha 2.0)
    selector   : Jacobian enabled for ours/dpp (weight 1.0, batch 64); random unchanged
    defenses   : epic
    poisons    : replayed from /tmp/attack_if/ours_result, results into /tmp/attack_if/defense_result

--- budget 0.01 | defense epic | selection dpp ---
[2026-08-26 00:20:41] === defense run: CIFAR10_ConvNetBN_fc_ours_dog-bird_b0.01_eps8_seed42_lam1_cosine_seldpp2_jacw1_ce5_tgt50__def-epic-s0.1-f2-d10 ===
[2026-08-26 00:20:41]     poisons replayed from /tmp/attack_if/ours_result/CIFAR10_ConvNetBN_fc_ours_dog-bird_b0.01_eps8_seed42_lam1_cosine_seldpp2_jacw1_ce5_tgt50
[2026-08-26 00:20:41]     defense = epic  (epic-s0.1-f2-d10)
[2026-08-26 00:20:41]     victim augmentation = none  (applied to the poisoned image, resampled every epoch)
[2026-08-26 00:20:41] args: {"adv_eps": 8.0, "adv_step_size": 0.0, "adv_steps": 5, "attack": "fc", "aug_cutout_length": 16, "aug_flip_p": 0.5, "aug_pad": 4, "aug_randaug_magnitude": 9, "aug_randaug_ops": 2, "base": "ours", "base_dist": "cosine", "budget": 0.01, "cache_dir": "/tmp/attack_if/cache", "class_pair": "dog-bird", "clean_baseline": true, "craft_aug": true, "craft_ensemble": 5, "data_path": "/tmp/data", "dataset": "CIFAR10", "defense": "epic", "defense_out_dir": "/tmp/attack_if/defense_result", "defense_parts": ["epic"], "dsa_strategy": "color_crop_cutout_flip_scale_rotate", "epic_cluster_thresh": 1.0, "epic_drop_after": 10, "epic_freq": 2, "epic_metric": "euclidean", "epic_stop_after": -1, "epic_subset_size": 0.1, "epsilon": 0.0313725, "fc_mode": "sample", "friendly_begin_epoch": 5, "friendly_bs": 512, "friendly_clamp": 16.0, "friendly_epochs": 30, "friendly_lr": 100.0, "friendly_momentum": 0.9, "friendly_mu": 1.0, "gpus": "all", "jacobian_batch_size": 64, "jacobian_weight": 1.0, "lambda_margin": 1.0, "list_cached": false, "model": "ConvNetBN", "no_resume": false, "noise_eps": 8.0, "noise_type": [], "num_targets": 7, "num_victims": 5, "out_dir": "/tmp/attack_if/ours_result", "pair_order": "poison-target", "parallel_trials": true, "recompute_deltas": false, "seed": 42, "sel_alpha": 2.0, "sel_dpp": true, "sel_filter": false, "sel_mmr": false, "sel_mode": "dpp", "sel_mu": 1.0, "sel_pca": false, "sel_pool": 3.0, "sharp_mode": "worst", "sharp_samples": 20, "sharp_sigma": 0.05, "target_idx_file": "target_sets/def_ConvNetBN_fc_dog-bird_b0.01_jacw1.json", "target_select": 50, "use_jacobian_score": true, "victim_aug": "none", "victim_bs": 125, "victim_decay": [40], "victim_epochs": 50, "victim_lr": 0.1, "victim_wd": 0.0}
[2026-08-26 00:21:03]   7 target(s) with saved poisons: [2540, 3725, 3875, 5169, 5705, 6335, 7488]
[2026-08-26 00:21:03] === defended clean victims (5 x ConvNetBN, defense epic-s0.1-f2-d10) ===
[2026-08-26 00:21:04]   defended clean CTA = 0.7829 +/- 0.0136
[2026-08-26 00:21:05] === target 2540: 500 saved poisons, realized linf 8.00/255 ===
[2026-08-26 00:23:37]   [t2540 v1/5] SUCCESS (pred=dog) CTA=0.7230 (153 s)
[2026-08-26 00:26:54]   [t2540 v2/5] SUCCESS (pred=dog) CTA=0.7122 (197 s)
[2026-08-26 00:29:34]   [t2540 v3/5] SUCCESS (pred=dog) CTA=0.7746 (159 s)
[2026-08-26 00:32:13]   [t2540 v4/5] SUCCESS (pred=dog) CTA=0.7815 (159 s)
[2026-08-26 00:34:52]   [t2540 v5/5] SUCCESS (pred=dog) CTA=0.7709 (159 s)
[2026-08-26 00:34:52] === target 3725: 500 saved poisons, realized linf 8.00/255 ===
[2026-08-26 00:37:26]   [t3725 v1/5] SUCCESS (pred=dog) CTA=0.7623 (154 s)
[2026-08-26 00:40:08]   [t3725 v2/5] SUCCESS (pred=dog) CTA=0.7665 (162 s)
[2026-08-26 00:42:59]   [t3725 v3/5] SUCCESS (pred=dog) CTA=0.7446 (171 s)
[2026-08-26 00:45:54]   [t3725 v4/5] SUCCESS (pred=dog) CTA=0.7526 (175 s)
[2026-08-26 00:48:23]   [t3725 v5/5] SUCCESS (pred=dog) CTA=0.7876 (149 s)
[2026-08-26 00:48:23] === target 3875: 500 saved poisons, realized linf 8.00/255 ===
[2026-08-26 00:51:15]   [t3875 v1/5] fail (pred=horse) CTA=0.7736 (171 s)
[2026-08-26 00:53:56]   [t3875 v2/5] SUCCESS (pred=dog) CTA=0.7647 (161 s)
[2026-08-26 00:56:30]   [t3875 v3/5] SUCCESS (pred=dog) CTA=0.7607 (154 s)
[2026-08-26 00:59:25]   [t3875 v4/5] SUCCESS (pred=dog) CTA=0.7555 (175 s)
[2026-08-26 01:02:09]   [t3875 v5/5] SUCCESS (pred=dog) CTA=0.7653 (164 s)
[2026-08-26 01:02:09] === target 5169: 500 saved poisons, realized linf 8.00/255 ===
[2026-08-26 01:05:15]   [t5169 v1/5] SUCCESS (pred=dog) CTA=0.7428 (185 s)
[2026-08-26 01:08:19]   [t5169 v2/5] SUCCESS (pred=dog) CTA=0.7369 (184 s)
[2026-08-26 01:10:54]   [t5169 v3/5] SUCCESS (pred=dog) CTA=0.7845 (156 s)
[2026-08-26 01:13:21]   [t5169 v4/5] SUCCESS (pred=dog) CTA=0.7873 (147 s)
[2026-08-26 01:15:53]   [t5169 v5/5] SUCCESS (pred=dog) CTA=0.7793 (152 s)
[2026-08-26 01:15:53] === target 5705: 500 saved poisons, realized linf 8.00/255 ===
[2026-08-26 01:18:24]   [t5705 v1/5] SUCCESS (pred=dog) CTA=0.7822 (150 s)
[2026-08-26 01:20:53]   [t5705 v2/5] SUCCESS (pred=dog) CTA=0.7947 (149 s)
[2026-08-26 01:24:15]   [t5705 v3/5] SUCCESS (pred=dog) CTA=0.7311 (202 s)
[2026-08-26 01:26:46]   [t5705 v4/5] SUCCESS (pred=dog) CTA=0.7868 (151 s)
[2026-08-26 01:29:26]   [t5705 v5/5] SUCCESS (pred=dog) CTA=0.7736 (160 s)
[2026-08-26 01:29:26] === target 6335: 500 saved poisons, realized linf 8.00/255 ===
[2026-08-26 01:32:34]   [t6335 v1/5] SUCCESS (pred=dog) CTA=0.7206 (188 s)
[2026-08-26 01:35:29]   [t6335 v2/5] SUCCESS (pred=dog) CTA=0.7430 (174 s)
[2026-08-26 01:38:00]   [t6335 v3/5] SUCCESS (pred=dog) CTA=0.7755 (152 s)
[2026-08-26 01:40:57]   [t6335 v4/5] SUCCESS (pred=dog) CTA=0.7608 (177 s)
[2026-08-26 01:43:25]   [t6335 v5/5] SUCCESS (pred=dog) CTA=0.7921 (148 s)
[2026-08-26 01:43:25] === target 7488: 500 saved poisons, realized linf 8.00/255 ===
[2026-08-26 01:45:52]   [t7488 v1/5] SUCCESS (pred=dog) CTA=0.7935 (147 s)
[2026-08-26 01:50:10]   [t7488 v2/5] fail (pred=bird) CTA=0.7095 (258 s)
[2026-08-26 01:52:52]   [t7488 v3/5] fail (pred=bird) CTA=0.7741 (162 s)
[2026-08-26 01:55:35]   [t7488 v4/5] fail (pred=bird) CTA=0.7727 (163 s)
[2026-08-26 01:58:04]   [t7488 v5/5] SUCCESS (pred=dog) CTA=0.7868 (150 s)
[2026-08-26 01:58:04] ==== CIFAR10_ConvNetBN_fc_ours_dog-bird_b0.01_eps8_seed42_lam1_cosine_seldpp2_jacw1_ce5_tgt50 | defense epic-s0.1-f2-d10 : ASR = 88.6% +/- 21.0% | CTA = 0.7635 (defended clean 0.7829)  poisons dropped 79.8% vs clean 63.8% ====
[2026-08-26 01:58:04]   target-prediction tally ['airplane', 'automobile', 'bird', 'cat', 'deer', 'dog', 'frog', 'horse', 'ship', 'truck']: [0, 0, 3, 0, 0, 31, 0, 1, 0, 0]
sync: preserving outputs in /home/mmoslem3/scratch/attack_if
sync: complete
