stage: optional file absent: /home/mmoslem3/scratch/attack_if/target_sets/def_ConvNetBN_fc_dog-bird_b0.01_jacw1.json
stage: optional directory absent: /home/mmoslem3/scratch/attack_if/defense_result/CIFAR10_ConvNetBN_fc_ours_dog-bird_b0.01_eps8_seed42_lam1_cosine_seldpp2_jacw1_ce5_tgt50__def-friends-friendly.bernoulli-e8-p5-clp16
job: 5026599 defense_022_convnet_fc_dog_bird_b0_01_friends_dpp_j on kn102
work: /tmp/attack_if
config: USE_JACOBIAN_SCORE=1 JACOBIAN_WEIGHT=1.0 JACOBIAN_BATCH_SIZE=64 CLASS_PAIR="dog-bird" MODEL="ConvNetBN" ATTACK="fc" BUDGETS=0.01 SELS=dpp SEL_ALPHA=2.0 DEFENSES="friends" NUM_TARGETS=7 NUM_VICTIMS=5 sh defense.sh
protocol: attack=8 targets x 5 victims; defense=7 targets x 5 victims
gpu: NVIDIA L40S
#  b0.01   dpp=10                       -> 10 paired target(s)
=== defense sweep | ConvNetBN / fc / dog-bird (tgt50) ===
    selections : dpp   (dpp alpha 2.0)
    selector   : Jacobian enabled for ours/dpp (weight 1.0, batch 64); random unchanged
    defenses   : friends
    poisons    : replayed from /tmp/attack_if/ours_result, results into /tmp/attack_if/defense_result

--- budget 0.01 | defense friends | selection dpp ---
[2026-08-26 00:43:51] === defense run: CIFAR10_ConvNetBN_fc_ours_dog-bird_b0.01_eps8_seed42_lam1_cosine_seldpp2_jacw1_ce5_tgt50__def-friends-friendly.bernoulli-e8-p5-clp16 ===
[2026-08-26 00:43:51]     poisons replayed from /tmp/attack_if/ours_result/CIFAR10_ConvNetBN_fc_ours_dog-bird_b0.01_eps8_seed42_lam1_cosine_seldpp2_jacw1_ce5_tgt50
[2026-08-26 00:43:51]     defense = friends  (friends-friendly.bernoulli-e8-p5-clp16)
[2026-08-26 00:43:51]     victim augmentation = none  (applied to the poisoned image, resampled every epoch)
[2026-08-26 00:43:51] args: {"adv_eps": 8.0, "adv_step_size": 0.0, "adv_steps": 5, "attack": "fc", "aug_cutout_length": 16, "aug_flip_p": 0.5, "aug_pad": 4, "aug_randaug_magnitude": 9, "aug_randaug_ops": 2, "base": "ours", "base_dist": "cosine", "budget": 0.01, "cache_dir": "/tmp/attack_if/cache", "class_pair": "dog-bird", "clean_baseline": true, "craft_aug": true, "craft_ensemble": 5, "data_path": "/tmp/data", "dataset": "CIFAR10", "defense": "friends", "defense_out_dir": "/tmp/attack_if/defense_result", "defense_parts": ["friends"], "dsa_strategy": "color_crop_cutout_flip_scale_rotate", "epic_cluster_thresh": 1.0, "epic_drop_after": 10, "epic_freq": 2, "epic_metric": "euclidean", "epic_stop_after": -1, "epic_subset_size": 0.1, "epsilon": 0.0313725, "fc_mode": "sample", "friendly_begin_epoch": 5, "friendly_bs": 512, "friendly_clamp": 16.0, "friendly_epochs": 30, "friendly_lr": 100.0, "friendly_momentum": 0.9, "friendly_mu": 1.0, "gpus": "all", "jacobian_batch_size": 64, "jacobian_weight": 1.0, "lambda_margin": 1.0, "list_cached": false, "model": "ConvNetBN", "no_resume": false, "noise_eps": 8.0, "noise_type": ["friendly", "bernoulli"], "num_targets": 7, "num_victims": 5, "out_dir": "/tmp/attack_if/ours_result", "pair_order": "poison-target", "parallel_trials": true, "recompute_deltas": false, "seed": 42, "sel_alpha": 2.0, "sel_dpp": true, "sel_filter": false, "sel_mmr": false, "sel_mode": "dpp", "sel_mu": 1.0, "sel_pca": false, "sel_pool": 3.0, "sharp_mode": "worst", "sharp_samples": 20, "sharp_sigma": 0.05, "target_idx_file": "target_sets/def_ConvNetBN_fc_dog-bird_b0.01_jacw1.json", "target_select": 50, "use_jacobian_score": true, "victim_aug": "none", "victim_bs": 125, "victim_decay": [40], "victim_epochs": 50, "victim_lr": 0.1, "victim_wd": 0.0}
[2026-08-26 00:44:12]   7 target(s) with saved poisons: [2540, 3725, 3875, 5169, 5705, 6335, 7488]
[2026-08-26 00:44:12] === defended clean victims (5 x ConvNetBN, defense friends-friendly.bernoulli-e8-p5-clp16) ===
[2026-08-26 00:44:14]   defended clean CTA = 0.7538 +/- 0.0081
[2026-08-26 00:44:14] === target 2540: 500 saved poisons, realized linf 8.00/255 ===
[2026-08-26 00:44:47]   friendly noise: 50000 images in 28 s, mean|eps| = 0.0425 (10.84/255)
[2026-08-26 00:45:34]   [t2540 v1/5] SUCCESS (pred=dog) CTA=0.7554 (80 s)
[2026-08-26 00:46:07]   friendly noise: 50000 images in 28 s, mean|eps| = 0.0397 (10.11/255)
[2026-08-26 00:46:54]   [t2540 v2/5] fail (pred=bird) CTA=0.7324 (80 s)
[2026-08-26 00:47:27]   friendly noise: 50000 images in 28 s, mean|eps| = 0.0409 (10.44/255)
[2026-08-26 00:48:13]   [t2540 v3/5] SUCCESS (pred=dog) CTA=0.7541 (80 s)
[2026-08-26 00:48:46]   friendly noise: 50000 images in 28 s, mean|eps| = 0.0421 (10.75/255)
[2026-08-26 00:49:33]   [t2540 v4/5] SUCCESS (pred=dog) CTA=0.7472 (80 s)
[2026-08-26 00:50:06]   friendly noise: 50000 images in 28 s, mean|eps| = 0.0397 (10.13/255)
[2026-08-26 00:50:53]   [t2540 v5/5] SUCCESS (pred=dog) CTA=0.7441 (80 s)
[2026-08-26 00:50:53] === target 3725: 500 saved poisons, realized linf 8.00/255 ===
[2026-08-26 00:51:26]   friendly noise: 50000 images in 28 s, mean|eps| = 0.0419 (10.68/255)
[2026-08-26 00:52:12]   [t3725 v1/5] SUCCESS (pred=dog) CTA=0.7454 (80 s)
[2026-08-26 00:52:46]   friendly noise: 50000 images in 28 s, mean|eps| = 0.0424 (10.81/255)
[2026-08-26 00:53:32]   [t3725 v2/5] SUCCESS (pred=dog) CTA=0.7372 (80 s)
[2026-08-26 00:54:05]   friendly noise: 50000 images in 28 s, mean|eps| = 0.0411 (10.48/255)
[2026-08-26 00:54:52]   [t3725 v3/5] SUCCESS (pred=dog) CTA=0.7563 (80 s)
[2026-08-26 00:55:25]   friendly noise: 50000 images in 28 s, mean|eps| = 0.0425 (10.85/255)
[2026-08-26 00:56:11]   [t3725 v4/5] SUCCESS (pred=dog) CTA=0.7317 (80 s)
[2026-08-26 00:56:45]   friendly noise: 50000 images in 28 s, mean|eps| = 0.0427 (10.90/255)
[2026-08-26 00:57:31]   [t3725 v5/5] SUCCESS (pred=dog) CTA=0.7443 (80 s)
[2026-08-26 00:57:31] === target 3875: 500 saved poisons, realized linf 8.00/255 ===
[2026-08-26 00:58:04]   friendly noise: 50000 images in 28 s, mean|eps| = 0.0439 (11.21/255)
[2026-08-26 00:58:51]   [t3875 v1/5] SUCCESS (pred=dog) CTA=0.7431 (80 s)
[2026-08-26 00:59:24]   friendly noise: 50000 images in 28 s, mean|eps| = 0.0404 (10.31/255)
[2026-08-26 01:00:10]   [t3875 v2/5] fail (pred=bird) CTA=0.7551 (80 s)
[2026-08-26 01:00:44]   friendly noise: 50000 images in 28 s, mean|eps| = 0.0426 (10.87/255)
[2026-08-26 01:01:30]   [t3875 v3/5] fail (pred=bird) CTA=0.7547 (80 s)
[2026-08-26 01:02:03]   friendly noise: 50000 images in 28 s, mean|eps| = 0.0421 (10.74/255)
[2026-08-26 01:02:50]   [t3875 v4/5] fail (pred=bird) CTA=0.7374 (80 s)
[2026-08-26 01:03:23]   friendly noise: 50000 images in 28 s, mean|eps| = 0.0401 (10.22/255)
[2026-08-26 01:04:09]   [t3875 v5/5] fail (pred=horse) CTA=0.7545 (80 s)
[2026-08-26 01:04:09] === target 5169: 500 saved poisons, realized linf 8.00/255 ===
[2026-08-26 01:04:43]   friendly noise: 50000 images in 28 s, mean|eps| = 0.0396 (10.10/255)
[2026-08-26 01:05:29]   [t5169 v1/5] SUCCESS (pred=dog) CTA=0.7494 (80 s)
[2026-08-26 01:06:02]   friendly noise: 50000 images in 28 s, mean|eps| = 0.0412 (10.52/255)
[2026-08-26 01:06:49]   [t5169 v2/5] SUCCESS (pred=dog) CTA=0.7388 (80 s)
[2026-08-26 01:07:22]   friendly noise: 50000 images in 28 s, mean|eps| = 0.0421 (10.73/255)
[2026-08-26 01:08:08]   [t5169 v3/5] SUCCESS (pred=dog) CTA=0.7415 (80 s)
[2026-08-26 01:08:42]   friendly noise: 50000 images in 28 s, mean|eps| = 0.0428 (10.92/255)
[2026-08-26 01:09:28]   [t5169 v4/5] SUCCESS (pred=dog) CTA=0.7518 (80 s)
[2026-08-26 01:10:01]   friendly noise: 50000 images in 28 s, mean|eps| = 0.0432 (11.01/255)
[2026-08-26 01:10:48]   [t5169 v5/5] SUCCESS (pred=dog) CTA=0.7496 (80 s)
[2026-08-26 01:10:48] === target 5705: 500 saved poisons, realized linf 8.00/255 ===
[2026-08-26 01:11:21]   friendly noise: 50000 images in 28 s, mean|eps| = 0.0430 (10.97/255)
[2026-08-26 01:12:07]   [t5705 v1/5] fail (pred=bird) CTA=0.7404 (80 s)
[2026-08-26 01:12:41]   friendly noise: 50000 images in 28 s, mean|eps| = 0.0412 (10.51/255)
[2026-08-26 01:13:27]   [t5705 v2/5] SUCCESS (pred=dog) CTA=0.7510 (80 s)
[2026-08-26 01:14:00]   friendly noise: 50000 images in 28 s, mean|eps| = 0.0435 (11.08/255)
[2026-08-26 01:14:47]   [t5705 v3/5] fail (pred=bird) CTA=0.7387 (80 s)
[2026-08-26 01:15:20]   friendly noise: 50000 images in 28 s, mean|eps| = 0.0430 (10.97/255)
[2026-08-26 01:16:06]   [t5705 v4/5] fail (pred=bird) CTA=0.7482 (80 s)
[2026-08-26 01:16:40]   friendly noise: 50000 images in 28 s, mean|eps| = 0.0415 (10.59/255)
[2026-08-26 01:17:26]   [t5705 v5/5] fail (pred=bird) CTA=0.7511 (80 s)
[2026-08-26 01:17:26] === target 6335: 500 saved poisons, realized linf 8.00/255 ===
[2026-08-26 01:17:59]   friendly noise: 50000 images in 28 s, mean|eps| = 0.0407 (10.38/255)
[2026-08-26 01:18:46]   [t6335 v1/5] SUCCESS (pred=dog) CTA=0.7420 (80 s)
[2026-08-26 01:19:19]   friendly noise: 50000 images in 28 s, mean|eps| = 0.0404 (10.30/255)
[2026-08-26 01:20:06]   [t6335 v2/5] SUCCESS (pred=dog) CTA=0.7505 (80 s)
[2026-08-26 01:20:39]   friendly noise: 50000 images in 28 s, mean|eps| = 0.0426 (10.86/255)
[2026-08-26 01:21:25]   [t6335 v3/5] SUCCESS (pred=dog) CTA=0.7411 (80 s)
[2026-08-26 01:21:59]   friendly noise: 50000 images in 28 s, mean|eps| = 0.0396 (10.11/255)
[2026-08-26 01:22:45]   [t6335 v4/5] SUCCESS (pred=dog) CTA=0.7598 (80 s)
[2026-08-26 01:23:19]   friendly noise: 50000 images in 28 s, mean|eps| = 0.0405 (10.33/255)
[2026-08-26 01:24:05]   [t6335 v5/5] SUCCESS (pred=dog) CTA=0.7537 (80 s)
[2026-08-26 01:24:05] === target 7488: 500 saved poisons, realized linf 8.00/255 ===
[2026-08-26 01:24:38]   friendly noise: 50000 images in 28 s, mean|eps| = 0.0446 (11.38/255)
[2026-08-26 01:25:25]   [t7488 v1/5] fail (pred=bird) CTA=0.7465 (80 s)
[2026-08-26 01:25:58]   friendly noise: 50000 images in 28 s, mean|eps| = 0.0355 (9.05/255)
[2026-08-26 01:26:44]   [t7488 v2/5] fail (pred=bird) CTA=0.7081 (80 s)
[2026-08-26 01:27:18]   friendly noise: 50000 images in 28 s, mean|eps| = 0.0447 (11.39/255)
[2026-08-26 01:28:04]   [t7488 v3/5] SUCCESS (pred=dog) CTA=0.7439 (80 s)
[2026-08-26 01:28:37]   friendly noise: 50000 images in 28 s, mean|eps| = 0.0426 (10.88/255)
[2026-08-26 01:29:24]   [t7488 v4/5] SUCCESS (pred=dog) CTA=0.7460 (80 s)
[2026-08-26 01:29:57]   friendly noise: 50000 images in 28 s, mean|eps| = 0.0425 (10.85/255)
[2026-08-26 01:30:43]   [t7488 v5/5] SUCCESS (pred=dog) CTA=0.7583 (80 s)
[2026-08-26 01:30:44] ==== CIFAR10_ConvNetBN_fc_ours_dog-bird_b0.01_eps8_seed42_lam1_cosine_seldpp2_jacw1_ce5_tgt50 | defense friends-friendly.bernoulli-e8-p5-clp16 : ASR = 68.6% +/- 33.6% | CTA = 0.7458 (defended clean 0.7538) ====
[2026-08-26 01:30:44]   target-prediction tally ['airplane', 'automobile', 'bird', 'cat', 'deer', 'dog', 'frog', 'horse', 'ship', 'truck']: [0, 0, 10, 0, 0, 24, 0, 1, 0, 0]
sync: preserving outputs in /home/mmoslem3/scratch/attack_if
sync: complete
