environment modules unavailable; using /home/mmoslem3/ENV directly
stage: optional directory absent: /home/mmoslem3/scratch/PoisonBase/defense_result/CIFAR10_ResNet20BN_gradmatch_ours_dog-bird_b0.01_eps8_seed42_lam1_cosine_seldpp0.1_ce5_tgt14__def-epic-s0.1-f2-d10
job: 632317 defextra_a01_047_resnet20_gm_b001_epic on rack02-06
work: /tmp/attack_if
config: USE_JACOBIAN_SCORE=0 CLASS_PAIR=dog-bird MODEL=ResNet20BN ATTACK=gradmatch TARGET_SELECT=14 BUDGETS=0.01 SELS=dpp SEL_ALPHA=0.1 DEFENSES=epic NUM_TARGETS=5 NUM_VICTIMS=4 sh defense.sh
protocol: defense=5 targets x 4 victims
gpu: NVIDIA L40S
/tmp/attack_if/defense.sh: 93: source: not found
#  b0.01   dpp=5                        -> 5 paired target(s)
=== defense sweep | ResNet20BN / gradmatch / dog-bird (tgt14) ===
    selections : dpp   (dpp alpha 0.1)
    selector   : Jacobian disabled (historical attack-run names)
    defenses   : epic
    poisons    : replayed from /tmp/attack_if/ours_result, results into /tmp/attack_if/defense_result

--- budget 0.01 | defense epic | selection dpp ---
[2026-08-27 04:39:57] === defense run: CIFAR10_ResNet20BN_gradmatch_ours_dog-bird_b0.01_eps8_seed42_lam1_cosine_seldpp0.1_ce5_tgt14__def-epic-s0.1-f2-d10 ===
[2026-08-27 04:39:57]     poisons replayed from /tmp/attack_if/ours_result/CIFAR10_ResNet20BN_gradmatch_ours_dog-bird_b0.01_eps8_seed42_lam1_cosine_seldpp0.1_ce5_tgt14
[2026-08-27 04:39:57]     defense = epic  (epic-s0.1-f2-d10)
[2026-08-27 04:39:57]     victim augmentation = none  (applied to the poisoned image, resampled every epoch)
[2026-08-27 04:39:57] args: {"adv_eps": 8.0, "adv_step_size": 0.0, "adv_steps": 5, "attack": "gradmatch", "aug_cutout_length": 16, "aug_flip_p": 0.5, "aug_pad": 4, "aug_randaug_magnitude": 9, "aug_randaug_ops": 2, "base": "ours", "base_dist": "cosine", "budget": 0.01, "cache_dir": "/tmp/attack_if/cache", "class_pair": "dog-bird", "clean_baseline": true, "craft_aug": true, "craft_ensemble": 5, "data_path": "/tmp/data", "dataset": "CIFAR10", "defense": "epic", "defense_out_dir": "/tmp/attack_if/defense_result", "defense_parts": ["epic"], "dsa_strategy": "color_crop_cutout_flip_scale_rotate", "epic_cluster_thresh": 1.0, "epic_drop_after": 10, "epic_freq": 2, "epic_metric": "euclidean", "epic_stop_after": -1, "epic_subset_size": 0.1, "epsilon": 0.0313725, "fc_mode": "sample", "friendly_begin_epoch": 5, "friendly_bs": 512, "friendly_clamp": 16.0, "friendly_epochs": 30, "friendly_lr": 100.0, "friendly_momentum": 0.9, "friendly_mu": 1.0, "gpus": "all", "jacobian_batch_size": 64, "jacobian_weight": 1.0, "lambda_margin": 1.0, "list_cached": false, "model": "ResNet20BN", "no_resume": false, "noise_eps": 8.0, "noise_type": [], "num_targets": 5, "num_victims": 4, "out_dir": "/tmp/attack_if/ours_result", "pair_order": "poison-target", "parallel_trials": true, "recompute_deltas": false, "seed": 42, "sel_alpha": 0.1, "sel_dpp": true, "sel_filter": false, "sel_mmr": false, "sel_mode": "dpp", "sel_mu": 1.0, "sel_pca": false, "sel_pool": 3.0, "sharp_mode": "worst", "sharp_samples": 20, "sharp_sigma": 0.05, "target_idx_file": "target_sets/def_ResNet20BN_gradmatch_dog-bird_b0.01.json", "target_select": 14, "use_jacobian_score": false, "victim_aug": "none", "victim_bs": 125, "victim_decay": [40], "victim_epochs": 50, "victim_lr": 0.1, "victim_wd": 0.0}
[2026-08-27 04:40:10]   5 target(s) with saved poisons: [833, 4630, 5118, 5324, 8740]
[2026-08-27 04:40:10] === defended clean victims (4 x ResNet20BN, defense epic-s0.1-f2-d10) ===
[2026-08-27 04:40:10]   defended clean CTA = 0.7706 +/- 0.0398
[2026-08-27 04:40:10] === target 833: 500 saved poisons, realized linf 8.00/255 ===
[2026-08-27 04:42:08]   [t833 v1/4] SUCCESS (pred=dog) CTA=0.7545 (118 s)
[2026-08-27 04:44:11]   [t833 v2/4] SUCCESS (pred=dog) CTA=0.8200 (122 s)
[2026-08-27 04:46:15]   [t833 v3/4] fail (pred=bird) CTA=0.8167 (124 s)
[2026-08-27 04:48:09]   [t833 v4/4] SUCCESS (pred=dog) CTA=0.7736 (114 s)
[2026-08-27 04:48:09] === target 4630: 500 saved poisons, realized linf 8.00/255 ===
[2026-08-27 04:50:11]   [t4630 v1/4] fail (pred=bird) CTA=0.8245 (123 s)
[2026-08-27 04:52:14]   [t4630 v2/4] SUCCESS (pred=dog) CTA=0.8258 (123 s)
[2026-08-27 04:54:16]   [t4630 v3/4] fail (pred=cat) CTA=0.8192 (122 s)
[2026-08-27 04:56:20]   [t4630 v4/4] SUCCESS (pred=dog) CTA=0.8255 (124 s)
[2026-08-27 04:56:20] === target 5118: 500 saved poisons, realized linf 8.00/255 ===
[2026-08-27 04:58:19]   [t5118 v1/4] SUCCESS (pred=dog) CTA=0.7883 (118 s)
[2026-08-27 05:00:21]   [t5118 v2/4] SUCCESS (pred=dog) CTA=0.8308 (122 s)
[2026-08-27 05:02:26]   [t5118 v3/4] SUCCESS (pred=dog) CTA=0.8253 (126 s)
[2026-08-27 05:04:23]   [t5118 v4/4] SUCCESS (pred=dog) CTA=0.7921 (117 s)
[2026-08-27 05:04:23] === target 5324: 500 saved poisons, realized linf 8.00/255 ===
[2026-08-27 05:06:24]   [t5324 v1/4] fail (pred=truck) CTA=0.7834 (121 s)
[2026-08-27 05:08:29]   [t5324 v2/4] SUCCESS (pred=dog) CTA=0.8241 (125 s)
[2026-08-27 05:10:30]   [t5324 v3/4] fail (pred=cat) CTA=0.8194 (121 s)
