job: 5026587 defense_011_convnet_gradmatch_dog_bird_b0_02_epic_random_std on kn064
work: /tmp/attack_if
config: USE_JACOBIAN_SCORE=0 CLASS_PAIR="dog-bird" MODEL="ConvNetBN" ATTACK="gradmatch" BUDGETS=0.02 SELS=random SEL_ALPHA=2.0 DEFENSES="epic" NUM_TARGETS=7 NUM_VICTIMS=5 sh defense.sh
protocol: attack=8 targets x 5 victims; defense=7 targets x 5 victims
gpu: NVIDIA L40S
#  b0.02   random=10                    -> 10 paired target(s)
=== defense sweep | ConvNetBN / gradmatch / dog-bird (tgt70) ===
    selections : random   (dpp alpha 2.0)
    selector   : Jacobian disabled (historical attack-run names)
    defenses   : epic
    poisons    : replayed from /tmp/attack_if/ours_result, results into /tmp/attack_if/defense_result

--- budget 0.02 | defense epic | selection random ---
[2026-08-26 00:25:28] === defense run: CIFAR10_ConvNetBN_gradmatch_random_dog-bird_b0.02_eps8_seed42_ce5_tgt70__def-epic-s0.1-f2-d10 ===
[2026-08-26 00:25:28]     poisons replayed from /tmp/attack_if/ours_result/CIFAR10_ConvNetBN_gradmatch_random_dog-bird_b0.02_eps8_seed42_ce5_tgt70
[2026-08-26 00:25:28]     defense = epic  (epic-s0.1-f2-d10)
[2026-08-26 00:25:28]     victim augmentation = none  (applied to the poisoned image, resampled every epoch)
[2026-08-26 00:25:28] args: {"adv_eps": 8.0, "adv_step_size": 0.0, "adv_steps": 5, "attack": "gradmatch", "aug_cutout_length": 16, "aug_flip_p": 0.5, "aug_pad": 4, "aug_randaug_magnitude": 9, "aug_randaug_ops": 2, "base": "random", "base_dist": "l2", "budget": 0.02, "cache_dir": "/tmp/attack_if/cache", "class_pair": "dog-bird", "clean_baseline": true, "craft_aug": true, "craft_ensemble": 5, "data_path": "/tmp/data", "dataset": "CIFAR10", "defense": "epic", "defense_out_dir": "/tmp/attack_if/defense_result", "defense_parts": ["epic"], "dsa_strategy": "color_crop_cutout_flip_scale_rotate", "epic_cluster_thresh": 1.0, "epic_drop_after": 10, "epic_freq": 2, "epic_metric": "euclidean", "epic_stop_after": -1, "epic_subset_size": 0.1, "epsilon": 0.0313725, "fc_mode": "sample", "friendly_begin_epoch": 5, "friendly_bs": 512, "friendly_clamp": 16.0, "friendly_epochs": 30, "friendly_lr": 100.0, "friendly_momentum": 0.9, "friendly_mu": 1.0, "gpus": "all", "jacobian_batch_size": 64, "jacobian_weight": 1.0, "lambda_margin": 1.0, "list_cached": false, "model": "ConvNetBN", "no_resume": false, "noise_eps": 8.0, "noise_type": [], "num_targets": 7, "num_victims": 5, "out_dir": "/tmp/attack_if/ours_result", "pair_order": "poison-target", "parallel_trials": true, "recompute_deltas": false, "seed": 42, "sel_alpha": 1.0, "sel_dpp": false, "sel_filter": false, "sel_mmr": false, "sel_mode": null, "sel_mu": 1.0, "sel_pca": false, "sel_pool": 3.0, "sharp_mode": "worst", "sharp_samples": 20, "sharp_sigma": 0.05, "target_idx_file": "target_sets/def_ConvNetBN_gradmatch_dog-bird_b0.02.json", "target_select": 70, "use_jacobian_score": false, "victim_aug": "none", "victim_bs": 125, "victim_decay": [40], "victim_epochs": 50, "victim_lr": 0.1, "victim_wd": 0.0}
[2026-08-26 00:25:54]   7 target(s) with saved poisons: [821, 843, 1257, 1547, 4427, 5859, 8055]
[2026-08-26 00:25:54] === defended clean victims (5 x ConvNetBN, defense epic-s0.1-f2-d10) ===
[2026-08-26 00:25:55]   defended clean CTA = 0.7829 +/- 0.0136
[2026-08-26 00:25:55]   resume: 5 (target, victim) trials already done
[2026-08-26 00:25:55] === target 843: 1000 saved poisons, realized linf 8.00/255 ===
[2026-08-26 00:28:26]   [t843 v1/5] fail (pred=bird) CTA=0.7828 (151 s)
[2026-08-26 00:31:01]   [t843 v2/5] SUCCESS (pred=dog) CTA=0.7603 (155 s)
[2026-08-26 00:33:41]   [t843 v3/5] SUCCESS (pred=dog) CTA=0.7783 (160 s)
[2026-08-26 00:36:17]   [t843 v4/5] fail (pred=bird) CTA=0.7593 (157 s)
[2026-08-26 00:39:27]   [t843 v5/5] fail (pred=bird) CTA=0.7557 (190 s)
[2026-08-26 00:39:27] === target 1257: 1000 saved poisons, realized linf 8.00/255 ===
[2026-08-26 00:42:31]   [t1257 v1/5] fail (pred=bird) CTA=0.7114 (184 s)
[2026-08-26 00:45:10]   [t1257 v2/5] fail (pred=bird) CTA=0.7858 (159 s)
[2026-08-26 00:47:44]   [t1257 v3/5] SUCCESS (pred=dog) CTA=0.7776 (154 s)
[2026-08-26 00:50:31]   [t1257 v4/5] fail (pred=bird) CTA=0.7676 (168 s)
[2026-08-26 00:53:14]   [t1257 v5/5] fail (pred=bird) CTA=0.7576 (163 s)
[2026-08-26 00:53:14] === target 1547: 1000 saved poisons, realized linf 8.00/255 ===
[2026-08-26 00:55:54]   [t1547 v1/5] fail (pred=bird) CTA=0.6603 (160 s)
[2026-08-26 00:58:38]   [t1547 v2/5] fail (pred=bird) CTA=0.7871 (165 s)
[2026-08-26 01:02:56]   [t1547 v3/5] fail (pred=bird) CTA=0.7150 (257 s)
[2026-08-26 01:05:35]   [t1547 v4/5] fail (pred=bird) CTA=0.7828 (159 s)
[2026-08-26 01:08:25]   [t1547 v5/5] fail (pred=airplane) CTA=0.7660 (171 s)
[2026-08-26 01:08:25] === target 4427: 1000 saved poisons, realized linf 8.00/255 ===
[2026-08-26 01:11:05]   [t4427 v1/5] fail (pred=bird) CTA=0.7842 (160 s)
[2026-08-26 01:13:52]   [t4427 v2/5] fail (pred=bird) CTA=0.7767 (167 s)
[2026-08-26 01:16:30]   [t4427 v3/5] fail (pred=bird) CTA=0.7695 (158 s)
[2026-08-26 01:19:25]   [t4427 v4/5] fail (pred=bird) CTA=0.7691 (175 s)
[2026-08-26 01:22:03]   [t4427 v5/5] fail (pred=bird) CTA=0.7938 (158 s)
[2026-08-26 01:22:03] === target 5859: 1000 saved poisons, realized linf 8.00/255 ===
[2026-08-26 01:24:55]   [t5859 v1/5] fail (pred=bird) CTA=0.7524 (172 s)
[2026-08-26 01:27:41]   [t5859 v2/5] fail (pred=bird) CTA=0.7841 (166 s)
[2026-08-26 01:30:26]   [t5859 v3/5] SUCCESS (pred=dog) CTA=0.7742 (165 s)
[2026-08-26 01:33:29]   [t5859 v4/5] fail (pred=bird) CTA=0.6750 (183 s)
[2026-08-26 01:36:07]   [t5859 v5/5] SUCCESS (pred=dog) CTA=0.7826 (158 s)
[2026-08-26 01:36:07] === target 8055: 1000 saved poisons, realized linf 8.00/255 ===
[2026-08-26 01:38:52]   [t8055 v1/5] fail (pred=bird) CTA=0.7690 (166 s)
[2026-08-26 01:41:40]   [t8055 v2/5] fail (pred=bird) CTA=0.7729 (168 s)
[2026-08-26 01:44:18]   [t8055 v3/5] fail (pred=bird) CTA=0.7331 (158 s)
[2026-08-26 01:47:27]   [t8055 v4/5] fail (pred=bird) CTA=0.7434 (189 s)
[2026-08-26 01:49:56]   [t8055 v5/5] fail (pred=bird) CTA=0.7918 (148 s)
[2026-08-26 01:49:56] ==== CIFAR10_ConvNetBN_gradmatch_random_dog-bird_b0.02_eps8_seed42_ce5_tgt70 | defense epic-s0.1-f2-d10 : ASR = 17.1% +/- 16.7% | CTA = 0.7625 (defended clean 0.7829)  poisons dropped 33.3% vs clean 66.6% ====
[2026-08-26 01:49:56]   target-prediction tally ['airplane', 'automobile', 'bird', 'cat', 'deer', 'dog', 'frog', 'horse', 'ship', 'truck']: [1, 0, 24, 0, 0, 5, 0, 0, 0, 0]
sync: preserving outputs in /home/mmoslem3/scratch/attack_if
sync: complete
