environment modules unavailable; using /home/mmoslem3/ENV directly
stage: optional directory absent: /home/mmoslem3/scratch/PoisonBase/ours_result/CIFAR10_ConvNetBN_gradmatch_ours_dog-bird_b0.02_eps8_seed42_lam1_cosine_seldpp0.1_ce5_tgt70
job: 632304 defextra_a01_034_convnet_gm_b002_nodef on rack11-16
work: /tmp/attack_if
config: USE_JACOBIAN_SCORE=0 CLASS_PAIR=dog-bird MODEL=ConvNetBN ATTACK=gradmatch TARGET_SELECT=70 BUDGETS=0.02 SELECT=dpp SEL_ALPHA=0.1 NUM_TARGETS=5 NUM_VICTIMS=1 sh sel_dpp.sh
protocol: attack=5 targets x 1 victims
gpu: NVIDIA L40S
/tmp/attack_if/sel_dpp.sh: 106: source: not found
=== dpp (alpha=0.1) | ConvNetBN / gradmatch / dog-bird ===
    targets: pinned from target_sets/ConvNetBN_gradmatch_dog-bird.json (same 10 the random-base run attacked); TARGET_SELECT=70 ignored -- combo already pinned
    difficulty label tgt70   craft flags: none
    Jacobian score disabled
    budgets: 0.02

--- dpp | ConvNetBN / gradmatch / dog-bird | budget 0.02 ---
[2026-08-27 03:10:22] === run start: CIFAR10_ConvNetBN_gradmatch_ours_dog-bird_b0.02_eps8_seed42_lam1_cosine_seldpp0.1_ce5_tgt70 on cuda [0] ===
[2026-08-27 03:10:22] args: {"FORCE": false, "attack": "gradmatch", "base": "ours", "base_dist": "cosine", "base_topr": null, "budget": 0.02, "cache_dir": "/tmp/attack_if/cache", "class_pair": "dog-bird", "clean_baseline": true, "craft_alpha": 0.0039216, "craft_aug": true, "craft_batch": 256, "craft_ensemble": 5, "craft_lowmem": false, "craft_schedule": false, "craft_steps": 250, "data_path": "/tmp/data", "dataset": "CIFAR10", "dsa_strategy": "color_crop_cutout_flip_scale_rotate", "epsilon": 0.0313725, "fast_gradmatch": false, "fc_mode": "sample", "fc_restarts": 1, "gpus": "all", "jacobian_batch_size": 64, "jacobian_weight": 1.0, "lambda_margin": 1.0, "model": "ConvNetBN", "no_resume": false, "num_poisons": 500, "num_surrogates": 20, "num_targets": 5, "num_victims": 1, "out_dir": "/tmp/attack_if/ours_result", "pair_order": "poison-target", "parallel_pretrain": true, "parallel_targets": true, "precompute_id": null, "precompute_only": false, "precompute_part": "both", "rank_on_victims": true, "recompute_deltas": false, "require_correct_target": false, "restarts": 8, "seed": 42, "sel_K": null, "sel_alpha": 0.1, "sel_criterion": null, "sel_dpp": true, "sel_filter": false, "sel_mmr": false, "sel_mode": "dpp", "sel_model": null, "sel_mu": 1.0, "sel_pca": false, "sel_pool": 3.0, "sharp_mode": "worst", "sharp_samples": 20, "sharp_sigma": 0.05, "steal_timeout": 7200.0, "surrogate_aug": false, "surrogate_bs": 128, "surrogate_decay": [35, 45], "surrogate_epochs": 60, "surrogate_lr": 0.1, "surrogate_wd": 0.0, "target_idx_file": "target_sets/ConvNetBN_gradmatch_dog-bird.json", "target_select": 70, "use_jacobian_score": false, "victim_aug": false, "victim_bs": 125, "victim_decay": [40], "victim_epochs": 50, "victim_lr": 0.1, "victim_wd": 0.0}
[2026-08-27 03:10:22] Jacobian score: disabled
[2026-08-27 03:10:22] N_total=50000 budget=0.02 -> N_p=1000 poisons, y_adv=5(dog) target_class=2(bird)
[2026-08-27 03:10:22] === surrogates (20 x ConvNetBN, trained on the full real set) ===
[2026-08-27 03:10:22]   crafting on 5/20 surrogates
[2026-08-27 03:10:22] === clean victims (1 x ConvNetBN) ===
[2026-08-27 03:10:23]   clean baseline CTA = 0.8209 +/- 0.0000
[2026-08-27 03:10:23]   target pool 1000 -> eligible 962 (38 already predicted as y_adv or dropped)
[2026-08-27 03:10:23]   chosen 5 targets (file), p_adv range 0.0000..0.0000
[2026-08-27 03:10:23]   targets: [843, 1257, 8252, 8730, 8055]
[2026-08-27 03:10:23] === target 843 (1/5) ===
[2026-08-27 03:28:21]   target 843: crafted 1000 poisons in 1074 s, obj=0.26472
[2026-08-27 03:28:21]   target 843: realized linf = 0.03137 (8.00/255), budget = 8.00/255
[2026-08-27 03:29:12]   [t843 v1/1] SUCCESS (pred=dog) CTA=0.8076
[2026-08-27 03:29:12] === target 1257 (2/5) ===
[2026-08-27 03:47:11]   target 1257: crafted 1000 poisons in 1075 s, obj=0.22032
[2026-08-27 03:47:11]   target 1257: realized linf = 0.03137 (8.00/255), budget = 8.00/255
[2026-08-27 03:48:02]   [t1257 v1/1] SUCCESS (pred=dog) CTA=0.8056
[2026-08-27 03:48:02] === target 8252 (3/5) ===
[2026-08-27 04:06:01]   target 8252: crafted 1000 poisons in 1074 s, obj=0.20546
[2026-08-27 04:06:01]   target 8252: realized linf = 0.03137 (8.00/255), budget = 8.00/255
[2026-08-27 04:06:52]   [t8252 v1/1] SUCCESS (pred=dog) CTA=0.8087
[2026-08-27 04:06:52] === target 8730 (4/5) ===
[2026-08-27 04:24:51]   target 8730: crafted 1000 poisons in 1075 s, obj=0.21139
[2026-08-27 04:24:51]   target 8730: realized linf = 0.03137 (8.00/255), budget = 8.00/255
[2026-08-27 04:25:42]   [t8730 v1/1] SUCCESS (pred=dog) CTA=0.8132
[2026-08-27 04:25:42] === target 8055 (5/5) ===
[2026-08-27 04:43:37]   target 8055: crafted 1000 poisons in 1071 s, obj=0.26238
[2026-08-27 04:43:37]   target 8055: realized linf = 0.03137 (8.00/255), budget = 8.00/255
[2026-08-27 04:44:28]   [t8055 v1/1] SUCCESS (pred=dog) CTA=0.8106
[2026-08-27 04:44:28] ==== CIFAR10_ConvNetBN_gradmatch_ours_dog-bird_b0.02_eps8_seed42_lam1_cosine_seldpp0.1_ce5_tgt70 : ASR = 100.0% +/- 0.0% | CTA = 0.8091 (baseline 0.8209) ====
[2026-08-27 04:44:28]   target-prediction tally ['airplane', 'automobile', 'bird', 'cat', 'deer', 'dog', 'frog', 'horse', 'ship', 'truck']: [0, 0, 0, 0, 0, 5, 0, 0, 0, 0]

sync: preserving outputs in /home/mmoslem3/scratch/PoisonBase
sync: complete
