environment modules unavailable; using /home/mmoslem3/ENV directly
stage: optional directory absent: /home/mmoslem3/scratch/PoisonBase/last_night_H200_2026-08-26/ours_result_alpha025_live/CIFAR10_ResNet20BN_fc_ours_dog-bird_b0.01_eps8_seed42_lam1_cosine_seldpp0.25_ce5_tgt10
stage: optional directory absent: /home/mmoslem3/scratch/PoisonBase/ours_result/CIFAR10_ResNet20BN_fc_ours_dog-bird_b0.01_eps8_seed42_lam1_cosine_seldpp0.25_ce5_tgt10
job: 632279 defextra_a025_009_resnet20_bp_b001_nodef on rack14-01
work: /tmp/attack_if
config: USE_JACOBIAN_SCORE=0 CLASS_PAIR=dog-bird MODEL=ResNet20BN ATTACK=fc TARGET_SELECT=10 BUDGETS=0.01 SELECT=dpp SEL_ALPHA=0.25 NUM_TARGETS=5 NUM_VICTIMS=1 sh sel_dpp.sh
protocol: attack=5 targets x 1 victims
gpu: NVIDIA L40S
/tmp/attack_if/sel_dpp.sh: 106: source: not found
=== dpp (alpha=0.25) | ResNet20BN / fc / dog-bird ===
    targets: pinned from target_sets/ResNet20BN_fc_dog-bird.json (same 10 the random-base run attacked); TARGET_SELECT=10 ignored -- combo already pinned
    difficulty label tgt10   craft flags: none
    Jacobian score disabled
    budgets: 0.01

--- dpp | ResNet20BN / fc / dog-bird | budget 0.01 ---
[2026-08-27 03:12:02] === run start: CIFAR10_ResNet20BN_fc_ours_dog-bird_b0.01_eps8_seed42_lam1_cosine_seldpp0.25_ce5_tgt10 on cuda [0] ===
[2026-08-27 03:12:02] args: {"FORCE": false, "attack": "fc", "base": "ours", "base_dist": "cosine", "base_topr": null, "budget": 0.01, "cache_dir": "/tmp/attack_if/cache", "class_pair": "dog-bird", "clean_baseline": true, "craft_alpha": 0.0039216, "craft_aug": true, "craft_batch": 256, "craft_ensemble": 5, "craft_lowmem": false, "craft_schedule": false, "craft_steps": 250, "data_path": "/tmp/data", "dataset": "CIFAR10", "dsa_strategy": "color_crop_cutout_flip_scale_rotate", "epsilon": 0.0313725, "fast_gradmatch": false, "fc_mode": "sample", "fc_restarts": 1, "gpus": "all", "jacobian_batch_size": 64, "jacobian_weight": 1.0, "lambda_margin": 1.0, "model": "ResNet20BN", "no_resume": false, "num_poisons": 500, "num_surrogates": 20, "num_targets": 5, "num_victims": 1, "out_dir": "/tmp/attack_if/ours_result", "pair_order": "poison-target", "parallel_pretrain": true, "parallel_targets": true, "precompute_id": null, "precompute_only": false, "precompute_part": "both", "rank_on_victims": true, "recompute_deltas": false, "require_correct_target": false, "restarts": 8, "seed": 42, "sel_K": null, "sel_alpha": 0.25, "sel_criterion": null, "sel_dpp": true, "sel_filter": false, "sel_mmr": false, "sel_mode": "dpp", "sel_model": null, "sel_mu": 1.0, "sel_pca": false, "sel_pool": 3.0, "sharp_mode": "worst", "sharp_samples": 20, "sharp_sigma": 0.05, "steal_timeout": 7200.0, "surrogate_aug": false, "surrogate_bs": 128, "surrogate_decay": [35, 45], "surrogate_epochs": 60, "surrogate_lr": 0.1, "surrogate_wd": 0.0, "target_idx_file": "target_sets/ResNet20BN_fc_dog-bird.json", "target_select": 10, "use_jacobian_score": false, "victim_aug": false, "victim_bs": 125, "victim_decay": [40], "victim_epochs": 50, "victim_lr": 0.1, "victim_wd": 0.0}
[2026-08-27 03:12:02] Jacobian score: disabled
[2026-08-27 03:12:02] N_total=50000 budget=0.01 -> N_p=500 poisons, y_adv=5(dog) target_class=2(bird)
[2026-08-27 03:12:02] === surrogates (20 x ResNet20BN, trained on the full real set) ===
[2026-08-27 03:12:02]   crafting on 5/20 surrogates
[2026-08-27 03:12:02] === clean victims (1 x ResNet20BN) ===
[2026-08-27 03:12:03]   clean baseline CTA = 0.8353 +/- 0.0000
[2026-08-27 03:12:03]   target pool 1000 -> eligible 967 (33 already predicted as y_adv or dropped)
[2026-08-27 03:12:03]   chosen 5 targets (file), p_adv range 0.0000..0.1568
[2026-08-27 03:12:03]   targets: [3495, 2903, 6697, 2315, 6899]
[2026-08-27 03:12:03] === target 3495 (1/5) ===
[2026-08-27 03:12:14]   target 3495: crafted 500 poisons in 10 s, obj=0.01466
[2026-08-27 03:12:14]   target 3495: realized linf = 0.03137 (8.00/255), budget = 8.00/255
[2026-08-27 03:13:50]   [t3495 v1/1] SUCCESS (pred=dog) CTA=0.8397
[2026-08-27 03:13:50] === target 2903 (2/5) ===
[2026-08-27 03:14:02]   target 2903: crafted 500 poisons in 10 s, obj=0.02094
[2026-08-27 03:14:02]   target 2903: realized linf = 0.03137 (8.00/255), budget = 8.00/255
[2026-08-27 03:15:38]   [t2903 v1/1] fail (pred=bird) CTA=0.8392
[2026-08-27 03:15:38] === target 6697 (3/5) ===
[2026-08-27 03:15:49]   target 6697: crafted 500 poisons in 10 s, obj=0.01827
[2026-08-27 03:15:49]   target 6697: realized linf = 0.03137 (8.00/255), budget = 8.00/255
