stage: optional file absent: /home/mmoslem3/scratch/attack_if/target_sets/def_ResNet20BN_gradmatch_dog-bird_b0.002_jacw1.json
stage: optional directory absent: /home/mmoslem3/scratch/attack_if/defense_result/CIFAR10_ResNet20BN_gradmatch_ours_dog-bird_b0.002_eps8_seed42_lam1_cosine_seldpp2_jacw1_ce5_tgt14__def-friends-friendly.bernoulli-e8-p5-clp16
job: 5026617 defense_038_resnet20_gradmatch_dog_bird_b0_002_friends_dpp_j on kn053
work: /tmp/attack_if
config: USE_JACOBIAN_SCORE=1 JACOBIAN_WEIGHT=1.0 JACOBIAN_BATCH_SIZE=64 CLASS_PAIR="dog-bird" MODEL="ResNet20BN" ATTACK="gradmatch" BUDGETS=0.002 SELS=dpp SEL_ALPHA=2.0 DEFENSES="friends" NUM_TARGETS=7 NUM_VICTIMS=5 sh defense.sh
protocol: attack=8 targets x 5 victims; defense=7 targets x 5 victims
gpu: NVIDIA L40S
#  b0.002  dpp=8                        -> 8 paired target(s)
=== defense sweep | ResNet20BN / gradmatch / dog-bird (tgt14) ===
    selections : dpp   (dpp alpha 2.0)
    selector   : Jacobian enabled for ours/dpp (weight 1.0, batch 64); random unchanged
    defenses   : friends
    poisons    : replayed from /tmp/attack_if/ours_result, results into /tmp/attack_if/defense_result

--- budget 0.002 | defense friends | selection dpp ---
[2026-08-26 01:07:32] === defense run: CIFAR10_ResNet20BN_gradmatch_ours_dog-bird_b0.002_eps8_seed42_lam1_cosine_seldpp2_jacw1_ce5_tgt14__def-friends-friendly.bernoulli-e8-p5-clp16 ===
[2026-08-26 01:07:32]     poisons replayed from /tmp/attack_if/ours_result/CIFAR10_ResNet20BN_gradmatch_ours_dog-bird_b0.002_eps8_seed42_lam1_cosine_seldpp2_jacw1_ce5_tgt14
[2026-08-26 01:07:32]     defense = friends  (friends-friendly.bernoulli-e8-p5-clp16)
[2026-08-26 01:07:32]     victim augmentation = none  (applied to the poisoned image, resampled every epoch)
[2026-08-26 01:07:32] args: {"adv_eps": 8.0, "adv_step_size": 0.0, "adv_steps": 5, "attack": "gradmatch", "aug_cutout_length": 16, "aug_flip_p": 0.5, "aug_pad": 4, "aug_randaug_magnitude": 9, "aug_randaug_ops": 2, "base": "ours", "base_dist": "cosine", "budget": 0.002, "cache_dir": "/tmp/attack_if/cache", "class_pair": "dog-bird", "clean_baseline": true, "craft_aug": true, "craft_ensemble": 5, "data_path": "/tmp/data", "dataset": "CIFAR10", "defense": "friends", "defense_out_dir": "/tmp/attack_if/defense_result", "defense_parts": ["friends"], "dsa_strategy": "color_crop_cutout_flip_scale_rotate", "epic_cluster_thresh": 1.0, "epic_drop_after": 10, "epic_freq": 2, "epic_metric": "euclidean", "epic_stop_after": -1, "epic_subset_size": 0.1, "epsilon": 0.0313725, "fc_mode": "sample", "friendly_begin_epoch": 5, "friendly_bs": 512, "friendly_clamp": 16.0, "friendly_epochs": 30, "friendly_lr": 100.0, "friendly_momentum": 0.9, "friendly_mu": 1.0, "gpus": "all", "jacobian_batch_size": 64, "jacobian_weight": 1.0, "lambda_margin": 1.0, "list_cached": false, "model": "ResNet20BN", "no_resume": false, "noise_eps": 8.0, "noise_type": ["friendly", "bernoulli"], "num_targets": 7, "num_victims": 5, "out_dir": "/tmp/attack_if/ours_result", "pair_order": "poison-target", "parallel_trials": true, "recompute_deltas": false, "seed": 42, "sel_alpha": 2.0, "sel_dpp": true, "sel_filter": false, "sel_mmr": false, "sel_mode": "dpp", "sel_mu": 1.0, "sel_pca": false, "sel_pool": 3.0, "sharp_mode": "worst", "sharp_samples": 20, "sharp_sigma": 0.05, "target_idx_file": "target_sets/def_ResNet20BN_gradmatch_dog-bird_b0.002_jacw1.json", "target_select": 14, "use_jacobian_score": true, "victim_aug": "none", "victim_bs": 125, "victim_decay": [40], "victim_epochs": 50, "victim_lr": 0.1, "victim_wd": 0.0}
[2026-08-26 01:07:54]   7 target(s) with saved poisons: [833, 2065, 4630, 5118, 5324, 7056, 8740]
[2026-08-26 01:07:54] === defended clean victims (5 x ResNet20BN, defense friends-friendly.bernoulli-e8-p5-clp16) ===
[2026-08-26 01:07:55]   defended clean CTA = 0.7485 +/- 0.0091
[2026-08-26 01:07:55] === target 833: 100 saved poisons, realized linf 8.00/255 ===
[2026-08-26 01:08:34]   friendly noise: 50000 images in 24 s, mean|eps| = 0.0484 (12.35/255)
[2026-08-26 01:10:45]   [t833 v1/5] fail (pred=bird) CTA=0.7518 (170 s)
[2026-08-26 01:11:24]   friendly noise: 50000 images in 24 s, mean|eps| = 0.0482 (12.28/255)
[2026-08-26 01:13:36]   [t833 v2/5] fail (pred=bird) CTA=0.7277 (170 s)
[2026-08-26 01:14:14]   friendly noise: 50000 images in 24 s, mean|eps| = 0.0473 (12.07/255)
[2026-08-26 01:16:25]   [t833 v3/5] fail (pred=bird) CTA=0.7330 (169 s)
[2026-08-26 01:17:03]   friendly noise: 50000 images in 24 s, mean|eps| = 0.0487 (12.42/255)
[2026-08-26 01:19:15]   [t833 v4/5] fail (pred=bird) CTA=0.7516 (170 s)
[2026-08-26 01:19:54]   friendly noise: 50000 images in 24 s, mean|eps| = 0.0471 (12.02/255)
[2026-08-26 01:22:08]   [t833 v5/5] fail (pred=cat) CTA=0.7453 (173 s)
[2026-08-26 01:22:08] === target 2065: 100 saved poisons, realized linf 8.00/255 ===
[2026-08-26 01:22:47]   friendly noise: 50000 images in 24 s, mean|eps| = 0.0471 (12.00/255)
[2026-08-26 01:24:59]   [t2065 v1/5] fail (pred=cat) CTA=0.7537 (171 s)
[2026-08-26 01:25:38]   friendly noise: 50000 images in 24 s, mean|eps| = 0.0473 (12.06/255)
[2026-08-26 01:27:49]   [t2065 v2/5] fail (pred=airplane) CTA=0.7435 (169 s)
[2026-08-26 01:28:27]   friendly noise: 50000 images in 24 s, mean|eps| = 0.0477 (12.16/255)
[2026-08-26 01:30:32]   [t2065 v3/5] fail (pred=bird) CTA=0.7389 (164 s)
[2026-08-26 01:31:10]   friendly noise: 50000 images in 24 s, mean|eps| = 0.0482 (12.30/255)
[2026-08-26 01:33:20]   [t2065 v4/5] fail (pred=deer) CTA=0.7439 (168 s)
[2026-08-26 01:33:59]   friendly noise: 50000 images in 24 s, mean|eps| = 0.0477 (12.17/255)
[2026-08-26 01:36:11]   [t2065 v5/5] fail (pred=cat) CTA=0.7491 (171 s)
[2026-08-26 01:36:11] === target 4630: 100 saved poisons, realized linf 8.00/255 ===
[2026-08-26 01:36:50]   friendly noise: 50000 images in 24 s, mean|eps| = 0.0464 (11.83/255)
[2026-08-26 01:39:02]   [t4630 v1/5] fail (pred=bird) CTA=0.7477 (171 s)
[2026-08-26 01:39:40]   friendly noise: 50000 images in 24 s, mean|eps| = 0.0492 (12.54/255)
[2026-08-26 01:41:53]   [t4630 v2/5] fail (pred=bird) CTA=0.7303 (171 s)
[2026-08-26 01:42:32]   friendly noise: 50000 images in 24 s, mean|eps| = 0.0476 (12.13/255)
[2026-08-26 01:44:45]   [t4630 v3/5] SUCCESS (pred=dog) CTA=0.7571 (172 s)
[2026-08-26 01:45:24]   friendly noise: 50000 images in 24 s, mean|eps| = 0.0475 (12.12/255)
[2026-08-26 01:47:39]   [t4630 v4/5] SUCCESS (pred=dog) CTA=0.7591 (174 s)
[2026-08-26 01:48:17]   friendly noise: 50000 images in 24 s, mean|eps| = 0.0474 (12.10/255)
[2026-08-26 01:50:31]   [t4630 v5/5] fail (pred=bird) CTA=0.7366 (172 s)
[2026-08-26 01:50:31] === target 5118: 100 saved poisons, realized linf 8.00/255 ===
[2026-08-26 01:51:09]   friendly noise: 50000 images in 24 s, mean|eps| = 0.0471 (12.01/255)
[2026-08-26 01:53:21]   [t5118 v1/5] fail (pred=bird) CTA=0.7486 (171 s)
[2026-08-26 01:54:00]   friendly noise: 50000 images in 24 s, mean|eps| = 0.0471 (12.01/255)
[2026-08-26 01:56:15]   [t5118 v2/5] fail (pred=bird) CTA=0.7537 (174 s)
[2026-08-26 01:56:54]   friendly noise: 50000 images in 24 s, mean|eps| = 0.0495 (12.62/255)
[2026-08-26 01:59:08]   [t5118 v3/5] fail (pred=bird) CTA=0.7361 (173 s)
[2026-08-26 01:59:47]   friendly noise: 50000 images in 24 s, mean|eps| = 0.0476 (12.15/255)
[2026-08-26 02:02:00]   [t5118 v4/5] fail (pred=airplane) CTA=0.7548 (172 s)
[2026-08-26 02:02:39]   friendly noise: 50000 images in 24 s, mean|eps| = 0.0469 (11.97/255)
[2026-08-26 02:04:50]   [t5118 v5/5] fail (pred=cat) CTA=0.7439 (169 s)
[2026-08-26 02:04:50] === target 5324: 100 saved poisons, realized linf 8.00/255 ===
[2026-08-26 02:05:28]   friendly noise: 50000 images in 24 s, mean|eps| = 0.0479 (12.21/255)
[2026-08-26 02:07:43]   [t5324 v1/5] fail (pred=ship) CTA=0.7480 (173 s)
[2026-08-26 02:08:21]   friendly noise: 50000 images in 24 s, mean|eps| = 0.0482 (12.29/255)
[2026-08-26 02:10:33]   [t5324 v2/5] fail (pred=airplane) CTA=0.7263 (170 s)
[2026-08-26 02:11:11]   friendly noise: 50000 images in 24 s, mean|eps| = 0.0484 (12.33/255)
[2026-08-26 02:13:19]   [t5324 v3/5] fail (pred=horse) CTA=0.7351 (166 s)
[2026-08-26 02:13:57]   friendly noise: 50000 images in 24 s, mean|eps| = 0.0482 (12.28/255)
[2026-08-26 02:16:06]   [t5324 v4/5] fail (pred=ship) CTA=0.7534 (167 s)
[2026-08-26 02:16:45]   friendly noise: 50000 images in 24 s, mean|eps| = 0.0478 (12.20/255)
[2026-08-26 02:18:55]   [t5324 v5/5] fail (pred=cat) CTA=0.7488 (169 s)
[2026-08-26 02:18:55] === target 7056: 100 saved poisons, realized linf 8.00/255 ===
[2026-08-26 02:19:33]   friendly noise: 50000 images in 24 s, mean|eps| = 0.0481 (12.28/255)
[2026-08-26 02:21:47]   [t7056 v1/5] fail (pred=bird) CTA=0.7397 (172 s)
[2026-08-26 02:22:26]   friendly noise: 50000 images in 24 s, mean|eps| = 0.0468 (11.93/255)
[2026-08-26 02:24:37]   [t7056 v2/5] fail (pred=bird) CTA=0.7225 (170 s)
[2026-08-26 02:25:16]   friendly noise: 50000 images in 24 s, mean|eps| = 0.0486 (12.40/255)
[2026-08-26 02:27:29]   [t7056 v3/5] fail (pred=bird) CTA=0.7503 (172 s)
[2026-08-26 02:28:08]   friendly noise: 50000 images in 24 s, mean|eps| = 0.0483 (12.33/255)
[2026-08-26 02:30:21]   [t7056 v4/5] fail (pred=bird) CTA=0.7459 (172 s)
[2026-08-26 02:31:00]   friendly noise: 50000 images in 24 s, mean|eps| = 0.0458 (11.69/255)
[2026-08-26 02:33:12]   [t7056 v5/5] fail (pred=bird) CTA=0.7513 (171 s)
[2026-08-26 02:33:12] === target 8740: 100 saved poisons, realized linf 8.00/255 ===
[2026-08-26 02:33:51]   friendly noise: 50000 images in 24 s, mean|eps| = 0.0478 (12.18/255)
[2026-08-26 02:36:03]   [t8740 v1/5] fail (pred=bird) CTA=0.7575 (170 s)
[2026-08-26 02:36:41]   friendly noise: 50000 images in 24 s, mean|eps| = 0.0501 (12.77/255)
[2026-08-26 02:38:52]   [t8740 v2/5] fail (pred=bird) CTA=0.7440 (169 s)
[2026-08-26 02:39:30]   friendly noise: 50000 images in 24 s, mean|eps| = 0.0484 (12.35/255)
[2026-08-26 02:41:43]   [t8740 v3/5] SUCCESS (pred=dog) CTA=0.7497 (171 s)
[2026-08-26 02:42:22]   friendly noise: 50000 images in 24 s, mean|eps| = 0.0476 (12.15/255)
[2026-08-26 02:44:33]   [t8740 v4/5] fail (pred=cat) CTA=0.7520 (170 s)
[2026-08-26 02:45:12]   friendly noise: 50000 images in 24 s, mean|eps| = 0.0472 (12.03/255)
[2026-08-26 02:47:24]   [t8740 v5/5] fail (pred=bird) CTA=0.7421 (171 s)
[2026-08-26 02:47:24] ==== CIFAR10_ResNet20BN_gradmatch_ours_dog-bird_b0.002_eps8_seed42_lam1_cosine_seldpp2_jacw1_ce5_tgt14 | defense friends-friendly.bernoulli-e8-p5-clp16 : ASR = 8.6% +/- 14.6% | CTA = 0.7449 (defended clean 0.7485) ====
[2026-08-26 02:47:24]   target-prediction tally ['airplane', 'automobile', 'bird', 'cat', 'deer', 'dog', 'frog', 'horse', 'ship', 'truck']: [3, 0, 19, 6, 1, 3, 0, 1, 2, 0]
sync: preserving outputs in /home/mmoslem3/scratch/attack_if
sync: complete
