environment modules unavailable; using /home/mmoslem3/ENV directly
stage: optional directory absent: /home/mmoslem3/scratch/PoisonBase/defense_result/CIFAR10_ConvNetBN_gradmatch_ours_dog-bird_b0.02_eps8_seed42_lam1_cosine_seldpp0.1_ce5_tgt70__def-epic-s0.1-f2-d10
job: 632305 defextra_a01_035_convnet_gm_b002_epic on rack11-16
work: /tmp/attack_if
config: USE_JACOBIAN_SCORE=0 CLASS_PAIR=dog-bird MODEL=ConvNetBN ATTACK=gradmatch TARGET_SELECT=70 BUDGETS=0.02 SELS=dpp SEL_ALPHA=0.1 DEFENSES=epic NUM_TARGETS=5 NUM_VICTIMS=4 sh defense.sh
protocol: defense=5 targets x 4 victims
gpu: NVIDIA L40S
/tmp/attack_if/defense.sh: 93: source: not found
#  b0.02   dpp=5                        -> 5 paired target(s)
=== defense sweep | ConvNetBN / gradmatch / dog-bird (tgt70) ===
    selections : dpp   (dpp alpha 0.1)
    selector   : Jacobian disabled (historical attack-run names)
    defenses   : epic
    poisons    : replayed from /tmp/attack_if/ours_result, results into /tmp/attack_if/defense_result

--- budget 0.02 | defense epic | selection dpp ---
[2026-08-27 04:44:53] === defense run: CIFAR10_ConvNetBN_gradmatch_ours_dog-bird_b0.02_eps8_seed42_lam1_cosine_seldpp0.1_ce5_tgt70__def-epic-s0.1-f2-d10 ===
[2026-08-27 04:44:53]     poisons replayed from /tmp/attack_if/ours_result/CIFAR10_ConvNetBN_gradmatch_ours_dog-bird_b0.02_eps8_seed42_lam1_cosine_seldpp0.1_ce5_tgt70
[2026-08-27 04:44:53]     defense = epic  (epic-s0.1-f2-d10)
[2026-08-27 04:44:53]     victim augmentation = none  (applied to the poisoned image, resampled every epoch)
[2026-08-27 04:44:53] args: {"adv_eps": 8.0, "adv_step_size": 0.0, "adv_steps": 5, "attack": "gradmatch", "aug_cutout_length": 16, "aug_flip_p": 0.5, "aug_pad": 4, "aug_randaug_magnitude": 9, "aug_randaug_ops": 2, "base": "ours", "base_dist": "cosine", "budget": 0.02, "cache_dir": "/tmp/attack_if/cache", "class_pair": "dog-bird", "clean_baseline": true, "craft_aug": true, "craft_ensemble": 5, "data_path": "/tmp/data", "dataset": "CIFAR10", "defense": "epic", "defense_out_dir": "/tmp/attack_if/defense_result", "defense_parts": ["epic"], "dsa_strategy": "color_crop_cutout_flip_scale_rotate", "epic_cluster_thresh": 1.0, "epic_drop_after": 10, "epic_freq": 2, "epic_metric": "euclidean", "epic_stop_after": -1, "epic_subset_size": 0.1, "epsilon": 0.0313725, "fc_mode": "sample", "friendly_begin_epoch": 5, "friendly_bs": 512, "friendly_clamp": 16.0, "friendly_epochs": 30, "friendly_lr": 100.0, "friendly_momentum": 0.9, "friendly_mu": 1.0, "gpus": "all", "jacobian_batch_size": 64, "jacobian_weight": 1.0, "lambda_margin": 1.0, "list_cached": false, "model": "ConvNetBN", "no_resume": false, "noise_eps": 8.0, "noise_type": [], "num_targets": 5, "num_victims": 4, "out_dir": "/tmp/attack_if/ours_result", "pair_order": "poison-target", "parallel_trials": true, "recompute_deltas": false, "seed": 42, "sel_alpha": 0.1, "sel_dpp": true, "sel_filter": false, "sel_mmr": false, "sel_mode": "dpp", "sel_mu": 1.0, "sel_pca": false, "sel_pool": 3.0, "sharp_mode": "worst", "sharp_samples": 20, "sharp_sigma": 0.05, "target_idx_file": "target_sets/def_ConvNetBN_gradmatch_dog-bird_b0.02.json", "target_select": 70, "use_jacobian_score": false, "victim_aug": "none", "victim_bs": 125, "victim_decay": [40], "victim_epochs": 50, "victim_lr": 0.1, "victim_wd": 0.0}
[2026-08-27 04:45:05]   5 target(s) with saved poisons: [843, 1257, 8055, 8252, 8730]
[2026-08-27 04:45:05] === defended clean victims (4 x ConvNetBN, defense epic-s0.1-f2-d10) ===
[2026-08-27 04:45:05]   defended clean CTA = 0.7708 +/- 0.0284
[2026-08-27 04:45:05] === target 843: 1000 saved poisons, realized linf 8.00/255 ===
[2026-08-27 04:46:52]   [t843 v1/4] SUCCESS (pred=dog) CTA=0.7917 (107 s)
[2026-08-27 04:48:40]   [t843 v2/4] SUCCESS (pred=dog) CTA=0.7777 (108 s)
[2026-08-27 04:50:29]   [t843 v3/4] fail (pred=bird) CTA=0.7761 (109 s)
[2026-08-27 04:52:16]   [t843 v4/4] fail (pred=bird) CTA=0.7872 (107 s)
[2026-08-27 04:52:16] === target 1257: 1000 saved poisons, realized linf 8.00/255 ===
[2026-08-27 04:54:06]   [t1257 v1/4] fail (pred=bird) CTA=0.7871 (110 s)
[2026-08-27 04:55:52]   [t1257 v2/4] fail (pred=bird) CTA=0.7873 (106 s)
[2026-08-27 04:57:39]   [t1257 v3/4] SUCCESS (pred=dog) CTA=0.7889 (106 s)
[2026-08-27 04:59:35]   [t1257 v4/4] fail (pred=bird) CTA=0.7559 (116 s)
[2026-08-27 04:59:35] === target 8055: 1000 saved poisons, realized linf 8.00/255 ===
[2026-08-27 05:01:31]   [t8055 v1/4] fail (pred=bird) CTA=0.7774 (116 s)
[2026-08-27 05:03:20]   [t8055 v2/4] fail (pred=bird) CTA=0.7722 (110 s)
[2026-08-27 05:05:05]   [t8055 v3/4] fail (pred=bird) CTA=0.7851 (105 s)
[2026-08-27 05:07:11]   [t8055 v4/4] fail (pred=bird) CTA=0.7498 (126 s)
[2026-08-27 05:07:11] === target 8252: 1000 saved poisons, realized linf 8.00/255 ===
[2026-08-27 05:09:09]   [t8252 v1/4] fail (pred=cat) CTA=0.7611 (118 s)
[2026-08-27 05:10:52]   [t8252 v2/4] SUCCESS (pred=dog) CTA=0.7927 (103 s)
[2026-08-27 05:12:43]   [t8252 v3/4] fail (pred=cat) CTA=0.7724 (111 s)
[2026-08-27 05:15:09]   [t8252 v4/4] fail (pred=bird) CTA=0.6708 (145 s)
[2026-08-27 05:15:09] === target 8730: 1000 saved poisons, realized linf 8.00/255 ===
[2026-08-27 05:16:56]   [t8730 v1/4] SUCCESS (pred=dog) CTA=0.7931 (107 s)
[2026-08-27 05:18:42]   [t8730 v2/4] fail (pred=bird) CTA=0.7886 (106 s)
[2026-08-27 05:20:28]   [t8730 v3/4] SUCCESS (pred=dog) CTA=0.8016 (106 s)
[2026-08-27 05:22:22]   [t8730 v4/4] fail (pred=bird) CTA=0.7667 (113 s)
[2026-08-27 05:22:22] ==== CIFAR10_ConvNetBN_gradmatch_ours_dog-bird_b0.02_eps8_seed42_lam1_cosine_seldpp0.1_ce5_tgt70 | defense epic-s0.1-f2-d10 : ASR = 30.0% +/- 18.7% | CTA = 0.7742 (defended clean 0.7708)  poisons dropped 51.6% vs clean 64.3% ====
[2026-08-27 05:22:22]   target-prediction tally ['airplane', 'automobile', 'bird', 'cat', 'deer', 'dog', 'frog', 'horse', 'ship', 'truck']: [0, 0, 12, 2, 0, 6, 0, 0, 0, 0]
sync: preserving outputs in /home/mmoslem3/scratch/PoisonBase
sync: complete
