environment modules unavailable; using /home/mmoslem3/ENV directly
stage: optional directory absent: /home/mmoslem3/scratch/PoisonBase/last_night_H200_2026-08-26/ours_result_alpha025_live/CIFAR10_ResNet20BN_gradmatch_ours_dog-bird_b0.01_eps8_seed42_lam1_cosine_seldpp0.25_ce5_tgt14
stage: optional directory absent: /home/mmoslem3/scratch/PoisonBase/last_night_H200_2026-08-26/defense_result/CIFAR10_ResNet20BN_gradmatch_ours_dog-bird_b0.01_eps8_seed42_lam1_cosine_seldpp0.25_ce5_tgt14__def-epic-s0.1-f2-d10
stage: optional directory absent: /home/mmoslem3/scratch/PoisonBase/defense_result/CIFAR10_ResNet20BN_gradmatch_ours_dog-bird_b0.01_eps8_seed42_lam1_cosine_seldpp0.25_ce5_tgt14__def-epic-s0.1-f2-d10
job: 632286 defextra_a025_016_resnet20_gm_b001_epic on rack11-10
work: /tmp/attack_if
config: USE_JACOBIAN_SCORE=0 CLASS_PAIR=dog-bird MODEL=ResNet20BN ATTACK=gradmatch TARGET_SELECT=14 BUDGETS=0.01 SELS=dpp SEL_ALPHA=0.25 DEFENSES=epic NUM_TARGETS=5 NUM_VICTIMS=4 sh defense.sh
protocol: defense=5 targets x 4 victims
gpu: NVIDIA L40S
/tmp/attack_if/defense.sh: 93: source: not found
#  b0.01   dpp=5                        -> 5 paired target(s)
=== defense sweep | ResNet20BN / gradmatch / dog-bird (tgt14) ===
    selections : dpp   (dpp alpha 0.25)
    selector   : Jacobian disabled (historical attack-run names)
    defenses   : epic
    poisons    : replayed from /tmp/attack_if/ours_result, results into /tmp/attack_if/defense_result

--- budget 0.01 | defense epic | selection dpp ---
[2026-08-27 04:39:23] === defense run: CIFAR10_ResNet20BN_gradmatch_ours_dog-bird_b0.01_eps8_seed42_lam1_cosine_seldpp0.25_ce5_tgt14__def-epic-s0.1-f2-d10 ===
[2026-08-27 04:39:23]     poisons replayed from /tmp/attack_if/ours_result/CIFAR10_ResNet20BN_gradmatch_ours_dog-bird_b0.01_eps8_seed42_lam1_cosine_seldpp0.25_ce5_tgt14
[2026-08-27 04:39:23]     defense = epic  (epic-s0.1-f2-d10)
[2026-08-27 04:39:23]     victim augmentation = none  (applied to the poisoned image, resampled every epoch)
[2026-08-27 04:39:23] args: {"adv_eps": 8.0, "adv_step_size": 0.0, "adv_steps": 5, "attack": "gradmatch", "aug_cutout_length": 16, "aug_flip_p": 0.5, "aug_pad": 4, "aug_randaug_magnitude": 9, "aug_randaug_ops": 2, "base": "ours", "base_dist": "cosine", "budget": 0.01, "cache_dir": "/tmp/attack_if/cache", "class_pair": "dog-bird", "clean_baseline": true, "craft_aug": true, "craft_ensemble": 5, "data_path": "/tmp/data", "dataset": "CIFAR10", "defense": "epic", "defense_out_dir": "/tmp/attack_if/defense_result", "defense_parts": ["epic"], "dsa_strategy": "color_crop_cutout_flip_scale_rotate", "epic_cluster_thresh": 1.0, "epic_drop_after": 10, "epic_freq": 2, "epic_metric": "euclidean", "epic_stop_after": -1, "epic_subset_size": 0.1, "epsilon": 0.0313725, "fc_mode": "sample", "friendly_begin_epoch": 5, "friendly_bs": 512, "friendly_clamp": 16.0, "friendly_epochs": 30, "friendly_lr": 100.0, "friendly_momentum": 0.9, "friendly_mu": 1.0, "gpus": "all", "jacobian_batch_size": 64, "jacobian_weight": 1.0, "lambda_margin": 1.0, "list_cached": false, "model": "ResNet20BN", "no_resume": false, "noise_eps": 8.0, "noise_type": [], "num_targets": 5, "num_victims": 4, "out_dir": "/tmp/attack_if/ours_result", "pair_order": "poison-target", "parallel_trials": true, "recompute_deltas": false, "seed": 42, "sel_alpha": 0.25, "sel_dpp": true, "sel_filter": false, "sel_mmr": false, "sel_mode": "dpp", "sel_mu": 1.0, "sel_pca": false, "sel_pool": 3.0, "sharp_mode": "worst", "sharp_samples": 20, "sharp_sigma": 0.05, "target_idx_file": "target_sets/def_ResNet20BN_gradmatch_dog-bird_b0.01.json", "target_select": 14, "use_jacobian_score": false, "victim_aug": "none", "victim_bs": 125, "victim_decay": [40], "victim_epochs": 50, "victim_lr": 0.1, "victim_wd": 0.0}
[2026-08-27 04:39:35]   5 target(s) with saved poisons: [833, 4630, 5118, 5324, 8740]
[2026-08-27 04:39:35] === defended clean victims (4 x ResNet20BN, defense epic-s0.1-f2-d10) ===
[2026-08-27 04:39:36]   defended clean CTA = 0.7706 +/- 0.0398
[2026-08-27 04:39:36] === target 833: 500 saved poisons, realized linf 8.00/255 ===
[2026-08-27 04:41:38]   [t833 v1/4] SUCCESS (pred=dog) CTA=0.8086 (123 s)
[2026-08-27 04:43:40]   [t833 v2/4] SUCCESS (pred=dog) CTA=0.8254 (122 s)
[2026-08-27 04:45:44]   [t833 v3/4] SUCCESS (pred=dog) CTA=0.8302 (124 s)
[2026-08-27 04:47:45]   [t833 v4/4] fail (pred=bird) CTA=0.8192 (121 s)
[2026-08-27 04:47:45] === target 4630: 500 saved poisons, realized linf 8.00/255 ===
[2026-08-27 04:49:47]   [t4630 v1/4] SUCCESS (pred=dog) CTA=0.8090 (122 s)
[2026-08-27 04:51:50]   [t4630 v2/4] SUCCESS (pred=dog) CTA=0.8133 (123 s)
[2026-08-27 04:53:54]   [t4630 v3/4] SUCCESS (pred=dog) CTA=0.8096 (124 s)
[2026-08-27 04:55:54]   [t4630 v4/4] fail (pred=bird) CTA=0.8116 (119 s)
[2026-08-27 04:55:54] === target 5118: 500 saved poisons, realized linf 8.00/255 ===
[2026-08-27 04:57:56]   [t5118 v1/4] SUCCESS (pred=dog) CTA=0.8166 (123 s)
[2026-08-27 04:59:58]   [t5118 v2/4] SUCCESS (pred=dog) CTA=0.8209 (121 s)
[2026-08-27 05:02:02]   [t5118 v3/4] SUCCESS (pred=dog) CTA=0.8252 (124 s)
[2026-08-27 05:04:05]   [t5118 v4/4] SUCCESS (pred=dog) CTA=0.8215 (123 s)
[2026-08-27 05:04:05] === target 5324: 500 saved poisons, realized linf 8.00/255 ===
[2026-08-27 05:06:10]   [t5324 v1/4] fail (pred=cat) CTA=0.8232 (124 s)
[2026-08-27 05:08:07]   [t5324 v2/4] fail (pred=cat) CTA=0.7865 (117 s)
[2026-08-27 05:10:10]   [t5324 v3/4] SUCCESS (pred=dog) CTA=0.8320 (123 s)
