stage: optional file absent: /home/mmoslem3/scratch/attack_if/target_sets/def_ResNet20BN_fc_dog-bird_b0.01_jacw1.json
stage: optional directory absent: /home/mmoslem3/scratch/attack_if/defense_result/CIFAR10_ResNet20BN_fc_ours_dog-bird_b0.01_eps8_seed42_lam1_cosine_seldpp2_jacw1_ce5_tgt10__def-epic-s0.1-f2-d10
job: 5026609 defense_030_resnet20_fc_dog_bird_b0_01_epic_dpp_j on kn065
work: /tmp/attack_if
config: USE_JACOBIAN_SCORE=1 JACOBIAN_WEIGHT=1.0 JACOBIAN_BATCH_SIZE=64 CLASS_PAIR="dog-bird" MODEL="ResNet20BN" ATTACK="fc" BUDGETS=0.01 SELS=dpp SEL_ALPHA=2.0 DEFENSES="epic" NUM_TARGETS=7 NUM_VICTIMS=5 sh defense.sh
protocol: attack=8 targets x 5 victims; defense=7 targets x 5 victims
gpu: NVIDIA L40S
#  b0.01   dpp=10                       -> 10 paired target(s)
=== defense sweep | ResNet20BN / fc / dog-bird (tgt10) ===
    selections : dpp   (dpp alpha 2.0)
    selector   : Jacobian enabled for ours/dpp (weight 1.0, batch 64); random unchanged
    defenses   : epic
    poisons    : replayed from /tmp/attack_if/ours_result, results into /tmp/attack_if/defense_result

--- budget 0.01 | defense epic | selection dpp ---
[2026-08-26 00:54:05] === defense run: CIFAR10_ResNet20BN_fc_ours_dog-bird_b0.01_eps8_seed42_lam1_cosine_seldpp2_jacw1_ce5_tgt10__def-epic-s0.1-f2-d10 ===
[2026-08-26 00:54:05]     poisons replayed from /tmp/attack_if/ours_result/CIFAR10_ResNet20BN_fc_ours_dog-bird_b0.01_eps8_seed42_lam1_cosine_seldpp2_jacw1_ce5_tgt10
[2026-08-26 00:54:05]     defense = epic  (epic-s0.1-f2-d10)
[2026-08-26 00:54:05]     victim augmentation = none  (applied to the poisoned image, resampled every epoch)
[2026-08-26 00:54:05] args: {"adv_eps": 8.0, "adv_step_size": 0.0, "adv_steps": 5, "attack": "fc", "aug_cutout_length": 16, "aug_flip_p": 0.5, "aug_pad": 4, "aug_randaug_magnitude": 9, "aug_randaug_ops": 2, "base": "ours", "base_dist": "cosine", "budget": 0.01, "cache_dir": "/tmp/attack_if/cache", "class_pair": "dog-bird", "clean_baseline": true, "craft_aug": true, "craft_ensemble": 5, "data_path": "/tmp/data", "dataset": "CIFAR10", "defense": "epic", "defense_out_dir": "/tmp/attack_if/defense_result", "defense_parts": ["epic"], "dsa_strategy": "color_crop_cutout_flip_scale_rotate", "epic_cluster_thresh": 1.0, "epic_drop_after": 10, "epic_freq": 2, "epic_metric": "euclidean", "epic_stop_after": -1, "epic_subset_size": 0.1, "epsilon": 0.0313725, "fc_mode": "sample", "friendly_begin_epoch": 5, "friendly_bs": 512, "friendly_clamp": 16.0, "friendly_epochs": 30, "friendly_lr": 100.0, "friendly_momentum": 0.9, "friendly_mu": 1.0, "gpus": "all", "jacobian_batch_size": 64, "jacobian_weight": 1.0, "lambda_margin": 1.0, "list_cached": false, "model": "ResNet20BN", "no_resume": false, "noise_eps": 8.0, "noise_type": [], "num_targets": 7, "num_victims": 5, "out_dir": "/tmp/attack_if/ours_result", "pair_order": "poison-target", "parallel_trials": true, "recompute_deltas": false, "seed": 42, "sel_alpha": 2.0, "sel_dpp": true, "sel_filter": false, "sel_mmr": false, "sel_mode": "dpp", "sel_mu": 1.0, "sel_pca": false, "sel_pool": 3.0, "sharp_mode": "worst", "sharp_samples": 20, "sharp_sigma": 0.05, "target_idx_file": "target_sets/def_ResNet20BN_fc_dog-bird_b0.01_jacw1.json", "target_select": 10, "use_jacobian_score": true, "victim_aug": "none", "victim_bs": 125, "victim_decay": [40], "victim_epochs": 50, "victim_lr": 0.1, "victim_wd": 0.0}
[2026-08-26 00:54:29]   7 target(s) with saved poisons: [2242, 2312, 2315, 2903, 3495, 4421, 6353]
[2026-08-26 00:54:29] === defended clean victims (5 x ResNet20BN, defense epic-s0.1-f2-d10) ===
[2026-08-26 00:54:30]   defended clean CTA = 0.8187 +/- 0.0067
[2026-08-26 00:54:30] === target 2242: 500 saved poisons, realized linf 8.00/255 ===
[2026-08-26 00:57:45]   [t2242 v1/5] SUCCESS (pred=dog) CTA=0.7636 (195 s)
[2026-08-26 01:01:13]   [t2242 v2/5] fail (pred=cat) CTA=0.8180 (208 s)
[2026-08-26 01:04:46]   [t2242 v3/5] fail (pred=bird) CTA=0.8228 (214 s)
[2026-08-26 01:08:09]   [t2242 v4/5] fail (pred=deer) CTA=0.8116 (203 s)
[2026-08-26 01:11:38]   [t2242 v5/5] fail (pred=bird) CTA=0.8216 (209 s)
[2026-08-26 01:11:38] === target 2312: 500 saved poisons, realized linf 8.00/255 ===
[2026-08-26 01:14:59]   [t2312 v1/5] SUCCESS (pred=dog) CTA=0.7877 (201 s)
[2026-08-26 01:18:31]   [t2312 v2/5] fail (pred=bird) CTA=0.8297 (212 s)
[2026-08-26 01:22:01]   [t2312 v3/5] fail (pred=bird) CTA=0.8117 (210 s)
[2026-08-26 01:25:37]   [t2312 v4/5] SUCCESS (pred=dog) CTA=0.8266 (216 s)
[2026-08-26 01:29:00]   [t2312 v5/5] fail (pred=bird) CTA=0.7895 (203 s)
[2026-08-26 01:29:00] === target 2315: 500 saved poisons, realized linf 8.00/255 ===
[2026-08-26 01:32:28]   [t2315 v1/5] fail (pred=bird) CTA=0.8142 (208 s)
[2026-08-26 01:35:56]   [t2315 v2/5] fail (pred=bird) CTA=0.8139 (207 s)
[2026-08-26 01:39:30]   [t2315 v3/5] fail (pred=bird) CTA=0.8239 (214 s)
[2026-08-26 01:42:57]   [t2315 v4/5] fail (pred=horse) CTA=0.8149 (207 s)
[2026-08-26 01:46:23]   [t2315 v5/5] fail (pred=bird) CTA=0.8164 (206 s)
[2026-08-26 01:46:23] === target 2903: 500 saved poisons, realized linf 8.00/255 ===
[2026-08-26 01:49:57]   [t2903 v1/5] fail (pred=bird) CTA=0.8161 (214 s)
[2026-08-26 01:53:26]   [t2903 v2/5] fail (pred=bird) CTA=0.8316 (209 s)
[2026-08-26 01:56:51]   [t2903 v3/5] fail (pred=bird) CTA=0.7892 (205 s)
[2026-08-26 02:00:24]   [t2903 v4/5] fail (pred=bird) CTA=0.8216 (213 s)
[2026-08-26 02:03:53]   [t2903 v5/5] fail (pred=bird) CTA=0.8174 (208 s)
[2026-08-26 02:03:53] === target 3495: 500 saved poisons, realized linf 8.00/255 ===
[2026-08-26 02:07:13]   [t3495 v1/5] SUCCESS (pred=dog) CTA=0.7887 (200 s)
[2026-08-26 02:10:44]   [t3495 v2/5] SUCCESS (pred=dog) CTA=0.8198 (211 s)
[2026-08-26 02:14:17]   [t3495 v3/5] SUCCESS (pred=dog) CTA=0.8174 (213 s)
[2026-08-26 02:17:38]   [t3495 v4/5] fail (pred=bird) CTA=0.7911 (201 s)
[2026-08-26 02:21:00]   [t3495 v5/5] fail (pred=frog) CTA=0.7434 (202 s)
[2026-08-26 02:21:00] === target 4421: 500 saved poisons, realized linf 8.00/255 ===
[2026-08-26 02:24:27]   [t4421 v1/5] fail (pred=cat) CTA=0.8111 (207 s)
[2026-08-26 02:27:56]   [t4421 v2/5] fail (pred=bird) CTA=0.8095 (209 s)
[2026-08-26 02:31:32]   [t4421 v3/5] fail (pred=bird) CTA=0.8234 (217 s)
[2026-08-26 02:35:06]   [t4421 v4/5] SUCCESS (pred=dog) CTA=0.8246 (213 s)
[2026-08-26 02:38:38]   [t4421 v5/5] fail (pred=bird) CTA=0.8276 (212 s)
[2026-08-26 02:38:38] === target 6353: 500 saved poisons, realized linf 8.00/255 ===
[2026-08-26 02:42:10]   [t6353 v1/5] fail (pred=bird) CTA=0.8343 (213 s)
[2026-08-26 02:45:45]   [t6353 v2/5] fail (pred=cat) CTA=0.8196 (215 s)
[2026-08-26 02:49:20]   [t6353 v3/5] fail (pred=bird) CTA=0.8225 (215 s)
[2026-08-26 02:52:56]   [t6353 v4/5] fail (pred=airplane) CTA=0.8273 (215 s)
[2026-08-26 02:56:26]   [t6353 v5/5] fail (pred=bird) CTA=0.8233 (210 s)
[2026-08-26 02:56:26] ==== CIFAR10_ResNet20BN_fc_ours_dog-bird_b0.01_eps8_seed42_lam1_cosine_seldpp2_jacw1_ce5_tgt10 | defense epic-s0.1-f2-d10 : ASR = 20.0% +/- 21.4% | CTA = 0.8122 (defended clean 0.8187)  poisons dropped 90.1% vs clean 65.1% ====
[2026-08-26 02:56:26]   target-prediction tally ['airplane', 'automobile', 'bird', 'cat', 'deer', 'dog', 'frog', 'horse', 'ship', 'truck']: [1, 0, 21, 3, 1, 7, 1, 1, 0, 0]
sync: preserving outputs in /home/mmoslem3/scratch/attack_if
sync: complete
