stage: optional file absent: /home/mmoslem3/scratch/attack_if/target_sets/def_ConvNetBN_fc_dog-bird_b0.01.json
stage: optional directory absent: /home/mmoslem3/scratch/attack_if/defense_result/CIFAR10_ConvNetBN_fc_ours_dog-bird_b0.01_eps8_seed42_lam1_cosine_ce5_tgt50__def-friends-friendly.bernoulli-e8-p5-clp16
job: 5026593 defense_016_convnet_fc_dog_bird_b0_01_friends_ours_std on kn080
work: /tmp/attack_if
config: USE_JACOBIAN_SCORE=0 CLASS_PAIR="dog-bird" MODEL="ConvNetBN" ATTACK="fc" BUDGETS=0.01 SELS=ours SEL_ALPHA=2.0 DEFENSES="friends" NUM_TARGETS=7 NUM_VICTIMS=5 sh defense.sh
protocol: attack=8 targets x 5 victims; defense=7 targets x 5 victims
gpu: NVIDIA L40S
#  b0.01   ours=10                      -> 10 paired target(s)
=== defense sweep | ConvNetBN / fc / dog-bird (tgt50) ===
    selections : ours   (dpp alpha 2.0)
    selector   : Jacobian disabled (historical attack-run names)
    defenses   : friends
    poisons    : replayed from /tmp/attack_if/ours_result, results into /tmp/attack_if/defense_result

--- budget 0.01 | defense friends | selection ours ---
[2026-08-26 00:35:37] === defense run: CIFAR10_ConvNetBN_fc_ours_dog-bird_b0.01_eps8_seed42_lam1_cosine_ce5_tgt50__def-friends-friendly.bernoulli-e8-p5-clp16 ===
[2026-08-26 00:35:37]     poisons replayed from /tmp/attack_if/ours_result/CIFAR10_ConvNetBN_fc_ours_dog-bird_b0.01_eps8_seed42_lam1_cosine_ce5_tgt50
[2026-08-26 00:35:37]     defense = friends  (friends-friendly.bernoulli-e8-p5-clp16)
[2026-08-26 00:35:37]     victim augmentation = none  (applied to the poisoned image, resampled every epoch)
[2026-08-26 00:35:37] args: {"adv_eps": 8.0, "adv_step_size": 0.0, "adv_steps": 5, "attack": "fc", "aug_cutout_length": 16, "aug_flip_p": 0.5, "aug_pad": 4, "aug_randaug_magnitude": 9, "aug_randaug_ops": 2, "base": "ours", "base_dist": "cosine", "budget": 0.01, "cache_dir": "/tmp/attack_if/cache", "class_pair": "dog-bird", "clean_baseline": true, "craft_aug": true, "craft_ensemble": 5, "data_path": "/tmp/data", "dataset": "CIFAR10", "defense": "friends", "defense_out_dir": "/tmp/attack_if/defense_result", "defense_parts": ["friends"], "dsa_strategy": "color_crop_cutout_flip_scale_rotate", "epic_cluster_thresh": 1.0, "epic_drop_after": 10, "epic_freq": 2, "epic_metric": "euclidean", "epic_stop_after": -1, "epic_subset_size": 0.1, "epsilon": 0.0313725, "fc_mode": "sample", "friendly_begin_epoch": 5, "friendly_bs": 512, "friendly_clamp": 16.0, "friendly_epochs": 30, "friendly_lr": 100.0, "friendly_momentum": 0.9, "friendly_mu": 1.0, "gpus": "all", "jacobian_batch_size": 64, "jacobian_weight": 1.0, "lambda_margin": 1.0, "list_cached": false, "model": "ConvNetBN", "no_resume": false, "noise_eps": 8.0, "noise_type": ["friendly", "bernoulli"], "num_targets": 7, "num_victims": 5, "out_dir": "/tmp/attack_if/ours_result", "pair_order": "poison-target", "parallel_trials": true, "recompute_deltas": false, "seed": 42, "sel_alpha": 1.0, "sel_dpp": false, "sel_filter": false, "sel_mmr": false, "sel_mode": null, "sel_mu": 1.0, "sel_pca": false, "sel_pool": 3.0, "sharp_mode": "worst", "sharp_samples": 20, "sharp_sigma": 0.05, "target_idx_file": "target_sets/def_ConvNetBN_fc_dog-bird_b0.01.json", "target_select": 50, "use_jacobian_score": false, "victim_aug": "none", "victim_bs": 125, "victim_decay": [40], "victim_epochs": 50, "victim_lr": 0.1, "victim_wd": 0.0}
[2026-08-26 00:35:59]   7 target(s) with saved poisons: [2540, 3725, 3875, 5169, 5705, 6335, 7488]
[2026-08-26 00:35:59] === defended clean victims (5 x ConvNetBN, defense friends-friendly.bernoulli-e8-p5-clp16) ===
[2026-08-26 00:36:00]   defended clean CTA = 0.7538 +/- 0.0081
[2026-08-26 00:36:00] === target 2540: 500 saved poisons, realized linf 8.00/255 ===
[2026-08-26 00:36:34]   friendly noise: 50000 images in 28 s, mean|eps| = 0.0428 (10.91/255)
[2026-08-26 00:37:21]   [t2540 v1/5] SUCCESS (pred=dog) CTA=0.7486 (80 s)
[2026-08-26 00:37:54]   friendly noise: 50000 images in 28 s, mean|eps| = 0.0385 (9.82/255)
[2026-08-26 00:38:40]   [t2540 v2/5] SUCCESS (pred=dog) CTA=0.7329 (80 s)
[2026-08-26 00:39:14]   friendly noise: 50000 images in 28 s, mean|eps| = 0.0417 (10.63/255)
[2026-08-26 00:40:01]   [t2540 v3/5] SUCCESS (pred=dog) CTA=0.7551 (80 s)
[2026-08-26 00:40:34]   friendly noise: 50000 images in 28 s, mean|eps| = 0.0413 (10.53/255)
[2026-08-26 00:41:21]   [t2540 v4/5] SUCCESS (pred=dog) CTA=0.7493 (80 s)
[2026-08-26 00:41:54]   friendly noise: 50000 images in 28 s, mean|eps| = 0.0396 (10.10/255)
[2026-08-26 00:42:41]   [t2540 v5/5] SUCCESS (pred=dog) CTA=0.7417 (80 s)
[2026-08-26 00:42:41] === target 3725: 500 saved poisons, realized linf 8.00/255 ===
[2026-08-26 00:43:14]   friendly noise: 50000 images in 28 s, mean|eps| = 0.0414 (10.57/255)
[2026-08-26 00:44:01]   [t3725 v1/5] SUCCESS (pred=dog) CTA=0.7488 (80 s)
[2026-08-26 00:44:34]   friendly noise: 50000 images in 28 s, mean|eps| = 0.0426 (10.86/255)
[2026-08-26 00:45:21]   [t3725 v2/5] SUCCESS (pred=dog) CTA=0.7308 (80 s)
[2026-08-26 00:45:54]   friendly noise: 50000 images in 28 s, mean|eps| = 0.0421 (10.73/255)
[2026-08-26 00:46:41]   [t3725 v3/5] SUCCESS (pred=dog) CTA=0.7459 (80 s)
[2026-08-26 00:47:14]   friendly noise: 50000 images in 28 s, mean|eps| = 0.0416 (10.62/255)
[2026-08-26 00:48:01]   [t3725 v4/5] SUCCESS (pred=dog) CTA=0.7393 (80 s)
[2026-08-26 00:48:34]   friendly noise: 50000 images in 28 s, mean|eps| = 0.0427 (10.88/255)
[2026-08-26 00:49:21]   [t3725 v5/5] SUCCESS (pred=dog) CTA=0.7437 (80 s)
[2026-08-26 00:49:21] === target 3875: 500 saved poisons, realized linf 8.00/255 ===
[2026-08-26 00:49:54]   friendly noise: 50000 images in 28 s, mean|eps| = 0.0426 (10.87/255)
[2026-08-26 00:50:41]   [t3875 v1/5] SUCCESS (pred=dog) CTA=0.7359 (80 s)
[2026-08-26 00:51:14]   friendly noise: 50000 images in 28 s, mean|eps| = 0.0412 (10.50/255)
[2026-08-26 00:52:01]   [t3875 v2/5] fail (pred=bird) CTA=0.7444 (80 s)
[2026-08-26 00:52:34]   friendly noise: 50000 images in 28 s, mean|eps| = 0.0420 (10.72/255)
[2026-08-26 00:53:21]   [t3875 v3/5] SUCCESS (pred=dog) CTA=0.7621 (80 s)
[2026-08-26 00:53:54]   friendly noise: 50000 images in 28 s, mean|eps| = 0.0415 (10.58/255)
[2026-08-26 00:54:41]   [t3875 v4/5] fail (pred=horse) CTA=0.7252 (80 s)
[2026-08-26 00:55:14]   friendly noise: 50000 images in 28 s, mean|eps| = 0.0392 (9.99/255)
[2026-08-26 00:56:01]   [t3875 v5/5] fail (pred=bird) CTA=0.7466 (80 s)
[2026-08-26 00:56:01] === target 5169: 500 saved poisons, realized linf 8.00/255 ===
[2026-08-26 00:56:34]   friendly noise: 50000 images in 28 s, mean|eps| = 0.0407 (10.38/255)
[2026-08-26 00:57:21]   [t5169 v1/5] SUCCESS (pred=dog) CTA=0.7350 (80 s)
[2026-08-26 00:57:54]   friendly noise: 50000 images in 28 s, mean|eps| = 0.0402 (10.24/255)
[2026-08-26 00:58:41]   [t5169 v2/5] fail (pred=bird) CTA=0.7414 (80 s)
[2026-08-26 00:59:14]   friendly noise: 50000 images in 28 s, mean|eps| = 0.0429 (10.94/255)
[2026-08-26 01:00:01]   [t5169 v3/5] SUCCESS (pred=dog) CTA=0.7504 (80 s)
[2026-08-26 01:00:34]   friendly noise: 50000 images in 28 s, mean|eps| = 0.0426 (10.85/255)
[2026-08-26 01:01:21]   [t5169 v4/5] SUCCESS (pred=dog) CTA=0.7531 (80 s)
[2026-08-26 01:01:54]   friendly noise: 50000 images in 28 s, mean|eps| = 0.0425 (10.84/255)
[2026-08-26 01:02:41]   [t5169 v5/5] fail (pred=bird) CTA=0.7501 (80 s)
[2026-08-26 01:02:41] === target 5705: 500 saved poisons, realized linf 8.00/255 ===
[2026-08-26 01:03:14]   friendly noise: 50000 images in 28 s, mean|eps| = 0.0430 (10.95/255)
[2026-08-26 01:04:01]   [t5705 v1/5] SUCCESS (pred=dog) CTA=0.7476 (80 s)
[2026-08-26 01:04:34]   friendly noise: 50000 images in 28 s, mean|eps| = 0.0412 (10.51/255)
[2026-08-26 01:05:21]   [t5705 v2/5] SUCCESS (pred=dog) CTA=0.7526 (80 s)
[2026-08-26 01:05:54]   friendly noise: 50000 images in 28 s, mean|eps| = 0.0396 (10.09/255)
[2026-08-26 01:06:41]   [t5705 v3/5] fail (pred=bird) CTA=0.7438 (80 s)
[2026-08-26 01:07:14]   friendly noise: 50000 images in 28 s, mean|eps| = 0.0428 (10.91/255)
[2026-08-26 01:08:02]   [t5705 v4/5] fail (pred=bird) CTA=0.7494 (81 s)
[2026-08-26 01:08:36]   friendly noise: 50000 images in 28 s, mean|eps| = 0.0419 (10.69/255)
[2026-08-26 01:09:22]   [t5705 v5/5] SUCCESS (pred=dog) CTA=0.7331 (80 s)
[2026-08-26 01:09:22] === target 6335: 500 saved poisons, realized linf 8.00/255 ===
[2026-08-26 01:09:56]   friendly noise: 50000 images in 28 s, mean|eps| = 0.0426 (10.87/255)
[2026-08-26 01:10:42]   [t6335 v1/5] SUCCESS (pred=dog) CTA=0.7454 (80 s)
[2026-08-26 01:11:16]   friendly noise: 50000 images in 28 s, mean|eps| = 0.0413 (10.53/255)
[2026-08-26 01:12:03]   [t6335 v2/5] fail (pred=bird) CTA=0.7474 (80 s)
[2026-08-26 01:12:36]   friendly noise: 50000 images in 28 s, mean|eps| = 0.0419 (10.69/255)
[2026-08-26 01:13:23]   [t6335 v3/5] SUCCESS (pred=dog) CTA=0.7526 (81 s)
[2026-08-26 01:13:57]   friendly noise: 50000 images in 28 s, mean|eps| = 0.0365 (9.30/255)
[2026-08-26 01:14:44]   [t6335 v4/5] SUCCESS (pred=dog) CTA=0.7619 (81 s)
[2026-08-26 01:15:17]   friendly noise: 50000 images in 28 s, mean|eps| = 0.0398 (10.15/255)
[2026-08-26 01:16:04]   [t6335 v5/5] SUCCESS (pred=dog) CTA=0.7531 (80 s)
[2026-08-26 01:16:04] === target 7488: 500 saved poisons, realized linf 8.00/255 ===
[2026-08-26 01:16:37]   friendly noise: 50000 images in 28 s, mean|eps| = 0.0434 (11.07/255)
[2026-08-26 01:17:25]   [t7488 v1/5] fail (pred=bird) CTA=0.7520 (80 s)
[2026-08-26 01:17:58]   friendly noise: 50000 images in 28 s, mean|eps| = 0.0312 (7.96/255)
[2026-08-26 01:18:44]   [t7488 v2/5] fail (pred=bird) CTA=0.7126 (80 s)
[2026-08-26 01:19:18]   friendly noise: 50000 images in 28 s, mean|eps| = 0.0433 (11.04/255)
[2026-08-26 01:20:05]   [t7488 v3/5] fail (pred=bird) CTA=0.7341 (80 s)
[2026-08-26 01:20:38]   friendly noise: 50000 images in 28 s, mean|eps| = 0.0422 (10.76/255)
[2026-08-26 01:21:24]   [t7488 v4/5] SUCCESS (pred=dog) CTA=0.7455 (80 s)
[2026-08-26 01:21:58]   friendly noise: 50000 images in 28 s, mean|eps| = 0.0420 (10.72/255)
[2026-08-26 01:22:44]   [t7488 v5/5] SUCCESS (pred=dog) CTA=0.7467 (80 s)
[2026-08-26 01:22:44] ==== CIFAR10_ConvNetBN_fc_ours_dog-bird_b0.01_eps8_seed42_lam1_cosine_ce5_tgt50 | defense friends-friendly.bernoulli-e8-p5-clp16 : ASR = 68.6% +/- 23.6% | CTA = 0.7445 (defended clean 0.7538) ====
[2026-08-26 01:22:44]   target-prediction tally ['airplane', 'automobile', 'bird', 'cat', 'deer', 'dog', 'frog', 'horse', 'ship', 'truck']: [0, 0, 10, 0, 0, 24, 0, 1, 0, 0]
sync: preserving outputs in /home/mmoslem3/scratch/attack_if
sync: complete
