stage: optional directory absent: /home/mmoslem3/scratch/attack_if/defense_result/CIFAR10_ConvNetBN_sapa_random_dog-bird_b0.02_eps8_seed42_worst0.05_ce5_tgt70__def-epic-s0.1-f2-d10
job: 5026590 defense_013_convnet_sapa_dog_bird_b0_02_epic_random_std on kn007
work: /tmp/attack_if
config: USE_JACOBIAN_SCORE=0 CLASS_PAIR="dog-bird" MODEL="ConvNetBN" ATTACK="sapa" TARGET_SELECT=70 BUDGETS=0.02 SELS=random SEL_ALPHA=2.0 DEFENSES="epic" NUM_TARGETS=7 NUM_VICTIMS=5 sh defense.sh
protocol: attack=8 targets x 5 victims; defense=7 targets x 5 victims
gpu: NVIDIA L40S
#  b0.02   random=10                    -> 10 paired target(s)
=== defense sweep | ConvNetBN / sapa / dog-bird (tgt70) ===
    selections : random   (dpp alpha 2.0)
    selector   : Jacobian disabled (historical attack-run names)
    defenses   : epic
    poisons    : replayed from /tmp/attack_if/ours_result, results into /tmp/attack_if/defense_result

--- budget 0.02 | defense epic | selection random ---
[2026-08-26 00:28:10] === defense run: CIFAR10_ConvNetBN_sapa_random_dog-bird_b0.02_eps8_seed42_worst0.05_ce5_tgt70__def-epic-s0.1-f2-d10 ===
[2026-08-26 00:28:10]     poisons replayed from /tmp/attack_if/ours_result/CIFAR10_ConvNetBN_sapa_random_dog-bird_b0.02_eps8_seed42_worst0.05_ce5_tgt70
[2026-08-26 00:28:10]     defense = epic  (epic-s0.1-f2-d10)
[2026-08-26 00:28:10]     victim augmentation = none  (applied to the poisoned image, resampled every epoch)
[2026-08-26 00:28:10] args: {"adv_eps": 8.0, "adv_step_size": 0.0, "adv_steps": 5, "attack": "sapa", "aug_cutout_length": 16, "aug_flip_p": 0.5, "aug_pad": 4, "aug_randaug_magnitude": 9, "aug_randaug_ops": 2, "base": "random", "base_dist": "l2", "budget": 0.02, "cache_dir": "/tmp/attack_if/cache", "class_pair": "dog-bird", "clean_baseline": true, "craft_aug": true, "craft_ensemble": 5, "data_path": "/tmp/data", "dataset": "CIFAR10", "defense": "epic", "defense_out_dir": "/tmp/attack_if/defense_result", "defense_parts": ["epic"], "dsa_strategy": "color_crop_cutout_flip_scale_rotate", "epic_cluster_thresh": 1.0, "epic_drop_after": 10, "epic_freq": 2, "epic_metric": "euclidean", "epic_stop_after": -1, "epic_subset_size": 0.1, "epsilon": 0.0313725, "fc_mode": "sample", "friendly_begin_epoch": 5, "friendly_bs": 512, "friendly_clamp": 16.0, "friendly_epochs": 30, "friendly_lr": 100.0, "friendly_momentum": 0.9, "friendly_mu": 1.0, "gpus": "all", "jacobian_batch_size": 64, "jacobian_weight": 1.0, "lambda_margin": 1.0, "list_cached": false, "model": "ConvNetBN", "no_resume": false, "noise_eps": 8.0, "noise_type": [], "num_targets": 7, "num_victims": 5, "out_dir": "/tmp/attack_if/ours_result", "pair_order": "poison-target", "parallel_trials": true, "recompute_deltas": false, "seed": 42, "sel_alpha": 1.0, "sel_dpp": false, "sel_filter": false, "sel_mmr": false, "sel_mode": null, "sel_mu": 1.0, "sel_pca": false, "sel_pool": 3.0, "sharp_mode": "worst", "sharp_samples": 20, "sharp_sigma": 0.05, "target_idx_file": "target_sets/def_ConvNetBN_sapa_dog-bird_b0.02.json", "target_select": 70, "use_jacobian_score": false, "victim_aug": "none", "victim_bs": 125, "victim_decay": [40], "victim_epochs": 50, "victim_lr": 0.1, "victim_wd": 0.0}
[2026-08-26 00:28:32]   7 target(s) with saved poisons: [821, 843, 1257, 1547, 4427, 5859, 8055]
[2026-08-26 00:28:32] === defended clean victims (5 x ConvNetBN, defense epic-s0.1-f2-d10) ===
[2026-08-26 00:28:33]   defended clean CTA = 0.7829 +/- 0.0136
[2026-08-26 00:28:33] === target 821: 1000 saved poisons, realized linf 8.00/255 ===
[2026-08-26 00:31:05]   [t821 v1/5] fail (pred=horse) CTA=0.7860 (152 s)
[2026-08-26 00:33:32]   [t821 v2/5] SUCCESS (pred=dog) CTA=0.7925 (147 s)
[2026-08-26 00:36:20]   [t821 v3/5] fail (pred=bird) CTA=0.7487 (167 s)
[2026-08-26 00:38:52]   [t821 v4/5] fail (pred=bird) CTA=0.7496 (152 s)
[2026-08-26 00:41:26]   [t821 v5/5] fail (pred=bird) CTA=0.7538 (154 s)
[2026-08-26 00:41:26] === target 843: 1000 saved poisons, realized linf 8.00/255 ===
[2026-08-26 00:43:57]   [t843 v1/5] fail (pred=bird) CTA=0.7782 (151 s)
[2026-08-26 00:46:33]   [t843 v2/5] fail (pred=bird) CTA=0.7613 (155 s)
[2026-08-26 00:49:04]   [t843 v3/5] fail (pred=bird) CTA=0.7834 (151 s)
[2026-08-26 00:51:35]   [t843 v4/5] fail (pred=bird) CTA=0.7865 (151 s)
[2026-08-26 00:54:35]   [t843 v5/5] fail (pred=bird) CTA=0.7448 (180 s)
[2026-08-26 00:54:35] === target 1257: 1000 saved poisons, realized linf 8.00/255 ===
[2026-08-26 00:57:12]   [t1257 v1/5] fail (pred=bird) CTA=0.7705 (157 s)
[2026-08-26 00:59:41]   [t1257 v2/5] fail (pred=bird) CTA=0.7870 (149 s)
[2026-08-26 01:02:14]   [t1257 v3/5] fail (pred=bird) CTA=0.7774 (153 s)
[2026-08-26 01:04:58]   [t1257 v4/5] fail (pred=bird) CTA=0.7618 (164 s)
[2026-08-26 01:07:39]   [t1257 v5/5] fail (pred=bird) CTA=0.7542 (161 s)
[2026-08-26 01:07:39] === target 1547: 1000 saved poisons, realized linf 8.00/255 ===
[2026-08-26 01:10:01]   [t1547 v1/5] fail (pred=bird) CTA=0.7701 (142 s)
[2026-08-26 01:12:31]   [t1547 v2/5] fail (pred=bird) CTA=0.7858 (150 s)
[2026-08-26 01:16:21]   [t1547 v3/5] fail (pred=airplane) CTA=0.7175 (230 s)
[2026-08-26 01:18:51]   [t1547 v4/5] fail (pred=bird) CTA=0.7535 (150 s)
[2026-08-26 01:21:35]   [t1547 v5/5] fail (pred=bird) CTA=0.7600 (164 s)
[2026-08-26 01:21:35] === target 4427: 1000 saved poisons, realized linf 8.00/255 ===
[2026-08-26 01:24:05]   [t4427 v1/5] fail (pred=bird) CTA=0.7905 (149 s)
[2026-08-26 01:26:37]   [t4427 v2/5] fail (pred=bird) CTA=0.7746 (153 s)
[2026-08-26 01:29:12]   [t4427 v3/5] fail (pred=bird) CTA=0.7777 (154 s)
[2026-08-26 01:31:56]   [t4427 v4/5] fail (pred=bird) CTA=0.7612 (164 s)
[2026-08-26 01:34:22]   [t4427 v5/5] fail (pred=bird) CTA=0.7872 (146 s)
[2026-08-26 01:34:22] === target 5859: 1000 saved poisons, realized linf 8.00/255 ===
[2026-08-26 01:37:12]   [t5859 v1/5] SUCCESS (pred=dog) CTA=0.7605 (170 s)
[2026-08-26 01:39:50]   [t5859 v2/5] SUCCESS (pred=dog) CTA=0.7802 (158 s)
[2026-08-26 01:42:30]   [t5859 v3/5] SUCCESS (pred=dog) CTA=0.7726 (159 s)
[2026-08-26 01:45:05]   [t5859 v4/5] fail (pred=bird) CTA=0.7511 (155 s)
[2026-08-26 01:47:38]   [t5859 v5/5] SUCCESS (pred=dog) CTA=0.7855 (154 s)
[2026-08-26 01:47:38] === target 8055: 1000 saved poisons, realized linf 8.00/255 ===
[2026-08-26 01:50:19]   [t8055 v1/5] fail (pred=bird) CTA=0.7645 (161 s)
[2026-08-26 01:52:59]   [t8055 v2/5] fail (pred=bird) CTA=0.7724 (160 s)
[2026-08-26 01:55:29]   [t8055 v3/5] fail (pred=bird) CTA=0.7842 (150 s)
[2026-08-26 01:58:27]   [t8055 v4/5] fail (pred=bird) CTA=0.7440 (179 s)
[2026-08-26 02:00:52]   [t8055 v5/5] fail (pred=bird) CTA=0.7469 (145 s)
[2026-08-26 02:00:52] ==== CIFAR10_ConvNetBN_sapa_random_dog-bird_b0.02_eps8_seed42_worst0.05_ce5_tgt70 | defense epic-s0.1-f2-d10 : ASR = 14.3% +/- 27.7% | CTA = 0.7679 (defended clean 0.7829)  poisons dropped 32.3% vs clean 66.4% ====
[2026-08-26 02:00:52]   target-prediction tally ['airplane', 'automobile', 'bird', 'cat', 'deer', 'dog', 'frog', 'horse', 'ship', 'truck']: [1, 0, 28, 0, 0, 5, 0, 1, 0, 0]
sync: preserving outputs in /home/mmoslem3/scratch/attack_if
sync: complete
