stage: optional directory absent: /home/mmoslem3/scratch/attack_if/cache/defended_victims/VGG13BN_epic-s0.1-f2-d10_50ep_lr0.1_bs125_wd0_seed42
stage: optional file absent: /home/mmoslem3/scratch/attack_if/target_sets/def_VGG13BN_gradmatch_dog-bird_b0.01.json
stage: optional directory absent: /home/mmoslem3/scratch/attack_if/defense_result/CIFAR10_VGG13BN_gradmatch_ours_dog-bird_b0.01_eps8_seed42_lam1_cosine_seldpp2_ce5_tgt50__def-epic-s0.1-f2-d10
job: 5026626 defense_046_vgg13_gradmatch_dog_bird_b0_01_epic_dpp_std on kn022
work: /tmp/attack_if
config: USE_JACOBIAN_SCORE=0 CLASS_PAIR="dog-bird" MODEL="VGG13BN" ATTACK="gradmatch" BUDGETS=0.01 SELS=dpp SEL_ALPHA=2.0 DEFENSES="epic" NUM_TARGETS=7 NUM_VICTIMS=5 sh defense.sh
protocol: attack=8 targets x 5 victims; defense=7 targets x 5 victims
gpu: NVIDIA L40S
#  b0.01   dpp=10                       -> 10 paired target(s)
=== defense sweep | VGG13BN / gradmatch / dog-bird (tgt50) ===
    selections : dpp   (dpp alpha 2.0)
    selector   : Jacobian disabled (historical attack-run names)
    defenses   : epic
    poisons    : replayed from /tmp/attack_if/ours_result, results into /tmp/attack_if/defense_result

--- budget 0.01 | defense epic | selection dpp ---
[2026-08-26 01:26:39] === defense run: CIFAR10_VGG13BN_gradmatch_ours_dog-bird_b0.01_eps8_seed42_lam1_cosine_seldpp2_ce5_tgt50__def-epic-s0.1-f2-d10 ===
[2026-08-26 01:26:39]     poisons replayed from /tmp/attack_if/ours_result/CIFAR10_VGG13BN_gradmatch_ours_dog-bird_b0.01_eps8_seed42_lam1_cosine_seldpp2_ce5_tgt50
[2026-08-26 01:26:39]     defense = epic  (epic-s0.1-f2-d10)
[2026-08-26 01:26:39]     victim augmentation = none  (applied to the poisoned image, resampled every epoch)
[2026-08-26 01:26:39] args: {"adv_eps": 8.0, "adv_step_size": 0.0, "adv_steps": 5, "attack": "gradmatch", "aug_cutout_length": 16, "aug_flip_p": 0.5, "aug_pad": 4, "aug_randaug_magnitude": 9, "aug_randaug_ops": 2, "base": "ours", "base_dist": "cosine", "budget": 0.01, "cache_dir": "/tmp/attack_if/cache", "class_pair": "dog-bird", "clean_baseline": true, "craft_aug": true, "craft_ensemble": 5, "data_path": "/tmp/data", "dataset": "CIFAR10", "defense": "epic", "defense_out_dir": "/tmp/attack_if/defense_result", "defense_parts": ["epic"], "dsa_strategy": "color_crop_cutout_flip_scale_rotate", "epic_cluster_thresh": 1.0, "epic_drop_after": 10, "epic_freq": 2, "epic_metric": "euclidean", "epic_stop_after": -1, "epic_subset_size": 0.1, "epsilon": 0.0313725, "fc_mode": "sample", "friendly_begin_epoch": 5, "friendly_bs": 512, "friendly_clamp": 16.0, "friendly_epochs": 30, "friendly_lr": 100.0, "friendly_momentum": 0.9, "friendly_mu": 1.0, "gpus": "all", "jacobian_batch_size": 64, "jacobian_weight": 1.0, "lambda_margin": 1.0, "list_cached": false, "model": "VGG13BN", "no_resume": false, "noise_eps": 8.0, "noise_type": [], "num_targets": 7, "num_victims": 5, "out_dir": "/tmp/attack_if/ours_result", "pair_order": "poison-target", "parallel_trials": true, "recompute_deltas": false, "seed": 42, "sel_alpha": 2.0, "sel_dpp": true, "sel_filter": false, "sel_mmr": false, "sel_mode": "dpp", "sel_mu": 1.0, "sel_pca": false, "sel_pool": 3.0, "sharp_mode": "worst", "sharp_samples": 20, "sharp_sigma": 0.05, "target_idx_file": "target_sets/def_VGG13BN_gradmatch_dog-bird_b0.01.json", "target_select": 50, "use_jacobian_score": false, "victim_aug": "none", "victim_bs": 125, "victim_decay": [40], "victim_epochs": 50, "victim_lr": 0.1, "victim_wd": 0.0}
[2026-08-26 01:27:01]   7 target(s) with saved poisons: [409, 630, 1656, 2270, 5022, 6033, 7940]
[2026-08-26 01:27:01] === defended clean victims (5 x VGG13BN, defense epic-s0.1-f2-d10) ===
[2026-08-26 01:30:14]   trained defended clean victim 0 (VGG13BN, epic-s0.1-f2-d10): test acc = 0.7989 (193 s)
[2026-08-26 01:33:20]   trained defended clean victim 1 (VGG13BN, epic-s0.1-f2-d10): test acc = 0.7988 (186 s)
[2026-08-26 01:36:32]   trained defended clean victim 2 (VGG13BN, epic-s0.1-f2-d10): test acc = 0.7598 (192 s)
[2026-08-26 01:40:04]   trained defended clean victim 3 (VGG13BN, epic-s0.1-f2-d10): test acc = 0.7605 (212 s)
[2026-08-26 01:43:02]   trained defended clean victim 4 (VGG13BN, epic-s0.1-f2-d10): test acc = 0.8214 (178 s)
[2026-08-26 01:43:03]   defended clean CTA = 0.7879 +/- 0.0241
[2026-08-26 01:43:03] === target 409: 500 saved poisons, realized linf 8.00/255 ===
[2026-08-26 01:46:03]   [t409 v1/5] SUCCESS (pred=dog) CTA=0.8113 (180 s)
[2026-08-26 01:49:13]   [t409 v2/5] fail (pred=bird) CTA=0.6146 (189 s)
[2026-08-26 01:52:12]   [t409 v3/5] SUCCESS (pred=dog) CTA=0.8117 (179 s)
[2026-08-26 01:55:06]   [t409 v4/5] SUCCESS (pred=dog) CTA=0.8349 (174 s)
[2026-08-26 01:58:07]   [t409 v5/5] SUCCESS (pred=dog) CTA=0.8352 (180 s)
[2026-08-26 01:58:07] === target 630: 500 saved poisons, realized linf 8.00/255 ===
[2026-08-26 02:00:57]   [t630 v1/5] fail (pred=bird) CTA=0.8113 (171 s)
[2026-08-26 02:03:57]   [t630 v2/5] fail (pred=ship) CTA=0.8064 (180 s)
[2026-08-26 02:06:53]   [t630 v3/5] fail (pred=deer) CTA=0.8311 (175 s)
[2026-08-26 02:09:45]   [t630 v4/5] fail (pred=ship) CTA=0.7785 (172 s)
[2026-08-26 02:12:50]   [t630 v5/5] fail (pred=frog) CTA=0.7515 (185 s)
[2026-08-26 02:12:50] === target 1656: 500 saved poisons, realized linf 8.00/255 ===
[2026-08-26 02:16:00]   [t1656 v1/5] SUCCESS (pred=dog) CTA=0.8025 (190 s)
[2026-08-26 02:19:03]   [t1656 v2/5] fail (pred=cat) CTA=0.8181 (183 s)
[2026-08-26 02:22:13]   [t1656 v3/5] SUCCESS (pred=dog) CTA=0.8115 (190 s)
[2026-08-26 02:25:04]   [t1656 v4/5] SUCCESS (pred=dog) CTA=0.8279 (171 s)
[2026-08-26 02:28:04]   [t1656 v5/5] SUCCESS (pred=dog) CTA=0.8188 (180 s)
[2026-08-26 02:28:04] === target 2270: 500 saved poisons, realized linf 8.00/255 ===
[2026-08-26 02:30:56]   [t2270 v1/5] fail (pred=bird) CTA=0.7822 (172 s)
[2026-08-26 02:33:53]   [t2270 v2/5] SUCCESS (pred=dog) CTA=0.8062 (177 s)
[2026-08-26 02:36:59]   [t2270 v3/5] SUCCESS (pred=dog) CTA=0.7998 (185 s)
[2026-08-26 02:40:02]   [t2270 v4/5] SUCCESS (pred=dog) CTA=0.8223 (184 s)
[2026-08-26 02:43:18]   [t2270 v5/5] SUCCESS (pred=dog) CTA=0.7910 (195 s)
[2026-08-26 02:43:18] === target 5022: 500 saved poisons, realized linf 8.00/255 ===
[2026-08-26 02:46:20]   [t5022 v1/5] fail (pred=deer) CTA=0.8059 (182 s)
[2026-08-26 02:49:53]   [t5022 v2/5] SUCCESS (pred=dog) CTA=0.7808 (212 s)
[2026-08-26 02:52:54]   [t5022 v3/5] fail (pred=bird) CTA=0.7769 (182 s)
[2026-08-26 02:55:55]   [t5022 v4/5] SUCCESS (pred=dog) CTA=0.8170 (181 s)
[2026-08-26 02:59:03]   [t5022 v5/5] fail (pred=bird) CTA=0.8136 (187 s)
[2026-08-26 02:59:03] === target 6033: 500 saved poisons, realized linf 8.00/255 ===
[2026-08-26 03:02:27]   [t6033 v1/5] fail (pred=bird) CTA=0.7897 (205 s)
[2026-08-26 03:05:20]   [t6033 v2/5] SUCCESS (pred=dog) CTA=0.8203 (173 s)
[2026-08-26 03:08:20]   [t6033 v3/5] SUCCESS (pred=dog) CTA=0.8213 (180 s)
[2026-08-26 03:11:12]   [t6033 v4/5] fail (pred=bird) CTA=0.7635 (172 s)
[2026-08-26 03:14:08]   [t6033 v5/5] SUCCESS (pred=dog) CTA=0.8181 (176 s)
[2026-08-26 03:14:08] === target 7940: 500 saved poisons, realized linf 8.00/255 ===
[2026-08-26 03:16:56]   [t7940 v1/5] fail (pred=deer) CTA=0.7139 (168 s)
[2026-08-26 03:20:00]   [t7940 v2/5] SUCCESS (pred=dog) CTA=0.7691 (183 s)
[2026-08-26 03:22:58]   [t7940 v3/5] SUCCESS (pred=dog) CTA=0.8089 (178 s)
[2026-08-26 03:25:53]   [t7940 v4/5] SUCCESS (pred=dog) CTA=0.8272 (175 s)
[2026-08-26 03:29:10]   [t7940 v5/5] fail (pred=bird) CTA=0.7589 (198 s)
[2026-08-26 03:29:10] ==== CIFAR10_VGG13BN_gradmatch_ours_dog-bird_b0.01_eps8_seed42_lam1_cosine_seldpp2_ce5_tgt50 | defense epic-s0.1-f2-d10 : ASR = 57.1% +/- 27.1% | CTA = 0.7958 (defended clean 0.7879)  poisons dropped 45.6% vs clean 61.8% ====
[2026-08-26 03:29:10]   target-prediction tally ['airplane', 'automobile', 'bird', 'cat', 'deer', 'dog', 'frog', 'horse', 'ship', 'truck']: [0, 0, 8, 1, 3, 20, 1, 0, 2, 0]
sync: preserving outputs in /home/mmoslem3/scratch/attack_if
sync: complete
