stage: optional file absent: /home/mmoslem3/scratch/attack_if/target_sets/def_ConvNetBN_fc_dog-bird_b0.01_jacw1.json
stage: optional directory absent: /home/mmoslem3/scratch/attack_if/defense_result/CIFAR10_ConvNetBN_fc_ours_dog-bird_b0.01_eps8_seed42_lam1_cosine_jacw1_ce5_tgt50__def-epic-s0.1-f2-d10
job: 5026582 defense_007_convnet_fc_dog_bird_b0_01_epic_ours_j on kn073
work: /tmp/attack_if
config: USE_JACOBIAN_SCORE=1 JACOBIAN_WEIGHT=1.0 JACOBIAN_BATCH_SIZE=64 CLASS_PAIR="dog-bird" MODEL="ConvNetBN" ATTACK="fc" BUDGETS=0.01 SELS=ours SEL_ALPHA=2.0 DEFENSES="epic" NUM_TARGETS=7 NUM_VICTIMS=5 sh defense.sh
protocol: attack=8 targets x 5 victims; defense=7 targets x 5 victims
gpu: NVIDIA L40S
#  b0.01   ours=10                      -> 10 paired target(s)
=== defense sweep | ConvNetBN / fc / dog-bird (tgt50) ===
    selections : ours   (dpp alpha 2.0)
    selector   : Jacobian enabled for ours/dpp (weight 1.0, batch 64); random unchanged
    defenses   : epic
    poisons    : replayed from /tmp/attack_if/ours_result, results into /tmp/attack_if/defense_result

--- budget 0.01 | defense epic | selection ours ---
[2026-08-26 00:20:01] === defense run: CIFAR10_ConvNetBN_fc_ours_dog-bird_b0.01_eps8_seed42_lam1_cosine_jacw1_ce5_tgt50__def-epic-s0.1-f2-d10 ===
[2026-08-26 00:20:01]     poisons replayed from /tmp/attack_if/ours_result/CIFAR10_ConvNetBN_fc_ours_dog-bird_b0.01_eps8_seed42_lam1_cosine_jacw1_ce5_tgt50
[2026-08-26 00:20:01]     defense = epic  (epic-s0.1-f2-d10)
[2026-08-26 00:20:01]     victim augmentation = none  (applied to the poisoned image, resampled every epoch)
[2026-08-26 00:20:01] args: {"adv_eps": 8.0, "adv_step_size": 0.0, "adv_steps": 5, "attack": "fc", "aug_cutout_length": 16, "aug_flip_p": 0.5, "aug_pad": 4, "aug_randaug_magnitude": 9, "aug_randaug_ops": 2, "base": "ours", "base_dist": "cosine", "budget": 0.01, "cache_dir": "/tmp/attack_if/cache", "class_pair": "dog-bird", "clean_baseline": true, "craft_aug": true, "craft_ensemble": 5, "data_path": "/tmp/data", "dataset": "CIFAR10", "defense": "epic", "defense_out_dir": "/tmp/attack_if/defense_result", "defense_parts": ["epic"], "dsa_strategy": "color_crop_cutout_flip_scale_rotate", "epic_cluster_thresh": 1.0, "epic_drop_after": 10, "epic_freq": 2, "epic_metric": "euclidean", "epic_stop_after": -1, "epic_subset_size": 0.1, "epsilon": 0.0313725, "fc_mode": "sample", "friendly_begin_epoch": 5, "friendly_bs": 512, "friendly_clamp": 16.0, "friendly_epochs": 30, "friendly_lr": 100.0, "friendly_momentum": 0.9, "friendly_mu": 1.0, "gpus": "all", "jacobian_batch_size": 64, "jacobian_weight": 1.0, "lambda_margin": 1.0, "list_cached": false, "model": "ConvNetBN", "no_resume": false, "noise_eps": 8.0, "noise_type": [], "num_targets": 7, "num_victims": 5, "out_dir": "/tmp/attack_if/ours_result", "pair_order": "poison-target", "parallel_trials": true, "recompute_deltas": false, "seed": 42, "sel_alpha": 1.0, "sel_dpp": false, "sel_filter": false, "sel_mmr": false, "sel_mode": null, "sel_mu": 1.0, "sel_pca": false, "sel_pool": 3.0, "sharp_mode": "worst", "sharp_samples": 20, "sharp_sigma": 0.05, "target_idx_file": "target_sets/def_ConvNetBN_fc_dog-bird_b0.01_jacw1.json", "target_select": 50, "use_jacobian_score": true, "victim_aug": "none", "victim_bs": 125, "victim_decay": [40], "victim_epochs": 50, "victim_lr": 0.1, "victim_wd": 0.0}
[2026-08-26 00:20:23]   7 target(s) with saved poisons: [2540, 3725, 3875, 5169, 5705, 6335, 7488]
[2026-08-26 00:20:23] === defended clean victims (5 x ConvNetBN, defense epic-s0.1-f2-d10) ===
[2026-08-26 00:20:24]   defended clean CTA = 0.7829 +/- 0.0136
[2026-08-26 00:20:24] === target 2540: 500 saved poisons, realized linf 8.00/255 ===
[2026-08-26 00:22:53]   [t2540 v1/5] SUCCESS (pred=dog) CTA=0.7895 (150 s)
[2026-08-26 00:26:16]   [t2540 v2/5] SUCCESS (pred=dog) CTA=0.7083 (203 s)
[2026-08-26 00:28:54]   [t2540 v3/5] SUCCESS (pred=dog) CTA=0.7668 (158 s)
[2026-08-26 00:31:33]   [t2540 v4/5] SUCCESS (pred=dog) CTA=0.7790 (159 s)
[2026-08-26 00:34:13]   [t2540 v5/5] SUCCESS (pred=dog) CTA=0.7742 (159 s)
[2026-08-26 00:34:13] === target 3725: 500 saved poisons, realized linf 8.00/255 ===
[2026-08-26 00:36:43]   [t3725 v1/5] SUCCESS (pred=dog) CTA=0.7822 (150 s)
[2026-08-26 00:39:19]   [t3725 v2/5] SUCCESS (pred=dog) CTA=0.7763 (156 s)
[2026-08-26 00:42:03]   [t3725 v3/5] SUCCESS (pred=dog) CTA=0.7527 (164 s)
[2026-08-26 00:44:47]   [t3725 v4/5] SUCCESS (pred=dog) CTA=0.7643 (164 s)
[2026-08-26 00:47:13]   [t3725 v5/5] SUCCESS (pred=dog) CTA=0.7895 (147 s)
[2026-08-26 00:47:13] === target 3875: 500 saved poisons, realized linf 8.00/255 ===
[2026-08-26 00:49:52]   [t3875 v1/5] SUCCESS (pred=dog) CTA=0.7692 (159 s)
[2026-08-26 00:52:31]   [t3875 v2/5] SUCCESS (pred=dog) CTA=0.7592 (159 s)
[2026-08-26 00:55:04]   [t3875 v3/5] SUCCESS (pred=dog) CTA=0.7775 (153 s)
[2026-08-26 00:58:04]   [t3875 v4/5] SUCCESS (pred=dog) CTA=0.7478 (180 s)
[2026-08-26 01:00:45]   [t3875 v5/5] SUCCESS (pred=dog) CTA=0.7650 (161 s)
[2026-08-26 01:00:45] === target 5169: 500 saved poisons, realized linf 8.00/255 ===
[2026-08-26 01:03:40]   [t5169 v1/5] SUCCESS (pred=dog) CTA=0.7500 (175 s)
[2026-08-26 01:06:40]   [t5169 v2/5] SUCCESS (pred=dog) CTA=0.7425 (180 s)
[2026-08-26 01:09:12]   [t5169 v3/5] SUCCESS (pred=dog) CTA=0.7807 (153 s)
[2026-08-26 01:11:39]   [t5169 v4/5] SUCCESS (pred=dog) CTA=0.7885 (146 s)
[2026-08-26 01:14:07]   [t5169 v5/5] SUCCESS (pred=dog) CTA=0.7755 (149 s)
[2026-08-26 01:14:07] === target 5705: 500 saved poisons, realized linf 8.00/255 ===
[2026-08-26 01:16:35]   [t5705 v1/5] SUCCESS (pred=dog) CTA=0.7780 (148 s)
[2026-08-26 01:19:03]   [t5705 v2/5] SUCCESS (pred=dog) CTA=0.7892 (148 s)
[2026-08-26 01:22:18]   [t5705 v3/5] SUCCESS (pred=dog) CTA=0.7420 (195 s)
[2026-08-26 01:24:45]   [t5705 v4/5] SUCCESS (pred=dog) CTA=0.7725 (146 s)
[2026-08-26 01:27:22]   [t5705 v5/5] SUCCESS (pred=dog) CTA=0.7752 (157 s)
[2026-08-26 01:27:22] === target 6335: 500 saved poisons, realized linf 8.00/255 ===
[2026-08-26 01:30:22]   [t6335 v1/5] SUCCESS (pred=dog) CTA=0.7542 (180 s)
[2026-08-26 01:33:14]   [t6335 v2/5] SUCCESS (pred=dog) CTA=0.7562 (172 s)
[2026-08-26 01:35:41]   [t6335 v3/5] SUCCESS (pred=dog) CTA=0.7657 (147 s)
[2026-08-26 01:38:36]   [t6335 v4/5] SUCCESS (pred=dog) CTA=0.7745 (174 s)
[2026-08-26 01:40:59]   [t6335 v5/5] SUCCESS (pred=dog) CTA=0.7406 (144 s)
[2026-08-26 01:40:59] === target 7488: 500 saved poisons, realized linf 8.00/255 ===
[2026-08-26 01:43:20]   [t7488 v1/5] SUCCESS (pred=dog) CTA=0.7851 (141 s)
[2026-08-26 01:46:53]   [t7488 v2/5] fail (pred=bird) CTA=0.7044 (213 s)
[2026-08-26 01:49:33]   [t7488 v3/5] fail (pred=bird) CTA=0.7742 (159 s)
[2026-08-26 01:52:13]   [t7488 v4/5] SUCCESS (pred=dog) CTA=0.7669 (161 s)
[2026-08-26 01:54:41]   [t7488 v5/5] SUCCESS (pred=dog) CTA=0.7907 (148 s)
[2026-08-26 01:54:41] ==== CIFAR10_ConvNetBN_fc_ours_dog-bird_b0.01_eps8_seed42_lam1_cosine_jacw1_ce5_tgt50 | defense epic-s0.1-f2-d10 : ASR = 94.3% +/- 14.0% | CTA = 0.7659 (defended clean 0.7829)  poisons dropped 81.3% vs clean 64.3% ====
[2026-08-26 01:54:41]   target-prediction tally ['airplane', 'automobile', 'bird', 'cat', 'deer', 'dog', 'frog', 'horse', 'ship', 'truck']: [0, 0, 2, 0, 0, 33, 0, 0, 0, 0]
sync: preserving outputs in /home/mmoslem3/scratch/attack_if
sync: complete
