stage: optional directory absent: /home/mmoslem3/scratch/attack_if/cache/defended_victims/VGG13BN_friends-friendly.bernoulli-e8-p5-clp16_50ep_lr0.1_bs125_wd0_seed42
stage: optional file absent: /home/mmoslem3/scratch/attack_if/target_sets/def_VGG13BN_gradmatch_dog-bird_b0.005.json
stage: optional directory absent: /home/mmoslem3/scratch/attack_if/defense_result/CIFAR10_VGG13BN_gradmatch_random_dog-bird_b0.005_eps8_seed42_ce5_tgt50__def-friends-friendly.bernoulli-e8-p5-clp16
job: 5026635 defense_053_vgg13_gradmatch_dog_bird_b0_005_friends_random_std on kn118
work: /tmp/attack_if
config: USE_JACOBIAN_SCORE=0 CLASS_PAIR="dog-bird" MODEL="VGG13BN" ATTACK="gradmatch" BUDGETS=0.005 SELS=random SEL_ALPHA=2.0 DEFENSES="friends" NUM_TARGETS=7 NUM_VICTIMS=5 sh defense.sh
protocol: attack=8 targets x 5 victims; defense=7 targets x 5 victims
gpu: NVIDIA L40S
#  b0.005  random=10                    -> 10 paired target(s)
=== defense sweep | VGG13BN / gradmatch / dog-bird (tgt50) ===
    selections : random   (dpp alpha 2.0)
    selector   : Jacobian disabled (historical attack-run names)
    defenses   : friends
    poisons    : replayed from /tmp/attack_if/ours_result, results into /tmp/attack_if/defense_result

--- budget 0.005 | defense friends | selection random ---
[2026-08-26 01:30:58] === defense run: CIFAR10_VGG13BN_gradmatch_random_dog-bird_b0.005_eps8_seed42_ce5_tgt50__def-friends-friendly.bernoulli-e8-p5-clp16 ===
[2026-08-26 01:30:58]     poisons replayed from /tmp/attack_if/ours_result/CIFAR10_VGG13BN_gradmatch_random_dog-bird_b0.005_eps8_seed42_ce5_tgt50
[2026-08-26 01:30:58]     defense = friends  (friends-friendly.bernoulli-e8-p5-clp16)
[2026-08-26 01:30:58]     victim augmentation = none  (applied to the poisoned image, resampled every epoch)
[2026-08-26 01:30:58] args: {"adv_eps": 8.0, "adv_step_size": 0.0, "adv_steps": 5, "attack": "gradmatch", "aug_cutout_length": 16, "aug_flip_p": 0.5, "aug_pad": 4, "aug_randaug_magnitude": 9, "aug_randaug_ops": 2, "base": "random", "base_dist": "l2", "budget": 0.005, "cache_dir": "/tmp/attack_if/cache", "class_pair": "dog-bird", "clean_baseline": true, "craft_aug": true, "craft_ensemble": 5, "data_path": "/tmp/data", "dataset": "CIFAR10", "defense": "friends", "defense_out_dir": "/tmp/attack_if/defense_result", "defense_parts": ["friends"], "dsa_strategy": "color_crop_cutout_flip_scale_rotate", "epic_cluster_thresh": 1.0, "epic_drop_after": 10, "epic_freq": 2, "epic_metric": "euclidean", "epic_stop_after": -1, "epic_subset_size": 0.1, "epsilon": 0.0313725, "fc_mode": "sample", "friendly_begin_epoch": 5, "friendly_bs": 512, "friendly_clamp": 16.0, "friendly_epochs": 30, "friendly_lr": 100.0, "friendly_momentum": 0.9, "friendly_mu": 1.0, "gpus": "all", "jacobian_batch_size": 64, "jacobian_weight": 1.0, "lambda_margin": 1.0, "list_cached": false, "model": "VGG13BN", "no_resume": false, "noise_eps": 8.0, "noise_type": ["friendly", "bernoulli"], "num_targets": 7, "num_victims": 5, "out_dir": "/tmp/attack_if/ours_result", "pair_order": "poison-target", "parallel_trials": true, "recompute_deltas": false, "seed": 42, "sel_alpha": 1.0, "sel_dpp": false, "sel_filter": false, "sel_mmr": false, "sel_mode": null, "sel_mu": 1.0, "sel_pca": false, "sel_pool": 3.0, "sharp_mode": "worst", "sharp_samples": 20, "sharp_sigma": 0.05, "target_idx_file": "target_sets/def_VGG13BN_gradmatch_dog-bird_b0.005.json", "target_select": 50, "use_jacobian_score": false, "victim_aug": "none", "victim_bs": 125, "victim_decay": [40], "victim_epochs": 50, "victim_lr": 0.1, "victim_wd": 0.0}
[2026-08-26 01:31:20]   7 target(s) with saved poisons: [409, 630, 1656, 2270, 5022, 6033, 7940]
[2026-08-26 01:31:20] === defended clean victims (5 x VGG13BN, defense friends-friendly.bernoulli-e8-p5-clp16) ===
[2026-08-26 01:32:19]   friendly noise: 50000 images in 49 s, mean|eps| = 0.0411 (10.47/255)
[2026-08-26 01:33:53]   trained defended clean victim 0 (VGG13BN, friends-friendly.bernoulli-e8-p5-clp16): test acc = 0.8003 (153 s)
[2026-08-26 01:34:52]   friendly noise: 50000 images in 49 s, mean|eps| = 0.0408 (10.41/255)
[2026-08-26 01:36:24]   trained defended clean victim 1 (VGG13BN, friends-friendly.bernoulli-e8-p5-clp16): test acc = 0.8083 (151 s)
[2026-08-26 01:37:24]   friendly noise: 50000 images in 49 s, mean|eps| = 0.0433 (11.04/255)
[2026-08-26 01:38:56]   trained defended clean victim 2 (VGG13BN, friends-friendly.bernoulli-e8-p5-clp16): test acc = 0.7967 (151 s)
[2026-08-26 01:39:55]   friendly noise: 50000 images in 49 s, mean|eps| = 0.0233 (5.95/255)
[2026-08-26 01:41:28]   trained defended clean victim 3 (VGG13BN, friends-friendly.bernoulli-e8-p5-clp16): test acc = 0.8266 (152 s)
[2026-08-26 01:42:27]   friendly noise: 50000 images in 49 s, mean|eps| = 0.0502 (12.79/255)
[2026-08-26 01:44:00]   trained defended clean victim 4 (VGG13BN, friends-friendly.bernoulli-e8-p5-clp16): test acc = 0.7950 (152 s)
[2026-08-26 01:44:01]   defended clean CTA = 0.8054 +/- 0.0116
[2026-08-26 01:44:01] === target 409: 250 saved poisons, realized linf 8.00/255 ===
[2026-08-26 01:45:00]   friendly noise: 50000 images in 49 s, mean|eps| = 0.0405 (10.34/255)
[2026-08-26 01:46:33]   [t409 v1/5] fail (pred=bird) CTA=0.8032 (152 s)
[2026-08-26 01:47:32]   friendly noise: 50000 images in 49 s, mean|eps| = 0.0403 (10.28/255)
[2026-08-26 01:49:05]   [t409 v2/5] fail (pred=bird) CTA=0.8037 (152 s)
[2026-08-26 01:50:04]   friendly noise: 50000 images in 49 s, mean|eps| = 0.0477 (12.15/255)
[2026-08-26 01:51:36]   [t409 v3/5] fail (pred=bird) CTA=0.7902 (152 s)
[2026-08-26 01:52:36]   friendly noise: 50000 images in 49 s, mean|eps| = 0.0433 (11.04/255)
[2026-08-26 01:54:08]   [t409 v4/5] fail (pred=bird) CTA=0.7797 (152 s)
[2026-08-26 01:55:07]   friendly noise: 50000 images in 49 s, mean|eps| = 0.0396 (10.10/255)
[2026-08-26 01:56:40]   [t409 v5/5] fail (pred=bird) CTA=0.7983 (152 s)
[2026-08-26 01:56:40] === target 630: 250 saved poisons, realized linf 8.00/255 ===
[2026-08-26 01:57:39]   friendly noise: 50000 images in 49 s, mean|eps| = 0.0476 (12.13/255)
[2026-08-26 01:59:11]   [t630 v1/5] fail (pred=ship) CTA=0.7763 (152 s)
[2026-08-26 02:00:11]   friendly noise: 50000 images in 49 s, mean|eps| = 0.0473 (12.07/255)
[2026-08-26 02:01:43]   [t630 v2/5] fail (pred=airplane) CTA=0.7793 (152 s)
[2026-08-26 02:02:43]   friendly noise: 50000 images in 49 s, mean|eps| = 0.0350 (8.93/255)
[2026-08-26 02:04:15]   [t630 v3/5] fail (pred=deer) CTA=0.8178 (152 s)
[2026-08-26 02:05:15]   friendly noise: 50000 images in 49 s, mean|eps| = 0.0455 (11.61/255)
[2026-08-26 02:06:47]   [t630 v4/5] SUCCESS (pred=dog) CTA=0.7866 (152 s)
[2026-08-26 02:07:47]   friendly noise: 50000 images in 49 s, mean|eps| = 0.0244 (6.23/255)
[2026-08-26 02:09:19]   [t630 v5/5] fail (pred=airplane) CTA=0.8300 (152 s)
[2026-08-26 02:09:19] === target 1656: 250 saved poisons, realized linf 8.00/255 ===
[2026-08-26 02:10:19]   friendly noise: 50000 images in 49 s, mean|eps| = 0.0460 (11.73/255)
[2026-08-26 02:11:51]   [t1656 v1/5] fail (pred=airplane) CTA=0.7979 (152 s)
[2026-08-26 02:12:50]   friendly noise: 50000 images in 49 s, mean|eps| = 0.0346 (8.82/255)
[2026-08-26 02:14:23]   [t1656 v2/5] fail (pred=bird) CTA=0.8137 (152 s)
[2026-08-26 02:15:23]   friendly noise: 50000 images in 49 s, mean|eps| = 0.0336 (8.57/255)
[2026-08-26 02:16:55]   [t1656 v3/5] fail (pred=bird) CTA=0.8118 (152 s)
[2026-08-26 02:17:54]   friendly noise: 50000 images in 49 s, mean|eps| = 0.0465 (11.85/255)
[2026-08-26 02:19:27]   [t1656 v4/5] fail (pred=bird) CTA=0.7998 (152 s)
[2026-08-26 02:20:26]   friendly noise: 50000 images in 49 s, mean|eps| = 0.0403 (10.29/255)
[2026-08-26 02:21:58]   [t1656 v5/5] fail (pred=cat) CTA=0.8176 (152 s)
[2026-08-26 02:21:58] === target 2270: 250 saved poisons, realized linf 8.00/255 ===
[2026-08-26 02:22:58]   friendly noise: 50000 images in 49 s, mean|eps| = 0.0200 (5.11/255)
[2026-08-26 02:24:30]   [t2270 v1/5] fail (pred=horse) CTA=0.8281 (152 s)
[2026-08-26 02:25:29]   friendly noise: 50000 images in 49 s, mean|eps| = 0.0468 (11.94/255)
[2026-08-26 02:27:02]   [t2270 v2/5] fail (pred=deer) CTA=0.8002 (152 s)
[2026-08-26 02:28:01]   friendly noise: 50000 images in 49 s, mean|eps| = 0.0194 (4.95/255)
[2026-08-26 02:29:33]   [t2270 v3/5] fail (pred=deer) CTA=0.8229 (151 s)
[2026-08-26 02:30:33]   friendly noise: 50000 images in 49 s, mean|eps| = 0.0444 (11.32/255)
[2026-08-26 02:32:05]   [t2270 v4/5] fail (pred=horse) CTA=0.7819 (152 s)
[2026-08-26 02:33:05]   friendly noise: 50000 images in 49 s, mean|eps| = 0.0272 (6.93/255)
[2026-08-26 02:34:37]   [t2270 v5/5] fail (pred=deer) CTA=0.8265 (152 s)
[2026-08-26 02:34:37] === target 5022: 250 saved poisons, realized linf 8.00/255 ===
[2026-08-26 02:35:37]   friendly noise: 50000 images in 49 s, mean|eps| = 0.0434 (11.08/255)
[2026-08-26 02:37:09]   [t5022 v1/5] fail (pred=bird) CTA=0.7988 (152 s)
[2026-08-26 02:38:08]   friendly noise: 50000 images in 49 s, mean|eps| = 0.0184 (4.70/255)
[2026-08-26 02:39:41]   [t5022 v2/5] fail (pred=bird) CTA=0.8440 (152 s)
[2026-08-26 02:40:40]   friendly noise: 50000 images in 49 s, mean|eps| = 0.0183 (4.67/255)
[2026-08-26 02:42:12]   [t5022 v3/5] fail (pred=bird) CTA=0.8297 (151 s)
[2026-08-26 02:43:12]   friendly noise: 50000 images in 49 s, mean|eps| = 0.0302 (7.70/255)
[2026-08-26 02:44:44]   [t5022 v4/5] fail (pred=bird) CTA=0.8364 (152 s)
[2026-08-26 02:45:44]   friendly noise: 50000 images in 49 s, mean|eps| = 0.0232 (5.91/255)
[2026-08-26 02:47:16]   [t5022 v5/5] fail (pred=bird) CTA=0.8353 (152 s)
[2026-08-26 02:47:16] === target 6033: 250 saved poisons, realized linf 8.00/255 ===
[2026-08-26 02:48:15]   friendly noise: 50000 images in 49 s, mean|eps| = 0.0178 (4.55/255)
[2026-08-26 02:49:48]   [t6033 v1/5] fail (pred=bird) CTA=0.8350 (152 s)
[2026-08-26 02:50:47]   friendly noise: 50000 images in 49 s, mean|eps| = 0.0366 (9.34/255)
[2026-08-26 02:52:19]   [t6033 v2/5] fail (pred=bird) CTA=0.8182 (152 s)
[2026-08-26 02:53:19]   friendly noise: 50000 images in 49 s, mean|eps| = 0.0437 (11.15/255)
[2026-08-26 02:54:51]   [t6033 v3/5] fail (pred=deer) CTA=0.7889 (152 s)
[2026-08-26 02:55:51]   friendly noise: 50000 images in 49 s, mean|eps| = 0.0402 (10.26/255)
[2026-08-26 02:57:23]   [t6033 v4/5] fail (pred=bird) CTA=0.8165 (152 s)
[2026-08-26 02:58:23]   friendly noise: 50000 images in 49 s, mean|eps| = 0.0481 (12.25/255)
[2026-08-26 02:59:55]   [t6033 v5/5] fail (pred=bird) CTA=0.7867 (152 s)
[2026-08-26 02:59:55] === target 7940: 250 saved poisons, realized linf 8.00/255 ===
[2026-08-26 03:00:54]   friendly noise: 50000 images in 49 s, mean|eps| = 0.0477 (12.18/255)
[2026-08-26 03:02:27]   [t7940 v1/5] fail (pred=bird) CTA=0.7702 (152 s)
[2026-08-26 03:03:26]   friendly noise: 50000 images in 49 s, mean|eps| = 0.0395 (10.06/255)
[2026-08-26 03:04:58]   [t7940 v2/5] fail (pred=frog) CTA=0.8166 (152 s)
[2026-08-26 03:05:58]   friendly noise: 50000 images in 49 s, mean|eps| = 0.0245 (6.24/255)
[2026-08-26 03:07:30]   [t7940 v3/5] fail (pred=frog) CTA=0.8245 (152 s)
[2026-08-26 03:08:29]   friendly noise: 50000 images in 49 s, mean|eps| = 0.0257 (6.56/255)
[2026-08-26 03:10:02]   [t7940 v4/5] fail (pred=frog) CTA=0.8263 (152 s)
[2026-08-26 03:11:01]   friendly noise: 50000 images in 49 s, mean|eps| = 0.0382 (9.74/255)
[2026-08-26 03:12:33]   [t7940 v5/5] fail (pred=bird) CTA=0.8210 (152 s)
[2026-08-26 03:12:34] ==== CIFAR10_VGG13BN_gradmatch_random_dog-bird_b0.005_eps8_seed42_ce5_tgt50 | defense friends-friendly.bernoulli-e8-p5-clp16 : ASR = 2.9% +/- 7.0% | CTA = 0.8090 (defended clean 0.8054) ====
[2026-08-26 03:12:34]   target-prediction tally ['airplane', 'automobile', 'bird', 'cat', 'deer', 'dog', 'frog', 'horse', 'ship', 'truck']: [3, 0, 19, 1, 5, 1, 3, 2, 1, 0]
sync: preserving outputs in /home/mmoslem3/scratch/attack_if
sync: complete
