stage: optional directory absent: /home/mmoslem3/scratch/attack_if/ours_result/CIFAR10_ConvNetBN_gradmatch_ours_dog-bird_b0.001_eps8_seed42_dmcoef0_cosine_ce5_tgt70
job: 5325309 dmcoef_001_convnet_gm_db_b0001_c000 on kn147
work: /tmp/attack_if
config: DISTANCE_MARGIN_COEF=0 USE_JACOBIAN_SCORE=0 MODEL=ConvNetBN ATTACK=gradmatch CLASS_PAIR=dog-bird BUDGETS=0.001 SELECT=ours NUM_TARGETS=6 NUM_VICTIMS=6 sh sel_dpp.sh
protocol: attack=6 targets x 6 victims
gpu: NVIDIA L40S
=== ours (plain greedy top-N_p by score) | ConvNetBN / gradmatch / dog-bird ===
    targets: pinned from target_sets/ConvNetBN_gradmatch_dog-bird.json (same 10 the random-base run attacked)
    difficulty label tgt70   craft flags: none
    Jacobian score disabled
    coefficient score: 0*z(distance) + (1-0)*z(margin); lambda ignored
    budgets: 0.001

--- ours | ConvNetBN / gradmatch / dog-bird | budget 0.001 ---
[2026-09-09 17:33:12] === run start: CIFAR10_ConvNetBN_gradmatch_ours_dog-bird_b0.001_eps8_seed42_dmcoef0_cosine_ce5_tgt70 on cuda [0] ===
[2026-09-09 17:33:12] args: {"FORCE": false, "attack": "gradmatch", "base": "ours", "base_dist": "cosine", "base_topr": null, "budget": 0.001, "cache_dir": "/tmp/attack_if/cache", "class_pair": "dog-bird", "clean_baseline": true, "craft_alpha": 0.0039216, "craft_aug": true, "craft_batch": 256, "craft_ensemble": 5, "craft_lowmem": false, "craft_schedule": false, "craft_steps": 750, "data_path": "/tmp/data", "dataset": "CIFAR10", "distance_margin_coef": 0.0, "dsa_strategy": "color_crop_cutout_flip_scale_rotate", "epsilon": 0.0313725, "fast_gradmatch": false, "fc_mode": "sample", "fc_restarts": 1, "gpus": "all", "jacobian_batch_size": 64, "jacobian_weight": 1.0, "lambda_margin": 10.0, "model": "ConvNetBN", "no_resume": false, "num_poisons": 500, "num_surrogates": 20, "num_targets": 6, "num_victims": 6, "out_dir": "/tmp/attack_if/ours_result", "pair_order": "poison-target", "parallel_pretrain": true, "parallel_targets": true, "precompute_id": null, "precompute_only": false, "precompute_part": "both", "rank_on_victims": true, "recompute_deltas": false, "require_correct_target": false, "restarts": 8, "seed": 42, "sel_K": null, "sel_alpha": 1.0, "sel_criterion": null, "sel_dpp": false, "sel_filter": false, "sel_mmr": false, "sel_mode": null, "sel_model": null, "sel_mu": 1.0, "sel_pca": false, "sel_pool": 3.0, "sharp_mode": "worst", "sharp_samples": 20, "sharp_sigma": 0.05, "steal_timeout": 7200.0, "surrogate_aug": false, "surrogate_bs": 128, "surrogate_decay": [35, 45], "surrogate_epochs": 60, "surrogate_lr": 0.1, "surrogate_wd": 0.0, "target_idx_file": "target_sets/ConvNetBN_gradmatch_dog-bird.json", "target_select": 70, "use_jacobian_score": false, "victim_aug": false, "victim_bs": 125, "victim_decay": [40], "victim_epochs": 50, "victim_lr": 0.1, "victim_wd": 0.0}
[2026-09-09 17:33:12] Jacobian score: disabled
[2026-09-09 17:33:12] Base score: 0*z(distance) + 1*z(margin); lambda_margin ignored
[2026-09-09 17:33:12] N_total=50000 budget=0.001 -> N_p=50 poisons, y_adv=5(dog) target_class=2(bird)
[2026-09-09 17:33:12] === surrogates (20 x ConvNetBN, trained on the full real set) ===
[2026-09-09 17:33:12]   crafting on 5/20 surrogates
[2026-09-09 17:33:12] === clean victims (6 x ConvNetBN) ===
[2026-09-09 17:33:13]   clean baseline CTA = 0.8110 +/- 0.0065
[2026-09-09 17:33:13]   target pool 1000 -> eligible 963 (37 already predicted as y_adv or dropped)
[2026-09-09 17:33:13]   chosen 6 targets (file), p_adv range 0.0000..0.0295
[2026-09-09 17:33:13]   targets: [843, 1257, 8252, 8730, 8055, 5859]
[2026-09-09 17:33:13] === target 843 (1/6) ===
[2026-09-09 17:35:42]   target 843: crafted 50 poisons in 147 s, obj=0.30691
[2026-09-09 17:35:42]   target 843: realized linf = 0.03137 (8.00/255), budget = 8.00/255
[2026-09-09 17:36:31]   [t843 v1/6] fail (pred=bird) CTA=0.8042
[2026-09-09 17:37:21]   [t843 v2/6] fail (pred=bird) CTA=0.8013
[2026-09-09 17:38:10]   [t843 v3/6] fail (pred=bird) CTA=0.8134
[2026-09-09 17:39:00]   [t843 v4/6] fail (pred=bird) CTA=0.8159
[2026-09-09 17:39:49]   [t843 v5/6] fail (pred=bird) CTA=0.8013
[2026-09-09 17:40:38]   [t843 v6/6] fail (pred=bird) CTA=0.7899
[2026-09-09 17:40:38]   target 843, 6 victims on this gpu: ASR=0.0% CTA=0.8043 +/- 0.0086
[2026-09-09 17:40:38] === target 1257 (2/6) ===
[2026-09-09 17:43:07]   target 1257: crafted 50 poisons in 147 s, obj=0.26745
[2026-09-09 17:43:07]   target 1257: realized linf = 0.03137 (8.00/255), budget = 8.00/255
[2026-09-09 17:43:58]   [t1257 v1/6] fail (pred=bird) CTA=0.8007
[2026-09-09 17:44:47]   [t1257 v2/6] fail (pred=bird) CTA=0.8074
[2026-09-09 17:45:37]   [t1257 v3/6] fail (pred=bird) CTA=0.8116
[2026-09-09 17:46:26]   [t1257 v4/6] fail (pred=bird) CTA=0.7981
[2026-09-09 17:47:15]   [t1257 v5/6] SUCCESS (pred=dog) CTA=0.7975
[2026-09-09 17:48:05]   [t1257 v6/6] fail (pred=bird) CTA=0.7914
[2026-09-09 17:48:05]   target 1257, 6 victims on this gpu: ASR=16.7% CTA=0.8011 +/- 0.0067
[2026-09-09 17:48:05] === target 8252 (3/6) ===
[2026-09-09 17:50:34]   target 8252: crafted 50 poisons in 148 s, obj=0.25069
[2026-09-09 17:50:34]   target 8252: realized linf = 0.03137 (8.00/255), budget = 8.00/255
[2026-09-09 17:51:25]   [t8252 v1/6] SUCCESS (pred=dog) CTA=0.7980
[2026-09-09 17:52:14]   [t8252 v2/6] SUCCESS (pred=dog) CTA=0.8139
[2026-09-09 17:53:04]   [t8252 v3/6] SUCCESS (pred=dog) CTA=0.8014
[2026-09-09 17:53:53]   [t8252 v4/6] SUCCESS (pred=dog) CTA=0.7982
[2026-09-09 17:54:42]   [t8252 v5/6] fail (pred=bird) CTA=0.7967
[2026-09-09 17:55:32]   [t8252 v6/6] SUCCESS (pred=dog) CTA=0.8049
[2026-09-09 17:55:32]   target 8252, 6 victims on this gpu: ASR=83.3% CTA=0.8022 +/- 0.0059
[2026-09-09 17:55:32] === target 8730 (4/6) ===
[2026-09-09 17:58:01]   target 8730: crafted 50 poisons in 147 s, obj=0.28311
[2026-09-09 17:58:01]   target 8730: realized linf = 0.03137 (8.00/255), budget = 8.00/255
[2026-09-09 17:58:51]   [t8730 v1/6] fail (pred=bird) CTA=0.8072
[2026-09-09 17:59:40]   [t8730 v2/6] fail (pred=bird) CTA=0.8069
[2026-09-09 18:00:30]   [t8730 v3/6] fail (pred=bird) CTA=0.8127
[2026-09-09 18:01:19]   [t8730 v4/6] fail (pred=bird) CTA=0.8121
[2026-09-09 18:02:09]   [t8730 v5/6] fail (pred=bird) CTA=0.7981
[2026-09-09 18:02:58]   [t8730 v6/6] fail (pred=cat) CTA=0.8061
[2026-09-09 18:02:58]   target 8730, 6 victims on this gpu: ASR=0.0% CTA=0.8072 +/- 0.0048
[2026-09-09 18:02:58] === target 8055 (5/6) ===
[2026-09-09 18:05:27]   target 8055: crafted 50 poisons in 147 s, obj=0.31092
[2026-09-09 18:05:27]   target 8055: realized linf = 0.03137 (8.00/255), budget = 8.00/255
[2026-09-09 18:06:17]   [t8055 v1/6] fail (pred=bird) CTA=0.8089
[2026-09-09 18:07:07]   [t8055 v2/6] fail (pred=bird) CTA=0.7981
[2026-09-09 18:07:56]   [t8055 v3/6] fail (pred=bird) CTA=0.8110
[2026-09-09 18:08:46]   [t8055 v4/6] fail (pred=bird) CTA=0.7975
[2026-09-09 18:09:35]   [t8055 v5/6] fail (pred=bird) CTA=0.8093
[2026-09-09 18:10:24]   [t8055 v6/6] fail (pred=bird) CTA=0.8003
[2026-09-09 18:10:24]   target 8055, 6 victims on this gpu: ASR=0.0% CTA=0.8042 +/- 0.0057
[2026-09-09 18:10:24] === target 5859 (6/6) ===
[2026-09-09 18:12:53]   target 5859: crafted 50 poisons in 148 s, obj=0.28679
[2026-09-09 18:12:53]   target 5859: realized linf = 0.03137 (8.00/255), budget = 8.00/255
[2026-09-09 18:13:44]   [t5859 v1/6] fail (pred=horse) CTA=0.8030
[2026-09-09 18:14:33]   [t5859 v2/6] fail (pred=bird) CTA=0.8088
[2026-09-09 18:15:23]   [t5859 v3/6] SUCCESS (pred=dog) CTA=0.8089
[2026-09-09 18:16:12]   [t5859 v4/6] fail (pred=bird) CTA=0.7938
[2026-09-09 18:17:01]   [t5859 v5/6] fail (pred=bird) CTA=0.8065
[2026-09-09 18:17:51]   [t5859 v6/6] fail (pred=bird) CTA=0.7898
[2026-09-09 18:17:51]   target 5859, 6 victims on this gpu: ASR=16.7% CTA=0.8018 +/- 0.0074
[2026-09-09 18:17:51] ==== CIFAR10_ConvNetBN_gradmatch_ours_dog-bird_b0.001_eps8_seed42_dmcoef0_cosine_ce5_tgt70 : ASR = 19.4% +/- 29.5% | CTA = 0.8035 (baseline 0.8110) ====
[2026-09-09 18:17:51]   target-prediction tally ['airplane', 'automobile', 'bird', 'cat', 'deer', 'dog', 'frog', 'horse', 'ship', 'truck']: [0, 0, 27, 1, 0, 7, 0, 1, 0, 0]

sync: preserving outputs in /home/mmoslem3/scratch/attack_if
sync: complete
