stage: optional directory absent: /home/mmoslem3/scratch/attack_if/ours_result/CIFAR10_ConvNetBN_gradmatch_ours_dog-bird_b0.001_eps8_seed42_dmcoef0.75_cosine_ce5_tgt70
job: 5325312 dmcoef_004_convnet_gm_db_b0001_c075 on kn030
work: /tmp/attack_if
config: DISTANCE_MARGIN_COEF=0.75 USE_JACOBIAN_SCORE=0 MODEL=ConvNetBN ATTACK=gradmatch CLASS_PAIR=dog-bird BUDGETS=0.001 SELECT=ours NUM_TARGETS=6 NUM_VICTIMS=6 sh sel_dpp.sh
protocol: attack=6 targets x 6 victims
gpu: NVIDIA L40S
=== ours (plain greedy top-N_p by score) | ConvNetBN / gradmatch / dog-bird ===
    targets: pinned from target_sets/ConvNetBN_gradmatch_dog-bird.json (same 10 the random-base run attacked)
    difficulty label tgt70   craft flags: none
    Jacobian score disabled
    coefficient score: 0.75*z(distance) + (1-0.75)*z(margin); lambda ignored
    budgets: 0.001

--- ours | ConvNetBN / gradmatch / dog-bird | budget 0.001 ---
[2026-09-09 19:01:33] === run start: CIFAR10_ConvNetBN_gradmatch_ours_dog-bird_b0.001_eps8_seed42_dmcoef0.75_cosine_ce5_tgt70 on cuda [0] ===
[2026-09-09 19:01:33] args: {"FORCE": false, "attack": "gradmatch", "base": "ours", "base_dist": "cosine", "base_topr": null, "budget": 0.001, "cache_dir": "/tmp/attack_if/cache", "class_pair": "dog-bird", "clean_baseline": true, "craft_alpha": 0.0039216, "craft_aug": true, "craft_batch": 256, "craft_ensemble": 5, "craft_lowmem": false, "craft_schedule": false, "craft_steps": 750, "data_path": "/tmp/data", "dataset": "CIFAR10", "distance_margin_coef": 0.75, "dsa_strategy": "color_crop_cutout_flip_scale_rotate", "epsilon": 0.0313725, "fast_gradmatch": false, "fc_mode": "sample", "fc_restarts": 1, "gpus": "all", "jacobian_batch_size": 64, "jacobian_weight": 1.0, "lambda_margin": 10.0, "model": "ConvNetBN", "no_resume": false, "num_poisons": 500, "num_surrogates": 20, "num_targets": 6, "num_victims": 6, "out_dir": "/tmp/attack_if/ours_result", "pair_order": "poison-target", "parallel_pretrain": true, "parallel_targets": true, "precompute_id": null, "precompute_only": false, "precompute_part": "both", "rank_on_victims": true, "recompute_deltas": false, "require_correct_target": false, "restarts": 8, "seed": 42, "sel_K": null, "sel_alpha": 1.0, "sel_criterion": null, "sel_dpp": false, "sel_filter": false, "sel_mmr": false, "sel_mode": null, "sel_model": null, "sel_mu": 1.0, "sel_pca": false, "sel_pool": 3.0, "sharp_mode": "worst", "sharp_samples": 20, "sharp_sigma": 0.05, "steal_timeout": 7200.0, "surrogate_aug": false, "surrogate_bs": 128, "surrogate_decay": [35, 45], "surrogate_epochs": 60, "surrogate_lr": 0.1, "surrogate_wd": 0.0, "target_idx_file": "target_sets/ConvNetBN_gradmatch_dog-bird.json", "target_select": 70, "use_jacobian_score": false, "victim_aug": false, "victim_bs": 125, "victim_decay": [40], "victim_epochs": 50, "victim_lr": 0.1, "victim_wd": 0.0}
[2026-09-09 19:01:33] Jacobian score: disabled
[2026-09-09 19:01:33] Base score: 0.75*z(distance) + 0.25*z(margin); lambda_margin ignored
[2026-09-09 19:01:33] N_total=50000 budget=0.001 -> N_p=50 poisons, y_adv=5(dog) target_class=2(bird)
[2026-09-09 19:01:33] === surrogates (20 x ConvNetBN, trained on the full real set) ===
[2026-09-09 19:01:33]   crafting on 5/20 surrogates
[2026-09-09 19:01:33] === clean victims (6 x ConvNetBN) ===
[2026-09-09 19:01:34]   clean baseline CTA = 0.8110 +/- 0.0065
[2026-09-09 19:01:34]   target pool 1000 -> eligible 963 (37 already predicted as y_adv or dropped)
[2026-09-09 19:01:34]   chosen 6 targets (file), p_adv range 0.0000..0.0295
[2026-09-09 19:01:34]   targets: [843, 1257, 8252, 8730, 8055, 5859]
[2026-09-09 19:01:34] === target 843 (1/6) ===
[2026-09-09 19:04:13]   target 843: crafted 50 poisons in 157 s, obj=0.27655
[2026-09-09 19:04:13]   target 843: realized linf = 0.03137 (8.00/255), budget = 8.00/255
[2026-09-09 19:05:02]   [t843 v1/6] fail (pred=bird) CTA=0.8111
[2026-09-09 19:05:52]   [t843 v2/6] fail (pred=bird) CTA=0.8002
[2026-09-09 19:06:42]   [t843 v3/6] SUCCESS (pred=dog) CTA=0.8021
[2026-09-09 19:07:31]   [t843 v4/6] fail (pred=bird) CTA=0.8144
[2026-09-09 19:08:21]   [t843 v5/6] fail (pred=bird) CTA=0.8057
[2026-09-09 19:09:10]   [t843 v6/6] fail (pred=bird) CTA=0.7872
[2026-09-09 19:09:10]   target 843, 6 victims on this gpu: ASR=16.7% CTA=0.8035 +/- 0.0088
[2026-09-09 19:09:10] === target 1257 (2/6) ===
[2026-09-09 19:11:48]   target 1257: crafted 50 poisons in 156 s, obj=0.23251
[2026-09-09 19:11:48]   target 1257: realized linf = 0.03137 (8.00/255), budget = 8.00/255
[2026-09-09 19:12:39]   [t1257 v1/6] SUCCESS (pred=dog) CTA=0.7921
[2026-09-09 19:13:28]   [t1257 v2/6] fail (pred=bird) CTA=0.8075
[2026-09-09 19:14:18]   [t1257 v3/6] fail (pred=bird) CTA=0.8099
[2026-09-09 19:15:07]   [t1257 v4/6] SUCCESS (pred=dog) CTA=0.7982
[2026-09-09 19:15:57]   [t1257 v5/6] fail (pred=bird) CTA=0.8063
[2026-09-09 19:16:47]   [t1257 v6/6] fail (pred=bird) CTA=0.7995
[2026-09-09 19:16:47]   target 1257, 6 victims on this gpu: ASR=33.3% CTA=0.8023 +/- 0.0062
[2026-09-09 19:16:47] === target 8252 (3/6) ===
[2026-09-09 19:19:18]   target 8252: crafted 50 poisons in 150 s, obj=0.24471
[2026-09-09 19:19:18]   target 8252: realized linf = 0.03137 (8.00/255), budget = 8.00/255
[2026-09-09 19:20:09]   [t8252 v1/6] fail (pred=bird) CTA=0.8007
[2026-09-09 19:20:58]   [t8252 v2/6] fail (pred=bird) CTA=0.8140
[2026-09-09 19:21:48]   [t8252 v3/6] fail (pred=cat) CTA=0.8020
[2026-09-09 19:22:38]   [t8252 v4/6] fail (pred=bird) CTA=0.7992
[2026-09-09 19:23:27]   [t8252 v5/6] fail (pred=bird) CTA=0.7916
[2026-09-09 19:24:17]   [t8252 v6/6] fail (pred=cat) CTA=0.8045
[2026-09-09 19:24:17]   target 8252, 6 victims on this gpu: ASR=0.0% CTA=0.8020 +/- 0.0067
[2026-09-09 19:24:17] === target 8730 (4/6) ===
[2026-09-09 19:26:48]   target 8730: crafted 50 poisons in 150 s, obj=0.23951
[2026-09-09 19:26:48]   target 8730: realized linf = 0.03137 (8.00/255), budget = 8.00/255
[2026-09-09 19:27:39]   [t8730 v1/6] fail (pred=bird) CTA=0.8076
[2026-09-09 19:28:28]   [t8730 v2/6] fail (pred=bird) CTA=0.8094
[2026-09-09 19:29:18]   [t8730 v3/6] fail (pred=bird) CTA=0.8176
[2026-09-09 19:30:08]   [t8730 v4/6] fail (pred=bird) CTA=0.8028
[2026-09-09 19:30:58]   [t8730 v5/6] fail (pred=bird) CTA=0.8001
[2026-09-09 19:31:47]   [t8730 v6/6] fail (pred=bird) CTA=0.8042
[2026-09-09 19:31:47]   target 8730, 6 victims on this gpu: ASR=0.0% CTA=0.8069 +/- 0.0057
[2026-09-09 19:31:47] === target 8055 (5/6) ===
[2026-09-09 19:34:19]   target 8055: crafted 50 poisons in 150 s, obj=0.24676
[2026-09-09 19:34:19]   target 8055: realized linf = 0.03137 (8.00/255), budget = 8.00/255
[2026-09-09 19:35:10]   [t8055 v1/6] fail (pred=bird) CTA=0.8075
[2026-09-09 19:35:59]   [t8055 v2/6] fail (pred=bird) CTA=0.8039
[2026-09-09 19:36:49]   [t8055 v3/6] fail (pred=bird) CTA=0.8147
[2026-09-09 19:37:38]   [t8055 v4/6] fail (pred=bird) CTA=0.7966
[2026-09-09 19:38:28]   [t8055 v5/6] fail (pred=bird) CTA=0.8129
[2026-09-09 19:39:17]   [t8055 v6/6] SUCCESS (pred=dog) CTA=0.7961
[2026-09-09 19:39:17]   target 8055, 6 victims on this gpu: ASR=16.7% CTA=0.8053 +/- 0.0072
[2026-09-09 19:39:17] === target 5859 (6/6) ===
[2026-09-09 19:41:49]   target 5859: crafted 50 poisons in 150 s, obj=0.26047
[2026-09-09 19:41:49]   target 5859: realized linf = 0.03137 (8.00/255), budget = 8.00/255
[2026-09-09 19:42:40]   [t5859 v1/6] fail (pred=horse) CTA=0.7979
[2026-09-09 19:43:29]   [t5859 v2/6] fail (pred=bird) CTA=0.8046
[2026-09-09 19:44:19]   [t5859 v3/6] fail (pred=bird) CTA=0.8042
[2026-09-09 19:45:08]   [t5859 v4/6] fail (pred=bird) CTA=0.7974
[2026-09-09 19:45:58]   [t5859 v5/6] SUCCESS (pred=dog) CTA=0.8033
[2026-09-09 19:46:48]   [t5859 v6/6] fail (pred=bird) CTA=0.7959
[2026-09-09 19:46:48]   target 5859, 6 victims on this gpu: ASR=16.7% CTA=0.8005 +/- 0.0036
[2026-09-09 19:46:48] ==== CIFAR10_ConvNetBN_gradmatch_ours_dog-bird_b0.001_eps8_seed42_dmcoef0.75_cosine_ce5_tgt70 : ASR = 13.9% +/- 11.5% | CTA = 0.8034 (baseline 0.8110) ====
[2026-09-09 19:46:48]   target-prediction tally ['airplane', 'automobile', 'bird', 'cat', 'deer', 'dog', 'frog', 'horse', 'ship', 'truck']: [0, 0, 28, 2, 0, 5, 0, 1, 0, 0]

sync: preserving outputs in /home/mmoslem3/scratch/attack_if
sync: complete
