stage: optional directory absent: /home/mmoslem3/scratch/PoisonBase/ours_result/CIFAR10_ConvNetBN_gradmatch_ours_dog-bird_b0.005_eps8_seed42_dmcoef0.75_cosine_ce5_tgt70
job: 856678 dmcoefpb_009_convnet_gm_db_b0005_c075 on rack08-02
work: /tmp/attack_if
config: DISTANCE_MARGIN_COEF=0.75 USE_JACOBIAN_SCORE=0 MODEL=ConvNetBN ATTACK=gradmatch CLASS_PAIR=dog-bird BUDGETS=0.005 SELECT=ours NUM_TARGETS=6 NUM_VICTIMS=6 sh sel_dpp.sh
protocol: attack=6 targets x 6 victims
gpu: NVIDIA L40S
=== ours (plain greedy top-N_p by score) | ConvNetBN / gradmatch / dog-bird ===
    targets: pinned from target_sets/ConvNetBN_gradmatch_dog-bird.json (same 10 the random-base run attacked)
    difficulty label tgt70   craft flags: none
    Jacobian score disabled
    coefficient score: 0.75*z(distance) + (1-0.75)*z(margin); lambda ignored
    budgets: 0.005

--- ours | ConvNetBN / gradmatch / dog-bird | budget 0.005 ---
[2026-09-09 16:03:54] === run start: CIFAR10_ConvNetBN_gradmatch_ours_dog-bird_b0.005_eps8_seed42_dmcoef0.75_cosine_ce5_tgt70 on cuda [0] ===
[2026-09-09 16:03:54] args: {"FORCE": false, "attack": "gradmatch", "base": "ours", "base_dist": "cosine", "base_topr": null, "budget": 0.005, "cache_dir": "/tmp/attack_if/cache", "class_pair": "dog-bird", "clean_baseline": true, "craft_alpha": 0.0039216, "craft_aug": true, "craft_batch": 256, "craft_ensemble": 5, "craft_lowmem": false, "craft_schedule": false, "craft_steps": 750, "data_path": "/tmp/data", "dataset": "CIFAR10", "distance_margin_coef": 0.75, "dsa_strategy": "color_crop_cutout_flip_scale_rotate", "epsilon": 0.0313725, "fast_gradmatch": false, "fc_mode": "sample", "fc_restarts": 1, "gpus": "all", "jacobian_batch_size": 64, "jacobian_weight": 1.0, "lambda_margin": 10.0, "model": "ConvNetBN", "no_resume": false, "num_poisons": 500, "num_surrogates": 20, "num_targets": 6, "num_victims": 6, "out_dir": "/tmp/attack_if/ours_result", "pair_order": "poison-target", "parallel_pretrain": true, "parallel_targets": true, "precompute_id": null, "precompute_only": false, "precompute_part": "both", "rank_on_victims": true, "recompute_deltas": false, "require_correct_target": false, "restarts": 8, "seed": 42, "sel_K": null, "sel_alpha": 1.0, "sel_criterion": null, "sel_dpp": false, "sel_filter": false, "sel_mmr": false, "sel_mode": null, "sel_model": null, "sel_mu": 1.0, "sel_pca": false, "sel_pool": 3.0, "sharp_mode": "worst", "sharp_samples": 20, "sharp_sigma": 0.05, "steal_timeout": 7200.0, "surrogate_aug": false, "surrogate_bs": 128, "surrogate_decay": [35, 45], "surrogate_epochs": 60, "surrogate_lr": 0.1, "surrogate_wd": 0.0, "target_idx_file": "target_sets/ConvNetBN_gradmatch_dog-bird.json", "target_select": 70, "use_jacobian_score": false, "victim_aug": false, "victim_bs": 125, "victim_decay": [40], "victim_epochs": 50, "victim_lr": 0.1, "victim_wd": 0.0}
[2026-09-09 16:03:54] Jacobian score: disabled
[2026-09-09 16:03:54] Base score: 0.75*z(distance) + 0.25*z(margin); lambda_margin ignored
[2026-09-09 16:03:54] N_total=50000 budget=0.005 -> N_p=250 poisons, y_adv=5(dog) target_class=2(bird)
[2026-09-09 16:03:54] === surrogates (20 x ConvNetBN, trained on the full real set) ===
[2026-09-09 16:03:54]   crafting on 5/20 surrogates
[2026-09-09 16:03:54] === clean victims (6 x ConvNetBN) ===
[2026-09-09 16:04:46]   trained clean victim 5 (ConvNetBN): test acc = 0.8162 (52 s)
[2026-09-09 16:04:47]   clean baseline CTA = 0.8127 +/- 0.0074
[2026-09-09 16:04:47]   target pool 1000 -> eligible 963 (37 already predicted as y_adv or dropped)
[2026-09-09 16:04:47]   chosen 6 targets (file), p_adv range 0.0000..0.0000
[2026-09-09 16:04:47]   targets: [843, 1257, 8252, 8730, 8055, 5859]
[2026-09-09 16:04:47] === target 843 (1/6) ===
[2026-09-09 16:16:50]   target 843: crafted 250 poisons in 721 s, obj=0.26853
[2026-09-09 16:16:50]   target 843: realized linf = 0.03137 (8.00/255), budget = 8.00/255
[2026-09-09 16:17:41]   [t843 v1/6] fail (pred=bird) CTA=0.8049
[2026-09-09 16:18:33]   [t843 v2/6] fail (pred=bird) CTA=0.8037
[2026-09-09 16:19:24]   [t843 v3/6] SUCCESS (pred=dog) CTA=0.8100
[2026-09-09 16:20:16]   [t843 v4/6] fail (pred=bird) CTA=0.8128
[2026-09-09 16:21:07]   [t843 v5/6] fail (pred=bird) CTA=0.8001
[2026-09-09 16:21:59]   [t843 v6/6] fail (pred=bird) CTA=0.7858
[2026-09-09 16:21:59]   target 843, 6 victims on this gpu: ASR=16.7% CTA=0.8029 +/- 0.0087
[2026-09-09 16:21:59] === target 1257 (2/6) ===
[2026-09-09 16:33:56]   target 1257: crafted 250 poisons in 715 s, obj=0.22004
[2026-09-09 16:33:56]   target 1257: realized linf = 0.03137 (8.00/255), budget = 8.00/255
[2026-09-09 16:34:47]   [t1257 v1/6] fail (pred=bird) CTA=0.7933
[2026-09-09 16:35:38]   [t1257 v2/6] fail (pred=bird) CTA=0.8064
[2026-09-09 16:36:30]   [t1257 v3/6] fail (pred=bird) CTA=0.8150
[2026-09-09 16:37:22]   [t1257 v4/6] SUCCESS (pred=dog) CTA=0.8011
[2026-09-09 16:38:13]   [t1257 v5/6] SUCCESS (pred=dog) CTA=0.8007
[2026-09-09 16:39:05]   [t1257 v6/6] SUCCESS (pred=dog) CTA=0.7970
[2026-09-09 16:39:05]   target 1257, 6 victims on this gpu: ASR=50.0% CTA=0.8022 +/- 0.0070
[2026-09-09 16:39:05] === target 8252 (3/6) ===
[2026-09-09 16:51:01]   target 8252: crafted 250 poisons in 715 s, obj=0.21226
[2026-09-09 16:51:01]   target 8252: realized linf = 0.03137 (8.00/255), budget = 8.00/255
[2026-09-09 16:51:53]   [t8252 v1/6] SUCCESS (pred=dog) CTA=0.7994
[2026-09-09 16:52:44]   [t8252 v2/6] SUCCESS (pred=dog) CTA=0.8153
[2026-09-09 16:53:36]   [t8252 v3/6] fail (pred=cat) CTA=0.8030
[2026-09-09 16:54:28]   [t8252 v4/6] SUCCESS (pred=dog) CTA=0.8024
[2026-09-09 16:55:19]   [t8252 v5/6] SUCCESS (pred=dog) CTA=0.7962
[2026-09-09 16:56:11]   [t8252 v6/6] SUCCESS (pred=dog) CTA=0.8034
[2026-09-09 16:56:11]   target 8252, 6 victims on this gpu: ASR=83.3% CTA=0.8033 +/- 0.0059
[2026-09-09 16:56:11] === target 8730 (4/6) ===
[2026-09-09 17:08:07]   target 8730: crafted 250 poisons in 715 s, obj=0.21845
[2026-09-09 17:08:07]   target 8730: realized linf = 0.03137 (8.00/255), budget = 8.00/255
[2026-09-09 17:08:59]   [t8730 v1/6] fail (pred=cat) CTA=0.8048
[2026-09-09 17:09:50]   [t8730 v2/6] fail (pred=bird) CTA=0.8128
[2026-09-09 17:10:42]   [t8730 v3/6] fail (pred=bird) CTA=0.8129
[2026-09-09 17:11:33]   [t8730 v4/6] fail (pred=bird) CTA=0.8019
[2026-09-09 17:12:25]   [t8730 v5/6] fail (pred=bird) CTA=0.7989
[2026-09-09 17:13:17]   [t8730 v6/6] SUCCESS (pred=dog) CTA=0.8069
[2026-09-09 17:13:17]   target 8730, 6 victims on this gpu: ASR=16.7% CTA=0.8064 +/- 0.0052
[2026-09-09 17:13:17] === target 8055 (5/6) ===
[2026-09-09 17:25:15]   target 8055: crafted 250 poisons in 717 s, obj=0.26212
[2026-09-09 17:25:15]   target 8055: realized linf = 0.03137 (8.00/255), budget = 8.00/255
[2026-09-09 17:26:06]   [t8055 v1/6] SUCCESS (pred=dog) CTA=0.8104
[2026-09-09 17:26:58]   [t8055 v2/6] fail (pred=bird) CTA=0.7975
[2026-09-09 17:27:49]   [t8055 v3/6] SUCCESS (pred=dog) CTA=0.8132
[2026-09-09 17:28:41]   [t8055 v4/6] fail (pred=frog) CTA=0.7915
[2026-09-09 17:29:32]   [t8055 v5/6] fail (pred=bird) CTA=0.8138
[2026-09-09 17:30:24]   [t8055 v6/6] fail (pred=bird) CTA=0.7975
[2026-09-09 17:30:24]   target 8055, 6 victims on this gpu: ASR=33.3% CTA=0.8040 +/- 0.0088
[2026-09-09 17:30:24] === target 5859 (6/6) ===
[2026-09-09 17:42:25]   target 5859: crafted 250 poisons in 719 s, obj=0.22805
[2026-09-09 17:42:25]   target 5859: realized linf = 0.03137 (8.00/255), budget = 8.00/255
[2026-09-09 17:43:16]   [t5859 v1/6] fail (pred=bird) CTA=0.8013
[2026-09-09 17:44:08]   [t5859 v2/6] fail (pred=bird) CTA=0.8030
[2026-09-09 17:44:59]   [t5859 v3/6] fail (pred=bird) CTA=0.8030
[2026-09-09 17:45:51]   [t5859 v4/6] fail (pred=bird) CTA=0.8052
[2026-09-09 17:46:42]   [t5859 v5/6] fail (pred=bird) CTA=0.8128
[2026-09-09 17:47:34]   [t5859 v6/6] fail (pred=cat) CTA=0.7977
[2026-09-09 17:47:34]   target 5859, 6 victims on this gpu: ASR=0.0% CTA=0.8038 +/- 0.0046
[2026-09-09 17:47:34] ==== CIFAR10_ConvNetBN_gradmatch_ours_dog-bird_b0.005_eps8_seed42_dmcoef0.75_cosine_ce5_tgt70 : ASR = 33.3% +/- 27.2% | CTA = 0.8038 (baseline 0.8127) ====
[2026-09-09 17:47:34]   target-prediction tally ['airplane', 'automobile', 'bird', 'cat', 'deer', 'dog', 'frog', 'horse', 'ship', 'truck']: [0, 0, 20, 3, 0, 12, 1, 0, 0, 0]

sync: preserving outputs in /home/mmoslem3/scratch/PoisonBase
sync: complete
