stage: optional directory absent: /home/mmoslem3/scratch/PoisonBase/ours_result/CIFAR10_ConvNetBN_sapa_ours_dog-bird_b0.002_eps8_seed42_dmcoef0.25_cosine_worst0.05_ce5_tgt70
job: 856696 dmcoefpb_027_convnet_sapa_db_b0002_c025 on rack08-13
work: /tmp/attack_if
config: DISTANCE_MARGIN_COEF=0.25 USE_JACOBIAN_SCORE=0 MODEL=ConvNetBN ATTACK=sapa CLASS_PAIR=dog-bird BUDGETS=0.002 SELECT=ours NUM_TARGETS=6 NUM_VICTIMS=6 sh sel_dpp.sh
protocol: attack=6 targets x 6 victims
gpu: NVIDIA L40S
=== ours (plain greedy top-N_p by score) | ConvNetBN / sapa / dog-bird | sharp worst sigma=0.05 ===
    targets: pinned from target_sets/ConvNetBN_gradmatch_dog-bird.json (same 10 the random-base run attacked)
    difficulty label tgt70   craft flags: none
    Jacobian score disabled
    coefficient score: 0.25*z(distance) + (1-0.25)*z(margin); lambda ignored
    budgets: 0.002

--- ours | ConvNetBN / sapa / dog-bird | sharp worst sigma=0.05 | budget 0.002 ---
[2026-09-09 17:35:49] === run start: CIFAR10_ConvNetBN_sapa_ours_dog-bird_b0.002_eps8_seed42_dmcoef0.25_cosine_worst0.05_ce5_tgt70 on cuda [0] ===
[2026-09-09 17:35:49] args: {"FORCE": false, "attack": "sapa", "base": "ours", "base_dist": "cosine", "base_topr": null, "budget": 0.002, "cache_dir": "/tmp/attack_if/cache", "class_pair": "dog-bird", "clean_baseline": true, "craft_alpha": 0.0039216, "craft_aug": true, "craft_batch": 256, "craft_ensemble": 5, "craft_lowmem": false, "craft_schedule": false, "craft_steps": 750, "data_path": "/tmp/data", "dataset": "CIFAR10", "distance_margin_coef": 0.25, "dsa_strategy": "color_crop_cutout_flip_scale_rotate", "epsilon": 0.0313725, "fast_gradmatch": false, "fc_mode": "sample", "fc_restarts": 1, "gpus": "all", "jacobian_batch_size": 64, "jacobian_weight": 1.0, "lambda_margin": 10.0, "model": "ConvNetBN", "no_resume": false, "num_poisons": 500, "num_surrogates": 20, "num_targets": 6, "num_victims": 6, "out_dir": "/tmp/attack_if/ours_result", "pair_order": "poison-target", "parallel_pretrain": true, "parallel_targets": true, "precompute_id": null, "precompute_only": false, "precompute_part": "both", "rank_on_victims": true, "recompute_deltas": false, "require_correct_target": false, "restarts": 8, "seed": 42, "sel_K": null, "sel_alpha": 1.0, "sel_criterion": null, "sel_dpp": false, "sel_filter": false, "sel_mmr": false, "sel_mode": null, "sel_model": null, "sel_mu": 1.0, "sel_pca": false, "sel_pool": 3.0, "sharp_mode": "worst", "sharp_samples": 20, "sharp_sigma": 0.05, "steal_timeout": 7200.0, "surrogate_aug": false, "surrogate_bs": 128, "surrogate_decay": [35, 45], "surrogate_epochs": 60, "surrogate_lr": 0.1, "surrogate_wd": 0.0, "target_idx_file": "target_sets/ConvNetBN_gradmatch_dog-bird.json", "target_select": 70, "use_jacobian_score": false, "victim_aug": false, "victim_bs": 125, "victim_decay": [40], "victim_epochs": 50, "victim_lr": 0.1, "victim_wd": 0.0}
[2026-09-09 17:35:49] Jacobian score: disabled
[2026-09-09 17:35:49] Base score: 0.25*z(distance) + 0.75*z(margin); lambda_margin ignored
[2026-09-09 17:35:49] N_total=50000 budget=0.002 -> N_p=100 poisons, y_adv=5(dog) target_class=2(bird)
[2026-09-09 17:35:49] === surrogates (20 x ConvNetBN, trained on the full real set) ===
[2026-09-09 17:35:49]   crafting on 5/20 surrogates
[2026-09-09 17:35:49] === clean victims (6 x ConvNetBN) ===
[2026-09-09 17:35:50]   clean baseline CTA = 0.8127 +/- 0.0074
[2026-09-09 17:35:50]   target pool 1000 -> eligible 963 (37 already predicted as y_adv or dropped)
[2026-09-09 17:35:50]   chosen 6 targets (file), p_adv range 0.0000..0.0000
[2026-09-09 17:35:50]   targets: [843, 1257, 8252, 8730, 8055, 5859]
[2026-09-09 17:35:50] === target 843 (1/6) ===
[2026-09-09 17:39:46]   target 843: crafted 100 poisons in 234 s, obj=0.28168
[2026-09-09 17:39:46]   target 843: realized linf = 0.03137 (8.00/255), budget = 8.00/255
[2026-09-09 17:40:36]   [t843 v1/6] fail (pred=bird) CTA=0.8018
[2026-09-09 17:41:26]   [t843 v2/6] fail (pred=bird) CTA=0.8046
[2026-09-09 17:42:16]   [t843 v3/6] fail (pred=bird) CTA=0.8011
[2026-09-09 17:43:06]   [t843 v4/6] fail (pred=bird) CTA=0.8044
[2026-09-09 17:43:55]   [t843 v5/6] fail (pred=bird) CTA=0.7972
[2026-09-09 17:44:45]   [t843 v6/6] fail (pred=bird) CTA=0.7883
[2026-09-09 17:44:45]   target 843, 6 victims on this gpu: ASR=0.0% CTA=0.7996 +/- 0.0056
[2026-09-09 17:44:45] === target 1257 (2/6) ===
[2026-09-09 17:48:40]   target 1257: crafted 100 poisons in 234 s, obj=0.23851
[2026-09-09 17:48:40]   target 1257: realized linf = 0.03137 (8.00/255), budget = 8.00/255
[2026-09-09 17:49:32]   [t1257 v1/6] SUCCESS (pred=dog) CTA=0.8025
[2026-09-09 17:50:21]   [t1257 v2/6] fail (pred=bird) CTA=0.8053
[2026-09-09 17:51:11]   [t1257 v3/6] fail (pred=deer) CTA=0.8149
[2026-09-09 17:52:01]   [t1257 v4/6] fail (pred=bird) CTA=0.8055
[2026-09-09 17:52:51]   [t1257 v5/6] fail (pred=bird) CTA=0.8011
[2026-09-09 17:53:40]   [t1257 v6/6] fail (pred=bird) CTA=0.7998
[2026-09-09 17:53:40]   target 1257, 6 victims on this gpu: ASR=16.7% CTA=0.8049 +/- 0.0049
[2026-09-09 17:53:40] === target 8252 (3/6) ===
[2026-09-09 17:57:36]   target 8252: crafted 100 poisons in 234 s, obj=0.22144
[2026-09-09 17:57:36]   target 8252: realized linf = 0.03137 (8.00/255), budget = 8.00/255
[2026-09-09 17:58:27]   [t8252 v1/6] fail (pred=bird) CTA=0.8011
[2026-09-09 17:59:17]   [t8252 v2/6] SUCCESS (pred=dog) CTA=0.8189
[2026-09-09 18:00:07]   [t8252 v3/6] SUCCESS (pred=dog) CTA=0.8032
[2026-09-09 18:00:57]   [t8252 v4/6] fail (pred=horse) CTA=0.7977
[2026-09-09 18:01:47]   [t8252 v5/6] SUCCESS (pred=dog) CTA=0.7968
[2026-09-09 18:02:36]   [t8252 v6/6] SUCCESS (pred=dog) CTA=0.8140
[2026-09-09 18:02:36]   target 8252, 6 victims on this gpu: ASR=66.7% CTA=0.8053 +/- 0.0083
[2026-09-09 18:02:36] === target 8730 (4/6) ===
[2026-09-09 18:06:32]   target 8730: crafted 100 poisons in 234 s, obj=0.23596
[2026-09-09 18:06:32]   target 8730: realized linf = 0.03137 (8.00/255), budget = 8.00/255
[2026-09-09 18:07:24]   [t8730 v1/6] fail (pred=cat) CTA=0.8141
[2026-09-09 18:08:13]   [t8730 v2/6] fail (pred=bird) CTA=0.8115
[2026-09-09 18:09:03]   [t8730 v3/6] fail (pred=bird) CTA=0.8151
[2026-09-09 18:09:53]   [t8730 v4/6] fail (pred=bird) CTA=0.8038
[2026-09-09 18:10:43]   [t8730 v5/6] fail (pred=bird) CTA=0.7919
[2026-09-09 18:11:33]   [t8730 v6/6] fail (pred=bird) CTA=0.8145
[2026-09-09 18:11:33]   target 8730, 6 victims on this gpu: ASR=0.0% CTA=0.8085 +/- 0.0083
[2026-09-09 18:11:33] === target 8055 (5/6) ===
[2026-09-09 18:15:28]   target 8055: crafted 100 poisons in 234 s, obj=0.25945
[2026-09-09 18:15:28]   target 8055: realized linf = 0.03137 (8.00/255), budget = 8.00/255
[2026-09-09 18:16:20]   [t8055 v1/6] fail (pred=bird) CTA=0.8108
[2026-09-09 18:17:10]   [t8055 v2/6] SUCCESS (pred=dog) CTA=0.8006
[2026-09-09 18:17:59]   [t8055 v3/6] fail (pred=bird) CTA=0.8080
[2026-09-09 18:18:49]   [t8055 v4/6] fail (pred=bird) CTA=0.7944
[2026-09-09 18:19:39]   [t8055 v5/6] fail (pred=bird) CTA=0.8070
[2026-09-09 18:20:29]   [t8055 v6/6] fail (pred=frog) CTA=0.7987
[2026-09-09 18:20:29]   target 8055, 6 victims on this gpu: ASR=16.7% CTA=0.8033 +/- 0.0058
[2026-09-09 18:20:29] === target 5859 (6/6) ===
[2026-09-09 18:24:24]   target 5859: crafted 100 poisons in 234 s, obj=0.24647
[2026-09-09 18:24:24]   target 5859: realized linf = 0.03137 (8.00/255), budget = 8.00/255
[2026-09-09 18:25:16]   [t5859 v1/6] SUCCESS (pred=dog) CTA=0.8069
[2026-09-09 18:26:06]   [t5859 v2/6] SUCCESS (pred=dog) CTA=0.8090
[2026-09-09 18:26:56]   [t5859 v3/6] fail (pred=bird) CTA=0.8015
[2026-09-09 18:27:45]   [t5859 v4/6] fail (pred=bird) CTA=0.8027
[2026-09-09 18:28:35]   [t5859 v5/6] fail (pred=bird) CTA=0.8047
[2026-09-09 18:29:25]   [t5859 v6/6] SUCCESS (pred=dog) CTA=0.8003
[2026-09-09 18:29:25]   target 5859, 6 victims on this gpu: ASR=50.0% CTA=0.8042 +/- 0.0030
[2026-09-09 18:29:25] ==== CIFAR10_ConvNetBN_sapa_ours_dog-bird_b0.002_eps8_seed42_dmcoef0.25_cosine_worst0.05_ce5_tgt70 : ASR = 25.0% +/- 25.0% | CTA = 0.8043 (baseline 0.8127) ====
[2026-09-09 18:29:25]   target-prediction tally ['airplane', 'automobile', 'bird', 'cat', 'deer', 'dog', 'frog', 'horse', 'ship', 'truck']: [0, 0, 23, 1, 1, 9, 1, 1, 0, 0]

sync: preserving outputs in /home/mmoslem3/scratch/PoisonBase
sync: complete
