stage: optional directory absent: /home/mmoslem3/scratch/attack_if/ours_result/CIFAR10_ConvNetBN_gradmatch_ours_dog-bird_b0.001_eps8_seed42_dmcoef1_cosine_ce5_tgt70
job: 5325313 dmcoef_005_convnet_gm_db_b0001_c100 on kn067
work: /tmp/attack_if
config: DISTANCE_MARGIN_COEF=1 USE_JACOBIAN_SCORE=0 MODEL=ConvNetBN ATTACK=gradmatch CLASS_PAIR=dog-bird BUDGETS=0.001 SELECT=ours NUM_TARGETS=6 NUM_VICTIMS=6 sh sel_dpp.sh
protocol: attack=6 targets x 6 victims
gpu: NVIDIA L40S
=== ours (plain greedy top-N_p by score) | ConvNetBN / gradmatch / dog-bird ===
    targets: pinned from target_sets/ConvNetBN_gradmatch_dog-bird.json (same 10 the random-base run attacked)
    difficulty label tgt70   craft flags: none
    Jacobian score disabled
    coefficient score: 1*z(distance) + (1-1)*z(margin); lambda ignored
    budgets: 0.001

--- ours | ConvNetBN / gradmatch / dog-bird | budget 0.001 ---
[2026-09-09 19:26:59] === run start: CIFAR10_ConvNetBN_gradmatch_ours_dog-bird_b0.001_eps8_seed42_dmcoef1_cosine_ce5_tgt70 on cuda [0] ===
[2026-09-09 19:26:59] args: {"FORCE": false, "attack": "gradmatch", "base": "ours", "base_dist": "cosine", "base_topr": null, "budget": 0.001, "cache_dir": "/tmp/attack_if/cache", "class_pair": "dog-bird", "clean_baseline": true, "craft_alpha": 0.0039216, "craft_aug": true, "craft_batch": 256, "craft_ensemble": 5, "craft_lowmem": false, "craft_schedule": false, "craft_steps": 750, "data_path": "/tmp/data", "dataset": "CIFAR10", "distance_margin_coef": 1.0, "dsa_strategy": "color_crop_cutout_flip_scale_rotate", "epsilon": 0.0313725, "fast_gradmatch": false, "fc_mode": "sample", "fc_restarts": 1, "gpus": "all", "jacobian_batch_size": 64, "jacobian_weight": 1.0, "lambda_margin": 10.0, "model": "ConvNetBN", "no_resume": false, "num_poisons": 500, "num_surrogates": 20, "num_targets": 6, "num_victims": 6, "out_dir": "/tmp/attack_if/ours_result", "pair_order": "poison-target", "parallel_pretrain": true, "parallel_targets": true, "precompute_id": null, "precompute_only": false, "precompute_part": "both", "rank_on_victims": true, "recompute_deltas": false, "require_correct_target": false, "restarts": 8, "seed": 42, "sel_K": null, "sel_alpha": 1.0, "sel_criterion": null, "sel_dpp": false, "sel_filter": false, "sel_mmr": false, "sel_mode": null, "sel_model": null, "sel_mu": 1.0, "sel_pca": false, "sel_pool": 3.0, "sharp_mode": "worst", "sharp_samples": 20, "sharp_sigma": 0.05, "steal_timeout": 7200.0, "surrogate_aug": false, "surrogate_bs": 128, "surrogate_decay": [35, 45], "surrogate_epochs": 60, "surrogate_lr": 0.1, "surrogate_wd": 0.0, "target_idx_file": "target_sets/ConvNetBN_gradmatch_dog-bird.json", "target_select": 70, "use_jacobian_score": false, "victim_aug": false, "victim_bs": 125, "victim_decay": [40], "victim_epochs": 50, "victim_lr": 0.1, "victim_wd": 0.0}
[2026-09-09 19:26:59] Jacobian score: disabled
[2026-09-09 19:26:59] Base score: 1*z(distance) + 0*z(margin); lambda_margin ignored
[2026-09-09 19:26:59] N_total=50000 budget=0.001 -> N_p=50 poisons, y_adv=5(dog) target_class=2(bird)
[2026-09-09 19:26:59] === surrogates (20 x ConvNetBN, trained on the full real set) ===
[2026-09-09 19:27:00]   crafting on 5/20 surrogates
[2026-09-09 19:27:00] === clean victims (6 x ConvNetBN) ===
[2026-09-09 19:27:01]   clean baseline CTA = 0.8110 +/- 0.0065
[2026-09-09 19:27:01]   target pool 1000 -> eligible 963 (37 already predicted as y_adv or dropped)
[2026-09-09 19:27:01]   chosen 6 targets (file), p_adv range 0.0000..0.0295
[2026-09-09 19:27:01]   targets: [843, 1257, 8252, 8730, 8055, 5859]
[2026-09-09 19:27:01] === target 843 (1/6) ===
[2026-09-09 19:29:38]   target 843: crafted 50 poisons in 156 s, obj=0.27937
[2026-09-09 19:29:38]   target 843: realized linf = 0.03137 (8.00/255), budget = 8.00/255
[2026-09-09 19:30:28]   [t843 v1/6] fail (pred=bird) CTA=0.8093
[2026-09-09 19:31:17]   [t843 v2/6] fail (pred=bird) CTA=0.8034
[2026-09-09 19:32:07]   [t843 v3/6] SUCCESS (pred=dog) CTA=0.8110
[2026-09-09 19:32:56]   [t843 v4/6] fail (pred=bird) CTA=0.8071
[2026-09-09 19:33:46]   [t843 v5/6] fail (pred=horse) CTA=0.7987
[2026-09-09 19:34:35]   [t843 v6/6] fail (pred=bird) CTA=0.7823
[2026-09-09 19:34:35]   target 843, 6 victims on this gpu: ASR=16.7% CTA=0.8020 +/- 0.0097
[2026-09-09 19:34:35] === target 1257 (2/6) ===
[2026-09-09 19:37:12]   target 1257: crafted 50 poisons in 155 s, obj=0.23110
[2026-09-09 19:37:12]   target 1257: realized linf = 0.03137 (8.00/255), budget = 8.00/255
[2026-09-09 19:38:03]   [t1257 v1/6] fail (pred=bird) CTA=0.8000
[2026-09-09 19:38:52]   [t1257 v2/6] fail (pred=deer) CTA=0.8063
[2026-09-09 19:39:42]   [t1257 v3/6] fail (pred=bird) CTA=0.8097
[2026-09-09 19:40:31]   [t1257 v4/6] SUCCESS (pred=dog) CTA=0.7979
[2026-09-09 19:41:21]   [t1257 v5/6] fail (pred=bird) CTA=0.8038
[2026-09-09 19:42:10]   [t1257 v6/6] fail (pred=bird) CTA=0.7978
[2026-09-09 19:42:10]   target 1257, 6 victims on this gpu: ASR=16.7% CTA=0.8026 +/- 0.0044
[2026-09-09 19:42:10] === target 8252 (3/6) ===
[2026-09-09 19:44:47]   target 8252: crafted 50 poisons in 155 s, obj=0.24199
[2026-09-09 19:44:47]   target 8252: realized linf = 0.03137 (8.00/255), budget = 8.00/255
[2026-09-09 19:45:37]   [t8252 v1/6] fail (pred=bird) CTA=0.8036
[2026-09-09 19:46:27]   [t8252 v2/6] SUCCESS (pred=dog) CTA=0.8127
[2026-09-09 19:47:17]   [t8252 v3/6] fail (pred=cat) CTA=0.8038
[2026-09-09 19:48:06]   [t8252 v4/6] fail (pred=cat) CTA=0.7934
[2026-09-09 19:48:56]   [t8252 v5/6] fail (pred=bird) CTA=0.7979
[2026-09-09 19:49:46]   [t8252 v6/6] fail (pred=horse) CTA=0.8074
[2026-09-09 19:49:46]   target 8252, 6 victims on this gpu: ASR=16.7% CTA=0.8031 +/- 0.0062
[2026-09-09 19:49:46] === target 8730 (4/6) ===
[2026-09-09 19:52:21]   target 8730: crafted 50 poisons in 153 s, obj=0.23918
[2026-09-09 19:52:21]   target 8730: realized linf = 0.03137 (8.00/255), budget = 8.00/255
[2026-09-09 19:53:11]   [t8730 v1/6] fail (pred=bird) CTA=0.8112
[2026-09-09 19:54:01]   [t8730 v2/6] fail (pred=bird) CTA=0.8119
[2026-09-09 19:54:50]   [t8730 v3/6] fail (pred=bird) CTA=0.8150
[2026-09-09 19:55:40]   [t8730 v4/6] fail (pred=bird) CTA=0.7996
[2026-09-09 19:56:29]   [t8730 v5/6] fail (pred=bird) CTA=0.8011
[2026-09-09 19:57:19]   [t8730 v6/6] fail (pred=bird) CTA=0.8091
[2026-09-09 19:57:19]   target 8730, 6 victims on this gpu: ASR=0.0% CTA=0.8080 +/- 0.0057
[2026-09-09 19:57:19] === target 8055 (5/6) ===
[2026-09-09 19:59:51]   target 8055: crafted 50 poisons in 151 s, obj=0.24809
[2026-09-09 19:59:51]   target 8055: realized linf = 0.03137 (8.00/255), budget = 8.00/255
[2026-09-09 20:00:42]   [t8055 v1/6] fail (pred=bird) CTA=0.8073
[2026-09-09 20:01:31]   [t8055 v2/6] fail (pred=frog) CTA=0.8060
[2026-09-09 20:02:21]   [t8055 v3/6] SUCCESS (pred=dog) CTA=0.8096
[2026-09-09 20:03:10]   [t8055 v4/6] fail (pred=bird) CTA=0.7984
[2026-09-09 20:04:00]   [t8055 v5/6] fail (pred=bird) CTA=0.8151
[2026-09-09 20:04:49]   [t8055 v6/6] fail (pred=bird) CTA=0.8002
[2026-09-09 20:04:49]   target 8055, 6 victims on this gpu: ASR=16.7% CTA=0.8061 +/- 0.0056
[2026-09-09 20:04:49] === target 5859 (6/6) ===
[2026-09-09 20:07:21]   target 5859: crafted 50 poisons in 150 s, obj=0.25827
[2026-09-09 20:07:21]   target 5859: realized linf = 0.03137 (8.00/255), budget = 8.00/255
[2026-09-09 20:08:11]   [t5859 v1/6] fail (pred=frog) CTA=0.8001
[2026-09-09 20:09:01]   [t5859 v2/6] fail (pred=bird) CTA=0.8032
[2026-09-09 20:09:50]   [t5859 v3/6] fail (pred=bird) CTA=0.8061
[2026-09-09 20:10:40]   [t5859 v4/6] fail (pred=bird) CTA=0.7978
[2026-09-09 20:11:29]   [t5859 v5/6] fail (pred=bird) CTA=0.8052
[2026-09-09 20:12:19]   [t5859 v6/6] fail (pred=bird) CTA=0.7977
[2026-09-09 20:12:19]   target 5859, 6 victims on this gpu: ASR=0.0% CTA=0.8017 +/- 0.0034
[2026-09-09 20:12:19] ==== CIFAR10_ConvNetBN_gradmatch_ours_dog-bird_b0.001_eps8_seed42_dmcoef1_cosine_ce5_tgt70 : ASR = 11.1% +/- 7.9% | CTA = 0.8039 (baseline 0.8110) ====
[2026-09-09 20:12:19]   target-prediction tally ['airplane', 'automobile', 'bird', 'cat', 'deer', 'dog', 'frog', 'horse', 'ship', 'truck']: [0, 0, 25, 2, 1, 4, 2, 2, 0, 0]

sync: preserving outputs in /home/mmoslem3/scratch/attack_if
sync: complete
