stage: optional directory absent: /home/mmoslem3/scratch/PoisonBase/ours_result/CIFAR10_ConvNetBN_gradmatch_ours_dog-bird_b0.005_eps8_seed42_dmcoef0.5_cosine_ce5_tgt70
job: 856677 dmcoefpb_008_convnet_gm_db_b0005_c050 on rack03-05
work: /tmp/attack_if
config: DISTANCE_MARGIN_COEF=0.5 USE_JACOBIAN_SCORE=0 MODEL=ConvNetBN ATTACK=gradmatch CLASS_PAIR=dog-bird BUDGETS=0.005 SELECT=ours NUM_TARGETS=6 NUM_VICTIMS=6 sh sel_dpp.sh
protocol: attack=6 targets x 6 victims
gpu: NVIDIA L40S
=== ours (plain greedy top-N_p by score) | ConvNetBN / gradmatch / dog-bird ===
    targets: pinned from target_sets/ConvNetBN_gradmatch_dog-bird.json (same 10 the random-base run attacked)
    difficulty label tgt70   craft flags: none
    Jacobian score disabled
    coefficient score: 0.5*z(distance) + (1-0.5)*z(margin); lambda ignored
    budgets: 0.005

--- ours | ConvNetBN / gradmatch / dog-bird | budget 0.005 ---
[2026-09-09 16:03:55] === run start: CIFAR10_ConvNetBN_gradmatch_ours_dog-bird_b0.005_eps8_seed42_dmcoef0.5_cosine_ce5_tgt70 on cuda [0] ===
[2026-09-09 16:03:55] args: {"FORCE": false, "attack": "gradmatch", "base": "ours", "base_dist": "cosine", "base_topr": null, "budget": 0.005, "cache_dir": "/tmp/attack_if/cache", "class_pair": "dog-bird", "clean_baseline": true, "craft_alpha": 0.0039216, "craft_aug": true, "craft_batch": 256, "craft_ensemble": 5, "craft_lowmem": false, "craft_schedule": false, "craft_steps": 750, "data_path": "/tmp/data", "dataset": "CIFAR10", "distance_margin_coef": 0.5, "dsa_strategy": "color_crop_cutout_flip_scale_rotate", "epsilon": 0.0313725, "fast_gradmatch": false, "fc_mode": "sample", "fc_restarts": 1, "gpus": "all", "jacobian_batch_size": 64, "jacobian_weight": 1.0, "lambda_margin": 10.0, "model": "ConvNetBN", "no_resume": false, "num_poisons": 500, "num_surrogates": 20, "num_targets": 6, "num_victims": 6, "out_dir": "/tmp/attack_if/ours_result", "pair_order": "poison-target", "parallel_pretrain": true, "parallel_targets": true, "precompute_id": null, "precompute_only": false, "precompute_part": "both", "rank_on_victims": true, "recompute_deltas": false, "require_correct_target": false, "restarts": 8, "seed": 42, "sel_K": null, "sel_alpha": 1.0, "sel_criterion": null, "sel_dpp": false, "sel_filter": false, "sel_mmr": false, "sel_mode": null, "sel_model": null, "sel_mu": 1.0, "sel_pca": false, "sel_pool": 3.0, "sharp_mode": "worst", "sharp_samples": 20, "sharp_sigma": 0.05, "steal_timeout": 7200.0, "surrogate_aug": false, "surrogate_bs": 128, "surrogate_decay": [35, 45], "surrogate_epochs": 60, "surrogate_lr": 0.1, "surrogate_wd": 0.0, "target_idx_file": "target_sets/ConvNetBN_gradmatch_dog-bird.json", "target_select": 70, "use_jacobian_score": false, "victim_aug": false, "victim_bs": 125, "victim_decay": [40], "victim_epochs": 50, "victim_lr": 0.1, "victim_wd": 0.0}
[2026-09-09 16:03:55] Jacobian score: disabled
[2026-09-09 16:03:55] Base score: 0.5*z(distance) + 0.5*z(margin); lambda_margin ignored
[2026-09-09 16:03:55] N_total=50000 budget=0.005 -> N_p=250 poisons, y_adv=5(dog) target_class=2(bird)
[2026-09-09 16:03:55] === surrogates (20 x ConvNetBN, trained on the full real set) ===
[2026-09-09 16:03:55]   crafting on 5/20 surrogates
[2026-09-09 16:03:55] === clean victims (6 x ConvNetBN) ===
[2026-09-09 16:04:48]   trained clean victim 5 (ConvNetBN): test acc = 0.8162 (52 s)
[2026-09-09 16:04:48]   clean baseline CTA = 0.8127 +/- 0.0074
[2026-09-09 16:04:48]   target pool 1000 -> eligible 963 (37 already predicted as y_adv or dropped)
[2026-09-09 16:04:48]   chosen 6 targets (file), p_adv range 0.0000..0.0000
[2026-09-09 16:04:48]   targets: [843, 1257, 8252, 8730, 8055, 5859]
[2026-09-09 16:04:48] === target 843 (1/6) ===
[2026-09-09 16:16:52]   target 843: crafted 250 poisons in 721 s, obj=0.26459
[2026-09-09 16:16:52]   target 843: realized linf = 0.03137 (8.00/255), budget = 8.00/255
[2026-09-09 16:17:44]   [t843 v1/6] SUCCESS (pred=dog) CTA=0.8086
[2026-09-09 16:18:36]   [t843 v2/6] SUCCESS (pred=dog) CTA=0.8051
[2026-09-09 16:19:28]   [t843 v3/6] SUCCESS (pred=dog) CTA=0.8086
[2026-09-09 16:20:20]   [t843 v4/6] fail (pred=bird) CTA=0.8061
[2026-09-09 16:21:12]   [t843 v5/6] SUCCESS (pred=dog) CTA=0.7971
[2026-09-09 16:22:05]   [t843 v6/6] fail (pred=bird) CTA=0.7838
[2026-09-09 16:22:05]   target 843, 6 victims on this gpu: ASR=66.7% CTA=0.8016 +/- 0.0088
[2026-09-09 16:22:05] === target 1257 (2/6) ===
[2026-09-09 16:34:07]   target 1257: crafted 250 poisons in 720 s, obj=0.22031
[2026-09-09 16:34:07]   target 1257: realized linf = 0.03137 (8.00/255), budget = 8.00/255
[2026-09-09 16:34:58]   [t1257 v1/6] SUCCESS (pred=dog) CTA=0.8041
[2026-09-09 16:35:50]   [t1257 v2/6] fail (pred=bird) CTA=0.8132
[2026-09-09 16:36:42]   [t1257 v3/6] fail (pred=bird) CTA=0.8118
[2026-09-09 16:37:33]   [t1257 v4/6] SUCCESS (pred=dog) CTA=0.8047
[2026-09-09 16:38:25]   [t1257 v5/6] fail (pred=bird) CTA=0.7999
[2026-09-09 16:39:17]   [t1257 v6/6] SUCCESS (pred=dog) CTA=0.7977
[2026-09-09 16:39:17]   target 1257, 6 victims on this gpu: ASR=50.0% CTA=0.8052 +/- 0.0057
[2026-09-09 16:39:17] === target 8252 (3/6) ===
[2026-09-09 16:51:17]   target 8252: crafted 250 poisons in 719 s, obj=0.21094
[2026-09-09 16:51:17]   target 8252: realized linf = 0.03137 (8.00/255), budget = 8.00/255
[2026-09-09 16:52:09]   [t8252 v1/6] SUCCESS (pred=dog) CTA=0.8050
[2026-09-09 16:53:01]   [t8252 v2/6] SUCCESS (pred=dog) CTA=0.8121
[2026-09-09 16:53:53]   [t8252 v3/6] SUCCESS (pred=dog) CTA=0.8038
[2026-09-09 16:54:44]   [t8252 v4/6] fail (pred=horse) CTA=0.7937
[2026-09-09 16:55:36]   [t8252 v5/6] SUCCESS (pred=dog) CTA=0.7892
[2026-09-09 16:56:28]   [t8252 v6/6] SUCCESS (pred=dog) CTA=0.8116
[2026-09-09 16:56:28]   target 8252, 6 victims on this gpu: ASR=83.3% CTA=0.8026 +/- 0.0085
[2026-09-09 16:56:28] === target 8730 (4/6) ===
[2026-09-09 17:08:26]   target 8730: crafted 250 poisons in 717 s, obj=0.21525
[2026-09-09 17:08:26]   target 8730: realized linf = 0.03137 (8.00/255), budget = 8.00/255
[2026-09-09 17:09:18]   [t8730 v1/6] fail (pred=bird) CTA=0.8080
[2026-09-09 17:10:10]   [t8730 v2/6] fail (pred=bird) CTA=0.8095
[2026-09-09 17:11:02]   [t8730 v3/6] fail (pred=bird) CTA=0.8163
[2026-09-09 17:11:54]   [t8730 v4/6] SUCCESS (pred=dog) CTA=0.8084
[2026-09-09 17:12:46]   [t8730 v5/6] fail (pred=cat) CTA=0.7970
[2026-09-09 17:13:38]   [t8730 v6/6] fail (pred=bird) CTA=0.8092
[2026-09-09 17:13:38]   target 8730, 6 victims on this gpu: ASR=16.7% CTA=0.8081 +/- 0.0057
[2026-09-09 17:13:38] === target 8055 (5/6) ===
[2026-09-09 17:25:37]   target 8055: crafted 250 poisons in 718 s, obj=0.26082
[2026-09-09 17:25:37]   target 8055: realized linf = 0.03137 (8.00/255), budget = 8.00/255
[2026-09-09 17:26:29]   [t8055 v1/6] fail (pred=frog) CTA=0.8033
[2026-09-09 17:27:21]   [t8055 v2/6] SUCCESS (pred=dog) CTA=0.7996
[2026-09-09 17:28:13]   [t8055 v3/6] SUCCESS (pred=dog) CTA=0.8119
[2026-09-09 17:29:05]   [t8055 v4/6] fail (pred=bird) CTA=0.7942
[2026-09-09 17:29:56]   [t8055 v5/6] fail (pred=bird) CTA=0.8067
[2026-09-09 17:30:48]   [t8055 v6/6] fail (pred=bird) CTA=0.7994
[2026-09-09 17:30:48]   target 8055, 6 victims on this gpu: ASR=33.3% CTA=0.8025 +/- 0.0057
[2026-09-09 17:30:48] === target 5859 (6/6) ===
[2026-09-09 17:42:47]   target 5859: crafted 250 poisons in 717 s, obj=0.22131
[2026-09-09 17:42:47]   target 5859: realized linf = 0.03137 (8.00/255), budget = 8.00/255
[2026-09-09 17:43:38]   [t5859 v1/6] fail (pred=bird) CTA=0.8031
[2026-09-09 17:44:30]   [t5859 v2/6] SUCCESS (pred=dog) CTA=0.8054
[2026-09-09 17:45:22]   [t5859 v3/6] SUCCESS (pred=dog) CTA=0.8081
[2026-09-09 17:46:14]   [t5859 v4/6] fail (pred=bird) CTA=0.7991
[2026-09-09 17:47:05]   [t5859 v5/6] fail (pred=bird) CTA=0.8083
[2026-09-09 17:47:57]   [t5859 v6/6] fail (pred=bird) CTA=0.7952
[2026-09-09 17:47:57]   target 5859, 6 victims on this gpu: ASR=33.3% CTA=0.8032 +/- 0.0048
[2026-09-09 17:47:57] ==== CIFAR10_ConvNetBN_gradmatch_ours_dog-bird_b0.005_eps8_seed42_dmcoef0.5_cosine_ce5_tgt70 : ASR = 47.2% +/- 22.4% | CTA = 0.8039 (baseline 0.8127) ====
[2026-09-09 17:47:57]   target-prediction tally ['airplane', 'automobile', 'bird', 'cat', 'deer', 'dog', 'frog', 'horse', 'ship', 'truck']: [0, 0, 16, 1, 0, 17, 1, 1, 0, 0]

sync: preserving outputs in /home/mmoslem3/scratch/PoisonBase
sync: complete
