stage: optional directory absent: /home/mmoslem3/scratch/attack_if/ours_result/CIFAR10_ConvNetBN_gradmatch_ours_dog-bird_b0.005_eps8_seed42_dmcoef0.75_cosine_ce5_tgt70
job: 5325317 dmcoef_009_convnet_gm_db_b0005_c075 on kn041
work: /tmp/attack_if
config: DISTANCE_MARGIN_COEF=0.75 USE_JACOBIAN_SCORE=0 MODEL=ConvNetBN ATTACK=gradmatch CLASS_PAIR=dog-bird BUDGETS=0.005 SELECT=ours NUM_TARGETS=6 NUM_VICTIMS=6 sh sel_dpp.sh
protocol: attack=6 targets x 6 victims
gpu: NVIDIA L40S
=== ours (plain greedy top-N_p by score) | ConvNetBN / gradmatch / dog-bird ===
    targets: pinned from target_sets/ConvNetBN_gradmatch_dog-bird.json (same 10 the random-base run attacked)
    difficulty label tgt70   craft flags: none
    Jacobian score disabled
    coefficient score: 0.75*z(distance) + (1-0.75)*z(margin); lambda ignored
    budgets: 0.005

--- ours | ConvNetBN / gradmatch / dog-bird | budget 0.005 ---
[2026-09-09 20:11:23] === run start: CIFAR10_ConvNetBN_gradmatch_ours_dog-bird_b0.005_eps8_seed42_dmcoef0.75_cosine_ce5_tgt70 on cuda [0] ===
[2026-09-09 20:11:23] args: {"FORCE": false, "attack": "gradmatch", "base": "ours", "base_dist": "cosine", "base_topr": null, "budget": 0.005, "cache_dir": "/tmp/attack_if/cache", "class_pair": "dog-bird", "clean_baseline": true, "craft_alpha": 0.0039216, "craft_aug": true, "craft_batch": 256, "craft_ensemble": 5, "craft_lowmem": false, "craft_schedule": false, "craft_steps": 750, "data_path": "/tmp/data", "dataset": "CIFAR10", "distance_margin_coef": 0.75, "dsa_strategy": "color_crop_cutout_flip_scale_rotate", "epsilon": 0.0313725, "fast_gradmatch": false, "fc_mode": "sample", "fc_restarts": 1, "gpus": "all", "jacobian_batch_size": 64, "jacobian_weight": 1.0, "lambda_margin": 10.0, "model": "ConvNetBN", "no_resume": false, "num_poisons": 500, "num_surrogates": 20, "num_targets": 6, "num_victims": 6, "out_dir": "/tmp/attack_if/ours_result", "pair_order": "poison-target", "parallel_pretrain": true, "parallel_targets": true, "precompute_id": null, "precompute_only": false, "precompute_part": "both", "rank_on_victims": true, "recompute_deltas": false, "require_correct_target": false, "restarts": 8, "seed": 42, "sel_K": null, "sel_alpha": 1.0, "sel_criterion": null, "sel_dpp": false, "sel_filter": false, "sel_mmr": false, "sel_mode": null, "sel_model": null, "sel_mu": 1.0, "sel_pca": false, "sel_pool": 3.0, "sharp_mode": "worst", "sharp_samples": 20, "sharp_sigma": 0.05, "steal_timeout": 7200.0, "surrogate_aug": false, "surrogate_bs": 128, "surrogate_decay": [35, 45], "surrogate_epochs": 60, "surrogate_lr": 0.1, "surrogate_wd": 0.0, "target_idx_file": "target_sets/ConvNetBN_gradmatch_dog-bird.json", "target_select": 70, "use_jacobian_score": false, "victim_aug": false, "victim_bs": 125, "victim_decay": [40], "victim_epochs": 50, "victim_lr": 0.1, "victim_wd": 0.0}
[2026-09-09 20:11:23] Jacobian score: disabled
[2026-09-09 20:11:23] Base score: 0.75*z(distance) + 0.25*z(margin); lambda_margin ignored
[2026-09-09 20:11:23] N_total=50000 budget=0.005 -> N_p=250 poisons, y_adv=5(dog) target_class=2(bird)
[2026-09-09 20:11:23] === surrogates (20 x ConvNetBN, trained on the full real set) ===
[2026-09-09 20:11:23]   crafting on 5/20 surrogates
[2026-09-09 20:11:23] === clean victims (6 x ConvNetBN) ===
[2026-09-09 20:11:24]   clean baseline CTA = 0.8110 +/- 0.0065
[2026-09-09 20:11:24]   target pool 1000 -> eligible 963 (37 already predicted as y_adv or dropped)
[2026-09-09 20:11:24]   chosen 6 targets (file), p_adv range 0.0000..0.0295
[2026-09-09 20:11:24]   targets: [843, 1257, 8252, 8730, 8055, 5859]
[2026-09-09 20:11:24] === target 843 (1/6) ===
[2026-09-09 20:23:36]   target 843: crafted 250 poisons in 730 s, obj=0.25778
[2026-09-09 20:23:36]   target 843: realized linf = 0.03137 (8.00/255), budget = 8.00/255
[2026-09-09 20:24:27]   [t843 v1/6] fail (pred=bird) CTA=0.8094
[2026-09-09 20:25:17]   [t843 v2/6] fail (pred=bird) CTA=0.8039
[2026-09-09 20:26:06]   [t843 v3/6] fail (pred=bird) CTA=0.8013
[2026-09-09 20:26:56]   [t843 v4/6] SUCCESS (pred=dog) CTA=0.8148
[2026-09-09 20:27:46]   [t843 v5/6] fail (pred=bird) CTA=0.8003
[2026-09-09 20:28:36]   [t843 v6/6] fail (pred=bird) CTA=0.7909
[2026-09-09 20:28:36]   target 843, 6 victims on this gpu: ASR=16.7% CTA=0.8034 +/- 0.0075
[2026-09-09 20:28:36] === target 1257 (2/6) ===
[2026-09-09 20:40:46]   target 1257: crafted 250 poisons in 728 s, obj=0.20683
[2026-09-09 20:40:46]   target 1257: realized linf = 0.03137 (8.00/255), budget = 8.00/255
[2026-09-09 20:41:37]   [t1257 v1/6] SUCCESS (pred=dog) CTA=0.8016
[2026-09-09 20:42:27]   [t1257 v2/6] fail (pred=bird) CTA=0.8138
[2026-09-09 20:43:17]   [t1257 v3/6] SUCCESS (pred=dog) CTA=0.8135
[2026-09-09 20:44:07]   [t1257 v4/6] SUCCESS (pred=dog) CTA=0.8034
[2026-09-09 20:44:57]   [t1257 v5/6] SUCCESS (pred=dog) CTA=0.8002
[2026-09-09 20:45:46]   [t1257 v6/6] SUCCESS (pred=dog) CTA=0.7997
[2026-09-09 20:45:46]   target 1257, 6 victims on this gpu: ASR=83.3% CTA=0.8054 +/- 0.0060
[2026-09-09 20:45:46] === target 8252 (3/6) ===
[2026-09-09 20:57:56]   target 8252: crafted 250 poisons in 728 s, obj=0.22342
[2026-09-09 20:57:56]   target 8252: realized linf = 0.03137 (8.00/255), budget = 8.00/255
[2026-09-09 20:58:47]   [t8252 v1/6] SUCCESS (pred=dog) CTA=0.8087
[2026-09-09 20:59:37]   [t8252 v2/6] SUCCESS (pred=dog) CTA=0.8150
[2026-09-09 21:00:27]   [t8252 v3/6] SUCCESS (pred=dog) CTA=0.8018
[2026-09-09 21:01:17]   [t8252 v4/6] SUCCESS (pred=dog) CTA=0.8002
[2026-09-09 21:02:07]   [t8252 v5/6] SUCCESS (pred=dog) CTA=0.7908
[2026-09-09 21:02:56]   [t8252 v6/6] fail (pred=horse) CTA=0.8076
[2026-09-09 21:02:56]   target 8252, 6 victims on this gpu: ASR=83.3% CTA=0.8040 +/- 0.0076
[2026-09-09 21:02:56] === target 8730 (4/6) ===
[2026-09-09 21:15:06]   target 8730: crafted 250 poisons in 728 s, obj=0.22232
[2026-09-09 21:15:06]   target 8730: realized linf = 0.03137 (8.00/255), budget = 8.00/255
[2026-09-09 21:15:57]   [t8730 v1/6] fail (pred=bird) CTA=0.8070
[2026-09-09 21:16:47]   [t8730 v2/6] fail (pred=bird) CTA=0.8055
[2026-09-09 21:17:36]   [t8730 v3/6] SUCCESS (pred=dog) CTA=0.8173
[2026-09-09 21:18:26]   [t8730 v4/6] SUCCESS (pred=dog) CTA=0.8066
[2026-09-09 21:19:16]   [t8730 v5/6] fail (pred=bird) CTA=0.7920
[2026-09-09 21:20:06]   [t8730 v6/6] fail (pred=bird) CTA=0.8112
[2026-09-09 21:20:06]   target 8730, 6 victims on this gpu: ASR=33.3% CTA=0.8066 +/- 0.0076
[2026-09-09 21:20:06] === target 8055 (5/6) ===
[2026-09-09 21:32:16]   target 8055: crafted 250 poisons in 728 s, obj=0.23860
[2026-09-09 21:32:16]   target 8055: realized linf = 0.03137 (8.00/255), budget = 8.00/255
[2026-09-09 21:33:07]   [t8055 v1/6] SUCCESS (pred=dog) CTA=0.8120
[2026-09-09 21:33:56]   [t8055 v2/6] SUCCESS (pred=dog) CTA=0.8078
[2026-09-09 21:34:46]   [t8055 v3/6] SUCCESS (pred=dog) CTA=0.8107
[2026-09-09 21:35:36]   [t8055 v4/6] fail (pred=bird) CTA=0.7989
[2026-09-09 21:36:25]   [t8055 v5/6] fail (pred=bird) CTA=0.8121
[2026-09-09 21:37:15]   [t8055 v6/6] fail (pred=frog) CTA=0.8004
[2026-09-09 21:37:15]   target 8055, 6 victims on this gpu: ASR=50.0% CTA=0.8070 +/- 0.0054
[2026-09-09 21:37:15] === target 5859 (6/6) ===
[2026-09-09 21:49:26]   target 5859: crafted 250 poisons in 729 s, obj=0.24420
[2026-09-09 21:49:26]   target 5859: realized linf = 0.03137 (8.00/255), budget = 8.00/255
[2026-09-09 21:50:17]   [t5859 v1/6] SUCCESS (pred=dog) CTA=0.7961
[2026-09-09 21:51:07]   [t5859 v2/6] SUCCESS (pred=dog) CTA=0.8076
[2026-09-09 21:51:57]   [t5859 v3/6] fail (pred=bird) CTA=0.8023
[2026-09-09 21:52:46]   [t5859 v4/6] fail (pred=cat) CTA=0.8067
[2026-09-09 21:53:36]   [t5859 v5/6] SUCCESS (pred=dog) CTA=0.8079
[2026-09-09 21:54:26]   [t5859 v6/6] fail (pred=bird) CTA=0.7981
[2026-09-09 21:54:26]   target 5859, 6 victims on this gpu: ASR=50.0% CTA=0.8031 +/- 0.0047
[2026-09-09 21:54:26] ==== CIFAR10_ConvNetBN_gradmatch_ours_dog-bird_b0.005_eps8_seed42_dmcoef0.75_cosine_ce5_tgt70 : ASR = 52.8% +/- 24.4% | CTA = 0.8049 (baseline 0.8110) ====
[2026-09-09 21:54:26]   target-prediction tally ['airplane', 'automobile', 'bird', 'cat', 'deer', 'dog', 'frog', 'horse', 'ship', 'truck']: [0, 0, 14, 1, 0, 19, 1, 1, 0, 0]

sync: preserving outputs in /home/mmoslem3/scratch/attack_if
sync: complete
