stage: optional directory absent: /home/mmoslem3/scratch/PoisonBase/ours_result/CIFAR10_ConvNetBN_gradmatch_ours_dog-bird_b0.002_eps8_seed42_dmcoef0.25_cosine_ce5_tgt70
job: 856681 dmcoefpb_012_convnet_gm_db_b0002_c025 on rack09-12
work: /tmp/attack_if
config: DISTANCE_MARGIN_COEF=0.25 USE_JACOBIAN_SCORE=0 MODEL=ConvNetBN ATTACK=gradmatch CLASS_PAIR=dog-bird BUDGETS=0.002 SELECT=ours NUM_TARGETS=6 NUM_VICTIMS=6 sh sel_dpp.sh
protocol: attack=6 targets x 6 victims
gpu: NVIDIA L40S
=== ours (plain greedy top-N_p by score) | ConvNetBN / gradmatch / dog-bird ===
    targets: pinned from target_sets/ConvNetBN_gradmatch_dog-bird.json (same 10 the random-base run attacked)
    difficulty label tgt70   craft flags: none
    Jacobian score disabled
    coefficient score: 0.25*z(distance) + (1-0.25)*z(margin); lambda ignored
    budgets: 0.002

--- ours | ConvNetBN / gradmatch / dog-bird | budget 0.002 ---
[2026-09-09 16:06:37] === run start: CIFAR10_ConvNetBN_gradmatch_ours_dog-bird_b0.002_eps8_seed42_dmcoef0.25_cosine_ce5_tgt70 on cuda [0] ===
[2026-09-09 16:06:37] args: {"FORCE": false, "attack": "gradmatch", "base": "ours", "base_dist": "cosine", "base_topr": null, "budget": 0.002, "cache_dir": "/tmp/attack_if/cache", "class_pair": "dog-bird", "clean_baseline": true, "craft_alpha": 0.0039216, "craft_aug": true, "craft_batch": 256, "craft_ensemble": 5, "craft_lowmem": false, "craft_schedule": false, "craft_steps": 750, "data_path": "/tmp/data", "dataset": "CIFAR10", "distance_margin_coef": 0.25, "dsa_strategy": "color_crop_cutout_flip_scale_rotate", "epsilon": 0.0313725, "fast_gradmatch": false, "fc_mode": "sample", "fc_restarts": 1, "gpus": "all", "jacobian_batch_size": 64, "jacobian_weight": 1.0, "lambda_margin": 10.0, "model": "ConvNetBN", "no_resume": false, "num_poisons": 500, "num_surrogates": 20, "num_targets": 6, "num_victims": 6, "out_dir": "/tmp/attack_if/ours_result", "pair_order": "poison-target", "parallel_pretrain": true, "parallel_targets": true, "precompute_id": null, "precompute_only": false, "precompute_part": "both", "rank_on_victims": true, "recompute_deltas": false, "require_correct_target": false, "restarts": 8, "seed": 42, "sel_K": null, "sel_alpha": 1.0, "sel_criterion": null, "sel_dpp": false, "sel_filter": false, "sel_mmr": false, "sel_mode": null, "sel_model": null, "sel_mu": 1.0, "sel_pca": false, "sel_pool": 3.0, "sharp_mode": "worst", "sharp_samples": 20, "sharp_sigma": 0.05, "steal_timeout": 7200.0, "surrogate_aug": false, "surrogate_bs": 128, "surrogate_decay": [35, 45], "surrogate_epochs": 60, "surrogate_lr": 0.1, "surrogate_wd": 0.0, "target_idx_file": "target_sets/ConvNetBN_gradmatch_dog-bird.json", "target_select": 70, "use_jacobian_score": false, "victim_aug": false, "victim_bs": 125, "victim_decay": [40], "victim_epochs": 50, "victim_lr": 0.1, "victim_wd": 0.0}
[2026-09-09 16:06:37] Jacobian score: disabled
[2026-09-09 16:06:37] Base score: 0.25*z(distance) + 0.75*z(margin); lambda_margin ignored
[2026-09-09 16:06:37] N_total=50000 budget=0.002 -> N_p=100 poisons, y_adv=5(dog) target_class=2(bird)
[2026-09-09 16:06:37] === surrogates (20 x ConvNetBN, trained on the full real set) ===
[2026-09-09 16:06:37]   crafting on 5/20 surrogates
[2026-09-09 16:06:37] === clean victims (6 x ConvNetBN) ===
[2026-09-09 16:07:29]   trained clean victim 5 (ConvNetBN): test acc = 0.8162 (52 s)
[2026-09-09 16:07:30]   clean baseline CTA = 0.8127 +/- 0.0074
[2026-09-09 16:07:30]   target pool 1000 -> eligible 963 (37 already predicted as y_adv or dropped)
[2026-09-09 16:07:30]   chosen 6 targets (file), p_adv range 0.0000..0.0000
[2026-09-09 16:07:30]   targets: [843, 1257, 8252, 8730, 8055, 5859]
[2026-09-09 16:07:30] === target 843 (1/6) ===
[2026-09-09 16:11:25]   target 843: crafted 100 poisons in 233 s, obj=0.28185
[2026-09-09 16:11:25]   target 843: realized linf = 0.03137 (8.00/255), budget = 8.00/255
[2026-09-09 16:12:17]   [t843 v1/6] fail (pred=bird) CTA=0.8077
[2026-09-09 16:13:08]   [t843 v2/6] fail (pred=bird) CTA=0.8115
[2026-09-09 16:14:00]   [t843 v3/6] SUCCESS (pred=dog) CTA=0.8051
[2026-09-09 16:14:51]   [t843 v4/6] fail (pred=bird) CTA=0.8132
[2026-09-09 16:15:43]   [t843 v5/6] fail (pred=bird) CTA=0.8000
[2026-09-09 16:16:34]   [t843 v6/6] fail (pred=bird) CTA=0.7826
[2026-09-09 16:16:34]   target 843, 6 victims on this gpu: ASR=16.7% CTA=0.8034 +/- 0.0102
[2026-09-09 16:16:34] === target 1257 (2/6) ===
[2026-09-09 16:20:29]   target 1257: crafted 100 poisons in 233 s, obj=0.23319
[2026-09-09 16:20:29]   target 1257: realized linf = 0.03137 (8.00/255), budget = 8.00/255
[2026-09-09 16:21:21]   [t1257 v1/6] fail (pred=bird) CTA=0.7976
[2026-09-09 16:22:13]   [t1257 v2/6] SUCCESS (pred=dog) CTA=0.8057
[2026-09-09 16:23:04]   [t1257 v3/6] SUCCESS (pred=dog) CTA=0.8093
[2026-09-09 16:23:56]   [t1257 v4/6] SUCCESS (pred=dog) CTA=0.8006
[2026-09-09 16:24:47]   [t1257 v5/6] SUCCESS (pred=dog) CTA=0.8038
[2026-09-09 16:25:39]   [t1257 v6/6] SUCCESS (pred=dog) CTA=0.8006
[2026-09-09 16:25:39]   target 1257, 6 victims on this gpu: ASR=83.3% CTA=0.8029 +/- 0.0038
[2026-09-09 16:25:39] === target 8252 (3/6) ===
[2026-09-09 16:29:34]   target 8252: crafted 100 poisons in 233 s, obj=0.22687
[2026-09-09 16:29:34]   target 8252: realized linf = 0.03137 (8.00/255), budget = 8.00/255
[2026-09-09 16:30:25]   [t8252 v1/6] SUCCESS (pred=dog) CTA=0.7983
[2026-09-09 16:31:17]   [t8252 v2/6] SUCCESS (pred=dog) CTA=0.8180
[2026-09-09 16:32:09]   [t8252 v3/6] SUCCESS (pred=dog) CTA=0.7994
[2026-09-09 16:33:00]   [t8252 v4/6] fail (pred=cat) CTA=0.7955
[2026-09-09 16:33:52]   [t8252 v5/6] fail (pred=bird) CTA=0.7903
[2026-09-09 16:34:43]   [t8252 v6/6] fail (pred=cat) CTA=0.8139
[2026-09-09 16:34:43]   target 8252, 6 victims on this gpu: ASR=50.0% CTA=0.8026 +/- 0.0100
[2026-09-09 16:34:43] === target 8730 (4/6) ===
[2026-09-09 16:38:38]   target 8730: crafted 100 poisons in 233 s, obj=0.22760
[2026-09-09 16:38:38]   target 8730: realized linf = 0.03137 (8.00/255), budget = 8.00/255
[2026-09-09 16:39:30]   [t8730 v1/6] fail (pred=bird) CTA=0.8005
[2026-09-09 16:40:22]   [t8730 v2/6] fail (pred=bird) CTA=0.8106
[2026-09-09 16:41:13]   [t8730 v3/6] fail (pred=bird) CTA=0.8175
[2026-09-09 16:42:05]   [t8730 v4/6] fail (pred=airplane) CTA=0.8006
[2026-09-09 16:42:56]   [t8730 v5/6] SUCCESS (pred=dog) CTA=0.8025
[2026-09-09 16:43:48]   [t8730 v6/6] fail (pred=bird) CTA=0.8136
[2026-09-09 16:43:48]   target 8730, 6 victims on this gpu: ASR=16.7% CTA=0.8075 +/- 0.0067
[2026-09-09 16:43:48] === target 8055 (5/6) ===
[2026-09-09 16:47:43]   target 8055: crafted 100 poisons in 233 s, obj=0.26181
[2026-09-09 16:47:43]   target 8055: realized linf = 0.03137 (8.00/255), budget = 8.00/255
[2026-09-09 16:48:35]   [t8055 v1/6] SUCCESS (pred=dog) CTA=0.8045
[2026-09-09 16:49:26]   [t8055 v2/6] fail (pred=bird) CTA=0.8093
[2026-09-09 16:50:18]   [t8055 v3/6] fail (pred=bird) CTA=0.8096
[2026-09-09 16:51:10]   [t8055 v4/6] fail (pred=bird) CTA=0.7972
[2026-09-09 16:52:01]   [t8055 v5/6] fail (pred=bird) CTA=0.8151
[2026-09-09 16:52:53]   [t8055 v6/6] fail (pred=bird) CTA=0.8043
[2026-09-09 16:52:53]   target 8055, 6 victims on this gpu: ASR=16.7% CTA=0.8067 +/- 0.0056
[2026-09-09 16:52:53] === target 5859 (6/6) ===
[2026-09-09 16:56:48]   target 5859: crafted 100 poisons in 233 s, obj=0.24483
[2026-09-09 16:56:48]   target 5859: realized linf = 0.03137 (8.00/255), budget = 8.00/255
[2026-09-09 16:57:39]   [t5859 v1/6] fail (pred=bird) CTA=0.8008
[2026-09-09 16:58:31]   [t5859 v2/6] SUCCESS (pred=dog) CTA=0.8064
[2026-09-09 16:59:23]   [t5859 v3/6] SUCCESS (pred=dog) CTA=0.8025
[2026-09-09 17:00:14]   [t5859 v4/6] SUCCESS (pred=dog) CTA=0.7998
[2026-09-09 17:01:06]   [t5859 v5/6] fail (pred=cat) CTA=0.8053
[2026-09-09 17:01:57]   [t5859 v6/6] SUCCESS (pred=dog) CTA=0.7988
[2026-09-09 17:01:57]   target 5859, 6 victims on this gpu: ASR=66.7% CTA=0.8023 +/- 0.0028
[2026-09-09 17:01:57] ==== CIFAR10_ConvNetBN_gradmatch_ours_dog-bird_b0.002_eps8_seed42_dmcoef0.25_cosine_ce5_tgt70 : ASR = 41.7% +/- 26.8% | CTA = 0.8042 (baseline 0.8127) ====
[2026-09-09 17:01:57]   target-prediction tally ['airplane', 'automobile', 'bird', 'cat', 'deer', 'dog', 'frog', 'horse', 'ship', 'truck']: [1, 0, 17, 3, 0, 15, 0, 0, 0, 0]

sync: preserving outputs in /home/mmoslem3/scratch/PoisonBase
sync: complete
