stage: optional directory absent: /home/mmoslem3/scratch/PoisonBase/ours_result/CIFAR10_ConvNetBN_sapa_ours_dog-bird_b0.001_eps8_seed42_dmcoef1_cosine_worst0.05_ce5_tgt70
job: 856689 dmcoefpb_020_convnet_sapa_db_b0001_c100 on rack14-01
work: /tmp/attack_if
config: DISTANCE_MARGIN_COEF=1 USE_JACOBIAN_SCORE=0 MODEL=ConvNetBN ATTACK=sapa CLASS_PAIR=dog-bird BUDGETS=0.001 SELECT=ours NUM_TARGETS=6 NUM_VICTIMS=6 sh sel_dpp.sh
protocol: attack=6 targets x 6 victims
gpu: NVIDIA L40S
=== ours (plain greedy top-N_p by score) | ConvNetBN / sapa / dog-bird | sharp worst sigma=0.05 ===
    targets: pinned from target_sets/ConvNetBN_gradmatch_dog-bird.json (same 10 the random-base run attacked)
    difficulty label tgt70   craft flags: none
    Jacobian score disabled
    coefficient score: 1*z(distance) + (1-1)*z(margin); lambda ignored
    budgets: 0.001

--- ours | ConvNetBN / sapa / dog-bird | sharp worst sigma=0.05 | budget 0.001 ---
[2026-09-09 17:15:32] === run start: CIFAR10_ConvNetBN_sapa_ours_dog-bird_b0.001_eps8_seed42_dmcoef1_cosine_worst0.05_ce5_tgt70 on cuda [0] ===
[2026-09-09 17:15:32] args: {"FORCE": false, "attack": "sapa", "base": "ours", "base_dist": "cosine", "base_topr": null, "budget": 0.001, "cache_dir": "/tmp/attack_if/cache", "class_pair": "dog-bird", "clean_baseline": true, "craft_alpha": 0.0039216, "craft_aug": true, "craft_batch": 256, "craft_ensemble": 5, "craft_lowmem": false, "craft_schedule": false, "craft_steps": 750, "data_path": "/tmp/data", "dataset": "CIFAR10", "distance_margin_coef": 1.0, "dsa_strategy": "color_crop_cutout_flip_scale_rotate", "epsilon": 0.0313725, "fast_gradmatch": false, "fc_mode": "sample", "fc_restarts": 1, "gpus": "all", "jacobian_batch_size": 64, "jacobian_weight": 1.0, "lambda_margin": 10.0, "model": "ConvNetBN", "no_resume": false, "num_poisons": 500, "num_surrogates": 20, "num_targets": 6, "num_victims": 6, "out_dir": "/tmp/attack_if/ours_result", "pair_order": "poison-target", "parallel_pretrain": true, "parallel_targets": true, "precompute_id": null, "precompute_only": false, "precompute_part": "both", "rank_on_victims": true, "recompute_deltas": false, "require_correct_target": false, "restarts": 8, "seed": 42, "sel_K": null, "sel_alpha": 1.0, "sel_criterion": null, "sel_dpp": false, "sel_filter": false, "sel_mmr": false, "sel_mode": null, "sel_model": null, "sel_mu": 1.0, "sel_pca": false, "sel_pool": 3.0, "sharp_mode": "worst", "sharp_samples": 20, "sharp_sigma": 0.05, "steal_timeout": 7200.0, "surrogate_aug": false, "surrogate_bs": 128, "surrogate_decay": [35, 45], "surrogate_epochs": 60, "surrogate_lr": 0.1, "surrogate_wd": 0.0, "target_idx_file": "target_sets/ConvNetBN_gradmatch_dog-bird.json", "target_select": 70, "use_jacobian_score": false, "victim_aug": false, "victim_bs": 125, "victim_decay": [40], "victim_epochs": 50, "victim_lr": 0.1, "victim_wd": 0.0}
[2026-09-09 17:15:32] Jacobian score: disabled
[2026-09-09 17:15:32] Base score: 1*z(distance) + 0*z(margin); lambda_margin ignored
[2026-09-09 17:15:32] N_total=50000 budget=0.001 -> N_p=50 poisons, y_adv=5(dog) target_class=2(bird)
[2026-09-09 17:15:32] === surrogates (20 x ConvNetBN, trained on the full real set) ===
[2026-09-09 17:15:32]   crafting on 5/20 surrogates
[2026-09-09 17:15:32] === clean victims (6 x ConvNetBN) ===
[2026-09-09 17:15:33]   clean baseline CTA = 0.8127 +/- 0.0074
[2026-09-09 17:15:33]   target pool 1000 -> eligible 963 (37 already predicted as y_adv or dropped)
[2026-09-09 17:15:33]   chosen 6 targets (file), p_adv range 0.0000..0.0000
[2026-09-09 17:15:33]   targets: [843, 1257, 8252, 8730, 8055, 5859]
[2026-09-09 17:15:33] === target 843 (1/6) ===
[2026-09-09 17:17:38]   target 843: crafted 50 poisons in 123 s, obj=0.29923
[2026-09-09 17:17:38]   target 843: realized linf = 0.03137 (8.00/255), budget = 8.00/255
[2026-09-09 17:18:28]   [t843 v1/6] fail (pred=bird) CTA=0.8064
[2026-09-09 17:19:17]   [t843 v2/6] fail (pred=bird) CTA=0.8051
[2026-09-09 17:20:07]   [t843 v3/6] SUCCESS (pred=dog) CTA=0.8072
[2026-09-09 17:20:57]   [t843 v4/6] fail (pred=bird) CTA=0.8085
[2026-09-09 17:21:47]   [t843 v5/6] fail (pred=bird) CTA=0.7991
[2026-09-09 17:22:36]   [t843 v6/6] fail (pred=bird) CTA=0.7818
[2026-09-09 17:22:36]   target 843, 6 victims on this gpu: ASR=16.7% CTA=0.8013 +/- 0.0092
[2026-09-09 17:22:36] === target 1257 (2/6) ===
[2026-09-09 17:24:41]   target 1257: crafted 50 poisons in 123 s, obj=0.24491
[2026-09-09 17:24:41]   target 1257: realized linf = 0.03137 (8.00/255), budget = 8.00/255
[2026-09-09 17:25:32]   [t1257 v1/6] fail (pred=bird) CTA=0.7998
[2026-09-09 17:26:22]   [t1257 v2/6] fail (pred=bird) CTA=0.8039
[2026-09-09 17:27:12]   [t1257 v3/6] fail (pred=bird) CTA=0.8106
[2026-09-09 17:28:01]   [t1257 v4/6] fail (pred=bird) CTA=0.8023
[2026-09-09 17:28:51]   [t1257 v5/6] fail (pred=bird) CTA=0.8036
[2026-09-09 17:29:41]   [t1257 v6/6] SUCCESS (pred=dog) CTA=0.7973
[2026-09-09 17:29:41]   target 1257, 6 victims on this gpu: ASR=16.7% CTA=0.8029 +/- 0.0041
[2026-09-09 17:29:41] === target 8252 (3/6) ===
[2026-09-09 17:31:45]   target 8252: crafted 50 poisons in 123 s, obj=0.23014
[2026-09-09 17:31:45]   target 8252: realized linf = 0.03137 (8.00/255), budget = 8.00/255
[2026-09-09 17:32:36]   [t8252 v1/6] fail (pred=bird) CTA=0.7963
[2026-09-09 17:33:26]   [t8252 v2/6] fail (pred=bird) CTA=0.8176
[2026-09-09 17:34:16]   [t8252 v3/6] fail (pred=bird) CTA=0.8033
[2026-09-09 17:35:05]   [t8252 v4/6] fail (pred=cat) CTA=0.7993
[2026-09-09 17:35:55]   [t8252 v5/6] fail (pred=cat) CTA=0.7916
[2026-09-09 17:36:45]   [t8252 v6/6] fail (pred=horse) CTA=0.8086
[2026-09-09 17:36:45]   target 8252, 6 victims on this gpu: ASR=0.0% CTA=0.8028 +/- 0.0085
[2026-09-09 17:36:45] === target 8730 (4/6) ===
[2026-09-09 17:38:49]   target 8730: crafted 50 poisons in 123 s, obj=0.24378
[2026-09-09 17:38:49]   target 8730: realized linf = 0.03137 (8.00/255), budget = 8.00/255
[2026-09-09 17:39:40]   [t8730 v1/6] fail (pred=bird) CTA=0.8050
[2026-09-09 17:40:30]   [t8730 v2/6] fail (pred=bird) CTA=0.8064
[2026-09-09 17:41:20]   [t8730 v3/6] fail (pred=bird) CTA=0.8159
[2026-09-09 17:42:10]   [t8730 v4/6] fail (pred=bird) CTA=0.8054
[2026-09-09 17:42:59]   [t8730 v5/6] fail (pred=bird) CTA=0.7974
[2026-09-09 17:43:49]   [t8730 v6/6] fail (pred=bird) CTA=0.8110
[2026-09-09 17:43:49]   target 8730, 6 victims on this gpu: ASR=0.0% CTA=0.8068 +/- 0.0057
[2026-09-09 17:43:49] === target 8055 (5/6) ===
[2026-09-09 17:45:54]   target 8055: crafted 50 poisons in 123 s, obj=0.26941
[2026-09-09 17:45:54]   target 8055: realized linf = 0.03137 (8.00/255), budget = 8.00/255
[2026-09-09 17:46:45]   [t8055 v1/6] fail (pred=bird) CTA=0.8098
[2026-09-09 17:47:34]   [t8055 v2/6] fail (pred=bird) CTA=0.8017
[2026-09-09 17:48:24]   [t8055 v3/6] fail (pred=bird) CTA=0.8148
[2026-09-09 17:49:14]   [t8055 v4/6] fail (pred=bird) CTA=0.7979
[2026-09-09 17:50:04]   [t8055 v5/6] fail (pred=bird) CTA=0.8179
[2026-09-09 17:50:53]   [t8055 v6/6] fail (pred=bird) CTA=0.8006
[2026-09-09 17:50:53]   target 8055, 6 victims on this gpu: ASR=0.0% CTA=0.8071 +/- 0.0075
[2026-09-09 17:50:53] === target 5859 (6/6) ===
[2026-09-09 17:52:58]   target 5859: crafted 50 poisons in 123 s, obj=0.25311
[2026-09-09 17:52:58]   target 5859: realized linf = 0.03137 (8.00/255), budget = 8.00/255
[2026-09-09 17:53:49]   [t5859 v1/6] fail (pred=bird) CTA=0.7969
[2026-09-09 17:54:39]   [t5859 v2/6] SUCCESS (pred=dog) CTA=0.8003
[2026-09-09 17:55:28]   [t5859 v3/6] fail (pred=bird) CTA=0.8100
[2026-09-09 17:56:18]   [t5859 v4/6] fail (pred=bird) CTA=0.8045
[2026-09-09 17:57:08]   [t5859 v5/6] fail (pred=bird) CTA=0.8060
[2026-09-09 17:57:58]   [t5859 v6/6] fail (pred=bird) CTA=0.7935
[2026-09-09 17:57:58]   target 5859, 6 victims on this gpu: ASR=16.7% CTA=0.8019 +/- 0.0056
[2026-09-09 17:57:58] ==== CIFAR10_ConvNetBN_sapa_ours_dog-bird_b0.001_eps8_seed42_dmcoef1_cosine_worst0.05_ce5_tgt70 : ASR = 8.3% +/- 8.3% | CTA = 0.8038 (baseline 0.8127) ====
[2026-09-09 17:57:58]   target-prediction tally ['airplane', 'automobile', 'bird', 'cat', 'deer', 'dog', 'frog', 'horse', 'ship', 'truck']: [0, 0, 30, 2, 0, 3, 0, 1, 0, 0]

sync: preserving outputs in /home/mmoslem3/scratch/PoisonBase
sync: complete
