stage: optional directory absent: /home/mmoslem3/scratch/PoisonBase/ours_result/CIFAR10_ConvNetBN_gradmatch_ours_dog-bird_b0.001_eps8_seed42_dmcoef0.25_cosine_ce5_tgt70
job: 856671 dmcoefpb_002_convnet_gm_db_b0001_c025 on rack06-03
work: /tmp/attack_if
config: DISTANCE_MARGIN_COEF=0.25 USE_JACOBIAN_SCORE=0 MODEL=ConvNetBN ATTACK=gradmatch CLASS_PAIR=dog-bird BUDGETS=0.001 SELECT=ours NUM_TARGETS=6 NUM_VICTIMS=6 sh sel_dpp.sh
protocol: attack=6 targets x 6 victims
gpu: NVIDIA L40S
=== ours (plain greedy top-N_p by score) | ConvNetBN / gradmatch / dog-bird ===
    targets: pinned from target_sets/ConvNetBN_gradmatch_dog-bird.json (same 10 the random-base run attacked)
    difficulty label tgt70   craft flags: none
    Jacobian score disabled
    coefficient score: 0.25*z(distance) + (1-0.25)*z(margin); lambda ignored
    budgets: 0.001

--- ours | ConvNetBN / gradmatch / dog-bird | budget 0.001 ---
[2026-09-09 15:56:17] === run start: CIFAR10_ConvNetBN_gradmatch_ours_dog-bird_b0.001_eps8_seed42_dmcoef0.25_cosine_ce5_tgt70 on cuda [0] ===
[2026-09-09 15:56:17] args: {"FORCE": false, "attack": "gradmatch", "base": "ours", "base_dist": "cosine", "base_topr": null, "budget": 0.001, "cache_dir": "/tmp/attack_if/cache", "class_pair": "dog-bird", "clean_baseline": true, "craft_alpha": 0.0039216, "craft_aug": true, "craft_batch": 256, "craft_ensemble": 5, "craft_lowmem": false, "craft_schedule": false, "craft_steps": 750, "data_path": "/tmp/data", "dataset": "CIFAR10", "distance_margin_coef": 0.25, "dsa_strategy": "color_crop_cutout_flip_scale_rotate", "epsilon": 0.0313725, "fast_gradmatch": false, "fc_mode": "sample", "fc_restarts": 1, "gpus": "all", "jacobian_batch_size": 64, "jacobian_weight": 1.0, "lambda_margin": 10.0, "model": "ConvNetBN", "no_resume": false, "num_poisons": 500, "num_surrogates": 20, "num_targets": 6, "num_victims": 6, "out_dir": "/tmp/attack_if/ours_result", "pair_order": "poison-target", "parallel_pretrain": true, "parallel_targets": true, "precompute_id": null, "precompute_only": false, "precompute_part": "both", "rank_on_victims": true, "recompute_deltas": false, "require_correct_target": false, "restarts": 8, "seed": 42, "sel_K": null, "sel_alpha": 1.0, "sel_criterion": null, "sel_dpp": false, "sel_filter": false, "sel_mmr": false, "sel_mode": null, "sel_model": null, "sel_mu": 1.0, "sel_pca": false, "sel_pool": 3.0, "sharp_mode": "worst", "sharp_samples": 20, "sharp_sigma": 0.05, "steal_timeout": 7200.0, "surrogate_aug": false, "surrogate_bs": 128, "surrogate_decay": [35, 45], "surrogate_epochs": 60, "surrogate_lr": 0.1, "surrogate_wd": 0.0, "target_idx_file": "target_sets/ConvNetBN_gradmatch_dog-bird.json", "target_select": 70, "use_jacobian_score": false, "victim_aug": false, "victim_bs": 125, "victim_decay": [40], "victim_epochs": 50, "victim_lr": 0.1, "victim_wd": 0.0}
[2026-09-09 15:56:17] Jacobian score: disabled
[2026-09-09 15:56:17] Base score: 0.25*z(distance) + 0.75*z(margin); lambda_margin ignored
[2026-09-09 15:56:17] N_total=50000 budget=0.001 -> N_p=50 poisons, y_adv=5(dog) target_class=2(bird)
[2026-09-09 15:56:17] === surrogates (20 x ConvNetBN, trained on the full real set) ===
[2026-09-09 15:56:17]   crafting on 5/20 surrogates
[2026-09-09 15:56:17] === clean victims (6 x ConvNetBN) ===
[2026-09-09 15:57:09]   trained clean victim 5 (ConvNetBN): test acc = 0.8162 (52 s)
[2026-09-09 15:57:10]   clean baseline CTA = 0.8127 +/- 0.0074
[2026-09-09 15:57:10]   target pool 1000 -> eligible 963 (37 already predicted as y_adv or dropped)
[2026-09-09 15:57:10]   chosen 6 targets (file), p_adv range 0.0000..0.0000
[2026-09-09 15:57:10]   targets: [843, 1257, 8252, 8730, 8055, 5859]
[2026-09-09 15:57:10] === target 843 (1/6) ===
[2026-09-09 15:59:16]   target 843: crafted 50 poisons in 124 s, obj=0.28915
[2026-09-09 15:59:16]   target 843: realized linf = 0.03137 (8.00/255), budget = 8.00/255
[2026-09-09 16:00:07]   [t843 v1/6] fail (pred=bird) CTA=0.8122
[2026-09-09 16:00:59]   [t843 v2/6] fail (pred=bird) CTA=0.8062
[2026-09-09 16:01:50]   [t843 v3/6] SUCCESS (pred=dog) CTA=0.8104
[2026-09-09 16:02:42]   [t843 v4/6] fail (pred=bird) CTA=0.8103
[2026-09-09 16:03:33]   [t843 v5/6] fail (pred=bird) CTA=0.7968
[2026-09-09 16:04:25]   [t843 v6/6] fail (pred=bird) CTA=0.7908
[2026-09-09 16:04:25]   target 843, 6 victims on this gpu: ASR=16.7% CTA=0.8044 +/- 0.0079
[2026-09-09 16:04:25] === target 1257 (2/6) ===
[2026-09-09 16:06:29]   target 1257: crafted 50 poisons in 123 s, obj=0.23923
[2026-09-09 16:06:29]   target 1257: realized linf = 0.03137 (8.00/255), budget = 8.00/255
[2026-09-09 16:07:20]   [t1257 v1/6] fail (pred=bird) CTA=0.8012
[2026-09-09 16:08:12]   [t1257 v2/6] fail (pred=bird) CTA=0.8102
[2026-09-09 16:09:03]   [t1257 v3/6] SUCCESS (pred=dog) CTA=0.8144
[2026-09-09 16:09:55]   [t1257 v4/6] fail (pred=bird) CTA=0.7947
[2026-09-09 16:10:46]   [t1257 v5/6] SUCCESS (pred=dog) CTA=0.7987
[2026-09-09 16:11:38]   [t1257 v6/6] fail (pred=bird) CTA=0.7989
[2026-09-09 16:11:38]   target 1257, 6 victims on this gpu: ASR=33.3% CTA=0.8030 +/- 0.0069
[2026-09-09 16:11:38] === target 8252 (3/6) ===
[2026-09-09 16:13:42]   target 8252: crafted 50 poisons in 123 s, obj=0.23067
[2026-09-09 16:13:42]   target 8252: realized linf = 0.03137 (8.00/255), budget = 8.00/255
[2026-09-09 16:14:33]   [t8252 v1/6] fail (pred=cat) CTA=0.8034
[2026-09-09 16:15:25]   [t8252 v2/6] SUCCESS (pred=dog) CTA=0.8114
[2026-09-09 16:16:16]   [t8252 v3/6] SUCCESS (pred=dog) CTA=0.7966
[2026-09-09 16:17:07]   [t8252 v4/6] SUCCESS (pred=dog) CTA=0.7904
[2026-09-09 16:17:59]   [t8252 v5/6] SUCCESS (pred=dog) CTA=0.7916
[2026-09-09 16:18:50]   [t8252 v6/6] SUCCESS (pred=dog) CTA=0.8080
[2026-09-09 16:18:50]   target 8252, 6 victims on this gpu: ASR=83.3% CTA=0.8002 +/- 0.0080
[2026-09-09 16:18:50] === target 8730 (4/6) ===
[2026-09-09 16:20:55]   target 8730: crafted 50 poisons in 123 s, obj=0.23480
[2026-09-09 16:20:55]   target 8730: realized linf = 0.03137 (8.00/255), budget = 8.00/255
[2026-09-09 16:21:46]   [t8730 v1/6] fail (pred=bird) CTA=0.8098
[2026-09-09 16:22:37]   [t8730 v2/6] fail (pred=bird) CTA=0.8111
[2026-09-09 16:23:29]   [t8730 v3/6] fail (pred=bird) CTA=0.8151
[2026-09-09 16:24:20]   [t8730 v4/6] fail (pred=bird) CTA=0.8033
[2026-09-09 16:25:12]   [t8730 v5/6] fail (pred=bird) CTA=0.7994
[2026-09-09 16:26:03]   [t8730 v6/6] fail (pred=bird) CTA=0.8063
[2026-09-09 16:26:03]   target 8730, 6 victims on this gpu: ASR=0.0% CTA=0.8075 +/- 0.0052
[2026-09-09 16:26:03] === target 8055 (5/6) ===
[2026-09-09 16:28:08]   target 8055: crafted 50 poisons in 123 s, obj=0.26361
[2026-09-09 16:28:08]   target 8055: realized linf = 0.03137 (8.00/255), budget = 8.00/255
[2026-09-09 16:28:59]   [t8055 v1/6] fail (pred=bird) CTA=0.8073
[2026-09-09 16:29:50]   [t8055 v2/6] SUCCESS (pred=dog) CTA=0.8006
[2026-09-09 16:30:42]   [t8055 v3/6] SUCCESS (pred=dog) CTA=0.8139
[2026-09-09 16:31:33]   [t8055 v4/6] fail (pred=bird) CTA=0.7932
[2026-09-09 16:32:25]   [t8055 v5/6] SUCCESS (pred=dog) CTA=0.8108
[2026-09-09 16:33:16]   [t8055 v6/6] fail (pred=bird) CTA=0.8048
[2026-09-09 16:33:16]   target 8055, 6 victims on this gpu: ASR=50.0% CTA=0.8051 +/- 0.0068
[2026-09-09 16:33:16] === target 5859 (6/6) ===
[2026-09-09 16:35:21]   target 5859: crafted 50 poisons in 123 s, obj=0.25122
[2026-09-09 16:35:21]   target 5859: realized linf = 0.03137 (8.00/255), budget = 8.00/255
[2026-09-09 16:36:12]   [t5859 v1/6] fail (pred=bird) CTA=0.8036
[2026-09-09 16:37:03]   [t5859 v2/6] SUCCESS (pred=dog) CTA=0.8035
[2026-09-09 16:37:55]   [t5859 v3/6] fail (pred=frog) CTA=0.8067
[2026-09-09 16:38:46]   [t5859 v4/6] fail (pred=bird) CTA=0.8008
[2026-09-09 16:39:38]   [t5859 v5/6] SUCCESS (pred=dog) CTA=0.8090
[2026-09-09 16:40:29]   [t5859 v6/6] fail (pred=bird) CTA=0.7904
[2026-09-09 16:40:29]   target 5859, 6 victims on this gpu: ASR=33.3% CTA=0.8023 +/- 0.0059
[2026-09-09 16:40:29] ==== CIFAR10_ConvNetBN_gradmatch_ours_dog-bird_b0.001_eps8_seed42_dmcoef0.25_cosine_ce5_tgt70 : ASR = 36.1% +/- 26.2% | CTA = 0.8038 (baseline 0.8127) ====
[2026-09-09 16:40:29]   target-prediction tally ['airplane', 'automobile', 'bird', 'cat', 'deer', 'dog', 'frog', 'horse', 'ship', 'truck']: [0, 0, 21, 1, 0, 13, 1, 0, 0, 0]

sync: preserving outputs in /home/mmoslem3/scratch/PoisonBase
sync: complete
