stage: optional directory absent: /home/mmoslem3/scratch/PoisonBase/ours_result/CIFAR10_ConvNetBN_gradmatch_ours_dog-bird_b0.002_eps8_seed42_dmcoef0_cosine_ce5_tgt70
job: 856680 dmcoefpb_011_convnet_gm_db_b0002_c000 on rack04-11
work: /tmp/attack_if
config: DISTANCE_MARGIN_COEF=0 USE_JACOBIAN_SCORE=0 MODEL=ConvNetBN ATTACK=gradmatch CLASS_PAIR=dog-bird BUDGETS=0.002 SELECT=ours NUM_TARGETS=6 NUM_VICTIMS=6 sh sel_dpp.sh
protocol: attack=6 targets x 6 victims
gpu: NVIDIA L40S
=== ours (plain greedy top-N_p by score) | ConvNetBN / gradmatch / dog-bird ===
    targets: pinned from target_sets/ConvNetBN_gradmatch_dog-bird.json (same 10 the random-base run attacked)
    difficulty label tgt70   craft flags: none
    Jacobian score disabled
    coefficient score: 0*z(distance) + (1-0)*z(margin); lambda ignored
    budgets: 0.002

--- ours | ConvNetBN / gradmatch / dog-bird | budget 0.002 ---
[2026-09-09 16:04:30] === run start: CIFAR10_ConvNetBN_gradmatch_ours_dog-bird_b0.002_eps8_seed42_dmcoef0_cosine_ce5_tgt70 on cuda [0] ===
[2026-09-09 16:04:30] args: {"FORCE": false, "attack": "gradmatch", "base": "ours", "base_dist": "cosine", "base_topr": null, "budget": 0.002, "cache_dir": "/tmp/attack_if/cache", "class_pair": "dog-bird", "clean_baseline": true, "craft_alpha": 0.0039216, "craft_aug": true, "craft_batch": 256, "craft_ensemble": 5, "craft_lowmem": false, "craft_schedule": false, "craft_steps": 750, "data_path": "/tmp/data", "dataset": "CIFAR10", "distance_margin_coef": 0.0, "dsa_strategy": "color_crop_cutout_flip_scale_rotate", "epsilon": 0.0313725, "fast_gradmatch": false, "fc_mode": "sample", "fc_restarts": 1, "gpus": "all", "jacobian_batch_size": 64, "jacobian_weight": 1.0, "lambda_margin": 10.0, "model": "ConvNetBN", "no_resume": false, "num_poisons": 500, "num_surrogates": 20, "num_targets": 6, "num_victims": 6, "out_dir": "/tmp/attack_if/ours_result", "pair_order": "poison-target", "parallel_pretrain": true, "parallel_targets": true, "precompute_id": null, "precompute_only": false, "precompute_part": "both", "rank_on_victims": true, "recompute_deltas": false, "require_correct_target": false, "restarts": 8, "seed": 42, "sel_K": null, "sel_alpha": 1.0, "sel_criterion": null, "sel_dpp": false, "sel_filter": false, "sel_mmr": false, "sel_mode": null, "sel_model": null, "sel_mu": 1.0, "sel_pca": false, "sel_pool": 3.0, "sharp_mode": "worst", "sharp_samples": 20, "sharp_sigma": 0.05, "steal_timeout": 7200.0, "surrogate_aug": false, "surrogate_bs": 128, "surrogate_decay": [35, 45], "surrogate_epochs": 60, "surrogate_lr": 0.1, "surrogate_wd": 0.0, "target_idx_file": "target_sets/ConvNetBN_gradmatch_dog-bird.json", "target_select": 70, "use_jacobian_score": false, "victim_aug": false, "victim_bs": 125, "victim_decay": [40], "victim_epochs": 50, "victim_lr": 0.1, "victim_wd": 0.0}
[2026-09-09 16:04:30] Jacobian score: disabled
[2026-09-09 16:04:30] Base score: 0*z(distance) + 1*z(margin); lambda_margin ignored
[2026-09-09 16:04:30] N_total=50000 budget=0.002 -> N_p=100 poisons, y_adv=5(dog) target_class=2(bird)
[2026-09-09 16:04:30] === surrogates (20 x ConvNetBN, trained on the full real set) ===
[2026-09-09 16:04:30]   crafting on 5/20 surrogates
[2026-09-09 16:04:30] === clean victims (6 x ConvNetBN) ===
[2026-09-09 16:05:23]   trained clean victim 5 (ConvNetBN): test acc = 0.8162 (52 s)
[2026-09-09 16:05:23]   clean baseline CTA = 0.8127 +/- 0.0074
[2026-09-09 16:05:23]   target pool 1000 -> eligible 963 (37 already predicted as y_adv or dropped)
[2026-09-09 16:05:23]   chosen 6 targets (file), p_adv range 0.0000..0.0000
[2026-09-09 16:05:23]   targets: [843, 1257, 8252, 8730, 8055, 5859]
[2026-09-09 16:05:24] === target 843 (1/6) ===
[2026-09-09 16:09:21]   target 843: crafted 100 poisons in 236 s, obj=0.29690
[2026-09-09 16:09:21]   target 843: realized linf = 0.03137 (8.00/255), budget = 8.00/255
[2026-09-09 16:10:12]   [t843 v1/6] fail (pred=bird) CTA=0.8081
[2026-09-09 16:11:04]   [t843 v2/6] fail (pred=bird) CTA=0.8032
[2026-09-09 16:11:56]   [t843 v3/6] SUCCESS (pred=dog) CTA=0.8121
[2026-09-09 16:12:47]   [t843 v4/6] fail (pred=bird) CTA=0.8182
[2026-09-09 16:13:39]   [t843 v5/6] SUCCESS (pred=dog) CTA=0.7900
[2026-09-09 16:14:30]   [t843 v6/6] fail (pred=bird) CTA=0.7902
[2026-09-09 16:14:30]   target 843, 6 victims on this gpu: ASR=33.3% CTA=0.8036 +/- 0.0106
[2026-09-09 16:14:30] === target 1257 (2/6) ===
[2026-09-09 16:18:28]   target 1257: crafted 100 poisons in 236 s, obj=0.28437
[2026-09-09 16:18:28]   target 1257: realized linf = 0.03137 (8.00/255), budget = 8.00/255
[2026-09-09 16:19:19]   [t1257 v1/6] fail (pred=bird) CTA=0.8016
[2026-09-09 16:20:11]   [t1257 v2/6] fail (pred=bird) CTA=0.8084
[2026-09-09 16:21:02]   [t1257 v3/6] SUCCESS (pred=dog) CTA=0.8079
[2026-09-09 16:21:54]   [t1257 v4/6] fail (pred=bird) CTA=0.7981
[2026-09-09 16:22:45]   [t1257 v5/6] fail (pred=bird) CTA=0.7976
[2026-09-09 16:23:37]   [t1257 v6/6] fail (pred=bird) CTA=0.7938
[2026-09-09 16:23:37]   target 1257, 6 victims on this gpu: ASR=16.7% CTA=0.8012 +/- 0.0054
[2026-09-09 16:23:37] === target 8252 (3/6) ===
[2026-09-09 16:27:35]   target 8252: crafted 100 poisons in 236 s, obj=0.23220
[2026-09-09 16:27:35]   target 8252: realized linf = 0.03137 (8.00/255), budget = 8.00/255
[2026-09-09 16:28:26]   [t8252 v1/6] SUCCESS (pred=dog) CTA=0.7994
[2026-09-09 16:29:18]   [t8252 v2/6] SUCCESS (pred=dog) CTA=0.8193
[2026-09-09 16:30:09]   [t8252 v3/6] SUCCESS (pred=dog) CTA=0.8060
[2026-09-09 16:31:01]   [t8252 v4/6] SUCCESS (pred=dog) CTA=0.7931
[2026-09-09 16:31:52]   [t8252 v5/6] SUCCESS (pred=dog) CTA=0.7970
[2026-09-09 16:32:44]   [t8252 v6/6] SUCCESS (pred=dog) CTA=0.8041
[2026-09-09 16:32:44]   target 8252, 6 victims on this gpu: ASR=100.0% CTA=0.8032 +/- 0.0084
[2026-09-09 16:32:44] === target 8730 (4/6) ===
[2026-09-09 16:36:39]   target 8730: crafted 100 poisons in 233 s, obj=0.26209
[2026-09-09 16:36:39]   target 8730: realized linf = 0.03137 (8.00/255), budget = 8.00/255
[2026-09-09 16:37:30]   [t8730 v1/6] fail (pred=bird) CTA=0.8043
[2026-09-09 16:38:22]   [t8730 v2/6] fail (pred=bird) CTA=0.8075
[2026-09-09 16:39:13]   [t8730 v3/6] fail (pred=bird) CTA=0.8152
[2026-09-09 16:40:05]   [t8730 v4/6] SUCCESS (pred=dog) CTA=0.7908
[2026-09-09 16:40:56]   [t8730 v5/6] fail (pred=bird) CTA=0.7979
[2026-09-09 16:41:48]   [t8730 v6/6] fail (pred=bird) CTA=0.8115
[2026-09-09 16:41:48]   target 8730, 6 victims on this gpu: ASR=16.7% CTA=0.8045 +/- 0.0082
[2026-09-09 16:41:48] === target 8055 (5/6) ===
[2026-09-09 16:45:42]   target 8055: crafted 100 poisons in 233 s, obj=0.31318
[2026-09-09 16:45:42]   target 8055: realized linf = 0.03137 (8.00/255), budget = 8.00/255
[2026-09-09 16:46:34]   [t8055 v1/6] fail (pred=bird) CTA=0.8098
[2026-09-09 16:47:25]   [t8055 v2/6] fail (pred=bird) CTA=0.8055
[2026-09-09 16:48:17]   [t8055 v3/6] fail (pred=bird) CTA=0.8204
[2026-09-09 16:49:08]   [t8055 v4/6] fail (pred=bird) CTA=0.7928
[2026-09-09 16:50:00]   [t8055 v5/6] fail (pred=bird) CTA=0.8142
[2026-09-09 16:50:52]   [t8055 v6/6] fail (pred=bird) CTA=0.8037
[2026-09-09 16:50:52]   target 8055, 6 victims on this gpu: ASR=0.0% CTA=0.8077 +/- 0.0087
[2026-09-09 16:50:52] === target 5859 (6/6) ===
[2026-09-09 16:54:46]   target 5859: crafted 100 poisons in 233 s, obj=0.25970
[2026-09-09 16:54:46]   target 5859: realized linf = 0.03137 (8.00/255), budget = 8.00/255
[2026-09-09 16:55:38]   [t5859 v1/6] SUCCESS (pred=dog) CTA=0.8018
[2026-09-09 16:56:29]   [t5859 v2/6] fail (pred=bird) CTA=0.8042
[2026-09-09 16:57:21]   [t5859 v3/6] fail (pred=bird) CTA=0.8059
[2026-09-09 16:58:12]   [t5859 v4/6] fail (pred=bird) CTA=0.8014
[2026-09-09 16:59:04]   [t5859 v5/6] SUCCESS (pred=dog) CTA=0.8092
[2026-09-09 16:59:55]   [t5859 v6/6] fail (pred=bird) CTA=0.7999
[2026-09-09 16:59:55]   target 5859, 6 victims on this gpu: ASR=33.3% CTA=0.8037 +/- 0.0031
[2026-09-09 16:59:55] ==== CIFAR10_ConvNetBN_gradmatch_ours_dog-bird_b0.002_eps8_seed42_dmcoef0_cosine_ce5_tgt70 : ASR = 33.3% +/- 31.9% | CTA = 0.8040 (baseline 0.8127) ====
[2026-09-09 16:59:55]   target-prediction tally ['airplane', 'automobile', 'bird', 'cat', 'deer', 'dog', 'frog', 'horse', 'ship', 'truck']: [0, 0, 24, 0, 0, 12, 0, 0, 0, 0]

sync: preserving outputs in /home/mmoslem3/scratch/PoisonBase
sync: complete
