stage: optional directory absent: /home/mmoslem3/scratch/PoisonBase/ours_result/CIFAR10_ConvNetBN_sapa_ours_dog-bird_b0.002_eps8_seed42_dmcoef0.75_cosine_worst0.05_ce5_tgt70
job: 856698 dmcoefpb_029_convnet_sapa_db_b0002_c075 on rack08-13
work: /tmp/attack_if
config: DISTANCE_MARGIN_COEF=0.75 USE_JACOBIAN_SCORE=0 MODEL=ConvNetBN ATTACK=sapa CLASS_PAIR=dog-bird BUDGETS=0.002 SELECT=ours NUM_TARGETS=6 NUM_VICTIMS=6 sh sel_dpp.sh
protocol: attack=6 targets x 6 victims
gpu: NVIDIA L40S
=== ours (plain greedy top-N_p by score) | ConvNetBN / sapa / dog-bird | sharp worst sigma=0.05 ===
    targets: pinned from target_sets/ConvNetBN_gradmatch_dog-bird.json (same 10 the random-base run attacked)
    difficulty label tgt70   craft flags: none
    Jacobian score disabled
    coefficient score: 0.75*z(distance) + (1-0.75)*z(margin); lambda ignored
    budgets: 0.002

--- ours | ConvNetBN / sapa / dog-bird | sharp worst sigma=0.05 | budget 0.002 ---
[2026-09-09 17:35:49] === run start: CIFAR10_ConvNetBN_sapa_ours_dog-bird_b0.002_eps8_seed42_dmcoef0.75_cosine_worst0.05_ce5_tgt70 on cuda [0] ===
[2026-09-09 17:35:49] args: {"FORCE": false, "attack": "sapa", "base": "ours", "base_dist": "cosine", "base_topr": null, "budget": 0.002, "cache_dir": "/tmp/attack_if/cache", "class_pair": "dog-bird", "clean_baseline": true, "craft_alpha": 0.0039216, "craft_aug": true, "craft_batch": 256, "craft_ensemble": 5, "craft_lowmem": false, "craft_schedule": false, "craft_steps": 750, "data_path": "/tmp/data", "dataset": "CIFAR10", "distance_margin_coef": 0.75, "dsa_strategy": "color_crop_cutout_flip_scale_rotate", "epsilon": 0.0313725, "fast_gradmatch": false, "fc_mode": "sample", "fc_restarts": 1, "gpus": "all", "jacobian_batch_size": 64, "jacobian_weight": 1.0, "lambda_margin": 10.0, "model": "ConvNetBN", "no_resume": false, "num_poisons": 500, "num_surrogates": 20, "num_targets": 6, "num_victims": 6, "out_dir": "/tmp/attack_if/ours_result", "pair_order": "poison-target", "parallel_pretrain": true, "parallel_targets": true, "precompute_id": null, "precompute_only": false, "precompute_part": "both", "rank_on_victims": true, "recompute_deltas": false, "require_correct_target": false, "restarts": 8, "seed": 42, "sel_K": null, "sel_alpha": 1.0, "sel_criterion": null, "sel_dpp": false, "sel_filter": false, "sel_mmr": false, "sel_mode": null, "sel_model": null, "sel_mu": 1.0, "sel_pca": false, "sel_pool": 3.0, "sharp_mode": "worst", "sharp_samples": 20, "sharp_sigma": 0.05, "steal_timeout": 7200.0, "surrogate_aug": false, "surrogate_bs": 128, "surrogate_decay": [35, 45], "surrogate_epochs": 60, "surrogate_lr": 0.1, "surrogate_wd": 0.0, "target_idx_file": "target_sets/ConvNetBN_gradmatch_dog-bird.json", "target_select": 70, "use_jacobian_score": false, "victim_aug": false, "victim_bs": 125, "victim_decay": [40], "victim_epochs": 50, "victim_lr": 0.1, "victim_wd": 0.0}
[2026-09-09 17:35:49] Jacobian score: disabled
[2026-09-09 17:35:49] Base score: 0.75*z(distance) + 0.25*z(margin); lambda_margin ignored
[2026-09-09 17:35:49] N_total=50000 budget=0.002 -> N_p=100 poisons, y_adv=5(dog) target_class=2(bird)
[2026-09-09 17:35:49] === surrogates (20 x ConvNetBN, trained on the full real set) ===
[2026-09-09 17:35:49]   crafting on 5/20 surrogates
[2026-09-09 17:35:49] === clean victims (6 x ConvNetBN) ===
[2026-09-09 17:35:50]   clean baseline CTA = 0.8127 +/- 0.0074
[2026-09-09 17:35:50]   target pool 1000 -> eligible 963 (37 already predicted as y_adv or dropped)
[2026-09-09 17:35:50]   chosen 6 targets (file), p_adv range 0.0000..0.0000
[2026-09-09 17:35:50]   targets: [843, 1257, 8252, 8730, 8055, 5859]
[2026-09-09 17:35:50] === target 843 (1/6) ===
[2026-09-09 17:39:46]   target 843: crafted 100 poisons in 234 s, obj=0.28725
[2026-09-09 17:39:46]   target 843: realized linf = 0.03137 (8.00/255), budget = 8.00/255
[2026-09-09 17:40:37]   [t843 v1/6] fail (pred=bird) CTA=0.8111
[2026-09-09 17:41:27]   [t843 v2/6] SUCCESS (pred=dog) CTA=0.8072
[2026-09-09 17:42:17]   [t843 v3/6] SUCCESS (pred=dog) CTA=0.8123
[2026-09-09 17:43:07]   [t843 v4/6] fail (pred=bird) CTA=0.8051
[2026-09-09 17:43:57]   [t843 v5/6] fail (pred=bird) CTA=0.7945
[2026-09-09 17:44:47]   [t843 v6/6] fail (pred=bird) CTA=0.7805
[2026-09-09 17:44:47]   target 843, 6 victims on this gpu: ASR=33.3% CTA=0.8018 +/- 0.0111
[2026-09-09 17:44:47] === target 1257 (2/6) ===
[2026-09-09 17:48:42]   target 1257: crafted 100 poisons in 233 s, obj=0.24322
[2026-09-09 17:48:42]   target 1257: realized linf = 0.03137 (8.00/255), budget = 8.00/255
[2026-09-09 17:49:33]   [t1257 v1/6] fail (pred=bird) CTA=0.7952
[2026-09-09 17:50:23]   [t1257 v2/6] fail (pred=bird) CTA=0.8057
[2026-09-09 17:51:13]   [t1257 v3/6] fail (pred=bird) CTA=0.8161
[2026-09-09 17:52:03]   [t1257 v4/6] SUCCESS (pred=dog) CTA=0.8005
[2026-09-09 17:52:52]   [t1257 v5/6] SUCCESS (pred=dog) CTA=0.8013
[2026-09-09 17:53:42]   [t1257 v6/6] SUCCESS (pred=dog) CTA=0.7985
[2026-09-09 17:53:42]   target 1257, 6 victims on this gpu: ASR=50.0% CTA=0.8029 +/- 0.0067
[2026-09-09 17:53:42] === target 8252 (3/6) ===
[2026-09-09 17:57:37]   target 8252: crafted 100 poisons in 234 s, obj=0.22590
[2026-09-09 17:57:37]   target 8252: realized linf = 0.03137 (8.00/255), budget = 8.00/255
[2026-09-09 17:58:29]   [t8252 v1/6] fail (pred=bird) CTA=0.8023
[2026-09-09 17:59:19]   [t8252 v2/6] fail (pred=cat) CTA=0.8128
[2026-09-09 18:00:08]   [t8252 v3/6] SUCCESS (pred=dog) CTA=0.8053
[2026-09-09 18:00:58]   [t8252 v4/6] fail (pred=cat) CTA=0.8005
[2026-09-09 18:01:48]   [t8252 v5/6] fail (pred=bird) CTA=0.7950
[2026-09-09 18:02:38]   [t8252 v6/6] fail (pred=horse) CTA=0.8097
[2026-09-09 18:02:38]   target 8252, 6 victims on this gpu: ASR=16.7% CTA=0.8043 +/- 0.0059
[2026-09-09 18:02:38] === target 8730 (4/6) ===
[2026-09-09 18:06:33]   target 8730: crafted 100 poisons in 234 s, obj=0.23548
[2026-09-09 18:06:33]   target 8730: realized linf = 0.03137 (8.00/255), budget = 8.00/255
[2026-09-09 18:07:25]   [t8730 v1/6] fail (pred=bird) CTA=0.8086
[2026-09-09 18:08:14]   [t8730 v2/6] fail (pred=bird) CTA=0.8133
[2026-09-09 18:09:04]   [t8730 v3/6] fail (pred=bird) CTA=0.8131
[2026-09-09 18:09:54]   [t8730 v4/6] SUCCESS (pred=dog) CTA=0.8057
[2026-09-09 18:10:43]   [t8730 v5/6] fail (pred=bird) CTA=0.7992
[2026-09-09 18:11:33]   [t8730 v6/6] fail (pred=bird) CTA=0.8049
[2026-09-09 18:11:33]   target 8730, 6 victims on this gpu: ASR=16.7% CTA=0.8075 +/- 0.0049
[2026-09-09 18:11:33] === target 8055 (5/6) ===
[2026-09-09 18:15:28]   target 8055: crafted 100 poisons in 234 s, obj=0.26528
[2026-09-09 18:15:28]   target 8055: realized linf = 0.03137 (8.00/255), budget = 8.00/255
[2026-09-09 18:16:20]   [t8055 v1/6] fail (pred=bird) CTA=0.8110
[2026-09-09 18:17:10]   [t8055 v2/6] SUCCESS (pred=dog) CTA=0.8081
[2026-09-09 18:17:59]   [t8055 v3/6] SUCCESS (pred=dog) CTA=0.8127
[2026-09-09 18:18:49]   [t8055 v4/6] fail (pred=bird) CTA=0.7970
[2026-09-09 18:19:39]   [t8055 v5/6] fail (pred=bird) CTA=0.8146
[2026-09-09 18:20:28]   [t8055 v6/6] fail (pred=bird) CTA=0.7968
[2026-09-09 18:20:28]   target 8055, 6 victims on this gpu: ASR=33.3% CTA=0.8067 +/- 0.0072
[2026-09-09 18:20:28] === target 5859 (6/6) ===
[2026-09-09 18:24:23]   target 5859: crafted 100 poisons in 234 s, obj=0.24431
[2026-09-09 18:24:23]   target 5859: realized linf = 0.03137 (8.00/255), budget = 8.00/255
[2026-09-09 18:25:15]   [t5859 v1/6] fail (pred=bird) CTA=0.8027
[2026-09-09 18:26:05]   [t5859 v2/6] fail (pred=bird) CTA=0.8018
[2026-09-09 18:26:55]   [t5859 v3/6] SUCCESS (pred=dog) CTA=0.8085
[2026-09-09 18:27:44]   [t5859 v4/6] SUCCESS (pred=dog) CTA=0.7985
[2026-09-09 18:28:34]   [t5859 v5/6] fail (pred=bird) CTA=0.8073
[2026-09-09 18:29:24]   [t5859 v6/6] fail (pred=bird) CTA=0.7927
[2026-09-09 18:29:24]   target 5859, 6 victims on this gpu: ASR=33.3% CTA=0.8019 +/- 0.0053
[2026-09-09 18:29:24] ==== CIFAR10_ConvNetBN_sapa_ours_dog-bird_b0.002_eps8_seed42_dmcoef0.75_cosine_worst0.05_ce5_tgt70 : ASR = 30.6% +/- 11.5% | CTA = 0.8042 (baseline 0.8127) ====
[2026-09-09 18:29:24]   target-prediction tally ['airplane', 'automobile', 'bird', 'cat', 'deer', 'dog', 'frog', 'horse', 'ship', 'truck']: [0, 0, 22, 2, 0, 11, 0, 1, 0, 0]

sync: preserving outputs in /home/mmoslem3/scratch/PoisonBase
sync: complete
