gpu: NVIDIA L40S
cache: waiting for shared ConvNetBN checkpoint lock
cache: ConvNetBN checkpoints ready
cache: waiting for shared ResNet20BN checkpoint lock
cache: ResNet20BN checkpoints ready
run: waiting for duplicate-submission lock
targets: 8 unique pinned indices: 2540 8129 3725 5705 7663 3875 5169 6335
job: 1034138 enr213_bp_b0002_vconv_sr20_k20 on rack12-07
config: attack=fc budget=0.002 V=ConvNetBN S=ResNet20BN K=20 base=ours base_dist=cosine_norm lambda_margin=10 jacobian=off craft_steps=250 victim_epochs=50 victim_decay=40 targets=8 victims=6
protocol: method=ours Jacobian=off targets=8 victims=6 selector_K=20 component=basis
protocol: base_dist=cosine_norm lambda_margin=10 victim_epochs=50 victim_decay=40
protocol: 30 shared surrogates available; crafting always uses V checkpoints 0..4
output: /home/mmoslem3/scratch/PoisonBase/ensemble_rerun_round2_8x6_lam10_cosnorm_20260920_result/CIFAR10_ConvNetBN_fc_ours_dog-bird_b0.002_eps8_seed42_lam10_cosine_norm_selarchResNet20BN_K20_ce5_tgt50
[2026-09-20 09:16:09] === run start: CIFAR10_ConvNetBN_fc_ours_dog-bird_b0.002_eps8_seed42_lam10_cosine_norm_selarchResNet20BN_K20_ce5_tgt50 on cuda [0] ===
[2026-09-20 09:16:09] args: {"FORCE": false, "attack": "fc", "base": "ours", "base_dist": "cosine_norm", "base_topr": null, "budget": 0.002, "cache_dir": "/tmp/PoisonBase_cross_arch_k_10x6/cache", "class_pair": "dog-bird", "clean_baseline": true, "craft_alpha": 0.0039216, "craft_aug": true, "craft_batch": 256, "craft_ensemble": 5, "craft_lowmem": false, "craft_schedule": false, "craft_steps": 250, "data_path": "/tmp/PoisonBase_cross_arch_k_10x6/data", "dataset": "CIFAR10", "distance_margin_coef": null, "dsa_strategy": "color_crop_cutout_flip_scale_rotate", "epsilon": 0.0313725, "fast_gradmatch": false, "fc_mode": "sample", "fc_restarts": 1, "fus_alpha": 0.5, "fus_iters": 10, "fus_proxy_restarts": 0, "fus_proxy_steps": 0, "fus_search_decay": [40], "fus_search_epochs": 50, "gpus": "all", "jacobian_batch_size": 64, "jacobian_weight": 1.0, "keep_pinned_targets": false, "lambda_margin": 10.0, "model": "ConvNetBN", "no_resume": false, "num_poisons": 500, "num_surrogates": 30, "num_targets": 8, "num_victims": 6, "out_dir": "/tmp/PoisonBase_cross_arch_k_10x6/cross_arch_k_10x6_result", "pair_order": "poison-target", "parallel_pretrain": true, "parallel_targets": true, "precompute_id": null, "precompute_only": false, "precompute_part": "both", "rank_on_victims": true, "recompute_deltas": false, "require_correct_target": false, "restarts": 8, "seed": 42, "sel_K": 20, "sel_alpha": 1.0, "sel_criterion": null, "sel_dpp": false, "sel_filter": false, "sel_metric_epoch": 10, "sel_mmr": false, "sel_mode": null, "sel_model": "ResNet20BN", "sel_mu": 1.0, "sel_pca": false, "sel_pool": 3.0, "selector_metric_dir": null, "sharp_mode": "worst", "sharp_samples": 20, "sharp_sigma": 0.05, "steal_timeout": 7200.0, "surrogate_aug": false, "surrogate_bs": 128, "surrogate_decay": [35, 45], "surrogate_epochs": 60, "surrogate_lr": 0.1, "surrogate_wd": 0.0, "target_idx_file": "/tmp/PoisonBase_cross_arch_k_10x6/target_sets/ConvNetBN_fc_dog-bird.json", "target_select": 50, "use_jacobian_score": false, "victim_aug": false, "victim_bs": 125, "victim_decay": [40], "victim_epochs": 50, "victim_lr": 0.1, "victim_model": null, "victim_wd": 0.0}
[2026-09-20 09:16:09] Jacobian score: disabled
[2026-09-20 09:16:09] N_total=50000 budget=0.002 -> N_p=100 poisons, y_adv=5(dog) target_class=2(bird)
[2026-09-20 09:16:09] === selection/crafting surrogates (30 x ConvNetBN, trained on the full real set) ===
[2026-09-20 09:16:09]   crafting on 5/30 surrogates
[2026-09-20 09:16:09] === selection surrogates (30 x ResNet20BN, cross-architecture) ===
[2026-09-20 09:16:10] === clean victims (6 x ConvNetBN) ===
[2026-09-20 09:16:11]   clean baseline CTA = 0.8127 +/- 0.0074
[2026-09-20 09:16:11]   target pool 1000 -> eligible 963 (37 already predicted as y_adv or dropped)
[2026-09-20 09:16:11]   chosen 8 targets (file), p_adv range 0.0000..0.0069
[2026-09-20 09:16:11]   targets: [2540, 8129, 3725, 5705, 7663, 3875, 5169, 6335]
[2026-09-20 09:16:11] === target 2540 (1/8) ===
[2026-09-20 09:16:12]   target 2540: selector overhead 1.356 s, CUDA peak 1009.2 MiB (incremental 218.9 MiB)
[2026-09-20 09:16:14]   target 2540: crafted 100 poisons in 2 s, obj=0.16211, CUDA peak=1591.8 MiB (incremental 800.4 MiB)
[2026-09-20 09:16:14]   target 2540: realized linf = 0.03137 (8.00/255), budget = 8.00/255
[2026-09-20 09:17:04]   [t2540 v1/6] SUCCESS (pred=dog) CTA=0.8067
[2026-09-20 09:17:55]   [t2540 v2/6] fail (pred=bird) CTA=0.7721
[2026-09-20 09:18:45]   [t2540 v3/6] SUCCESS (pred=dog) CTA=0.8077
[2026-09-20 09:19:35]   [t2540 v4/6] SUCCESS (pred=dog) CTA=0.8048
[2026-09-20 09:20:25]   [t2540 v5/6] SUCCESS (pred=dog) CTA=0.8026
[2026-09-20 09:21:15]   [t2540 v6/6] fail (pred=bird) CTA=0.8086
[2026-09-20 09:21:16]   target 2540, 6 victims on this gpu: ASR=66.7% CTA=0.8004 +/- 0.0128
[2026-09-20 09:21:16] === target 8129 (2/8) ===
[2026-09-20 09:21:17]   target 8129: selector overhead 1.245 s, CUDA peak 1017.3 MiB (incremental 218.9 MiB)
[2026-09-20 09:21:18]   target 8129: crafted 100 poisons in 1 s, obj=0.13117, CUDA peak=1600.7 MiB (incremental 801.2 MiB)
[2026-09-20 09:21:18]   target 8129: realized linf = 0.03137 (8.00/255), budget = 8.00/255
[2026-09-20 09:22:10]   [t8129 v1/6] SUCCESS (pred=dog) CTA=0.8094
[2026-09-20 09:23:00]   [t8129 v2/6] fail (pred=bird) CTA=0.8048
[2026-09-20 09:23:50]   [t8129 v3/6] SUCCESS (pred=dog) CTA=0.8005
[2026-09-20 09:24:40]   [t8129 v4/6] fail (pred=bird) CTA=0.8047
[2026-09-20 09:25:30]   [t8129 v5/6] fail (pred=bird) CTA=0.7921
[2026-09-20 09:26:20]   [t8129 v6/6] SUCCESS (pred=dog) CTA=0.8086
[2026-09-20 09:26:20]   target 8129, 6 victims on this gpu: ASR=50.0% CTA=0.8034 +/- 0.0058
[2026-09-20 09:26:20] === target 3725 (3/8) ===
[2026-09-20 09:26:22]   target 3725: selector overhead 1.248 s, CUDA peak 1017.3 MiB (incremental 218.9 MiB)
[2026-09-20 09:26:23]   target 3725: crafted 100 poisons in 1 s, obj=0.20840, CUDA peak=1600.7 MiB (incremental 801.2 MiB)
[2026-09-20 09:26:23]   target 3725: realized linf = 0.03137 (8.00/255), budget = 8.00/255
[2026-09-20 09:27:15]   [t3725 v1/6] fail (pred=bird) CTA=0.8040
[2026-09-20 09:28:05]   [t3725 v2/6] SUCCESS (pred=dog) CTA=0.7956
[2026-09-20 09:28:55]   [t3725 v3/6] fail (pred=bird) CTA=0.7856
[2026-09-20 09:29:46]   [t3725 v4/6] SUCCESS (pred=dog) CTA=0.7911
[2026-09-20 09:30:36]   [t3725 v5/6] fail (pred=bird) CTA=0.8104
[2026-09-20 09:31:26]   [t3725 v6/6] fail (pred=bird) CTA=0.8041
[2026-09-20 09:31:27]   target 3725, 6 victims on this gpu: ASR=33.3% CTA=0.7985 +/- 0.0085
[2026-09-20 09:31:27] === target 5705 (4/8) ===
[2026-09-20 09:31:28]   target 5705: selector overhead 1.246 s, CUDA peak 1017.3 MiB (incremental 218.9 MiB)
[2026-09-20 09:31:29]   target 5705: crafted 100 poisons in 1 s, obj=0.10037, CUDA peak=1600.7 MiB (incremental 801.2 MiB)
[2026-09-20 09:31:29]   target 5705: realized linf = 0.03137 (8.00/255), budget = 8.00/255
[2026-09-20 09:32:21]   [t5705 v1/6] SUCCESS (pred=dog) CTA=0.8027
[2026-09-20 09:33:11]   [t5705 v2/6] fail (pred=bird) CTA=0.8099
[2026-09-20 09:34:02]   [t5705 v3/6] SUCCESS (pred=dog) CTA=0.7890
[2026-09-20 09:34:52]   [t5705 v4/6] SUCCESS (pred=dog) CTA=0.8078
[2026-09-20 09:35:43]   [t5705 v5/6] fail (pred=bird) CTA=0.8009
[2026-09-20 09:36:33]   [t5705 v6/6] fail (pred=bird) CTA=0.8036
[2026-09-20 09:36:33]   target 5705, 6 victims on this gpu: ASR=50.0% CTA=0.8023 +/- 0.0067
[2026-09-20 09:36:33] === target 7663 (5/8) ===
[2026-09-20 09:36:34]   target 7663: selector overhead 1.247 s, CUDA peak 1017.3 MiB (incremental 218.9 MiB)
[2026-09-20 09:36:36]   target 7663: crafted 100 poisons in 1 s, obj=0.10580, CUDA peak=1600.5 MiB (incremental 800.9 MiB)
[2026-09-20 09:36:36]   target 7663: realized linf = 0.03137 (8.00/255), budget = 8.00/255
[2026-09-20 09:37:27]   [t7663 v1/6] fail (pred=bird) CTA=0.8029
[2026-09-20 09:38:18]   [t7663 v2/6] fail (pred=bird) CTA=0.8126
[2026-09-20 09:39:08]   [t7663 v3/6] fail (pred=bird) CTA=0.8014
[2026-09-20 09:39:58]   [t7663 v4/6] SUCCESS (pred=dog) CTA=0.8191
[2026-09-20 09:40:48]   [t7663 v5/6] fail (pred=bird) CTA=0.8031
[2026-09-20 09:41:38]   [t7663 v6/6] SUCCESS (pred=dog) CTA=0.8180
[2026-09-20 09:41:38]   target 7663, 6 victims on this gpu: ASR=33.3% CTA=0.8095 +/- 0.0074
[2026-09-20 09:41:38] === target 3875 (6/8) ===
[2026-09-20 09:41:39]   target 3875: selector overhead 1.245 s, CUDA peak 1017.3 MiB (incremental 218.9 MiB)
[2026-09-20 09:41:41]   target 3875: crafted 100 poisons in 1 s, obj=0.18705, CUDA peak=1600.5 MiB (incremental 800.9 MiB)
[2026-09-20 09:41:41]   target 3875: realized linf = 0.03137 (8.00/255), budget = 8.00/255
[2026-09-20 09:42:32]   [t3875 v1/6] fail (pred=horse) CTA=0.7987
[2026-09-20 09:43:22]   [t3875 v2/6] fail (pred=bird) CTA=0.8106
[2026-09-20 09:44:13]   [t3875 v3/6] fail (pred=bird) CTA=0.8097
[2026-09-20 09:45:03]   [t3875 v4/6] fail (pred=bird) CTA=0.7889
[2026-09-20 09:45:53]   [t3875 v5/6] fail (pred=bird) CTA=0.7945
[2026-09-20 09:46:43]   [t3875 v6/6] fail (pred=bird) CTA=0.8087
[2026-09-20 09:46:43]   target 3875, 6 victims on this gpu: ASR=0.0% CTA=0.8018 +/- 0.0083
[2026-09-20 09:46:43] === target 5169 (7/8) ===
[2026-09-20 09:46:44]   target 5169: selector overhead 1.244 s, CUDA peak 1017.3 MiB (incremental 218.9 MiB)
[2026-09-20 09:46:46]   target 5169: crafted 100 poisons in 1 s, obj=0.10445, CUDA peak=1600.7 MiB (incremental 801.2 MiB)
[2026-09-20 09:46:46]   target 5169: realized linf = 0.03137 (8.00/255), budget = 8.00/255
[2026-09-20 09:47:37]   [t5169 v1/6] fail (pred=bird) CTA=0.7955
[2026-09-20 09:48:27]   [t5169 v2/6] SUCCESS (pred=dog) CTA=0.7942
[2026-09-20 09:49:17]   [t5169 v3/6] fail (pred=bird) CTA=0.8048
[2026-09-20 09:50:08]   [t5169 v4/6] SUCCESS (pred=dog) CTA=0.8041
[2026-09-20 09:50:58]   [t5169 v5/6] SUCCESS (pred=dog) CTA=0.8095
[2026-09-20 09:51:48]   [t5169 v6/6] fail (pred=bird) CTA=0.7909
[2026-09-20 09:51:48]   target 5169, 6 victims on this gpu: ASR=50.0% CTA=0.7998 +/- 0.0067
[2026-09-20 09:51:48] === target 6335 (8/8) ===
[2026-09-20 09:51:49]   target 6335: selector overhead 1.247 s, CUDA peak 1017.3 MiB (incremental 218.9 MiB)
[2026-09-20 09:51:51]   target 6335: crafted 100 poisons in 1 s, obj=0.13613, CUDA peak=1600.7 MiB (incremental 801.2 MiB)
[2026-09-20 09:51:51]   target 6335: realized linf = 0.03137 (8.00/255), budget = 8.00/255
[2026-09-20 09:52:42]   [t6335 v1/6] fail (pred=bird) CTA=0.7977
[2026-09-20 09:53:32]   [t6335 v2/6] fail (pred=bird) CTA=0.8049
[2026-09-20 09:54:23]   [t6335 v3/6] fail (pred=bird) CTA=0.8132
[2026-09-20 09:55:13]   [t6335 v4/6] fail (pred=bird) CTA=0.8013
[2026-09-20 09:56:04]   [t6335 v5/6] SUCCESS (pred=dog) CTA=0.8121
[2026-09-20 09:56:54]   [t6335 v6/6] SUCCESS (pred=dog) CTA=0.7998
[2026-09-20 09:56:54]   target 6335, 6 victims on this gpu: ASR=33.3% CTA=0.8048 +/- 0.0059
[2026-09-20 09:56:54]   selector resources: 8 target(s), 10.1 total target-seconds, max CUDA allocated 1017.3 MiB (incremental 218.9 MiB)
[2026-09-20 09:56:54] ==== CIFAR10_ConvNetBN_fc_ours_dog-bird_b0.002_eps8_seed42_lam10_cosine_norm_selarchResNet20BN_K20_ce5_tgt50 : ASR = 39.6% +/- 18.5% | CTA = 0.8026 (baseline 0.8127) ====
[2026-09-20 09:56:54]   target-prediction tally ['airplane', 'automobile', 'bird', 'cat', 'deer', 'dog', 'frog', 'horse', 'ship', 'truck']: [0, 0, 28, 0, 0, 19, 0, 1, 0, 0]
verified: 8 targets x 6 victims = 48 unique evaluations
sync: CIFAR10_ConvNetBN_fc_ours_dog-bird_b0.002_eps8_seed42_lam10_cosine_norm_selarchResNet20BN_K20_ce5_tgt50 -> /home/mmoslem3/scratch/PoisonBase/ensemble_rerun_round2_8x6_lam10_cosnorm_20260920_result
sync: complete
