gpu: NVIDIA L40S
cache: waiting for shared ConvNetBN checkpoint lock
cache: ConvNetBN checkpoints ready
cache: waiting for shared ResNet20BN checkpoint lock
cache: ResNet20BN checkpoints ready
run: waiting for duplicate-submission lock
targets: 8 unique pinned indices: 843 1257 8252 8730 8055 5859 8954 821
job: 1034159 enr234_gm_b0005_vconv_sr20_k20 on rack03-16
config: attack=gradmatch budget=0.005 V=ConvNetBN S=ResNet20BN K=20 base=ours base_dist=cosine_norm lambda_margin=10 jacobian=off craft_steps=250 victim_epochs=50 victim_decay=40 targets=8 victims=6
protocol: method=ours Jacobian=off targets=8 victims=6 selector_K=20 component=basis
protocol: base_dist=cosine_norm lambda_margin=10 victim_epochs=50 victim_decay=40
protocol: 30 shared surrogates available; crafting always uses V checkpoints 0..4
output: /home/mmoslem3/scratch/PoisonBase/ensemble_rerun_round2_8x6_lam10_cosnorm_20260920_result/CIFAR10_ConvNetBN_gradmatch_ours_dog-bird_b0.005_eps8_seed42_lam10_cosine_norm_selarchResNet20BN_K20_ce5_tgt70
[2026-09-20 09:37:11] === run start: CIFAR10_ConvNetBN_gradmatch_ours_dog-bird_b0.005_eps8_seed42_lam10_cosine_norm_selarchResNet20BN_K20_ce5_tgt70 on cuda [0] ===
[2026-09-20 09:37:11] args: {"FORCE": false, "attack": "gradmatch", "base": "ours", "base_dist": "cosine_norm", "base_topr": null, "budget": 0.005, "cache_dir": "/tmp/PoisonBase_cross_arch_k_10x6/cache", "class_pair": "dog-bird", "clean_baseline": true, "craft_alpha": 0.0039216, "craft_aug": true, "craft_batch": 256, "craft_ensemble": 5, "craft_lowmem": false, "craft_schedule": false, "craft_steps": 250, "data_path": "/tmp/PoisonBase_cross_arch_k_10x6/data", "dataset": "CIFAR10", "distance_margin_coef": null, "dsa_strategy": "color_crop_cutout_flip_scale_rotate", "epsilon": 0.0313725, "fast_gradmatch": false, "fc_mode": "sample", "fc_restarts": 1, "fus_alpha": 0.5, "fus_iters": 10, "fus_proxy_restarts": 0, "fus_proxy_steps": 0, "fus_search_decay": [40], "fus_search_epochs": 50, "gpus": "all", "jacobian_batch_size": 64, "jacobian_weight": 1.0, "keep_pinned_targets": false, "lambda_margin": 10.0, "model": "ConvNetBN", "no_resume": false, "num_poisons": 500, "num_surrogates": 30, "num_targets": 8, "num_victims": 6, "out_dir": "/tmp/PoisonBase_cross_arch_k_10x6/cross_arch_k_10x6_result", "pair_order": "poison-target", "parallel_pretrain": true, "parallel_targets": true, "precompute_id": null, "precompute_only": false, "precompute_part": "both", "rank_on_victims": true, "recompute_deltas": false, "require_correct_target": false, "restarts": 8, "seed": 42, "sel_K": 20, "sel_alpha": 1.0, "sel_criterion": null, "sel_dpp": false, "sel_filter": false, "sel_metric_epoch": 10, "sel_mmr": false, "sel_mode": null, "sel_model": "ResNet20BN", "sel_mu": 1.0, "sel_pca": false, "sel_pool": 3.0, "selector_metric_dir": null, "sharp_mode": "worst", "sharp_samples": 20, "sharp_sigma": 0.05, "steal_timeout": 7200.0, "surrogate_aug": false, "surrogate_bs": 128, "surrogate_decay": [35, 45], "surrogate_epochs": 60, "surrogate_lr": 0.1, "surrogate_wd": 0.0, "target_idx_file": "/tmp/PoisonBase_cross_arch_k_10x6/target_sets/ConvNetBN_gradmatch_dog-bird.json", "target_select": 70, "use_jacobian_score": false, "victim_aug": false, "victim_bs": 125, "victim_decay": [40], "victim_epochs": 50, "victim_lr": 0.1, "victim_model": null, "victim_wd": 0.0}
[2026-09-20 09:37:11] Jacobian score: disabled
[2026-09-20 09:37:11] N_total=50000 budget=0.005 -> N_p=250 poisons, y_adv=5(dog) target_class=2(bird)
[2026-09-20 09:37:11] === selection/crafting surrogates (30 x ConvNetBN, trained on the full real set) ===
[2026-09-20 09:37:12]   crafting on 5/30 surrogates
[2026-09-20 09:37:12] === selection surrogates (30 x ResNet20BN, cross-architecture) ===
[2026-09-20 09:37:12] === clean victims (6 x ConvNetBN) ===
[2026-09-20 09:37:13]   clean baseline CTA = 0.8127 +/- 0.0074
[2026-09-20 09:37:13]   target pool 1000 -> eligible 963 (37 already predicted as y_adv or dropped)
[2026-09-20 09:37:13]   chosen 8 targets (file), p_adv range 0.0000..0.0000
[2026-09-20 09:37:13]   targets: [843, 1257, 8252, 8730, 8055, 5859, 8954, 821]
[2026-09-20 09:37:13] === target 843 (1/8) ===
[2026-09-20 09:37:15]   target 843: selector overhead 1.263 s, CUDA peak 1009.2 MiB (incremental 218.9 MiB)
[2026-09-20 09:41:15]   target 843: crafted 250 poisons in 241 s, obj=0.28945, CUDA peak=5110.1 MiB (incremental 4316.9 MiB)
[2026-09-20 09:41:15]   target 843: realized linf = 0.03137 (8.00/255), budget = 8.00/255
[2026-09-20 09:42:07]   [t843 v1/6] SUCCESS (pred=dog) CTA=0.8091
[2026-09-20 09:42:57]   [t843 v2/6] SUCCESS (pred=dog) CTA=0.8067
[2026-09-20 09:43:47]   [t843 v3/6] SUCCESS (pred=dog) CTA=0.8038
[2026-09-20 09:44:37]   [t843 v4/6] SUCCESS (pred=dog) CTA=0.8140
[2026-09-20 09:45:27]   [t843 v5/6] SUCCESS (pred=dog) CTA=0.8014
[2026-09-20 09:46:17]   [t843 v6/6] fail (pred=bird) CTA=0.7869
[2026-09-20 09:46:17]   target 843, 6 victims on this gpu: ASR=83.3% CTA=0.8037 +/- 0.0085
[2026-09-20 09:46:17] === target 1257 (2/8) ===
[2026-09-20 09:46:18]   target 1257: selector overhead 1.237 s, CUDA peak 1017.3 MiB (incremental 218.9 MiB)
[2026-09-20 09:50:19]   target 1257: crafted 250 poisons in 240 s, obj=0.25896, CUDA peak=5113.8 MiB (incremental 4312.5 MiB)
[2026-09-20 09:50:19]   target 1257: realized linf = 0.03137 (8.00/255), budget = 8.00/255
[2026-09-20 09:51:10]   [t1257 v1/6] fail (pred=bird) CTA=0.8040
[2026-09-20 09:51:59]   [t1257 v2/6] SUCCESS (pred=dog) CTA=0.8125
[2026-09-20 09:52:49]   [t1257 v3/6] SUCCESS (pred=dog) CTA=0.8153
[2026-09-20 09:53:39]   [t1257 v4/6] SUCCESS (pred=dog) CTA=0.8061
[2026-09-20 09:54:28]   [t1257 v5/6] SUCCESS (pred=dog) CTA=0.8003
[2026-09-20 09:55:18]   [t1257 v6/6] SUCCESS (pred=dog) CTA=0.7938
[2026-09-20 09:55:18]   target 1257, 6 victims on this gpu: ASR=83.3% CTA=0.8053 +/- 0.0072
[2026-09-20 09:55:18] === target 8252 (3/8) ===
[2026-09-20 09:55:19]   target 8252: selector overhead 1.236 s, CUDA peak 1017.3 MiB (incremental 218.9 MiB)
[2026-09-20 09:59:19]   target 8252: crafted 250 poisons in 240 s, obj=0.22386, CUDA peak=5113.8 MiB (incremental 4312.5 MiB)
[2026-09-20 09:59:19]   target 8252: realized linf = 0.03137 (8.00/255), budget = 8.00/255
[2026-09-20 10:00:11]   [t8252 v1/6] SUCCESS (pred=dog) CTA=0.8072
[2026-09-20 10:01:01]   [t8252 v2/6] SUCCESS (pred=dog) CTA=0.8170
[2026-09-20 10:01:50]   [t8252 v3/6] SUCCESS (pred=dog) CTA=0.8014
[2026-09-20 10:02:40]   [t8252 v4/6] SUCCESS (pred=dog) CTA=0.7940
[2026-09-20 10:03:30]   [t8252 v5/6] SUCCESS (pred=dog) CTA=0.7927
[2026-09-20 10:04:20]   [t8252 v6/6] SUCCESS (pred=dog) CTA=0.8093
[2026-09-20 10:04:20]   target 8252, 6 victims on this gpu: ASR=100.0% CTA=0.8036 +/- 0.0086
[2026-09-20 10:04:20] === target 8730 (4/8) ===
[2026-09-20 10:04:21]   target 8730: selector overhead 1.236 s, CUDA peak 1017.3 MiB (incremental 218.9 MiB)
[2026-09-20 10:08:21]   target 8730: crafted 250 poisons in 240 s, obj=0.24536, CUDA peak=5114.1 MiB (incremental 4312.7 MiB)
[2026-09-20 10:08:21]   target 8730: realized linf = 0.03137 (8.00/255), budget = 8.00/255
[2026-09-20 10:09:12]   [t8730 v1/6] SUCCESS (pred=dog) CTA=0.8072
[2026-09-20 10:10:02]   [t8730 v2/6] SUCCESS (pred=dog) CTA=0.8128
[2026-09-20 10:10:52]   [t8730 v3/6] fail (pred=bird) CTA=0.8108
[2026-09-20 10:11:42]   [t8730 v4/6] fail (pred=cat) CTA=0.8012
[2026-09-20 10:12:32]   [t8730 v5/6] fail (pred=bird) CTA=0.8026
[2026-09-20 10:13:22]   [t8730 v6/6] SUCCESS (pred=dog) CTA=0.8068
[2026-09-20 10:13:22]   target 8730, 6 victims on this gpu: ASR=50.0% CTA=0.8069 +/- 0.0041
[2026-09-20 10:13:22] === target 8055 (5/8) ===
[2026-09-20 10:13:23]   target 8055: selector overhead 1.233 s, CUDA peak 1017.3 MiB (incremental 218.9 MiB)
[2026-09-20 10:17:23]   target 8055: crafted 250 poisons in 240 s, obj=0.29147, CUDA peak=5114.1 MiB (incremental 4312.7 MiB)
[2026-09-20 10:17:23]   target 8055: realized linf = 0.03137 (8.00/255), budget = 8.00/255
[2026-09-20 10:18:14]   [t8055 v1/6] SUCCESS (pred=dog) CTA=0.8047
[2026-09-20 10:19:04]   [t8055 v2/6] SUCCESS (pred=dog) CTA=0.7991
[2026-09-20 10:19:54]   [t8055 v3/6] SUCCESS (pred=dog) CTA=0.8156
[2026-09-20 10:20:44]   [t8055 v4/6] fail (pred=bird) CTA=0.8008
[2026-09-20 10:21:34]   [t8055 v5/6] fail (pred=bird) CTA=0.8134
[2026-09-20 10:22:23]   [t8055 v6/6] fail (pred=bird) CTA=0.7984
[2026-09-20 10:22:23]   target 8055, 6 victims on this gpu: ASR=50.0% CTA=0.8053 +/- 0.0068
[2026-09-20 10:22:23] === target 5859 (6/8) ===
[2026-09-20 10:22:25]   target 5859: selector overhead 1.235 s, CUDA peak 1017.3 MiB (incremental 218.9 MiB)
[2026-09-20 10:26:25]   target 5859: crafted 250 poisons in 240 s, obj=0.25394, CUDA peak=5114.1 MiB (incremental 4312.7 MiB)
[2026-09-20 10:26:25]   target 5859: realized linf = 0.03137 (8.00/255), budget = 8.00/255
[2026-09-20 10:27:16]   [t5859 v1/6] SUCCESS (pred=dog) CTA=0.8002
[2026-09-20 10:28:06]   [t5859 v2/6] SUCCESS (pred=dog) CTA=0.8099
[2026-09-20 10:28:56]   [t5859 v3/6] fail (pred=bird) CTA=0.8003
[2026-09-20 10:29:45]   [t5859 v4/6] fail (pred=bird) CTA=0.8046
[2026-09-20 10:30:35]   [t5859 v5/6] SUCCESS (pred=dog) CTA=0.8039
[2026-09-20 10:31:25]   [t5859 v6/6] fail (pred=bird) CTA=0.7937
[2026-09-20 10:31:25]   target 5859, 6 victims on this gpu: ASR=50.0% CTA=0.8021 +/- 0.0050
[2026-09-20 10:31:25] === target 8954 (7/8) ===
[2026-09-20 10:31:26]   target 8954: selector overhead 1.236 s, CUDA peak 1017.3 MiB (incremental 218.9 MiB)
[2026-09-20 10:35:27]   target 8954: crafted 250 poisons in 240 s, obj=0.22423, CUDA peak=5114.1 MiB (incremental 4312.7 MiB)
[2026-09-20 10:35:27]   target 8954: realized linf = 0.03137 (8.00/255), budget = 8.00/255
[2026-09-20 10:36:18]   [t8954 v1/6] fail (pred=deer) CTA=0.8035
[2026-09-20 10:37:08]   [t8954 v2/6] SUCCESS (pred=dog) CTA=0.8007
[2026-09-20 10:37:58]   [t8954 v3/6] SUCCESS (pred=dog) CTA=0.8095
[2026-09-20 10:38:47]   [t8954 v4/6] SUCCESS (pred=dog) CTA=0.8008
[2026-09-20 10:39:37]   [t8954 v5/6] SUCCESS (pred=dog) CTA=0.8071
[2026-09-20 10:40:27]   [t8954 v6/6] fail (pred=deer) CTA=0.8020
[2026-09-20 10:40:27]   target 8954, 6 victims on this gpu: ASR=66.7% CTA=0.8039 +/- 0.0033
[2026-09-20 10:40:27] === target 821 (8/8) ===
[2026-09-20 10:40:29]   target 821: selector overhead 1.233 s, CUDA peak 1017.3 MiB (incremental 218.9 MiB)
[2026-09-20 10:44:29]   target 821: crafted 250 poisons in 240 s, obj=0.31487, CUDA peak=5114.1 MiB (incremental 4312.7 MiB)
[2026-09-20 10:44:29]   target 821: realized linf = 0.03137 (8.00/255), budget = 8.00/255
[2026-09-20 10:45:20]   [t821 v1/6] fail (pred=bird) CTA=0.8081
[2026-09-20 10:46:10]   [t821 v2/6] SUCCESS (pred=dog) CTA=0.8116
[2026-09-20 10:47:00]   [t821 v3/6] SUCCESS (pred=dog) CTA=0.7998
[2026-09-20 10:47:50]   [t821 v4/6] fail (pred=horse) CTA=0.8069
[2026-09-20 10:48:40]   [t821 v5/6] fail (pred=bird) CTA=0.8076
[2026-09-20 10:49:30]   [t821 v6/6] fail (pred=bird) CTA=0.8115
[2026-09-20 10:49:30]   target 821, 6 victims on this gpu: ASR=33.3% CTA=0.8076 +/- 0.0039
[2026-09-20 10:49:30]   selector resources: 8 target(s), 9.9 total target-seconds, max CUDA allocated 1017.3 MiB (incremental 218.9 MiB)
[2026-09-20 10:49:30] ==== CIFAR10_ConvNetBN_gradmatch_ours_dog-bird_b0.005_eps8_seed42_lam10_cosine_norm_selarchResNet20BN_K20_ce5_tgt70 : ASR = 64.6% +/- 21.1% | CTA = 0.8048 (baseline 0.8127) ====
[2026-09-20 10:49:30]   target-prediction tally ['airplane', 'automobile', 'bird', 'cat', 'deer', 'dog', 'frog', 'horse', 'ship', 'truck']: [0, 0, 13, 1, 2, 31, 0, 1, 0, 0]
verified: 8 targets x 6 victims = 48 unique evaluations
sync: CIFAR10_ConvNetBN_gradmatch_ours_dog-bird_b0.005_eps8_seed42_lam10_cosine_norm_selarchResNet20BN_K20_ce5_tgt70 -> /home/mmoslem3/scratch/PoisonBase/ensemble_rerun_round2_8x6_lam10_cosnorm_20260920_result
sync: complete
