gpu: NVIDIA L40S
cache: waiting for shared ResNet20BN checkpoint lock
cache: ResNet20BN checkpoints ready
cache: waiting for shared VGG13BN checkpoint lock
cache: VGG13BN checkpoints ready
run: waiting for duplicate-submission lock
targets: 8 unique pinned indices: 5118 8740 5324 4630 833 2065 7056 9059
job: 1034154 enr229_gm_b0005_vr20_svgg_k20 on rack05-11
config: attack=gradmatch budget=0.005 V=ResNet20BN S=VGG13BN K=20 base=ours base_dist=cosine_norm lambda_margin=10 jacobian=off craft_steps=250 victim_epochs=50 victim_decay=40 targets=8 victims=6
protocol: method=ours Jacobian=off targets=8 victims=6 selector_K=20 component=basis
protocol: base_dist=cosine_norm lambda_margin=10 victim_epochs=50 victim_decay=40
protocol: 30 shared surrogates available; crafting always uses V checkpoints 0..4
output: /home/mmoslem3/scratch/PoisonBase/ensemble_rerun_round2_8x6_lam10_cosnorm_20260920_result/CIFAR10_ResNet20BN_gradmatch_ours_dog-bird_b0.005_eps8_seed42_lam10_cosine_norm_selarchVGG13BN_K20_ce5_tgt14
[2026-09-20 09:28:40] === run start: CIFAR10_ResNet20BN_gradmatch_ours_dog-bird_b0.005_eps8_seed42_lam10_cosine_norm_selarchVGG13BN_K20_ce5_tgt14 on cuda [0] ===
[2026-09-20 09:28:40] args: {"FORCE": false, "attack": "gradmatch", "base": "ours", "base_dist": "cosine_norm", "base_topr": null, "budget": 0.005, "cache_dir": "/tmp/PoisonBase_cross_arch_k_10x6/cache", "class_pair": "dog-bird", "clean_baseline": true, "craft_alpha": 0.0039216, "craft_aug": true, "craft_batch": 256, "craft_ensemble": 5, "craft_lowmem": false, "craft_schedule": false, "craft_steps": 250, "data_path": "/tmp/PoisonBase_cross_arch_k_10x6/data", "dataset": "CIFAR10", "distance_margin_coef": null, "dsa_strategy": "color_crop_cutout_flip_scale_rotate", "epsilon": 0.0313725, "fast_gradmatch": false, "fc_mode": "sample", "fc_restarts": 1, "fus_alpha": 0.5, "fus_iters": 10, "fus_proxy_restarts": 0, "fus_proxy_steps": 0, "fus_search_decay": [40], "fus_search_epochs": 50, "gpus": "all", "jacobian_batch_size": 64, "jacobian_weight": 1.0, "keep_pinned_targets": false, "lambda_margin": 10.0, "model": "ResNet20BN", "no_resume": false, "num_poisons": 500, "num_surrogates": 30, "num_targets": 8, "num_victims": 6, "out_dir": "/tmp/PoisonBase_cross_arch_k_10x6/cross_arch_k_10x6_result", "pair_order": "poison-target", "parallel_pretrain": true, "parallel_targets": true, "precompute_id": null, "precompute_only": false, "precompute_part": "both", "rank_on_victims": true, "recompute_deltas": false, "require_correct_target": false, "restarts": 8, "seed": 42, "sel_K": 20, "sel_alpha": 1.0, "sel_criterion": null, "sel_dpp": false, "sel_filter": false, "sel_metric_epoch": 10, "sel_mmr": false, "sel_mode": null, "sel_model": "VGG13BN", "sel_mu": 1.0, "sel_pca": false, "sel_pool": 3.0, "selector_metric_dir": null, "sharp_mode": "worst", "sharp_samples": 20, "sharp_sigma": 0.05, "steal_timeout": 7200.0, "surrogate_aug": false, "surrogate_bs": 128, "surrogate_decay": [35, 45], "surrogate_epochs": 60, "surrogate_lr": 0.1, "surrogate_wd": 0.0, "target_idx_file": "/tmp/PoisonBase_cross_arch_k_10x6/target_sets/ResNet20BN_gradmatch_dog-bird.json", "target_select": 14, "use_jacobian_score": false, "victim_aug": false, "victim_bs": 125, "victim_decay": [40], "victim_epochs": 50, "victim_lr": 0.1, "victim_model": null, "victim_wd": 0.0}
[2026-09-20 09:28:40] Jacobian score: disabled
[2026-09-20 09:28:40] N_total=50000 budget=0.005 -> N_p=250 poisons, y_adv=5(dog) target_class=2(bird)
[2026-09-20 09:28:40] === selection/crafting surrogates (30 x ResNet20BN, trained on the full real set) ===
[2026-09-20 09:28:41]   crafting on 5/30 surrogates
[2026-09-20 09:28:41] === selection surrogates (30 x VGG13BN, cross-architecture) ===
[2026-09-20 09:28:43] === clean victims (6 x ResNet20BN) ===
[2026-09-20 09:28:44]   clean baseline CTA = 0.8354 +/- 0.0043
[2026-09-20 09:28:44]   target pool 1000 -> eligible 978 (22 already predicted as y_adv or dropped)
[2026-09-20 09:28:44]   chosen 8 targets (file), p_adv range 0.0001..0.3539
[2026-09-20 09:28:44]   targets: [5118, 8740, 5324, 4630, 833, 2065, 7056, 9059]
[2026-09-20 09:28:44] === target 5118 (1/8) ===
[2026-09-20 09:28:47]   target 5118: selector overhead 3.081 s, CUDA peak 2301.3 MiB (incremental 443.9 MiB)
[2026-09-20 09:36:37]   target 5118: crafted 250 poisons in 470 s, obj=0.19848, CUDA peak=5796.0 MiB (incremental 3935.7 MiB)
[2026-09-20 09:36:37]   target 5118: realized linf = 0.03137 (8.00/255), budget = 8.00/255
[2026-09-20 09:38:13]   [t5118 v1/6] SUCCESS (pred=dog) CTA=0.8325
[2026-09-20 09:39:50]   [t5118 v2/6] SUCCESS (pred=dog) CTA=0.8445
[2026-09-20 09:41:26]   [t5118 v3/6] SUCCESS (pred=dog) CTA=0.8339
[2026-09-20 09:43:03]   [t5118 v4/6] SUCCESS (pred=dog) CTA=0.8371
[2026-09-20 09:44:39]   [t5118 v5/6] SUCCESS (pred=dog) CTA=0.8415
[2026-09-20 09:46:15]   [t5118 v6/6] SUCCESS (pred=dog) CTA=0.8405
[2026-09-20 09:46:15]   target 5118, 6 victims on this gpu: ASR=100.0% CTA=0.8383 +/- 0.0042
[2026-09-20 09:46:15] === target 8740 (2/8) ===
[2026-09-20 09:46:18]   target 8740: selector overhead 2.910 s, CUDA peak 2309.5 MiB (incremental 443.9 MiB)
[2026-09-20 09:54:08]   target 8740: crafted 250 poisons in 470 s, obj=0.18466, CUDA peak=5798.9 MiB (incremental 3930.5 MiB)
[2026-09-20 09:54:08]   target 8740: realized linf = 0.03137 (8.00/255), budget = 8.00/255
[2026-09-20 09:55:44]   [t8740 v1/6] SUCCESS (pred=dog) CTA=0.8364
[2026-09-20 09:57:21]   [t8740 v2/6] SUCCESS (pred=dog) CTA=0.8386
[2026-09-20 09:58:57]   [t8740 v3/6] SUCCESS (pred=dog) CTA=0.8370
[2026-09-20 10:00:33]   [t8740 v4/6] SUCCESS (pred=dog) CTA=0.8353
[2026-09-20 10:02:10]   [t8740 v5/6] SUCCESS (pred=dog) CTA=0.8479
[2026-09-20 10:03:46]   [t8740 v6/6] SUCCESS (pred=dog) CTA=0.8408
[2026-09-20 10:03:46]   target 8740, 6 victims on this gpu: ASR=100.0% CTA=0.8393 +/- 0.0042
[2026-09-20 10:03:46] === target 5324 (3/8) ===
[2026-09-20 10:03:49]   target 5324: selector overhead 2.913 s, CUDA peak 2309.5 MiB (incremental 443.9 MiB)
[2026-09-20 10:11:39]   target 5324: crafted 250 poisons in 469 s, obj=0.22313, CUDA peak=5799.1 MiB (incremental 3930.7 MiB)
[2026-09-20 10:11:39]   target 5324: realized linf = 0.03137 (8.00/255), budget = 8.00/255
[2026-09-20 10:13:15]   [t5324 v1/6] SUCCESS (pred=dog) CTA=0.8365
[2026-09-20 10:14:51]   [t5324 v2/6] SUCCESS (pred=dog) CTA=0.8392
[2026-09-20 10:16:28]   [t5324 v3/6] SUCCESS (pred=dog) CTA=0.8387
[2026-09-20 10:18:04]   [t5324 v4/6] SUCCESS (pred=dog) CTA=0.8323
[2026-09-20 10:19:40]   [t5324 v5/6] SUCCESS (pred=dog) CTA=0.8493
[2026-09-20 10:21:16]   [t5324 v6/6] SUCCESS (pred=dog) CTA=0.8369
[2026-09-20 10:21:16]   target 5324, 6 victims on this gpu: ASR=100.0% CTA=0.8388 +/- 0.0052
[2026-09-20 10:21:16] === target 4630 (4/8) ===
[2026-09-20 10:21:19]   target 4630: selector overhead 2.924 s, CUDA peak 2309.5 MiB (incremental 443.9 MiB)
[2026-09-20 10:29:09]   target 4630: crafted 250 poisons in 469 s, obj=0.17800, CUDA peak=5799.1 MiB (incremental 3930.7 MiB)
[2026-09-20 10:29:09]   target 4630: realized linf = 0.03137 (8.00/255), budget = 8.00/255
[2026-09-20 10:30:45]   [t4630 v1/6] SUCCESS (pred=dog) CTA=0.8423
[2026-09-20 10:32:21]   [t4630 v2/6] SUCCESS (pred=dog) CTA=0.8416
[2026-09-20 10:33:58]   [t4630 v3/6] SUCCESS (pred=dog) CTA=0.8355
[2026-09-20 10:35:34]   [t4630 v4/6] fail (pred=frog) CTA=0.8425
[2026-09-20 10:37:10]   [t4630 v5/6] SUCCESS (pred=dog) CTA=0.8414
[2026-09-20 10:38:47]   [t4630 v6/6] fail (pred=frog) CTA=0.8424
[2026-09-20 10:38:47]   target 4630, 6 victims on this gpu: ASR=66.7% CTA=0.8409 +/- 0.0025
[2026-09-20 10:38:47] === target 833 (5/8) ===
[2026-09-20 10:38:50]   target 833: selector overhead 2.911 s, CUDA peak 2309.5 MiB (incremental 443.9 MiB)
[2026-09-20 10:46:39]   target 833: crafted 250 poisons in 470 s, obj=0.19244, CUDA peak=5799.1 MiB (incremental 3930.7 MiB)
[2026-09-20 10:46:39]   target 833: realized linf = 0.03137 (8.00/255), budget = 8.00/255
[2026-09-20 10:48:16]   [t833 v1/6] SUCCESS (pred=dog) CTA=0.8397
[2026-09-20 10:49:52]   [t833 v2/6] fail (pred=bird) CTA=0.8386
[2026-09-20 10:51:29]   [t833 v3/6] SUCCESS (pred=dog) CTA=0.8391
[2026-09-20 10:53:05]   [t833 v4/6] SUCCESS (pred=dog) CTA=0.8349
[2026-09-20 10:54:42]   [t833 v5/6] SUCCESS (pred=dog) CTA=0.8247
[2026-09-20 10:56:18]   [t833 v6/6] SUCCESS (pred=dog) CTA=0.8335
[2026-09-20 10:56:18]   target 833, 6 victims on this gpu: ASR=83.3% CTA=0.8351 +/- 0.0052
[2026-09-20 10:56:18] === target 2065 (6/8) ===
[2026-09-20 10:56:21]   target 2065: selector overhead 2.906 s, CUDA peak 2309.5 MiB (incremental 443.9 MiB)
[2026-09-20 11:04:10]   target 2065: crafted 250 poisons in 469 s, obj=0.18735, CUDA peak=5799.1 MiB (incremental 3930.7 MiB)
[2026-09-20 11:04:10]   target 2065: realized linf = 0.03137 (8.00/255), budget = 8.00/255
[2026-09-20 11:05:46]   [t2065 v1/6] SUCCESS (pred=dog) CTA=0.8421
[2026-09-20 11:07:23]   [t2065 v2/6] SUCCESS (pred=dog) CTA=0.8412
[2026-09-20 11:08:59]   [t2065 v3/6] SUCCESS (pred=dog) CTA=0.8360
[2026-09-20 11:10:36]   [t2065 v4/6] SUCCESS (pred=dog) CTA=0.8384
[2026-09-20 11:12:12]   [t2065 v5/6] SUCCESS (pred=dog) CTA=0.8433
[2026-09-20 11:13:49]   [t2065 v6/6] SUCCESS (pred=dog) CTA=0.8372
[2026-09-20 11:13:49]   target 2065, 6 victims on this gpu: ASR=100.0% CTA=0.8397 +/- 0.0027
[2026-09-20 11:13:49] === target 7056 (7/8) ===
[2026-09-20 11:13:52]   target 7056: selector overhead 2.907 s, CUDA peak 2309.5 MiB (incremental 443.9 MiB)
[2026-09-20 11:21:41]   target 7056: crafted 250 poisons in 469 s, obj=0.23606, CUDA peak=5799.1 MiB (incremental 3930.7 MiB)
[2026-09-20 11:21:41]   target 7056: realized linf = 0.03137 (8.00/255), budget = 8.00/255
[2026-09-20 11:23:17]   [t7056 v1/6] SUCCESS (pred=dog) CTA=0.8406
[2026-09-20 11:24:54]   [t7056 v2/6] fail (pred=cat) CTA=0.8410
[2026-09-20 11:26:30]   [t7056 v3/6] SUCCESS (pred=dog) CTA=0.8392
[2026-09-20 11:28:06]   [t7056 v4/6] SUCCESS (pred=dog) CTA=0.8396
[2026-09-20 11:29:43]   [t7056 v5/6] fail (pred=bird) CTA=0.8422
[2026-09-20 11:31:19]   [t7056 v6/6] SUCCESS (pred=dog) CTA=0.8396
[2026-09-20 11:31:19]   target 7056, 6 victims on this gpu: ASR=66.7% CTA=0.8404 +/- 0.0010
[2026-09-20 11:31:19] === target 9059 (8/8) ===
[2026-09-20 11:31:22]   target 9059: selector overhead 2.914 s, CUDA peak 2309.5 MiB (incremental 443.9 MiB)
[2026-09-20 11:39:12]   target 9059: crafted 250 poisons in 469 s, obj=0.20937, CUDA peak=5799.1 MiB (incremental 3930.7 MiB)
[2026-09-20 11:39:12]   target 9059: realized linf = 0.03137 (8.00/255), budget = 8.00/255
[2026-09-20 11:40:48]   [t9059 v1/6] fail (pred=bird) CTA=0.8411
[2026-09-20 11:42:25]   [t9059 v2/6] SUCCESS (pred=dog) CTA=0.8405
[2026-09-20 11:44:01]   [t9059 v3/6] SUCCESS (pred=dog) CTA=0.8419
[2026-09-20 11:45:37]   [t9059 v4/6] SUCCESS (pred=dog) CTA=0.8343
[2026-09-20 11:47:14]   [t9059 v5/6] fail (pred=cat) CTA=0.8393
[2026-09-20 11:48:50]   [t9059 v6/6] SUCCESS (pred=dog) CTA=0.8360
[2026-09-20 11:48:50]   target 9059, 6 victims on this gpu: ASR=66.7% CTA=0.8388 +/- 0.0028
[2026-09-20 11:48:50]   selector resources: 8 target(s), 23.5 total target-seconds, max CUDA allocated 2309.5 MiB (incremental 443.9 MiB)
[2026-09-20 11:48:50] ==== CIFAR10_ResNet20BN_gradmatch_ours_dog-bird_b0.005_eps8_seed42_lam10_cosine_norm_selarchVGG13BN_K20_ce5_tgt14 : ASR = 85.4% +/- 15.5% | CTA = 0.8389 (baseline 0.8354) ====
[2026-09-20 11:48:50]   target-prediction tally ['airplane', 'automobile', 'bird', 'cat', 'deer', 'dog', 'frog', 'horse', 'ship', 'truck']: [0, 0, 3, 2, 0, 41, 2, 0, 0, 0]
verified: 8 targets x 6 victims = 48 unique evaluations
sync: CIFAR10_ResNet20BN_gradmatch_ours_dog-bird_b0.005_eps8_seed42_lam10_cosine_norm_selarchVGG13BN_K20_ce5_tgt14 -> /home/mmoslem3/scratch/PoisonBase/ensemble_rerun_round2_8x6_lam10_cosnorm_20260920_result
sync: complete
