gpu: NVIDIA L40S
cache: waiting for shared VGG13BN checkpoint lock
cache: VGG13BN checkpoints ready
cache: waiting for shared ResNet20BN checkpoint lock
cache: ResNet20BN checkpoints ready
run: waiting for duplicate-submission lock
targets: 8 unique pinned indices: 630 409 2270 9870 1656 5022 9090 6033
job: 1034135 enr210_sapa_b0002_vvgg_sr20_k20 on rack14-14
config: attack=sapa budget=0.002 V=VGG13BN S=ResNet20BN K=20 base=ours base_dist=cosine_norm lambda_margin=10 jacobian=off craft_steps=250 victim_epochs=50 victim_decay=40 targets=8 victims=6
protocol: method=ours Jacobian=off targets=8 victims=6 selector_K=20 component=basis
protocol: base_dist=cosine_norm lambda_margin=10 victim_epochs=50 victim_decay=40
protocol: 30 shared surrogates available; crafting always uses V checkpoints 0..4
output: /home/mmoslem3/scratch/PoisonBase/ensemble_rerun_round2_8x6_lam10_cosnorm_20260920_result/CIFAR10_VGG13BN_sapa_ours_dog-bird_b0.002_eps8_seed42_lam10_cosine_norm_selarchResNet20BN_K20_worst0.05_ce5_tgt50
[2026-09-20 09:01:48] === run start: CIFAR10_VGG13BN_sapa_ours_dog-bird_b0.002_eps8_seed42_lam10_cosine_norm_selarchResNet20BN_K20_worst0.05_ce5_tgt50 on cuda [0] ===
[2026-09-20 09:01:48] args: {"FORCE": false, "attack": "sapa", "base": "ours", "base_dist": "cosine_norm", "base_topr": null, "budget": 0.002, "cache_dir": "/tmp/PoisonBase_cross_arch_k_10x6/cache", "class_pair": "dog-bird", "clean_baseline": true, "craft_alpha": 0.0039216, "craft_aug": true, "craft_batch": 256, "craft_ensemble": 5, "craft_lowmem": true, "craft_schedule": false, "craft_steps": 250, "data_path": "/tmp/PoisonBase_cross_arch_k_10x6/data", "dataset": "CIFAR10", "distance_margin_coef": null, "dsa_strategy": "color_crop_cutout_flip_scale_rotate", "epsilon": 0.0313725, "fast_gradmatch": true, "fc_mode": "sample", "fc_restarts": 1, "fus_alpha": 0.5, "fus_iters": 10, "fus_proxy_restarts": 0, "fus_proxy_steps": 0, "fus_search_decay": [40], "fus_search_epochs": 50, "gpus": "all", "jacobian_batch_size": 64, "jacobian_weight": 1.0, "keep_pinned_targets": false, "lambda_margin": 10.0, "model": "VGG13BN", "no_resume": false, "num_poisons": 500, "num_surrogates": 30, "num_targets": 8, "num_victims": 6, "out_dir": "/tmp/PoisonBase_cross_arch_k_10x6/cross_arch_k_10x6_result", "pair_order": "poison-target", "parallel_pretrain": true, "parallel_targets": true, "precompute_id": null, "precompute_only": false, "precompute_part": "both", "rank_on_victims": true, "recompute_deltas": false, "require_correct_target": false, "restarts": 8, "seed": 42, "sel_K": 20, "sel_alpha": 1.0, "sel_criterion": null, "sel_dpp": false, "sel_filter": false, "sel_metric_epoch": 10, "sel_mmr": false, "sel_mode": null, "sel_model": "ResNet20BN", "sel_mu": 1.0, "sel_pca": false, "sel_pool": 3.0, "selector_metric_dir": null, "sharp_mode": "worst", "sharp_samples": 20, "sharp_sigma": 0.05, "steal_timeout": 7200.0, "surrogate_aug": false, "surrogate_bs": 128, "surrogate_decay": [35, 45], "surrogate_epochs": 60, "surrogate_lr": 0.1, "surrogate_wd": 0.0, "target_idx_file": "/tmp/PoisonBase_cross_arch_k_10x6/target_sets/VGG13BN_gradmatch_dog-bird.json", "target_select": 50, "use_jacobian_score": false, "victim_aug": false, "victim_bs": 125, "victim_decay": [40], "victim_epochs": 50, "victim_lr": 0.1, "victim_model": null, "victim_wd": 0.0}
[2026-09-20 09:01:48] Jacobian score: disabled
[2026-09-20 09:01:48] N_total=50000 budget=0.002 -> N_p=100 poisons, y_adv=5(dog) target_class=2(bird)
[2026-09-20 09:01:48] === selection/crafting surrogates (30 x VGG13BN, trained on the full real set) ===
[2026-09-20 09:01:50]   crafting on 5/30 surrogates
[2026-09-20 09:01:50] === selection surrogates (30 x ResNet20BN, cross-architecture) ===
[2026-09-20 09:01:51] === clean victims (6 x VGG13BN) ===
[2026-09-20 09:01:53]   clean baseline CTA = 0.8476 +/- 0.0158
[2026-09-20 09:01:53]   target pool 1000 -> eligible 970 (30 already predicted as y_adv or dropped)
[2026-09-20 09:01:53]   chosen 8 targets (file), p_adv range 0.0000..0.0000
[2026-09-20 09:01:53]   targets: [630, 409, 2270, 9870, 1656, 5022, 9090, 6033]
[2026-09-20 09:01:53] === target 630 (1/8) ===
[2026-09-20 09:01:54]   target 630: selector overhead 1.429 s, CUDA peak 2290.7 MiB (incremental 218.9 MiB)
[2026-09-20 09:04:59]   target 630: crafted 100 poisons in 185 s, obj=0.29242, CUDA peak=2928.7 MiB (incremental 854.9 MiB)
[2026-09-20 09:04:59]   target 630: realized linf = 0.03137 (8.00/255), budget = 8.00/255
[2026-09-20 09:06:41]   [t630 v1/6] SUCCESS (pred=dog) CTA=0.8589
[2026-09-20 09:08:24]   [t630 v2/6] fail (pred=bird) CTA=0.8310
[2026-09-20 09:10:06]   [t630 v3/6] SUCCESS (pred=dog) CTA=0.8581
[2026-09-20 09:11:48]   [t630 v4/6] SUCCESS (pred=dog) CTA=0.8641
[2026-09-20 09:13:30]   [t630 v5/6] SUCCESS (pred=dog) CTA=0.8556
[2026-09-20 09:15:12]   [t630 v6/6] SUCCESS (pred=dog) CTA=0.8609
[2026-09-20 09:15:12]   target 630, 6 victims on this gpu: ASR=83.3% CTA=0.8548 +/- 0.0109
[2026-09-20 09:15:12] === target 409 (2/8) ===
[2026-09-20 09:15:13]   target 409: selector overhead 1.253 s, CUDA peak 2298.9 MiB (incremental 218.9 MiB)
[2026-09-20 09:18:20]   target 409: crafted 100 poisons in 187 s, obj=0.26655, CUDA peak=2933.6 MiB (incremental 851.7 MiB)
[2026-09-20 09:18:20]   target 409: realized linf = 0.03137 (8.00/255), budget = 8.00/255
[2026-09-20 09:20:01]   [t409 v1/6] fail (pred=bird) CTA=0.8409
[2026-09-20 09:21:43]   [t409 v2/6] SUCCESS (pred=dog) CTA=0.8551
[2026-09-20 09:23:26]   [t409 v3/6] fail (pred=bird) CTA=0.8631
[2026-09-20 09:25:08]   [t409 v4/6] SUCCESS (pred=dog) CTA=0.8544
[2026-09-20 09:26:49]   [t409 v5/6] fail (pred=cat) CTA=0.8512
[2026-09-20 09:28:31]   [t409 v6/6] fail (pred=cat) CTA=0.8398
[2026-09-20 09:28:31]   target 409, 6 victims on this gpu: ASR=33.3% CTA=0.8508 +/- 0.0082
[2026-09-20 09:28:31] === target 2270 (3/8) ===
[2026-09-20 09:28:33]   target 2270: selector overhead 1.266 s, CUDA peak 2298.9 MiB (incremental 218.9 MiB)
[2026-09-20 09:31:40]   target 2270: crafted 100 poisons in 187 s, obj=0.28989, CUDA peak=2933.6 MiB (incremental 851.7 MiB)
[2026-09-20 09:31:40]   target 2270: realized linf = 0.03137 (8.00/255), budget = 8.00/255
[2026-09-20 09:33:22]   [t2270 v1/6] SUCCESS (pred=dog) CTA=0.8623
[2026-09-20 09:35:04]   [t2270 v2/6] SUCCESS (pred=dog) CTA=0.8553
[2026-09-20 09:36:46]   [t2270 v3/6] SUCCESS (pred=dog) CTA=0.8387
[2026-09-20 09:38:28]   [t2270 v4/6] SUCCESS (pred=dog) CTA=0.8628
[2026-09-20 09:40:11]   [t2270 v5/6] SUCCESS (pred=dog) CTA=0.8513
[2026-09-20 09:41:53]   [t2270 v6/6] SUCCESS (pred=dog) CTA=0.8535
[2026-09-20 09:41:53]   target 2270, 6 victims on this gpu: ASR=100.0% CTA=0.8540 +/- 0.0081
[2026-09-20 09:41:53] === target 9870 (4/8) ===
[2026-09-20 09:41:54]   target 9870: selector overhead 1.257 s, CUDA peak 2298.9 MiB (incremental 218.9 MiB)
[2026-09-20 09:45:01]   target 9870: crafted 100 poisons in 188 s, obj=0.27390, CUDA peak=2933.6 MiB (incremental 851.7 MiB)
[2026-09-20 09:45:01]   target 9870: realized linf = 0.03137 (8.00/255), budget = 8.00/255
[2026-09-20 09:46:44]   [t9870 v1/6] SUCCESS (pred=dog) CTA=0.8582
[2026-09-20 09:48:26]   [t9870 v2/6] fail (pred=bird) CTA=0.8416
[2026-09-20 09:50:08]   [t9870 v3/6] SUCCESS (pred=dog) CTA=0.8517
[2026-09-20 09:51:50]   [t9870 v4/6] SUCCESS (pred=dog) CTA=0.8469
[2026-09-20 09:53:32]   [t9870 v5/6] fail (pred=cat) CTA=0.8612
[2026-09-20 09:55:14]   [t9870 v6/6] SUCCESS (pred=dog) CTA=0.8495
[2026-09-20 09:55:14]   target 9870, 6 victims on this gpu: ASR=66.7% CTA=0.8515 +/- 0.0066
[2026-09-20 09:55:14] === target 1656 (5/8) ===
[2026-09-20 09:55:15]   target 1656: selector overhead 1.259 s, CUDA peak 2298.9 MiB (incremental 218.9 MiB)
[2026-09-20 09:58:25]   target 1656: crafted 100 poisons in 190 s, obj=0.28823, CUDA peak=2933.6 MiB (incremental 851.7 MiB)
[2026-09-20 09:58:25]   target 1656: realized linf = 0.03137 (8.00/255), budget = 8.00/255
[2026-09-20 10:00:07]   [t1656 v1/6] SUCCESS (pred=dog) CTA=0.8455
[2026-09-20 10:01:49]   [t1656 v2/6] SUCCESS (pred=dog) CTA=0.8409
[2026-09-20 10:03:31]   [t1656 v3/6] SUCCESS (pred=dog) CTA=0.8537
[2026-09-20 10:05:13]   [t1656 v4/6] SUCCESS (pred=dog) CTA=0.8648
[2026-09-20 10:06:55]   [t1656 v5/6] SUCCESS (pred=dog) CTA=0.8592
[2026-09-20 10:08:37]   [t1656 v6/6] SUCCESS (pred=dog) CTA=0.8603
[2026-09-20 10:08:37]   target 1656, 6 victims on this gpu: ASR=100.0% CTA=0.8541 +/- 0.0084
[2026-09-20 10:08:37] === target 5022 (6/8) ===
[2026-09-20 10:08:39]   target 5022: selector overhead 1.255 s, CUDA peak 2298.9 MiB (incremental 218.9 MiB)
[2026-09-20 10:11:52]   target 5022: crafted 100 poisons in 193 s, obj=0.27543, CUDA peak=2933.6 MiB (incremental 851.7 MiB)
[2026-09-20 10:11:52]   target 5022: realized linf = 0.03137 (8.00/255), budget = 8.00/255
[2026-09-20 10:13:34]   [t5022 v1/6] SUCCESS (pred=dog) CTA=0.8498
[2026-09-20 10:15:16]   [t5022 v2/6] SUCCESS (pred=dog) CTA=0.8502
[2026-09-20 10:16:58]   [t5022 v3/6] SUCCESS (pred=dog) CTA=0.8599
[2026-09-20 10:18:40]   [t5022 v4/6] SUCCESS (pred=dog) CTA=0.8567
[2026-09-20 10:20:22]   [t5022 v5/6] SUCCESS (pred=dog) CTA=0.8589
[2026-09-20 10:22:04]   [t5022 v6/6] SUCCESS (pred=dog) CTA=0.8632
[2026-09-20 10:22:04]   target 5022, 6 victims on this gpu: ASR=100.0% CTA=0.8565 +/- 0.0049
[2026-09-20 10:22:04] === target 9090 (7/8) ===
[2026-09-20 10:22:06]   target 9090: selector overhead 1.256 s, CUDA peak 2298.9 MiB (incremental 218.9 MiB)
[2026-09-20 10:25:14]   target 9090: crafted 100 poisons in 188 s, obj=0.24607, CUDA peak=2933.6 MiB (incremental 851.7 MiB)
[2026-09-20 10:25:14]   target 9090: realized linf = 0.03137 (8.00/255), budget = 8.00/255
[2026-09-20 10:26:56]   [t9090 v1/6] SUCCESS (pred=dog) CTA=0.8595
[2026-09-20 10:28:38]   [t9090 v2/6] SUCCESS (pred=dog) CTA=0.8479
[2026-09-20 10:30:20]   [t9090 v3/6] SUCCESS (pred=dog) CTA=0.8621
[2026-09-20 10:32:02]   [t9090 v4/6] SUCCESS (pred=dog) CTA=0.8448
[2026-09-20 10:33:44]   [t9090 v5/6] SUCCESS (pred=dog) CTA=0.8539
[2026-09-20 10:35:26]   [t9090 v6/6] SUCCESS (pred=dog) CTA=0.8493
[2026-09-20 10:35:26]   target 9090, 6 victims on this gpu: ASR=100.0% CTA=0.8529 +/- 0.0062
[2026-09-20 10:35:26] === target 6033 (8/8) ===
[2026-09-20 10:35:27]   target 6033: selector overhead 1.250 s, CUDA peak 2298.9 MiB (incremental 218.9 MiB)
[2026-09-20 10:38:35]   target 6033: crafted 100 poisons in 188 s, obj=0.22978, CUDA peak=2933.6 MiB (incremental 851.7 MiB)
[2026-09-20 10:38:35]   target 6033: realized linf = 0.03137 (8.00/255), budget = 8.00/255
[2026-09-20 10:40:17]   [t6033 v1/6] SUCCESS (pred=dog) CTA=0.8485
[2026-09-20 10:41:59]   [t6033 v2/6] SUCCESS (pred=dog) CTA=0.8574
[2026-09-20 10:43:41]   [t6033 v3/6] SUCCESS (pred=dog) CTA=0.8428
[2026-09-20 10:45:23]   [t6033 v4/6] SUCCESS (pred=dog) CTA=0.8627
[2026-09-20 10:47:05]   [t6033 v5/6] SUCCESS (pred=dog) CTA=0.8594
[2026-09-20 10:48:47]   [t6033 v6/6] SUCCESS (pred=dog) CTA=0.8624
[2026-09-20 10:48:47]   target 6033, 6 victims on this gpu: ASR=100.0% CTA=0.8555 +/- 0.0074
[2026-09-20 10:48:47]   selector resources: 8 target(s), 10.2 total target-seconds, max CUDA allocated 2298.9 MiB (incremental 218.9 MiB)
[2026-09-20 10:48:47] ==== CIFAR10_VGG13BN_sapa_ours_dog-bird_b0.002_eps8_seed42_lam10_cosine_norm_selarchResNet20BN_K20_worst0.05_ce5_tgt50 : ASR = 85.4% +/- 22.7% | CTA = 0.8537 (baseline 0.8476) ====
[2026-09-20 10:48:47]   target-prediction tally ['airplane', 'automobile', 'bird', 'cat', 'deer', 'dog', 'frog', 'horse', 'ship', 'truck']: [0, 0, 4, 3, 0, 41, 0, 0, 0, 0]
verified: 8 targets x 6 victims = 48 unique evaluations
sync: CIFAR10_VGG13BN_sapa_ours_dog-bird_b0.002_eps8_seed42_lam10_cosine_norm_selarchResNet20BN_K20_worst0.05_ce5_tgt50 -> /home/mmoslem3/scratch/PoisonBase/ensemble_rerun_round2_8x6_lam10_cosnorm_20260920_result
sync: complete
