gpu: NVIDIA L40S
cache: waiting for shared VGG13BN checkpoint lock
cache: VGG13BN checkpoints ready
cache: waiting for shared ConvNetBN checkpoint lock
cache: ConvNetBN checkpoints ready
run: waiting for duplicate-submission lock
targets: 8 unique pinned indices: 3728 5640 6922 7855 2127 7586 7360 2171
job: 1034151 enr226_bp_b0002_vvgg_sconv_k10 on rack08-05
config: attack=fc budget=0.002 V=VGG13BN S=ConvNetBN K=10 base=ours base_dist=cosine_norm lambda_margin=10 jacobian=off craft_steps=250 victim_epochs=50 victim_decay=40 targets=8 victims=6
protocol: method=ours Jacobian=off targets=8 victims=6 selector_K=10 component=basis
protocol: base_dist=cosine_norm lambda_margin=10 victim_epochs=50 victim_decay=40
protocol: 30 shared surrogates available; crafting always uses V checkpoints 0..4
output: /home/mmoslem3/scratch/PoisonBase/ensemble_rerun_round2_8x6_lam10_cosnorm_20260920_result/CIFAR10_VGG13BN_fc_ours_dog-bird_b0.002_eps8_seed42_lam10_cosine_norm_selarchConvNetBN_K10_ce5_tgt3
[2026-09-20 09:17:18] === run start: CIFAR10_VGG13BN_fc_ours_dog-bird_b0.002_eps8_seed42_lam10_cosine_norm_selarchConvNetBN_K10_ce5_tgt3 on cuda [0] ===
[2026-09-20 09:17:18] args: {"FORCE": false, "attack": "fc", "base": "ours", "base_dist": "cosine_norm", "base_topr": null, "budget": 0.002, "cache_dir": "/tmp/PoisonBase_cross_arch_k_10x6/cache", "class_pair": "dog-bird", "clean_baseline": true, "craft_alpha": 0.0039216, "craft_aug": true, "craft_batch": 256, "craft_ensemble": 5, "craft_lowmem": false, "craft_schedule": false, "craft_steps": 250, "data_path": "/tmp/PoisonBase_cross_arch_k_10x6/data", "dataset": "CIFAR10", "distance_margin_coef": null, "dsa_strategy": "color_crop_cutout_flip_scale_rotate", "epsilon": 0.0313725, "fast_gradmatch": false, "fc_mode": "sample", "fc_restarts": 1, "fus_alpha": 0.5, "fus_iters": 10, "fus_proxy_restarts": 0, "fus_proxy_steps": 0, "fus_search_decay": [40], "fus_search_epochs": 50, "gpus": "all", "jacobian_batch_size": 64, "jacobian_weight": 1.0, "keep_pinned_targets": false, "lambda_margin": 10.0, "model": "VGG13BN", "no_resume": false, "num_poisons": 500, "num_surrogates": 30, "num_targets": 8, "num_victims": 6, "out_dir": "/tmp/PoisonBase_cross_arch_k_10x6/cross_arch_k_10x6_result", "pair_order": "poison-target", "parallel_pretrain": true, "parallel_targets": true, "precompute_id": null, "precompute_only": false, "precompute_part": "both", "rank_on_victims": true, "recompute_deltas": false, "require_correct_target": false, "restarts": 8, "seed": 42, "sel_K": 10, "sel_alpha": 1.0, "sel_criterion": null, "sel_dpp": false, "sel_filter": false, "sel_metric_epoch": 10, "sel_mmr": false, "sel_mode": null, "sel_model": "ConvNetBN", "sel_mu": 1.0, "sel_pca": false, "sel_pool": 3.0, "selector_metric_dir": null, "sharp_mode": "worst", "sharp_samples": 20, "sharp_sigma": 0.05, "steal_timeout": 7200.0, "surrogate_aug": false, "surrogate_bs": 128, "surrogate_decay": [35, 45], "surrogate_epochs": 60, "surrogate_lr": 0.1, "surrogate_wd": 0.0, "target_idx_file": "/tmp/PoisonBase_cross_arch_k_10x6/target_sets/VGG13BN_fc_dog-bird.json", "target_select": 3, "use_jacobian_score": false, "victim_aug": false, "victim_bs": 125, "victim_decay": [40], "victim_epochs": 50, "victim_lr": 0.1, "victim_model": null, "victim_wd": 0.0}
[2026-09-20 09:17:18] Jacobian score: disabled
[2026-09-20 09:17:18] N_total=50000 budget=0.002 -> N_p=100 poisons, y_adv=5(dog) target_class=2(bird)
[2026-09-20 09:17:18] === selection/crafting surrogates (30 x VGG13BN, trained on the full real set) ===
[2026-09-20 09:17:20]   crafting on 5/30 surrogates
[2026-09-20 09:17:20] === selection surrogates (30 x ConvNetBN, cross-architecture) ===
[2026-09-20 09:17:20] === clean victims (6 x VGG13BN) ===
[2026-09-20 09:17:22]   clean baseline CTA = 0.8476 +/- 0.0158
[2026-09-20 09:17:22]   target pool 1000 -> eligible 970 (30 already predicted as y_adv or dropped)
[2026-09-20 09:17:22]   chosen 8 targets (file), p_adv range 0.1700..0.1985
[2026-09-20 09:17:22]   targets: [3728, 5640, 6922, 7855, 2127, 7586, 7360, 2171]
[2026-09-20 09:17:22] === target 3728 (1/8) ===
[2026-09-20 09:17:23]   target 3728: selector overhead 0.938 s, CUDA peak 2650.8 MiB (incremental 574.8 MiB)
[2026-09-20 09:17:26]   target 3728: crafted 100 poisons in 3 s, obj=0.00243, CUDA peak=3245.2 MiB (incremental 1167.2 MiB)
[2026-09-20 09:17:26]   target 3728: realized linf = 0.03137 (8.00/255), budget = 8.00/255
[2026-09-20 09:19:07]   [t3728 v1/6] SUCCESS (pred=dog) CTA=0.8638
[2026-09-20 09:20:49]   [t3728 v2/6] fail (pred=deer) CTA=0.8563
[2026-09-20 09:22:31]   [t3728 v3/6] fail (pred=bird) CTA=0.8502
[2026-09-20 09:24:12]   [t3728 v4/6] fail (pred=frog) CTA=0.8628
[2026-09-20 09:25:54]   [t3728 v5/6] fail (pred=frog) CTA=0.8544
[2026-09-20 09:27:35]   [t3728 v6/6] SUCCESS (pred=dog) CTA=0.8344
[2026-09-20 09:27:35]   target 3728, 6 victims on this gpu: ASR=33.3% CTA=0.8537 +/- 0.0098
[2026-09-20 09:27:35] === target 5640 (2/8) ===
[2026-09-20 09:27:36]   target 5640: selector overhead 0.870 s, CUDA peak 2659.0 MiB (incremental 574.9 MiB)
[2026-09-20 09:27:40]   target 5640: crafted 100 poisons in 3 s, obj=0.00207, CUDA peak=3258.9 MiB (incremental 1172.7 MiB)
[2026-09-20 09:27:40]   target 5640: realized linf = 0.03137 (8.00/255), budget = 8.00/255
[2026-09-20 09:29:20]   [t5640 v1/6] SUCCESS (pred=dog) CTA=0.8375
[2026-09-20 09:31:02]   [t5640 v2/6] SUCCESS (pred=dog) CTA=0.8516
[2026-09-20 09:32:44]   [t5640 v3/6] fail (pred=bird) CTA=0.8418
[2026-09-20 09:34:25]   [t5640 v4/6] fail (pred=bird) CTA=0.8617
[2026-09-20 09:36:07]   [t5640 v5/6] SUCCESS (pred=dog) CTA=0.8636
[2026-09-20 09:37:48]   [t5640 v6/6] fail (pred=cat) CTA=0.8544
[2026-09-20 09:37:48]   target 5640, 6 victims on this gpu: ASR=50.0% CTA=0.8518 +/- 0.0096
[2026-09-20 09:37:48] === target 6922 (3/8) ===
[2026-09-20 09:37:49]   target 6922: selector overhead 0.871 s, CUDA peak 2659.0 MiB (incremental 574.9 MiB)
[2026-09-20 09:37:53]   target 6922: crafted 100 poisons in 3 s, obj=0.00236, CUDA peak=3258.9 MiB (incremental 1172.7 MiB)
[2026-09-20 09:37:53]   target 6922: realized linf = 0.03137 (8.00/255), budget = 8.00/255
[2026-09-20 09:39:33]   [t6922 v1/6] SUCCESS (pred=dog) CTA=0.8605
[2026-09-20 09:41:15]   [t6922 v2/6] SUCCESS (pred=dog) CTA=0.8599
[2026-09-20 09:42:56]   [t6922 v3/6] SUCCESS (pred=dog) CTA=0.8570
[2026-09-20 09:44:38]   [t6922 v4/6] SUCCESS (pred=dog) CTA=0.8530
[2026-09-20 09:46:20]   [t6922 v5/6] SUCCESS (pred=dog) CTA=0.8428
[2026-09-20 09:48:01]   [t6922 v6/6] SUCCESS (pred=dog) CTA=0.8420
[2026-09-20 09:48:01]   target 6922, 6 victims on this gpu: ASR=100.0% CTA=0.8525 +/- 0.0076
[2026-09-20 09:48:01] === target 7855 (4/8) ===
[2026-09-20 09:48:02]   target 7855: selector overhead 0.871 s, CUDA peak 2659.0 MiB (incremental 574.9 MiB)
[2026-09-20 09:48:06]   target 7855: crafted 100 poisons in 3 s, obj=0.00193, CUDA peak=3258.9 MiB (incremental 1172.7 MiB)
[2026-09-20 09:48:06]   target 7855: realized linf = 0.03137 (8.00/255), budget = 8.00/255
[2026-09-20 09:49:47]   [t7855 v1/6] SUCCESS (pred=dog) CTA=0.8544
[2026-09-20 09:51:28]   [t7855 v2/6] fail (pred=bird) CTA=0.8525
[2026-09-20 09:53:10]   [t7855 v3/6] fail (pred=bird) CTA=0.8626
[2026-09-20 09:54:51]   [t7855 v4/6] fail (pred=bird) CTA=0.8586
[2026-09-20 09:56:32]   [t7855 v5/6] SUCCESS (pred=dog) CTA=0.8637
[2026-09-20 09:58:14]   [t7855 v6/6] SUCCESS (pred=dog) CTA=0.8273
[2026-09-20 09:58:14]   target 7855, 6 victims on this gpu: ASR=50.0% CTA=0.8532 +/- 0.0123
[2026-09-20 09:58:14] === target 2127 (5/8) ===
[2026-09-20 09:58:15]   target 2127: selector overhead 0.871 s, CUDA peak 2659.0 MiB (incremental 574.9 MiB)
[2026-09-20 09:58:18]   target 2127: crafted 100 poisons in 3 s, obj=0.00212, CUDA peak=3258.9 MiB (incremental 1172.7 MiB)
[2026-09-20 09:58:18]   target 2127: realized linf = 0.03137 (8.00/255), budget = 8.00/255
[2026-09-20 09:59:59]   [t2127 v1/6] fail (pred=deer) CTA=0.8635
[2026-09-20 10:01:41]   [t2127 v2/6] SUCCESS (pred=dog) CTA=0.8441
[2026-09-20 10:03:22]   [t2127 v3/6] SUCCESS (pred=dog) CTA=0.8510
[2026-09-20 10:05:04]   [t2127 v4/6] fail (pred=deer) CTA=0.8516
[2026-09-20 10:06:45]   [t2127 v5/6] SUCCESS (pred=dog) CTA=0.8438
[2026-09-20 10:08:27]   [t2127 v6/6] fail (pred=bird) CTA=0.8583
[2026-09-20 10:08:27]   target 2127, 6 victims on this gpu: ASR=50.0% CTA=0.8521 +/- 0.0071
[2026-09-20 10:08:27] === target 7586 (6/8) ===
[2026-09-20 10:08:28]   target 7586: selector overhead 0.870 s, CUDA peak 2659.0 MiB (incremental 574.9 MiB)
[2026-09-20 10:08:31]   target 7586: crafted 100 poisons in 3 s, obj=0.00220, CUDA peak=3258.9 MiB (incremental 1172.7 MiB)
[2026-09-20 10:08:31]   target 7586: realized linf = 0.03137 (8.00/255), budget = 8.00/255
[2026-09-20 10:10:12]   [t7586 v1/6] fail (pred=bird) CTA=0.8560
[2026-09-20 10:11:53]   [t7586 v2/6] fail (pred=cat) CTA=0.8500
[2026-09-20 10:13:35]   [t7586 v3/6] fail (pred=cat) CTA=0.8553
[2026-09-20 10:15:16]   [t7586 v4/6] fail (pred=bird) CTA=0.8608
[2026-09-20 10:16:58]   [t7586 v5/6] fail (pred=cat) CTA=0.8470
[2026-09-20 10:18:40]   [t7586 v6/6] fail (pred=horse) CTA=0.8436
[2026-09-20 10:18:40]   target 7586, 6 victims on this gpu: ASR=0.0% CTA=0.8521 +/- 0.0058
[2026-09-20 10:18:40] === target 7360 (7/8) ===
[2026-09-20 10:18:40]   target 7360: selector overhead 0.870 s, CUDA peak 2659.0 MiB (incremental 574.9 MiB)
[2026-09-20 10:18:44]   target 7360: crafted 100 poisons in 3 s, obj=0.00234, CUDA peak=3258.9 MiB (incremental 1172.7 MiB)
[2026-09-20 10:18:44]   target 7360: realized linf = 0.03137 (8.00/255), budget = 8.00/255
[2026-09-20 10:20:25]   [t7360 v1/6] SUCCESS (pred=dog) CTA=0.8639
[2026-09-20 10:22:06]   [t7360 v2/6] fail (pred=bird) CTA=0.8483
[2026-09-20 10:23:48]   [t7360 v3/6] SUCCESS (pred=dog) CTA=0.8580
[2026-09-20 10:25:29]   [t7360 v4/6] SUCCESS (pred=dog) CTA=0.8665
[2026-09-20 10:27:11]   [t7360 v5/6] fail (pred=bird) CTA=0.8290
[2026-09-20 10:28:53]   [t7360 v6/6] SUCCESS (pred=dog) CTA=0.8413
[2026-09-20 10:28:53]   target 7360, 6 victims on this gpu: ASR=66.7% CTA=0.8512 +/- 0.0132
[2026-09-20 10:28:53] === target 2171 (8/8) ===
[2026-09-20 10:28:54]   target 2171: selector overhead 0.873 s, CUDA peak 2659.0 MiB (incremental 574.9 MiB)
[2026-09-20 10:28:57]   target 2171: crafted 100 poisons in 3 s, obj=0.00240, CUDA peak=3258.9 MiB (incremental 1172.7 MiB)
[2026-09-20 10:28:57]   target 2171: realized linf = 0.03137 (8.00/255), budget = 8.00/255
[2026-09-20 10:30:38]   [t2171 v1/6] SUCCESS (pred=dog) CTA=0.8522
[2026-09-20 10:32:19]   [t2171 v2/6] fail (pred=bird) CTA=0.8591
[2026-09-20 10:34:01]   [t2171 v3/6] fail (pred=bird) CTA=0.8586
[2026-09-20 10:35:43]   [t2171 v4/6] SUCCESS (pred=dog) CTA=0.8390
[2026-09-20 10:37:24]   [t2171 v5/6] fail (pred=bird) CTA=0.8446
[2026-09-20 10:39:06]   [t2171 v6/6] fail (pred=bird) CTA=0.8657
[2026-09-20 10:39:06]   target 2171, 6 victims on this gpu: ASR=33.3% CTA=0.8532 +/- 0.0091
[2026-09-20 10:39:06]   selector resources: 8 target(s), 7.0 total target-seconds, max CUDA allocated 2659.0 MiB (incremental 574.9 MiB)
[2026-09-20 10:39:06] ==== CIFAR10_VGG13BN_fc_ours_dog-bird_b0.002_eps8_seed42_lam10_cosine_norm_selarchConvNetBN_K10_ce5_tgt3 : ASR = 47.9% +/- 26.9% | CTA = 0.8525 (baseline 0.8476) ====
[2026-09-20 10:39:06]   target-prediction tally ['airplane', 'automobile', 'bird', 'cat', 'deer', 'dog', 'frog', 'horse', 'ship', 'truck']: [0, 0, 15, 4, 3, 23, 2, 1, 0, 0]
verified: 8 targets x 6 victims = 48 unique evaluations
sync: CIFAR10_VGG13BN_fc_ours_dog-bird_b0.002_eps8_seed42_lam10_cosine_norm_selarchConvNetBN_K10_ce5_tgt3 -> /home/mmoslem3/scratch/PoisonBase/ensemble_rerun_round2_8x6_lam10_cosnorm_20260920_result
sync: complete
