gpu: NVIDIA L40S
targets: 5118 8740 5324 4630 833 2065 7056 9059 6707 9874
verified: 20 complete Gao metric shards
job: 1030769 gao_r20_sapa_b0005_rerun on rack01-04
config: selector=gao-gradnorm attack=sapa budget=0.005 model=ResNet20BN K=20 dog-bird targets=10 victims=6 craft_steps=250 parts=1
partition: full (10 target(s), 6 victims each)
output: /home/mmoslem3/scratch/PoisonBase/influence_fus_baselines_result/CIFAR10_ResNet20BN_sapa_ours_dog-bird_b0.005_eps8_seed42_lam1_cosine_selgao-gradnorm_ep10_K20_worst0.05_ce5_tgt14
warning: /usr/bin/time is unavailable; Python phase metrics remain enabled
[2026-09-19 20:16:08] === run start: CIFAR10_ResNet20BN_sapa_ours_dog-bird_b0.005_eps8_seed42_lam1_cosine_selgao-gradnorm_ep10_K20_worst0.05_ce5_tgt14 on cuda [0] ===
[2026-09-19 20:16:08] args: {"FORCE": false, "attack": "sapa", "base": "ours", "base_dist": "cosine", "base_topr": null, "budget": 0.005, "cache_dir": "/tmp/PoisonBase_influence_fus/cache", "class_pair": "dog-bird", "clean_baseline": true, "craft_alpha": 0.0039216, "craft_aug": true, "craft_batch": 256, "craft_ensemble": 5, "craft_lowmem": false, "craft_schedule": false, "craft_steps": 250, "data_path": "/tmp/PoisonBase_influence_fus/data", "dataset": "CIFAR10", "distance_margin_coef": null, "dsa_strategy": "color_crop_cutout_flip_scale_rotate", "epsilon": 0.0313725, "fast_gradmatch": false, "fc_mode": "sample", "fc_restarts": 1, "fus_alpha": 0.5, "fus_iters": 10, "fus_proxy_restarts": 0, "fus_proxy_steps": 0, "fus_search_decay": [40], "fus_search_epochs": 50, "gpus": "all", "jacobian_batch_size": 64, "jacobian_weight": 1.0, "keep_pinned_targets": true, "lambda_margin": 1.0, "model": "ResNet20BN", "no_resume": false, "num_poisons": 500, "num_surrogates": 20, "num_targets": 10, "num_victims": 6, "out_dir": "/tmp/PoisonBase_influence_fus/influence_fus_baselines_result", "pair_order": "poison-target", "parallel_pretrain": true, "parallel_targets": true, "precompute_id": null, "precompute_only": false, "precompute_part": "both", "rank_on_victims": true, "recompute_deltas": false, "require_correct_target": false, "restarts": 8, "seed": 42, "sel_K": 20, "sel_alpha": 1.0, "sel_criterion": "gao-gradnorm", "sel_dpp": false, "sel_filter": false, "sel_metric_epoch": 10, "sel_mmr": false, "sel_mode": null, "sel_model": null, "sel_mu": 1.0, "sel_pca": false, "sel_pool": 3.0, "selector_metric_dir": "/tmp/PoisonBase_influence_fus/cache/selector_metrics", "sharp_mode": "worst", "sharp_samples": 20, "sharp_sigma": 0.05, "steal_timeout": 7200.0, "surrogate_aug": false, "surrogate_bs": 128, "surrogate_decay": [35, 45], "surrogate_epochs": 60, "surrogate_lr": 0.1, "surrogate_wd": 0.0, "target_idx_file": "/tmp/PoisonBase_influence_fus/target_sets/ResNet20BN_gradmatch_dog-bird.json", "target_select": 14, "use_jacobian_score": false, "victim_aug": false, "victim_bs": 125, "victim_decay": [40], "victim_epochs": 50, "victim_lr": 0.1, "victim_model": null, "victim_wd": 0.0}
[2026-09-19 20:16:08] Jacobian score: disabled
[2026-09-19 20:16:08] Gao selector: gao-gradnorm, epoch=10, K=20, shards=/tmp/PoisonBase_influence_fus/cache/selector_metrics/CIFAR10_ResNet20BN_60ep_select10_lr0.1_bs128_decay35-45_wd0_seed42/class5
[2026-09-19 20:16:08] N_total=50000 budget=0.005 -> N_p=250 poisons, y_adv=5(dog) target_class=2(bird)
[2026-09-19 20:16:08] === selection/crafting surrogates (20 x ResNet20BN, trained on the full real set) ===
[2026-09-19 20:16:08]   crafting on 5/20 surrogates
[2026-09-19 20:16:08] === clean victims (6 x ResNet20BN) ===
[2026-09-19 20:16:09]   clean baseline CTA = 0.8354 +/- 0.0043
[2026-09-19 20:16:09]   chosen 10 targets (file, fixed across victim architectures), p_adv range 0.0001..0.3539
[2026-09-19 20:16:09]   targets: [5118, 8740, 5324, 4630, 833, 2065, 7056, 9059, 6707, 9874]
[2026-09-19 20:16:09]   merged 48 rows left behind by an interrupted run
[2026-09-19 20:16:09]   resume: 48 (target, victim) trials already done
[2026-09-19 20:16:09] === target 6707 (1/2) ===
[2026-09-19 20:16:09]   Gao selector gao-gradnorm: K=20, score range selected 32.7033..56.981
[2026-09-19 20:16:09]   target 6707: selector overhead 0.070 s, CUDA peak 741.9 MiB (incremental 0.1 MiB)
[2026-09-19 20:23:55]   target 6707: crafted 250 poisons in 466 s, obj=0.21010, CUDA peak=4678.3 MiB (incremental 3933.5 MiB)
[2026-09-19 20:23:55]   target 6707: realized linf = 0.03137 (8.00/255), budget = 8.00/255
[2026-09-19 20:25:31]   [t6707 v1/6] SUCCESS (pred=dog) CTA=0.8508
[2026-09-19 20:27:07]   [t6707 v2/6] fail (pred=cat) CTA=0.8493
[2026-09-19 20:28:43]   [t6707 v3/6] SUCCESS (pred=dog) CTA=0.8411
[2026-09-19 20:30:19]   [t6707 v4/6] SUCCESS (pred=dog) CTA=0.8370
[2026-09-19 20:31:55]   [t6707 v5/6] SUCCESS (pred=dog) CTA=0.8421
[2026-09-19 20:33:30]   [t6707 v6/6] SUCCESS (pred=dog) CTA=0.8370
[2026-09-19 20:33:30]   target 6707, 6 victims on this gpu: ASR=83.3% CTA=0.8429 +/- 0.0054
[2026-09-19 20:33:30] === target 9874 (2/2) ===
[2026-09-19 20:33:30]   Gao selector gao-gradnorm: K=20, score range selected 32.7033..56.981
[2026-09-19 20:33:30]   target 9874: selector overhead 0.014 s, CUDA peak 750.0 MiB (incremental 0.1 MiB)
[2026-09-19 20:41:17]   target 9874: crafted 250 poisons in 466 s, obj=0.18771, CUDA peak=4685.5 MiB (incremental 3932.7 MiB)
[2026-09-19 20:41:17]   target 9874: realized linf = 0.03137 (8.00/255), budget = 8.00/255
[2026-09-19 20:42:53]   [t9874 v1/6] SUCCESS (pred=dog) CTA=0.8424
[2026-09-19 20:44:29]   [t9874 v2/6] SUCCESS (pred=dog) CTA=0.8404
[2026-09-19 20:46:05]   [t9874 v3/6] SUCCESS (pred=dog) CTA=0.8363
[2026-09-19 20:47:40]   [t9874 v4/6] SUCCESS (pred=dog) CTA=0.8378
[2026-09-19 20:49:16]   [t9874 v5/6] SUCCESS (pred=dog) CTA=0.8378
[2026-09-19 20:50:52]   [t9874 v6/6] SUCCESS (pred=dog) CTA=0.8320
[2026-09-19 20:50:52]   target 9874, 6 victims on this gpu: ASR=100.0% CTA=0.8378 +/- 0.0033
[2026-09-19 20:50:52]   selector resources: 10 target(s), 0.3 total target-seconds, max CUDA allocated 750.0 MiB (incremental 0.1 MiB)
[2026-09-19 20:50:52] ==== CIFAR10_ResNet20BN_sapa_ours_dog-bird_b0.005_eps8_seed42_lam1_cosine_selgao-gradnorm_ep10_K20_worst0.05_ce5_tgt14 : ASR = 83.3% +/- 29.8% | CTA = 0.8391 (baseline 0.8354) ====
[2026-09-19 20:50:52]   target-prediction tally ['airplane', 'automobile', 'bird', 'cat', 'deer', 'dog', 'frog', 'horse', 'ship', 'truck']: [0, 0, 0, 1, 0, 11, 0, 0, 0, 0]
verified: 10 targets x 6 victims = 60 unique evaluations
