gpu: NVIDIA L40S
cache: waiting for shared VGG13BN checkpoint lock
cache: VGG13BN checkpoints ready
cache: waiting for shared ConvNetBN checkpoint lock
cache: ConvNetBN checkpoints ready
run: waiting for duplicate-submission lock
targets: 8 unique pinned indices: 3728 5640 6922 7855 2127 7586 7360 2171
job: 1021716 grn05_bp_b0002_vvgg_sconv_k3 on rack02-12
config: attack=fc budget=0.002 V=VGG13BN S=ConvNetBN K=3 base=ours base_dist=cosine_norm lambda_margin=10 jacobian=off craft_steps=250 victim_epochs=50 victim_decay=40 targets=8 victims=6; green-table-ASR=58.3
protocol: method=ours Jacobian=off targets=8 victims=6 selector_K=3 component=basis
protocol: base_dist=cosine_norm lambda_margin=10 victim_epochs=50 victim_decay=40
protocol: 30 shared surrogates available; crafting always uses V checkpoints 0..4
output: /home/mmoslem3/scratch/PoisonBase/green_rerun_8x6_lam10_cosnorm_20260919_result/CIFAR10_VGG13BN_fc_ours_dog-bird_b0.002_eps8_seed42_lam10_cosine_norm_selarchConvNetBN_K3_ce5_tgt3
[2026-09-19 19:53:05] === run start: CIFAR10_VGG13BN_fc_ours_dog-bird_b0.002_eps8_seed42_lam10_cosine_norm_selarchConvNetBN_K3_ce5_tgt3 on cuda [0] ===
[2026-09-19 19:53:05] args: {"FORCE": false, "attack": "fc", "base": "ours", "base_dist": "cosine_norm", "base_topr": null, "budget": 0.002, "cache_dir": "/tmp/PoisonBase_cross_arch_k_10x6/cache", "class_pair": "dog-bird", "clean_baseline": true, "craft_alpha": 0.0039216, "craft_aug": true, "craft_batch": 256, "craft_ensemble": 5, "craft_lowmem": false, "craft_schedule": false, "craft_steps": 250, "data_path": "/tmp/PoisonBase_cross_arch_k_10x6/data", "dataset": "CIFAR10", "distance_margin_coef": null, "dsa_strategy": "color_crop_cutout_flip_scale_rotate", "epsilon": 0.0313725, "fast_gradmatch": false, "fc_mode": "sample", "fc_restarts": 1, "fus_alpha": 0.5, "fus_iters": 10, "fus_proxy_restarts": 0, "fus_proxy_steps": 0, "fus_search_decay": [40], "fus_search_epochs": 50, "gpus": "all", "jacobian_batch_size": 64, "jacobian_weight": 1.0, "keep_pinned_targets": false, "lambda_margin": 10.0, "model": "VGG13BN", "no_resume": false, "num_poisons": 500, "num_surrogates": 30, "num_targets": 8, "num_victims": 6, "out_dir": "/tmp/PoisonBase_cross_arch_k_10x6/cross_arch_k_10x6_result", "pair_order": "poison-target", "parallel_pretrain": true, "parallel_targets": true, "precompute_id": null, "precompute_only": false, "precompute_part": "both", "rank_on_victims": true, "recompute_deltas": false, "require_correct_target": false, "restarts": 8, "seed": 42, "sel_K": 3, "sel_alpha": 1.0, "sel_criterion": null, "sel_dpp": false, "sel_filter": false, "sel_metric_epoch": 10, "sel_mmr": false, "sel_mode": null, "sel_model": "ConvNetBN", "sel_mu": 1.0, "sel_pca": false, "sel_pool": 3.0, "selector_metric_dir": null, "sharp_mode": "worst", "sharp_samples": 20, "sharp_sigma": 0.05, "steal_timeout": 7200.0, "surrogate_aug": false, "surrogate_bs": 128, "surrogate_decay": [35, 45], "surrogate_epochs": 60, "surrogate_lr": 0.1, "surrogate_wd": 0.0, "target_idx_file": "/tmp/PoisonBase_cross_arch_k_10x6/target_sets/VGG13BN_fc_dog-bird.json", "target_select": 3, "use_jacobian_score": false, "victim_aug": false, "victim_bs": 125, "victim_decay": [40], "victim_epochs": 50, "victim_lr": 0.1, "victim_model": null, "victim_wd": 0.0}
[2026-09-19 19:53:05] Jacobian score: disabled
[2026-09-19 19:53:05] N_total=50000 budget=0.002 -> N_p=100 poisons, y_adv=5(dog) target_class=2(bird)
[2026-09-19 19:53:05] === selection/crafting surrogates (30 x VGG13BN, trained on the full real set) ===
[2026-09-19 19:53:07]   crafting on 5/30 surrogates
[2026-09-19 19:53:07] === selection surrogates (30 x ConvNetBN, cross-architecture) ===
[2026-09-19 19:53:07] === clean victims (6 x VGG13BN) ===
[2026-09-19 19:53:08]   clean baseline CTA = 0.8476 +/- 0.0158
[2026-09-19 19:53:09]   target pool 1000 -> eligible 970 (30 already predicted as y_adv or dropped)
[2026-09-19 19:53:09]   chosen 8 targets (file), p_adv range 0.1700..0.1985
[2026-09-19 19:53:09]   targets: [3728, 5640, 6922, 7855, 2127, 7586, 7360, 2171]
[2026-09-19 19:53:09] === target 3728 (1/8) ===
[2026-09-19 19:53:09]   target 3728: selector overhead 0.305 s, CUDA peak 2650.8 MiB (incremental 574.8 MiB)
[2026-09-19 19:53:12]   target 3728: crafted 100 poisons in 3 s, obj=0.00230, CUDA peak=3245.2 MiB (incremental 1167.2 MiB)
[2026-09-19 19:53:12]   target 3728: realized linf = 0.03137 (8.00/255), budget = 8.00/255
[2026-09-19 19:54:54]   [t3728 v1/6] SUCCESS (pred=dog) CTA=0.8577
[2026-09-19 19:56:36]   [t3728 v2/6] SUCCESS (pred=dog) CTA=0.8521
[2026-09-19 19:58:19]   [t3728 v3/6] fail (pred=frog) CTA=0.8494
[2026-09-19 20:00:01]   [t3728 v4/6] SUCCESS (pred=dog) CTA=0.8545
[2026-09-19 20:01:44]   [t3728 v5/6] SUCCESS (pred=dog) CTA=0.8597
[2026-09-19 20:03:26]   [t3728 v6/6] fail (pred=bird) CTA=0.8383
[2026-09-19 20:03:26]   target 3728, 6 victims on this gpu: ASR=66.7% CTA=0.8520 +/- 0.0070
[2026-09-19 20:03:26] === target 5640 (2/8) ===
[2026-09-19 20:03:26]   target 5640: selector overhead 0.264 s, CUDA peak 2659.0 MiB (incremental 574.9 MiB)
[2026-09-19 20:03:30]   target 5640: crafted 100 poisons in 3 s, obj=0.00210, CUDA peak=3258.9 MiB (incremental 1172.7 MiB)
[2026-09-19 20:03:30]   target 5640: realized linf = 0.03137 (8.00/255), budget = 8.00/255
[2026-09-19 20:05:11]   [t5640 v1/6] SUCCESS (pred=dog) CTA=0.8456
[2026-09-19 20:06:54]   [t5640 v2/6] fail (pred=bird) CTA=0.8480
[2026-09-19 20:08:36]   [t5640 v3/6] fail (pred=bird) CTA=0.8544
[2026-09-19 20:10:18]   [t5640 v4/6] fail (pred=cat) CTA=0.8543
[2026-09-19 20:12:01]   [t5640 v5/6] SUCCESS (pred=dog) CTA=0.8565
[2026-09-19 20:13:43]   [t5640 v6/6] SUCCESS (pred=dog) CTA=0.8596
[2026-09-19 20:13:43]   target 5640, 6 victims on this gpu: ASR=50.0% CTA=0.8531 +/- 0.0048
[2026-09-19 20:13:43] === target 6922 (3/8) ===
[2026-09-19 20:13:43]   target 6922: selector overhead 0.263 s, CUDA peak 2659.0 MiB (incremental 574.9 MiB)
[2026-09-19 20:13:47]   target 6922: crafted 100 poisons in 3 s, obj=0.00233, CUDA peak=3258.9 MiB (incremental 1172.7 MiB)
[2026-09-19 20:13:47]   target 6922: realized linf = 0.03137 (8.00/255), budget = 8.00/255
[2026-09-19 20:15:28]   [t6922 v1/6] fail (pred=frog) CTA=0.8567
[2026-09-19 20:17:10]   [t6922 v2/6] SUCCESS (pred=dog) CTA=0.8572
[2026-09-19 20:18:53]   [t6922 v3/6] SUCCESS (pred=dog) CTA=0.8550
[2026-09-19 20:20:35]   [t6922 v4/6] SUCCESS (pred=dog) CTA=0.8452
[2026-09-19 20:22:18]   [t6922 v5/6] fail (pred=frog) CTA=0.8434
[2026-09-19 20:24:00]   [t6922 v6/6] SUCCESS (pred=dog) CTA=0.8453
[2026-09-19 20:24:00]   target 6922, 6 victims on this gpu: ASR=66.7% CTA=0.8505 +/- 0.0059
[2026-09-19 20:24:00] === target 7855 (4/8) ===
[2026-09-19 20:24:00]   target 7855: selector overhead 0.264 s, CUDA peak 2659.0 MiB (incremental 574.9 MiB)
[2026-09-19 20:24:04]   target 7855: crafted 100 poisons in 3 s, obj=0.00202, CUDA peak=3258.9 MiB (incremental 1172.7 MiB)
[2026-09-19 20:24:04]   target 7855: realized linf = 0.03137 (8.00/255), budget = 8.00/255
[2026-09-19 20:25:45]   [t7855 v1/6] SUCCESS (pred=dog) CTA=0.8567
[2026-09-19 20:27:27]   [t7855 v2/6] fail (pred=bird) CTA=0.8510
[2026-09-19 20:29:10]   [t7855 v3/6] fail (pred=bird) CTA=0.8627
[2026-09-19 20:30:52]   [t7855 v4/6] SUCCESS (pred=dog) CTA=0.8538
[2026-09-19 20:32:35]   [t7855 v5/6] SUCCESS (pred=dog) CTA=0.8654
[2026-09-19 20:34:17]   [t7855 v6/6] fail (pred=bird) CTA=0.8331
[2026-09-19 20:34:17]   target 7855, 6 victims on this gpu: ASR=50.0% CTA=0.8538 +/- 0.0105
[2026-09-19 20:34:17] === target 2127 (5/8) ===
[2026-09-19 20:34:17]   target 2127: selector overhead 0.263 s, CUDA peak 2659.0 MiB (incremental 574.9 MiB)
[2026-09-19 20:34:21]   target 2127: crafted 100 poisons in 3 s, obj=0.00212, CUDA peak=3258.9 MiB (incremental 1172.7 MiB)
[2026-09-19 20:34:21]   target 2127: realized linf = 0.03137 (8.00/255), budget = 8.00/255
[2026-09-19 20:36:02]   [t2127 v1/6] fail (pred=deer) CTA=0.8645
[2026-09-19 20:37:45]   [t2127 v2/6] fail (pred=bird) CTA=0.8357
[2026-09-19 20:39:27]   [t2127 v3/6] fail (pred=deer) CTA=0.8480
[2026-09-19 20:41:10]   [t2127 v4/6] fail (pred=deer) CTA=0.8540
[2026-09-19 20:42:52]   [t2127 v5/6] SUCCESS (pred=dog) CTA=0.8556
[2026-09-19 20:44:34]   [t2127 v6/6] SUCCESS (pred=dog) CTA=0.8476
[2026-09-19 20:44:34]   target 2127, 6 victims on this gpu: ASR=33.3% CTA=0.8509 +/- 0.0088
[2026-09-19 20:44:34] === target 7586 (6/8) ===
[2026-09-19 20:44:34]   target 7586: selector overhead 0.264 s, CUDA peak 2659.0 MiB (incremental 574.9 MiB)
[2026-09-19 20:44:38]   target 7586: crafted 100 poisons in 3 s, obj=0.00215, CUDA peak=3258.9 MiB (incremental 1172.7 MiB)
[2026-09-19 20:44:38]   target 7586: realized linf = 0.03137 (8.00/255), budget = 8.00/255
[2026-09-19 20:46:19]   [t7586 v1/6] fail (pred=bird) CTA=0.8540
[2026-09-19 20:48:02]   [t7586 v2/6] fail (pred=cat) CTA=0.8638
[2026-09-19 20:49:44]   [t7586 v3/6] fail (pred=horse) CTA=0.8585
[2026-09-19 20:51:27]   [t7586 v4/6] SUCCESS (pred=dog) CTA=0.8604
[2026-09-19 20:53:09]   [t7586 v5/6] fail (pred=cat) CTA=0.8498
[2026-09-19 20:54:51]   [t7586 v6/6] fail (pred=cat) CTA=0.8452
[2026-09-19 20:54:51]   target 7586, 6 victims on this gpu: ASR=16.7% CTA=0.8553 +/- 0.0064
[2026-09-19 20:54:51] === target 7360 (7/8) ===
[2026-09-19 20:54:52]   target 7360: selector overhead 0.264 s, CUDA peak 2659.0 MiB (incremental 574.9 MiB)
[2026-09-19 20:54:55]   target 7360: crafted 100 poisons in 3 s, obj=0.00223, CUDA peak=3258.9 MiB (incremental 1172.7 MiB)
[2026-09-19 20:54:55]   target 7360: realized linf = 0.03137 (8.00/255), budget = 8.00/255
