gpu: NVIDIA L40S
cache: waiting for shared ResNet20BN checkpoint lock
cache: ResNet20BN checkpoints ready
cache: waiting for shared VGG13BN checkpoint lock
cache: VGG13BN checkpoints ready
run: waiting for duplicate-submission lock
targets: 8 unique pinned indices: 3495 2903 6697 2315 6899 2312 6353 4421
job: 1021727 grn16_bp_b0002_vr20_svgg_k30 on rack11-10
config: attack=fc budget=0.002 V=ResNet20BN S=VGG13BN K=30 base=ours base_dist=cosine_norm lambda_margin=10 jacobian=off craft_steps=250 victim_epochs=50 victim_decay=40 targets=8 victims=6; green-table-ASR=23.3
protocol: method=ours Jacobian=off targets=8 victims=6 selector_K=30 component=basis
protocol: base_dist=cosine_norm lambda_margin=10 victim_epochs=50 victim_decay=40
protocol: 30 shared surrogates available; crafting always uses V checkpoints 0..4
output: /home/mmoslem3/scratch/PoisonBase/green_rerun_8x6_lam10_cosnorm_20260919_result/CIFAR10_ResNet20BN_fc_ours_dog-bird_b0.002_eps8_seed42_lam10_cosine_norm_selarchVGG13BN_K30_ce5_tgt10
[2026-09-19 19:56:11] === run start: CIFAR10_ResNet20BN_fc_ours_dog-bird_b0.002_eps8_seed42_lam10_cosine_norm_selarchVGG13BN_K30_ce5_tgt10 on cuda [0] ===
[2026-09-19 19:56:11] args: {"FORCE": false, "attack": "fc", "base": "ours", "base_dist": "cosine_norm", "base_topr": null, "budget": 0.002, "cache_dir": "/tmp/PoisonBase_cross_arch_k_10x6/cache", "class_pair": "dog-bird", "clean_baseline": true, "craft_alpha": 0.0039216, "craft_aug": true, "craft_batch": 256, "craft_ensemble": 5, "craft_lowmem": false, "craft_schedule": false, "craft_steps": 250, "data_path": "/tmp/PoisonBase_cross_arch_k_10x6/data", "dataset": "CIFAR10", "distance_margin_coef": null, "dsa_strategy": "color_crop_cutout_flip_scale_rotate", "epsilon": 0.0313725, "fast_gradmatch": false, "fc_mode": "sample", "fc_restarts": 1, "fus_alpha": 0.5, "fus_iters": 10, "fus_proxy_restarts": 0, "fus_proxy_steps": 0, "fus_search_decay": [40], "fus_search_epochs": 50, "gpus": "all", "jacobian_batch_size": 64, "jacobian_weight": 1.0, "keep_pinned_targets": false, "lambda_margin": 10.0, "model": "ResNet20BN", "no_resume": false, "num_poisons": 500, "num_surrogates": 30, "num_targets": 8, "num_victims": 6, "out_dir": "/tmp/PoisonBase_cross_arch_k_10x6/cross_arch_k_10x6_result", "pair_order": "poison-target", "parallel_pretrain": true, "parallel_targets": true, "precompute_id": null, "precompute_only": false, "precompute_part": "both", "rank_on_victims": true, "recompute_deltas": false, "require_correct_target": false, "restarts": 8, "seed": 42, "sel_K": 30, "sel_alpha": 1.0, "sel_criterion": null, "sel_dpp": false, "sel_filter": false, "sel_metric_epoch": 10, "sel_mmr": false, "sel_mode": null, "sel_model": "VGG13BN", "sel_mu": 1.0, "sel_pca": false, "sel_pool": 3.0, "selector_metric_dir": null, "sharp_mode": "worst", "sharp_samples": 20, "sharp_sigma": 0.05, "steal_timeout": 7200.0, "surrogate_aug": false, "surrogate_bs": 128, "surrogate_decay": [35, 45], "surrogate_epochs": 60, "surrogate_lr": 0.1, "surrogate_wd": 0.0, "target_idx_file": "/tmp/PoisonBase_cross_arch_k_10x6/target_sets/ResNet20BN_fc_dog-bird.json", "target_select": 10, "use_jacobian_score": false, "victim_aug": false, "victim_bs": 125, "victim_decay": [40], "victim_epochs": 50, "victim_lr": 0.1, "victim_model": null, "victim_wd": 0.0}
[2026-09-19 19:56:11] Jacobian score: disabled
[2026-09-19 19:56:11] N_total=50000 budget=0.002 -> N_p=100 poisons, y_adv=5(dog) target_class=2(bird)
[2026-09-19 19:56:11] === selection/crafting surrogates (30 x ResNet20BN, trained on the full real set) ===
[2026-09-19 19:56:12]   crafting on 5/30 surrogates
[2026-09-19 19:56:12] === selection surrogates (30 x VGG13BN, cross-architecture) ===
[2026-09-19 19:56:14] === clean victims (6 x ResNet20BN) ===
[2026-09-19 19:56:14]   clean baseline CTA = 0.8354 +/- 0.0043
[2026-09-19 19:56:14]   target pool 1000 -> eligible 978 (22 already predicted as y_adv or dropped)
[2026-09-19 19:56:14]   chosen 8 targets (file), p_adv range 0.0001..0.3564
[2026-09-19 19:56:14]   targets: [3495, 2903, 6697, 2315, 6899, 2312, 6353, 4421]
[2026-09-19 19:56:14] === target 3495 (1/8) ===
[2026-09-19 19:56:19]   target 3495: selector overhead 4.391 s, CUDA peak 2301.3 MiB (incremental 443.9 MiB)
[2026-09-19 19:56:22]   target 3495: crafted 100 poisons in 3 s, obj=0.01581, CUDA peak=2624.7 MiB (incremental 765.3 MiB)
[2026-09-19 19:56:22]   target 3495: realized linf = 0.03137 (8.00/255), budget = 8.00/255
[2026-09-19 19:57:58]   [t3495 v1/6] fail (pred=bird) CTA=0.8351
[2026-09-19 19:59:34]   [t3495 v2/6] SUCCESS (pred=dog) CTA=0.8377
[2026-09-19 20:01:10]   [t3495 v3/6] SUCCESS (pred=dog) CTA=0.8342
[2026-09-19 20:02:46]   [t3495 v4/6] SUCCESS (pred=dog) CTA=0.8328
[2026-09-19 20:04:23]   [t3495 v5/6] SUCCESS (pred=dog) CTA=0.8408
[2026-09-19 20:05:59]   [t3495 v6/6] fail (pred=bird) CTA=0.8380
[2026-09-19 20:05:59]   target 3495, 6 victims on this gpu: ASR=66.7% CTA=0.8364 +/- 0.0027
[2026-09-19 20:05:59] === target 2903 (2/8) ===
[2026-09-19 20:06:03]   target 2903: selector overhead 4.372 s, CUDA peak 2309.5 MiB (incremental 443.9 MiB)
[2026-09-19 20:06:06]   target 2903: crafted 100 poisons in 3 s, obj=0.02278, CUDA peak=2633.4 MiB (incremental 765.9 MiB)
[2026-09-19 20:06:06]   target 2903: realized linf = 0.03137 (8.00/255), budget = 8.00/255
[2026-09-19 20:07:42]   [t2903 v1/6] SUCCESS (pred=dog) CTA=0.8403
[2026-09-19 20:09:19]   [t2903 v2/6] fail (pred=bird) CTA=0.8390
[2026-09-19 20:10:55]   [t2903 v3/6] fail (pred=bird) CTA=0.8360
[2026-09-19 20:12:31]   [t2903 v4/6] fail (pred=bird) CTA=0.8320
[2026-09-19 20:14:07]   [t2903 v5/6] fail (pred=bird) CTA=0.8440
[2026-09-19 20:15:43]   [t2903 v6/6] fail (pred=bird) CTA=0.8355
[2026-09-19 20:15:43]   target 2903, 6 victims on this gpu: ASR=16.7% CTA=0.8378 +/- 0.0038
[2026-09-19 20:15:43] === target 6697 (3/8) ===
[2026-09-19 20:15:48]   target 6697: selector overhead 4.371 s, CUDA peak 2309.5 MiB (incremental 443.9 MiB)
[2026-09-19 20:15:51]   target 6697: crafted 100 poisons in 3 s, obj=0.01942, CUDA peak=2633.4 MiB (incremental 765.9 MiB)
[2026-09-19 20:15:51]   target 6697: realized linf = 0.03137 (8.00/255), budget = 8.00/255
[2026-09-19 20:17:27]   [t6697 v1/6] SUCCESS (pred=dog) CTA=0.8397
[2026-09-19 20:19:03]   [t6697 v2/6] SUCCESS (pred=dog) CTA=0.8437
[2026-09-19 20:20:39]   [t6697 v3/6] SUCCESS (pred=dog) CTA=0.8411
[2026-09-19 20:22:15]   [t6697 v4/6] fail (pred=horse) CTA=0.8392
[2026-09-19 20:23:52]   [t6697 v5/6] fail (pred=horse) CTA=0.8426
[2026-09-19 20:25:28]   [t6697 v6/6] SUCCESS (pred=dog) CTA=0.8318
[2026-09-19 20:25:28]   target 6697, 6 victims on this gpu: ASR=66.7% CTA=0.8397 +/- 0.0039
[2026-09-19 20:25:28] === target 2315 (4/8) ===
[2026-09-19 20:25:32]   target 2315: selector overhead 4.368 s, CUDA peak 2309.5 MiB (incremental 443.9 MiB)
[2026-09-19 20:25:35]   target 2315: crafted 100 poisons in 3 s, obj=0.02052, CUDA peak=2633.4 MiB (incremental 765.9 MiB)
[2026-09-19 20:25:35]   target 2315: realized linf = 0.03137 (8.00/255), budget = 8.00/255
[2026-09-19 20:27:11]   [t2315 v1/6] fail (pred=bird) CTA=0.8378
[2026-09-19 20:28:47]   [t2315 v2/6] SUCCESS (pred=dog) CTA=0.8372
[2026-09-19 20:30:23]   [t2315 v3/6] fail (pred=bird) CTA=0.8363
[2026-09-19 20:32:00]   [t2315 v4/6] SUCCESS (pred=dog) CTA=0.8381
[2026-09-19 20:33:36]   [t2315 v5/6] fail (pred=bird) CTA=0.8410
[2026-09-19 20:35:12]   [t2315 v6/6] fail (pred=bird) CTA=0.8475
[2026-09-19 20:35:12]   target 2315, 6 victims on this gpu: ASR=33.3% CTA=0.8397 +/- 0.0038
[2026-09-19 20:35:12] === target 6899 (5/8) ===
[2026-09-19 20:35:16]   target 6899: selector overhead 4.370 s, CUDA peak 2309.5 MiB (incremental 443.9 MiB)
[2026-09-19 20:35:19]   target 6899: crafted 100 poisons in 3 s, obj=0.01788, CUDA peak=2633.4 MiB (incremental 765.9 MiB)
[2026-09-19 20:35:19]   target 6899: realized linf = 0.03137 (8.00/255), budget = 8.00/255
[2026-09-19 20:36:55]   [t6899 v1/6] SUCCESS (pred=dog) CTA=0.8421
[2026-09-19 20:38:31]   [t6899 v2/6] SUCCESS (pred=dog) CTA=0.8348
[2026-09-19 20:40:08]   [t6899 v3/6] SUCCESS (pred=dog) CTA=0.8412
[2026-09-19 20:41:44]   [t6899 v4/6] SUCCESS (pred=dog) CTA=0.8329
[2026-09-19 20:43:20]   [t6899 v5/6] SUCCESS (pred=dog) CTA=0.8364
[2026-09-19 20:44:56]   [t6899 v6/6] SUCCESS (pred=dog) CTA=0.8331
[2026-09-19 20:44:56]   target 6899, 6 victims on this gpu: ASR=100.0% CTA=0.8367 +/- 0.0037
[2026-09-19 20:44:56] === target 2312 (6/8) ===
[2026-09-19 20:45:00]   target 2312: selector overhead 4.368 s, CUDA peak 2309.5 MiB (incremental 443.9 MiB)
[2026-09-19 20:45:03]   target 2312: crafted 100 poisons in 3 s, obj=0.01762, CUDA peak=2633.4 MiB (incremental 765.9 MiB)
[2026-09-19 20:45:03]   target 2312: realized linf = 0.03137 (8.00/255), budget = 8.00/255
[2026-09-19 20:46:39]   [t2312 v1/6] fail (pred=bird) CTA=0.8306
[2026-09-19 20:48:16]   [t2312 v2/6] fail (pred=bird) CTA=0.8348
[2026-09-19 20:49:52]   [t2312 v3/6] fail (pred=bird) CTA=0.8371
[2026-09-19 20:51:28]   [t2312 v4/6] fail (pred=bird) CTA=0.8353
[2026-09-19 20:53:04]   [t2312 v5/6] fail (pred=bird) CTA=0.8353
[2026-09-19 20:54:40]   [t2312 v6/6] fail (pred=frog) CTA=0.8355
[2026-09-19 20:54:40]   target 2312, 6 victims on this gpu: ASR=0.0% CTA=0.8348 +/- 0.0020
[2026-09-19 20:54:40] === target 6353 (7/8) ===
[2026-09-19 20:54:44]   target 6353: selector overhead 4.369 s, CUDA peak 2309.5 MiB (incremental 443.9 MiB)
[2026-09-19 20:54:47]   target 6353: crafted 100 poisons in 3 s, obj=0.02325, CUDA peak=2633.4 MiB (incremental 765.9 MiB)
[2026-09-19 20:54:47]   target 6353: realized linf = 0.03137 (8.00/255), budget = 8.00/255
[2026-09-19 20:56:24]   [t6353 v1/6] fail (pred=bird) CTA=0.8438
[2026-09-19 20:58:00]   [t6353 v2/6] fail (pred=bird) CTA=0.8418
[2026-09-19 20:59:36]   [t6353 v3/6] fail (pred=airplane) CTA=0.8383
[2026-09-19 21:01:12]   [t6353 v4/6] fail (pred=airplane) CTA=0.8459
[2026-09-19 21:02:48]   [t6353 v5/6] fail (pred=bird) CTA=0.8406
[2026-09-19 21:04:24]   [t6353 v6/6] fail (pred=airplane) CTA=0.8349
[2026-09-19 21:04:24]   target 6353, 6 victims on this gpu: ASR=0.0% CTA=0.8409 +/- 0.0036
[2026-09-19 21:04:24] === target 4421 (8/8) ===
[2026-09-19 21:04:29]   target 4421: selector overhead 4.369 s, CUDA peak 2309.5 MiB (incremental 443.9 MiB)
[2026-09-19 21:04:32]   target 4421: crafted 100 poisons in 3 s, obj=0.02376, CUDA peak=2633.4 MiB (incremental 765.9 MiB)
[2026-09-19 21:04:32]   target 4421: realized linf = 0.03137 (8.00/255), budget = 8.00/255
[2026-09-19 21:06:08]   [t4421 v1/6] fail (pred=bird) CTA=0.8370
[2026-09-19 21:07:44]   [t4421 v2/6] fail (pred=bird) CTA=0.8319
[2026-09-19 21:09:20]   [t4421 v3/6] fail (pred=bird) CTA=0.8352
[2026-09-19 21:10:56]   [t4421 v4/6] fail (pred=bird) CTA=0.8355
[2026-09-19 21:12:32]   [t4421 v5/6] fail (pred=bird) CTA=0.8356
[2026-09-19 21:14:08]   [t4421 v6/6] fail (pred=bird) CTA=0.8390
[2026-09-19 21:14:08]   target 4421, 6 victims on this gpu: ASR=0.0% CTA=0.8357 +/- 0.0021
[2026-09-19 21:14:08]   selector resources: 8 target(s), 35.0 total target-seconds, max CUDA allocated 2309.5 MiB (incremental 443.9 MiB)
[2026-09-19 21:14:08] ==== CIFAR10_ResNet20BN_fc_ours_dog-bird_b0.002_eps8_seed42_lam10_cosine_norm_selarchVGG13BN_K30_ce5_tgt10 : ASR = 35.4% +/- 35.8% | CTA = 0.8377 (baseline 0.8354) ====
[2026-09-19 21:14:08]   target-prediction tally ['airplane', 'automobile', 'bird', 'cat', 'deer', 'dog', 'frog', 'horse', 'ship', 'truck']: [3, 0, 25, 0, 0, 17, 1, 2, 0, 0]
verified: 8 targets x 6 victims = 48 unique evaluations
sync: CIFAR10_ResNet20BN_fc_ours_dog-bird_b0.002_eps8_seed42_lam10_cosine_norm_selarchVGG13BN_K30_ce5_tgt10 -> /home/mmoslem3/scratch/PoisonBase/green_rerun_8x6_lam10_cosnorm_20260919_result
sync: complete
