gpu: NVIDIA L40S
cache: waiting for shared ResNet20BN checkpoint lock
cache: ResNet20BN checkpoints ready
cache: waiting for shared VGG13BN checkpoint lock
cache: VGG13BN checkpoints ready
run: waiting for duplicate-submission lock
targets: 8 unique pinned indices: 3495 2903 6697 2315 6899 2312 6353 4421
job: 1021725 grn14_bp_b0002_vr20_svgg_k10 on rack12-11
config: attack=fc budget=0.002 V=ResNet20BN S=VGG13BN K=10 base=ours base_dist=cosine_norm lambda_margin=10 jacobian=off craft_steps=250 victim_epochs=50 victim_decay=40 targets=8 victims=6; green-table-ASR=25
protocol: method=ours Jacobian=off targets=8 victims=6 selector_K=10 component=basis
protocol: base_dist=cosine_norm lambda_margin=10 victim_epochs=50 victim_decay=40
protocol: 30 shared surrogates available; crafting always uses V checkpoints 0..4
output: /home/mmoslem3/scratch/PoisonBase/green_rerun_8x6_lam10_cosnorm_20260919_result/CIFAR10_ResNet20BN_fc_ours_dog-bird_b0.002_eps8_seed42_lam10_cosine_norm_selarchVGG13BN_K10_ce5_tgt10
[2026-09-19 19:56:14] === run start: CIFAR10_ResNet20BN_fc_ours_dog-bird_b0.002_eps8_seed42_lam10_cosine_norm_selarchVGG13BN_K10_ce5_tgt10 on cuda [0] ===
[2026-09-19 19:56:14] args: {"FORCE": false, "attack": "fc", "base": "ours", "base_dist": "cosine_norm", "base_topr": null, "budget": 0.002, "cache_dir": "/tmp/PoisonBase_cross_arch_k_10x6/cache", "class_pair": "dog-bird", "clean_baseline": true, "craft_alpha": 0.0039216, "craft_aug": true, "craft_batch": 256, "craft_ensemble": 5, "craft_lowmem": false, "craft_schedule": false, "craft_steps": 250, "data_path": "/tmp/PoisonBase_cross_arch_k_10x6/data", "dataset": "CIFAR10", "distance_margin_coef": null, "dsa_strategy": "color_crop_cutout_flip_scale_rotate", "epsilon": 0.0313725, "fast_gradmatch": false, "fc_mode": "sample", "fc_restarts": 1, "fus_alpha": 0.5, "fus_iters": 10, "fus_proxy_restarts": 0, "fus_proxy_steps": 0, "fus_search_decay": [40], "fus_search_epochs": 50, "gpus": "all", "jacobian_batch_size": 64, "jacobian_weight": 1.0, "keep_pinned_targets": false, "lambda_margin": 10.0, "model": "ResNet20BN", "no_resume": false, "num_poisons": 500, "num_surrogates": 30, "num_targets": 8, "num_victims": 6, "out_dir": "/tmp/PoisonBase_cross_arch_k_10x6/cross_arch_k_10x6_result", "pair_order": "poison-target", "parallel_pretrain": true, "parallel_targets": true, "precompute_id": null, "precompute_only": false, "precompute_part": "both", "rank_on_victims": true, "recompute_deltas": false, "require_correct_target": false, "restarts": 8, "seed": 42, "sel_K": 10, "sel_alpha": 1.0, "sel_criterion": null, "sel_dpp": false, "sel_filter": false, "sel_metric_epoch": 10, "sel_mmr": false, "sel_mode": null, "sel_model": "VGG13BN", "sel_mu": 1.0, "sel_pca": false, "sel_pool": 3.0, "selector_metric_dir": null, "sharp_mode": "worst", "sharp_samples": 20, "sharp_sigma": 0.05, "steal_timeout": 7200.0, "surrogate_aug": false, "surrogate_bs": 128, "surrogate_decay": [35, 45], "surrogate_epochs": 60, "surrogate_lr": 0.1, "surrogate_wd": 0.0, "target_idx_file": "/tmp/PoisonBase_cross_arch_k_10x6/target_sets/ResNet20BN_fc_dog-bird.json", "target_select": 10, "use_jacobian_score": false, "victim_aug": false, "victim_bs": 125, "victim_decay": [40], "victim_epochs": 50, "victim_lr": 0.1, "victim_model": null, "victim_wd": 0.0}
[2026-09-19 19:56:14] Jacobian score: disabled
[2026-09-19 19:56:14] N_total=50000 budget=0.002 -> N_p=100 poisons, y_adv=5(dog) target_class=2(bird)
[2026-09-19 19:56:14] === selection/crafting surrogates (30 x ResNet20BN, trained on the full real set) ===
[2026-09-19 19:56:14]   crafting on 5/30 surrogates
[2026-09-19 19:56:14] === selection surrogates (30 x VGG13BN, cross-architecture) ===
[2026-09-19 19:56:16] === clean victims (6 x ResNet20BN) ===
[2026-09-19 19:56:17]   clean baseline CTA = 0.8354 +/- 0.0043
[2026-09-19 19:56:18]   target pool 1000 -> eligible 978 (22 already predicted as y_adv or dropped)
[2026-09-19 19:56:18]   chosen 8 targets (file), p_adv range 0.0001..0.3564
[2026-09-19 19:56:18]   targets: [3495, 2903, 6697, 2315, 6899, 2312, 6353, 4421]
[2026-09-19 19:56:18] === target 3495 (1/8) ===
[2026-09-19 19:56:19]   target 3495: selector overhead 1.634 s, CUDA peak 2301.3 MiB (incremental 443.9 MiB)
[2026-09-19 19:56:23]   target 3495: crafted 100 poisons in 3 s, obj=0.01611, CUDA peak=2624.7 MiB (incremental 765.3 MiB)
[2026-09-19 19:56:23]   target 3495: realized linf = 0.03137 (8.00/255), budget = 8.00/255
[2026-09-19 19:57:59]   [t3495 v1/6] SUCCESS (pred=dog) CTA=0.8401
[2026-09-19 19:59:35]   [t3495 v2/6] SUCCESS (pred=dog) CTA=0.8366
[2026-09-19 20:01:11]   [t3495 v3/6] fail (pred=bird) CTA=0.8331
[2026-09-19 20:02:47]   [t3495 v4/6] SUCCESS (pred=dog) CTA=0.8399
[2026-09-19 20:04:23]   [t3495 v5/6] fail (pred=bird) CTA=0.8330
