gpu: NVIDIA L40S
cache: waiting for shared ResNet20BN checkpoint lock
cache: ResNet20BN checkpoints ready
cache: waiting for shared VGG13BN checkpoint lock
cache: VGG13BN checkpoints ready
run: waiting for duplicate-submission lock
targets: 8 unique pinned indices: 3495 2903 6697 2315 6899 2312 6353 4421
job: 1021726 grn15_bp_b0002_vr20_svgg_k20 on rack04-05
config: attack=fc budget=0.002 V=ResNet20BN S=VGG13BN K=20 base=ours base_dist=cosine_norm lambda_margin=10 jacobian=off craft_steps=250 victim_epochs=50 victim_decay=40 targets=8 victims=6; green-table-ASR=40
protocol: method=ours Jacobian=off targets=8 victims=6 selector_K=20 component=basis
protocol: base_dist=cosine_norm lambda_margin=10 victim_epochs=50 victim_decay=40
protocol: 30 shared surrogates available; crafting always uses V checkpoints 0..4
output: /home/mmoslem3/scratch/PoisonBase/green_rerun_8x6_lam10_cosnorm_20260919_result/CIFAR10_ResNet20BN_fc_ours_dog-bird_b0.002_eps8_seed42_lam10_cosine_norm_selarchVGG13BN_K20_ce5_tgt10
[2026-09-19 13:24:00] === run start: CIFAR10_ResNet20BN_fc_ours_dog-bird_b0.002_eps8_seed42_lam10_cosine_norm_selarchVGG13BN_K20_ce5_tgt10 on cuda [0] ===
[2026-09-19 13:24:00] args: {"FORCE": false, "attack": "fc", "base": "ours", "base_dist": "cosine_norm", "base_topr": null, "budget": 0.002, "cache_dir": "/tmp/PoisonBase_cross_arch_k_10x6/cache", "class_pair": "dog-bird", "clean_baseline": true, "craft_alpha": 0.0039216, "craft_aug": true, "craft_batch": 256, "craft_ensemble": 5, "craft_lowmem": false, "craft_schedule": false, "craft_steps": 250, "data_path": "/tmp/PoisonBase_cross_arch_k_10x6/data", "dataset": "CIFAR10", "distance_margin_coef": null, "dsa_strategy": "color_crop_cutout_flip_scale_rotate", "epsilon": 0.0313725, "fast_gradmatch": false, "fc_mode": "sample", "fc_restarts": 1, "fus_alpha": 0.5, "fus_iters": 10, "fus_proxy_restarts": 0, "fus_proxy_steps": 0, "fus_search_decay": [40], "fus_search_epochs": 50, "gpus": "all", "jacobian_batch_size": 64, "jacobian_weight": 1.0, "keep_pinned_targets": false, "lambda_margin": 10.0, "model": "ResNet20BN", "no_resume": false, "num_poisons": 500, "num_surrogates": 30, "num_targets": 8, "num_victims": 6, "out_dir": "/tmp/PoisonBase_cross_arch_k_10x6/cross_arch_k_10x6_result", "pair_order": "poison-target", "parallel_pretrain": true, "parallel_targets": true, "precompute_id": null, "precompute_only": false, "precompute_part": "both", "rank_on_victims": true, "recompute_deltas": false, "require_correct_target": false, "restarts": 8, "seed": 42, "sel_K": 20, "sel_alpha": 1.0, "sel_criterion": null, "sel_dpp": false, "sel_filter": false, "sel_metric_epoch": 10, "sel_mmr": false, "sel_mode": null, "sel_model": "VGG13BN", "sel_mu": 1.0, "sel_pca": false, "sel_pool": 3.0, "selector_metric_dir": null, "sharp_mode": "worst", "sharp_samples": 20, "sharp_sigma": 0.05, "steal_timeout": 7200.0, "surrogate_aug": false, "surrogate_bs": 128, "surrogate_decay": [35, 45], "surrogate_epochs": 60, "surrogate_lr": 0.1, "surrogate_wd": 0.0, "target_idx_file": "/tmp/PoisonBase_cross_arch_k_10x6/target_sets/ResNet20BN_fc_dog-bird.json", "target_select": 10, "use_jacobian_score": false, "victim_aug": false, "victim_bs": 125, "victim_decay": [40], "victim_epochs": 50, "victim_lr": 0.1, "victim_model": null, "victim_wd": 0.0}
[2026-09-19 13:24:00] Jacobian score: disabled
[2026-09-19 13:24:00] N_total=50000 budget=0.002 -> N_p=100 poisons, y_adv=5(dog) target_class=2(bird)
[2026-09-19 13:24:00] === selection/crafting surrogates (30 x ResNet20BN, trained on the full real set) ===
[2026-09-19 13:24:00]   crafting on 5/30 surrogates
[2026-09-19 13:24:00] === selection surrogates (30 x VGG13BN, cross-architecture) ===
[2026-09-19 13:24:02] === clean victims (6 x ResNet20BN) ===
[2026-09-19 13:24:03]   clean baseline CTA = 0.8354 +/- 0.0043
[2026-09-19 13:24:03]   target pool 1000 -> eligible 978 (22 already predicted as y_adv or dropped)
[2026-09-19 13:24:03]   chosen 8 targets (file), p_adv range 0.0001..0.3564
[2026-09-19 13:24:03]   targets: [3495, 2903, 6697, 2315, 6899, 2312, 6353, 4421]
[2026-09-19 13:24:03] === target 3495 (1/8) ===
[2026-09-19 13:24:06]   target 3495: selector overhead 3.007 s, CUDA peak 2301.3 MiB (incremental 443.9 MiB)
[2026-09-19 13:24:10]   target 3495: crafted 100 poisons in 4 s, obj=0.01600, CUDA peak=2624.7 MiB (incremental 765.3 MiB)
[2026-09-19 13:24:10]   target 3495: realized linf = 0.03137 (8.00/255), budget = 8.00/255
[2026-09-19 13:25:45]   [t3495 v1/6] fail (pred=bird) CTA=0.8394
[2026-09-19 13:27:20]   [t3495 v2/6] fail (pred=bird) CTA=0.8382
[2026-09-19 13:28:56]   [t3495 v3/6] SUCCESS (pred=dog) CTA=0.8350
[2026-09-19 13:30:31]   [t3495 v4/6] SUCCESS (pred=dog) CTA=0.8418
[2026-09-19 13:32:07]   [t3495 v5/6] fail (pred=bird) CTA=0.8421
[2026-09-19 13:33:42]   [t3495 v6/6] fail (pred=bird) CTA=0.8442
[2026-09-19 13:33:42]   target 3495, 6 victims on this gpu: ASR=33.3% CTA=0.8401 +/- 0.0030
[2026-09-19 13:33:42] === target 2903 (2/8) ===
[2026-09-19 13:33:45]   target 2903: selector overhead 2.918 s, CUDA peak 2309.5 MiB (incremental 443.9 MiB)
[2026-09-19 13:33:48]   target 2903: crafted 100 poisons in 3 s, obj=0.02234, CUDA peak=2633.4 MiB (incremental 765.9 MiB)
[2026-09-19 13:33:48]   target 2903: realized linf = 0.03137 (8.00/255), budget = 8.00/255
[2026-09-19 13:35:23]   [t2903 v1/6] fail (pred=bird) CTA=0.8440
[2026-09-19 13:36:59]   [t2903 v2/6] fail (pred=bird) CTA=0.8352
[2026-09-19 13:38:34]   [t2903 v3/6] fail (pred=bird) CTA=0.8416
[2026-09-19 13:40:09]   [t2903 v4/6] fail (pred=bird) CTA=0.8391
[2026-09-19 13:41:45]   [t2903 v5/6] fail (pred=bird) CTA=0.8428
[2026-09-19 13:43:20]   [t2903 v6/6] fail (pred=bird) CTA=0.8394
[2026-09-19 13:43:20]   target 2903, 6 victims on this gpu: ASR=0.0% CTA=0.8404 +/- 0.0029
[2026-09-19 13:43:20] === target 6697 (3/8) ===
[2026-09-19 13:43:23]   target 6697: selector overhead 2.916 s, CUDA peak 2309.5 MiB (incremental 443.9 MiB)
[2026-09-19 13:43:26]   target 6697: crafted 100 poisons in 3 s, obj=0.01951, CUDA peak=2633.4 MiB (incremental 765.9 MiB)
[2026-09-19 13:43:26]   target 6697: realized linf = 0.03137 (8.00/255), budget = 8.00/255
[2026-09-19 13:45:02]   [t6697 v1/6] SUCCESS (pred=dog) CTA=0.8422
[2026-09-19 13:46:37]   [t6697 v2/6] fail (pred=horse) CTA=0.8456
[2026-09-19 13:48:12]   [t6697 v3/6] SUCCESS (pred=dog) CTA=0.8347
[2026-09-19 13:49:48]   [t6697 v4/6] fail (pred=horse) CTA=0.8405
[2026-09-19 13:51:23]   [t6697 v5/6] SUCCESS (pred=dog) CTA=0.8371
[2026-09-19 13:52:58]   [t6697 v6/6] SUCCESS (pred=dog) CTA=0.8363
[2026-09-19 13:52:58]   target 6697, 6 victims on this gpu: ASR=66.7% CTA=0.8394 +/- 0.0038
[2026-09-19 13:52:58] === target 2315 (4/8) ===
[2026-09-19 13:53:01]   target 2315: selector overhead 2.913 s, CUDA peak 2309.5 MiB (incremental 443.9 MiB)
[2026-09-19 13:53:05]   target 2315: crafted 100 poisons in 3 s, obj=0.02038, CUDA peak=2633.4 MiB (incremental 765.9 MiB)
[2026-09-19 13:53:05]   target 2315: realized linf = 0.03137 (8.00/255), budget = 8.00/255
[2026-09-19 13:54:40]   [t2315 v1/6] fail (pred=bird) CTA=0.8339
[2026-09-19 13:56:15]   [t2315 v2/6] SUCCESS (pred=dog) CTA=0.8423
[2026-09-19 13:57:50]   [t2315 v3/6] fail (pred=bird) CTA=0.8362
[2026-09-19 13:59:26]   [t2315 v4/6] fail (pred=ship) CTA=0.8324
[2026-09-19 14:01:01]   [t2315 v5/6] SUCCESS (pred=dog) CTA=0.8448
[2026-09-19 14:02:36]   [t2315 v6/6] SUCCESS (pred=dog) CTA=0.8352
[2026-09-19 14:02:36]   target 2315, 6 victims on this gpu: ASR=50.0% CTA=0.8375 +/- 0.0045
[2026-09-19 14:02:36] === target 6899 (5/8) ===
[2026-09-19 14:02:39]   target 6899: selector overhead 2.915 s, CUDA peak 2309.5 MiB (incremental 443.9 MiB)
[2026-09-19 14:02:43]   target 6899: crafted 100 poisons in 3 s, obj=0.01839, CUDA peak=2633.4 MiB (incremental 765.9 MiB)
[2026-09-19 14:02:43]   target 6899: realized linf = 0.03137 (8.00/255), budget = 8.00/255
[2026-09-19 14:04:18]   [t6899 v1/6] SUCCESS (pred=dog) CTA=0.8398
[2026-09-19 14:05:53]   [t6899 v2/6] SUCCESS (pred=dog) CTA=0.8370
[2026-09-19 14:07:29]   [t6899 v3/6] SUCCESS (pred=dog) CTA=0.8387
[2026-09-19 14:09:04]   [t6899 v4/6] SUCCESS (pred=dog) CTA=0.8344
[2026-09-19 14:10:39]   [t6899 v5/6] SUCCESS (pred=dog) CTA=0.8401
[2026-09-19 14:12:15]   [t6899 v6/6] fail (pred=cat) CTA=0.8372
[2026-09-19 14:12:15]   target 6899, 6 victims on this gpu: ASR=83.3% CTA=0.8379 +/- 0.0019
[2026-09-19 14:12:15] === target 2312 (6/8) ===
[2026-09-19 14:12:17]   target 2312: selector overhead 2.915 s, CUDA peak 2309.5 MiB (incremental 443.9 MiB)
[2026-09-19 14:12:21]   target 2312: crafted 100 poisons in 3 s, obj=0.01771, CUDA peak=2633.4 MiB (incremental 765.9 MiB)
[2026-09-19 14:12:21]   target 2312: realized linf = 0.03137 (8.00/255), budget = 8.00/255
[2026-09-19 14:13:56]   [t2312 v1/6] fail (pred=bird) CTA=0.8366
[2026-09-19 14:15:31]   [t2312 v2/6] fail (pred=bird) CTA=0.8341
[2026-09-19 14:17:07]   [t2312 v3/6] fail (pred=bird) CTA=0.8346
[2026-09-19 14:18:42]   [t2312 v4/6] fail (pred=bird) CTA=0.8407
[2026-09-19 14:20:17]   [t2312 v5/6] fail (pred=bird) CTA=0.8327
[2026-09-19 14:21:53]   [t2312 v6/6] SUCCESS (pred=dog) CTA=0.8396
[2026-09-19 14:21:53]   target 2312, 6 victims on this gpu: ASR=16.7% CTA=0.8364 +/- 0.0029
[2026-09-19 14:21:53] === target 6353 (7/8) ===
[2026-09-19 14:21:56]   target 6353: selector overhead 2.914 s, CUDA peak 2309.5 MiB (incremental 443.9 MiB)
[2026-09-19 14:21:59]   target 6353: crafted 100 poisons in 3 s, obj=0.02340, CUDA peak=2633.4 MiB (incremental 765.9 MiB)
[2026-09-19 14:21:59]   target 6353: realized linf = 0.03137 (8.00/255), budget = 8.00/255
[2026-09-19 14:23:34]   [t6353 v1/6] SUCCESS (pred=dog) CTA=0.8410
[2026-09-19 14:25:09]   [t6353 v2/6] fail (pred=airplane) CTA=0.8371
[2026-09-19 14:26:45]   [t6353 v3/6] fail (pred=bird) CTA=0.8391
[2026-09-19 14:28:20]   [t6353 v4/6] fail (pred=bird) CTA=0.8426
[2026-09-19 14:29:55]   [t6353 v5/6] fail (pred=cat) CTA=0.8393
[2026-09-19 14:31:31]   [t6353 v6/6] SUCCESS (pred=dog) CTA=0.8430
[2026-09-19 14:31:31]   target 6353, 6 victims on this gpu: ASR=33.3% CTA=0.8403 +/- 0.0021
[2026-09-19 14:31:31] === target 4421 (8/8) ===
[2026-09-19 14:31:34]   target 4421: selector overhead 2.914 s, CUDA peak 2309.5 MiB (incremental 443.9 MiB)
[2026-09-19 14:31:37]   target 4421: crafted 100 poisons in 3 s, obj=0.02376, CUDA peak=2633.4 MiB (incremental 765.9 MiB)
[2026-09-19 14:31:37]   target 4421: realized linf = 0.03137 (8.00/255), budget = 8.00/255
[2026-09-19 14:33:12]   [t4421 v1/6] fail (pred=bird) CTA=0.8411
[2026-09-19 14:34:47]   [t4421 v2/6] fail (pred=bird) CTA=0.8311
[2026-09-19 14:36:23]   [t4421 v3/6] fail (pred=bird) CTA=0.8354
[2026-09-19 14:37:58]   [t4421 v4/6] fail (pred=bird) CTA=0.8418
[2026-09-19 14:39:33]   [t4421 v5/6] fail (pred=cat) CTA=0.8426
[2026-09-19 14:41:08]   [t4421 v6/6] fail (pred=bird) CTA=0.8445
[2026-09-19 14:41:08]   target 4421, 6 victims on this gpu: ASR=0.0% CTA=0.8394 +/- 0.0047
[2026-09-19 14:41:08]   selector resources: 8 target(s), 23.4 total target-seconds, max CUDA allocated 2309.5 MiB (incremental 443.9 MiB)
[2026-09-19 14:41:08] ==== CIFAR10_ResNet20BN_fc_ours_dog-bird_b0.002_eps8_seed42_lam10_cosine_norm_selarchVGG13BN_K20_ce5_tgt10 : ASR = 35.4% +/- 28.2% | CTA = 0.8389 (baseline 0.8354) ====
[2026-09-19 14:41:08]   target-prediction tally ['airplane', 'automobile', 'bird', 'cat', 'deer', 'dog', 'frog', 'horse', 'ship', 'truck']: [1, 0, 24, 3, 0, 17, 0, 2, 1, 0]
verified: 8 targets x 6 victims = 48 unique evaluations
sync: CIFAR10_ResNet20BN_fc_ours_dog-bird_b0.002_eps8_seed42_lam10_cosine_norm_selarchVGG13BN_K20_ce5_tgt10 -> /home/mmoslem3/scratch/PoisonBase/green_rerun_8x6_lam10_cosnorm_20260919_result
sync: complete
