gpu: NVIDIA L40S
cache: waiting for shared ResNet20BN checkpoint lock
cache: ResNet20BN checkpoints ready
run: waiting for duplicate-submission lock
targets: 8 unique pinned indices: 3495 2903 6697 2315 6899 2312 6353 4421
job: 1021721 grn10_bp_b0002_vr20_sr20_k3 on rack02-03
config: attack=fc budget=0.002 V=ResNet20BN S=ResNet20BN K=3 base=ours base_dist=cosine_norm lambda_margin=10 jacobian=off craft_steps=250 victim_epochs=50 victim_decay=40 targets=8 victims=6; green-table-ASR=25
protocol: method=ours Jacobian=off targets=8 victims=6 selector_K=3 component=basis
protocol: base_dist=cosine_norm lambda_margin=10 victim_epochs=50 victim_decay=40
protocol: 30 shared surrogates available; crafting always uses V checkpoints 0..4
output: /home/mmoslem3/scratch/PoisonBase/green_rerun_8x6_lam10_cosnorm_20260919_result/CIFAR10_ResNet20BN_fc_ours_dog-bird_b0.002_eps8_seed42_lam10_cosine_norm_K3_ce5_tgt10
[2026-09-19 19:55:02] === run start: CIFAR10_ResNet20BN_fc_ours_dog-bird_b0.002_eps8_seed42_lam10_cosine_norm_K3_ce5_tgt10 on cuda [0] ===
[2026-09-19 19:55:02] args: {"FORCE": false, "attack": "fc", "base": "ours", "base_dist": "cosine_norm", "base_topr": null, "budget": 0.002, "cache_dir": "/tmp/PoisonBase_cross_arch_k_10x6/cache", "class_pair": "dog-bird", "clean_baseline": true, "craft_alpha": 0.0039216, "craft_aug": true, "craft_batch": 256, "craft_ensemble": 5, "craft_lowmem": false, "craft_schedule": false, "craft_steps": 250, "data_path": "/tmp/PoisonBase_cross_arch_k_10x6/data", "dataset": "CIFAR10", "distance_margin_coef": null, "dsa_strategy": "color_crop_cutout_flip_scale_rotate", "epsilon": 0.0313725, "fast_gradmatch": false, "fc_mode": "sample", "fc_restarts": 1, "fus_alpha": 0.5, "fus_iters": 10, "fus_proxy_restarts": 0, "fus_proxy_steps": 0, "fus_search_decay": [40], "fus_search_epochs": 50, "gpus": "all", "jacobian_batch_size": 64, "jacobian_weight": 1.0, "keep_pinned_targets": false, "lambda_margin": 10.0, "model": "ResNet20BN", "no_resume": false, "num_poisons": 500, "num_surrogates": 30, "num_targets": 8, "num_victims": 6, "out_dir": "/tmp/PoisonBase_cross_arch_k_10x6/cross_arch_k_10x6_result", "pair_order": "poison-target", "parallel_pretrain": true, "parallel_targets": true, "precompute_id": null, "precompute_only": false, "precompute_part": "both", "rank_on_victims": true, "recompute_deltas": false, "require_correct_target": false, "restarts": 8, "seed": 42, "sel_K": 3, "sel_alpha": 1.0, "sel_criterion": null, "sel_dpp": false, "sel_filter": false, "sel_metric_epoch": 10, "sel_mmr": false, "sel_mode": null, "sel_model": "ResNet20BN", "sel_mu": 1.0, "sel_pca": false, "sel_pool": 3.0, "selector_metric_dir": null, "sharp_mode": "worst", "sharp_samples": 20, "sharp_sigma": 0.05, "steal_timeout": 7200.0, "surrogate_aug": false, "surrogate_bs": 128, "surrogate_decay": [35, 45], "surrogate_epochs": 60, "surrogate_lr": 0.1, "surrogate_wd": 0.0, "target_idx_file": "/tmp/PoisonBase_cross_arch_k_10x6/target_sets/ResNet20BN_fc_dog-bird.json", "target_select": 10, "use_jacobian_score": false, "victim_aug": false, "victim_bs": 125, "victim_decay": [40], "victim_epochs": 50, "victim_lr": 0.1, "victim_model": null, "victim_wd": 0.0}
[2026-09-19 19:55:02] Jacobian score: disabled
[2026-09-19 19:55:02] N_total=50000 budget=0.002 -> N_p=100 poisons, y_adv=5(dog) target_class=2(bird)
[2026-09-19 19:55:02] === selection/crafting surrogates (30 x ResNet20BN, trained on the full real set) ===
[2026-09-19 19:55:03]   crafting on 5/30 surrogates
[2026-09-19 19:55:03] === clean victims (6 x ResNet20BN) ===
[2026-09-19 19:55:04]   clean baseline CTA = 0.8354 +/- 0.0043
[2026-09-19 19:55:04]   target pool 1000 -> eligible 978 (22 already predicted as y_adv or dropped)
[2026-09-19 19:55:04]   chosen 8 targets (file), p_adv range 0.0001..0.3564
[2026-09-19 19:55:04]   targets: [3495, 2903, 6697, 2315, 6899, 2312, 6353, 4421]
[2026-09-19 19:55:04] === target 3495 (1/8) ===
[2026-09-19 19:55:04]   target 3495: selector overhead 0.246 s, CUDA peak 971.6 MiB (incremental 218.9 MiB)
[2026-09-19 19:55:07]   target 3495: crafted 100 poisons in 3 s, obj=0.01476, CUDA peak=1508.7 MiB (incremental 754.8 MiB)
[2026-09-19 19:55:07]   target 3495: realized linf = 0.03137 (8.00/255), budget = 8.00/255
[2026-09-19 19:56:43]   [t3495 v1/6] fail (pred=bird) CTA=0.8344
[2026-09-19 19:58:19]   [t3495 v2/6] fail (pred=bird) CTA=0.8320
[2026-09-19 19:59:54]   [t3495 v3/6] fail (pred=bird) CTA=0.8375
[2026-09-19 20:01:30]   [t3495 v4/6] fail (pred=bird) CTA=0.8419
[2026-09-19 20:03:06]   [t3495 v5/6] fail (pred=bird) CTA=0.8320
[2026-09-19 20:04:41]   [t3495 v6/6] SUCCESS (pred=dog) CTA=0.8381
[2026-09-19 20:04:41]   target 3495, 6 victims on this gpu: ASR=16.7% CTA=0.8360 +/- 0.0036
[2026-09-19 20:04:41] === target 2903 (2/8) ===
[2026-09-19 20:04:42]   target 2903: selector overhead 0.181 s, CUDA peak 979.7 MiB (incremental 218.9 MiB)
[2026-09-19 20:04:44]   target 2903: crafted 100 poisons in 3 s, obj=0.02076, CUDA peak=1519.2 MiB (incremental 757.3 MiB)
[2026-09-19 20:04:44]   target 2903: realized linf = 0.03137 (8.00/255), budget = 8.00/255
[2026-09-19 20:06:20]   [t2903 v1/6] SUCCESS (pred=dog) CTA=0.8391
[2026-09-19 20:07:56]   [t2903 v2/6] fail (pred=bird) CTA=0.8351
[2026-09-19 20:09:31]   [t2903 v3/6] fail (pred=bird) CTA=0.8380
[2026-09-19 20:11:07]   [t2903 v4/6] fail (pred=bird) CTA=0.8409
[2026-09-19 20:12:42]   [t2903 v5/6] fail (pred=bird) CTA=0.8399
[2026-09-19 20:14:18]   [t2903 v6/6] fail (pred=bird) CTA=0.8344
[2026-09-19 20:14:18]   target 2903, 6 victims on this gpu: ASR=16.7% CTA=0.8379 +/- 0.0024
[2026-09-19 20:14:18] === target 6697 (3/8) ===
[2026-09-19 20:14:18]   target 6697: selector overhead 0.181 s, CUDA peak 979.7 MiB (incremental 218.9 MiB)
[2026-09-19 20:14:21]   target 6697: crafted 100 poisons in 3 s, obj=0.01820, CUDA peak=1519.2 MiB (incremental 757.3 MiB)
[2026-09-19 20:14:21]   target 6697: realized linf = 0.03137 (8.00/255), budget = 8.00/255
[2026-09-19 20:15:57]   [t6697 v1/6] fail (pred=horse) CTA=0.8362
[2026-09-19 20:17:32]   [t6697 v2/6] fail (pred=cat) CTA=0.8419
[2026-09-19 20:19:08]   [t6697 v3/6] SUCCESS (pred=dog) CTA=0.8370
[2026-09-19 20:20:44]   [t6697 v4/6] fail (pred=horse) CTA=0.8362
[2026-09-19 20:22:19]   [t6697 v5/6] SUCCESS (pred=dog) CTA=0.8435
[2026-09-19 20:23:55]   [t6697 v6/6] fail (pred=horse) CTA=0.8332
[2026-09-19 20:23:55]   target 6697, 6 victims on this gpu: ASR=33.3% CTA=0.8380 +/- 0.0036
[2026-09-19 20:23:55] === target 2315 (4/8) ===
[2026-09-19 20:23:55]   target 2315: selector overhead 0.181 s, CUDA peak 979.7 MiB (incremental 218.9 MiB)
[2026-09-19 20:23:58]   target 2315: crafted 100 poisons in 3 s, obj=0.01956, CUDA peak=1519.2 MiB (incremental 757.3 MiB)
[2026-09-19 20:23:58]   target 2315: realized linf = 0.03137 (8.00/255), budget = 8.00/255
[2026-09-19 20:25:33]   [t2315 v1/6] fail (pred=bird) CTA=0.8395
[2026-09-19 20:27:09]   [t2315 v2/6] fail (pred=bird) CTA=0.8371
[2026-09-19 20:28:45]   [t2315 v3/6] SUCCESS (pred=dog) CTA=0.8340
[2026-09-19 20:30:20]   [t2315 v4/6] SUCCESS (pred=dog) CTA=0.8340
[2026-09-19 20:31:56]   [t2315 v5/6] fail (pred=bird) CTA=0.8419
[2026-09-19 20:33:31]   [t2315 v6/6] fail (pred=bird) CTA=0.8367
[2026-09-19 20:33:31]   target 2315, 6 victims on this gpu: ASR=33.3% CTA=0.8372 +/- 0.0028
[2026-09-19 20:33:31] === target 6899 (5/8) ===
[2026-09-19 20:33:32]   target 6899: selector overhead 0.181 s, CUDA peak 979.7 MiB (incremental 218.9 MiB)
[2026-09-19 20:33:35]   target 6899: crafted 100 poisons in 3 s, obj=0.01778, CUDA peak=1519.2 MiB (incremental 757.3 MiB)
[2026-09-19 20:33:35]   target 6899: realized linf = 0.03137 (8.00/255), budget = 8.00/255
[2026-09-19 20:35:10]   [t6899 v1/6] SUCCESS (pred=dog) CTA=0.8307
[2026-09-19 20:36:46]   [t6899 v2/6] SUCCESS (pred=dog) CTA=0.8422
[2026-09-19 20:38:21]   [t6899 v3/6] fail (pred=horse) CTA=0.8379
[2026-09-19 20:39:57]   [t6899 v4/6] SUCCESS (pred=dog) CTA=0.8311
[2026-09-19 20:41:32]   [t6899 v5/6] SUCCESS (pred=dog) CTA=0.8348
[2026-09-19 20:43:08]   [t6899 v6/6] SUCCESS (pred=dog) CTA=0.8369
[2026-09-19 20:43:08]   target 6899, 6 victims on this gpu: ASR=83.3% CTA=0.8356 +/- 0.0040
[2026-09-19 20:43:08] === target 2312 (6/8) ===
[2026-09-19 20:43:08]   target 2312: selector overhead 0.181 s, CUDA peak 979.7 MiB (incremental 218.9 MiB)
[2026-09-19 20:43:11]   target 2312: crafted 100 poisons in 3 s, obj=0.01652, CUDA peak=1519.2 MiB (incremental 757.3 MiB)
[2026-09-19 20:43:11]   target 2312: realized linf = 0.03137 (8.00/255), budget = 8.00/255
[2026-09-19 20:44:47]   [t2312 v1/6] fail (pred=bird) CTA=0.8343
[2026-09-19 20:46:22]   [t2312 v2/6] fail (pred=bird) CTA=0.8355
[2026-09-19 20:47:58]   [t2312 v3/6] fail (pred=bird) CTA=0.8377
[2026-09-19 20:49:34]   [t2312 v4/6] fail (pred=bird) CTA=0.8395
[2026-09-19 20:51:09]   [t2312 v5/6] fail (pred=bird) CTA=0.8409
[2026-09-19 20:52:45]   [t2312 v6/6] fail (pred=bird) CTA=0.8405
[2026-09-19 20:52:45]   target 2312, 6 victims on this gpu: ASR=0.0% CTA=0.8381 +/- 0.0025
[2026-09-19 20:52:45] === target 6353 (7/8) ===
[2026-09-19 20:52:45]   target 6353: selector overhead 0.181 s, CUDA peak 979.7 MiB (incremental 218.9 MiB)
[2026-09-19 20:52:48]   target 6353: crafted 100 poisons in 3 s, obj=0.02256, CUDA peak=1519.2 MiB (incremental 757.3 MiB)
[2026-09-19 20:52:48]   target 6353: realized linf = 0.03137 (8.00/255), budget = 8.00/255
[2026-09-19 20:54:24]   [t6353 v1/6] fail (pred=bird) CTA=0.8351
