gpu: NVIDIA L40S
cache: waiting for shared VGG13BN checkpoint lock
cache: VGG13BN checkpoints ready
cache: waiting for shared ResNet20BN checkpoint lock
cache: ResNet20BN checkpoints ready
run: waiting for duplicate-submission lock
targets: 8 unique pinned indices: 3728 5640 6922 7855 2127 7586 7360 2171
job: 1021735 grn24_bp_b0005_vvgg_sr20_k20 on rack16-04
config: attack=fc budget=0.005 V=VGG13BN S=ResNet20BN K=20 base=ours base_dist=cosine_norm lambda_margin=10 jacobian=off craft_steps=250 victim_epochs=50 victim_decay=40 targets=8 victims=6; green-table-ASR=65
protocol: method=ours Jacobian=off targets=8 victims=6 selector_K=20 component=basis
protocol: base_dist=cosine_norm lambda_margin=10 victim_epochs=50 victim_decay=40
protocol: 30 shared surrogates available; crafting always uses V checkpoints 0..4
output: /home/mmoslem3/scratch/PoisonBase/green_rerun_8x6_lam10_cosnorm_20260919_result/CIFAR10_VGG13BN_fc_ours_dog-bird_b0.005_eps8_seed42_lam10_cosine_norm_selarchResNet20BN_K20_ce5_tgt3
[2026-09-19 17:57:09] === run start: CIFAR10_VGG13BN_fc_ours_dog-bird_b0.005_eps8_seed42_lam10_cosine_norm_selarchResNet20BN_K20_ce5_tgt3 on cuda [0] ===
[2026-09-19 17:57:09] args: {"FORCE": false, "attack": "fc", "base": "ours", "base_dist": "cosine_norm", "base_topr": null, "budget": 0.005, "cache_dir": "/tmp/PoisonBase_cross_arch_k_10x6/cache", "class_pair": "dog-bird", "clean_baseline": true, "craft_alpha": 0.0039216, "craft_aug": true, "craft_batch": 256, "craft_ensemble": 5, "craft_lowmem": false, "craft_schedule": false, "craft_steps": 250, "data_path": "/tmp/PoisonBase_cross_arch_k_10x6/data", "dataset": "CIFAR10", "distance_margin_coef": null, "dsa_strategy": "color_crop_cutout_flip_scale_rotate", "epsilon": 0.0313725, "fast_gradmatch": false, "fc_mode": "sample", "fc_restarts": 1, "fus_alpha": 0.5, "fus_iters": 10, "fus_proxy_restarts": 0, "fus_proxy_steps": 0, "fus_search_decay": [40], "fus_search_epochs": 50, "gpus": "all", "jacobian_batch_size": 64, "jacobian_weight": 1.0, "keep_pinned_targets": false, "lambda_margin": 10.0, "model": "VGG13BN", "no_resume": false, "num_poisons": 500, "num_surrogates": 30, "num_targets": 8, "num_victims": 6, "out_dir": "/tmp/PoisonBase_cross_arch_k_10x6/cross_arch_k_10x6_result", "pair_order": "poison-target", "parallel_pretrain": true, "parallel_targets": true, "precompute_id": null, "precompute_only": false, "precompute_part": "both", "rank_on_victims": true, "recompute_deltas": false, "require_correct_target": false, "restarts": 8, "seed": 42, "sel_K": 20, "sel_alpha": 1.0, "sel_criterion": null, "sel_dpp": false, "sel_filter": false, "sel_metric_epoch": 10, "sel_mmr": false, "sel_mode": null, "sel_model": "ResNet20BN", "sel_mu": 1.0, "sel_pca": false, "sel_pool": 3.0, "selector_metric_dir": null, "sharp_mode": "worst", "sharp_samples": 20, "sharp_sigma": 0.05, "steal_timeout": 7200.0, "surrogate_aug": false, "surrogate_bs": 128, "surrogate_decay": [35, 45], "surrogate_epochs": 60, "surrogate_lr": 0.1, "surrogate_wd": 0.0, "target_idx_file": "/tmp/PoisonBase_cross_arch_k_10x6/target_sets/VGG13BN_fc_dog-bird.json", "target_select": 3, "use_jacobian_score": false, "victim_aug": false, "victim_bs": 125, "victim_decay": [40], "victim_epochs": 50, "victim_lr": 0.1, "victim_model": null, "victim_wd": 0.0}
[2026-09-19 17:57:09] Jacobian score: disabled
[2026-09-19 17:57:09] N_total=50000 budget=0.005 -> N_p=250 poisons, y_adv=5(dog) target_class=2(bird)
[2026-09-19 17:57:09] === selection/crafting surrogates (30 x VGG13BN, trained on the full real set) ===
[2026-09-19 17:57:11]   crafting on 5/30 surrogates
[2026-09-19 17:57:11] === selection surrogates (30 x ResNet20BN, cross-architecture) ===
[2026-09-19 17:57:11] === clean victims (6 x VGG13BN) ===
[2026-09-19 17:57:13]   clean baseline CTA = 0.8476 +/- 0.0158
[2026-09-19 17:57:13]   target pool 1000 -> eligible 970 (30 already predicted as y_adv or dropped)
[2026-09-19 17:57:13]   chosen 8 targets (file), p_adv range 0.1700..0.1985
[2026-09-19 17:57:13]   targets: [3728, 5640, 6922, 7855, 2127, 7586, 7360, 2171]
[2026-09-19 17:57:13] === target 3728 (1/8) ===
[2026-09-19 17:57:14]   target 3728: selector overhead 1.327 s, CUDA peak 2290.7 MiB (incremental 218.9 MiB)
[2026-09-19 17:57:23]   target 3728: crafted 250 poisons in 9 s, obj=0.00235, CUDA peak=4964.7 MiB (incremental 2890.0 MiB)
[2026-09-19 17:57:23]   target 3728: realized linf = 0.03137 (8.00/255), budget = 8.00/255
[2026-09-19 17:59:09]   [t3728 v1/6] SUCCESS (pred=dog) CTA=0.8483
[2026-09-19 18:00:51]   [t3728 v2/6] SUCCESS (pred=dog) CTA=0.8524
[2026-09-19 18:02:33]   [t3728 v3/6] SUCCESS (pred=dog) CTA=0.8545
[2026-09-19 18:04:15]   [t3728 v4/6] SUCCESS (pred=dog) CTA=0.8684
[2026-09-19 18:05:57]   [t3728 v5/6] SUCCESS (pred=dog) CTA=0.8611
[2026-09-19 18:07:39]   [t3728 v6/6] SUCCESS (pred=dog) CTA=0.8407
[2026-09-19 18:07:39]   target 3728, 6 victims on this gpu: ASR=100.0% CTA=0.8542 +/- 0.0088
[2026-09-19 18:07:39] === target 5640 (2/8) ===
[2026-09-19 18:07:40]   target 5640: selector overhead 1.280 s, CUDA peak 2298.9 MiB (incremental 218.9 MiB)
[2026-09-19 18:07:49]   target 5640: crafted 250 poisons in 9 s, obj=0.00198, CUDA peak=4978.6 MiB (incremental 2895.7 MiB)
[2026-09-19 18:07:49]   target 5640: realized linf = 0.03137 (8.00/255), budget = 8.00/255
[2026-09-19 18:09:33]   [t5640 v1/6] SUCCESS (pred=dog) CTA=0.8377
[2026-09-19 18:11:17]   [t5640 v2/6] fail (pred=bird) CTA=0.8520
[2026-09-19 18:13:00]   [t5640 v3/6] SUCCESS (pred=dog) CTA=0.8355
[2026-09-19 18:14:44]   [t5640 v4/6] fail (pred=bird) CTA=0.8575
[2026-09-19 18:16:27]   [t5640 v5/6] fail (pred=bird) CTA=0.8493
[2026-09-19 18:18:10]   [t5640 v6/6] fail (pred=bird) CTA=0.8554
[2026-09-19 18:18:10]   target 5640, 6 victims on this gpu: ASR=33.3% CTA=0.8479 +/- 0.0084
[2026-09-19 18:18:10] === target 6922 (3/8) ===
[2026-09-19 18:18:12]   target 6922: selector overhead 1.271 s, CUDA peak 2298.9 MiB (incremental 218.9 MiB)
[2026-09-19 18:18:20]   target 6922: crafted 250 poisons in 9 s, obj=0.00231, CUDA peak=4978.3 MiB (incremental 2895.4 MiB)
[2026-09-19 18:18:20]   target 6922: realized linf = 0.03137 (8.00/255), budget = 8.00/255
[2026-09-19 18:20:05]   [t6922 v1/6] SUCCESS (pred=dog) CTA=0.8591
[2026-09-19 18:21:47]   [t6922 v2/6] SUCCESS (pred=dog) CTA=0.8606
[2026-09-19 18:23:30]   [t6922 v3/6] fail (pred=bird) CTA=0.8399
[2026-09-19 18:25:11]   [t6922 v4/6] SUCCESS (pred=dog) CTA=0.8486
[2026-09-19 18:26:54]   [t6922 v5/6] SUCCESS (pred=dog) CTA=0.8429
[2026-09-19 18:28:36]   [t6922 v6/6] SUCCESS (pred=dog) CTA=0.8491
[2026-09-19 18:28:36]   target 6922, 6 victims on this gpu: ASR=83.3% CTA=0.8500 +/- 0.0076
[2026-09-19 18:28:36] === target 7855 (4/8) ===
[2026-09-19 18:28:37]   target 7855: selector overhead 1.269 s, CUDA peak 2298.9 MiB (incremental 218.9 MiB)
[2026-09-19 18:28:46]   target 7855: crafted 250 poisons in 9 s, obj=0.00224, CUDA peak=4978.3 MiB (incremental 2895.4 MiB)
[2026-09-19 18:28:46]   target 7855: realized linf = 0.03137 (8.00/255), budget = 8.00/255
[2026-09-19 18:30:31]   [t7855 v1/6] SUCCESS (pred=dog) CTA=0.8607
[2026-09-19 18:32:14]   [t7855 v2/6] SUCCESS (pred=dog) CTA=0.8313
[2026-09-19 18:33:57]   [t7855 v3/6] SUCCESS (pred=dog) CTA=0.8546
[2026-09-19 18:35:40]   [t7855 v4/6] SUCCESS (pred=dog) CTA=0.8569
[2026-09-19 18:37:24]   [t7855 v5/6] SUCCESS (pred=dog) CTA=0.8642
[2026-09-19 18:39:06]   [t7855 v6/6] fail (pred=bird) CTA=0.8321
[2026-09-19 18:39:06]   target 7855, 6 victims on this gpu: ASR=83.3% CTA=0.8500 +/- 0.0133
[2026-09-19 18:39:06] === target 2127 (5/8) ===
[2026-09-19 18:39:08]   target 2127: selector overhead 1.267 s, CUDA peak 2298.9 MiB (incremental 218.9 MiB)
[2026-09-19 18:39:16]   target 2127: crafted 250 poisons in 9 s, obj=0.00208, CUDA peak=4978.3 MiB (incremental 2895.4 MiB)
[2026-09-19 18:39:16]   target 2127: realized linf = 0.03137 (8.00/255), budget = 8.00/255
[2026-09-19 18:41:01]   [t2127 v1/6] SUCCESS (pred=dog) CTA=0.8625
[2026-09-19 18:42:44]   [t2127 v2/6] SUCCESS (pred=dog) CTA=0.8331
[2026-09-19 18:44:26]   [t2127 v3/6] SUCCESS (pred=dog) CTA=0.8573
[2026-09-19 18:46:09]   [t2127 v4/6] fail (pred=bird) CTA=0.8588
[2026-09-19 18:47:51]   [t2127 v5/6] SUCCESS (pred=dog) CTA=0.8578
[2026-09-19 18:49:33]   [t2127 v6/6] SUCCESS (pred=dog) CTA=0.8535
[2026-09-19 18:49:33]   target 2127, 6 victims on this gpu: ASR=83.3% CTA=0.8538 +/- 0.0096
[2026-09-19 18:49:33] === target 7586 (6/8) ===
[2026-09-19 18:49:34]   target 7586: selector overhead 1.266 s, CUDA peak 2298.9 MiB (incremental 218.9 MiB)
[2026-09-19 18:49:43]   target 7586: crafted 250 poisons in 9 s, obj=0.00204, CUDA peak=4978.3 MiB (incremental 2895.4 MiB)
[2026-09-19 18:49:43]   target 7586: realized linf = 0.03137 (8.00/255), budget = 8.00/255
[2026-09-19 18:51:27]   [t7586 v1/6] fail (pred=bird) CTA=0.8494
[2026-09-19 18:53:10]   [t7586 v2/6] fail (pred=truck) CTA=0.8590
[2026-09-19 18:54:53]   [t7586 v3/6] fail (pred=bird) CTA=0.8587
[2026-09-19 18:56:35]   [t7586 v4/6] fail (pred=cat) CTA=0.8604
[2026-09-19 18:58:18]   [t7586 v5/6] fail (pred=horse) CTA=0.8515
[2026-09-19 19:00:00]   [t7586 v6/6] fail (pred=bird) CTA=0.8493
[2026-09-19 19:00:00]   target 7586, 6 victims on this gpu: ASR=0.0% CTA=0.8547 +/- 0.0047
[2026-09-19 19:00:00] === target 7360 (7/8) ===
[2026-09-19 19:00:01]   target 7360: selector overhead 1.270 s, CUDA peak 2298.9 MiB (incremental 218.9 MiB)
[2026-09-19 19:00:10]   target 7360: crafted 250 poisons in 9 s, obj=0.00231, CUDA peak=4978.6 MiB (incremental 2895.7 MiB)
[2026-09-19 19:00:10]   target 7360: realized linf = 0.03137 (8.00/255), budget = 8.00/255
[2026-09-19 19:01:55]   [t7360 v1/6] SUCCESS (pred=dog) CTA=0.8629
[2026-09-19 19:03:38]   [t7360 v2/6] fail (pred=bird) CTA=0.8463
[2026-09-19 19:05:21]   [t7360 v3/6] SUCCESS (pred=dog) CTA=0.8535
[2026-09-19 19:07:05]   [t7360 v4/6] SUCCESS (pred=dog) CTA=0.8646
[2026-09-19 19:08:48]   [t7360 v5/6] SUCCESS (pred=dog) CTA=0.8255
[2026-09-19 19:10:32]   [t7360 v6/6] SUCCESS (pred=dog) CTA=0.8434
[2026-09-19 19:10:32]   target 7360, 6 victims on this gpu: ASR=83.3% CTA=0.8494 +/- 0.0132
[2026-09-19 19:10:32] === target 2171 (8/8) ===
[2026-09-19 19:10:33]   target 2171: selector overhead 1.271 s, CUDA peak 2298.9 MiB (incremental 218.9 MiB)
[2026-09-19 19:10:42]   target 2171: crafted 250 poisons in 9 s, obj=0.00245, CUDA peak=4978.4 MiB (incremental 2895.4 MiB)
[2026-09-19 19:10:42]   target 2171: realized linf = 0.03137 (8.00/255), budget = 8.00/255
[2026-09-19 19:12:27]   [t2171 v1/6] fail (pred=bird) CTA=0.8488
[2026-09-19 19:14:10]   [t2171 v2/6] fail (pred=bird) CTA=0.8589
[2026-09-19 19:15:53]   [t2171 v3/6] SUCCESS (pred=dog) CTA=0.8592
[2026-09-19 19:17:37]   [t2171 v4/6] fail (pred=cat) CTA=0.8410
[2026-09-19 19:19:21]   [t2171 v5/6] fail (pred=bird) CTA=0.8458
[2026-09-19 19:21:05]   [t2171 v6/6] SUCCESS (pred=dog) CTA=0.8591
[2026-09-19 19:21:05]   target 2171, 6 victims on this gpu: ASR=33.3% CTA=0.8521 +/- 0.0073
[2026-09-19 19:21:05]   selector resources: 8 target(s), 10.2 total target-seconds, max CUDA allocated 2298.9 MiB (incremental 218.9 MiB)
[2026-09-19 19:21:05] ==== CIFAR10_VGG13BN_fc_ours_dog-bird_b0.005_eps8_seed42_lam10_cosine_norm_selarchResNet20BN_K20_ce5_tgt3 : ASR = 62.5% +/- 33.1% | CTA = 0.8515 (baseline 0.8476) ====
[2026-09-19 19:21:05]   target-prediction tally ['airplane', 'automobile', 'bird', 'cat', 'deer', 'dog', 'frog', 'horse', 'ship', 'truck']: [0, 0, 14, 2, 0, 30, 0, 1, 0, 1]
verified: 8 targets x 6 victims = 48 unique evaluations
sync: CIFAR10_VGG13BN_fc_ours_dog-bird_b0.005_eps8_seed42_lam10_cosine_norm_selarchResNet20BN_K20_ce5_tgt3 -> /home/mmoslem3/scratch/PoisonBase/green_rerun_8x6_lam10_cosnorm_20260919_result
sync: complete
