gpu: NVIDIA L40S
cache: waiting for shared ResNet20BN checkpoint lock
cache: ResNet20BN checkpoints ready
cache: waiting for shared ConvNetBN checkpoint lock
cache: ConvNetBN checkpoints ready
run: waiting for duplicate-submission lock
targets: 8 unique pinned indices: 3495 2903 6697 2315 6899 2312 6353 4421
job: 1021731 grn20_bp_b0005_vr20_sconv_k30 on rack11-16
config: attack=fc budget=0.005 V=ResNet20BN S=ConvNetBN K=30 base=ours base_dist=cosine_norm lambda_margin=10 jacobian=off craft_steps=250 victim_epochs=50 victim_decay=40 targets=8 victims=6; green-table-ASR=58.3
protocol: method=ours Jacobian=off targets=8 victims=6 selector_K=30 component=basis
protocol: base_dist=cosine_norm lambda_margin=10 victim_epochs=50 victim_decay=40
protocol: 30 shared surrogates available; crafting always uses V checkpoints 0..4
output: /home/mmoslem3/scratch/PoisonBase/green_rerun_8x6_lam10_cosnorm_20260919_result/CIFAR10_ResNet20BN_fc_ours_dog-bird_b0.005_eps8_seed42_lam10_cosine_norm_selarchConvNetBN_K30_ce5_tgt10
[2026-09-19 19:58:11] === run start: CIFAR10_ResNet20BN_fc_ours_dog-bird_b0.005_eps8_seed42_lam10_cosine_norm_selarchConvNetBN_K30_ce5_tgt10 on cuda [0] ===
[2026-09-19 19:58:11] args: {"FORCE": false, "attack": "fc", "base": "ours", "base_dist": "cosine_norm", "base_topr": null, "budget": 0.005, "cache_dir": "/tmp/PoisonBase_cross_arch_k_10x6/cache", "class_pair": "dog-bird", "clean_baseline": true, "craft_alpha": 0.0039216, "craft_aug": true, "craft_batch": 256, "craft_ensemble": 5, "craft_lowmem": false, "craft_schedule": false, "craft_steps": 250, "data_path": "/tmp/PoisonBase_cross_arch_k_10x6/data", "dataset": "CIFAR10", "distance_margin_coef": null, "dsa_strategy": "color_crop_cutout_flip_scale_rotate", "epsilon": 0.0313725, "fast_gradmatch": false, "fc_mode": "sample", "fc_restarts": 1, "fus_alpha": 0.5, "fus_iters": 10, "fus_proxy_restarts": 0, "fus_proxy_steps": 0, "fus_search_decay": [40], "fus_search_epochs": 50, "gpus": "all", "jacobian_batch_size": 64, "jacobian_weight": 1.0, "keep_pinned_targets": false, "lambda_margin": 10.0, "model": "ResNet20BN", "no_resume": false, "num_poisons": 500, "num_surrogates": 30, "num_targets": 8, "num_victims": 6, "out_dir": "/tmp/PoisonBase_cross_arch_k_10x6/cross_arch_k_10x6_result", "pair_order": "poison-target", "parallel_pretrain": true, "parallel_targets": true, "precompute_id": null, "precompute_only": false, "precompute_part": "both", "rank_on_victims": true, "recompute_deltas": false, "require_correct_target": false, "restarts": 8, "seed": 42, "sel_K": 30, "sel_alpha": 1.0, "sel_criterion": null, "sel_dpp": false, "sel_filter": false, "sel_metric_epoch": 10, "sel_mmr": false, "sel_mode": null, "sel_model": "ConvNetBN", "sel_mu": 1.0, "sel_pca": false, "sel_pool": 3.0, "selector_metric_dir": null, "sharp_mode": "worst", "sharp_samples": 20, "sharp_sigma": 0.05, "steal_timeout": 7200.0, "surrogate_aug": false, "surrogate_bs": 128, "surrogate_decay": [35, 45], "surrogate_epochs": 60, "surrogate_lr": 0.1, "surrogate_wd": 0.0, "target_idx_file": "/tmp/PoisonBase_cross_arch_k_10x6/target_sets/ResNet20BN_fc_dog-bird.json", "target_select": 10, "use_jacobian_score": false, "victim_aug": false, "victim_bs": 125, "victim_decay": [40], "victim_epochs": 50, "victim_lr": 0.1, "victim_model": null, "victim_wd": 0.0}
[2026-09-19 19:58:11] Jacobian score: disabled
[2026-09-19 19:58:11] N_total=50000 budget=0.005 -> N_p=250 poisons, y_adv=5(dog) target_class=2(bird)
[2026-09-19 19:58:11] === selection/crafting surrogates (30 x ResNet20BN, trained on the full real set) ===
[2026-09-19 19:58:12]   crafting on 5/30 surrogates
[2026-09-19 19:58:12] === selection surrogates (30 x ConvNetBN, cross-architecture) ===
[2026-09-19 19:58:12] === clean victims (6 x ResNet20BN) ===
[2026-09-19 19:58:13]   clean baseline CTA = 0.8354 +/- 0.0043
[2026-09-19 19:58:13]   target pool 1000 -> eligible 978 (22 already predicted as y_adv or dropped)
[2026-09-19 19:58:13]   chosen 8 targets (file), p_adv range 0.0001..0.3564
[2026-09-19 19:58:13]   targets: [3495, 2903, 6697, 2315, 6899, 2312, 6353, 4421]
[2026-09-19 19:58:13] === target 3495 (1/8) ===
[2026-09-19 19:58:16]   target 3495: selector overhead 2.657 s, CUDA peak 1364.2 MiB (incremental 574.8 MiB)
[2026-09-19 19:58:21]   target 3495: crafted 250 poisons in 5 s, obj=0.01564, CUDA peak=2703.3 MiB (incremental 1911.0 MiB)
[2026-09-19 19:58:21]   target 3495: realized linf = 0.03137 (8.00/255), budget = 8.00/255
[2026-09-19 19:59:56]   [t3495 v1/6] SUCCESS (pred=dog) CTA=0.8397
[2026-09-19 20:01:32]   [t3495 v2/6] SUCCESS (pred=dog) CTA=0.8432
[2026-09-19 20:03:07]   [t3495 v3/6] SUCCESS (pred=dog) CTA=0.8381
[2026-09-19 20:04:43]   [t3495 v4/6] fail (pred=cat) CTA=0.8374
[2026-09-19 20:06:18]   [t3495 v5/6] SUCCESS (pred=dog) CTA=0.8363
[2026-09-19 20:07:54]   [t3495 v6/6] SUCCESS (pred=dog) CTA=0.8356
[2026-09-19 20:07:54]   target 3495, 6 victims on this gpu: ASR=83.3% CTA=0.8384 +/- 0.0025
[2026-09-19 20:07:54] === target 2903 (2/8) ===
[2026-09-19 20:07:56]   target 2903: selector overhead 2.614 s, CUDA peak 1372.3 MiB (incremental 574.8 MiB)
[2026-09-19 20:08:01]   target 2903: crafted 250 poisons in 5 s, obj=0.02050, CUDA peak=2717.4 MiB (incremental 1916.9 MiB)
[2026-09-19 20:08:01]   target 2903: realized linf = 0.03137 (8.00/255), budget = 8.00/255
[2026-09-19 20:09:36]   [t2903 v1/6] SUCCESS (pred=dog) CTA=0.8348
[2026-09-19 20:11:12]   [t2903 v2/6] fail (pred=bird) CTA=0.8393
[2026-09-19 20:12:47]   [t2903 v3/6] fail (pred=bird) CTA=0.8343
[2026-09-19 20:14:23]   [t2903 v4/6] fail (pred=bird) CTA=0.8379
[2026-09-19 20:15:58]   [t2903 v5/6] fail (pred=bird) CTA=0.8375
[2026-09-19 20:17:34]   [t2903 v6/6] fail (pred=bird) CTA=0.8288
[2026-09-19 20:17:34]   target 2903, 6 victims on this gpu: ASR=16.7% CTA=0.8354 +/- 0.0034
[2026-09-19 20:17:34] === target 6697 (3/8) ===
[2026-09-19 20:17:36]   target 6697: selector overhead 2.613 s, CUDA peak 1372.3 MiB (incremental 574.8 MiB)
[2026-09-19 20:17:41]   target 6697: crafted 250 poisons in 5 s, obj=0.01869, CUDA peak=2718.3 MiB (incremental 1917.9 MiB)
[2026-09-19 20:17:41]   target 6697: realized linf = 0.03137 (8.00/255), budget = 8.00/255
[2026-09-19 20:19:17]   [t6697 v1/6] SUCCESS (pred=dog) CTA=0.8378
[2026-09-19 20:20:52]   [t6697 v2/6] fail (pred=horse) CTA=0.8341
[2026-09-19 20:22:28]   [t6697 v3/6] SUCCESS (pred=dog) CTA=0.8346
[2026-09-19 20:24:03]   [t6697 v4/6] SUCCESS (pred=dog) CTA=0.8408
[2026-09-19 20:25:38]   [t6697 v5/6] SUCCESS (pred=dog) CTA=0.8407
[2026-09-19 20:27:14]   [t6697 v6/6] SUCCESS (pred=dog) CTA=0.8332
[2026-09-19 20:27:14]   target 6697, 6 victims on this gpu: ASR=83.3% CTA=0.8369 +/- 0.0031
[2026-09-19 20:27:14] === target 2315 (4/8) ===
[2026-09-19 20:27:16]   target 2315: selector overhead 2.614 s, CUDA peak 1372.3 MiB (incremental 574.8 MiB)
[2026-09-19 20:27:21]   target 2315: crafted 250 poisons in 5 s, obj=0.01927, CUDA peak=2717.7 MiB (incremental 1917.3 MiB)
[2026-09-19 20:27:21]   target 2315: realized linf = 0.03137 (8.00/255), budget = 8.00/255
[2026-09-19 20:28:57]   [t2315 v1/6] fail (pred=bird) CTA=0.8377
[2026-09-19 20:30:32]   [t2315 v2/6] SUCCESS (pred=dog) CTA=0.8348
[2026-09-19 20:32:08]   [t2315 v3/6] fail (pred=bird) CTA=0.8395
[2026-09-19 20:33:43]   [t2315 v4/6] fail (pred=bird) CTA=0.8334
[2026-09-19 20:35:19]   [t2315 v5/6] fail (pred=bird) CTA=0.8401
[2026-09-19 20:36:54]   [t2315 v6/6] fail (pred=bird) CTA=0.8369
[2026-09-19 20:36:54]   target 2315, 6 victims on this gpu: ASR=16.7% CTA=0.8371 +/- 0.0024
[2026-09-19 20:36:54] === target 6899 (5/8) ===
[2026-09-19 20:36:57]   target 6899: selector overhead 2.612 s, CUDA peak 1372.3 MiB (incremental 574.8 MiB)
[2026-09-19 20:37:01]   target 6899: crafted 250 poisons in 5 s, obj=0.01778, CUDA peak=2718.1 MiB (incremental 1917.6 MiB)
[2026-09-19 20:37:01]   target 6899: realized linf = 0.03137 (8.00/255), budget = 8.00/255
[2026-09-19 20:38:37]   [t6899 v1/6] SUCCESS (pred=dog) CTA=0.8405
[2026-09-19 20:40:12]   [t6899 v2/6] SUCCESS (pred=dog) CTA=0.8344
[2026-09-19 20:41:48]   [t6899 v3/6] SUCCESS (pred=dog) CTA=0.8329
[2026-09-19 20:43:23]   [t6899 v4/6] SUCCESS (pred=dog) CTA=0.8313
[2026-09-19 20:44:58]   [t6899 v5/6] SUCCESS (pred=dog) CTA=0.8414
[2026-09-19 20:46:34]   [t6899 v6/6] SUCCESS (pred=dog) CTA=0.8332
[2026-09-19 20:46:34]   target 6899, 6 victims on this gpu: ASR=100.0% CTA=0.8356 +/- 0.0039
[2026-09-19 20:46:34] === target 2312 (6/8) ===
[2026-09-19 20:46:36]   target 2312: selector overhead 2.613 s, CUDA peak 1372.3 MiB (incremental 574.8 MiB)
[2026-09-19 20:46:41]   target 2312: crafted 250 poisons in 5 s, obj=0.01653, CUDA peak=2718.1 MiB (incremental 1917.6 MiB)
[2026-09-19 20:46:41]   target 2312: realized linf = 0.03137 (8.00/255), budget = 8.00/255
[2026-09-19 20:48:17]   [t2312 v1/6] fail (pred=bird) CTA=0.8305
[2026-09-19 20:49:52]   [t2312 v2/6] SUCCESS (pred=dog) CTA=0.8352
[2026-09-19 20:51:28]   [t2312 v3/6] fail (pred=bird) CTA=0.8295
[2026-09-19 20:53:03]   [t2312 v4/6] SUCCESS (pred=dog) CTA=0.8464
[2026-09-19 20:54:38]   [t2312 v5/6] fail (pred=bird) CTA=0.8415
