gpu: NVIDIA L40S
cache: waiting for shared ConvNetBN checkpoint lock
cache: ConvNetBN checkpoints ready
cache: waiting for shared ResNet20BN checkpoint lock
cache: ResNet20BN checkpoints ready
run: waiting for duplicate-submission lock
targets: 8 unique pinned indices: 843 1257 8252 8730 8055 5859 8954 821
job: 1021744 grn33_gm_b0002_vconv_sr20_k30 on rack08-01
config: attack=gradmatch budget=0.002 V=ConvNetBN S=ResNet20BN K=30 base=ours base_dist=cosine_norm lambda_margin=10 jacobian=off craft_steps=250 victim_epochs=50 victim_decay=40 targets=8 victims=6; green-table-ASR=10
protocol: method=ours Jacobian=off targets=8 victims=6 selector_K=30 component=basis
protocol: base_dist=cosine_norm lambda_margin=10 victim_epochs=50 victim_decay=40
protocol: 30 shared surrogates available; crafting always uses V checkpoints 0..4
output: /home/mmoslem3/scratch/PoisonBase/green_rerun_8x6_lam10_cosnorm_20260919_result/CIFAR10_ConvNetBN_gradmatch_ours_dog-bird_b0.002_eps8_seed42_lam10_cosine_norm_selarchResNet20BN_K30_ce5_tgt70
[2026-09-19 18:01:45] === run start: CIFAR10_ConvNetBN_gradmatch_ours_dog-bird_b0.002_eps8_seed42_lam10_cosine_norm_selarchResNet20BN_K30_ce5_tgt70 on cuda [0] ===
[2026-09-19 18:01:45] args: {"FORCE": false, "attack": "gradmatch", "base": "ours", "base_dist": "cosine_norm", "base_topr": null, "budget": 0.002, "cache_dir": "/tmp/PoisonBase_cross_arch_k_10x6/cache", "class_pair": "dog-bird", "clean_baseline": true, "craft_alpha": 0.0039216, "craft_aug": true, "craft_batch": 256, "craft_ensemble": 5, "craft_lowmem": false, "craft_schedule": false, "craft_steps": 250, "data_path": "/tmp/PoisonBase_cross_arch_k_10x6/data", "dataset": "CIFAR10", "distance_margin_coef": null, "dsa_strategy": "color_crop_cutout_flip_scale_rotate", "epsilon": 0.0313725, "fast_gradmatch": false, "fc_mode": "sample", "fc_restarts": 1, "fus_alpha": 0.5, "fus_iters": 10, "fus_proxy_restarts": 0, "fus_proxy_steps": 0, "fus_search_decay": [40], "fus_search_epochs": 50, "gpus": "all", "jacobian_batch_size": 64, "jacobian_weight": 1.0, "keep_pinned_targets": false, "lambda_margin": 10.0, "model": "ConvNetBN", "no_resume": false, "num_poisons": 500, "num_surrogates": 30, "num_targets": 8, "num_victims": 6, "out_dir": "/tmp/PoisonBase_cross_arch_k_10x6/cross_arch_k_10x6_result", "pair_order": "poison-target", "parallel_pretrain": true, "parallel_targets": true, "precompute_id": null, "precompute_only": false, "precompute_part": "both", "rank_on_victims": true, "recompute_deltas": false, "require_correct_target": false, "restarts": 8, "seed": 42, "sel_K": 30, "sel_alpha": 1.0, "sel_criterion": null, "sel_dpp": false, "sel_filter": false, "sel_metric_epoch": 10, "sel_mmr": false, "sel_mode": null, "sel_model": "ResNet20BN", "sel_mu": 1.0, "sel_pca": false, "sel_pool": 3.0, "selector_metric_dir": null, "sharp_mode": "worst", "sharp_samples": 20, "sharp_sigma": 0.05, "steal_timeout": 7200.0, "surrogate_aug": false, "surrogate_bs": 128, "surrogate_decay": [35, 45], "surrogate_epochs": 60, "surrogate_lr": 0.1, "surrogate_wd": 0.0, "target_idx_file": "/tmp/PoisonBase_cross_arch_k_10x6/target_sets/ConvNetBN_gradmatch_dog-bird.json", "target_select": 70, "use_jacobian_score": false, "victim_aug": false, "victim_bs": 125, "victim_decay": [40], "victim_epochs": 50, "victim_lr": 0.1, "victim_model": null, "victim_wd": 0.0}
[2026-09-19 18:01:45] Jacobian score: disabled
[2026-09-19 18:01:45] N_total=50000 budget=0.002 -> N_p=100 poisons, y_adv=5(dog) target_class=2(bird)
[2026-09-19 18:01:45] === selection/crafting surrogates (30 x ConvNetBN, trained on the full real set) ===
[2026-09-19 18:01:46]   crafting on 5/30 surrogates
[2026-09-19 18:01:46] === selection surrogates (30 x ResNet20BN, cross-architecture) ===
[2026-09-19 18:01:46] === clean victims (6 x ConvNetBN) ===
[2026-09-19 18:01:48]   clean baseline CTA = 0.8127 +/- 0.0074
[2026-09-19 18:01:48]   target pool 1000 -> eligible 963 (37 already predicted as y_adv or dropped)
[2026-09-19 18:01:48]   chosen 8 targets (file), p_adv range 0.0000..0.0000
[2026-09-19 18:01:48]   targets: [843, 1257, 8252, 8730, 8055, 5859, 8954, 821]
[2026-09-19 18:01:48] === target 843 (1/8) ===
[2026-09-19 18:01:50]   target 843: selector overhead 1.993 s, CUDA peak 1009.2 MiB (incremental 218.9 MiB)
[2026-09-19 18:03:10]   target 843: crafted 100 poisons in 80 s, obj=0.31190, CUDA peak=2526.1 MiB (incremental 1734.6 MiB)
[2026-09-19 18:03:10]   target 843: realized linf = 0.03137 (8.00/255), budget = 8.00/255
[2026-09-19 18:04:01]   [t843 v1/6] fail (pred=bird) CTA=0.8094
[2026-09-19 18:04:51]   [t843 v2/6] SUCCESS (pred=dog) CTA=0.8067
[2026-09-19 18:05:41]   [t843 v3/6] fail (pred=bird) CTA=0.8056
[2026-09-19 18:06:31]   [t843 v4/6] fail (pred=bird) CTA=0.8151
[2026-09-19 18:07:22]   [t843 v5/6] SUCCESS (pred=dog) CTA=0.8000
[2026-09-19 18:08:12]   [t843 v6/6] fail (pred=bird) CTA=0.7902
[2026-09-19 18:08:12]   target 843, 6 victims on this gpu: ASR=33.3% CTA=0.8045 +/- 0.0078
[2026-09-19 18:08:12] === target 1257 (2/8) ===
[2026-09-19 18:08:14]   target 1257: selector overhead 1.842 s, CUDA peak 1017.3 MiB (incremental 218.9 MiB)
[2026-09-19 18:09:32]   target 1257: crafted 100 poisons in 78 s, obj=0.28246, CUDA peak=2530.9 MiB (incremental 1731.3 MiB)
[2026-09-19 18:09:32]   target 1257: realized linf = 0.03137 (8.00/255), budget = 8.00/255
[2026-09-19 18:10:24]   [t1257 v1/6] SUCCESS (pred=dog) CTA=0.7980
[2026-09-19 18:11:14]   [t1257 v2/6] fail (pred=bird) CTA=0.8031
[2026-09-19 18:12:04]   [t1257 v3/6] SUCCESS (pred=dog) CTA=0.8127
[2026-09-19 18:12:54]   [t1257 v4/6] fail (pred=bird) CTA=0.8038
[2026-09-19 18:13:43]   [t1257 v5/6] fail (pred=bird) CTA=0.8008
[2026-09-19 18:14:33]   [t1257 v6/6] fail (pred=bird) CTA=0.8028
[2026-09-19 18:14:33]   target 1257, 6 victims on this gpu: ASR=33.3% CTA=0.8035 +/- 0.0045
[2026-09-19 18:14:33] === target 8252 (3/8) ===
[2026-09-19 18:14:35]   target 8252: selector overhead 1.845 s, CUDA peak 1017.3 MiB (incremental 218.9 MiB)
[2026-09-19 18:15:54]   target 8252: crafted 100 poisons in 79 s, obj=0.24985, CUDA peak=2532.5 MiB (incremental 1732.9 MiB)
[2026-09-19 18:15:54]   target 8252: realized linf = 0.03137 (8.00/255), budget = 8.00/255
[2026-09-19 18:16:46]   [t8252 v1/6] fail (pred=cat) CTA=0.8041
[2026-09-19 18:17:36]   [t8252 v2/6] SUCCESS (pred=dog) CTA=0.8169
[2026-09-19 18:18:25]   [t8252 v3/6] fail (pred=cat) CTA=0.7973
[2026-09-19 18:19:15]   [t8252 v4/6] SUCCESS (pred=dog) CTA=0.7935
[2026-09-19 18:20:05]   [t8252 v5/6] SUCCESS (pred=dog) CTA=0.7924
[2026-09-19 18:20:55]   [t8252 v6/6] SUCCESS (pred=dog) CTA=0.8112
[2026-09-19 18:20:55]   target 8252, 6 victims on this gpu: ASR=66.7% CTA=0.8026 +/- 0.0091
[2026-09-19 18:20:55] === target 8730 (4/8) ===
[2026-09-19 18:20:57]   target 8730: selector overhead 1.841 s, CUDA peak 1017.3 MiB (incremental 218.9 MiB)
[2026-09-19 18:22:15]   target 8730: crafted 100 poisons in 78 s, obj=0.26824, CUDA peak=2532.7 MiB (incremental 1733.1 MiB)
[2026-09-19 18:22:15]   target 8730: realized linf = 0.03137 (8.00/255), budget = 8.00/255
[2026-09-19 18:23:07]   [t8730 v1/6] fail (pred=bird) CTA=0.8011
[2026-09-19 18:23:57]   [t8730 v2/6] fail (pred=bird) CTA=0.8097
[2026-09-19 18:24:47]   [t8730 v3/6] fail (pred=bird) CTA=0.8155
[2026-09-19 18:25:37]   [t8730 v4/6] fail (pred=bird) CTA=0.8027
[2026-09-19 18:26:26]   [t8730 v5/6] fail (pred=bird) CTA=0.8041
[2026-09-19 18:27:16]   [t8730 v6/6] fail (pred=bird) CTA=0.8113
[2026-09-19 18:27:16]   target 8730, 6 victims on this gpu: ASR=0.0% CTA=0.8074 +/- 0.0051
[2026-09-19 18:27:16] === target 8055 (5/8) ===
[2026-09-19 18:27:18]   target 8055: selector overhead 1.842 s, CUDA peak 1017.3 MiB (incremental 218.9 MiB)
[2026-09-19 18:28:37]   target 8055: crafted 100 poisons in 79 s, obj=0.33275, CUDA peak=2531.9 MiB (incremental 1732.4 MiB)
[2026-09-19 18:28:37]   target 8055: realized linf = 0.03137 (8.00/255), budget = 8.00/255
[2026-09-19 18:29:29]   [t8055 v1/6] fail (pred=bird) CTA=0.8135
[2026-09-19 18:30:19]   [t8055 v2/6] fail (pred=bird) CTA=0.7956
[2026-09-19 18:31:09]   [t8055 v3/6] fail (pred=frog) CTA=0.8160
[2026-09-19 18:31:58]   [t8055 v4/6] fail (pred=bird) CTA=0.7982
[2026-09-19 18:32:48]   [t8055 v5/6] SUCCESS (pred=dog) CTA=0.8135
[2026-09-19 18:33:38]   [t8055 v6/6] fail (pred=bird) CTA=0.8033
[2026-09-19 18:33:38]   target 8055, 6 victims on this gpu: ASR=16.7% CTA=0.8067 +/- 0.0080
[2026-09-19 18:33:38] === target 5859 (6/8) ===
[2026-09-19 18:33:40]   target 5859: selector overhead 1.843 s, CUDA peak 1017.3 MiB (incremental 218.9 MiB)
[2026-09-19 18:34:59]   target 5859: crafted 100 poisons in 79 s, obj=0.28225, CUDA peak=2532.7 MiB (incremental 1733.1 MiB)
[2026-09-19 18:34:59]   target 5859: realized linf = 0.03137 (8.00/255), budget = 8.00/255
[2026-09-19 18:35:51]   [t5859 v1/6] fail (pred=bird) CTA=0.8039
[2026-09-19 18:36:41]   [t5859 v2/6] SUCCESS (pred=dog) CTA=0.8057
[2026-09-19 18:37:31]   [t5859 v3/6] fail (pred=bird) CTA=0.8102
[2026-09-19 18:38:21]   [t5859 v4/6] fail (pred=bird) CTA=0.8052
[2026-09-19 18:39:10]   [t5859 v5/6] fail (pred=bird) CTA=0.8035
[2026-09-19 18:40:00]   [t5859 v6/6] fail (pred=bird) CTA=0.7938
[2026-09-19 18:40:00]   target 5859, 6 victims on this gpu: ASR=16.7% CTA=0.8037 +/- 0.0049
[2026-09-19 18:40:00] === target 8954 (7/8) ===
[2026-09-19 18:40:02]   target 8954: selector overhead 1.841 s, CUDA peak 1017.3 MiB (incremental 218.9 MiB)
[2026-09-19 18:41:22]   target 8954: crafted 100 poisons in 79 s, obj=0.22640, CUDA peak=2531.9 MiB (incremental 1732.4 MiB)
[2026-09-19 18:41:22]   target 8954: realized linf = 0.03137 (8.00/255), budget = 8.00/255
[2026-09-19 18:42:13]   [t8954 v1/6] fail (pred=bird) CTA=0.8006
[2026-09-19 18:43:03]   [t8954 v2/6] SUCCESS (pred=dog) CTA=0.8069
[2026-09-19 18:43:53]   [t8954 v3/6] fail (pred=deer) CTA=0.8056
[2026-09-19 18:44:43]   [t8954 v4/6] SUCCESS (pred=dog) CTA=0.7983
[2026-09-19 18:45:33]   [t8954 v5/6] fail (pred=bird) CTA=0.8148
[2026-09-19 18:46:22]   [t8954 v6/6] fail (pred=bird) CTA=0.8007
[2026-09-19 18:46:22]   target 8954, 6 victims on this gpu: ASR=33.3% CTA=0.8045 +/- 0.0055
[2026-09-19 18:46:22] === target 821 (8/8) ===
[2026-09-19 18:46:24]   target 821: selector overhead 1.841 s, CUDA peak 1017.3 MiB (incremental 218.9 MiB)
[2026-09-19 18:47:43]   target 821: crafted 100 poisons in 78 s, obj=0.34272, CUDA peak=2531.9 MiB (incremental 1732.4 MiB)
[2026-09-19 18:47:43]   target 821: realized linf = 0.03137 (8.00/255), budget = 8.00/255
[2026-09-19 18:48:35]   [t821 v1/6] fail (pred=bird) CTA=0.8049
[2026-09-19 18:49:25]   [t821 v2/6] fail (pred=bird) CTA=0.8145
[2026-09-19 18:50:14]   [t821 v3/6] fail (pred=horse) CTA=0.8025
[2026-09-19 18:51:04]   [t821 v4/6] fail (pred=bird) CTA=0.8068
[2026-09-19 18:51:54]   [t821 v5/6] SUCCESS (pred=dog) CTA=0.8070
[2026-09-19 18:52:44]   [t821 v6/6] fail (pred=bird) CTA=0.8142
[2026-09-19 18:52:44]   target 821, 6 victims on this gpu: ASR=16.7% CTA=0.8083 +/- 0.0045
[2026-09-19 18:52:44]   selector resources: 8 target(s), 14.9 total target-seconds, max CUDA allocated 1017.3 MiB (incremental 218.9 MiB)
[2026-09-19 18:52:44] ==== CIFAR10_ConvNetBN_gradmatch_ours_dog-bird_b0.002_eps8_seed42_lam10_cosine_norm_selarchResNet20BN_K30_ce5_tgt70 : ASR = 27.1% +/- 18.5% | CTA = 0.8051 (baseline 0.8127) ====
[2026-09-19 18:52:44]   target-prediction tally ['airplane', 'automobile', 'bird', 'cat', 'deer', 'dog', 'frog', 'horse', 'ship', 'truck']: [0, 0, 30, 2, 1, 13, 1, 1, 0, 0]
verified: 8 targets x 6 victims = 48 unique evaluations
sync: CIFAR10_ConvNetBN_gradmatch_ours_dog-bird_b0.002_eps8_seed42_lam10_cosine_norm_selarchResNet20BN_K30_ce5_tgt70 -> /home/mmoslem3/scratch/PoisonBase/green_rerun_8x6_lam10_cosnorm_20260919_result
sync: complete
