gpu: NVIDIA L40S
cache: waiting for shared VGG13BN checkpoint lock
cache: VGG13BN checkpoints ready
run: waiting for duplicate-submission lock
targets: 8 unique pinned indices: 3728 5640 6922 7855 2127 7586 7360 2171
job: 1021742 grn31_bp_b0005_vvgg_svgg_k10 on rack02-08
config: attack=fc budget=0.005 V=VGG13BN S=VGG13BN K=10 base=ours base_dist=cosine_norm lambda_margin=10 jacobian=off craft_steps=250 victim_epochs=50 victim_decay=40 targets=8 victims=6; green-table-ASR=60
protocol: method=ours Jacobian=off targets=8 victims=6 selector_K=10 component=basis
protocol: base_dist=cosine_norm lambda_margin=10 victim_epochs=50 victim_decay=40
protocol: 30 shared surrogates available; crafting always uses V checkpoints 0..4
output: /home/mmoslem3/scratch/PoisonBase/green_rerun_8x6_lam10_cosnorm_20260919_result/CIFAR10_VGG13BN_fc_ours_dog-bird_b0.005_eps8_seed42_lam10_cosine_norm_K10_ce5_tgt3
[2026-09-19 20:02:16] === run start: CIFAR10_VGG13BN_fc_ours_dog-bird_b0.005_eps8_seed42_lam10_cosine_norm_K10_ce5_tgt3 on cuda [0] ===
[2026-09-19 20:02:16] args: {"FORCE": false, "attack": "fc", "base": "ours", "base_dist": "cosine_norm", "base_topr": null, "budget": 0.005, "cache_dir": "/tmp/PoisonBase_cross_arch_k_10x6/cache", "class_pair": "dog-bird", "clean_baseline": true, "craft_alpha": 0.0039216, "craft_aug": true, "craft_batch": 256, "craft_ensemble": 5, "craft_lowmem": false, "craft_schedule": false, "craft_steps": 250, "data_path": "/tmp/PoisonBase_cross_arch_k_10x6/data", "dataset": "CIFAR10", "distance_margin_coef": null, "dsa_strategy": "color_crop_cutout_flip_scale_rotate", "epsilon": 0.0313725, "fast_gradmatch": false, "fc_mode": "sample", "fc_restarts": 1, "fus_alpha": 0.5, "fus_iters": 10, "fus_proxy_restarts": 0, "fus_proxy_steps": 0, "fus_search_decay": [40], "fus_search_epochs": 50, "gpus": "all", "jacobian_batch_size": 64, "jacobian_weight": 1.0, "keep_pinned_targets": false, "lambda_margin": 10.0, "model": "VGG13BN", "no_resume": false, "num_poisons": 500, "num_surrogates": 30, "num_targets": 8, "num_victims": 6, "out_dir": "/tmp/PoisonBase_cross_arch_k_10x6/cross_arch_k_10x6_result", "pair_order": "poison-target", "parallel_pretrain": true, "parallel_targets": true, "precompute_id": null, "precompute_only": false, "precompute_part": "both", "rank_on_victims": true, "recompute_deltas": false, "require_correct_target": false, "restarts": 8, "seed": 42, "sel_K": 10, "sel_alpha": 1.0, "sel_criterion": null, "sel_dpp": false, "sel_filter": false, "sel_metric_epoch": 10, "sel_mmr": false, "sel_mode": null, "sel_model": "VGG13BN", "sel_mu": 1.0, "sel_pca": false, "sel_pool": 3.0, "selector_metric_dir": null, "sharp_mode": "worst", "sharp_samples": 20, "sharp_sigma": 0.05, "steal_timeout": 7200.0, "surrogate_aug": false, "surrogate_bs": 128, "surrogate_decay": [35, 45], "surrogate_epochs": 60, "surrogate_lr": 0.1, "surrogate_wd": 0.0, "target_idx_file": "/tmp/PoisonBase_cross_arch_k_10x6/target_sets/VGG13BN_fc_dog-bird.json", "target_select": 3, "use_jacobian_score": false, "victim_aug": false, "victim_bs": 125, "victim_decay": [40], "victim_epochs": 50, "victim_lr": 0.1, "victim_model": null, "victim_wd": 0.0}
[2026-09-19 20:02:16] Jacobian score: disabled
[2026-09-19 20:02:16] N_total=50000 budget=0.005 -> N_p=250 poisons, y_adv=5(dog) target_class=2(bird)
[2026-09-19 20:02:16] === selection/crafting surrogates (30 x VGG13BN, trained on the full real set) ===
[2026-09-19 20:02:17]   crafting on 5/30 surrogates
[2026-09-19 20:02:17] === clean victims (6 x VGG13BN) ===
[2026-09-19 20:02:19]   clean baseline CTA = 0.8476 +/- 0.0158
[2026-09-19 20:02:19]   target pool 1000 -> eligible 970 (30 already predicted as y_adv or dropped)
[2026-09-19 20:02:19]   chosen 8 targets (file), p_adv range 0.1700..0.1985
[2026-09-19 20:02:19]   targets: [3728, 5640, 6922, 7855, 2127, 7586, 7360, 2171]
[2026-09-19 20:02:19] === target 3728 (1/8) ===
[2026-09-19 20:02:21]   target 3728: selector overhead 1.526 s, CUDA peak 2483.2 MiB (incremental 443.9 MiB)
[2026-09-19 20:02:29]   target 3728: crafted 250 poisons in 9 s, obj=0.00241, CUDA peak=4931.7 MiB (incremental 2889.4 MiB)
[2026-09-19 20:02:29]   target 3728: realized linf = 0.03137 (8.00/255), budget = 8.00/255
[2026-09-19 20:04:12]   [t3728 v1/6] fail (pred=deer) CTA=0.8598
[2026-09-19 20:05:54]   [t3728 v2/6] SUCCESS (pred=dog) CTA=0.8501
[2026-09-19 20:07:36]   [t3728 v3/6] fail (pred=bird) CTA=0.8456
[2026-09-19 20:09:18]   [t3728 v4/6] fail (pred=deer) CTA=0.8566
[2026-09-19 20:11:01]   [t3728 v5/6] fail (pred=deer) CTA=0.8611
[2026-09-19 20:12:43]   [t3728 v6/6] fail (pred=bird) CTA=0.8547
[2026-09-19 20:12:43]   target 3728, 6 victims on this gpu: ASR=16.7% CTA=0.8546 +/- 0.0054
[2026-09-19 20:12:43] === target 5640 (2/8) ===
[2026-09-19 20:12:45]   target 5640: selector overhead 1.461 s, CUDA peak 2491.4 MiB (incremental 443.9 MiB)
[2026-09-19 20:12:53]   target 5640: crafted 250 poisons in 9 s, obj=0.00206, CUDA peak=4942.3 MiB (incremental 2891.9 MiB)
[2026-09-19 20:12:53]   target 5640: realized linf = 0.03137 (8.00/255), budget = 8.00/255
[2026-09-19 20:14:37]   [t5640 v1/6] SUCCESS (pred=dog) CTA=0.8428
[2026-09-19 20:16:19]   [t5640 v2/6] fail (pred=bird) CTA=0.8512
[2026-09-19 20:18:01]   [t5640 v3/6] fail (pred=bird) CTA=0.8373
[2026-09-19 20:19:44]   [t5640 v4/6] fail (pred=cat) CTA=0.8579
[2026-09-19 20:21:26]   [t5640 v5/6] fail (pred=bird) CTA=0.8661
[2026-09-19 20:23:08]   [t5640 v6/6] fail (pred=bird) CTA=0.8558
[2026-09-19 20:23:08]   target 5640, 6 victims on this gpu: ASR=16.7% CTA=0.8519 +/- 0.0096
[2026-09-19 20:23:08] === target 6922 (3/8) ===
[2026-09-19 20:23:10]   target 6922: selector overhead 1.463 s, CUDA peak 2491.4 MiB (incremental 443.9 MiB)
[2026-09-19 20:23:18]   target 6922: crafted 250 poisons in 9 s, obj=0.00237, CUDA peak=4942.1 MiB (incremental 2891.7 MiB)
[2026-09-19 20:23:18]   target 6922: realized linf = 0.03137 (8.00/255), budget = 8.00/255
[2026-09-19 20:25:02]   [t6922 v1/6] SUCCESS (pred=dog) CTA=0.8584
[2026-09-19 20:26:44]   [t6922 v2/6] SUCCESS (pred=dog) CTA=0.8591
[2026-09-19 20:28:27]   [t6922 v3/6] fail (pred=automobile) CTA=0.8449
[2026-09-19 20:30:09]   [t6922 v4/6] SUCCESS (pred=dog) CTA=0.8401
[2026-09-19 20:31:51]   [t6922 v5/6] SUCCESS (pred=dog) CTA=0.8500
[2026-09-19 20:33:34]   [t6922 v6/6] SUCCESS (pred=dog) CTA=0.8555
[2026-09-19 20:33:34]   target 6922, 6 victims on this gpu: ASR=83.3% CTA=0.8513 +/- 0.0070
[2026-09-19 20:33:34] === target 7855 (4/8) ===
[2026-09-19 20:33:35]   target 7855: selector overhead 1.463 s, CUDA peak 2491.4 MiB (incremental 443.9 MiB)
[2026-09-19 20:33:44]   target 7855: crafted 250 poisons in 9 s, obj=0.00226, CUDA peak=4942.0 MiB (incremental 2891.6 MiB)
[2026-09-19 20:33:44]   target 7855: realized linf = 0.03137 (8.00/255), budget = 8.00/255
[2026-09-19 20:35:27]   [t7855 v1/6] SUCCESS (pred=dog) CTA=0.8563
[2026-09-19 20:37:10]   [t7855 v2/6] fail (pred=bird) CTA=0.8520
[2026-09-19 20:38:52]   [t7855 v3/6] fail (pred=bird) CTA=0.8563
[2026-09-19 20:40:35]   [t7855 v4/6] SUCCESS (pred=dog) CTA=0.8622
[2026-09-19 20:42:17]   [t7855 v5/6] SUCCESS (pred=dog) CTA=0.8560
[2026-09-19 20:43:59]   [t7855 v6/6] fail (pred=bird) CTA=0.8346
[2026-09-19 20:43:59]   target 7855, 6 victims on this gpu: ASR=50.0% CTA=0.8529 +/- 0.0087
[2026-09-19 20:43:59] === target 2127 (5/8) ===
[2026-09-19 20:44:01]   target 2127: selector overhead 1.463 s, CUDA peak 2491.4 MiB (incremental 443.9 MiB)
[2026-09-19 20:44:09]   target 2127: crafted 250 poisons in 9 s, obj=0.00209, CUDA peak=4942.0 MiB (incremental 2891.6 MiB)
[2026-09-19 20:44:09]   target 2127: realized linf = 0.03137 (8.00/255), budget = 8.00/255
[2026-09-19 20:45:53]   [t2127 v1/6] SUCCESS (pred=dog) CTA=0.8650
[2026-09-19 20:47:34]   [t2127 v2/6] SUCCESS (pred=dog) CTA=0.8382
[2026-09-19 20:49:15]   [t2127 v3/6] SUCCESS (pred=dog) CTA=0.8594
[2026-09-19 20:50:56]   [t2127 v4/6] SUCCESS (pred=dog) CTA=0.8609
[2026-09-19 20:52:37]   [t2127 v5/6] fail (pred=deer) CTA=0.8615
[2026-09-19 20:54:17]   [t2127 v6/6] fail (pred=deer) CTA=0.8495
[2026-09-19 20:54:18]   target 2127, 6 victims on this gpu: ASR=66.7% CTA=0.8558 +/- 0.0092
[2026-09-19 20:54:18] === target 7586 (6/8) ===
[2026-09-19 20:54:19]   target 7586: selector overhead 1.461 s, CUDA peak 2491.4 MiB (incremental 443.9 MiB)
[2026-09-19 20:54:28]   target 7586: crafted 250 poisons in 9 s, obj=0.00207, CUDA peak=4942.0 MiB (incremental 2891.6 MiB)
[2026-09-19 20:54:28]   target 7586: realized linf = 0.03137 (8.00/255), budget = 8.00/255
[2026-09-19 20:56:11]   [t7586 v1/6] fail (pred=cat) CTA=0.8592
[2026-09-19 20:57:54]   [t7586 v2/6] SUCCESS (pred=dog) CTA=0.8640
[2026-09-19 20:59:36]   [t7586 v3/6] fail (pred=horse) CTA=0.8589
[2026-09-19 21:01:18]   [t7586 v4/6] fail (pred=horse) CTA=0.8557
[2026-09-19 21:03:00]   [t7586 v5/6] fail (pred=bird) CTA=0.8605
[2026-09-19 21:04:43]   [t7586 v6/6] SUCCESS (pred=dog) CTA=0.8500
[2026-09-19 21:04:43]   target 7586, 6 victims on this gpu: ASR=33.3% CTA=0.8580 +/- 0.0044
[2026-09-19 21:04:43] === target 7360 (7/8) ===
[2026-09-19 21:04:44]   target 7360: selector overhead 1.462 s, CUDA peak 2491.4 MiB (incremental 443.9 MiB)
[2026-09-19 21:04:53]   target 7360: crafted 250 poisons in 9 s, obj=0.00231, CUDA peak=4942.0 MiB (incremental 2891.6 MiB)
[2026-09-19 21:04:53]   target 7360: realized linf = 0.03137 (8.00/255), budget = 8.00/255
[2026-09-19 21:06:36]   [t7360 v1/6] fail (pred=bird) CTA=0.8562
[2026-09-19 21:08:18]   [t7360 v2/6] fail (pred=bird) CTA=0.8522
[2026-09-19 21:09:59]   [t7360 v3/6] SUCCESS (pred=dog) CTA=0.8509
[2026-09-19 21:11:40]   [t7360 v4/6] fail (pred=bird) CTA=0.8700
[2026-09-19 21:13:22]   [t7360 v5/6] SUCCESS (pred=dog) CTA=0.8312
[2026-09-19 21:15:03]   [t7360 v6/6] SUCCESS (pred=dog) CTA=0.8339
[2026-09-19 21:15:03]   target 7360, 6 victims on this gpu: ASR=50.0% CTA=0.8491 +/- 0.0132
[2026-09-19 21:15:03] === target 2171 (8/8) ===
[2026-09-19 21:15:04]   target 2171: selector overhead 1.462 s, CUDA peak 2491.4 MiB (incremental 443.9 MiB)
[2026-09-19 21:15:13]   target 2171: crafted 250 poisons in 9 s, obj=0.00252, CUDA peak=4942.0 MiB (incremental 2891.6 MiB)
[2026-09-19 21:15:13]   target 2171: realized linf = 0.03137 (8.00/255), budget = 8.00/255
[2026-09-19 21:16:57]   [t2171 v1/6] fail (pred=bird) CTA=0.8513
[2026-09-19 21:18:38]   [t2171 v2/6] fail (pred=bird) CTA=0.8662
[2026-09-19 21:20:19]   [t2171 v3/6] fail (pred=bird) CTA=0.8576
[2026-09-19 21:22:00]   [t2171 v4/6] fail (pred=bird) CTA=0.8466
[2026-09-19 21:23:42]   [t2171 v5/6] SUCCESS (pred=dog) CTA=0.8579
[2026-09-19 21:25:23]   [t2171 v6/6] SUCCESS (pred=dog) CTA=0.8606
[2026-09-19 21:25:23]   target 2171, 6 victims on this gpu: ASR=33.3% CTA=0.8567 +/- 0.0063
[2026-09-19 21:25:23]   selector resources: 8 target(s), 11.8 total target-seconds, max CUDA allocated 2491.4 MiB (incremental 443.9 MiB)
[2026-09-19 21:25:23] ==== CIFAR10_VGG13BN_fc_ours_dog-bird_b0.005_eps8_seed42_lam10_cosine_norm_K10_ce5_tgt3 : ASR = 43.8% +/- 21.9% | CTA = 0.8538 (baseline 0.8476) ====
[2026-09-19 21:25:23]   target-prediction tally ['airplane', 'automobile', 'bird', 'cat', 'deer', 'dog', 'frog', 'horse', 'ship', 'truck']: [0, 1, 17, 2, 5, 21, 0, 2, 0, 0]
verified: 8 targets x 6 victims = 48 unique evaluations
sync: CIFAR10_VGG13BN_fc_ours_dog-bird_b0.005_eps8_seed42_lam10_cosine_norm_K10_ce5_tgt3 -> /home/mmoslem3/scratch/PoisonBase/green_rerun_8x6_lam10_cosnorm_20260919_result
sync: complete
