gpu: NVIDIA L40S
cache: waiting for shared ResNet20BN checkpoint lock
cache: ResNet20BN checkpoints ready
cache: waiting for shared VGG13BN checkpoint lock
cache: VGG13BN checkpoints ready
run: waiting for duplicate-submission lock
targets: 8 unique pinned indices: 5118 8740 5324 4630 833 2065 7056 9059
job: 1021746 grn35_gm_b0002_vr20_svgg_k20 on rack13-04
config: attack=gradmatch budget=0.002 V=ResNet20BN S=VGG13BN K=20 base=ours base_dist=cosine_norm lambda_margin=10 jacobian=off craft_steps=250 victim_epochs=50 victim_decay=40 targets=8 victims=6; green-table-ASR=35
protocol: method=ours Jacobian=off targets=8 victims=6 selector_K=20 component=basis
protocol: base_dist=cosine_norm lambda_margin=10 victim_epochs=50 victim_decay=40
protocol: 30 shared surrogates available; crafting always uses V checkpoints 0..4
output: /home/mmoslem3/scratch/PoisonBase/green_rerun_8x6_lam10_cosnorm_20260919_result/CIFAR10_ResNet20BN_gradmatch_ours_dog-bird_b0.002_eps8_seed42_lam10_cosine_norm_selarchVGG13BN_K20_ce5_tgt14
[2026-09-19 20:03:16] === run start: CIFAR10_ResNet20BN_gradmatch_ours_dog-bird_b0.002_eps8_seed42_lam10_cosine_norm_selarchVGG13BN_K20_ce5_tgt14 on cuda [0] ===
[2026-09-19 20:03:16] args: {"FORCE": false, "attack": "gradmatch", "base": "ours", "base_dist": "cosine_norm", "base_topr": null, "budget": 0.002, "cache_dir": "/tmp/PoisonBase_cross_arch_k_10x6/cache", "class_pair": "dog-bird", "clean_baseline": true, "craft_alpha": 0.0039216, "craft_aug": true, "craft_batch": 256, "craft_ensemble": 5, "craft_lowmem": false, "craft_schedule": false, "craft_steps": 250, "data_path": "/tmp/PoisonBase_cross_arch_k_10x6/data", "dataset": "CIFAR10", "distance_margin_coef": null, "dsa_strategy": "color_crop_cutout_flip_scale_rotate", "epsilon": 0.0313725, "fast_gradmatch": false, "fc_mode": "sample", "fc_restarts": 1, "fus_alpha": 0.5, "fus_iters": 10, "fus_proxy_restarts": 0, "fus_proxy_steps": 0, "fus_search_decay": [40], "fus_search_epochs": 50, "gpus": "all", "jacobian_batch_size": 64, "jacobian_weight": 1.0, "keep_pinned_targets": false, "lambda_margin": 10.0, "model": "ResNet20BN", "no_resume": false, "num_poisons": 500, "num_surrogates": 30, "num_targets": 8, "num_victims": 6, "out_dir": "/tmp/PoisonBase_cross_arch_k_10x6/cross_arch_k_10x6_result", "pair_order": "poison-target", "parallel_pretrain": true, "parallel_targets": true, "precompute_id": null, "precompute_only": false, "precompute_part": "both", "rank_on_victims": true, "recompute_deltas": false, "require_correct_target": false, "restarts": 8, "seed": 42, "sel_K": 20, "sel_alpha": 1.0, "sel_criterion": null, "sel_dpp": false, "sel_filter": false, "sel_metric_epoch": 10, "sel_mmr": false, "sel_mode": null, "sel_model": "VGG13BN", "sel_mu": 1.0, "sel_pca": false, "sel_pool": 3.0, "selector_metric_dir": null, "sharp_mode": "worst", "sharp_samples": 20, "sharp_sigma": 0.05, "steal_timeout": 7200.0, "surrogate_aug": false, "surrogate_bs": 128, "surrogate_decay": [35, 45], "surrogate_epochs": 60, "surrogate_lr": 0.1, "surrogate_wd": 0.0, "target_idx_file": "/tmp/PoisonBase_cross_arch_k_10x6/target_sets/ResNet20BN_gradmatch_dog-bird.json", "target_select": 14, "use_jacobian_score": false, "victim_aug": false, "victim_bs": 125, "victim_decay": [40], "victim_epochs": 50, "victim_lr": 0.1, "victim_model": null, "victim_wd": 0.0}
[2026-09-19 20:03:16] Jacobian score: disabled
[2026-09-19 20:03:16] N_total=50000 budget=0.002 -> N_p=100 poisons, y_adv=5(dog) target_class=2(bird)
[2026-09-19 20:03:16] === selection/crafting surrogates (30 x ResNet20BN, trained on the full real set) ===
[2026-09-19 20:03:16]   crafting on 5/30 surrogates
[2026-09-19 20:03:16] === selection surrogates (30 x VGG13BN, cross-architecture) ===
[2026-09-19 20:03:18] === clean victims (6 x ResNet20BN) ===
[2026-09-19 20:03:19]   clean baseline CTA = 0.8354 +/- 0.0043
[2026-09-19 20:03:19]   target pool 1000 -> eligible 978 (22 already predicted as y_adv or dropped)
[2026-09-19 20:03:19]   chosen 8 targets (file), p_adv range 0.0001..0.3539
[2026-09-19 20:03:19]   targets: [5118, 8740, 5324, 4630, 833, 2065, 7056, 9059]
[2026-09-19 20:03:19] === target 5118 (1/8) ===
[2026-09-19 20:03:22]   target 5118: selector overhead 2.983 s, CUDA peak 2301.3 MiB (incremental 443.9 MiB)
[2026-09-19 20:07:17]   target 5118: crafted 100 poisons in 235 s, obj=0.20525, CUDA peak=3443.9 MiB (incremental 1584.5 MiB)
[2026-09-19 20:07:17]   target 5118: realized linf = 0.03137 (8.00/255), budget = 8.00/255
[2026-09-19 20:08:53]   [t5118 v1/6] SUCCESS (pred=dog) CTA=0.8381
[2026-09-19 20:10:29]   [t5118 v2/6] SUCCESS (pred=dog) CTA=0.8462
[2026-09-19 20:12:04]   [t5118 v3/6] SUCCESS (pred=dog) CTA=0.8333
[2026-09-19 20:13:40]   [t5118 v4/6] SUCCESS (pred=dog) CTA=0.8344
[2026-09-19 20:15:16]   [t5118 v5/6] SUCCESS (pred=dog) CTA=0.8346
[2026-09-19 20:16:52]   [t5118 v6/6] SUCCESS (pred=dog) CTA=0.8421
[2026-09-19 20:16:52]   target 5118, 6 victims on this gpu: ASR=100.0% CTA=0.8381 +/- 0.0047
[2026-09-19 20:16:52] === target 8740 (2/8) ===
[2026-09-19 20:16:55]   target 8740: selector overhead 2.906 s, CUDA peak 2309.5 MiB (incremental 443.9 MiB)
[2026-09-19 20:20:52]   target 8740: crafted 100 poisons in 237 s, obj=0.19660, CUDA peak=3445.6 MiB (incremental 1578.1 MiB)
[2026-09-19 20:20:52]   target 8740: realized linf = 0.03137 (8.00/255), budget = 8.00/255
[2026-09-19 20:22:28]   [t8740 v1/6] SUCCESS (pred=dog) CTA=0.8349
[2026-09-19 20:24:03]   [t8740 v2/6] fail (pred=bird) CTA=0.8389
[2026-09-19 20:25:39]   [t8740 v3/6] SUCCESS (pred=dog) CTA=0.8284
[2026-09-19 20:27:15]   [t8740 v4/6] fail (pred=cat) CTA=0.8381
[2026-09-19 20:28:51]   [t8740 v5/6] SUCCESS (pred=dog) CTA=0.8422
[2026-09-19 20:30:27]   [t8740 v6/6] fail (pred=bird) CTA=0.8402
[2026-09-19 20:30:27]   target 8740, 6 victims on this gpu: ASR=50.0% CTA=0.8371 +/- 0.0045
[2026-09-19 20:30:27] === target 5324 (3/8) ===
[2026-09-19 20:30:30]   target 5324: selector overhead 2.909 s, CUDA peak 2309.5 MiB (incremental 443.9 MiB)
[2026-09-19 20:34:24]   target 5324: crafted 100 poisons in 234 s, obj=0.23157, CUDA peak=3445.6 MiB (incremental 1578.1 MiB)
[2026-09-19 20:34:24]   target 5324: realized linf = 0.03137 (8.00/255), budget = 8.00/255
[2026-09-19 20:36:00]   [t5324 v1/6] fail (pred=cat) CTA=0.8415
[2026-09-19 20:37:36]   [t5324 v2/6] fail (pred=ship) CTA=0.8387
[2026-09-19 20:39:12]   [t5324 v3/6] SUCCESS (pred=dog) CTA=0.8401
[2026-09-19 20:40:48]   [t5324 v4/6] fail (pred=truck) CTA=0.8353
[2026-09-19 20:42:24]   [t5324 v5/6] fail (pred=cat) CTA=0.8441
[2026-09-19 20:44:00]   [t5324 v6/6] SUCCESS (pred=dog) CTA=0.8374
[2026-09-19 20:44:00]   target 5324, 6 victims on this gpu: ASR=33.3% CTA=0.8395 +/- 0.0028
[2026-09-19 20:44:00] === target 4630 (4/8) ===
[2026-09-19 20:44:03]   target 4630: selector overhead 2.905 s, CUDA peak 2309.5 MiB (incremental 443.9 MiB)
[2026-09-19 20:47:56]   target 4630: crafted 100 poisons in 234 s, obj=0.18956, CUDA peak=3445.6 MiB (incremental 1578.1 MiB)
[2026-09-19 20:47:56]   target 4630: realized linf = 0.03137 (8.00/255), budget = 8.00/255
[2026-09-19 20:49:32]   [t4630 v1/6] SUCCESS (pred=dog) CTA=0.8337
[2026-09-19 20:51:08]   [t4630 v2/6] fail (pred=deer) CTA=0.8392
[2026-09-19 20:52:44]   [t4630 v3/6] SUCCESS (pred=dog) CTA=0.8373
[2026-09-19 20:54:20]   [t4630 v4/6] fail (pred=frog) CTA=0.8373
[2026-09-19 20:55:56]   [t4630 v5/6] SUCCESS (pred=dog) CTA=0.8337
[2026-09-19 20:57:32]   [t4630 v6/6] SUCCESS (pred=dog) CTA=0.8400
[2026-09-19 20:57:32]   target 4630, 6 victims on this gpu: ASR=66.7% CTA=0.8369 +/- 0.0024
[2026-09-19 20:57:32] === target 833 (5/8) ===
[2026-09-19 20:57:35]   target 833: selector overhead 2.906 s, CUDA peak 2309.5 MiB (incremental 443.9 MiB)
[2026-09-19 21:01:28]   target 833: crafted 100 poisons in 234 s, obj=0.20425, CUDA peak=3445.6 MiB (incremental 1578.1 MiB)
[2026-09-19 21:01:28]   target 833: realized linf = 0.03137 (8.00/255), budget = 8.00/255
[2026-09-19 21:03:04]   [t833 v1/6] SUCCESS (pred=dog) CTA=0.8408
[2026-09-19 21:04:40]   [t833 v2/6] fail (pred=bird) CTA=0.8374
[2026-09-19 21:06:16]   [t833 v3/6] fail (pred=bird) CTA=0.8326
[2026-09-19 21:07:52]   [t833 v4/6] SUCCESS (pred=dog) CTA=0.8385
[2026-09-19 21:09:28]   [t833 v5/6] fail (pred=horse) CTA=0.8376
[2026-09-19 21:11:04]   [t833 v6/6] SUCCESS (pred=dog) CTA=0.8410
[2026-09-19 21:11:04]   target 833, 6 victims on this gpu: ASR=50.0% CTA=0.8380 +/- 0.0028
[2026-09-19 21:11:04] === target 2065 (6/8) ===
[2026-09-19 21:11:07]   target 2065: selector overhead 2.906 s, CUDA peak 2309.5 MiB (incremental 443.9 MiB)
[2026-09-19 21:15:01]   target 2065: crafted 100 poisons in 234 s, obj=0.20250, CUDA peak=3445.6 MiB (incremental 1578.1 MiB)
[2026-09-19 21:15:01]   target 2065: realized linf = 0.03137 (8.00/255), budget = 8.00/255
[2026-09-19 21:16:37]   [t2065 v1/6] SUCCESS (pred=dog) CTA=0.8361
[2026-09-19 21:18:12]   [t2065 v2/6] SUCCESS (pred=dog) CTA=0.8387
[2026-09-19 21:19:48]   [t2065 v3/6] SUCCESS (pred=dog) CTA=0.8413
[2026-09-19 21:21:24]   [t2065 v4/6] SUCCESS (pred=dog) CTA=0.8359
[2026-09-19 21:23:00]   [t2065 v5/6] fail (pred=deer) CTA=0.8323
[2026-09-19 21:24:36]   [t2065 v6/6] SUCCESS (pred=dog) CTA=0.8329
[2026-09-19 21:24:36]   target 2065, 6 victims on this gpu: ASR=83.3% CTA=0.8362 +/- 0.0031
[2026-09-19 21:24:36] === target 7056 (7/8) ===
[2026-09-19 21:24:39]   target 7056: selector overhead 2.910 s, CUDA peak 2309.5 MiB (incremental 443.9 MiB)
[2026-09-19 21:28:33]   target 7056: crafted 100 poisons in 234 s, obj=0.26679, CUDA peak=3445.6 MiB (incremental 1578.1 MiB)
[2026-09-19 21:28:33]   target 7056: realized linf = 0.03137 (8.00/255), budget = 8.00/255
[2026-09-19 21:30:09]   [t7056 v1/6] fail (pred=bird) CTA=0.8365
[2026-09-19 21:31:45]   [t7056 v2/6] fail (pred=bird) CTA=0.8317
[2026-09-19 21:33:20]   [t7056 v3/6] fail (pred=bird) CTA=0.8397
[2026-09-19 21:34:56]   [t7056 v4/6] fail (pred=bird) CTA=0.8359
[2026-09-19 21:36:32]   [t7056 v5/6] fail (pred=bird) CTA=0.8418
[2026-09-19 21:38:08]   [t7056 v6/6] fail (pred=bird) CTA=0.8386
[2026-09-19 21:38:08]   target 7056, 6 victims on this gpu: ASR=0.0% CTA=0.8374 +/- 0.0032
[2026-09-19 21:38:08] === target 9059 (8/8) ===
[2026-09-19 21:38:11]   target 9059: selector overhead 2.904 s, CUDA peak 2309.5 MiB (incremental 443.9 MiB)
[2026-09-19 21:42:04]   target 9059: crafted 100 poisons in 234 s, obj=0.23690, CUDA peak=3445.6 MiB (incremental 1578.1 MiB)
[2026-09-19 21:42:04]   target 9059: realized linf = 0.03137 (8.00/255), budget = 8.00/255
[2026-09-19 21:43:40]   [t9059 v1/6] fail (pred=bird) CTA=0.8349
[2026-09-19 21:45:16]   [t9059 v2/6] fail (pred=cat) CTA=0.8376
[2026-09-19 21:46:52]   [t9059 v3/6] fail (pred=bird) CTA=0.8385
[2026-09-19 21:48:28]   [t9059 v4/6] SUCCESS (pred=dog) CTA=0.8405
[2026-09-19 21:50:04]   [t9059 v5/6] SUCCESS (pred=dog) CTA=0.8396
[2026-09-19 21:51:40]   [t9059 v6/6] fail (pred=cat) CTA=0.8439
[2026-09-19 21:51:40]   target 9059, 6 victims on this gpu: ASR=33.3% CTA=0.8392 +/- 0.0028
[2026-09-19 21:51:40]   selector resources: 8 target(s), 23.3 total target-seconds, max CUDA allocated 2309.5 MiB (incremental 443.9 MiB)
[2026-09-19 21:51:40] ==== CIFAR10_ResNet20BN_gradmatch_ours_dog-bird_b0.002_eps8_seed42_lam10_cosine_norm_selarchVGG13BN_K20_ce5_tgt14 : ASR = 52.1% +/- 29.4% | CTA = 0.8378 (baseline 0.8354) ====
[2026-09-19 21:51:40]   target-prediction tally ['airplane', 'automobile', 'bird', 'cat', 'deer', 'dog', 'frog', 'horse', 'ship', 'truck']: [0, 0, 12, 5, 2, 25, 1, 1, 1, 1]
verified: 8 targets x 6 victims = 48 unique evaluations
sync: CIFAR10_ResNet20BN_gradmatch_ours_dog-bird_b0.002_eps8_seed42_lam10_cosine_norm_selarchVGG13BN_K20_ce5_tgt14 -> /home/mmoslem3/scratch/PoisonBase/green_rerun_8x6_lam10_cosnorm_20260919_result
sync: complete
