gpu: NVIDIA L40S
cache: waiting for shared ConvNetBN checkpoint lock
cache: ConvNetBN checkpoints ready
cache: waiting for shared ResNet20BN checkpoint lock
cache: ResNet20BN checkpoints ready
run: waiting for duplicate-submission lock
targets: 8 unique pinned indices: 843 1257 8252 8730 8055 5859 8954 821
job: 1021760 grn49_sapa_b0002_vconv_sr20_k30 on rack16-05
config: attack=sapa budget=0.002 V=ConvNetBN S=ResNet20BN K=30 base=ours base_dist=cosine_norm lambda_margin=10 jacobian=off craft_steps=250 victim_epochs=50 victim_decay=40 targets=8 victims=6; green-table-ASR=11.7
protocol: method=ours Jacobian=off targets=8 victims=6 selector_K=30 component=basis
protocol: base_dist=cosine_norm lambda_margin=10 victim_epochs=50 victim_decay=40
protocol: 30 shared surrogates available; crafting always uses V checkpoints 0..4
output: /home/mmoslem3/scratch/PoisonBase/green_rerun_8x6_lam10_cosnorm_20260919_result/CIFAR10_ConvNetBN_sapa_ours_dog-bird_b0.002_eps8_seed42_lam10_cosine_norm_selarchResNet20BN_K30_worst0.05_ce5_tgt70
[2026-09-19 20:32:39] === run start: CIFAR10_ConvNetBN_sapa_ours_dog-bird_b0.002_eps8_seed42_lam10_cosine_norm_selarchResNet20BN_K30_worst0.05_ce5_tgt70 on cuda [0] ===
[2026-09-19 20:32:39] args: {"FORCE": false, "attack": "sapa", "base": "ours", "base_dist": "cosine_norm", "base_topr": null, "budget": 0.002, "cache_dir": "/tmp/PoisonBase_cross_arch_k_10x6/cache", "class_pair": "dog-bird", "clean_baseline": true, "craft_alpha": 0.0039216, "craft_aug": true, "craft_batch": 256, "craft_ensemble": 5, "craft_lowmem": false, "craft_schedule": false, "craft_steps": 250, "data_path": "/tmp/PoisonBase_cross_arch_k_10x6/data", "dataset": "CIFAR10", "distance_margin_coef": null, "dsa_strategy": "color_crop_cutout_flip_scale_rotate", "epsilon": 0.0313725, "fast_gradmatch": false, "fc_mode": "sample", "fc_restarts": 1, "fus_alpha": 0.5, "fus_iters": 10, "fus_proxy_restarts": 0, "fus_proxy_steps": 0, "fus_search_decay": [40], "fus_search_epochs": 50, "gpus": "all", "jacobian_batch_size": 64, "jacobian_weight": 1.0, "keep_pinned_targets": false, "lambda_margin": 10.0, "model": "ConvNetBN", "no_resume": false, "num_poisons": 500, "num_surrogates": 30, "num_targets": 8, "num_victims": 6, "out_dir": "/tmp/PoisonBase_cross_arch_k_10x6/cross_arch_k_10x6_result", "pair_order": "poison-target", "parallel_pretrain": true, "parallel_targets": true, "precompute_id": null, "precompute_only": false, "precompute_part": "both", "rank_on_victims": true, "recompute_deltas": false, "require_correct_target": false, "restarts": 8, "seed": 42, "sel_K": 30, "sel_alpha": 1.0, "sel_criterion": null, "sel_dpp": false, "sel_filter": false, "sel_metric_epoch": 10, "sel_mmr": false, "sel_mode": null, "sel_model": "ResNet20BN", "sel_mu": 1.0, "sel_pca": false, "sel_pool": 3.0, "selector_metric_dir": null, "sharp_mode": "worst", "sharp_samples": 20, "sharp_sigma": 0.05, "steal_timeout": 7200.0, "surrogate_aug": false, "surrogate_bs": 128, "surrogate_decay": [35, 45], "surrogate_epochs": 60, "surrogate_lr": 0.1, "surrogate_wd": 0.0, "target_idx_file": "/tmp/PoisonBase_cross_arch_k_10x6/target_sets/ConvNetBN_gradmatch_dog-bird.json", "target_select": 70, "use_jacobian_score": false, "victim_aug": false, "victim_bs": 125, "victim_decay": [40], "victim_epochs": 50, "victim_lr": 0.1, "victim_model": null, "victim_wd": 0.0}
[2026-09-19 20:32:39] Jacobian score: disabled
[2026-09-19 20:32:39] N_total=50000 budget=0.002 -> N_p=100 poisons, y_adv=5(dog) target_class=2(bird)
[2026-09-19 20:32:39] === selection/crafting surrogates (30 x ConvNetBN, trained on the full real set) ===
[2026-09-19 20:32:39]   crafting on 5/30 surrogates
[2026-09-19 20:32:39] === selection surrogates (30 x ResNet20BN, cross-architecture) ===
[2026-09-19 20:32:39] === clean victims (6 x ConvNetBN) ===
[2026-09-19 20:32:40]   clean baseline CTA = 0.8127 +/- 0.0074
[2026-09-19 20:32:40]   target pool 1000 -> eligible 963 (37 already predicted as y_adv or dropped)
[2026-09-19 20:32:40]   chosen 8 targets (file), p_adv range 0.0000..0.0000
[2026-09-19 20:32:40]   targets: [843, 1257, 8252, 8730, 8055, 5859, 8954, 821]
[2026-09-19 20:32:40] === target 843 (1/8) ===
[2026-09-19 20:32:42]   target 843: selector overhead 1.955 s, CUDA peak 1009.2 MiB (incremental 218.9 MiB)
[2026-09-19 20:34:01]   target 843: crafted 100 poisons in 78 s, obj=0.31315, CUDA peak=2526.0 MiB (incremental 1734.6 MiB)
[2026-09-19 20:34:01]   target 843: realized linf = 0.03137 (8.00/255), budget = 8.00/255
[2026-09-19 20:34:52]   [t843 v1/6] fail (pred=bird) CTA=0.8069
[2026-09-19 20:35:42]   [t843 v2/6] SUCCESS (pred=dog) CTA=0.8055
[2026-09-19 20:36:33]   [t843 v3/6] SUCCESS (pred=dog) CTA=0.8111
[2026-09-19 20:37:23]   [t843 v4/6] fail (pred=bird) CTA=0.8112
[2026-09-19 20:38:13]   [t843 v5/6] fail (pred=bird) CTA=0.7988
[2026-09-19 20:39:04]   [t843 v6/6] fail (pred=bird) CTA=0.7849
[2026-09-19 20:39:04]   target 843, 6 victims on this gpu: ASR=33.3% CTA=0.8031 +/- 0.0091
[2026-09-19 20:39:04] === target 1257 (2/8) ===
[2026-09-19 20:39:06]   target 1257: selector overhead 1.882 s, CUDA peak 1017.3 MiB (incremental 218.9 MiB)
[2026-09-19 20:40:24]   target 1257: crafted 100 poisons in 78 s, obj=0.28486, CUDA peak=2531.0 MiB (incremental 1731.4 MiB)
[2026-09-19 20:40:24]   target 1257: realized linf = 0.03137 (8.00/255), budget = 8.00/255
[2026-09-19 20:41:16]   [t1257 v1/6] fail (pred=bird) CTA=0.8002
[2026-09-19 20:42:06]   [t1257 v2/6] fail (pred=bird) CTA=0.8106
[2026-09-19 20:42:56]   [t1257 v3/6] fail (pred=bird) CTA=0.8146
[2026-09-19 20:43:46]   [t1257 v4/6] SUCCESS (pred=dog) CTA=0.7989
[2026-09-19 20:44:36]   [t1257 v5/6] fail (pred=bird) CTA=0.7961
[2026-09-19 20:45:25]   [t1257 v6/6] fail (pred=bird) CTA=0.8001
[2026-09-19 20:45:25]   target 1257, 6 victims on this gpu: ASR=16.7% CTA=0.8034 +/- 0.0067
[2026-09-19 20:45:25] === target 8252 (3/8) ===
[2026-09-19 20:45:27]   target 8252: selector overhead 1.881 s, CUDA peak 1017.3 MiB (incremental 218.9 MiB)
[2026-09-19 20:46:45]   target 8252: crafted 100 poisons in 78 s, obj=0.24769, CUDA peak=2532.5 MiB (incremental 1732.9 MiB)
[2026-09-19 20:46:45]   target 8252: realized linf = 0.03137 (8.00/255), budget = 8.00/255
[2026-09-19 20:47:37]   [t8252 v1/6] SUCCESS (pred=dog) CTA=0.8041
[2026-09-19 20:48:27]   [t8252 v2/6] SUCCESS (pred=dog) CTA=0.8133
[2026-09-19 20:49:17]   [t8252 v3/6] SUCCESS (pred=dog) CTA=0.7977
[2026-09-19 20:50:07]   [t8252 v4/6] SUCCESS (pred=dog) CTA=0.7994
[2026-09-19 20:50:57]   [t8252 v5/6] fail (pred=cat) CTA=0.7966
[2026-09-19 20:51:47]   [t8252 v6/6] SUCCESS (pred=dog) CTA=0.8062
[2026-09-19 20:51:47]   target 8252, 6 victims on this gpu: ASR=83.3% CTA=0.8029 +/- 0.0058
[2026-09-19 20:51:47] === target 8730 (4/8) ===
[2026-09-19 20:51:49]   target 8730: selector overhead 1.891 s, CUDA peak 1017.3 MiB (incremental 218.9 MiB)
[2026-09-19 20:53:07]   target 8730: crafted 100 poisons in 78 s, obj=0.27193, CUDA peak=2532.7 MiB (incremental 1733.1 MiB)
[2026-09-19 20:53:07]   target 8730: realized linf = 0.03137 (8.00/255), budget = 8.00/255
[2026-09-19 20:53:59]   [t8730 v1/6] fail (pred=deer) CTA=0.8068
[2026-09-19 20:54:49]   [t8730 v2/6] fail (pred=bird) CTA=0.8109
[2026-09-19 20:55:39]   [t8730 v3/6] fail (pred=bird) CTA=0.8224
[2026-09-19 20:56:29]   [t8730 v4/6] fail (pred=bird) CTA=0.8108
[2026-09-19 20:57:19]   [t8730 v5/6] fail (pred=bird) CTA=0.8000
[2026-09-19 20:58:09]   [t8730 v6/6] fail (pred=bird) CTA=0.8107
[2026-09-19 20:58:09]   target 8730, 6 victims on this gpu: ASR=0.0% CTA=0.8103 +/- 0.0067
[2026-09-19 20:58:09] === target 8055 (5/8) ===
[2026-09-19 20:58:11]   target 8055: selector overhead 1.871 s, CUDA peak 1017.3 MiB (incremental 218.9 MiB)
[2026-09-19 20:59:29]   target 8055: crafted 100 poisons in 78 s, obj=0.33044, CUDA peak=2531.9 MiB (incremental 1732.4 MiB)
[2026-09-19 20:59:29]   target 8055: realized linf = 0.03137 (8.00/255), budget = 8.00/255
[2026-09-19 21:00:21]   [t8055 v1/6] fail (pred=bird) CTA=0.8098
[2026-09-19 21:01:11]   [t8055 v2/6] fail (pred=bird) CTA=0.7997
[2026-09-19 21:02:01]   [t8055 v3/6] SUCCESS (pred=dog) CTA=0.8169
[2026-09-19 21:02:51]   [t8055 v4/6] fail (pred=bird) CTA=0.7980
[2026-09-19 21:03:41]   [t8055 v5/6] fail (pred=bird) CTA=0.8153
[2026-09-19 21:04:31]   [t8055 v6/6] SUCCESS (pred=dog) CTA=0.8029
[2026-09-19 21:04:31]   target 8055, 6 victims on this gpu: ASR=33.3% CTA=0.8071 +/- 0.0074
[2026-09-19 21:04:31] === target 5859 (6/8) ===
[2026-09-19 21:04:33]   target 5859: selector overhead 1.871 s, CUDA peak 1017.3 MiB (incremental 218.9 MiB)
[2026-09-19 21:05:51]   target 5859: crafted 100 poisons in 78 s, obj=0.28102, CUDA peak=2532.5 MiB (incremental 1732.9 MiB)
[2026-09-19 21:05:51]   target 5859: realized linf = 0.03137 (8.00/255), budget = 8.00/255
[2026-09-19 21:06:43]   [t5859 v1/6] fail (pred=horse) CTA=0.7997
[2026-09-19 21:07:33]   [t5859 v2/6] fail (pred=bird) CTA=0.8063
[2026-09-19 21:08:23]   [t5859 v3/6] fail (pred=bird) CTA=0.8076
[2026-09-19 21:09:13]   [t5859 v4/6] fail (pred=bird) CTA=0.8018
[2026-09-19 21:10:03]   [t5859 v5/6] SUCCESS (pred=dog) CTA=0.8091
[2026-09-19 21:10:53]   [t5859 v6/6] fail (pred=cat) CTA=0.7949
[2026-09-19 21:10:53]   target 5859, 6 victims on this gpu: ASR=16.7% CTA=0.8032 +/- 0.0049
[2026-09-19 21:10:53] === target 8954 (7/8) ===
[2026-09-19 21:10:54]   target 8954: selector overhead 1.872 s, CUDA peak 1017.3 MiB (incremental 218.9 MiB)
[2026-09-19 21:12:12]   target 8954: crafted 100 poisons in 78 s, obj=0.22683, CUDA peak=2531.9 MiB (incremental 1732.4 MiB)
[2026-09-19 21:12:12]   target 8954: realized linf = 0.03137 (8.00/255), budget = 8.00/255
[2026-09-19 21:13:04]   [t8954 v1/6] fail (pred=bird) CTA=0.7970
[2026-09-19 21:13:54]   [t8954 v2/6] SUCCESS (pred=dog) CTA=0.8035
[2026-09-19 21:14:44]   [t8954 v3/6] SUCCESS (pred=dog) CTA=0.8084
[2026-09-19 21:15:34]   [t8954 v4/6] SUCCESS (pred=dog) CTA=0.7897
[2026-09-19 21:16:24]   [t8954 v5/6] SUCCESS (pred=dog) CTA=0.8110
[2026-09-19 21:17:14]   [t8954 v6/6] fail (pred=bird) CTA=0.7951
[2026-09-19 21:17:14]   target 8954, 6 victims on this gpu: ASR=66.7% CTA=0.8008 +/- 0.0075
[2026-09-19 21:17:14] === target 821 (8/8) ===
[2026-09-19 21:17:16]   target 821: selector overhead 1.871 s, CUDA peak 1017.3 MiB (incremental 218.9 MiB)
[2026-09-19 21:18:34]   target 821: crafted 100 poisons in 78 s, obj=0.34288, CUDA peak=2531.9 MiB (incremental 1732.4 MiB)
[2026-09-19 21:18:34]   target 821: realized linf = 0.03137 (8.00/255), budget = 8.00/255
[2026-09-19 21:19:26]   [t821 v1/6] fail (pred=bird) CTA=0.8013
[2026-09-19 21:20:16]   [t821 v2/6] fail (pred=horse) CTA=0.8091
[2026-09-19 21:21:06]   [t821 v3/6] fail (pred=bird) CTA=0.7964
[2026-09-19 21:21:56]   [t821 v4/6] fail (pred=bird) CTA=0.8092
[2026-09-19 21:22:46]   [t821 v5/6] fail (pred=horse) CTA=0.8036
[2026-09-19 21:23:36]   [t821 v6/6] fail (pred=bird) CTA=0.8080
[2026-09-19 21:23:36]   target 821, 6 victims on this gpu: ASR=0.0% CTA=0.8046 +/- 0.0047
[2026-09-19 21:23:36]   selector resources: 8 target(s), 15.1 total target-seconds, max CUDA allocated 1017.3 MiB (incremental 218.9 MiB)
[2026-09-19 21:23:36] ==== CIFAR10_ConvNetBN_sapa_ours_dog-bird_b0.002_eps8_seed42_lam10_cosine_norm_selarchResNet20BN_K30_worst0.05_ce5_tgt70 : ASR = 31.2% +/- 28.2% | CTA = 0.8044 (baseline 0.8127) ====
[2026-09-19 21:23:36]   target-prediction tally ['airplane', 'automobile', 'bird', 'cat', 'deer', 'dog', 'frog', 'horse', 'ship', 'truck']: [0, 0, 27, 2, 1, 15, 0, 3, 0, 0]
verified: 8 targets x 6 victims = 48 unique evaluations
sync: CIFAR10_ConvNetBN_sapa_ours_dog-bird_b0.002_eps8_seed42_lam10_cosine_norm_selarchResNet20BN_K30_worst0.05_ce5_tgt70 -> /home/mmoslem3/scratch/PoisonBase/green_rerun_8x6_lam10_cosnorm_20260919_result
sync: complete
