gpu: NVIDIA L40S
cache: waiting for shared ConvNetBN checkpoint lock
cache: ConvNetBN checkpoints ready
cache: waiting for shared VGG13BN checkpoint lock
cache: VGG13BN checkpoints ready
run: waiting for duplicate-submission lock
targets: 8 unique pinned indices: 843 1257 8252 8730 8055 5859 8954 821
job: 1021754 grn43_gm_b0005_vconv_svgg_k30 on rack09-13
config: attack=gradmatch budget=0.005 V=ConvNetBN S=VGG13BN K=30 base=ours base_dist=cosine_norm lambda_margin=10 jacobian=off craft_steps=250 victim_epochs=50 victim_decay=40 targets=8 victims=6; green-table-ASR=40
protocol: method=ours Jacobian=off targets=8 victims=6 selector_K=30 component=basis
protocol: base_dist=cosine_norm lambda_margin=10 victim_epochs=50 victim_decay=40
protocol: 30 shared surrogates available; crafting always uses V checkpoints 0..4
output: /home/mmoslem3/scratch/PoisonBase/green_rerun_8x6_lam10_cosnorm_20260919_result/CIFAR10_ConvNetBN_gradmatch_ours_dog-bird_b0.005_eps8_seed42_lam10_cosine_norm_selarchVGG13BN_K30_ce5_tgt70
[2026-09-19 20:32:12] === run start: CIFAR10_ConvNetBN_gradmatch_ours_dog-bird_b0.005_eps8_seed42_lam10_cosine_norm_selarchVGG13BN_K30_ce5_tgt70 on cuda [0] ===
[2026-09-19 20:32:12] args: {"FORCE": false, "attack": "gradmatch", "base": "ours", "base_dist": "cosine_norm", "base_topr": null, "budget": 0.005, "cache_dir": "/tmp/PoisonBase_cross_arch_k_10x6/cache", "class_pair": "dog-bird", "clean_baseline": true, "craft_alpha": 0.0039216, "craft_aug": true, "craft_batch": 256, "craft_ensemble": 5, "craft_lowmem": false, "craft_schedule": false, "craft_steps": 250, "data_path": "/tmp/PoisonBase_cross_arch_k_10x6/data", "dataset": "CIFAR10", "distance_margin_coef": null, "dsa_strategy": "color_crop_cutout_flip_scale_rotate", "epsilon": 0.0313725, "fast_gradmatch": false, "fc_mode": "sample", "fc_restarts": 1, "fus_alpha": 0.5, "fus_iters": 10, "fus_proxy_restarts": 0, "fus_proxy_steps": 0, "fus_search_decay": [40], "fus_search_epochs": 50, "gpus": "all", "jacobian_batch_size": 64, "jacobian_weight": 1.0, "keep_pinned_targets": false, "lambda_margin": 10.0, "model": "ConvNetBN", "no_resume": false, "num_poisons": 500, "num_surrogates": 30, "num_targets": 8, "num_victims": 6, "out_dir": "/tmp/PoisonBase_cross_arch_k_10x6/cross_arch_k_10x6_result", "pair_order": "poison-target", "parallel_pretrain": true, "parallel_targets": true, "precompute_id": null, "precompute_only": false, "precompute_part": "both", "rank_on_victims": true, "recompute_deltas": false, "require_correct_target": false, "restarts": 8, "seed": 42, "sel_K": 30, "sel_alpha": 1.0, "sel_criterion": null, "sel_dpp": false, "sel_filter": false, "sel_metric_epoch": 10, "sel_mmr": false, "sel_mode": null, "sel_model": "VGG13BN", "sel_mu": 1.0, "sel_pca": false, "sel_pool": 3.0, "selector_metric_dir": null, "sharp_mode": "worst", "sharp_samples": 20, "sharp_sigma": 0.05, "steal_timeout": 7200.0, "surrogate_aug": false, "surrogate_bs": 128, "surrogate_decay": [35, 45], "surrogate_epochs": 60, "surrogate_lr": 0.1, "surrogate_wd": 0.0, "target_idx_file": "/tmp/PoisonBase_cross_arch_k_10x6/target_sets/ConvNetBN_gradmatch_dog-bird.json", "target_select": 70, "use_jacobian_score": false, "victim_aug": false, "victim_bs": 125, "victim_decay": [40], "victim_epochs": 50, "victim_lr": 0.1, "victim_model": null, "victim_wd": 0.0}
[2026-09-19 20:32:12] Jacobian score: disabled
[2026-09-19 20:32:12] N_total=50000 budget=0.005 -> N_p=250 poisons, y_adv=5(dog) target_class=2(bird)
[2026-09-19 20:32:12] === selection/crafting surrogates (30 x ConvNetBN, trained on the full real set) ===
[2026-09-19 20:32:12]   crafting on 5/30 surrogates
[2026-09-19 20:32:12] === selection surrogates (30 x VGG13BN, cross-architecture) ===
[2026-09-19 20:32:14] === clean victims (6 x ConvNetBN) ===
[2026-09-19 20:32:15]   clean baseline CTA = 0.8127 +/- 0.0074
[2026-09-19 20:32:15]   target pool 1000 -> eligible 963 (37 already predicted as y_adv or dropped)
[2026-09-19 20:32:15]   chosen 8 targets (file), p_adv range 0.0000..0.0000
[2026-09-19 20:32:15]   targets: [843, 1257, 8252, 8730, 8055, 5859, 8954, 821]
[2026-09-19 20:32:15] === target 843 (1/8) ===
[2026-09-19 20:32:19]   target 843: selector overhead 4.406 s, CUDA peak 2306.4 MiB (incremental 443.9 MiB)
[2026-09-19 20:36:20]   target 843: crafted 250 poisons in 241 s, obj=0.29421, CUDA peak=6189.2 MiB (incremental 4323.8 MiB)
[2026-09-19 20:36:20]   target 843: realized linf = 0.03137 (8.00/255), budget = 8.00/255
[2026-09-19 20:37:11]   [t843 v1/6] SUCCESS (pred=dog) CTA=0.8072
[2026-09-19 20:38:02]   [t843 v2/6] SUCCESS (pred=dog) CTA=0.8067
[2026-09-19 20:38:54]   [t843 v3/6] SUCCESS (pred=dog) CTA=0.8108
[2026-09-19 20:39:45]   [t843 v4/6] SUCCESS (pred=dog) CTA=0.8151
[2026-09-19 20:40:36]   [t843 v5/6] SUCCESS (pred=dog) CTA=0.8013
[2026-09-19 20:41:28]   [t843 v6/6] fail (pred=bird) CTA=0.7892
[2026-09-19 20:41:28]   target 843, 6 victims on this gpu: ASR=83.3% CTA=0.8051 +/- 0.0082
[2026-09-19 20:41:28] === target 1257 (2/8) ===
[2026-09-19 20:41:32]   target 1257: selector overhead 4.363 s, CUDA peak 2314.5 MiB (incremental 443.9 MiB)
[2026-09-19 20:45:32]   target 1257: crafted 250 poisons in 240 s, obj=0.25064, CUDA peak=6190.9 MiB (incremental 4317.4 MiB)
[2026-09-19 20:45:32]   target 1257: realized linf = 0.03137 (8.00/255), budget = 8.00/255
[2026-09-19 20:46:24]   [t1257 v1/6] SUCCESS (pred=dog) CTA=0.7973
[2026-09-19 20:47:15]   [t1257 v2/6] SUCCESS (pred=dog) CTA=0.8095
[2026-09-19 20:48:06]   [t1257 v3/6] SUCCESS (pred=dog) CTA=0.8108
[2026-09-19 20:48:58]   [t1257 v4/6] SUCCESS (pred=dog) CTA=0.8076
[2026-09-19 20:49:49]   [t1257 v5/6] SUCCESS (pred=dog) CTA=0.7989
[2026-09-19 20:50:40]   [t1257 v6/6] SUCCESS (pred=dog) CTA=0.8027
[2026-09-19 20:50:40]   target 1257, 6 victims on this gpu: ASR=100.0% CTA=0.8045 +/- 0.0052
[2026-09-19 20:50:40] === target 8252 (3/8) ===
[2026-09-19 20:50:45]   target 8252: selector overhead 4.360 s, CUDA peak 2314.5 MiB (incremental 443.9 MiB)
[2026-09-19 20:54:45]   target 8252: crafted 250 poisons in 240 s, obj=0.22961, CUDA peak=6192.0 MiB (incremental 4318.5 MiB)
[2026-09-19 20:54:45]   target 8252: realized linf = 0.03137 (8.00/255), budget = 8.00/255
