gpu: NVIDIA L40S
cache: waiting for shared ConvNetBN checkpoint lock
cache: ConvNetBN checkpoints ready
cache: waiting for shared VGG13BN checkpoint lock
cache: VGG13BN checkpoints ready
run: waiting for duplicate-submission lock
targets: 8 unique pinned indices: 843 1257 8252 8730 8055 5859 8954 821
job: 1021753 grn42_gm_b0005_vconv_svgg_k20 on rack15-01
config: attack=gradmatch budget=0.005 V=ConvNetBN S=VGG13BN K=20 base=ours base_dist=cosine_norm lambda_margin=10 jacobian=off craft_steps=250 victim_epochs=50 victim_decay=40 targets=8 victims=6; green-table-ASR=25
protocol: method=ours Jacobian=off targets=8 victims=6 selector_K=20 component=basis
protocol: base_dist=cosine_norm lambda_margin=10 victim_epochs=50 victim_decay=40
protocol: 30 shared surrogates available; crafting always uses V checkpoints 0..4
output: /home/mmoslem3/scratch/PoisonBase/green_rerun_8x6_lam10_cosnorm_20260919_result/CIFAR10_ConvNetBN_gradmatch_ours_dog-bird_b0.005_eps8_seed42_lam10_cosine_norm_selarchVGG13BN_K20_ce5_tgt70
[2026-09-19 12:55:22] === run start: CIFAR10_ConvNetBN_gradmatch_ours_dog-bird_b0.005_eps8_seed42_lam10_cosine_norm_selarchVGG13BN_K20_ce5_tgt70 on cuda [0] ===
[2026-09-19 12:55:22] args: {"FORCE": false, "attack": "gradmatch", "base": "ours", "base_dist": "cosine_norm", "base_topr": null, "budget": 0.005, "cache_dir": "/tmp/PoisonBase_cross_arch_k_10x6/cache", "class_pair": "dog-bird", "clean_baseline": true, "craft_alpha": 0.0039216, "craft_aug": true, "craft_batch": 256, "craft_ensemble": 5, "craft_lowmem": false, "craft_schedule": false, "craft_steps": 250, "data_path": "/tmp/PoisonBase_cross_arch_k_10x6/data", "dataset": "CIFAR10", "distance_margin_coef": null, "dsa_strategy": "color_crop_cutout_flip_scale_rotate", "epsilon": 0.0313725, "fast_gradmatch": false, "fc_mode": "sample", "fc_restarts": 1, "fus_alpha": 0.5, "fus_iters": 10, "fus_proxy_restarts": 0, "fus_proxy_steps": 0, "fus_search_decay": [40], "fus_search_epochs": 50, "gpus": "all", "jacobian_batch_size": 64, "jacobian_weight": 1.0, "keep_pinned_targets": false, "lambda_margin": 10.0, "model": "ConvNetBN", "no_resume": false, "num_poisons": 500, "num_surrogates": 30, "num_targets": 8, "num_victims": 6, "out_dir": "/tmp/PoisonBase_cross_arch_k_10x6/cross_arch_k_10x6_result", "pair_order": "poison-target", "parallel_pretrain": true, "parallel_targets": true, "precompute_id": null, "precompute_only": false, "precompute_part": "both", "rank_on_victims": true, "recompute_deltas": false, "require_correct_target": false, "restarts": 8, "seed": 42, "sel_K": 20, "sel_alpha": 1.0, "sel_criterion": null, "sel_dpp": false, "sel_filter": false, "sel_metric_epoch": 10, "sel_mmr": false, "sel_mode": null, "sel_model": "VGG13BN", "sel_mu": 1.0, "sel_pca": false, "sel_pool": 3.0, "selector_metric_dir": null, "sharp_mode": "worst", "sharp_samples": 20, "sharp_sigma": 0.05, "steal_timeout": 7200.0, "surrogate_aug": false, "surrogate_bs": 128, "surrogate_decay": [35, 45], "surrogate_epochs": 60, "surrogate_lr": 0.1, "surrogate_wd": 0.0, "target_idx_file": "/tmp/PoisonBase_cross_arch_k_10x6/target_sets/ConvNetBN_gradmatch_dog-bird.json", "target_select": 70, "use_jacobian_score": false, "victim_aug": false, "victim_bs": 125, "victim_decay": [40], "victim_epochs": 50, "victim_lr": 0.1, "victim_model": null, "victim_wd": 0.0}
[2026-09-19 12:55:22] Jacobian score: disabled
[2026-09-19 12:55:22] N_total=50000 budget=0.005 -> N_p=250 poisons, y_adv=5(dog) target_class=2(bird)
[2026-09-19 12:55:22] === selection/crafting surrogates (30 x ConvNetBN, trained on the full real set) ===
[2026-09-19 12:55:22]   crafting on 5/30 surrogates
[2026-09-19 12:55:22] === selection surrogates (30 x VGG13BN, cross-architecture) ===
[2026-09-19 12:55:24] === clean victims (6 x ConvNetBN) ===
[2026-09-19 12:55:25]   clean baseline CTA = 0.8127 +/- 0.0074
[2026-09-19 12:55:25]   target pool 1000 -> eligible 963 (37 already predicted as y_adv or dropped)
[2026-09-19 12:55:25]   chosen 8 targets (file), p_adv range 0.0000..0.0000
[2026-09-19 12:55:25]   targets: [843, 1257, 8252, 8730, 8055, 5859, 8954, 821]
[2026-09-19 12:55:25] === target 843 (1/8) ===
[2026-09-19 12:55:29]   target 843: selector overhead 3.093 s, CUDA peak 2306.4 MiB (incremental 443.9 MiB)
[2026-09-19 12:59:30]   target 843: crafted 250 poisons in 241 s, obj=0.29936, CUDA peak=6189.2 MiB (incremental 4323.8 MiB)
[2026-09-19 12:59:30]   target 843: realized linf = 0.03137 (8.00/255), budget = 8.00/255
[2026-09-19 13:00:21]   [t843 v1/6] SUCCESS (pred=dog) CTA=0.8128
[2026-09-19 13:01:13]   [t843 v2/6] SUCCESS (pred=dog) CTA=0.8050
[2026-09-19 13:02:04]   [t843 v3/6] SUCCESS (pred=dog) CTA=0.8044
[2026-09-19 13:02:56]   [t843 v4/6] SUCCESS (pred=dog) CTA=0.8166
[2026-09-19 13:03:47]   [t843 v5/6] fail (pred=bird) CTA=0.8027
[2026-09-19 13:04:39]   [t843 v6/6] fail (pred=bird) CTA=0.7885
[2026-09-19 13:04:39]   target 843, 6 victims on this gpu: ASR=66.7% CTA=0.8050 +/- 0.0089
[2026-09-19 13:04:39] === target 1257 (2/8) ===
[2026-09-19 13:04:42]   target 1257: selector overhead 2.924 s, CUDA peak 2314.5 MiB (incremental 443.9 MiB)
[2026-09-19 13:08:42]   target 1257: crafted 250 poisons in 240 s, obj=0.25331, CUDA peak=6190.9 MiB (incremental 4317.4 MiB)
[2026-09-19 13:08:42]   target 1257: realized linf = 0.03137 (8.00/255), budget = 8.00/255
[2026-09-19 13:09:33]   [t1257 v1/6] fail (pred=bird) CTA=0.8023
[2026-09-19 13:10:25]   [t1257 v2/6] SUCCESS (pred=dog) CTA=0.8114
[2026-09-19 13:11:16]   [t1257 v3/6] fail (pred=bird) CTA=0.8119
[2026-09-19 13:12:08]   [t1257 v4/6] SUCCESS (pred=dog) CTA=0.8017
[2026-09-19 13:12:59]   [t1257 v5/6] fail (pred=bird) CTA=0.7997
[2026-09-19 13:13:51]   [t1257 v6/6] fail (pred=bird) CTA=0.7940
[2026-09-19 13:13:51]   target 1257, 6 victims on this gpu: ASR=33.3% CTA=0.8035 +/- 0.0064
[2026-09-19 13:13:51] === target 8252 (3/8) ===
[2026-09-19 13:13:54]   target 8252: selector overhead 2.925 s, CUDA peak 2314.5 MiB (incremental 443.9 MiB)
[2026-09-19 13:17:54]   target 8252: crafted 250 poisons in 240 s, obj=0.22902, CUDA peak=6190.9 MiB (incremental 4317.4 MiB)
[2026-09-19 13:17:54]   target 8252: realized linf = 0.03137 (8.00/255), budget = 8.00/255
[2026-09-19 13:18:45]   [t8252 v1/6] SUCCESS (pred=dog) CTA=0.7982
[2026-09-19 13:19:37]   [t8252 v2/6] SUCCESS (pred=dog) CTA=0.8127
[2026-09-19 13:20:29]   [t8252 v3/6] SUCCESS (pred=dog) CTA=0.8026
[2026-09-19 13:21:20]   [t8252 v4/6] SUCCESS (pred=dog) CTA=0.7917
[2026-09-19 13:22:12]   [t8252 v5/6] SUCCESS (pred=dog) CTA=0.7898
[2026-09-19 13:23:03]   [t8252 v6/6] SUCCESS (pred=dog) CTA=0.8131
[2026-09-19 13:23:03]   target 8252, 6 victims on this gpu: ASR=100.0% CTA=0.8014 +/- 0.0092
[2026-09-19 13:23:03] === target 8730 (4/8) ===
[2026-09-19 13:23:06]   target 8730: selector overhead 2.926 s, CUDA peak 2314.5 MiB (incremental 443.9 MiB)
[2026-09-19 13:27:06]   target 8730: crafted 250 poisons in 240 s, obj=0.25128, CUDA peak=6190.9 MiB (incremental 4317.4 MiB)
[2026-09-19 13:27:06]   target 8730: realized linf = 0.03137 (8.00/255), budget = 8.00/255
[2026-09-19 13:27:58]   [t8730 v1/6] fail (pred=bird) CTA=0.8103
[2026-09-19 13:28:49]   [t8730 v2/6] fail (pred=bird) CTA=0.8163
[2026-09-19 13:29:41]   [t8730 v3/6] fail (pred=bird) CTA=0.8186
[2026-09-19 13:30:32]   [t8730 v4/6] SUCCESS (pred=dog) CTA=0.8047
[2026-09-19 13:31:24]   [t8730 v5/6] fail (pred=bird) CTA=0.8052
[2026-09-19 13:32:15]   [t8730 v6/6] fail (pred=bird) CTA=0.8072
[2026-09-19 13:32:15]   target 8730, 6 victims on this gpu: ASR=16.7% CTA=0.8104 +/- 0.0054
[2026-09-19 13:32:15] === target 8055 (5/8) ===
[2026-09-19 13:32:18]   target 8055: selector overhead 2.924 s, CUDA peak 2314.5 MiB (incremental 443.9 MiB)
[2026-09-19 13:36:19]   target 8055: crafted 250 poisons in 240 s, obj=0.30898, CUDA peak=6190.9 MiB (incremental 4317.4 MiB)
[2026-09-19 13:36:19]   target 8055: realized linf = 0.03137 (8.00/255), budget = 8.00/255
[2026-09-19 13:37:10]   [t8055 v1/6] SUCCESS (pred=dog) CTA=0.8067
[2026-09-19 13:38:02]   [t8055 v2/6] SUCCESS (pred=dog) CTA=0.8037
[2026-09-19 13:38:53]   [t8055 v3/6] SUCCESS (pred=dog) CTA=0.8124
[2026-09-19 13:39:45]   [t8055 v4/6] SUCCESS (pred=dog) CTA=0.8005
[2026-09-19 13:40:36]   [t8055 v5/6] fail (pred=bird) CTA=0.8154
[2026-09-19 13:41:28]   [t8055 v6/6] fail (pred=bird) CTA=0.8045
[2026-09-19 13:41:28]   target 8055, 6 victims on this gpu: ASR=66.7% CTA=0.8072 +/- 0.0051
[2026-09-19 13:41:28] === target 5859 (6/8) ===
[2026-09-19 13:41:31]   target 5859: selector overhead 2.925 s, CUDA peak 2314.5 MiB (incremental 443.9 MiB)
[2026-09-19 13:45:31]   target 5859: crafted 250 poisons in 240 s, obj=0.25558, CUDA peak=6190.9 MiB (incremental 4317.4 MiB)
[2026-09-19 13:45:31]   target 5859: realized linf = 0.03137 (8.00/255), budget = 8.00/255
[2026-09-19 13:46:22]   [t5859 v1/6] SUCCESS (pred=dog) CTA=0.7976
[2026-09-19 13:47:14]   [t5859 v2/6] SUCCESS (pred=dog) CTA=0.8050
[2026-09-19 13:48:06]   [t5859 v3/6] SUCCESS (pred=dog) CTA=0.8072
[2026-09-19 13:48:57]   [t5859 v4/6] fail (pred=bird) CTA=0.8030
[2026-09-19 13:49:49]   [t5859 v5/6] SUCCESS (pred=dog) CTA=0.8189
[2026-09-19 13:50:41]   [t5859 v6/6] SUCCESS (pred=dog) CTA=0.8008
[2026-09-19 13:50:41]   target 5859, 6 victims on this gpu: ASR=83.3% CTA=0.8054 +/- 0.0068
[2026-09-19 13:50:41] === target 8954 (7/8) ===
[2026-09-19 13:50:44]   target 8954: selector overhead 2.934 s, CUDA peak 2314.5 MiB (incremental 443.9 MiB)
[2026-09-19 13:54:44]   target 8954: crafted 250 poisons in 240 s, obj=0.23057, CUDA peak=6190.5 MiB (incremental 4317.0 MiB)
[2026-09-19 13:54:44]   target 8954: realized linf = 0.03137 (8.00/255), budget = 8.00/255
[2026-09-19 13:55:35]   [t8954 v1/6] SUCCESS (pred=dog) CTA=0.8016
[2026-09-19 13:56:28]   [t8954 v2/6] SUCCESS (pred=dog) CTA=0.8020
[2026-09-19 13:57:19]   [t8954 v3/6] SUCCESS (pred=dog) CTA=0.8070
[2026-09-19 13:58:11]   [t8954 v4/6] SUCCESS (pred=dog) CTA=0.7970
[2026-09-19 13:59:03]   [t8954 v5/6] SUCCESS (pred=dog) CTA=0.8055
[2026-09-19 13:59:54]   [t8954 v6/6] SUCCESS (pred=dog) CTA=0.8026
[2026-09-19 13:59:54]   target 8954, 6 victims on this gpu: ASR=100.0% CTA=0.8026 +/- 0.0032
[2026-09-19 13:59:54] === target 821 (8/8) ===
[2026-09-19 13:59:57]   target 821: selector overhead 2.935 s, CUDA peak 2314.5 MiB (incremental 443.9 MiB)
[2026-09-19 14:03:57]   target 821: crafted 250 poisons in 240 s, obj=0.30345, CUDA peak=6190.9 MiB (incremental 4317.4 MiB)
[2026-09-19 14:03:57]   target 821: realized linf = 0.03137 (8.00/255), budget = 8.00/255
[2026-09-19 14:04:49]   [t821 v1/6] fail (pred=bird) CTA=0.8049
[2026-09-19 14:05:41]   [t821 v2/6] SUCCESS (pred=dog) CTA=0.8128
[2026-09-19 14:06:32]   [t821 v3/6] SUCCESS (pred=dog) CTA=0.8010
[2026-09-19 14:07:24]   [t821 v4/6] fail (pred=bird) CTA=0.8118
[2026-09-19 14:08:16]   [t821 v5/6] SUCCESS (pred=dog) CTA=0.8120
[2026-09-19 14:09:07]   [t821 v6/6] SUCCESS (pred=dog) CTA=0.8105
[2026-09-19 14:09:08]   target 821, 6 victims on this gpu: ASR=66.7% CTA=0.8088 +/- 0.0044
[2026-09-19 14:09:08]   selector resources: 8 target(s), 23.6 total target-seconds, max CUDA allocated 2314.5 MiB (incremental 443.9 MiB)
[2026-09-19 14:09:08] ==== CIFAR10_ConvNetBN_gradmatch_ours_dog-bird_b0.005_eps8_seed42_lam10_cosine_norm_selarchVGG13BN_K20_ce5_tgt70 : ASR = 66.7% +/- 27.6% | CTA = 0.8055 (baseline 0.8127) ====
[2026-09-19 14:09:08]   target-prediction tally ['airplane', 'automobile', 'bird', 'cat', 'deer', 'dog', 'frog', 'horse', 'ship', 'truck']: [0, 0, 16, 0, 0, 32, 0, 0, 0, 0]
verified: 8 targets x 6 victims = 48 unique evaluations
sync: CIFAR10_ConvNetBN_gradmatch_ours_dog-bird_b0.005_eps8_seed42_lam10_cosine_norm_selarchVGG13BN_K20_ce5_tgt70 -> /home/mmoslem3/scratch/PoisonBase/green_rerun_8x6_lam10_cosnorm_20260919_result
sync: complete
