gpu: NVIDIA L40S
cache: waiting for shared ResNet20BN checkpoint lock
cache: ResNet20BN checkpoints ready
cache: waiting for shared VGG13BN checkpoint lock
cache: VGG13BN checkpoints ready
run: waiting for duplicate-submission lock
targets: 8 unique pinned indices: 5118 8740 5324 4630 833 2065 7056 9059
job: 1021763 grn52_sapa_b0002_vr20_svgg_k20 on rack06-16
config: attack=sapa budget=0.002 V=ResNet20BN S=VGG13BN K=20 base=ours base_dist=cosine_norm lambda_margin=10 jacobian=off craft_steps=250 victim_epochs=50 victim_decay=40 targets=8 victims=6; green-table-ASR=65
protocol: method=ours Jacobian=off targets=8 victims=6 selector_K=20 component=basis
protocol: base_dist=cosine_norm lambda_margin=10 victim_epochs=50 victim_decay=40
protocol: 30 shared surrogates available; crafting always uses V checkpoints 0..4
output: /home/mmoslem3/scratch/PoisonBase/green_rerun_8x6_lam10_cosnorm_20260919_result/CIFAR10_ResNet20BN_sapa_ours_dog-bird_b0.002_eps8_seed42_lam10_cosine_norm_selarchVGG13BN_K20_worst0.05_ce5_tgt14
[2026-09-19 20:33:15] === run start: CIFAR10_ResNet20BN_sapa_ours_dog-bird_b0.002_eps8_seed42_lam10_cosine_norm_selarchVGG13BN_K20_worst0.05_ce5_tgt14 on cuda [0] ===
[2026-09-19 20:33:15] args: {"FORCE": false, "attack": "sapa", "base": "ours", "base_dist": "cosine_norm", "base_topr": null, "budget": 0.002, "cache_dir": "/tmp/PoisonBase_cross_arch_k_10x6/cache", "class_pair": "dog-bird", "clean_baseline": true, "craft_alpha": 0.0039216, "craft_aug": true, "craft_batch": 256, "craft_ensemble": 5, "craft_lowmem": false, "craft_schedule": false, "craft_steps": 250, "data_path": "/tmp/PoisonBase_cross_arch_k_10x6/data", "dataset": "CIFAR10", "distance_margin_coef": null, "dsa_strategy": "color_crop_cutout_flip_scale_rotate", "epsilon": 0.0313725, "fast_gradmatch": false, "fc_mode": "sample", "fc_restarts": 1, "fus_alpha": 0.5, "fus_iters": 10, "fus_proxy_restarts": 0, "fus_proxy_steps": 0, "fus_search_decay": [40], "fus_search_epochs": 50, "gpus": "all", "jacobian_batch_size": 64, "jacobian_weight": 1.0, "keep_pinned_targets": false, "lambda_margin": 10.0, "model": "ResNet20BN", "no_resume": false, "num_poisons": 500, "num_surrogates": 30, "num_targets": 8, "num_victims": 6, "out_dir": "/tmp/PoisonBase_cross_arch_k_10x6/cross_arch_k_10x6_result", "pair_order": "poison-target", "parallel_pretrain": true, "parallel_targets": true, "precompute_id": null, "precompute_only": false, "precompute_part": "both", "rank_on_victims": true, "recompute_deltas": false, "require_correct_target": false, "restarts": 8, "seed": 42, "sel_K": 20, "sel_alpha": 1.0, "sel_criterion": null, "sel_dpp": false, "sel_filter": false, "sel_metric_epoch": 10, "sel_mmr": false, "sel_mode": null, "sel_model": "VGG13BN", "sel_mu": 1.0, "sel_pca": false, "sel_pool": 3.0, "selector_metric_dir": null, "sharp_mode": "worst", "sharp_samples": 20, "sharp_sigma": 0.05, "steal_timeout": 7200.0, "surrogate_aug": false, "surrogate_bs": 128, "surrogate_decay": [35, 45], "surrogate_epochs": 60, "surrogate_lr": 0.1, "surrogate_wd": 0.0, "target_idx_file": "/tmp/PoisonBase_cross_arch_k_10x6/target_sets/ResNet20BN_gradmatch_dog-bird.json", "target_select": 14, "use_jacobian_score": false, "victim_aug": false, "victim_bs": 125, "victim_decay": [40], "victim_epochs": 50, "victim_lr": 0.1, "victim_model": null, "victim_wd": 0.0}
[2026-09-19 20:33:15] Jacobian score: disabled
[2026-09-19 20:33:15] N_total=50000 budget=0.002 -> N_p=100 poisons, y_adv=5(dog) target_class=2(bird)
[2026-09-19 20:33:15] === selection/crafting surrogates (30 x ResNet20BN, trained on the full real set) ===
[2026-09-19 20:33:16]   crafting on 5/30 surrogates
[2026-09-19 20:33:16] === selection surrogates (30 x VGG13BN, cross-architecture) ===
[2026-09-19 20:33:18] === clean victims (6 x ResNet20BN) ===
[2026-09-19 20:33:19]   clean baseline CTA = 0.8354 +/- 0.0043
[2026-09-19 20:33:19]   target pool 1000 -> eligible 978 (22 already predicted as y_adv or dropped)
[2026-09-19 20:33:19]   chosen 8 targets (file), p_adv range 0.0001..0.3539
[2026-09-19 20:33:19]   targets: [5118, 8740, 5324, 4630, 833, 2065, 7056, 9059]
[2026-09-19 20:33:19] === target 5118 (1/8) ===
[2026-09-19 20:33:22]   target 5118: selector overhead 3.023 s, CUDA peak 2301.3 MiB (incremental 443.9 MiB)
[2026-09-19 20:37:24]   target 5118: crafted 100 poisons in 241 s, obj=0.21350, CUDA peak=3443.9 MiB (incremental 1584.5 MiB)
[2026-09-19 20:37:24]   target 5118: realized linf = 0.03137 (8.00/255), budget = 8.00/255
[2026-09-19 20:39:00]   [t5118 v1/6] SUCCESS (pred=dog) CTA=0.8410
[2026-09-19 20:40:37]   [t5118 v2/6] SUCCESS (pred=dog) CTA=0.8368
[2026-09-19 20:42:14]   [t5118 v3/6] fail (pred=bird) CTA=0.8348
[2026-09-19 20:43:50]   [t5118 v4/6] SUCCESS (pred=dog) CTA=0.8382
[2026-09-19 20:45:27]   [t5118 v5/6] SUCCESS (pred=dog) CTA=0.8391
[2026-09-19 20:47:04]   [t5118 v6/6] SUCCESS (pred=dog) CTA=0.8457
[2026-09-19 20:47:04]   target 5118, 6 victims on this gpu: ASR=83.3% CTA=0.8393 +/- 0.0035
[2026-09-19 20:47:04] === target 8740 (2/8) ===
[2026-09-19 20:47:07]   target 8740: selector overhead 2.913 s, CUDA peak 2309.5 MiB (incremental 443.9 MiB)
[2026-09-19 20:51:07]   target 8740: crafted 100 poisons in 240 s, obj=0.19555, CUDA peak=3445.6 MiB (incremental 1578.1 MiB)
[2026-09-19 20:51:07]   target 8740: realized linf = 0.03137 (8.00/255), budget = 8.00/255
[2026-09-19 20:52:44]   [t8740 v1/6] SUCCESS (pred=dog) CTA=0.8356
[2026-09-19 20:54:20]   [t8740 v2/6] SUCCESS (pred=dog) CTA=0.8343
[2026-09-19 20:55:57]   [t8740 v3/6] SUCCESS (pred=dog) CTA=0.8372
[2026-09-19 20:57:34]   [t8740 v4/6] SUCCESS (pred=dog) CTA=0.8352
[2026-09-19 20:59:10]   [t8740 v5/6] fail (pred=bird) CTA=0.8493
[2026-09-19 21:00:47]   [t8740 v6/6] fail (pred=bird) CTA=0.8399
[2026-09-19 21:00:47]   target 8740, 6 victims on this gpu: ASR=66.7% CTA=0.8386 +/- 0.0051
[2026-09-19 21:00:47] === target 5324 (3/8) ===
[2026-09-19 21:00:50]   target 5324: selector overhead 2.913 s, CUDA peak 2309.5 MiB (incremental 443.9 MiB)
[2026-09-19 21:04:50]   target 5324: crafted 100 poisons in 240 s, obj=0.22028, CUDA peak=3445.6 MiB (incremental 1578.1 MiB)
[2026-09-19 21:04:50]   target 5324: realized linf = 0.03137 (8.00/255), budget = 8.00/255
[2026-09-19 21:06:27]   [t5324 v1/6] fail (pred=truck) CTA=0.8368
[2026-09-19 21:08:03]   [t5324 v2/6] fail (pred=cat) CTA=0.8349
[2026-09-19 21:09:40]   [t5324 v3/6] fail (pred=horse) CTA=0.8378
[2026-09-19 21:11:17]   [t5324 v4/6] fail (pred=ship) CTA=0.8290
[2026-09-19 21:12:53]   [t5324 v5/6] fail (pred=ship) CTA=0.8427
[2026-09-19 21:14:30]   [t5324 v6/6] fail (pred=deer) CTA=0.8360
[2026-09-19 21:14:30]   target 5324, 6 victims on this gpu: ASR=0.0% CTA=0.8362 +/- 0.0041
[2026-09-19 21:14:30] === target 4630 (4/8) ===
[2026-09-19 21:14:33]   target 4630: selector overhead 2.913 s, CUDA peak 2309.5 MiB (incremental 443.9 MiB)
[2026-09-19 21:18:33]   target 4630: crafted 100 poisons in 240 s, obj=0.18865, CUDA peak=3445.6 MiB (incremental 1578.1 MiB)
[2026-09-19 21:18:33]   target 4630: realized linf = 0.03137 (8.00/255), budget = 8.00/255
[2026-09-19 21:20:09]   [t4630 v1/6] fail (pred=deer) CTA=0.8387
[2026-09-19 21:21:46]   [t4630 v2/6] SUCCESS (pred=dog) CTA=0.8371
[2026-09-19 21:23:23]   [t4630 v3/6] SUCCESS (pred=dog) CTA=0.8387
[2026-09-19 21:24:59]   [t4630 v4/6] fail (pred=cat) CTA=0.8421
[2026-09-19 21:26:36]   [t4630 v5/6] fail (pred=bird) CTA=0.8351
[2026-09-19 21:28:13]   [t4630 v6/6] fail (pred=bird) CTA=0.8383
[2026-09-19 21:28:13]   target 4630, 6 victims on this gpu: ASR=33.3% CTA=0.8383 +/- 0.0021
[2026-09-19 21:28:13] === target 833 (5/8) ===
[2026-09-19 21:28:15]   target 833: selector overhead 2.912 s, CUDA peak 2309.5 MiB (incremental 443.9 MiB)
[2026-09-19 21:32:15]   target 833: crafted 100 poisons in 240 s, obj=0.21130, CUDA peak=3445.6 MiB (incremental 1578.1 MiB)
[2026-09-19 21:32:15]   target 833: realized linf = 0.03137 (8.00/255), budget = 8.00/255
[2026-09-19 21:33:52]   [t833 v1/6] SUCCESS (pred=dog) CTA=0.8373
[2026-09-19 21:35:29]   [t833 v2/6] SUCCESS (pred=dog) CTA=0.8408
[2026-09-19 21:37:05]   [t833 v3/6] SUCCESS (pred=dog) CTA=0.8380
[2026-09-19 21:38:42]   [t833 v4/6] SUCCESS (pred=dog) CTA=0.8361
[2026-09-19 21:40:19]   [t833 v5/6] fail (pred=bird) CTA=0.8393
[2026-09-19 21:41:55]   [t833 v6/6] fail (pred=bird) CTA=0.8393
[2026-09-19 21:41:55]   target 833, 6 victims on this gpu: ASR=66.7% CTA=0.8385 +/- 0.0015
[2026-09-19 21:41:55] === target 2065 (6/8) ===
[2026-09-19 21:41:58]   target 2065: selector overhead 2.912 s, CUDA peak 2309.5 MiB (incremental 443.9 MiB)
[2026-09-19 21:45:58]   target 2065: crafted 100 poisons in 240 s, obj=0.19798, CUDA peak=3445.6 MiB (incremental 1578.1 MiB)
[2026-09-19 21:45:58]   target 2065: realized linf = 0.03137 (8.00/255), budget = 8.00/255
[2026-09-19 21:47:35]   [t2065 v1/6] SUCCESS (pred=dog) CTA=0.8333
[2026-09-19 21:49:12]   [t2065 v2/6] SUCCESS (pred=dog) CTA=0.8416
[2026-09-19 21:50:48]   [t2065 v3/6] SUCCESS (pred=dog) CTA=0.8344
[2026-09-19 21:52:25]   [t2065 v4/6] SUCCESS (pred=dog) CTA=0.8389
[2026-09-19 21:54:01]   [t2065 v5/6] SUCCESS (pred=dog) CTA=0.8405
[2026-09-19 21:55:38]   [t2065 v6/6] SUCCESS (pred=dog) CTA=0.8389
[2026-09-19 21:55:38]   target 2065, 6 victims on this gpu: ASR=100.0% CTA=0.8379 +/- 0.0031
[2026-09-19 21:55:38] === target 7056 (7/8) ===
[2026-09-19 21:55:41]   target 7056: selector overhead 2.918 s, CUDA peak 2309.5 MiB (incremental 443.9 MiB)
[2026-09-19 21:59:40]   target 7056: crafted 100 poisons in 239 s, obj=0.26973, CUDA peak=3445.6 MiB (incremental 1578.1 MiB)
[2026-09-19 21:59:40]   target 7056: realized linf = 0.03137 (8.00/255), budget = 8.00/255
[2026-09-19 22:01:16]   [t7056 v1/6] fail (pred=bird) CTA=0.8382
[2026-09-19 22:02:53]   [t7056 v2/6] fail (pred=bird) CTA=0.8359
[2026-09-19 22:04:30]   [t7056 v3/6] fail (pred=bird) CTA=0.8460
[2026-09-19 22:06:07]   [t7056 v4/6] fail (pred=bird) CTA=0.8432
[2026-09-19 22:07:43]   [t7056 v5/6] fail (pred=bird) CTA=0.8401
[2026-09-19 22:09:20]   [t7056 v6/6] fail (pred=bird) CTA=0.8310
[2026-09-19 22:09:20]   target 7056, 6 victims on this gpu: ASR=0.0% CTA=0.8391 +/- 0.0049
[2026-09-19 22:09:20] === target 9059 (8/8) ===
[2026-09-19 22:09:23]   target 9059: selector overhead 2.918 s, CUDA peak 2309.5 MiB (incremental 443.9 MiB)
[2026-09-19 22:13:22]   target 9059: crafted 100 poisons in 239 s, obj=0.23340, CUDA peak=3445.6 MiB (incremental 1578.1 MiB)
[2026-09-19 22:13:22]   target 9059: realized linf = 0.03137 (8.00/255), budget = 8.00/255
[2026-09-19 22:14:59]   [t9059 v1/6] fail (pred=bird) CTA=0.8311
[2026-09-19 22:16:36]   [t9059 v2/6] SUCCESS (pred=dog) CTA=0.8354
[2026-09-19 22:18:12]   [t9059 v3/6] SUCCESS (pred=dog) CTA=0.8401
[2026-09-19 22:19:49]   [t9059 v4/6] fail (pred=bird) CTA=0.8424
[2026-09-19 22:21:26]   [t9059 v5/6] SUCCESS (pred=dog) CTA=0.8409
[2026-09-19 22:23:02]   [t9059 v6/6] SUCCESS (pred=dog) CTA=0.8388
[2026-09-19 22:23:02]   target 9059, 6 victims on this gpu: ASR=66.7% CTA=0.8381 +/- 0.0038
[2026-09-19 22:23:02]   selector resources: 8 target(s), 23.4 total target-seconds, max CUDA allocated 2309.5 MiB (incremental 443.9 MiB)
[2026-09-19 22:23:02] ==== CIFAR10_ResNet20BN_sapa_ours_dog-bird_b0.002_eps8_seed42_lam10_cosine_norm_selarchVGG13BN_K20_worst0.05_ce5_tgt14 : ASR = 52.1% +/- 34.8% | CTA = 0.8382 (baseline 0.8354) ====
[2026-09-19 22:23:02]   target-prediction tally ['airplane', 'automobile', 'bird', 'cat', 'deer', 'dog', 'frog', 'horse', 'ship', 'truck']: [0, 0, 15, 2, 2, 25, 0, 1, 2, 1]
verified: 8 targets x 6 victims = 48 unique evaluations
sync: CIFAR10_ResNet20BN_sapa_ours_dog-bird_b0.002_eps8_seed42_lam10_cosine_norm_selarchVGG13BN_K20_worst0.05_ce5_tgt14 -> /home/mmoslem3/scratch/PoisonBase/green_rerun_8x6_lam10_cosnorm_20260919_result
sync: complete
