gpu: NVIDIA L40S
targets: 843 1257 8252 8730 8055 5859 8954 821 1547 4427
verified: 20 complete Gao metric shards
job: 970811 ifb07_loss_sapa_b0005_conv on rack14-01
config: selector=gao-loss attack=sapa budget=0.005 model=ConvNetBN K=20 dog-bird targets=10 victims=6 craft_steps=250 parts=1
partition: full (10 target(s), 6 victims each)
output: /home/mmoslem3/scratch/PoisonBase/influence_fus_baselines_result/CIFAR10_ConvNetBN_sapa_ours_dog-bird_b0.005_eps8_seed42_lam1_cosine_selgao-loss_ep10_K20_worst0.05_ce5_tgt70
warning: /usr/bin/time is unavailable; Python phase metrics remain enabled
[2026-09-17 11:27:58] === run start: CIFAR10_ConvNetBN_sapa_ours_dog-bird_b0.005_eps8_seed42_lam1_cosine_selgao-loss_ep10_K20_worst0.05_ce5_tgt70 on cuda [0] ===
[2026-09-17 11:27:58] args: {"FORCE": false, "attack": "sapa", "base": "ours", "base_dist": "cosine", "base_topr": null, "budget": 0.005, "cache_dir": "/tmp/PoisonBase_influence_fus/cache", "class_pair": "dog-bird", "clean_baseline": true, "craft_alpha": 0.0039216, "craft_aug": true, "craft_batch": 256, "craft_ensemble": 5, "craft_lowmem": false, "craft_schedule": false, "craft_steps": 250, "data_path": "/tmp/PoisonBase_influence_fus/data", "dataset": "CIFAR10", "distance_margin_coef": null, "dsa_strategy": "color_crop_cutout_flip_scale_rotate", "epsilon": 0.0313725, "fast_gradmatch": false, "fc_mode": "sample", "fc_restarts": 1, "fus_alpha": 0.5, "fus_iters": 10, "fus_proxy_restarts": 0, "fus_proxy_steps": 0, "fus_search_decay": [40], "fus_search_epochs": 50, "gpus": "all", "jacobian_batch_size": 64, "jacobian_weight": 1.0, "keep_pinned_targets": true, "lambda_margin": 1.0, "model": "ConvNetBN", "no_resume": false, "num_poisons": 500, "num_surrogates": 20, "num_targets": 10, "num_victims": 6, "out_dir": "/tmp/PoisonBase_influence_fus/influence_fus_baselines_result", "pair_order": "poison-target", "parallel_pretrain": true, "parallel_targets": true, "precompute_id": null, "precompute_only": false, "precompute_part": "both", "rank_on_victims": true, "recompute_deltas": false, "require_correct_target": false, "restarts": 8, "seed": 42, "sel_K": 20, "sel_alpha": 1.0, "sel_criterion": "gao-loss", "sel_dpp": false, "sel_filter": false, "sel_metric_epoch": 10, "sel_mmr": false, "sel_mode": null, "sel_model": null, "sel_mu": 1.0, "sel_pca": false, "sel_pool": 3.0, "selector_metric_dir": "/tmp/PoisonBase_influence_fus/cache/selector_metrics", "sharp_mode": "worst", "sharp_samples": 20, "sharp_sigma": 0.05, "steal_timeout": 7200.0, "surrogate_aug": false, "surrogate_bs": 128, "surrogate_decay": [35, 45], "surrogate_epochs": 60, "surrogate_lr": 0.1, "surrogate_wd": 0.0, "target_idx_file": "/tmp/PoisonBase_influence_fus/target_sets/ConvNetBN_gradmatch_dog-bird.json", "target_select": 70, "use_jacobian_score": false, "victim_aug": false, "victim_bs": 125, "victim_decay": [40], "victim_epochs": 50, "victim_lr": 0.1, "victim_model": null, "victim_wd": 0.0}
[2026-09-17 11:27:58] Jacobian score: disabled
[2026-09-17 11:27:58] Gao selector: gao-loss, epoch=10, K=20, shards=/tmp/PoisonBase_influence_fus/cache/selector_metrics/CIFAR10_ConvNetBN_60ep_select10_lr0.1_bs128_decay35-45_wd0_seed42/class5
[2026-09-17 11:27:58] N_total=50000 budget=0.005 -> N_p=250 poisons, y_adv=5(dog) target_class=2(bird)
[2026-09-17 11:27:58] === selection/crafting surrogates (20 x ConvNetBN, trained on the full real set) ===
[2026-09-17 11:27:58]   crafting on 5/20 surrogates
[2026-09-17 11:27:58] === clean victims (6 x ConvNetBN) ===
[2026-09-17 11:27:59]   clean baseline CTA = 0.8127 +/- 0.0074
[2026-09-17 11:27:59]   chosen 10 targets (file, fixed across victim architectures), p_adv range 0.0000..0.0000
[2026-09-17 11:27:59]   targets: [843, 1257, 8252, 8730, 8055, 5859, 8954, 821, 1547, 4427]
[2026-09-17 11:27:59] === target 843 (1/10) ===
[2026-09-17 11:27:59]   Gao selector gao-loss: K=20, score range selected 2.08139..10.4801
[2026-09-17 11:27:59]   target 843: selector overhead 0.067 s, CUDA peak 745.5 MiB (incremental 0.1 MiB)
[2026-09-17 11:31:59]   target 843: crafted 250 poisons in 240 s, obj=0.30257, CUDA peak=5065.5 MiB (incremental 4317.1 MiB)
[2026-09-17 11:31:59]   target 843: realized linf = 0.03137 (8.00/255), budget = 8.00/255
[2026-09-17 11:32:50]   [t843 v1/6] SUCCESS (pred=dog) CTA=0.8065
[2026-09-17 11:33:41]   [t843 v2/6] SUCCESS (pred=dog) CTA=0.8058
[2026-09-17 11:34:31]   [t843 v3/6] SUCCESS (pred=dog) CTA=0.8094
[2026-09-17 11:35:21]   [t843 v4/6] fail (pred=bird) CTA=0.8103
[2026-09-17 11:36:11]   [t843 v5/6] SUCCESS (pred=dog) CTA=0.7978
[2026-09-17 11:37:01]   [t843 v6/6] fail (pred=bird) CTA=0.7908
[2026-09-17 11:37:01]   target 843, 6 victims on this gpu: ASR=66.7% CTA=0.8034 +/- 0.0069
[2026-09-17 11:37:01] === target 1257 (2/10) ===
[2026-09-17 11:37:01]   Gao selector gao-loss: K=20, score range selected 2.08139..10.4801
[2026-09-17 11:37:01]   target 1257: selector overhead 0.013 s, CUDA peak 753.7 MiB (incremental 0.1 MiB)
[2026-09-17 11:41:00]   target 1257: crafted 250 poisons in 239 s, obj=0.25522, CUDA peak=5068.6 MiB (incremental 4312.0 MiB)
[2026-09-17 11:41:00]   target 1257: realized linf = 0.03137 (8.00/255), budget = 8.00/255
[2026-09-17 11:41:51]   [t1257 v1/6] fail (pred=bird) CTA=0.7997
[2026-09-17 11:42:41]   [t1257 v2/6] fail (pred=bird) CTA=0.8107
[2026-09-17 11:43:31]   [t1257 v3/6] SUCCESS (pred=dog) CTA=0.8178
[2026-09-17 11:44:21]   [t1257 v4/6] SUCCESS (pred=dog) CTA=0.8029
[2026-09-17 11:45:11]   [t1257 v5/6] SUCCESS (pred=dog) CTA=0.8001
[2026-09-17 11:46:01]   [t1257 v6/6] fail (pred=bird) CTA=0.7952
[2026-09-17 11:46:01]   target 1257, 6 victims on this gpu: ASR=50.0% CTA=0.8044 +/- 0.0076
[2026-09-17 11:46:01] === target 8252 (3/10) ===
[2026-09-17 11:46:01]   Gao selector gao-loss: K=20, score range selected 2.08139..10.4801
[2026-09-17 11:46:01]   target 8252: selector overhead 0.013 s, CUDA peak 753.7 MiB (incremental 0.1 MiB)
[2026-09-17 11:50:00]   target 8252: crafted 250 poisons in 239 s, obj=0.24125, CUDA peak=5069.6 MiB (incremental 4313.1 MiB)
[2026-09-17 11:50:00]   target 8252: realized linf = 0.03137 (8.00/255), budget = 8.00/255
[2026-09-17 11:50:51]   [t8252 v1/6] SUCCESS (pred=dog) CTA=0.8017
[2026-09-17 11:51:42]   [t8252 v2/6] SUCCESS (pred=dog) CTA=0.8132
[2026-09-17 11:52:32]   [t8252 v3/6] SUCCESS (pred=dog) CTA=0.8014
[2026-09-17 11:53:22]   [t8252 v4/6] SUCCESS (pred=dog) CTA=0.8020
[2026-09-17 11:54:12]   [t8252 v5/6] SUCCESS (pred=dog) CTA=0.8045
[2026-09-17 11:55:02]   [t8252 v6/6] SUCCESS (pred=dog) CTA=0.8139
[2026-09-17 11:55:02]   target 8252, 6 victims on this gpu: ASR=100.0% CTA=0.8061 +/- 0.0054
[2026-09-17 11:55:02] === target 8730 (4/10) ===
[2026-09-17 11:55:02]   Gao selector gao-loss: K=20, score range selected 2.08139..10.4801
[2026-09-17 11:55:02]   target 8730: selector overhead 0.013 s, CUDA peak 753.7 MiB (incremental 0.1 MiB)
[2026-09-17 11:59:01]   target 8730: crafted 250 poisons in 239 s, obj=0.25672, CUDA peak=5069.2 MiB (incremental 4312.7 MiB)
[2026-09-17 11:59:01]   target 8730: realized linf = 0.03137 (8.00/255), budget = 8.00/255
[2026-09-17 11:59:52]   [t8730 v1/6] SUCCESS (pred=dog) CTA=0.8009
[2026-09-17 12:00:42]   [t8730 v2/6] fail (pred=bird) CTA=0.8124
[2026-09-17 12:01:32]   [t8730 v3/6] SUCCESS (pred=dog) CTA=0.8164
[2026-09-17 12:02:22]   [t8730 v4/6] fail (pred=bird) CTA=0.8010
[2026-09-17 12:03:12]   [t8730 v5/6] SUCCESS (pred=dog) CTA=0.8055
[2026-09-17 12:04:02]   [t8730 v6/6] fail (pred=bird) CTA=0.8101
[2026-09-17 12:04:02]   target 8730, 6 victims on this gpu: ASR=50.0% CTA=0.8077 +/- 0.0058
[2026-09-17 12:04:02] === target 8055 (5/10) ===
[2026-09-17 12:04:02]   Gao selector gao-loss: K=20, score range selected 2.08139..10.4801
[2026-09-17 12:04:02]   target 8055: selector overhead 0.013 s, CUDA peak 753.7 MiB (incremental 0.1 MiB)
[2026-09-17 12:08:01]   target 8055: crafted 250 poisons in 239 s, obj=0.30960, CUDA peak=5069.2 MiB (incremental 4312.7 MiB)
[2026-09-17 12:08:01]   target 8055: realized linf = 0.03137 (8.00/255), budget = 8.00/255
[2026-09-17 12:08:52]   [t8055 v1/6] SUCCESS (pred=dog) CTA=0.8104
[2026-09-17 12:09:42]   [t8055 v2/6] SUCCESS (pred=dog) CTA=0.8024
[2026-09-17 12:10:32]   [t8055 v3/6] SUCCESS (pred=dog) CTA=0.8116
[2026-09-17 12:11:23]   [t8055 v4/6] fail (pred=bird) CTA=0.7924
[2026-09-17 12:12:13]   [t8055 v5/6] SUCCESS (pred=dog) CTA=0.8144
[2026-09-17 12:13:03]   [t8055 v6/6] SUCCESS (pred=dog) CTA=0.7994
[2026-09-17 12:13:03]   target 8055, 6 victims on this gpu: ASR=83.3% CTA=0.8051 +/- 0.0077
[2026-09-17 12:13:03] === target 5859 (6/10) ===
[2026-09-17 12:13:03]   Gao selector gao-loss: K=20, score range selected 2.08139..10.4801
[2026-09-17 12:13:03]   target 5859: selector overhead 0.013 s, CUDA peak 753.7 MiB (incremental 0.1 MiB)
[2026-09-17 12:17:02]   target 5859: crafted 250 poisons in 239 s, obj=0.26034, CUDA peak=5069.2 MiB (incremental 4312.7 MiB)
[2026-09-17 12:17:02]   target 5859: realized linf = 0.03137 (8.00/255), budget = 8.00/255
[2026-09-17 12:17:53]   [t5859 v1/6] SUCCESS (pred=dog) CTA=0.7981
[2026-09-17 12:18:43]   [t5859 v2/6] SUCCESS (pred=dog) CTA=0.8075
[2026-09-17 12:19:33]   [t5859 v3/6] SUCCESS (pred=dog) CTA=0.8095
[2026-09-17 12:20:23]   [t5859 v4/6] SUCCESS (pred=dog) CTA=0.8027
[2026-09-17 12:21:14]   [t5859 v5/6] SUCCESS (pred=dog) CTA=0.8130
[2026-09-17 12:22:04]   [t5859 v6/6] SUCCESS (pred=dog) CTA=0.8018
[2026-09-17 12:22:04]   target 5859, 6 victims on this gpu: ASR=100.0% CTA=0.8054 +/- 0.0050
[2026-09-17 12:22:04] === target 8954 (7/10) ===
[2026-09-17 12:22:04]   Gao selector gao-loss: K=20, score range selected 2.08139..10.4801
[2026-09-17 12:22:04]   target 8954: selector overhead 0.013 s, CUDA peak 753.7 MiB (incremental 0.1 MiB)
[2026-09-17 12:26:03]   target 8954: crafted 250 poisons in 239 s, obj=0.23001, CUDA peak=5069.2 MiB (incremental 4312.7 MiB)
[2026-09-17 12:26:03]   target 8954: realized linf = 0.03137 (8.00/255), budget = 8.00/255
[2026-09-17 12:26:54]   [t8954 v1/6] SUCCESS (pred=dog) CTA=0.8021
[2026-09-17 12:27:44]   [t8954 v2/6] SUCCESS (pred=dog) CTA=0.8065
[2026-09-17 12:28:34]   [t8954 v3/6] SUCCESS (pred=dog) CTA=0.8052
[2026-09-17 12:29:24]   [t8954 v4/6] SUCCESS (pred=dog) CTA=0.7944
[2026-09-17 12:30:14]   [t8954 v5/6] SUCCESS (pred=dog) CTA=0.8106
[2026-09-17 12:31:04]   [t8954 v6/6] SUCCESS (pred=dog) CTA=0.7971
[2026-09-17 12:31:04]   target 8954, 6 victims on this gpu: ASR=100.0% CTA=0.8027 +/- 0.0055
[2026-09-17 12:31:04] === target 821 (8/10) ===
[2026-09-17 12:31:04]   Gao selector gao-loss: K=20, score range selected 2.08139..10.4801
[2026-09-17 12:31:04]   target 821: selector overhead 0.013 s, CUDA peak 753.7 MiB (incremental 0.1 MiB)
[2026-09-17 12:35:03]   target 821: crafted 250 poisons in 239 s, obj=0.32667, CUDA peak=5069.2 MiB (incremental 4312.7 MiB)
[2026-09-17 12:35:03]   target 821: realized linf = 0.03137 (8.00/255), budget = 8.00/255
[2026-09-17 12:35:55]   [t821 v1/6] SUCCESS (pred=dog) CTA=0.8110
[2026-09-17 12:36:45]   [t821 v2/6] SUCCESS (pred=dog) CTA=0.8133
[2026-09-17 12:37:35]   [t821 v3/6] fail (pred=bird) CTA=0.8033
[2026-09-17 12:38:25]   [t821 v4/6] SUCCESS (pred=dog) CTA=0.8141
[2026-09-17 12:39:15]   [t821 v5/6] fail (pred=horse) CTA=0.8072
[2026-09-17 12:40:05]   [t821 v6/6] fail (pred=bird) CTA=0.8125
[2026-09-17 12:40:05]   target 821, 6 victims on this gpu: ASR=50.0% CTA=0.8102 +/- 0.0038
[2026-09-17 12:40:05] === target 1547 (9/10) ===
[2026-09-17 12:40:05]   Gao selector gao-loss: K=20, score range selected 2.08139..10.4801
[2026-09-17 12:40:05]   target 1547: selector overhead 0.013 s, CUDA peak 753.7 MiB (incremental 0.1 MiB)
[2026-09-17 12:44:04]   target 1547: crafted 250 poisons in 239 s, obj=0.38904, CUDA peak=5069.2 MiB (incremental 4312.7 MiB)
[2026-09-17 12:44:04]   target 1547: realized linf = 0.03137 (8.00/255), budget = 8.00/255
[2026-09-17 12:44:55]   [t1547 v1/6] fail (pred=bird) CTA=0.8110
[2026-09-17 12:45:46]   [t1547 v2/6] fail (pred=airplane) CTA=0.8109
[2026-09-17 12:46:36]   [t1547 v3/6] fail (pred=airplane) CTA=0.7741
[2026-09-17 12:47:26]   [t1547 v4/6] fail (pred=airplane) CTA=0.8109
[2026-09-17 12:48:16]   [t1547 v5/6] fail (pred=bird) CTA=0.8022
[2026-09-17 12:49:06]   [t1547 v6/6] fail (pred=airplane) CTA=0.8055
[2026-09-17 12:49:06]   target 1547, 6 victims on this gpu: ASR=0.0% CTA=0.8024 +/- 0.0131
[2026-09-17 12:49:06] === target 4427 (10/10) ===
[2026-09-17 12:49:06]   Gao selector gao-loss: K=20, score range selected 2.08139..10.4801
[2026-09-17 12:49:06]   target 4427: selector overhead 0.013 s, CUDA peak 753.7 MiB (incremental 0.1 MiB)
[2026-09-17 12:53:05]   target 4427: crafted 250 poisons in 239 s, obj=0.37562, CUDA peak=5069.2 MiB (incremental 4312.7 MiB)
[2026-09-17 12:53:05]   target 4427: realized linf = 0.03137 (8.00/255), budget = 8.00/255
[2026-09-17 12:53:56]   [t4427 v1/6] fail (pred=bird) CTA=0.8110
[2026-09-17 12:54:46]   [t4427 v2/6] SUCCESS (pred=dog) CTA=0.8082
[2026-09-17 12:55:36]   [t4427 v3/6] fail (pred=bird) CTA=0.8062
[2026-09-17 12:56:26]   [t4427 v4/6] fail (pred=bird) CTA=0.8074
[2026-09-17 12:57:16]   [t4427 v5/6] fail (pred=bird) CTA=0.8139
[2026-09-17 12:58:05]   [t4427 v6/6] fail (pred=bird) CTA=0.8065
[2026-09-17 12:58:05]   target 4427, 6 victims on this gpu: ASR=16.7% CTA=0.8089 +/- 0.0027
[2026-09-17 12:58:05]   selector resources: 10 target(s), 0.2 total target-seconds, max CUDA allocated 753.7 MiB (incremental 0.1 MiB)
[2026-09-17 12:58:05] ==== CIFAR10_ConvNetBN_sapa_ours_dog-bird_b0.005_eps8_seed42_lam1_cosine_selgao-loss_ep10_K20_worst0.05_ce5_tgt70 : ASR = 61.7% +/- 33.4% | CTA = 0.8056 (baseline 0.8127) ====
[2026-09-17 12:58:05]   target-prediction tally ['airplane', 'automobile', 'bird', 'cat', 'deer', 'dog', 'frog', 'horse', 'ship', 'truck']: [4, 0, 18, 0, 0, 37, 0, 1, 0, 0]
verified: 10 targets x 6 victims = 60 unique evaluations
