gpu: NVIDIA L40S
targets: 843 1257 8252 8730 8055 5859 8954 821 1547 4427
verified: 20 complete Gao metric shards
job: 970805 ifb01_loss_gm_b0002_conv on rack14-15
config: selector=gao-loss attack=gradmatch budget=0.002 model=ConvNetBN K=20 dog-bird targets=10 victims=6 craft_steps=250 parts=1
partition: full (10 target(s), 6 victims each)
output: /home/mmoslem3/scratch/PoisonBase/influence_fus_baselines_result/CIFAR10_ConvNetBN_gradmatch_ours_dog-bird_b0.002_eps8_seed42_lam1_cosine_selgao-loss_ep10_K20_ce5_tgt70
warning: /usr/bin/time is unavailable; Python phase metrics remain enabled
[2026-09-17 11:25:55] === run start: CIFAR10_ConvNetBN_gradmatch_ours_dog-bird_b0.002_eps8_seed42_lam1_cosine_selgao-loss_ep10_K20_ce5_tgt70 on cuda [0] ===
[2026-09-17 11:25:55] args: {"FORCE": false, "attack": "gradmatch", "base": "ours", "base_dist": "cosine", "base_topr": null, "budget": 0.002, "cache_dir": "/tmp/PoisonBase_influence_fus/cache", "class_pair": "dog-bird", "clean_baseline": true, "craft_alpha": 0.0039216, "craft_aug": true, "craft_batch": 256, "craft_ensemble": 5, "craft_lowmem": false, "craft_schedule": false, "craft_steps": 250, "data_path": "/tmp/PoisonBase_influence_fus/data", "dataset": "CIFAR10", "distance_margin_coef": null, "dsa_strategy": "color_crop_cutout_flip_scale_rotate", "epsilon": 0.0313725, "fast_gradmatch": false, "fc_mode": "sample", "fc_restarts": 1, "fus_alpha": 0.5, "fus_iters": 10, "fus_proxy_restarts": 0, "fus_proxy_steps": 0, "fus_search_decay": [40], "fus_search_epochs": 50, "gpus": "all", "jacobian_batch_size": 64, "jacobian_weight": 1.0, "keep_pinned_targets": true, "lambda_margin": 1.0, "model": "ConvNetBN", "no_resume": false, "num_poisons": 500, "num_surrogates": 20, "num_targets": 10, "num_victims": 6, "out_dir": "/tmp/PoisonBase_influence_fus/influence_fus_baselines_result", "pair_order": "poison-target", "parallel_pretrain": true, "parallel_targets": true, "precompute_id": null, "precompute_only": false, "precompute_part": "both", "rank_on_victims": true, "recompute_deltas": false, "require_correct_target": false, "restarts": 8, "seed": 42, "sel_K": 20, "sel_alpha": 1.0, "sel_criterion": "gao-loss", "sel_dpp": false, "sel_filter": false, "sel_metric_epoch": 10, "sel_mmr": false, "sel_mode": null, "sel_model": null, "sel_mu": 1.0, "sel_pca": false, "sel_pool": 3.0, "selector_metric_dir": "/tmp/PoisonBase_influence_fus/cache/selector_metrics", "sharp_mode": "worst", "sharp_samples": 20, "sharp_sigma": 0.05, "steal_timeout": 7200.0, "surrogate_aug": false, "surrogate_bs": 128, "surrogate_decay": [35, 45], "surrogate_epochs": 60, "surrogate_lr": 0.1, "surrogate_wd": 0.0, "target_idx_file": "/tmp/PoisonBase_influence_fus/target_sets/ConvNetBN_gradmatch_dog-bird.json", "target_select": 70, "use_jacobian_score": false, "victim_aug": false, "victim_bs": 125, "victim_decay": [40], "victim_epochs": 50, "victim_lr": 0.1, "victim_model": null, "victim_wd": 0.0}
[2026-09-17 11:25:55] Jacobian score: disabled
[2026-09-17 11:25:55] Gao selector: gao-loss, epoch=10, K=20, shards=/tmp/PoisonBase_influence_fus/cache/selector_metrics/CIFAR10_ConvNetBN_60ep_select10_lr0.1_bs128_decay35-45_wd0_seed42/class5
[2026-09-17 11:25:55] N_total=50000 budget=0.002 -> N_p=100 poisons, y_adv=5(dog) target_class=2(bird)
[2026-09-17 11:25:55] === selection/crafting surrogates (20 x ConvNetBN, trained on the full real set) ===
[2026-09-17 11:25:55]   crafting on 5/20 surrogates
[2026-09-17 11:25:55] === clean victims (6 x ConvNetBN) ===
[2026-09-17 11:25:56]   clean baseline CTA = 0.8127 +/- 0.0074
[2026-09-17 11:25:56]   chosen 10 targets (file, fixed across victim architectures), p_adv range 0.0000..0.0000
[2026-09-17 11:25:56]   targets: [843, 1257, 8252, 8730, 8055, 5859, 8954, 821, 1547, 4427]
[2026-09-17 11:25:56] === target 843 (1/10) ===
[2026-09-17 11:25:56]   Gao selector gao-loss: K=20, score range selected 2.88257..10.4801
[2026-09-17 11:25:56]   target 843: selector overhead 0.067 s, CUDA peak 745.5 MiB (incremental 0.1 MiB)
[2026-09-17 11:27:14]   target 843: crafted 100 poisons in 78 s, obj=0.32051, CUDA peak=2481.2 MiB (incremental 1734.6 MiB)
[2026-09-17 11:27:14]   target 843: realized linf = 0.03137 (8.00/255), budget = 8.00/255
[2026-09-17 11:28:05]   [t843 v1/6] SUCCESS (pred=dog) CTA=0.8086
[2026-09-17 11:28:55]   [t843 v2/6] SUCCESS (pred=dog) CTA=0.8110
[2026-09-17 11:29:45]   [t843 v3/6] SUCCESS (pred=dog) CTA=0.8002
[2026-09-17 11:30:35]   [t843 v4/6] SUCCESS (pred=dog) CTA=0.8137
[2026-09-17 11:31:25]   [t843 v5/6] fail (pred=bird) CTA=0.8016
[2026-09-17 11:32:15]   [t843 v6/6] fail (pred=bird) CTA=0.7944
[2026-09-17 11:32:15]   target 843, 6 victims on this gpu: ASR=66.7% CTA=0.8049 +/- 0.0067
[2026-09-17 11:32:15] === target 1257 (2/10) ===
[2026-09-17 11:32:15]   Gao selector gao-loss: K=20, score range selected 2.88257..10.4801
[2026-09-17 11:32:15]   target 1257: selector overhead 0.013 s, CUDA peak 753.7 MiB (incremental 0.1 MiB)
[2026-09-17 11:33:33]   target 1257: crafted 100 poisons in 78 s, obj=0.29102, CUDA peak=2486.7 MiB (incremental 1731.9 MiB)
[2026-09-17 11:33:33]   target 1257: realized linf = 0.03137 (8.00/255), budget = 8.00/255
[2026-09-17 11:34:25]   [t1257 v1/6] fail (pred=bird) CTA=0.8017
[2026-09-17 11:35:15]   [t1257 v2/6] fail (pred=bird) CTA=0.8152
[2026-09-17 11:36:05]   [t1257 v3/6] fail (pred=bird) CTA=0.8129
[2026-09-17 11:36:54]   [t1257 v4/6] fail (pred=bird) CTA=0.7997
[2026-09-17 11:37:44]   [t1257 v5/6] SUCCESS (pred=dog) CTA=0.8028
[2026-09-17 11:38:34]   [t1257 v6/6] fail (pred=bird) CTA=0.8036
[2026-09-17 11:38:34]   target 1257, 6 victims on this gpu: ASR=16.7% CTA=0.8060 +/- 0.0059
[2026-09-17 11:38:34] === target 8252 (3/10) ===
[2026-09-17 11:38:34]   Gao selector gao-loss: K=20, score range selected 2.88257..10.4801
[2026-09-17 11:38:34]   target 8252: selector overhead 0.013 s, CUDA peak 753.7 MiB (incremental 0.1 MiB)
[2026-09-17 11:39:52]   target 8252: crafted 100 poisons in 78 s, obj=0.27327, CUDA peak=2487.7 MiB (incremental 1732.9 MiB)
[2026-09-17 11:39:52]   target 8252: realized linf = 0.03137 (8.00/255), budget = 8.00/255
[2026-09-17 11:40:44]   [t8252 v1/6] SUCCESS (pred=dog) CTA=0.8041
[2026-09-17 11:41:33]   [t8252 v2/6] SUCCESS (pred=dog) CTA=0.8169
[2026-09-17 11:42:23]   [t8252 v3/6] fail (pred=cat) CTA=0.8042
[2026-09-17 11:43:13]   [t8252 v4/6] fail (pred=bird) CTA=0.7991
[2026-09-17 11:44:02]   [t8252 v5/6] fail (pred=cat) CTA=0.7962
[2026-09-17 11:44:52]   [t8252 v6/6] SUCCESS (pred=dog) CTA=0.8091
[2026-09-17 11:44:52]   target 8252, 6 victims on this gpu: ASR=50.0% CTA=0.8049 +/- 0.0067
[2026-09-17 11:44:52] === target 8730 (4/10) ===
[2026-09-17 11:44:52]   Gao selector gao-loss: K=20, score range selected 2.88257..10.4801
[2026-09-17 11:44:52]   target 8730: selector overhead 0.013 s, CUDA peak 753.7 MiB (incremental 0.1 MiB)
[2026-09-17 11:46:10]   target 8730: crafted 100 poisons in 78 s, obj=0.28622, CUDA peak=2487.9 MiB (incremental 1733.1 MiB)
[2026-09-17 11:46:10]   target 8730: realized linf = 0.03137 (8.00/255), budget = 8.00/255
[2026-09-17 11:47:01]   [t8730 v1/6] SUCCESS (pred=dog) CTA=0.8095
[2026-09-17 11:47:51]   [t8730 v2/6] fail (pred=bird) CTA=0.8103
[2026-09-17 11:48:41]   [t8730 v3/6] fail (pred=bird) CTA=0.8193
[2026-09-17 11:49:31]   [t8730 v4/6] fail (pred=bird) CTA=0.7988
[2026-09-17 11:50:21]   [t8730 v5/6] fail (pred=bird) CTA=0.7937
[2026-09-17 11:51:11]   [t8730 v6/6] fail (pred=bird) CTA=0.8117
[2026-09-17 11:51:11]   target 8730, 6 victims on this gpu: ASR=16.7% CTA=0.8072 +/- 0.0085
[2026-09-17 11:51:11] === target 8055 (5/10) ===
[2026-09-17 11:51:11]   Gao selector gao-loss: K=20, score range selected 2.88257..10.4801
[2026-09-17 11:51:11]   target 8055: selector overhead 0.013 s, CUDA peak 753.7 MiB (incremental 0.1 MiB)
[2026-09-17 11:52:28]   target 8055: crafted 100 poisons in 78 s, obj=0.33935, CUDA peak=2487.1 MiB (incremental 1732.4 MiB)
[2026-09-17 11:52:28]   target 8055: realized linf = 0.03137 (8.00/255), budget = 8.00/255
[2026-09-17 11:53:20]   [t8055 v1/6] fail (pred=bird) CTA=0.8076
[2026-09-17 11:54:10]   [t8055 v2/6] SUCCESS (pred=dog) CTA=0.8053
[2026-09-17 11:55:00]   [t8055 v3/6] fail (pred=bird) CTA=0.8110
[2026-09-17 11:55:49]   [t8055 v4/6] fail (pred=frog) CTA=0.7938
[2026-09-17 11:56:39]   [t8055 v5/6] fail (pred=bird) CTA=0.8171
[2026-09-17 11:57:29]   [t8055 v6/6] fail (pred=bird) CTA=0.8031
[2026-09-17 11:57:29]   target 8055, 6 victims on this gpu: ASR=16.7% CTA=0.8063 +/- 0.0072
[2026-09-17 11:57:29] === target 5859 (6/10) ===
[2026-09-17 11:57:29]   Gao selector gao-loss: K=20, score range selected 2.88257..10.4801
[2026-09-17 11:57:29]   target 5859: selector overhead 0.013 s, CUDA peak 753.7 MiB (incremental 0.1 MiB)
[2026-09-17 11:58:47]   target 5859: crafted 100 poisons in 78 s, obj=0.28532, CUDA peak=2487.7 MiB (incremental 1732.9 MiB)
[2026-09-17 11:58:47]   target 5859: realized linf = 0.03137 (8.00/255), budget = 8.00/255
[2026-09-17 11:59:38]   [t5859 v1/6] SUCCESS (pred=dog) CTA=0.8028
[2026-09-17 12:00:28]   [t5859 v2/6] SUCCESS (pred=dog) CTA=0.8042
[2026-09-17 12:01:18]   [t5859 v3/6] fail (pred=bird) CTA=0.8064
[2026-09-17 12:02:08]   [t5859 v4/6] fail (pred=bird) CTA=0.8012
[2026-09-17 12:02:58]   [t5859 v5/6] fail (pred=bird) CTA=0.8059
[2026-09-17 12:03:47]   [t5859 v6/6] SUCCESS (pred=dog) CTA=0.7956
[2026-09-17 12:03:47]   target 5859, 6 victims on this gpu: ASR=50.0% CTA=0.8027 +/- 0.0036
[2026-09-17 12:03:47] === target 8954 (7/10) ===
[2026-09-17 12:03:48]   Gao selector gao-loss: K=20, score range selected 2.88257..10.4801
[2026-09-17 12:03:48]   target 8954: selector overhead 0.013 s, CUDA peak 753.7 MiB (incremental 0.1 MiB)
[2026-09-17 12:05:05]   target 8954: crafted 100 poisons in 78 s, obj=0.27603, CUDA peak=2487.1 MiB (incremental 1732.4 MiB)
[2026-09-17 12:05:05]   target 8954: realized linf = 0.03137 (8.00/255), budget = 8.00/255
[2026-09-17 12:05:57]   [t8954 v1/6] fail (pred=bird) CTA=0.7988
[2026-09-17 12:06:47]   [t8954 v2/6] fail (pred=deer) CTA=0.8017
[2026-09-17 12:07:37]   [t8954 v3/6] fail (pred=bird) CTA=0.8033
[2026-09-17 12:08:26]   [t8954 v4/6] fail (pred=deer) CTA=0.7989
[2026-09-17 12:09:16]   [t8954 v5/6] SUCCESS (pred=dog) CTA=0.8107
[2026-09-17 12:10:06]   [t8954 v6/6] fail (pred=bird) CTA=0.7997
[2026-09-17 12:10:06]   target 8954, 6 victims on this gpu: ASR=16.7% CTA=0.8022 +/- 0.0041
[2026-09-17 12:10:06] === target 821 (8/10) ===
[2026-09-17 12:10:06]   Gao selector gao-loss: K=20, score range selected 2.88257..10.4801
[2026-09-17 12:10:06]   target 821: selector overhead 0.013 s, CUDA peak 753.7 MiB (incremental 0.1 MiB)
[2026-09-17 12:11:24]   target 821: crafted 100 poisons in 78 s, obj=0.35001, CUDA peak=2487.1 MiB (incremental 1732.4 MiB)
[2026-09-17 12:11:24]   target 821: realized linf = 0.03137 (8.00/255), budget = 8.00/255
[2026-09-17 12:12:16]   [t821 v1/6] SUCCESS (pred=dog) CTA=0.8103
[2026-09-17 12:13:05]   [t821 v2/6] SUCCESS (pred=dog) CTA=0.8148
[2026-09-17 12:13:55]   [t821 v3/6] fail (pred=bird) CTA=0.8019
[2026-09-17 12:14:45]   [t821 v4/6] fail (pred=bird) CTA=0.8029
[2026-09-17 12:15:35]   [t821 v5/6] fail (pred=bird) CTA=0.8064
[2026-09-17 12:16:24]   [t821 v6/6] fail (pred=bird) CTA=0.8135
[2026-09-17 12:16:24]   target 821, 6 victims on this gpu: ASR=33.3% CTA=0.8083 +/- 0.0050
[2026-09-17 12:16:24] === target 1547 (9/10) ===
[2026-09-17 12:16:24]   Gao selector gao-loss: K=20, score range selected 2.88257..10.4801
[2026-09-17 12:16:24]   target 1547: selector overhead 0.012 s, CUDA peak 753.7 MiB (incremental 0.1 MiB)
[2026-09-17 12:17:42]   target 1547: crafted 100 poisons in 78 s, obj=0.42570, CUDA peak=2487.1 MiB (incremental 1732.4 MiB)
[2026-09-17 12:17:42]   target 1547: realized linf = 0.03137 (8.00/255), budget = 8.00/255
[2026-09-17 12:18:34]   [t1547 v1/6] fail (pred=bird) CTA=0.8067
[2026-09-17 12:19:23]   [t1547 v2/6] fail (pred=airplane) CTA=0.8117
[2026-09-17 12:20:13]   [t1547 v3/6] fail (pred=bird) CTA=0.7653
[2026-09-17 12:21:03]   [t1547 v4/6] fail (pred=bird) CTA=0.8098
[2026-09-17 12:21:53]   [t1547 v5/6] fail (pred=airplane) CTA=0.8039
[2026-09-17 12:22:43]   [t1547 v6/6] fail (pred=bird) CTA=0.7984
[2026-09-17 12:22:43]   target 1547, 6 victims on this gpu: ASR=0.0% CTA=0.7993 +/- 0.0158
[2026-09-17 12:22:43] === target 4427 (10/10) ===
[2026-09-17 12:22:43]   Gao selector gao-loss: K=20, score range selected 2.88257..10.4801
[2026-09-17 12:22:43]   target 4427: selector overhead 0.013 s, CUDA peak 753.7 MiB (incremental 0.1 MiB)
[2026-09-17 12:24:01]   target 4427: crafted 100 poisons in 78 s, obj=0.40976, CUDA peak=2487.7 MiB (incremental 1732.9 MiB)
[2026-09-17 12:24:01]   target 4427: realized linf = 0.03137 (8.00/255), budget = 8.00/255
[2026-09-17 12:24:52]   [t4427 v1/6] fail (pred=bird) CTA=0.8158
[2026-09-17 12:25:42]   [t4427 v2/6] fail (pred=bird) CTA=0.8047
[2026-09-17 12:26:32]   [t4427 v3/6] fail (pred=bird) CTA=0.8116
[2026-09-17 12:27:21]   [t4427 v4/6] fail (pred=bird) CTA=0.8018
[2026-09-17 12:28:11]   [t4427 v5/6] fail (pred=bird) CTA=0.8110
[2026-09-17 12:29:01]   [t4427 v6/6] fail (pred=bird) CTA=0.8107
[2026-09-17 12:29:01]   target 4427, 6 victims on this gpu: ASR=0.0% CTA=0.8093 +/- 0.0047
[2026-09-17 12:29:01]   selector resources: 10 target(s), 0.2 total target-seconds, max CUDA allocated 753.7 MiB (incremental 0.1 MiB)
[2026-09-17 12:29:01] ==== CIFAR10_ConvNetBN_gradmatch_ours_dog-bird_b0.002_eps8_seed42_lam1_cosine_selgao-loss_ep10_K20_ce5_tgt70 : ASR = 26.7% +/- 21.3% | CTA = 0.8051 (baseline 0.8127) ====
[2026-09-17 12:29:01]   target-prediction tally ['airplane', 'automobile', 'bird', 'cat', 'deer', 'dog', 'frog', 'horse', 'ship', 'truck']: [2, 0, 37, 2, 2, 16, 1, 0, 0, 0]
verified: 10 targets x 6 victims = 60 unique evaluations
