gpu: NVIDIA L40S
targets: 843 1257 8252 8730 8055 5859 8954 821 1547 4427
verified: 20 complete Gao metric shards
job: 970817 ifb13_grad_sapa_b0002_conv on rack08-13
config: selector=gao-gradnorm attack=sapa budget=0.002 model=ConvNetBN K=20 dog-bird targets=10 victims=6 craft_steps=250 parts=1
partition: full (10 target(s), 6 victims each)
output: /home/mmoslem3/scratch/PoisonBase/influence_fus_baselines_result/CIFAR10_ConvNetBN_sapa_ours_dog-bird_b0.002_eps8_seed42_lam1_cosine_selgao-gradnorm_ep10_K20_worst0.05_ce5_tgt70
warning: /usr/bin/time is unavailable; Python phase metrics remain enabled
[2026-09-17 11:29:00] === run start: CIFAR10_ConvNetBN_sapa_ours_dog-bird_b0.002_eps8_seed42_lam1_cosine_selgao-gradnorm_ep10_K20_worst0.05_ce5_tgt70 on cuda [0] ===
[2026-09-17 11:29:00] args: {"FORCE": false, "attack": "sapa", "base": "ours", "base_dist": "cosine", "base_topr": null, "budget": 0.002, "cache_dir": "/tmp/PoisonBase_influence_fus/cache", "class_pair": "dog-bird", "clean_baseline": true, "craft_alpha": 0.0039216, "craft_aug": true, "craft_batch": 256, "craft_ensemble": 5, "craft_lowmem": false, "craft_schedule": false, "craft_steps": 250, "data_path": "/tmp/PoisonBase_influence_fus/data", "dataset": "CIFAR10", "distance_margin_coef": null, "dsa_strategy": "color_crop_cutout_flip_scale_rotate", "epsilon": 0.0313725, "fast_gradmatch": false, "fc_mode": "sample", "fc_restarts": 1, "fus_alpha": 0.5, "fus_iters": 10, "fus_proxy_restarts": 0, "fus_proxy_steps": 0, "fus_search_decay": [40], "fus_search_epochs": 50, "gpus": "all", "jacobian_batch_size": 64, "jacobian_weight": 1.0, "keep_pinned_targets": true, "lambda_margin": 1.0, "model": "ConvNetBN", "no_resume": false, "num_poisons": 500, "num_surrogates": 20, "num_targets": 10, "num_victims": 6, "out_dir": "/tmp/PoisonBase_influence_fus/influence_fus_baselines_result", "pair_order": "poison-target", "parallel_pretrain": true, "parallel_targets": true, "precompute_id": null, "precompute_only": false, "precompute_part": "both", "rank_on_victims": true, "recompute_deltas": false, "require_correct_target": false, "restarts": 8, "seed": 42, "sel_K": 20, "sel_alpha": 1.0, "sel_criterion": "gao-gradnorm", "sel_dpp": false, "sel_filter": false, "sel_metric_epoch": 10, "sel_mmr": false, "sel_mode": null, "sel_model": null, "sel_mu": 1.0, "sel_pca": false, "sel_pool": 3.0, "selector_metric_dir": "/tmp/PoisonBase_influence_fus/cache/selector_metrics", "sharp_mode": "worst", "sharp_samples": 20, "sharp_sigma": 0.05, "steal_timeout": 7200.0, "surrogate_aug": false, "surrogate_bs": 128, "surrogate_decay": [35, 45], "surrogate_epochs": 60, "surrogate_lr": 0.1, "surrogate_wd": 0.0, "target_idx_file": "/tmp/PoisonBase_influence_fus/target_sets/ConvNetBN_gradmatch_dog-bird.json", "target_select": 70, "use_jacobian_score": false, "victim_aug": false, "victim_bs": 125, "victim_decay": [40], "victim_epochs": 50, "victim_lr": 0.1, "victim_model": null, "victim_wd": 0.0}
[2026-09-17 11:29:00] Jacobian score: disabled
[2026-09-17 11:29:00] Gao selector: gao-gradnorm, epoch=10, K=20, shards=/tmp/PoisonBase_influence_fus/cache/selector_metrics/CIFAR10_ConvNetBN_60ep_select10_lr0.1_bs128_decay35-45_wd0_seed42/class5
[2026-09-17 11:29:00] N_total=50000 budget=0.002 -> N_p=100 poisons, y_adv=5(dog) target_class=2(bird)
[2026-09-17 11:29:00] === selection/crafting surrogates (20 x ConvNetBN, trained on the full real set) ===
[2026-09-17 11:29:00]   crafting on 5/20 surrogates
[2026-09-17 11:29:00] === clean victims (6 x ConvNetBN) ===
[2026-09-17 11:29:01]   clean baseline CTA = 0.8127 +/- 0.0074
[2026-09-17 11:29:01]   chosen 10 targets (file, fixed across victim architectures), p_adv range 0.0000..0.0000
[2026-09-17 11:29:01]   targets: [843, 1257, 8252, 8730, 8055, 5859, 8954, 821, 1547, 4427]
[2026-09-17 11:29:01] === target 843 (1/10) ===
[2026-09-17 11:29:01]   Gao selector gao-gradnorm: K=20, score range selected 25.7065..45.0994
[2026-09-17 11:29:01]   target 843: selector overhead 0.058 s, CUDA peak 745.5 MiB (incremental 0.1 MiB)
[2026-09-17 11:30:19]   target 843: crafted 100 poisons in 78 s, obj=0.33666, CUDA peak=2481.2 MiB (incremental 1734.6 MiB)
[2026-09-17 11:30:19]   target 843: realized linf = 0.03137 (8.00/255), budget = 8.00/255
[2026-09-17 11:31:10]   [t843 v1/6] SUCCESS (pred=dog) CTA=0.8113
[2026-09-17 11:32:00]   [t843 v2/6] fail (pred=bird) CTA=0.8045
[2026-09-17 11:32:50]   [t843 v3/6] fail (pred=bird) CTA=0.8084
[2026-09-17 11:33:40]   [t843 v4/6] fail (pred=bird) CTA=0.8126
[2026-09-17 11:34:30]   [t843 v5/6] SUCCESS (pred=dog) CTA=0.8020
[2026-09-17 11:35:20]   [t843 v6/6] fail (pred=bird) CTA=0.7870
[2026-09-17 11:35:20]   target 843, 6 victims on this gpu: ASR=33.3% CTA=0.8043 +/- 0.0086
[2026-09-17 11:35:20] === target 1257 (2/10) ===
[2026-09-17 11:35:20]   Gao selector gao-gradnorm: K=20, score range selected 25.7065..45.0994
[2026-09-17 11:35:20]   target 1257: selector overhead 0.015 s, CUDA peak 753.7 MiB (incremental 0.1 MiB)
[2026-09-17 11:36:38]   target 1257: crafted 100 poisons in 78 s, obj=0.30950, CUDA peak=2485.8 MiB (incremental 1731.1 MiB)
[2026-09-17 11:36:38]   target 1257: realized linf = 0.03137 (8.00/255), budget = 8.00/255
[2026-09-17 11:37:29]   [t1257 v1/6] fail (pred=bird) CTA=0.7991
[2026-09-17 11:38:19]   [t1257 v2/6] fail (pred=bird) CTA=0.8093
[2026-09-17 11:39:09]   [t1257 v3/6] fail (pred=bird) CTA=0.8164
[2026-09-17 11:39:59]   [t1257 v4/6] fail (pred=bird) CTA=0.7968
[2026-09-17 11:40:49]   [t1257 v5/6] fail (pred=bird) CTA=0.8020
[2026-09-17 11:41:39]   [t1257 v6/6] fail (pred=bird) CTA=0.7938
[2026-09-17 11:41:39]   target 1257, 6 victims on this gpu: ASR=0.0% CTA=0.8029 +/- 0.0077
[2026-09-17 11:41:39] === target 8252 (3/10) ===
[2026-09-17 11:41:39]   Gao selector gao-gradnorm: K=20, score range selected 25.7065..45.0994
[2026-09-17 11:41:39]   target 8252: selector overhead 0.014 s, CUDA peak 753.7 MiB (incremental 0.1 MiB)
[2026-09-17 11:42:56]   target 8252: crafted 100 poisons in 78 s, obj=0.28604, CUDA peak=2487.7 MiB (incremental 1732.9 MiB)
[2026-09-17 11:42:56]   target 8252: realized linf = 0.03137 (8.00/255), budget = 8.00/255
[2026-09-17 11:43:48]   [t8252 v1/6] fail (pred=bird) CTA=0.8022
[2026-09-17 11:44:38]   [t8252 v2/6] fail (pred=bird) CTA=0.8178
[2026-09-17 11:45:28]   [t8252 v3/6] SUCCESS (pred=dog) CTA=0.8036
[2026-09-17 11:46:17]   [t8252 v4/6] fail (pred=cat) CTA=0.7898
[2026-09-17 11:47:07]   [t8252 v5/6] fail (pred=cat) CTA=0.7885
[2026-09-17 11:47:57]   [t8252 v6/6] fail (pred=bird) CTA=0.8148
[2026-09-17 11:47:57]   target 8252, 6 victims on this gpu: ASR=16.7% CTA=0.8028 +/- 0.0111
[2026-09-17 11:47:57] === target 8730 (4/10) ===
[2026-09-17 11:47:57]   Gao selector gao-gradnorm: K=20, score range selected 25.7065..45.0994
[2026-09-17 11:47:57]   target 8730: selector overhead 0.014 s, CUDA peak 753.7 MiB (incremental 0.1 MiB)
[2026-09-17 11:49:14]   target 8730: crafted 100 poisons in 78 s, obj=0.28158, CUDA peak=2487.9 MiB (incremental 1733.1 MiB)
[2026-09-17 11:49:14]   target 8730: realized linf = 0.03137 (8.00/255), budget = 8.00/255
[2026-09-17 11:50:06]   [t8730 v1/6] fail (pred=bird) CTA=0.8070
[2026-09-17 11:50:56]   [t8730 v2/6] fail (pred=bird) CTA=0.8102
[2026-09-17 11:51:45]   [t8730 v3/6] fail (pred=bird) CTA=0.8172
[2026-09-17 11:52:35]   [t8730 v4/6] fail (pred=bird) CTA=0.7990
[2026-09-17 11:53:25]   [t8730 v5/6] fail (pred=bird) CTA=0.7967
[2026-09-17 11:54:14]   [t8730 v6/6] SUCCESS (pred=dog) CTA=0.8164
[2026-09-17 11:54:14]   target 8730, 6 victims on this gpu: ASR=16.7% CTA=0.8077 +/- 0.0078
[2026-09-17 11:54:14] === target 8055 (5/10) ===
[2026-09-17 11:54:14]   Gao selector gao-gradnorm: K=20, score range selected 25.7065..45.0994
[2026-09-17 11:54:14]   target 8055: selector overhead 0.014 s, CUDA peak 753.7 MiB (incremental 0.1 MiB)
[2026-09-17 11:55:32]   target 8055: crafted 100 poisons in 78 s, obj=0.36265, CUDA peak=2487.1 MiB (incremental 1732.4 MiB)
[2026-09-17 11:55:32]   target 8055: realized linf = 0.03137 (8.00/255), budget = 8.00/255
[2026-09-17 11:56:24]   [t8055 v1/6] fail (pred=bird) CTA=0.8066
[2026-09-17 11:57:14]   [t8055 v2/6] fail (pred=bird) CTA=0.8026
[2026-09-17 11:58:03]   [t8055 v3/6] fail (pred=bird) CTA=0.8111
[2026-09-17 11:58:53]   [t8055 v4/6] fail (pred=bird) CTA=0.7944
[2026-09-17 11:59:43]   [t8055 v5/6] fail (pred=bird) CTA=0.8152
[2026-09-17 12:00:33]   [t8055 v6/6] fail (pred=bird) CTA=0.7978
[2026-09-17 12:00:33]   target 8055, 6 victims on this gpu: ASR=0.0% CTA=0.8046 +/- 0.0072
[2026-09-17 12:00:33] === target 5859 (6/10) ===
[2026-09-17 12:00:33]   Gao selector gao-gradnorm: K=20, score range selected 25.7065..45.0994
[2026-09-17 12:00:33]   target 5859: selector overhead 0.014 s, CUDA peak 753.7 MiB (incremental 0.1 MiB)
[2026-09-17 12:01:50]   target 5859: crafted 100 poisons in 78 s, obj=0.29543, CUDA peak=2487.9 MiB (incremental 1733.1 MiB)
[2026-09-17 12:01:50]   target 5859: realized linf = 0.03137 (8.00/255), budget = 8.00/255
[2026-09-17 12:02:42]   [t5859 v1/6] fail (pred=bird) CTA=0.8013
[2026-09-17 12:03:32]   [t5859 v2/6] fail (pred=bird) CTA=0.8057
[2026-09-17 12:04:21]   [t5859 v3/6] fail (pred=bird) CTA=0.8043
[2026-09-17 12:05:11]   [t5859 v4/6] fail (pred=bird) CTA=0.8061
[2026-09-17 12:06:01]   [t5859 v5/6] fail (pred=bird) CTA=0.8104
[2026-09-17 12:06:51]   [t5859 v6/6] fail (pred=bird) CTA=0.7968
[2026-09-17 12:06:51]   target 5859, 6 victims on this gpu: ASR=0.0% CTA=0.8041 +/- 0.0042
[2026-09-17 12:06:51] === target 8954 (7/10) ===
[2026-09-17 12:06:51]   Gao selector gao-gradnorm: K=20, score range selected 25.7065..45.0994
[2026-09-17 12:06:51]   target 8954: selector overhead 0.014 s, CUDA peak 753.7 MiB (incremental 0.1 MiB)
[2026-09-17 12:08:08]   target 8954: crafted 100 poisons in 78 s, obj=0.34071, CUDA peak=2487.1 MiB (incremental 1732.4 MiB)
[2026-09-17 12:08:08]   target 8954: realized linf = 0.03137 (8.00/255), budget = 8.00/255
[2026-09-17 12:09:00]   [t8954 v1/6] fail (pred=bird) CTA=0.8014
[2026-09-17 12:09:50]   [t8954 v2/6] fail (pred=bird) CTA=0.8037
[2026-09-17 12:10:40]   [t8954 v3/6] fail (pred=bird) CTA=0.8021
[2026-09-17 12:11:29]   [t8954 v4/6] fail (pred=bird) CTA=0.7992
[2026-09-17 12:12:19]   [t8954 v5/6] fail (pred=bird) CTA=0.8083
[2026-09-17 12:13:08]   [t8954 v6/6] fail (pred=bird) CTA=0.7993
[2026-09-17 12:13:08]   target 8954, 6 victims on this gpu: ASR=0.0% CTA=0.8023 +/- 0.0031
[2026-09-17 12:13:08] === target 821 (8/10) ===
[2026-09-17 12:13:09]   Gao selector gao-gradnorm: K=20, score range selected 25.7065..45.0994
[2026-09-17 12:13:09]   target 821: selector overhead 0.014 s, CUDA peak 753.7 MiB (incremental 0.1 MiB)
[2026-09-17 12:14:26]   target 821: crafted 100 poisons in 78 s, obj=0.36317, CUDA peak=2487.1 MiB (incremental 1732.4 MiB)
[2026-09-17 12:14:26]   target 821: realized linf = 0.03137 (8.00/255), budget = 8.00/255
[2026-09-17 12:15:18]   [t821 v1/6] fail (pred=bird) CTA=0.8056
[2026-09-17 12:16:08]   [t821 v2/6] fail (pred=bird) CTA=0.8168
[2026-09-17 12:16:57]   [t821 v3/6] fail (pred=horse) CTA=0.8002
[2026-09-17 12:17:47]   [t821 v4/6] fail (pred=bird) CTA=0.8043
[2026-09-17 12:18:36]   [t821 v5/6] fail (pred=bird) CTA=0.8101
[2026-09-17 12:19:26]   [t821 v6/6] fail (pred=deer) CTA=0.8118
[2026-09-17 12:19:26]   target 821, 6 victims on this gpu: ASR=0.0% CTA=0.8081 +/- 0.0054
[2026-09-17 12:19:26] === target 1547 (9/10) ===
[2026-09-17 12:19:26]   Gao selector gao-gradnorm: K=20, score range selected 25.7065..45.0994
[2026-09-17 12:19:26]   target 1547: selector overhead 0.014 s, CUDA peak 753.7 MiB (incremental 0.1 MiB)
[2026-09-17 12:20:44]   target 1547: crafted 100 poisons in 78 s, obj=0.44378, CUDA peak=2487.1 MiB (incremental 1732.4 MiB)
[2026-09-17 12:20:44]   target 1547: realized linf = 0.03137 (8.00/255), budget = 8.00/255
[2026-09-17 12:21:36]   [t1547 v1/6] fail (pred=bird) CTA=0.8117
[2026-09-17 12:22:25]   [t1547 v2/6] fail (pred=bird) CTA=0.8060
[2026-09-17 12:23:15]   [t1547 v3/6] fail (pred=bird) CTA=0.7675
[2026-09-17 12:24:05]   [t1547 v4/6] fail (pred=airplane) CTA=0.8042
[2026-09-17 12:24:54]   [t1547 v5/6] fail (pred=bird) CTA=0.8058
[2026-09-17 12:25:44]   [t1547 v6/6] fail (pred=airplane) CTA=0.8022
[2026-09-17 12:25:44]   target 1547, 6 victims on this gpu: ASR=0.0% CTA=0.7996 +/- 0.0146
[2026-09-17 12:25:44] === target 4427 (10/10) ===
[2026-09-17 12:25:44]   Gao selector gao-gradnorm: K=20, score range selected 25.7065..45.0994
[2026-09-17 12:25:44]   target 4427: selector overhead 0.014 s, CUDA peak 753.7 MiB (incremental 0.1 MiB)
[2026-09-17 12:27:02]   target 4427: crafted 100 poisons in 78 s, obj=0.42750, CUDA peak=2487.7 MiB (incremental 1732.9 MiB)
[2026-09-17 12:27:02]   target 4427: realized linf = 0.03137 (8.00/255), budget = 8.00/255
[2026-09-17 12:27:54]   [t4427 v1/6] fail (pred=bird) CTA=0.8084
[2026-09-17 12:28:43]   [t4427 v2/6] fail (pred=bird) CTA=0.8116
[2026-09-17 12:29:33]   [t4427 v3/6] fail (pred=bird) CTA=0.8043
[2026-09-17 12:30:23]   [t4427 v4/6] fail (pred=bird) CTA=0.7926
[2026-09-17 12:31:12]   [t4427 v5/6] fail (pred=bird) CTA=0.8091
[2026-09-17 12:32:02]   [t4427 v6/6] fail (pred=bird) CTA=0.8064
[2026-09-17 12:32:02]   target 4427, 6 victims on this gpu: ASR=0.0% CTA=0.8054 +/- 0.0062
[2026-09-17 12:32:02]   selector resources: 10 target(s), 0.2 total target-seconds, max CUDA allocated 753.7 MiB (incremental 0.1 MiB)
[2026-09-17 12:32:02] ==== CIFAR10_ConvNetBN_sapa_ours_dog-bird_b0.002_eps8_seed42_lam1_cosine_selgao-gradnorm_ep10_K20_worst0.05_ce5_tgt70 : ASR = 6.7% +/- 11.1% | CTA = 0.8042 (baseline 0.8127) ====
[2026-09-17 12:32:02]   target-prediction tally ['airplane', 'automobile', 'bird', 'cat', 'deer', 'dog', 'frog', 'horse', 'ship', 'truck']: [2, 0, 50, 2, 1, 4, 0, 1, 0, 0]
verified: 10 targets x 6 victims = 60 unique evaluations
