gpu: NVIDIA L40S
targets: 843 1257 8252 8730 8055 5859 8954 821 1547 4427
verified: 20 complete Gao metric shards
job: 970815 ifb11_grad_gm_b0005_conv on rack08-13
config: selector=gao-gradnorm attack=gradmatch budget=0.005 model=ConvNetBN K=20 dog-bird targets=10 victims=6 craft_steps=250 parts=1
partition: full (10 target(s), 6 victims each)
output: /home/mmoslem3/scratch/PoisonBase/influence_fus_baselines_result/CIFAR10_ConvNetBN_gradmatch_ours_dog-bird_b0.005_eps8_seed42_lam1_cosine_selgao-gradnorm_ep10_K20_ce5_tgt70
warning: /usr/bin/time is unavailable; Python phase metrics remain enabled
[2026-09-17 11:29:00] === run start: CIFAR10_ConvNetBN_gradmatch_ours_dog-bird_b0.005_eps8_seed42_lam1_cosine_selgao-gradnorm_ep10_K20_ce5_tgt70 on cuda [0] ===
[2026-09-17 11:29:00] args: {"FORCE": false, "attack": "gradmatch", "base": "ours", "base_dist": "cosine", "base_topr": null, "budget": 0.005, "cache_dir": "/tmp/PoisonBase_influence_fus/cache", "class_pair": "dog-bird", "clean_baseline": true, "craft_alpha": 0.0039216, "craft_aug": true, "craft_batch": 256, "craft_ensemble": 5, "craft_lowmem": false, "craft_schedule": false, "craft_steps": 250, "data_path": "/tmp/PoisonBase_influence_fus/data", "dataset": "CIFAR10", "distance_margin_coef": null, "dsa_strategy": "color_crop_cutout_flip_scale_rotate", "epsilon": 0.0313725, "fast_gradmatch": false, "fc_mode": "sample", "fc_restarts": 1, "fus_alpha": 0.5, "fus_iters": 10, "fus_proxy_restarts": 0, "fus_proxy_steps": 0, "fus_search_decay": [40], "fus_search_epochs": 50, "gpus": "all", "jacobian_batch_size": 64, "jacobian_weight": 1.0, "keep_pinned_targets": true, "lambda_margin": 1.0, "model": "ConvNetBN", "no_resume": false, "num_poisons": 500, "num_surrogates": 20, "num_targets": 10, "num_victims": 6, "out_dir": "/tmp/PoisonBase_influence_fus/influence_fus_baselines_result", "pair_order": "poison-target", "parallel_pretrain": true, "parallel_targets": true, "precompute_id": null, "precompute_only": false, "precompute_part": "both", "rank_on_victims": true, "recompute_deltas": false, "require_correct_target": false, "restarts": 8, "seed": 42, "sel_K": 20, "sel_alpha": 1.0, "sel_criterion": "gao-gradnorm", "sel_dpp": false, "sel_filter": false, "sel_metric_epoch": 10, "sel_mmr": false, "sel_mode": null, "sel_model": null, "sel_mu": 1.0, "sel_pca": false, "sel_pool": 3.0, "selector_metric_dir": "/tmp/PoisonBase_influence_fus/cache/selector_metrics", "sharp_mode": "worst", "sharp_samples": 20, "sharp_sigma": 0.05, "steal_timeout": 7200.0, "surrogate_aug": false, "surrogate_bs": 128, "surrogate_decay": [35, 45], "surrogate_epochs": 60, "surrogate_lr": 0.1, "surrogate_wd": 0.0, "target_idx_file": "/tmp/PoisonBase_influence_fus/target_sets/ConvNetBN_gradmatch_dog-bird.json", "target_select": 70, "use_jacobian_score": false, "victim_aug": false, "victim_bs": 125, "victim_decay": [40], "victim_epochs": 50, "victim_lr": 0.1, "victim_model": null, "victim_wd": 0.0}
[2026-09-17 11:29:00] Jacobian score: disabled
[2026-09-17 11:29:00] Gao selector: gao-gradnorm, epoch=10, K=20, shards=/tmp/PoisonBase_influence_fus/cache/selector_metrics/CIFAR10_ConvNetBN_60ep_select10_lr0.1_bs128_decay35-45_wd0_seed42/class5
[2026-09-17 11:29:00] N_total=50000 budget=0.005 -> N_p=250 poisons, y_adv=5(dog) target_class=2(bird)
[2026-09-17 11:29:00] === selection/crafting surrogates (20 x ConvNetBN, trained on the full real set) ===
[2026-09-17 11:29:00]   crafting on 5/20 surrogates
[2026-09-17 11:29:00] === clean victims (6 x ConvNetBN) ===
[2026-09-17 11:29:01]   clean baseline CTA = 0.8127 +/- 0.0074
[2026-09-17 11:29:01]   chosen 10 targets (file, fixed across victim architectures), p_adv range 0.0000..0.0000
[2026-09-17 11:29:01]   targets: [843, 1257, 8252, 8730, 8055, 5859, 8954, 821, 1547, 4427]
[2026-09-17 11:29:01] === target 843 (1/10) ===
[2026-09-17 11:29:01]   Gao selector gao-gradnorm: K=20, score range selected 21.3722..45.0994
[2026-09-17 11:29:01]   target 843: selector overhead 0.066 s, CUDA peak 745.5 MiB (incremental 0.1 MiB)
[2026-09-17 11:33:00]   target 843: crafted 250 poisons in 239 s, obj=0.31316, CUDA peak=5065.8 MiB (incremental 4317.4 MiB)
[2026-09-17 11:33:00]   target 843: realized linf = 0.03137 (8.00/255), budget = 8.00/255
[2026-09-17 11:33:51]   [t843 v1/6] SUCCESS (pred=dog) CTA=0.8101
[2026-09-17 11:34:41]   [t843 v2/6] SUCCESS (pred=dog) CTA=0.8045
[2026-09-17 11:35:31]   [t843 v3/6] fail (pred=bird) CTA=0.8084
[2026-09-17 11:36:21]   [t843 v4/6] fail (pred=frog) CTA=0.8071
[2026-09-17 11:37:11]   [t843 v5/6] SUCCESS (pred=dog) CTA=0.8012
[2026-09-17 11:38:02]   [t843 v6/6] fail (pred=bird) CTA=0.7854
[2026-09-17 11:38:02]   target 843, 6 victims on this gpu: ASR=50.0% CTA=0.8028 +/- 0.0083
[2026-09-17 11:38:02] === target 1257 (2/10) ===
[2026-09-17 11:38:02]   Gao selector gao-gradnorm: K=20, score range selected 21.3722..45.0994
[2026-09-17 11:38:02]   target 1257: selector overhead 0.014 s, CUDA peak 753.7 MiB (incremental 0.1 MiB)
[2026-09-17 11:42:00]   target 1257: crafted 250 poisons in 238 s, obj=0.26335, CUDA peak=5068.5 MiB (incremental 4312.0 MiB)
[2026-09-17 11:42:00]   target 1257: realized linf = 0.03137 (8.00/255), budget = 8.00/255
[2026-09-17 11:42:51]   [t1257 v1/6] SUCCESS (pred=dog) CTA=0.7973
[2026-09-17 11:43:41]   [t1257 v2/6] SUCCESS (pred=dog) CTA=0.8098
[2026-09-17 11:44:31]   [t1257 v3/6] fail (pred=bird) CTA=0.8207
[2026-09-17 11:45:20]   [t1257 v4/6] fail (pred=bird) CTA=0.8032
[2026-09-17 11:46:10]   [t1257 v5/6] SUCCESS (pred=dog) CTA=0.7991
[2026-09-17 11:47:00]   [t1257 v6/6] SUCCESS (pred=dog) CTA=0.7993
[2026-09-17 11:47:00]   target 1257, 6 victims on this gpu: ASR=66.7% CTA=0.8049 +/- 0.0082
[2026-09-17 11:47:00] === target 8252 (3/10) ===
[2026-09-17 11:47:00]   Gao selector gao-gradnorm: K=20, score range selected 21.3722..45.0994
[2026-09-17 11:47:00]   target 8252: selector overhead 0.014 s, CUDA peak 753.7 MiB (incremental 0.1 MiB)
[2026-09-17 11:50:58]   target 8252: crafted 250 poisons in 238 s, obj=0.25405, CUDA peak=5068.2 MiB (incremental 4311.7 MiB)
[2026-09-17 11:50:58]   target 8252: realized linf = 0.03137 (8.00/255), budget = 8.00/255
[2026-09-17 11:51:49]   [t8252 v1/6] fail (pred=bird) CTA=0.8016
[2026-09-17 11:52:39]   [t8252 v2/6] SUCCESS (pred=dog) CTA=0.8140
[2026-09-17 11:53:29]   [t8252 v3/6] SUCCESS (pred=dog) CTA=0.8072
[2026-09-17 11:54:19]   [t8252 v4/6] SUCCESS (pred=dog) CTA=0.7982
[2026-09-17 11:55:09]   [t8252 v5/6] SUCCESS (pred=dog) CTA=0.7911
[2026-09-17 11:55:58]   [t8252 v6/6] SUCCESS (pred=dog) CTA=0.8108
[2026-09-17 11:55:58]   target 8252, 6 victims on this gpu: ASR=83.3% CTA=0.8038 +/- 0.0078
[2026-09-17 11:55:58] === target 8730 (4/10) ===
[2026-09-17 11:55:58]   Gao selector gao-gradnorm: K=20, score range selected 21.3722..45.0994
[2026-09-17 11:55:58]   target 8730: selector overhead 0.014 s, CUDA peak 753.7 MiB (incremental 0.1 MiB)
[2026-09-17 11:59:57]   target 8730: crafted 250 poisons in 238 s, obj=0.24689, CUDA peak=5068.2 MiB (incremental 4311.7 MiB)
[2026-09-17 11:59:57]   target 8730: realized linf = 0.03137 (8.00/255), budget = 8.00/255
[2026-09-17 12:00:48]   [t8730 v1/6] fail (pred=bird) CTA=0.8163
[2026-09-17 12:01:37]   [t8730 v2/6] fail (pred=bird) CTA=0.8152
[2026-09-17 12:02:27]   [t8730 v3/6] fail (pred=bird) CTA=0.8138
[2026-09-17 12:03:17]   [t8730 v4/6] fail (pred=bird) CTA=0.8041
[2026-09-17 12:04:07]   [t8730 v5/6] fail (pred=bird) CTA=0.8011
[2026-09-17 12:04:57]   [t8730 v6/6] fail (pred=bird) CTA=0.8053
[2026-09-17 12:04:57]   target 8730, 6 victims on this gpu: ASR=0.0% CTA=0.8093 +/- 0.0060
[2026-09-17 12:04:57] === target 8055 (5/10) ===
[2026-09-17 12:04:57]   Gao selector gao-gradnorm: K=20, score range selected 21.3722..45.0994
[2026-09-17 12:04:57]   target 8055: selector overhead 0.014 s, CUDA peak 753.7 MiB (incremental 0.1 MiB)
[2026-09-17 12:08:55]   target 8055: crafted 250 poisons in 238 s, obj=0.31799, CUDA peak=5068.2 MiB (incremental 4311.7 MiB)
[2026-09-17 12:08:55]   target 8055: realized linf = 0.03137 (8.00/255), budget = 8.00/255
