gpu: NVIDIA L40S
targets: 843 1257 8252 8730 8055 5859 8954 821 1547 4427
targets: 843 1257 8252
job: 971148 ifb29_fus_sapa_b0002_conv on rack01-06
config: selector=fus attack=sapa budget=0.002 model=ConvNetBN K=20 dog-bird targets=10 victims=6 craft_steps=250 parts=4
partition: part_1_of_4 (3 target(s), 6 victims each)
output: /home/mmoslem3/scratch/PoisonBase/influence_fus_baselines_result/CIFAR10_ConvNetBN_sapa_ours_dog-bird_b0.002_eps8_seed42_lam1_cosine_selfus_i10_a0.5_e50_ps0_pr0_K20_worst0.05_ce5_tgt70/parts/part_1_of_4
warning: /usr/bin/time is unavailable; Python phase metrics remain enabled
[2026-09-17 11:38:50] === run start: CIFAR10_ConvNetBN_sapa_ours_dog-bird_b0.002_eps8_seed42_lam1_cosine_selfus_i10_a0.5_e50_ps0_pr0_K20_worst0.05_ce5_tgt70 on cuda [0] ===
[2026-09-17 11:38:50] args: {"FORCE": false, "attack": "sapa", "base": "ours", "base_dist": "cosine", "base_topr": null, "budget": 0.002, "cache_dir": "/tmp/PoisonBase_influence_fus/cache", "class_pair": "dog-bird", "clean_baseline": true, "craft_alpha": 0.0039216, "craft_aug": true, "craft_batch": 256, "craft_ensemble": 5, "craft_lowmem": false, "craft_schedule": false, "craft_steps": 250, "data_path": "/tmp/PoisonBase_influence_fus/data", "dataset": "CIFAR10", "distance_margin_coef": null, "dsa_strategy": "color_crop_cutout_flip_scale_rotate", "epsilon": 0.0313725, "fast_gradmatch": false, "fc_mode": "sample", "fc_restarts": 1, "fus_alpha": 0.5, "fus_iters": 10, "fus_proxy_restarts": 0, "fus_proxy_steps": 0, "fus_search_decay": [40], "fus_search_epochs": 50, "gpus": "all", "jacobian_batch_size": 64, "jacobian_weight": 1.0, "keep_pinned_targets": true, "lambda_margin": 1.0, "model": "ConvNetBN", "no_resume": false, "num_poisons": 500, "num_surrogates": 20, "num_targets": 3, "num_victims": 6, "out_dir": "/tmp/PoisonBase_influence_fus/influence_fus_baselines_result/part_1_of_4", "pair_order": "poison-target", "parallel_pretrain": true, "parallel_targets": true, "precompute_id": null, "precompute_only": false, "precompute_part": "both", "rank_on_victims": true, "recompute_deltas": false, "require_correct_target": false, "restarts": 8, "seed": 42, "sel_K": 20, "sel_alpha": 1.0, "sel_criterion": "fus", "sel_dpp": false, "sel_filter": false, "sel_metric_epoch": 10, "sel_mmr": false, "sel_mode": null, "sel_model": null, "sel_mu": 1.0, "sel_pca": false, "sel_pool": 3.0, "selector_metric_dir": "/tmp/PoisonBase_influence_fus/cache/selector_metrics", "sharp_mode": "worst", "sharp_samples": 20, "sharp_sigma": 0.05, "steal_timeout": 7200.0, "surrogate_aug": false, "surrogate_bs": 128, "surrogate_decay": [35, 45], "surrogate_epochs": 60, "surrogate_lr": 0.1, "surrogate_wd": 0.0, "target_idx_file": "/tmp/PoisonBase_influence_fus/target_sets/ConvNetBN_gradmatch_dog-bird_part_1_of_4.json", "target_select": 70, "use_jacobian_score": false, "victim_aug": false, "victim_bs": 125, "victim_decay": [40], "victim_epochs": 50, "victim_lr": 0.1, "victim_model": null, "victim_wd": 0.0}
[2026-09-17 11:38:50] Jacobian score: disabled
[2026-09-17 11:38:50] Adapted FUS selector: iterations=10 alpha=0.5 search_epochs=50 proxy_steps=250 proxy_restarts=8
[2026-09-17 11:38:50] N_total=50000 budget=0.002 -> N_p=100 poisons, y_adv=5(dog) target_class=2(bird)
[2026-09-17 11:38:50] === selection/crafting surrogates (20 x ConvNetBN, trained on the full real set) ===
[2026-09-17 11:38:50]   crafting on 5/20 surrogates
[2026-09-17 11:38:50] === clean victims (6 x ConvNetBN) ===
[2026-09-17 11:38:51]   clean baseline CTA = 0.8127 +/- 0.0074
[2026-09-17 11:38:52]   chosen 3 targets (file, fixed across victim architectures), p_adv range 0.0000..0.0000
[2026-09-17 11:38:52]   targets: [843, 1257, 8252]
[2026-09-17 11:38:52] === target 843 (1/3) ===
[2026-09-17 11:38:52]   adapted FUS: iterations=10 alpha=0.5 keep=50/100 search_epochs=50 proxy_steps=250 proxy_restarts=8
[2026-09-17 11:41:08]   adapted FUS target 843 iteration 1/10: objective=0.378644, forgetting min/mean/max=0/1.140/7, retained=50, refreshed=50
[2026-09-17 11:43:24]   adapted FUS target 843 iteration 2/10: objective=0.360877, forgetting min/mean/max=0/2.180/9, retained=50, refreshed=50
[2026-09-17 11:45:40]   adapted FUS target 843 iteration 3/10: objective=0.360177, forgetting min/mean/max=0/2.060/10, retained=50, refreshed=50
[2026-09-17 11:47:56]   adapted FUS target 843 iteration 4/10: objective=0.348545, forgetting min/mean/max=0/1.580/7, retained=50, refreshed=50
[2026-09-17 11:50:13]   adapted FUS target 843 iteration 5/10: objective=0.34655, forgetting min/mean/max=0/1.130/7, retained=50, refreshed=50
[2026-09-17 11:52:29]   adapted FUS target 843 iteration 6/10: objective=0.354216, forgetting min/mean/max=0/1.430/8, retained=50, refreshed=50
[2026-09-17 11:54:45]   adapted FUS target 843 iteration 7/10: objective=0.347305, forgetting min/mean/max=0/2.000/8, retained=50, refreshed=50
[2026-09-17 11:57:01]   adapted FUS target 843 iteration 8/10: objective=0.35112, forgetting min/mean/max=0/1.790/6, retained=50, refreshed=50
[2026-09-17 11:59:18]   adapted FUS target 843 iteration 9/10: objective=0.351811, forgetting min/mean/max=0/2.890/10, retained=50, refreshed=50
[2026-09-17 12:01:34]   adapted FUS target 843 iteration 10/10: objective=0.353349, forgetting min/mean/max=0/1.810/7, retained=50, refreshed=50
[2026-09-17 12:01:34]   target 843: selector overhead 1362.368 s, CUDA peak 2488.9 MiB (incremental 1743.4 MiB)
[2026-09-17 12:02:52]   target 843: crafted 100 poisons in 78 s, obj=0.35565, CUDA peak=2487.3 MiB (incremental 1732.5 MiB)
[2026-09-17 12:02:52]   target 843: realized linf = 0.03137 (8.00/255), budget = 8.00/255
[2026-09-17 12:03:44]   [t843 v1/6] fail (pred=bird) CTA=0.8138
[2026-09-17 12:04:34]   [t843 v2/6] SUCCESS (pred=dog) CTA=0.8051
[2026-09-17 12:05:24]   [t843 v3/6] SUCCESS (pred=dog) CTA=0.8077
[2026-09-17 12:06:14]   [t843 v4/6] fail (pred=bird) CTA=0.8120
[2026-09-17 12:07:04]   [t843 v5/6] fail (pred=bird) CTA=0.7987
[2026-09-17 12:07:54]   [t843 v6/6] fail (pred=bird) CTA=0.7898
[2026-09-17 12:07:54]   target 843, 6 victims on this gpu: ASR=33.3% CTA=0.8045 +/- 0.0082
[2026-09-17 12:07:54] === target 1257 (2/3) ===
[2026-09-17 12:07:54]   adapted FUS: iterations=10 alpha=0.5 keep=50/100 search_epochs=50 proxy_steps=250 proxy_restarts=8
