stage: optional directory absent: /home/mmoslem3/scratch/PoisonBase/ours_result/CIFAR10_ConvNetBN_gradmatch_ours_dog-bird_b0.001_eps8_seed42_lam1000_cosine_ce5_tgt70
job: 858610 marginwpb_006_convnet_gm_db_b0001_c1000 on rack08-12
work: /tmp/attack_if
config: LAMBDA_MARGIN=1000 USE_JACOBIAN_SCORE=0 MODEL=ConvNetBN ATTACK=gradmatch CLASS_PAIR=dog-bird BUDGETS=0.001 SELECT=ours NUM_TARGETS=6 NUM_VICTIMS=6 sh sel_dpp.sh
protocol: attack=6 targets x 6 victims
gpu: NVIDIA L40S
=== ours (plain greedy top-N_p by score) | ConvNetBN / gradmatch / dog-bird ===
    targets: pinned from target_sets/ConvNetBN_gradmatch_dog-bird.json (same 10 the random-base run attacked)
    difficulty label tgt70   craft flags: none
    Jacobian score disabled
    legacy score: z(distance) + 1000*z(margin)
    budgets: 0.001

--- ours | ConvNetBN / gradmatch / dog-bird | budget 0.001 ---
[2026-09-09 20:44:47] === run start: CIFAR10_ConvNetBN_gradmatch_ours_dog-bird_b0.001_eps8_seed42_lam1000_cosine_ce5_tgt70 on cuda [0] ===
[2026-09-09 20:44:47] args: {"FORCE": false, "attack": "gradmatch", "base": "ours", "base_dist": "cosine", "base_topr": null, "budget": 0.001, "cache_dir": "/tmp/attack_if/cache", "class_pair": "dog-bird", "clean_baseline": true, "craft_alpha": 0.0039216, "craft_aug": true, "craft_batch": 256, "craft_ensemble": 5, "craft_lowmem": false, "craft_schedule": false, "craft_steps": 750, "data_path": "/tmp/data", "dataset": "CIFAR10", "distance_margin_coef": null, "dsa_strategy": "color_crop_cutout_flip_scale_rotate", "epsilon": 0.0313725, "fast_gradmatch": false, "fc_mode": "sample", "fc_restarts": 1, "gpus": "all", "jacobian_batch_size": 64, "jacobian_weight": 1.0, "lambda_margin": 1000.0, "model": "ConvNetBN", "no_resume": false, "num_poisons": 500, "num_surrogates": 20, "num_targets": 6, "num_victims": 6, "out_dir": "/tmp/attack_if/ours_result", "pair_order": "poison-target", "parallel_pretrain": true, "parallel_targets": true, "precompute_id": null, "precompute_only": false, "precompute_part": "both", "rank_on_victims": true, "recompute_deltas": false, "require_correct_target": false, "restarts": 8, "seed": 42, "sel_K": null, "sel_alpha": 1.0, "sel_criterion": null, "sel_dpp": false, "sel_filter": false, "sel_mmr": false, "sel_mode": null, "sel_model": null, "sel_mu": 1.0, "sel_pca": false, "sel_pool": 3.0, "sharp_mode": "worst", "sharp_samples": 20, "sharp_sigma": 0.05, "steal_timeout": 7200.0, "surrogate_aug": false, "surrogate_bs": 128, "surrogate_decay": [35, 45], "surrogate_epochs": 60, "surrogate_lr": 0.1, "surrogate_wd": 0.0, "target_idx_file": "target_sets/ConvNetBN_gradmatch_dog-bird.json", "target_select": 70, "use_jacobian_score": false, "victim_aug": false, "victim_bs": 125, "victim_decay": [40], "victim_epochs": 50, "victim_lr": 0.1, "victim_wd": 0.0}
[2026-09-09 20:44:47] Jacobian score: disabled
[2026-09-09 20:44:47] N_total=50000 budget=0.001 -> N_p=50 poisons, y_adv=5(dog) target_class=2(bird)
[2026-09-09 20:44:47] === surrogates (20 x ConvNetBN, trained on the full real set) ===
[2026-09-09 20:44:47]   crafting on 5/20 surrogates
[2026-09-09 20:44:47] === clean victims (6 x ConvNetBN) ===
[2026-09-09 20:44:48]   clean baseline CTA = 0.8127 +/- 0.0074
[2026-09-09 20:44:48]   target pool 1000 -> eligible 963 (37 already predicted as y_adv or dropped)
[2026-09-09 20:44:48]   chosen 6 targets (file), p_adv range 0.0000..0.0000
[2026-09-09 20:44:48]   targets: [843, 1257, 8252, 8730, 8055, 5859]
[2026-09-09 20:44:48] === target 843 (1/6) ===
[2026-09-09 20:47:19]   target 843: crafted 50 poisons in 148 s, obj=0.31703
[2026-09-09 20:47:19]   target 843: realized linf = 0.03137 (8.00/255), budget = 8.00/255
[2026-09-09 20:48:08]   [t843 v1/6] fail (pred=bird) CTA=0.8136
[2026-09-09 20:48:58]   [t843 v2/6] SUCCESS (pred=dog) CTA=0.8079
[2026-09-09 20:49:47]   [t843 v3/6] SUCCESS (pred=dog) CTA=0.8080
[2026-09-09 20:50:36]   [t843 v4/6] SUCCESS (pred=dog) CTA=0.8104
[2026-09-09 20:51:26]   [t843 v5/6] fail (pred=bird) CTA=0.8026
[2026-09-09 20:52:15]   [t843 v6/6] fail (pred=bird) CTA=0.7926
[2026-09-09 20:52:15]   target 843, 6 victims on this gpu: ASR=50.0% CTA=0.8059 +/- 0.0068
[2026-09-09 20:52:15] === target 1257 (2/6) ===
[2026-09-09 20:54:44]   target 1257: crafted 50 poisons in 147 s, obj=0.29179
[2026-09-09 20:54:44]   target 1257: realized linf = 0.03137 (8.00/255), budget = 8.00/255
[2026-09-09 20:55:35]   [t1257 v1/6] fail (pred=bird) CTA=0.7971
[2026-09-09 20:56:24]   [t1257 v2/6] fail (pred=bird) CTA=0.8104
[2026-09-09 20:57:14]   [t1257 v3/6] fail (pred=bird) CTA=0.8190
[2026-09-09 20:58:03]   [t1257 v4/6] fail (pred=bird) CTA=0.8058
[2026-09-09 20:58:52]   [t1257 v5/6] fail (pred=bird) CTA=0.7972
[2026-09-09 20:59:42]   [t1257 v6/6] fail (pred=bird) CTA=0.7989
[2026-09-09 20:59:42]   target 1257, 6 victims on this gpu: ASR=0.0% CTA=0.8047 +/- 0.0080
[2026-09-09 20:59:42] === target 8252 (3/6) ===
[2026-09-09 21:02:11]   target 8252: crafted 50 poisons in 147 s, obj=0.24421
[2026-09-09 21:02:11]   target 8252: realized linf = 0.03137 (8.00/255), budget = 8.00/255
[2026-09-09 21:03:02]   [t8252 v1/6] fail (pred=bird) CTA=0.7986
[2026-09-09 21:03:51]   [t8252 v2/6] SUCCESS (pred=dog) CTA=0.8152
[2026-09-09 21:04:40]   [t8252 v3/6] SUCCESS (pred=dog) CTA=0.8062
[2026-09-09 21:05:30]   [t8252 v4/6] fail (pred=bird) CTA=0.7956
[2026-09-09 21:06:19]   [t8252 v5/6] fail (pred=cat) CTA=0.7980
[2026-09-09 21:07:09]   [t8252 v6/6] SUCCESS (pred=dog) CTA=0.8108
[2026-09-09 21:07:09]   target 8252, 6 victims on this gpu: ASR=50.0% CTA=0.8041 +/- 0.0072
[2026-09-09 21:07:09] === target 8730 (4/6) ===
[2026-09-09 21:09:37]   target 8730: crafted 50 poisons in 147 s, obj=0.29677
[2026-09-09 21:09:37]   target 8730: realized linf = 0.03137 (8.00/255), budget = 8.00/255
[2026-09-09 21:10:28]   [t8730 v1/6] fail (pred=bird) CTA=0.8055
[2026-09-09 21:11:17]   [t8730 v2/6] fail (pred=bird) CTA=0.8039
[2026-09-09 21:12:07]   [t8730 v3/6] fail (pred=bird) CTA=0.8149
[2026-09-09 21:12:56]   [t8730 v4/6] fail (pred=airplane) CTA=0.8061
[2026-09-09 21:13:46]   [t8730 v5/6] fail (pred=bird) CTA=0.7999
[2026-09-09 21:14:35]   [t8730 v6/6] fail (pred=bird) CTA=0.8087
[2026-09-09 21:14:35]   target 8730, 6 victims on this gpu: ASR=0.0% CTA=0.8065 +/- 0.0046
[2026-09-09 21:14:35] === target 8055 (5/6) ===
[2026-09-09 21:17:04]   target 8055: crafted 50 poisons in 147 s, obj=0.33278
[2026-09-09 21:17:04]   target 8055: realized linf = 0.03137 (8.00/255), budget = 8.00/255
[2026-09-09 21:17:55]   [t8055 v1/6] fail (pred=bird) CTA=0.8081
[2026-09-09 21:18:44]   [t8055 v2/6] fail (pred=bird) CTA=0.8068
[2026-09-09 21:19:34]   [t8055 v3/6] fail (pred=bird) CTA=0.8164
[2026-09-09 21:20:23]   [t8055 v4/6] fail (pred=bird) CTA=0.7900
[2026-09-09 21:21:12]   [t8055 v5/6] fail (pred=bird) CTA=0.8154
[2026-09-09 21:22:02]   [t8055 v6/6] fail (pred=bird) CTA=0.8015
[2026-09-09 21:22:02]   target 8055, 6 victims on this gpu: ASR=0.0% CTA=0.8064 +/- 0.0089
[2026-09-09 21:22:02] === target 5859 (6/6) ===
[2026-09-09 21:24:31]   target 5859: crafted 50 poisons in 147 s, obj=0.28410
[2026-09-09 21:24:31]   target 5859: realized linf = 0.03137 (8.00/255), budget = 8.00/255
[2026-09-09 21:25:21]   [t5859 v1/6] SUCCESS (pred=dog) CTA=0.7938
[2026-09-09 21:26:11]   [t5859 v2/6] fail (pred=bird) CTA=0.8127
[2026-09-09 21:27:00]   [t5859 v3/6] fail (pred=bird) CTA=0.8034
[2026-09-09 21:27:49]   [t5859 v4/6] fail (pred=deer) CTA=0.8093
[2026-09-09 21:28:39]   [t5859 v5/6] fail (pred=bird) CTA=0.8074
[2026-09-09 21:29:28]   [t5859 v6/6] fail (pred=bird) CTA=0.7991
[2026-09-09 21:29:28]   target 5859, 6 victims on this gpu: ASR=16.7% CTA=0.8043 +/- 0.0064
[2026-09-09 21:29:28] ==== CIFAR10_ConvNetBN_gradmatch_ours_dog-bird_b0.001_eps8_seed42_lam1000_cosine_ce5_tgt70 : ASR = 19.4% +/- 22.4% | CTA = 0.8053 (baseline 0.8127) ====
[2026-09-09 21:29:28]   target-prediction tally ['airplane', 'automobile', 'bird', 'cat', 'deer', 'dog', 'frog', 'horse', 'ship', 'truck']: [1, 0, 26, 1, 1, 7, 0, 0, 0, 0]

sync: preserving outputs in /home/mmoslem3/scratch/PoisonBase
sync: complete
