stage: optional directory absent: /home/mmoslem3/scratch/PoisonBase/ours_result/CIFAR10_ConvNetBN_sapa_ours_dog-bird_b0.005_eps8_seed42_lam1000_cosine_worst0.05_ce5_tgt70
job: 858634 marginwpb_030_convnet_sapa_db_b0005_c1000 on rack03-13
work: /tmp/attack_if
config: LAMBDA_MARGIN=1000 USE_JACOBIAN_SCORE=0 MODEL=ConvNetBN ATTACK=sapa CLASS_PAIR=dog-bird BUDGETS=0.005 SELECT=ours NUM_TARGETS=6 NUM_VICTIMS=6 sh sel_dpp.sh
protocol: attack=6 targets x 6 victims
gpu: NVIDIA L40S
=== ours (plain greedy top-N_p by score) | ConvNetBN / sapa / dog-bird | sharp worst sigma=0.05 ===
    targets: pinned from target_sets/ConvNetBN_gradmatch_dog-bird.json (same 10 the random-base run attacked)
    difficulty label tgt70   craft flags: none
    Jacobian score disabled
    legacy score: z(distance) + 1000*z(margin)
    budgets: 0.005

--- ours | ConvNetBN / sapa / dog-bird | sharp worst sigma=0.05 | budget 0.005 ---
[2026-09-09 21:04:39] === run start: CIFAR10_ConvNetBN_sapa_ours_dog-bird_b0.005_eps8_seed42_lam1000_cosine_worst0.05_ce5_tgt70 on cuda [0] ===
[2026-09-09 21:04:39] args: {"FORCE": false, "attack": "sapa", "base": "ours", "base_dist": "cosine", "base_topr": null, "budget": 0.005, "cache_dir": "/tmp/attack_if/cache", "class_pair": "dog-bird", "clean_baseline": true, "craft_alpha": 0.0039216, "craft_aug": true, "craft_batch": 256, "craft_ensemble": 5, "craft_lowmem": false, "craft_schedule": false, "craft_steps": 750, "data_path": "/tmp/data", "dataset": "CIFAR10", "distance_margin_coef": null, "dsa_strategy": "color_crop_cutout_flip_scale_rotate", "epsilon": 0.0313725, "fast_gradmatch": false, "fc_mode": "sample", "fc_restarts": 1, "gpus": "all", "jacobian_batch_size": 64, "jacobian_weight": 1.0, "lambda_margin": 1000.0, "model": "ConvNetBN", "no_resume": false, "num_poisons": 500, "num_surrogates": 20, "num_targets": 6, "num_victims": 6, "out_dir": "/tmp/attack_if/ours_result", "pair_order": "poison-target", "parallel_pretrain": true, "parallel_targets": true, "precompute_id": null, "precompute_only": false, "precompute_part": "both", "rank_on_victims": true, "recompute_deltas": false, "require_correct_target": false, "restarts": 8, "seed": 42, "sel_K": null, "sel_alpha": 1.0, "sel_criterion": null, "sel_dpp": false, "sel_filter": false, "sel_mmr": false, "sel_mode": null, "sel_model": null, "sel_mu": 1.0, "sel_pca": false, "sel_pool": 3.0, "sharp_mode": "worst", "sharp_samples": 20, "sharp_sigma": 0.05, "steal_timeout": 7200.0, "surrogate_aug": false, "surrogate_bs": 128, "surrogate_decay": [35, 45], "surrogate_epochs": 60, "surrogate_lr": 0.1, "surrogate_wd": 0.0, "target_idx_file": "target_sets/ConvNetBN_gradmatch_dog-bird.json", "target_select": 70, "use_jacobian_score": false, "victim_aug": false, "victim_bs": 125, "victim_decay": [40], "victim_epochs": 50, "victim_lr": 0.1, "victim_wd": 0.0}
[2026-09-09 21:04:39] Jacobian score: disabled
[2026-09-09 21:04:39] N_total=50000 budget=0.005 -> N_p=250 poisons, y_adv=5(dog) target_class=2(bird)
[2026-09-09 21:04:39] === surrogates (20 x ConvNetBN, trained on the full real set) ===
[2026-09-09 21:04:40]   crafting on 5/20 surrogates
[2026-09-09 21:04:40] === clean victims (6 x ConvNetBN) ===
[2026-09-09 21:04:41]   clean baseline CTA = 0.8127 +/- 0.0074
[2026-09-09 21:04:41]   target pool 1000 -> eligible 963 (37 already predicted as y_adv or dropped)
[2026-09-09 21:04:41]   chosen 6 targets (file), p_adv range 0.0000..0.0000
[2026-09-09 21:04:41]   targets: [843, 1257, 8252, 8730, 8055, 5859]
[2026-09-09 21:04:41] === target 843 (1/6) ===
[2026-09-09 21:16:40]   target 843: crafted 250 poisons in 718 s, obj=0.28969
[2026-09-09 21:16:40]   target 843: realized linf = 0.03137 (8.00/255), budget = 8.00/255
[2026-09-09 21:17:31]   [t843 v1/6] SUCCESS (pred=dog) CTA=0.8047
[2026-09-09 21:18:21]   [t843 v2/6] SUCCESS (pred=dog) CTA=0.8056
[2026-09-09 21:19:11]   [t843 v3/6] SUCCESS (pred=dog) CTA=0.8099
[2026-09-09 21:20:01]   [t843 v4/6] SUCCESS (pred=dog) CTA=0.8141
[2026-09-09 21:20:50]   [t843 v5/6] fail (pred=bird) CTA=0.8051
[2026-09-09 21:21:40]   [t843 v6/6] fail (pred=bird) CTA=0.7849
[2026-09-09 21:21:40]   target 843, 6 victims on this gpu: ASR=66.7% CTA=0.8041 +/- 0.0092
[2026-09-09 21:21:40] === target 1257 (2/6) ===
[2026-09-09 21:33:39]   target 1257: crafted 250 poisons in 717 s, obj=0.25001
[2026-09-09 21:33:39]   target 1257: realized linf = 0.03137 (8.00/255), budget = 8.00/255
[2026-09-09 21:34:30]   [t1257 v1/6] fail (pred=bird) CTA=0.7974
[2026-09-09 21:35:19]   [t1257 v2/6] SUCCESS (pred=dog) CTA=0.8070
[2026-09-09 21:36:09]   [t1257 v3/6] SUCCESS (pred=dog) CTA=0.8192
[2026-09-09 21:36:59]   [t1257 v4/6] SUCCESS (pred=dog) CTA=0.8025
[2026-09-09 21:37:48]   [t1257 v5/6] fail (pred=bird) CTA=0.8019
[2026-09-09 21:38:38]   [t1257 v6/6] SUCCESS (pred=dog) CTA=0.8052
[2026-09-09 21:38:38]   target 1257, 6 victims on this gpu: ASR=66.7% CTA=0.8055 +/- 0.0068
[2026-09-09 21:38:38] === target 8252 (3/6) ===
[2026-09-09 21:50:36]   target 8252: crafted 250 poisons in 717 s, obj=0.20873
[2026-09-09 21:50:36]   target 8252: realized linf = 0.03137 (8.00/255), budget = 8.00/255
[2026-09-09 21:51:27]   [t8252 v1/6] fail (pred=horse) CTA=0.8004
[2026-09-09 21:52:17]   [t8252 v2/6] SUCCESS (pred=dog) CTA=0.8148
[2026-09-09 21:53:06]   [t8252 v3/6] SUCCESS (pred=dog) CTA=0.8034
[2026-09-09 21:53:56]   [t8252 v4/6] SUCCESS (pred=dog) CTA=0.8007
[2026-09-09 21:54:46]   [t8252 v5/6] SUCCESS (pred=dog) CTA=0.7946
[2026-09-09 21:55:36]   [t8252 v6/6] SUCCESS (pred=dog) CTA=0.8097
[2026-09-09 21:55:36]   target 8252, 6 victims on this gpu: ASR=83.3% CTA=0.8039 +/- 0.0066
[2026-09-09 21:55:36] === target 8730 (4/6) ===
[2026-09-09 22:07:34]   target 8730: crafted 250 poisons in 717 s, obj=0.23659
[2026-09-09 22:07:34]   target 8730: realized linf = 0.03137 (8.00/255), budget = 8.00/255
[2026-09-09 22:08:25]   [t8730 v1/6] fail (pred=bird) CTA=0.8125
[2026-09-09 22:09:15]   [t8730 v2/6] fail (pred=bird) CTA=0.8135
[2026-09-09 22:10:05]   [t8730 v3/6] fail (pred=bird) CTA=0.8121
[2026-09-09 22:10:55]   [t8730 v4/6] fail (pred=bird) CTA=0.8074
[2026-09-09 22:11:44]   [t8730 v5/6] SUCCESS (pred=dog) CTA=0.8021
[2026-09-09 22:12:34]   [t8730 v6/6] fail (pred=bird) CTA=0.8072
[2026-09-09 22:12:34]   target 8730, 6 victims on this gpu: ASR=16.7% CTA=0.8091 +/- 0.0040
[2026-09-09 22:12:34] === target 8055 (5/6) ===
[2026-09-09 22:24:33]   target 8055: crafted 250 poisons in 717 s, obj=0.28094
[2026-09-09 22:24:33]   target 8055: realized linf = 0.03137 (8.00/255), budget = 8.00/255
[2026-09-09 22:25:24]   [t8055 v1/6] SUCCESS (pred=dog) CTA=0.8122
[2026-09-09 22:26:14]   [t8055 v2/6] fail (pred=bird) CTA=0.8063
[2026-09-09 22:27:03]   [t8055 v3/6] SUCCESS (pred=dog) CTA=0.8200
[2026-09-09 22:27:53]   [t8055 v4/6] fail (pred=bird) CTA=0.7970
[2026-09-09 22:28:42]   [t8055 v5/6] fail (pred=bird) CTA=0.8186
[2026-09-09 22:29:32]   [t8055 v6/6] fail (pred=bird) CTA=0.8074
[2026-09-09 22:29:32]   target 8055, 6 victims on this gpu: ASR=33.3% CTA=0.8103 +/- 0.0078
[2026-09-09 22:29:32] === target 5859 (6/6) ===
[2026-09-09 22:41:31]   target 5859: crafted 250 poisons in 717 s, obj=0.23996
[2026-09-09 22:41:31]   target 5859: realized linf = 0.03137 (8.00/255), budget = 8.00/255
[2026-09-09 22:42:22]   [t5859 v1/6] fail (pred=bird) CTA=0.7958
[2026-09-09 22:43:12]   [t5859 v2/6] fail (pred=bird) CTA=0.8080
[2026-09-09 22:44:02]   [t5859 v3/6] fail (pred=bird) CTA=0.8035
[2026-09-09 22:44:52]   [t5859 v4/6] SUCCESS (pred=dog) CTA=0.8032
[2026-09-09 22:45:41]   [t5859 v5/6] SUCCESS (pred=dog) CTA=0.8100
[2026-09-09 22:46:31]   [t5859 v6/6] SUCCESS (pred=dog) CTA=0.8005
[2026-09-09 22:46:31]   target 5859, 6 victims on this gpu: ASR=50.0% CTA=0.8035 +/- 0.0047
[2026-09-09 22:46:31] ==== CIFAR10_ConvNetBN_sapa_ours_dog-bird_b0.005_eps8_seed42_lam1000_cosine_worst0.05_ce5_tgt70 : ASR = 52.8% +/- 22.4% | CTA = 0.8061 (baseline 0.8127) ====
[2026-09-09 22:46:31]   target-prediction tally ['airplane', 'automobile', 'bird', 'cat', 'deer', 'dog', 'frog', 'horse', 'ship', 'truck']: [0, 0, 16, 0, 0, 19, 0, 1, 0, 0]

sync: preserving outputs in /home/mmoslem3/scratch/PoisonBase
sync: complete
