stage: optional directory absent: /home/mmoslem3/scratch/PoisonBase/ours_result/CIFAR10_ConvNetBN_sapa_ours_dog-bird_b0.001_eps8_seed42_lam5_cosine_worst0.05_ce5_tgt70
job: 858625 marginwpb_021_convnet_sapa_db_b0001_c5 on rack02-02
work: /tmp/attack_if
config: LAMBDA_MARGIN=5 USE_JACOBIAN_SCORE=0 MODEL=ConvNetBN ATTACK=sapa CLASS_PAIR=dog-bird BUDGETS=0.001 SELECT=ours NUM_TARGETS=6 NUM_VICTIMS=6 sh sel_dpp.sh
protocol: attack=6 targets x 6 victims
gpu: NVIDIA L40S
=== ours (plain greedy top-N_p by score) | ConvNetBN / sapa / dog-bird | sharp worst sigma=0.05 ===
    targets: pinned from target_sets/ConvNetBN_gradmatch_dog-bird.json (same 10 the random-base run attacked)
    difficulty label tgt70   craft flags: none
    Jacobian score disabled
    legacy score: z(distance) + 5*z(margin)
    budgets: 0.001

--- ours | ConvNetBN / sapa / dog-bird | sharp worst sigma=0.05 | budget 0.001 ---
[2026-09-09 21:02:54] === run start: CIFAR10_ConvNetBN_sapa_ours_dog-bird_b0.001_eps8_seed42_lam5_cosine_worst0.05_ce5_tgt70 on cuda [0] ===
[2026-09-09 21:02:54] args: {"FORCE": false, "attack": "sapa", "base": "ours", "base_dist": "cosine", "base_topr": null, "budget": 0.001, "cache_dir": "/tmp/attack_if/cache", "class_pair": "dog-bird", "clean_baseline": true, "craft_alpha": 0.0039216, "craft_aug": true, "craft_batch": 256, "craft_ensemble": 5, "craft_lowmem": false, "craft_schedule": false, "craft_steps": 750, "data_path": "/tmp/data", "dataset": "CIFAR10", "distance_margin_coef": null, "dsa_strategy": "color_crop_cutout_flip_scale_rotate", "epsilon": 0.0313725, "fast_gradmatch": false, "fc_mode": "sample", "fc_restarts": 1, "gpus": "all", "jacobian_batch_size": 64, "jacobian_weight": 1.0, "lambda_margin": 5.0, "model": "ConvNetBN", "no_resume": false, "num_poisons": 500, "num_surrogates": 20, "num_targets": 6, "num_victims": 6, "out_dir": "/tmp/attack_if/ours_result", "pair_order": "poison-target", "parallel_pretrain": true, "parallel_targets": true, "precompute_id": null, "precompute_only": false, "precompute_part": "both", "rank_on_victims": true, "recompute_deltas": false, "require_correct_target": false, "restarts": 8, "seed": 42, "sel_K": null, "sel_alpha": 1.0, "sel_criterion": null, "sel_dpp": false, "sel_filter": false, "sel_mmr": false, "sel_mode": null, "sel_model": null, "sel_mu": 1.0, "sel_pca": false, "sel_pool": 3.0, "sharp_mode": "worst", "sharp_samples": 20, "sharp_sigma": 0.05, "steal_timeout": 7200.0, "surrogate_aug": false, "surrogate_bs": 128, "surrogate_decay": [35, 45], "surrogate_epochs": 60, "surrogate_lr": 0.1, "surrogate_wd": 0.0, "target_idx_file": "target_sets/ConvNetBN_gradmatch_dog-bird.json", "target_select": 70, "use_jacobian_score": false, "victim_aug": false, "victim_bs": 125, "victim_decay": [40], "victim_epochs": 50, "victim_lr": 0.1, "victim_wd": 0.0}
[2026-09-09 21:02:54] Jacobian score: disabled
[2026-09-09 21:02:54] N_total=50000 budget=0.001 -> N_p=50 poisons, y_adv=5(dog) target_class=2(bird)
[2026-09-09 21:02:54] === surrogates (20 x ConvNetBN, trained on the full real set) ===
[2026-09-09 21:02:54]   crafting on 5/20 surrogates
[2026-09-09 21:02:54] === clean victims (6 x ConvNetBN) ===
[2026-09-09 21:02:55]   clean baseline CTA = 0.8127 +/- 0.0074
[2026-09-09 21:02:55]   target pool 1000 -> eligible 963 (37 already predicted as y_adv or dropped)
[2026-09-09 21:02:55]   chosen 6 targets (file), p_adv range 0.0000..0.0000
[2026-09-09 21:02:55]   targets: [843, 1257, 8252, 8730, 8055, 5859]
[2026-09-09 21:02:55] === target 843 (1/6) ===
[2026-09-09 21:05:00]   target 843: crafted 50 poisons in 123 s, obj=0.29206
[2026-09-09 21:05:00]   target 843: realized linf = 0.03137 (8.00/255), budget = 8.00/255
[2026-09-09 21:05:50]   [t843 v1/6] fail (pred=bird) CTA=0.8028
[2026-09-09 21:06:39]   [t843 v2/6] fail (pred=bird) CTA=0.8060
[2026-09-09 21:07:29]   [t843 v3/6] SUCCESS (pred=dog) CTA=0.8118
[2026-09-09 21:08:19]   [t843 v4/6] fail (pred=bird) CTA=0.8105
[2026-09-09 21:09:09]   [t843 v5/6] fail (pred=bird) CTA=0.8102
[2026-09-09 21:09:58]   [t843 v6/6] fail (pred=bird) CTA=0.7833
[2026-09-09 21:09:58]   target 843, 6 victims on this gpu: ASR=16.7% CTA=0.8041 +/- 0.0098
[2026-09-09 21:09:58] === target 1257 (2/6) ===
[2026-09-09 21:12:03]   target 1257: crafted 50 poisons in 123 s, obj=0.25535
[2026-09-09 21:12:03]   target 1257: realized linf = 0.03137 (8.00/255), budget = 8.00/255
[2026-09-09 21:12:53]   [t1257 v1/6] fail (pred=bird) CTA=0.8021
[2026-09-09 21:13:43]   [t1257 v2/6] fail (pred=bird) CTA=0.8130
[2026-09-09 21:14:33]   [t1257 v3/6] fail (pred=bird) CTA=0.8142
[2026-09-09 21:15:22]   [t1257 v4/6] fail (pred=bird) CTA=0.7946
[2026-09-09 21:16:12]   [t1257 v5/6] fail (pred=bird) CTA=0.7999
[2026-09-09 21:17:02]   [t1257 v6/6] SUCCESS (pred=dog) CTA=0.7928
[2026-09-09 21:17:02]   target 1257, 6 victims on this gpu: ASR=16.7% CTA=0.8028 +/- 0.0083
[2026-09-09 21:17:02] === target 8252 (3/6) ===
[2026-09-09 21:19:06]   target 8252: crafted 50 poisons in 123 s, obj=0.22695
[2026-09-09 21:19:06]   target 8252: realized linf = 0.03137 (8.00/255), budget = 8.00/255
[2026-09-09 21:19:57]   [t8252 v1/6] fail (pred=cat) CTA=0.8036
[2026-09-09 21:20:46]   [t8252 v2/6] SUCCESS (pred=dog) CTA=0.8141
[2026-09-09 21:21:36]   [t8252 v3/6] SUCCESS (pred=dog) CTA=0.8050
[2026-09-09 21:22:26]   [t8252 v4/6] fail (pred=deer) CTA=0.7956
[2026-09-09 21:23:15]   [t8252 v5/6] fail (pred=horse) CTA=0.7966
[2026-09-09 21:24:05]   [t8252 v6/6] SUCCESS (pred=dog) CTA=0.8056
[2026-09-09 21:24:05]   target 8252, 6 victims on this gpu: ASR=50.0% CTA=0.8034 +/- 0.0062
[2026-09-09 21:24:05] === target 8730 (4/6) ===
[2026-09-09 21:26:10]   target 8730: crafted 50 poisons in 123 s, obj=0.25463
[2026-09-09 21:26:10]   target 8730: realized linf = 0.03137 (8.00/255), budget = 8.00/255
[2026-09-09 21:27:00]   [t8730 v1/6] fail (pred=bird) CTA=0.8045
[2026-09-09 21:27:50]   [t8730 v2/6] fail (pred=bird) CTA=0.8063
[2026-09-09 21:28:40]   [t8730 v3/6] fail (pred=bird) CTA=0.8144
[2026-09-09 21:29:30]   [t8730 v4/6] fail (pred=bird) CTA=0.7982
[2026-09-09 21:30:19]   [t8730 v5/6] fail (pred=bird) CTA=0.8058
[2026-09-09 21:31:09]   [t8730 v6/6] fail (pred=bird) CTA=0.8097
[2026-09-09 21:31:09]   target 8730, 6 victims on this gpu: ASR=0.0% CTA=0.8065 +/- 0.0049
[2026-09-09 21:31:09] === target 8055 (5/6) ===
[2026-09-09 21:33:14]   target 8055: crafted 50 poisons in 123 s, obj=0.26834
[2026-09-09 21:33:14]   target 8055: realized linf = 0.03137 (8.00/255), budget = 8.00/255
[2026-09-09 21:34:04]   [t8055 v1/6] fail (pred=bird) CTA=0.8033
[2026-09-09 21:34:54]   [t8055 v2/6] SUCCESS (pred=dog) CTA=0.8042
[2026-09-09 21:35:44]   [t8055 v3/6] fail (pred=bird) CTA=0.8069
[2026-09-09 21:36:33]   [t8055 v4/6] fail (pred=bird) CTA=0.7931
[2026-09-09 21:37:23]   [t8055 v5/6] fail (pred=bird) CTA=0.8091
[2026-09-09 21:38:13]   [t8055 v6/6] fail (pred=frog) CTA=0.8002
[2026-09-09 21:38:13]   target 8055, 6 victims on this gpu: ASR=16.7% CTA=0.8028 +/- 0.0052
[2026-09-09 21:38:13] === target 5859 (6/6) ===
[2026-09-09 21:40:17]   target 5859: crafted 50 poisons in 123 s, obj=0.25510
[2026-09-09 21:40:17]   target 5859: realized linf = 0.03137 (8.00/255), budget = 8.00/255
[2026-09-09 21:41:08]   [t5859 v1/6] SUCCESS (pred=dog) CTA=0.8042
[2026-09-09 21:41:58]   [t5859 v2/6] fail (pred=bird) CTA=0.8083
[2026-09-09 21:42:48]   [t5859 v3/6] fail (pred=bird) CTA=0.8027
[2026-09-09 21:43:37]   [t5859 v4/6] fail (pred=bird) CTA=0.8031
[2026-09-09 21:44:27]   [t5859 v5/6] fail (pred=bird) CTA=0.8029
[2026-09-09 21:45:17]   [t5859 v6/6] fail (pred=bird) CTA=0.7957
[2026-09-09 21:45:17]   target 5859, 6 victims on this gpu: ASR=16.7% CTA=0.8028 +/- 0.0037
[2026-09-09 21:45:17] ==== CIFAR10_ConvNetBN_sapa_ours_dog-bird_b0.001_eps8_seed42_lam5_cosine_worst0.05_ce5_tgt70 : ASR = 19.4% +/- 15.0% | CTA = 0.8037 (baseline 0.8127) ====
[2026-09-09 21:45:17]   target-prediction tally ['airplane', 'automobile', 'bird', 'cat', 'deer', 'dog', 'frog', 'horse', 'ship', 'truck']: [0, 0, 25, 1, 1, 7, 1, 1, 0, 0]

sync: preserving outputs in /home/mmoslem3/scratch/PoisonBase
sync: complete
