stage: optional directory absent: /home/mmoslem3/scratch/PoisonBase/ours_result/CIFAR10_ConvNetBN_gradmatch_ours_dog-bird_b0.001_eps8_seed42_lam0.1_cosine_ce5_tgt70
job: 858605 marginwpb_001_convnet_gm_db_b0001_c0p1 on rack09-12
work: /tmp/attack_if
config: LAMBDA_MARGIN=0.1 USE_JACOBIAN_SCORE=0 MODEL=ConvNetBN ATTACK=gradmatch CLASS_PAIR=dog-bird BUDGETS=0.001 SELECT=ours NUM_TARGETS=6 NUM_VICTIMS=6 sh sel_dpp.sh
protocol: attack=6 targets x 6 victims
gpu: NVIDIA L40S
=== ours (plain greedy top-N_p by score) | ConvNetBN / gradmatch / dog-bird ===
    targets: pinned from target_sets/ConvNetBN_gradmatch_dog-bird.json (same 10 the random-base run attacked)
    difficulty label tgt70   craft flags: none
    Jacobian score disabled
    legacy score: z(distance) + 0.1*z(margin)
    budgets: 0.001

--- ours | ConvNetBN / gradmatch / dog-bird | budget 0.001 ---
[2026-09-09 20:30:10] === run start: CIFAR10_ConvNetBN_gradmatch_ours_dog-bird_b0.001_eps8_seed42_lam0.1_cosine_ce5_tgt70 on cuda [0] ===
[2026-09-09 20:30:10] args: {"FORCE": false, "attack": "gradmatch", "base": "ours", "base_dist": "cosine", "base_topr": null, "budget": 0.001, "cache_dir": "/tmp/attack_if/cache", "class_pair": "dog-bird", "clean_baseline": true, "craft_alpha": 0.0039216, "craft_aug": true, "craft_batch": 256, "craft_ensemble": 5, "craft_lowmem": false, "craft_schedule": false, "craft_steps": 750, "data_path": "/tmp/data", "dataset": "CIFAR10", "distance_margin_coef": null, "dsa_strategy": "color_crop_cutout_flip_scale_rotate", "epsilon": 0.0313725, "fast_gradmatch": false, "fc_mode": "sample", "fc_restarts": 1, "gpus": "all", "jacobian_batch_size": 64, "jacobian_weight": 1.0, "lambda_margin": 0.1, "model": "ConvNetBN", "no_resume": false, "num_poisons": 500, "num_surrogates": 20, "num_targets": 6, "num_victims": 6, "out_dir": "/tmp/attack_if/ours_result", "pair_order": "poison-target", "parallel_pretrain": true, "parallel_targets": true, "precompute_id": null, "precompute_only": false, "precompute_part": "both", "rank_on_victims": true, "recompute_deltas": false, "require_correct_target": false, "restarts": 8, "seed": 42, "sel_K": null, "sel_alpha": 1.0, "sel_criterion": null, "sel_dpp": false, "sel_filter": false, "sel_mmr": false, "sel_mode": null, "sel_model": null, "sel_mu": 1.0, "sel_pca": false, "sel_pool": 3.0, "sharp_mode": "worst", "sharp_samples": 20, "sharp_sigma": 0.05, "steal_timeout": 7200.0, "surrogate_aug": false, "surrogate_bs": 128, "surrogate_decay": [35, 45], "surrogate_epochs": 60, "surrogate_lr": 0.1, "surrogate_wd": 0.0, "target_idx_file": "target_sets/ConvNetBN_gradmatch_dog-bird.json", "target_select": 70, "use_jacobian_score": false, "victim_aug": false, "victim_bs": 125, "victim_decay": [40], "victim_epochs": 50, "victim_lr": 0.1, "victim_wd": 0.0}
[2026-09-09 20:30:10] Jacobian score: disabled
[2026-09-09 20:30:10] N_total=50000 budget=0.001 -> N_p=50 poisons, y_adv=5(dog) target_class=2(bird)
[2026-09-09 20:30:10] === surrogates (20 x ConvNetBN, trained on the full real set) ===
[2026-09-09 20:30:10]   crafting on 5/20 surrogates
[2026-09-09 20:30:10] === clean victims (6 x ConvNetBN) ===
[2026-09-09 20:30:11]   clean baseline CTA = 0.8127 +/- 0.0074
[2026-09-09 20:30:11]   target pool 1000 -> eligible 963 (37 already predicted as y_adv or dropped)
[2026-09-09 20:30:11]   chosen 6 targets (file), p_adv range 0.0000..0.0000
[2026-09-09 20:30:11]   targets: [843, 1257, 8252, 8730, 8055, 5859]
[2026-09-09 20:30:11] === target 843 (1/6) ===
[2026-09-09 20:32:15]   target 843: crafted 50 poisons in 123 s, obj=0.29489
[2026-09-09 20:32:15]   target 843: realized linf = 0.03137 (8.00/255), budget = 8.00/255
[2026-09-09 20:33:05]   [t843 v1/6] fail (pred=bird) CTA=0.8067
[2026-09-09 20:33:54]   [t843 v2/6] fail (pred=bird) CTA=0.8024
[2026-09-09 20:34:44]   [t843 v3/6] SUCCESS (pred=dog) CTA=0.8129
[2026-09-09 20:35:33]   [t843 v4/6] fail (pred=bird) CTA=0.8119
[2026-09-09 20:36:23]   [t843 v5/6] fail (pred=bird) CTA=0.7997
[2026-09-09 20:37:12]   [t843 v6/6] fail (pred=bird) CTA=0.7762
[2026-09-09 20:37:12]   target 843, 6 victims on this gpu: ASR=16.7% CTA=0.8016 +/- 0.0123
[2026-09-09 20:37:12] === target 1257 (2/6) ===
[2026-09-09 20:39:21]   target 1257: crafted 50 poisons in 127 s, obj=0.24306
[2026-09-09 20:39:21]   target 1257: realized linf = 0.03137 (8.00/255), budget = 8.00/255
[2026-09-09 20:40:11]   [t1257 v1/6] fail (pred=bird) CTA=0.7995
[2026-09-09 20:41:01]   [t1257 v2/6] fail (pred=bird) CTA=0.8066
[2026-09-09 20:41:50]   [t1257 v3/6] fail (pred=bird) CTA=0.8129
[2026-09-09 20:42:40]   [t1257 v4/6] fail (pred=bird) CTA=0.8012
[2026-09-09 20:43:29]   [t1257 v5/6] fail (pred=bird) CTA=0.7909
[2026-09-09 20:44:19]   [t1257 v6/6] fail (pred=bird) CTA=0.7990
[2026-09-09 20:44:19]   target 1257, 6 victims on this gpu: ASR=0.0% CTA=0.8017 +/- 0.0068
[2026-09-09 20:44:19] === target 8252 (3/6) ===
[2026-09-09 20:46:29]   target 8252: crafted 50 poisons in 129 s, obj=0.23329
[2026-09-09 20:46:29]   target 8252: realized linf = 0.03137 (8.00/255), budget = 8.00/255
[2026-09-09 20:47:20]   [t8252 v1/6] fail (pred=cat) CTA=0.7985
[2026-09-09 20:48:09]   [t8252 v2/6] fail (pred=cat) CTA=0.8157
[2026-09-09 20:48:59]   [t8252 v3/6] SUCCESS (pred=dog) CTA=0.7969
[2026-09-09 20:49:48]   [t8252 v4/6] fail (pred=bird) CTA=0.7916
[2026-09-09 20:50:38]   [t8252 v5/6] fail (pred=cat) CTA=0.7942
[2026-09-09 20:51:27]   [t8252 v6/6] SUCCESS (pred=dog) CTA=0.8098
[2026-09-09 20:51:27]   target 8252, 6 victims on this gpu: ASR=33.3% CTA=0.8011 +/- 0.0087
[2026-09-09 20:51:27] === target 8730 (4/6) ===
[2026-09-09 20:53:37]   target 8730: crafted 50 poisons in 128 s, obj=0.23447
[2026-09-09 20:53:37]   target 8730: realized linf = 0.03137 (8.00/255), budget = 8.00/255
[2026-09-09 20:54:28]   [t8730 v1/6] fail (pred=bird) CTA=0.8076
[2026-09-09 20:55:17]   [t8730 v2/6] fail (pred=bird) CTA=0.8139
[2026-09-09 20:56:07]   [t8730 v3/6] fail (pred=bird) CTA=0.8131
[2026-09-09 20:56:56]   [t8730 v4/6] fail (pred=bird) CTA=0.7992
[2026-09-09 20:57:46]   [t8730 v5/6] fail (pred=bird) CTA=0.7992
[2026-09-09 20:58:35]   [t8730 v6/6] fail (pred=bird) CTA=0.8063
[2026-09-09 20:58:35]   target 8730, 6 victims on this gpu: ASR=0.0% CTA=0.8066 +/- 0.0059
[2026-09-09 20:58:35] === target 8055 (5/6) ===
[2026-09-09 21:00:45]   target 8055: crafted 50 poisons in 128 s, obj=0.26805
[2026-09-09 21:00:45]   target 8055: realized linf = 0.03137 (8.00/255), budget = 8.00/255
[2026-09-09 21:01:36]   [t8055 v1/6] fail (pred=bird) CTA=0.8092
[2026-09-09 21:02:25]   [t8055 v2/6] fail (pred=bird) CTA=0.8003
[2026-09-09 21:03:15]   [t8055 v3/6] fail (pred=bird) CTA=0.8107
[2026-09-09 21:04:04]   [t8055 v4/6] fail (pred=bird) CTA=0.7968
[2026-09-09 21:04:54]   [t8055 v5/6] fail (pred=bird) CTA=0.8170
[2026-09-09 21:05:43]   [t8055 v6/6] fail (pred=bird) CTA=0.7988
[2026-09-09 21:05:43]   target 8055, 6 victims on this gpu: ASR=0.0% CTA=0.8055 +/- 0.0073
[2026-09-09 21:05:43] === target 5859 (6/6) ===
[2026-09-09 21:07:54]   target 5859: crafted 50 poisons in 129 s, obj=0.24789
[2026-09-09 21:07:54]   target 5859: realized linf = 0.03137 (8.00/255), budget = 8.00/255
[2026-09-09 21:08:44]   [t5859 v1/6] fail (pred=bird) CTA=0.7972
[2026-09-09 21:09:34]   [t5859 v2/6] fail (pred=frog) CTA=0.8032
[2026-09-09 21:10:23]   [t5859 v3/6] fail (pred=bird) CTA=0.8066
[2026-09-09 21:11:13]   [t5859 v4/6] fail (pred=bird) CTA=0.7988
[2026-09-09 21:12:02]   [t5859 v5/6] fail (pred=bird) CTA=0.8037
[2026-09-09 21:12:52]   [t5859 v6/6] fail (pred=bird) CTA=0.7942
[2026-09-09 21:12:52]   target 5859, 6 victims on this gpu: ASR=0.0% CTA=0.8006 +/- 0.0042
[2026-09-09 21:12:52] ==== CIFAR10_ConvNetBN_gradmatch_ours_dog-bird_b0.001_eps8_seed42_lam0.1_cosine_ce5_tgt70 : ASR = 8.3% +/- 12.7% | CTA = 0.8028 (baseline 0.8127) ====
[2026-09-09 21:12:52]   target-prediction tally ['airplane', 'automobile', 'bird', 'cat', 'deer', 'dog', 'frog', 'horse', 'ship', 'truck']: [0, 0, 29, 3, 0, 3, 1, 0, 0, 0]

sync: preserving outputs in /home/mmoslem3/scratch/PoisonBase
sync: complete
