job: 858671 marginwpb_020_convnet_sapa_db_b0001_c1 on rack08-03
work: /tmp/attack_if
config: LAMBDA_MARGIN=1 USE_JACOBIAN_SCORE=0 MODEL=ConvNetBN ATTACK=sapa CLASS_PAIR=dog-bird BUDGETS=0.001 SELECT=ours NUM_TARGETS=6 NUM_VICTIMS=6 sh sel_dpp.sh
protocol: attack=6 targets x 6 victims
gpu: NVIDIA L40S
=== ours (plain greedy top-N_p by score) | ConvNetBN / sapa / dog-bird | sharp worst sigma=0.05 ===
    targets: pinned from target_sets/ConvNetBN_gradmatch_dog-bird.json (same 10 the random-base run attacked)
    difficulty label tgt70   craft flags: none
    Jacobian score disabled
    legacy score: z(distance) + 1*z(margin)
    budgets: 0.001

--- ours | ConvNetBN / sapa / dog-bird | sharp worst sigma=0.05 | budget 0.001 ---
[2026-09-09 21:09:44] === run start: CIFAR10_ConvNetBN_sapa_ours_dog-bird_b0.001_eps8_seed42_lam1_cosine_worst0.05_ce5_tgt70 on cuda [0] ===
[2026-09-09 21:09:44] args: {"FORCE": false, "attack": "sapa", "base": "ours", "base_dist": "cosine", "base_topr": null, "budget": 0.001, "cache_dir": "/tmp/attack_if/cache", "class_pair": "dog-bird", "clean_baseline": true, "craft_alpha": 0.0039216, "craft_aug": true, "craft_batch": 256, "craft_ensemble": 5, "craft_lowmem": false, "craft_schedule": false, "craft_steps": 750, "data_path": "/tmp/data", "dataset": "CIFAR10", "distance_margin_coef": null, "dsa_strategy": "color_crop_cutout_flip_scale_rotate", "epsilon": 0.0313725, "fast_gradmatch": false, "fc_mode": "sample", "fc_restarts": 1, "gpus": "all", "jacobian_batch_size": 64, "jacobian_weight": 1.0, "lambda_margin": 1.0, "model": "ConvNetBN", "no_resume": false, "num_poisons": 500, "num_surrogates": 20, "num_targets": 6, "num_victims": 6, "out_dir": "/tmp/attack_if/ours_result", "pair_order": "poison-target", "parallel_pretrain": true, "parallel_targets": true, "precompute_id": null, "precompute_only": false, "precompute_part": "both", "rank_on_victims": true, "recompute_deltas": false, "require_correct_target": false, "restarts": 8, "seed": 42, "sel_K": null, "sel_alpha": 1.0, "sel_criterion": null, "sel_dpp": false, "sel_filter": false, "sel_mmr": false, "sel_mode": null, "sel_model": null, "sel_mu": 1.0, "sel_pca": false, "sel_pool": 3.0, "sharp_mode": "worst", "sharp_samples": 20, "sharp_sigma": 0.05, "steal_timeout": 7200.0, "surrogate_aug": false, "surrogate_bs": 128, "surrogate_decay": [35, 45], "surrogate_epochs": 60, "surrogate_lr": 0.1, "surrogate_wd": 0.0, "target_idx_file": "target_sets/ConvNetBN_gradmatch_dog-bird.json", "target_select": 70, "use_jacobian_score": false, "victim_aug": false, "victim_bs": 125, "victim_decay": [40], "victim_epochs": 50, "victim_lr": 0.1, "victim_wd": 0.0}
[2026-09-09 21:09:44] Jacobian score: disabled
[2026-09-09 21:09:44] N_total=50000 budget=0.001 -> N_p=50 poisons, y_adv=5(dog) target_class=2(bird)
[2026-09-09 21:09:44] === surrogates (20 x ConvNetBN, trained on the full real set) ===
[2026-09-09 21:09:44]   crafting on 5/20 surrogates
[2026-09-09 21:09:44] === clean victims (6 x ConvNetBN) ===
[2026-09-09 21:09:45]   clean baseline CTA = 0.8127 +/- 0.0074
[2026-09-09 21:09:45]   target pool 1000 -> eligible 963 (37 already predicted as y_adv or dropped)
[2026-09-09 21:09:45]   chosen 6 targets (file), p_adv range 0.0000..0.0000
[2026-09-09 21:09:45]   targets: [843, 1257, 8252, 8730, 8055, 5859]
[2026-09-09 21:09:45]   resume: 60 (target, victim) trials already done
[2026-09-09 21:09:45] ==== CIFAR10_ConvNetBN_sapa_ours_dog-bird_b0.001_eps8_seed42_lam1_cosine_worst0.05_ce5_tgt70 : ASR = 21.7% +/- 16.7% | CTA = 0.8032 (baseline 0.8127) ====
[2026-09-09 21:09:45]   target-prediction tally ['airplane', 'automobile', 'bird', 'cat', 'deer', 'dog', 'frog', 'horse', 'ship', 'truck']: [0, 0, 0, 0, 0, 0, 0, 0, 0, 0]

sync: preserving outputs in /home/mmoslem3/scratch/PoisonBase
sync: complete
