stage: optional directory absent: /home/mmoslem3/scratch/PoisonBase/ours_result/CIFAR10_ConvNetBN_gradmatch_ours_dog-bird_b0.002_eps8_seed42_lam1000_cosine_ce5_tgt70
job: 858622 marginwpb_018_convnet_gm_db_b0002_c1000 on rack11-15
work: /tmp/attack_if
config: LAMBDA_MARGIN=1000 USE_JACOBIAN_SCORE=0 MODEL=ConvNetBN ATTACK=gradmatch CLASS_PAIR=dog-bird BUDGETS=0.002 SELECT=ours NUM_TARGETS=6 NUM_VICTIMS=6 sh sel_dpp.sh
protocol: attack=6 targets x 6 victims
gpu: NVIDIA L40S
=== ours (plain greedy top-N_p by score) | ConvNetBN / gradmatch / dog-bird ===
    targets: pinned from target_sets/ConvNetBN_gradmatch_dog-bird.json (same 10 the random-base run attacked)
    difficulty label tgt70   craft flags: none
    Jacobian score disabled
    legacy score: z(distance) + 1000*z(margin)
    budgets: 0.002

--- ours | ConvNetBN / gradmatch / dog-bird | budget 0.002 ---
[2026-09-09 20:59:46] === run start: CIFAR10_ConvNetBN_gradmatch_ours_dog-bird_b0.002_eps8_seed42_lam1000_cosine_ce5_tgt70 on cuda [0] ===
[2026-09-09 20:59:46] args: {"FORCE": false, "attack": "gradmatch", "base": "ours", "base_dist": "cosine", "base_topr": null, "budget": 0.002, "cache_dir": "/tmp/attack_if/cache", "class_pair": "dog-bird", "clean_baseline": true, "craft_alpha": 0.0039216, "craft_aug": true, "craft_batch": 256, "craft_ensemble": 5, "craft_lowmem": false, "craft_schedule": false, "craft_steps": 750, "data_path": "/tmp/data", "dataset": "CIFAR10", "distance_margin_coef": null, "dsa_strategy": "color_crop_cutout_flip_scale_rotate", "epsilon": 0.0313725, "fast_gradmatch": false, "fc_mode": "sample", "fc_restarts": 1, "gpus": "all", "jacobian_batch_size": 64, "jacobian_weight": 1.0, "lambda_margin": 1000.0, "model": "ConvNetBN", "no_resume": false, "num_poisons": 500, "num_surrogates": 20, "num_targets": 6, "num_victims": 6, "out_dir": "/tmp/attack_if/ours_result", "pair_order": "poison-target", "parallel_pretrain": true, "parallel_targets": true, "precompute_id": null, "precompute_only": false, "precompute_part": "both", "rank_on_victims": true, "recompute_deltas": false, "require_correct_target": false, "restarts": 8, "seed": 42, "sel_K": null, "sel_alpha": 1.0, "sel_criterion": null, "sel_dpp": false, "sel_filter": false, "sel_mmr": false, "sel_mode": null, "sel_model": null, "sel_mu": 1.0, "sel_pca": false, "sel_pool": 3.0, "sharp_mode": "worst", "sharp_samples": 20, "sharp_sigma": 0.05, "steal_timeout": 7200.0, "surrogate_aug": false, "surrogate_bs": 128, "surrogate_decay": [35, 45], "surrogate_epochs": 60, "surrogate_lr": 0.1, "surrogate_wd": 0.0, "target_idx_file": "target_sets/ConvNetBN_gradmatch_dog-bird.json", "target_select": 70, "use_jacobian_score": false, "victim_aug": false, "victim_bs": 125, "victim_decay": [40], "victim_epochs": 50, "victim_lr": 0.1, "victim_wd": 0.0}
[2026-09-09 20:59:46] Jacobian score: disabled
[2026-09-09 20:59:46] N_total=50000 budget=0.002 -> N_p=100 poisons, y_adv=5(dog) target_class=2(bird)
[2026-09-09 20:59:46] === surrogates (20 x ConvNetBN, trained on the full real set) ===
[2026-09-09 20:59:46]   crafting on 5/20 surrogates
[2026-09-09 20:59:46] === clean victims (6 x ConvNetBN) ===
[2026-09-09 20:59:48]   clean baseline CTA = 0.8127 +/- 0.0074
[2026-09-09 20:59:48]   target pool 1000 -> eligible 963 (37 already predicted as y_adv or dropped)
[2026-09-09 20:59:48]   chosen 6 targets (file), p_adv range 0.0000..0.0000
[2026-09-09 20:59:48]   targets: [843, 1257, 8252, 8730, 8055, 5859]
[2026-09-09 20:59:48] === target 843 (1/6) ===
[2026-09-09 21:03:47]   target 843: crafted 100 poisons in 238 s, obj=0.29916
[2026-09-09 21:03:47]   target 843: realized linf = 0.03137 (8.00/255), budget = 8.00/255
[2026-09-09 21:04:39]   [t843 v1/6] fail (pred=bird) CTA=0.8080
[2026-09-09 21:05:29]   [t843 v2/6] fail (pred=bird) CTA=0.8080
[2026-09-09 21:06:19]   [t843 v3/6] SUCCESS (pred=dog) CTA=0.8100
[2026-09-09 21:07:10]   [t843 v4/6] fail (pred=bird) CTA=0.8101
[2026-09-09 21:08:00]   [t843 v5/6] fail (pred=bird) CTA=0.7997
[2026-09-09 21:08:50]   [t843 v6/6] fail (pred=bird) CTA=0.7867
[2026-09-09 21:08:50]   target 843, 6 victims on this gpu: ASR=16.7% CTA=0.8037 +/- 0.0084
[2026-09-09 21:08:50] === target 1257 (2/6) ===
[2026-09-09 21:12:49]   target 1257: crafted 100 poisons in 237 s, obj=0.28280
[2026-09-09 21:12:49]   target 1257: realized linf = 0.03137 (8.00/255), budget = 8.00/255
[2026-09-09 21:13:41]   [t1257 v1/6] fail (pred=bird) CTA=0.7993
[2026-09-09 21:14:30]   [t1257 v2/6] fail (pred=bird) CTA=0.8101
[2026-09-09 21:15:20]   [t1257 v3/6] SUCCESS (pred=dog) CTA=0.8133
[2026-09-09 21:16:10]   [t1257 v4/6] fail (pred=bird) CTA=0.8070
[2026-09-09 21:17:00]   [t1257 v5/6] fail (pred=bird) CTA=0.8009
[2026-09-09 21:17:49]   [t1257 v6/6] fail (pred=bird) CTA=0.7975
[2026-09-09 21:17:49]   target 1257, 6 victims on this gpu: ASR=16.7% CTA=0.8047 +/- 0.0058
[2026-09-09 21:17:49] === target 8252 (3/6) ===
[2026-09-09 21:21:48]   target 8252: crafted 100 poisons in 238 s, obj=0.23305
[2026-09-09 21:21:48]   target 8252: realized linf = 0.03137 (8.00/255), budget = 8.00/255
[2026-09-09 21:22:40]   [t8252 v1/6] SUCCESS (pred=dog) CTA=0.8015
[2026-09-09 21:23:30]   [t8252 v2/6] SUCCESS (pred=dog) CTA=0.8164
[2026-09-09 21:24:20]   [t8252 v3/6] SUCCESS (pred=dog) CTA=0.7998
[2026-09-09 21:25:09]   [t8252 v4/6] SUCCESS (pred=dog) CTA=0.7954
[2026-09-09 21:25:59]   [t8252 v5/6] fail (pred=cat) CTA=0.7911
[2026-09-09 21:26:49]   [t8252 v6/6] SUCCESS (pred=dog) CTA=0.8095
[2026-09-09 21:26:49]   target 8252, 6 victims on this gpu: ASR=83.3% CTA=0.8023 +/- 0.0085
[2026-09-09 21:26:49] === target 8730 (4/6) ===
[2026-09-09 21:30:48]   target 8730: crafted 100 poisons in 238 s, obj=0.26489
[2026-09-09 21:30:48]   target 8730: realized linf = 0.03137 (8.00/255), budget = 8.00/255
[2026-09-09 21:31:40]   [t8730 v1/6] fail (pred=bird) CTA=0.8034
[2026-09-09 21:32:30]   [t8730 v2/6] fail (pred=airplane) CTA=0.8096
[2026-09-09 21:33:20]   [t8730 v3/6] fail (pred=bird) CTA=0.8108
[2026-09-09 21:34:09]   [t8730 v4/6] fail (pred=bird) CTA=0.8038
[2026-09-09 21:34:59]   [t8730 v5/6] fail (pred=bird) CTA=0.8038
[2026-09-09 21:35:49]   [t8730 v6/6] fail (pred=bird) CTA=0.8141
[2026-09-09 21:35:49]   target 8730, 6 victims on this gpu: ASR=0.0% CTA=0.8076 +/- 0.0041
[2026-09-09 21:35:49] === target 8055 (5/6) ===
[2026-09-09 21:39:48]   target 8055: crafted 100 poisons in 238 s, obj=0.31004
[2026-09-09 21:39:48]   target 8055: realized linf = 0.03137 (8.00/255), budget = 8.00/255
[2026-09-09 21:40:40]   [t8055 v1/6] fail (pred=bird) CTA=0.8126
[2026-09-09 21:41:29]   [t8055 v2/6] fail (pred=bird) CTA=0.8050
[2026-09-09 21:42:19]   [t8055 v3/6] SUCCESS (pred=dog) CTA=0.8126
[2026-09-09 21:43:09]   [t8055 v4/6] fail (pred=bird) CTA=0.7948
[2026-09-09 21:43:59]   [t8055 v5/6] fail (pred=bird) CTA=0.8156
[2026-09-09 21:44:49]   [t8055 v6/6] fail (pred=bird) CTA=0.7991
[2026-09-09 21:44:49]   target 8055, 6 victims on this gpu: ASR=16.7% CTA=0.8066 +/- 0.0076
[2026-09-09 21:44:49] === target 5859 (6/6) ===
[2026-09-09 21:48:48]   target 5859: crafted 100 poisons in 238 s, obj=0.25948
[2026-09-09 21:48:48]   target 5859: realized linf = 0.03137 (8.00/255), budget = 8.00/255
[2026-09-09 21:49:39]   [t5859 v1/6] SUCCESS (pred=dog) CTA=0.8030
[2026-09-09 21:50:29]   [t5859 v2/6] SUCCESS (pred=dog) CTA=0.8036
[2026-09-09 21:51:19]   [t5859 v3/6] fail (pred=bird) CTA=0.8103
[2026-09-09 21:52:09]   [t5859 v4/6] fail (pred=bird) CTA=0.7980
[2026-09-09 21:52:59]   [t5859 v5/6] SUCCESS (pred=dog) CTA=0.8091
[2026-09-09 21:53:48]   [t5859 v6/6] fail (pred=bird) CTA=0.8007
[2026-09-09 21:53:48]   target 5859, 6 victims on this gpu: ASR=50.0% CTA=0.8041 +/- 0.0044
[2026-09-09 21:53:48] ==== CIFAR10_ConvNetBN_gradmatch_ours_dog-bird_b0.002_eps8_seed42_lam1000_cosine_ce5_tgt70 : ASR = 30.6% +/- 27.9% | CTA = 0.8048 (baseline 0.8127) ====
[2026-09-09 21:53:48]   target-prediction tally ['airplane', 'automobile', 'bird', 'cat', 'deer', 'dog', 'frog', 'horse', 'ship', 'truck']: [1, 0, 23, 1, 0, 11, 0, 0, 0, 0]

sync: preserving outputs in /home/mmoslem3/scratch/PoisonBase
sync: complete
