stage: optional directory absent: /home/mmoslem3/scratch/PoisonBase/ours_result/CIFAR10_ConvNetBN_sapa_ours_dog-bird_b0.002_eps8_seed42_lam10_cosine_worst0.05_ce5_tgt70
job: 858638 marginwpb_034_convnet_sapa_db_b0002_c10 on rack02-16
work: /tmp/attack_if
config: LAMBDA_MARGIN=10 USE_JACOBIAN_SCORE=0 MODEL=ConvNetBN ATTACK=sapa CLASS_PAIR=dog-bird BUDGETS=0.002 SELECT=ours NUM_TARGETS=6 NUM_VICTIMS=6 sh sel_dpp.sh
protocol: attack=6 targets x 6 victims
gpu: NVIDIA L40S
=== ours (plain greedy top-N_p by score) | ConvNetBN / sapa / dog-bird | sharp worst sigma=0.05 ===
    targets: pinned from target_sets/ConvNetBN_gradmatch_dog-bird.json (same 10 the random-base run attacked)
    difficulty label tgt70   craft flags: none
    Jacobian score disabled
    legacy score: z(distance) + 10*z(margin)
    budgets: 0.002

--- ours | ConvNetBN / sapa / dog-bird | sharp worst sigma=0.05 | budget 0.002 ---
[2026-09-09 21:05:14] === run start: CIFAR10_ConvNetBN_sapa_ours_dog-bird_b0.002_eps8_seed42_lam10_cosine_worst0.05_ce5_tgt70 on cuda [0] ===
[2026-09-09 21:05:14] args: {"FORCE": false, "attack": "sapa", "base": "ours", "base_dist": "cosine", "base_topr": null, "budget": 0.002, "cache_dir": "/tmp/attack_if/cache", "class_pair": "dog-bird", "clean_baseline": true, "craft_alpha": 0.0039216, "craft_aug": true, "craft_batch": 256, "craft_ensemble": 5, "craft_lowmem": false, "craft_schedule": false, "craft_steps": 750, "data_path": "/tmp/data", "dataset": "CIFAR10", "distance_margin_coef": null, "dsa_strategy": "color_crop_cutout_flip_scale_rotate", "epsilon": 0.0313725, "fast_gradmatch": false, "fc_mode": "sample", "fc_restarts": 1, "gpus": "all", "jacobian_batch_size": 64, "jacobian_weight": 1.0, "lambda_margin": 10.0, "model": "ConvNetBN", "no_resume": false, "num_poisons": 500, "num_surrogates": 20, "num_targets": 6, "num_victims": 6, "out_dir": "/tmp/attack_if/ours_result", "pair_order": "poison-target", "parallel_pretrain": true, "parallel_targets": true, "precompute_id": null, "precompute_only": false, "precompute_part": "both", "rank_on_victims": true, "recompute_deltas": false, "require_correct_target": false, "restarts": 8, "seed": 42, "sel_K": null, "sel_alpha": 1.0, "sel_criterion": null, "sel_dpp": false, "sel_filter": false, "sel_mmr": false, "sel_mode": null, "sel_model": null, "sel_mu": 1.0, "sel_pca": false, "sel_pool": 3.0, "sharp_mode": "worst", "sharp_samples": 20, "sharp_sigma": 0.05, "steal_timeout": 7200.0, "surrogate_aug": false, "surrogate_bs": 128, "surrogate_decay": [35, 45], "surrogate_epochs": 60, "surrogate_lr": 0.1, "surrogate_wd": 0.0, "target_idx_file": "target_sets/ConvNetBN_gradmatch_dog-bird.json", "target_select": 70, "use_jacobian_score": false, "victim_aug": false, "victim_bs": 125, "victim_decay": [40], "victim_epochs": 50, "victim_lr": 0.1, "victim_wd": 0.0}
[2026-09-09 21:05:14] Jacobian score: disabled
[2026-09-09 21:05:14] N_total=50000 budget=0.002 -> N_p=100 poisons, y_adv=5(dog) target_class=2(bird)
[2026-09-09 21:05:14] === surrogates (20 x ConvNetBN, trained on the full real set) ===
[2026-09-09 21:05:14]   crafting on 5/20 surrogates
[2026-09-09 21:05:14] === clean victims (6 x ConvNetBN) ===
[2026-09-09 21:05:15]   clean baseline CTA = 0.8127 +/- 0.0074
[2026-09-09 21:05:15]   target pool 1000 -> eligible 963 (37 already predicted as y_adv or dropped)
[2026-09-09 21:05:15]   chosen 6 targets (file), p_adv range 0.0000..0.0000
[2026-09-09 21:05:15]   targets: [843, 1257, 8252, 8730, 8055, 5859]
[2026-09-09 21:05:15] === target 843 (1/6) ===
[2026-09-09 21:09:14]   target 843: crafted 100 poisons in 237 s, obj=0.28455
[2026-09-09 21:09:14]   target 843: realized linf = 0.03137 (8.00/255), budget = 8.00/255
[2026-09-09 21:10:05]   [t843 v1/6] fail (pred=bird) CTA=0.8157
[2026-09-09 21:10:56]   [t843 v2/6] fail (pred=bird) CTA=0.8090
[2026-09-09 21:11:45]   [t843 v3/6] SUCCESS (pred=dog) CTA=0.7987
[2026-09-09 21:12:35]   [t843 v4/6] fail (pred=bird) CTA=0.8167
[2026-09-09 21:13:25]   [t843 v5/6] fail (pred=bird) CTA=0.8024
[2026-09-09 21:14:15]   [t843 v6/6] fail (pred=bird) CTA=0.7850
[2026-09-09 21:14:15]   target 843, 6 victims on this gpu: ASR=16.7% CTA=0.8046 +/- 0.0109
[2026-09-09 21:14:15] === target 1257 (2/6) ===
[2026-09-09 21:18:14]   target 1257: crafted 100 poisons in 237 s, obj=0.25670
[2026-09-09 21:18:14]   target 1257: realized linf = 0.03137 (8.00/255), budget = 8.00/255
[2026-09-09 21:19:05]   [t1257 v1/6] SUCCESS (pred=dog) CTA=0.7994
[2026-09-09 21:19:55]   [t1257 v2/6] fail (pred=bird) CTA=0.8060
[2026-09-09 21:20:45]   [t1257 v3/6] fail (pred=bird) CTA=0.8095
[2026-09-09 21:21:34]   [t1257 v4/6] fail (pred=bird) CTA=0.8032
[2026-09-09 21:22:24]   [t1257 v5/6] fail (pred=bird) CTA=0.7957
[2026-09-09 21:23:14]   [t1257 v6/6] fail (pred=bird) CTA=0.7914
[2026-09-09 21:23:14]   target 1257, 6 victims on this gpu: ASR=16.7% CTA=0.8009 +/- 0.0061
[2026-09-09 21:23:14] === target 8252 (3/6) ===
[2026-09-09 21:27:11]   target 8252: crafted 100 poisons in 236 s, obj=0.21592
[2026-09-09 21:27:11]   target 8252: realized linf = 0.03137 (8.00/255), budget = 8.00/255
[2026-09-09 21:28:03]   [t8252 v1/6] SUCCESS (pred=dog) CTA=0.8039
[2026-09-09 21:28:53]   [t8252 v2/6] SUCCESS (pred=dog) CTA=0.8141
[2026-09-09 21:29:42]   [t8252 v3/6] SUCCESS (pred=dog) CTA=0.8037
[2026-09-09 21:30:32]   [t8252 v4/6] fail (pred=bird) CTA=0.7947
[2026-09-09 21:31:22]   [t8252 v5/6] SUCCESS (pred=dog) CTA=0.7889
[2026-09-09 21:32:11]   [t8252 v6/6] fail (pred=deer) CTA=0.8082
[2026-09-09 21:32:11]   target 8252, 6 victims on this gpu: ASR=66.7% CTA=0.8023 +/- 0.0083
[2026-09-09 21:32:11] === target 8730 (4/6) ===
[2026-09-09 21:36:09]   target 8730: crafted 100 poisons in 236 s, obj=0.24297
[2026-09-09 21:36:09]   target 8730: realized linf = 0.03137 (8.00/255), budget = 8.00/255
[2026-09-09 21:37:01]   [t8730 v1/6] SUCCESS (pred=dog) CTA=0.8056
[2026-09-09 21:37:51]   [t8730 v2/6] fail (pred=bird) CTA=0.8053
[2026-09-09 21:38:40]   [t8730 v3/6] fail (pred=bird) CTA=0.8126
[2026-09-09 21:39:30]   [t8730 v4/6] SUCCESS (pred=dog) CTA=0.7991
[2026-09-09 21:40:20]   [t8730 v5/6] fail (pred=deer) CTA=0.8066
[2026-09-09 21:41:09]   [t8730 v6/6] fail (pred=bird) CTA=0.8137
[2026-09-09 21:41:09]   target 8730, 6 victims on this gpu: ASR=33.3% CTA=0.8071 +/- 0.0049
[2026-09-09 21:41:09] === target 8055 (5/6) ===
[2026-09-09 21:45:07]   target 8055: crafted 100 poisons in 236 s, obj=0.26689
[2026-09-09 21:45:07]   target 8055: realized linf = 0.03137 (8.00/255), budget = 8.00/255
[2026-09-09 21:45:59]   [t8055 v1/6] fail (pred=bird) CTA=0.8067
[2026-09-09 21:46:48]   [t8055 v2/6] SUCCESS (pred=dog) CTA=0.7975
[2026-09-09 21:47:38]   [t8055 v3/6] fail (pred=bird) CTA=0.8123
[2026-09-09 21:48:27]   [t8055 v4/6] fail (pred=bird) CTA=0.7994
[2026-09-09 21:49:17]   [t8055 v5/6] SUCCESS (pred=dog) CTA=0.8109
[2026-09-09 21:50:06]   [t8055 v6/6] fail (pred=bird) CTA=0.7938
[2026-09-09 21:50:06]   target 8055, 6 victims on this gpu: ASR=33.3% CTA=0.8034 +/- 0.0069
[2026-09-09 21:50:06] === target 5859 (6/6) ===
[2026-09-09 21:54:04]   target 5859: crafted 100 poisons in 236 s, obj=0.24375
[2026-09-09 21:54:04]   target 5859: realized linf = 0.03137 (8.00/255), budget = 8.00/255
[2026-09-09 21:54:56]   [t5859 v1/6] fail (pred=bird) CTA=0.8007
[2026-09-09 21:55:46]   [t5859 v2/6] SUCCESS (pred=dog) CTA=0.8130
[2026-09-09 21:56:35]   [t5859 v3/6] fail (pred=bird) CTA=0.7948
[2026-09-09 21:57:25]   [t5859 v4/6] fail (pred=bird) CTA=0.8000
[2026-09-09 21:58:15]   [t5859 v5/6] fail (pred=truck) CTA=0.8071
[2026-09-09 21:59:04]   [t5859 v6/6] fail (pred=bird) CTA=0.7934
[2026-09-09 21:59:04]   target 5859, 6 victims on this gpu: ASR=16.7% CTA=0.8015 +/- 0.0068
[2026-09-09 21:59:04] ==== CIFAR10_ConvNetBN_sapa_ours_dog-bird_b0.002_eps8_seed42_lam10_cosine_worst0.05_ce5_tgt70 : ASR = 30.6% +/- 17.8% | CTA = 0.8033 (baseline 0.8127) ====
[2026-09-09 21:59:04]   target-prediction tally ['airplane', 'automobile', 'bird', 'cat', 'deer', 'dog', 'frog', 'horse', 'ship', 'truck']: [0, 0, 22, 0, 2, 11, 0, 0, 0, 1]

sync: preserving outputs in /home/mmoslem3/scratch/PoisonBase
sync: complete
