job: 858632 marginwpb_028_convnet_sapa_db_b0005_c10 on rack14-07
work: /tmp/attack_if
config: LAMBDA_MARGIN=10 USE_JACOBIAN_SCORE=0 MODEL=ConvNetBN ATTACK=sapa CLASS_PAIR=dog-bird BUDGETS=0.005 SELECT=ours NUM_TARGETS=6 NUM_VICTIMS=6 sh sel_dpp.sh
protocol: attack=6 targets x 6 victims
gpu: NVIDIA L40S
=== ours (plain greedy top-N_p by score) | ConvNetBN / sapa / dog-bird | sharp worst sigma=0.05 ===
    targets: pinned from target_sets/ConvNetBN_gradmatch_dog-bird.json (same 10 the random-base run attacked)
    difficulty label tgt70   craft flags: none
    Jacobian score disabled
    legacy score: z(distance) + 10*z(margin)
    budgets: 0.005

--- ours | ConvNetBN / sapa / dog-bird | sharp worst sigma=0.05 | budget 0.005 ---
[2026-09-09 21:04:04] === run start: CIFAR10_ConvNetBN_sapa_ours_dog-bird_b0.005_eps8_seed42_lam10_cosine_worst0.05_ce5_tgt70 on cuda [0] ===
[2026-09-09 21:04:04] args: {"FORCE": false, "attack": "sapa", "base": "ours", "base_dist": "cosine", "base_topr": null, "budget": 0.005, "cache_dir": "/tmp/attack_if/cache", "class_pair": "dog-bird", "clean_baseline": true, "craft_alpha": 0.0039216, "craft_aug": true, "craft_batch": 256, "craft_ensemble": 5, "craft_lowmem": false, "craft_schedule": false, "craft_steps": 750, "data_path": "/tmp/data", "dataset": "CIFAR10", "distance_margin_coef": null, "dsa_strategy": "color_crop_cutout_flip_scale_rotate", "epsilon": 0.0313725, "fast_gradmatch": false, "fc_mode": "sample", "fc_restarts": 1, "gpus": "all", "jacobian_batch_size": 64, "jacobian_weight": 1.0, "lambda_margin": 10.0, "model": "ConvNetBN", "no_resume": false, "num_poisons": 500, "num_surrogates": 20, "num_targets": 6, "num_victims": 6, "out_dir": "/tmp/attack_if/ours_result", "pair_order": "poison-target", "parallel_pretrain": true, "parallel_targets": true, "precompute_id": null, "precompute_only": false, "precompute_part": "both", "rank_on_victims": true, "recompute_deltas": false, "require_correct_target": false, "restarts": 8, "seed": 42, "sel_K": null, "sel_alpha": 1.0, "sel_criterion": null, "sel_dpp": false, "sel_filter": false, "sel_mmr": false, "sel_mode": null, "sel_model": null, "sel_mu": 1.0, "sel_pca": false, "sel_pool": 3.0, "sharp_mode": "worst", "sharp_samples": 20, "sharp_sigma": 0.05, "steal_timeout": 7200.0, "surrogate_aug": false, "surrogate_bs": 128, "surrogate_decay": [35, 45], "surrogate_epochs": 60, "surrogate_lr": 0.1, "surrogate_wd": 0.0, "target_idx_file": "target_sets/ConvNetBN_gradmatch_dog-bird.json", "target_select": 70, "use_jacobian_score": false, "victim_aug": false, "victim_bs": 125, "victim_decay": [40], "victim_epochs": 50, "victim_lr": 0.1, "victim_wd": 0.0}
[2026-09-09 21:04:04] Jacobian score: disabled
[2026-09-09 21:04:04] N_total=50000 budget=0.005 -> N_p=250 poisons, y_adv=5(dog) target_class=2(bird)
[2026-09-09 21:04:04] === surrogates (20 x ConvNetBN, trained on the full real set) ===
[2026-09-09 21:04:04]   crafting on 5/20 surrogates
[2026-09-09 21:04:04] === clean victims (6 x ConvNetBN) ===
[2026-09-09 21:04:05]   clean baseline CTA = 0.8127 +/- 0.0074
[2026-09-09 21:04:05]   target pool 1000 -> eligible 963 (37 already predicted as y_adv or dropped)
[2026-09-09 21:04:05]   chosen 6 targets (file), p_adv range 0.0000..0.0000
[2026-09-09 21:04:05]   targets: [843, 1257, 8252, 8730, 8055, 5859]
[2026-09-09 21:04:05]   resume: 20 (target, victim) trials already done
[2026-09-09 21:04:05] === target 843 (1/6) ===
[2026-09-09 21:16:11]   target 843: crafted 250 poisons in 724 s, obj=0.27747
[2026-09-09 21:16:11]   target 843: realized linf = 0.03137 (8.00/255), budget = 8.00/255
[2026-09-09 21:17:03]   [t843 v5/6] fail (pred=bird) CTA=0.7984
[2026-09-09 21:17:53]   [t843 v6/6] fail (pred=bird) CTA=0.7936
[2026-09-09 21:17:53]   target 843, 2 victims on this gpu: ASR=0.0% CTA=0.7960 +/- 0.0024
[2026-09-09 21:17:53] === target 1257 (2/6) ===
[2026-09-09 21:29:58]   target 1257: crafted 250 poisons in 723 s, obj=0.23233
[2026-09-09 21:29:58]   target 1257: realized linf = 0.03137 (8.00/255), budget = 8.00/255
[2026-09-09 21:30:49]   [t1257 v5/6] SUCCESS (pred=dog) CTA=0.8032
[2026-09-09 21:31:40]   [t1257 v6/6] SUCCESS (pred=dog) CTA=0.7942
[2026-09-09 21:31:40]   target 1257, 2 victims on this gpu: ASR=100.0% CTA=0.7987 +/- 0.0045
[2026-09-09 21:31:40] === target 8252 (3/6) ===
[2026-09-09 21:43:43]   target 8252: crafted 250 poisons in 722 s, obj=0.20313
[2026-09-09 21:43:43]   target 8252: realized linf = 0.03137 (8.00/255), budget = 8.00/255
[2026-09-09 21:44:35]   [t8252 v5/6] SUCCESS (pred=dog) CTA=0.7953
[2026-09-09 21:45:25]   [t8252 v6/6] SUCCESS (pred=dog) CTA=0.8086
[2026-09-09 21:45:25]   target 8252, 2 victims on this gpu: ASR=100.0% CTA=0.8019 +/- 0.0066
[2026-09-09 21:45:25] === target 8730 (4/6) ===
[2026-09-09 21:57:29]   target 8730: crafted 250 poisons in 723 s, obj=0.22873
[2026-09-09 21:57:29]   target 8730: realized linf = 0.03137 (8.00/255), budget = 8.00/255
[2026-09-09 21:58:20]   [t8730 v5/6] SUCCESS (pred=dog) CTA=0.8025
[2026-09-09 21:59:11]   [t8730 v6/6] SUCCESS (pred=dog) CTA=0.8107
[2026-09-09 21:59:11]   target 8730, 2 victims on this gpu: ASR=100.0% CTA=0.8066 +/- 0.0041
[2026-09-09 21:59:11] === target 8055 (5/6) ===
[2026-09-09 22:11:15]   target 8055: crafted 250 poisons in 723 s, obj=0.26003
[2026-09-09 22:11:15]   target 8055: realized linf = 0.03137 (8.00/255), budget = 8.00/255
[2026-09-09 22:12:06]   [t8055 v5/6] SUCCESS (pred=dog) CTA=0.8140
[2026-09-09 22:12:56]   [t8055 v6/6] fail (pred=bird) CTA=0.7973
[2026-09-09 22:12:56]   target 8055, 2 victims on this gpu: ASR=50.0% CTA=0.8056 +/- 0.0083
[2026-09-09 22:12:56] === target 5859 (6/6) ===
[2026-09-09 22:25:01]   target 5859: crafted 250 poisons in 723 s, obj=0.22734
[2026-09-09 22:25:01]   target 5859: realized linf = 0.03137 (8.00/255), budget = 8.00/255
[2026-09-09 22:25:52]   [t5859 v1/6] SUCCESS (pred=dog) CTA=0.8027
[2026-09-09 22:26:42]   [t5859 v2/6] SUCCESS (pred=dog) CTA=0.8086
[2026-09-09 22:27:33]   [t5859 v3/6] SUCCESS (pred=dog) CTA=0.7991
[2026-09-09 22:28:23]   [t5859 v4/6] SUCCESS (pred=dog) CTA=0.8011
[2026-09-09 22:29:13]   [t5859 v5/6] SUCCESS (pred=dog) CTA=0.8106
[2026-09-09 22:30:03]   [t5859 v6/6] SUCCESS (pred=dog) CTA=0.8017
[2026-09-09 22:30:03]   target 5859, 6 victims on this gpu: ASR=100.0% CTA=0.8040 +/- 0.0042
[2026-09-09 22:30:03] ==== CIFAR10_ConvNetBN_sapa_ours_dog-bird_b0.005_eps8_seed42_lam10_cosine_worst0.05_ce5_tgt70 : ASR = 72.2% +/- 15.7% | CTA = 0.8049 (baseline 0.8127) ====
[2026-09-09 22:30:03]   target-prediction tally ['airplane', 'automobile', 'bird', 'cat', 'deer', 'dog', 'frog', 'horse', 'ship', 'truck']: [0, 0, 3, 0, 0, 13, 0, 0, 0, 0]

sync: preserving outputs in /home/mmoslem3/scratch/PoisonBase
sync: complete
