stage: optional directory absent: /home/mmoslem3/scratch/PoisonBase/ours_result/CIFAR10_ConvNetBN_sapa_ours_dog-bird_b0.005_eps8_seed42_lam5_cosine_worst0.05_ce5_tgt70
job: 858631 marginwpb_027_convnet_sapa_db_b0005_c5 on rack05-08
work: /tmp/attack_if
config: LAMBDA_MARGIN=5 USE_JACOBIAN_SCORE=0 MODEL=ConvNetBN ATTACK=sapa CLASS_PAIR=dog-bird BUDGETS=0.005 SELECT=ours NUM_TARGETS=6 NUM_VICTIMS=6 sh sel_dpp.sh
protocol: attack=6 targets x 6 victims
gpu: NVIDIA L40S
=== ours (plain greedy top-N_p by score) | ConvNetBN / sapa / dog-bird | sharp worst sigma=0.05 ===
    targets: pinned from target_sets/ConvNetBN_gradmatch_dog-bird.json (same 10 the random-base run attacked)
    difficulty label tgt70   craft flags: none
    Jacobian score disabled
    legacy score: z(distance) + 5*z(margin)
    budgets: 0.005

--- ours | ConvNetBN / sapa / dog-bird | sharp worst sigma=0.05 | budget 0.005 ---
[2026-09-09 21:04:04] === run start: CIFAR10_ConvNetBN_sapa_ours_dog-bird_b0.005_eps8_seed42_lam5_cosine_worst0.05_ce5_tgt70 on cuda [0] ===
[2026-09-09 21:04:04] args: {"FORCE": false, "attack": "sapa", "base": "ours", "base_dist": "cosine", "base_topr": null, "budget": 0.005, "cache_dir": "/tmp/attack_if/cache", "class_pair": "dog-bird", "clean_baseline": true, "craft_alpha": 0.0039216, "craft_aug": true, "craft_batch": 256, "craft_ensemble": 5, "craft_lowmem": false, "craft_schedule": false, "craft_steps": 750, "data_path": "/tmp/data", "dataset": "CIFAR10", "distance_margin_coef": null, "dsa_strategy": "color_crop_cutout_flip_scale_rotate", "epsilon": 0.0313725, "fast_gradmatch": false, "fc_mode": "sample", "fc_restarts": 1, "gpus": "all", "jacobian_batch_size": 64, "jacobian_weight": 1.0, "lambda_margin": 5.0, "model": "ConvNetBN", "no_resume": false, "num_poisons": 500, "num_surrogates": 20, "num_targets": 6, "num_victims": 6, "out_dir": "/tmp/attack_if/ours_result", "pair_order": "poison-target", "parallel_pretrain": true, "parallel_targets": true, "precompute_id": null, "precompute_only": false, "precompute_part": "both", "rank_on_victims": true, "recompute_deltas": false, "require_correct_target": false, "restarts": 8, "seed": 42, "sel_K": null, "sel_alpha": 1.0, "sel_criterion": null, "sel_dpp": false, "sel_filter": false, "sel_mmr": false, "sel_mode": null, "sel_model": null, "sel_mu": 1.0, "sel_pca": false, "sel_pool": 3.0, "sharp_mode": "worst", "sharp_samples": 20, "sharp_sigma": 0.05, "steal_timeout": 7200.0, "surrogate_aug": false, "surrogate_bs": 128, "surrogate_decay": [35, 45], "surrogate_epochs": 60, "surrogate_lr": 0.1, "surrogate_wd": 0.0, "target_idx_file": "target_sets/ConvNetBN_gradmatch_dog-bird.json", "target_select": 70, "use_jacobian_score": false, "victim_aug": false, "victim_bs": 125, "victim_decay": [40], "victim_epochs": 50, "victim_lr": 0.1, "victim_wd": 0.0}
[2026-09-09 21:04:04] Jacobian score: disabled
[2026-09-09 21:04:04] N_total=50000 budget=0.005 -> N_p=250 poisons, y_adv=5(dog) target_class=2(bird)
[2026-09-09 21:04:04] === surrogates (20 x ConvNetBN, trained on the full real set) ===
[2026-09-09 21:04:04]   crafting on 5/20 surrogates
[2026-09-09 21:04:04] === clean victims (6 x ConvNetBN) ===
[2026-09-09 21:04:05]   clean baseline CTA = 0.8127 +/- 0.0074
[2026-09-09 21:04:05]   target pool 1000 -> eligible 963 (37 already predicted as y_adv or dropped)
[2026-09-09 21:04:05]   chosen 6 targets (file), p_adv range 0.0000..0.0000
[2026-09-09 21:04:05]   targets: [843, 1257, 8252, 8730, 8055, 5859]
[2026-09-09 21:04:05] === target 843 (1/6) ===
[2026-09-09 21:16:06]   target 843: crafted 250 poisons in 720 s, obj=0.27496
[2026-09-09 21:16:06]   target 843: realized linf = 0.03137 (8.00/255), budget = 8.00/255
[2026-09-09 21:16:57]   [t843 v1/6] SUCCESS (pred=dog) CTA=0.8096
[2026-09-09 21:17:47]   [t843 v2/6] SUCCESS (pred=dog) CTA=0.8070
[2026-09-09 21:18:37]   [t843 v3/6] SUCCESS (pred=dog) CTA=0.8092
[2026-09-09 21:19:27]   [t843 v4/6] SUCCESS (pred=dog) CTA=0.8082
[2026-09-09 21:20:16]   [t843 v5/6] fail (pred=bird) CTA=0.8051
[2026-09-09 21:21:06]   [t843 v6/6] fail (pred=bird) CTA=0.7822
[2026-09-09 21:21:06]   target 843, 6 victims on this gpu: ASR=66.7% CTA=0.8036 +/- 0.0097
[2026-09-09 21:21:06] === target 1257 (2/6) ===
[2026-09-09 21:33:06]   target 1257: crafted 250 poisons in 719 s, obj=0.22760
[2026-09-09 21:33:06]   target 1257: realized linf = 0.03137 (8.00/255), budget = 8.00/255
[2026-09-09 21:33:57]   [t1257 v1/6] SUCCESS (pred=dog) CTA=0.7972
[2026-09-09 21:34:47]   [t1257 v2/6] SUCCESS (pred=dog) CTA=0.8121
[2026-09-09 21:35:37]   [t1257 v3/6] fail (pred=bird) CTA=0.8102
[2026-09-09 21:36:27]   [t1257 v4/6] SUCCESS (pred=dog) CTA=0.8068
[2026-09-09 21:37:17]   [t1257 v5/6] SUCCESS (pred=dog) CTA=0.7971
[2026-09-09 21:38:07]   [t1257 v6/6] fail (pred=deer) CTA=0.7982
[2026-09-09 21:38:07]   target 1257, 6 victims on this gpu: ASR=66.7% CTA=0.8036 +/- 0.0063
[2026-09-09 21:38:07] === target 8252 (3/6) ===
[2026-09-09 21:50:07]   target 8252: crafted 250 poisons in 718 s, obj=0.20098
[2026-09-09 21:50:07]   target 8252: realized linf = 0.03137 (8.00/255), budget = 8.00/255
[2026-09-09 21:50:57]   [t8252 v1/6] SUCCESS (pred=dog) CTA=0.8028
[2026-09-09 21:51:48]   [t8252 v2/6] SUCCESS (pred=dog) CTA=0.8173
[2026-09-09 21:52:37]   [t8252 v3/6] SUCCESS (pred=dog) CTA=0.8012
[2026-09-09 21:53:27]   [t8252 v4/6] SUCCESS (pred=dog) CTA=0.8064
[2026-09-09 21:54:17]   [t8252 v5/6] SUCCESS (pred=dog) CTA=0.8056
[2026-09-09 21:55:07]   [t8252 v6/6] SUCCESS (pred=dog) CTA=0.8077
[2026-09-09 21:55:07]   target 8252, 6 victims on this gpu: ASR=100.0% CTA=0.8068 +/- 0.0052
[2026-09-09 21:55:07] === target 8730 (4/6) ===
[2026-09-09 22:07:07]   target 8730: crafted 250 poisons in 719 s, obj=0.22496
[2026-09-09 22:07:07]   target 8730: realized linf = 0.03137 (8.00/255), budget = 8.00/255
[2026-09-09 22:07:59]   [t8730 v1/6] fail (pred=bird) CTA=0.8023
[2026-09-09 22:08:49]   [t8730 v2/6] fail (pred=bird) CTA=0.8099
[2026-09-09 22:09:39]   [t8730 v3/6] SUCCESS (pred=dog) CTA=0.8144
[2026-09-09 22:10:29]   [t8730 v4/6] fail (pred=bird) CTA=0.7937
[2026-09-09 22:11:19]   [t8730 v5/6] fail (pred=bird) CTA=0.8007
[2026-09-09 22:12:09]   [t8730 v6/6] fail (pred=bird) CTA=0.8095
[2026-09-09 22:12:09]   target 8730, 6 victims on this gpu: ASR=16.7% CTA=0.8051 +/- 0.0069
[2026-09-09 22:12:09] === target 8055 (5/6) ===
[2026-09-09 22:24:09]   target 8055: crafted 250 poisons in 719 s, obj=0.25773
[2026-09-09 22:24:09]   target 8055: realized linf = 0.03137 (8.00/255), budget = 8.00/255
[2026-09-09 22:25:00]   [t8055 v1/6] SUCCESS (pred=dog) CTA=0.8057
[2026-09-09 22:25:50]   [t8055 v2/6] SUCCESS (pred=dog) CTA=0.8053
[2026-09-09 22:26:40]   [t8055 v3/6] SUCCESS (pred=dog) CTA=0.8189
[2026-09-09 22:27:30]   [t8055 v4/6] fail (pred=bird) CTA=0.8012
[2026-09-09 22:28:19]   [t8055 v5/6] fail (pred=bird) CTA=0.8147
[2026-09-09 22:29:09]   [t8055 v6/6] SUCCESS (pred=dog) CTA=0.8019
[2026-09-09 22:29:09]   target 8055, 6 victims on this gpu: ASR=66.7% CTA=0.8079 +/- 0.0066
[2026-09-09 22:29:09] === target 5859 (6/6) ===
[2026-09-09 22:41:10]   target 5859: crafted 250 poisons in 719 s, obj=0.22703
[2026-09-09 22:41:10]   target 5859: realized linf = 0.03137 (8.00/255), budget = 8.00/255
[2026-09-09 22:42:01]   [t5859 v1/6] fail (pred=bird) CTA=0.8038
[2026-09-09 22:42:51]   [t5859 v2/6] SUCCESS (pred=dog) CTA=0.8129
[2026-09-09 22:43:41]   [t5859 v3/6] fail (pred=cat) CTA=0.8002
[2026-09-09 22:44:31]   [t5859 v4/6] SUCCESS (pred=dog) CTA=0.8033
[2026-09-09 22:45:21]   [t5859 v5/6] SUCCESS (pred=dog) CTA=0.8067
[2026-09-09 22:46:11]   [t5859 v6/6] fail (pred=bird) CTA=0.7977
[2026-09-09 22:46:11]   target 5859, 6 victims on this gpu: ASR=50.0% CTA=0.8041 +/- 0.0048
[2026-09-09 22:46:11] ==== CIFAR10_ConvNetBN_sapa_ours_dog-bird_b0.005_eps8_seed42_lam5_cosine_worst0.05_ce5_tgt70 : ASR = 61.1% +/- 24.8% | CTA = 0.8052 (baseline 0.8127) ====
[2026-09-09 22:46:11]   target-prediction tally ['airplane', 'automobile', 'bird', 'cat', 'deer', 'dog', 'frog', 'horse', 'ship', 'truck']: [0, 0, 12, 1, 1, 22, 0, 0, 0, 0]

sync: preserving outputs in /home/mmoslem3/scratch/PoisonBase
sync: complete
