stage: optional directory absent: /home/mmoslem3/scratch/PoisonBase/ours_result/CIFAR10_ConvNetBN_gradmatch_ours_dog-bird_b0.002_eps8_seed42_lam5_cosine_ce5_tgt70
job: 858619 marginwpb_015_convnet_gm_db_b0002_c5 on rack13-08
work: /tmp/attack_if
config: LAMBDA_MARGIN=5 USE_JACOBIAN_SCORE=0 MODEL=ConvNetBN ATTACK=gradmatch CLASS_PAIR=dog-bird BUDGETS=0.002 SELECT=ours NUM_TARGETS=6 NUM_VICTIMS=6 sh sel_dpp.sh
protocol: attack=6 targets x 6 victims
gpu: NVIDIA L40S
=== ours (plain greedy top-N_p by score) | ConvNetBN / gradmatch / dog-bird ===
    targets: pinned from target_sets/ConvNetBN_gradmatch_dog-bird.json (same 10 the random-base run attacked)
    difficulty label tgt70   craft flags: none
    Jacobian score disabled
    legacy score: z(distance) + 5*z(margin)
    budgets: 0.002

--- ours | ConvNetBN / gradmatch / dog-bird | budget 0.002 ---
[2026-09-09 20:53:24] === run start: CIFAR10_ConvNetBN_gradmatch_ours_dog-bird_b0.002_eps8_seed42_lam5_cosine_ce5_tgt70 on cuda [0] ===
[2026-09-09 20:53:24] args: {"FORCE": false, "attack": "gradmatch", "base": "ours", "base_dist": "cosine", "base_topr": null, "budget": 0.002, "cache_dir": "/tmp/attack_if/cache", "class_pair": "dog-bird", "clean_baseline": true, "craft_alpha": 0.0039216, "craft_aug": true, "craft_batch": 256, "craft_ensemble": 5, "craft_lowmem": false, "craft_schedule": false, "craft_steps": 750, "data_path": "/tmp/data", "dataset": "CIFAR10", "distance_margin_coef": null, "dsa_strategy": "color_crop_cutout_flip_scale_rotate", "epsilon": 0.0313725, "fast_gradmatch": false, "fc_mode": "sample", "fc_restarts": 1, "gpus": "all", "jacobian_batch_size": 64, "jacobian_weight": 1.0, "lambda_margin": 5.0, "model": "ConvNetBN", "no_resume": false, "num_poisons": 500, "num_surrogates": 20, "num_targets": 6, "num_victims": 6, "out_dir": "/tmp/attack_if/ours_result", "pair_order": "poison-target", "parallel_pretrain": true, "parallel_targets": true, "precompute_id": null, "precompute_only": false, "precompute_part": "both", "rank_on_victims": true, "recompute_deltas": false, "require_correct_target": false, "restarts": 8, "seed": 42, "sel_K": null, "sel_alpha": 1.0, "sel_criterion": null, "sel_dpp": false, "sel_filter": false, "sel_mmr": false, "sel_mode": null, "sel_model": null, "sel_mu": 1.0, "sel_pca": false, "sel_pool": 3.0, "sharp_mode": "worst", "sharp_samples": 20, "sharp_sigma": 0.05, "steal_timeout": 7200.0, "surrogate_aug": false, "surrogate_bs": 128, "surrogate_decay": [35, 45], "surrogate_epochs": 60, "surrogate_lr": 0.1, "surrogate_wd": 0.0, "target_idx_file": "target_sets/ConvNetBN_gradmatch_dog-bird.json", "target_select": 70, "use_jacobian_score": false, "victim_aug": false, "victim_bs": 125, "victim_decay": [40], "victim_epochs": 50, "victim_lr": 0.1, "victim_wd": 0.0}
[2026-09-09 20:53:24] Jacobian score: disabled
[2026-09-09 20:53:24] N_total=50000 budget=0.002 -> N_p=100 poisons, y_adv=5(dog) target_class=2(bird)
[2026-09-09 20:53:24] === surrogates (20 x ConvNetBN, trained on the full real set) ===
[2026-09-09 20:53:24]   crafting on 5/20 surrogates
[2026-09-09 20:53:24] === clean victims (6 x ConvNetBN) ===
[2026-09-09 20:53:25]   clean baseline CTA = 0.8127 +/- 0.0074
[2026-09-09 20:53:25]   target pool 1000 -> eligible 963 (37 already predicted as y_adv or dropped)
[2026-09-09 20:53:25]   chosen 6 targets (file), p_adv range 0.0000..0.0000
[2026-09-09 20:53:25]   targets: [843, 1257, 8252, 8730, 8055, 5859]
[2026-09-09 20:53:25] === target 843 (1/6) ===
[2026-09-09 20:57:20]   target 843: crafted 100 poisons in 233 s, obj=0.28340
[2026-09-09 20:57:20]   target 843: realized linf = 0.03137 (8.00/255), budget = 8.00/255
[2026-09-09 20:58:11]   [t843 v1/6] SUCCESS (pred=dog) CTA=0.8063
[2026-09-09 20:59:01]   [t843 v2/6] fail (pred=bird) CTA=0.8050
[2026-09-09 20:59:50]   [t843 v3/6] fail (pred=bird) CTA=0.8075
[2026-09-09 21:00:40]   [t843 v4/6] SUCCESS (pred=dog) CTA=0.8171
[2026-09-09 21:01:30]   [t843 v5/6] fail (pred=bird) CTA=0.8004
[2026-09-09 21:02:20]   [t843 v6/6] fail (pred=bird) CTA=0.7861
[2026-09-09 21:02:20]   target 843, 6 victims on this gpu: ASR=33.3% CTA=0.8037 +/- 0.0093
[2026-09-09 21:02:20] === target 1257 (2/6) ===
[2026-09-09 21:06:14]   target 1257: crafted 100 poisons in 233 s, obj=0.23606
[2026-09-09 21:06:14]   target 1257: realized linf = 0.03137 (8.00/255), budget = 8.00/255
[2026-09-09 21:07:06]   [t1257 v1/6] fail (pred=bird) CTA=0.8013
[2026-09-09 21:07:55]   [t1257 v2/6] fail (pred=bird) CTA=0.8089
[2026-09-09 21:08:45]   [t1257 v3/6] fail (pred=bird) CTA=0.8094
[2026-09-09 21:09:34]   [t1257 v4/6] fail (pred=bird) CTA=0.7984
[2026-09-09 21:10:24]   [t1257 v5/6] fail (pred=bird) CTA=0.7961
[2026-09-09 21:11:13]   [t1257 v6/6] fail (pred=bird) CTA=0.7904
[2026-09-09 21:11:13]   target 1257, 6 victims on this gpu: ASR=0.0% CTA=0.8007 +/- 0.0068
[2026-09-09 21:11:13] === target 8252 (3/6) ===
[2026-09-09 21:15:08]   target 8252: crafted 100 poisons in 233 s, obj=0.22328
[2026-09-09 21:15:08]   target 8252: realized linf = 0.03137 (8.00/255), budget = 8.00/255
[2026-09-09 21:16:00]   [t8252 v1/6] fail (pred=horse) CTA=0.7947
[2026-09-09 21:16:49]   [t8252 v2/6] SUCCESS (pred=dog) CTA=0.8139
[2026-09-09 21:17:39]   [t8252 v3/6] SUCCESS (pred=dog) CTA=0.8045
[2026-09-09 21:18:29]   [t8252 v4/6] SUCCESS (pred=dog) CTA=0.8020
[2026-09-09 21:19:18]   [t8252 v5/6] SUCCESS (pred=dog) CTA=0.7884
[2026-09-09 21:20:08]   [t8252 v6/6] fail (pred=horse) CTA=0.8120
[2026-09-09 21:20:08]   target 8252, 6 victims on this gpu: ASR=66.7% CTA=0.8026 +/- 0.0090
[2026-09-09 21:20:08] === target 8730 (4/6) ===
[2026-09-09 21:24:02]   target 8730: crafted 100 poisons in 233 s, obj=0.23186
[2026-09-09 21:24:02]   target 8730: realized linf = 0.03137 (8.00/255), budget = 8.00/255
[2026-09-09 21:24:54]   [t8730 v1/6] fail (pred=bird) CTA=0.8044
[2026-09-09 21:25:43]   [t8730 v2/6] fail (pred=bird) CTA=0.8097
[2026-09-09 21:26:33]   [t8730 v3/6] SUCCESS (pred=dog) CTA=0.8163
[2026-09-09 21:27:22]   [t8730 v4/6] fail (pred=bird) CTA=0.7992
[2026-09-09 21:28:12]   [t8730 v5/6] fail (pred=frog) CTA=0.7995
[2026-09-09 21:29:01]   [t8730 v6/6] fail (pred=bird) CTA=0.8141
[2026-09-09 21:29:01]   target 8730, 6 victims on this gpu: ASR=16.7% CTA=0.8072 +/- 0.0067
[2026-09-09 21:29:01] === target 8055 (5/6) ===
[2026-09-09 21:32:56]   target 8055: crafted 100 poisons in 233 s, obj=0.26505
[2026-09-09 21:32:56]   target 8055: realized linf = 0.03137 (8.00/255), budget = 8.00/255
[2026-09-09 21:33:47]   [t8055 v1/6] fail (pred=bird) CTA=0.8095
[2026-09-09 21:34:37]   [t8055 v2/6] fail (pred=bird) CTA=0.7986
[2026-09-09 21:35:27]   [t8055 v3/6] SUCCESS (pred=dog) CTA=0.8053
[2026-09-09 21:36:16]   [t8055 v4/6] fail (pred=bird) CTA=0.7965
[2026-09-09 21:37:06]   [t8055 v5/6] fail (pred=bird) CTA=0.8157
[2026-09-09 21:37:55]   [t8055 v6/6] SUCCESS (pred=dog) CTA=0.8039
[2026-09-09 21:37:55]   target 8055, 6 victims on this gpu: ASR=33.3% CTA=0.8049 +/- 0.0064
[2026-09-09 21:37:55] === target 5859 (6/6) ===
[2026-09-09 21:41:50]   target 5859: crafted 100 poisons in 233 s, obj=0.24246
[2026-09-09 21:41:50]   target 5859: realized linf = 0.03137 (8.00/255), budget = 8.00/255
[2026-09-09 21:42:42]   [t5859 v1/6] fail (pred=bird) CTA=0.7937
[2026-09-09 21:43:31]   [t5859 v2/6] fail (pred=bird) CTA=0.8010
[2026-09-09 21:44:21]   [t5859 v3/6] fail (pred=bird) CTA=0.8084
[2026-09-09 21:45:11]   [t5859 v4/6] fail (pred=bird) CTA=0.8025
[2026-09-09 21:46:00]   [t5859 v5/6] SUCCESS (pred=dog) CTA=0.8048
[2026-09-09 21:46:50]   [t5859 v6/6] fail (pred=horse) CTA=0.7945
[2026-09-09 21:46:50]   target 5859, 6 victims on this gpu: ASR=16.7% CTA=0.8008 +/- 0.0053
[2026-09-09 21:46:50] ==== CIFAR10_ConvNetBN_gradmatch_ours_dog-bird_b0.002_eps8_seed42_lam5_cosine_ce5_tgt70 : ASR = 27.8% +/- 20.8% | CTA = 0.8033 (baseline 0.8127) ====
[2026-09-09 21:46:50]   target-prediction tally ['airplane', 'automobile', 'bird', 'cat', 'deer', 'dog', 'frog', 'horse', 'ship', 'truck']: [0, 0, 22, 0, 0, 10, 1, 3, 0, 0]

sync: preserving outputs in /home/mmoslem3/scratch/PoisonBase
sync: complete
