stage: optional directory absent: /home/mmoslem3/scratch/PoisonBase/ours_result/CIFAR10_ConvNetBN_sapa_ours_dog-bird_b0.005_eps8_seed42_lam1000_cosine_worst0.05_ce5_tgt70
job: 858681 marginwpb_030_convnet_sapa_db_b0005_c1000 on rack13-02
work: /tmp/attack_if
config: LAMBDA_MARGIN=1000 USE_JACOBIAN_SCORE=0 MODEL=ConvNetBN ATTACK=sapa CLASS_PAIR=dog-bird BUDGETS=0.005 SELECT=ours NUM_TARGETS=6 NUM_VICTIMS=6 sh sel_dpp.sh
protocol: attack=6 targets x 6 victims
gpu: NVIDIA L40S
=== ours (plain greedy top-N_p by score) | ConvNetBN / sapa / dog-bird | sharp worst sigma=0.05 ===
    targets: pinned from target_sets/ConvNetBN_gradmatch_dog-bird.json (same 10 the random-base run attacked)
    difficulty label tgt70   craft flags: none
    Jacobian score disabled
    legacy score: z(distance) + 1000*z(margin)
    budgets: 0.005

--- ours | ConvNetBN / sapa / dog-bird | sharp worst sigma=0.05 | budget 0.005 ---
[2026-09-09 21:15:40] === run start: CIFAR10_ConvNetBN_sapa_ours_dog-bird_b0.005_eps8_seed42_lam1000_cosine_worst0.05_ce5_tgt70 on cuda [0] ===
[2026-09-09 21:15:40] args: {"FORCE": false, "attack": "sapa", "base": "ours", "base_dist": "cosine", "base_topr": null, "budget": 0.005, "cache_dir": "/tmp/attack_if/cache", "class_pair": "dog-bird", "clean_baseline": true, "craft_alpha": 0.0039216, "craft_aug": true, "craft_batch": 256, "craft_ensemble": 5, "craft_lowmem": false, "craft_schedule": false, "craft_steps": 750, "data_path": "/tmp/data", "dataset": "CIFAR10", "distance_margin_coef": null, "dsa_strategy": "color_crop_cutout_flip_scale_rotate", "epsilon": 0.0313725, "fast_gradmatch": false, "fc_mode": "sample", "fc_restarts": 1, "gpus": "all", "jacobian_batch_size": 64, "jacobian_weight": 1.0, "lambda_margin": 1000.0, "model": "ConvNetBN", "no_resume": false, "num_poisons": 500, "num_surrogates": 20, "num_targets": 6, "num_victims": 6, "out_dir": "/tmp/attack_if/ours_result", "pair_order": "poison-target", "parallel_pretrain": true, "parallel_targets": true, "precompute_id": null, "precompute_only": false, "precompute_part": "both", "rank_on_victims": true, "recompute_deltas": false, "require_correct_target": false, "restarts": 8, "seed": 42, "sel_K": null, "sel_alpha": 1.0, "sel_criterion": null, "sel_dpp": false, "sel_filter": false, "sel_mmr": false, "sel_mode": null, "sel_model": null, "sel_mu": 1.0, "sel_pca": false, "sel_pool": 3.0, "sharp_mode": "worst", "sharp_samples": 20, "sharp_sigma": 0.05, "steal_timeout": 7200.0, "surrogate_aug": false, "surrogate_bs": 128, "surrogate_decay": [35, 45], "surrogate_epochs": 60, "surrogate_lr": 0.1, "surrogate_wd": 0.0, "target_idx_file": "target_sets/ConvNetBN_gradmatch_dog-bird.json", "target_select": 70, "use_jacobian_score": false, "victim_aug": false, "victim_bs": 125, "victim_decay": [40], "victim_epochs": 50, "victim_lr": 0.1, "victim_wd": 0.0}
[2026-09-09 21:15:40] Jacobian score: disabled
[2026-09-09 21:15:40] N_total=50000 budget=0.005 -> N_p=250 poisons, y_adv=5(dog) target_class=2(bird)
[2026-09-09 21:15:40] === surrogates (20 x ConvNetBN, trained on the full real set) ===
[2026-09-09 21:15:40]   crafting on 5/20 surrogates
[2026-09-09 21:15:40] === clean victims (6 x ConvNetBN) ===
[2026-09-09 21:15:41]   clean baseline CTA = 0.8127 +/- 0.0074
[2026-09-09 21:15:41]   target pool 1000 -> eligible 963 (37 already predicted as y_adv or dropped)
[2026-09-09 21:15:41]   chosen 6 targets (file), p_adv range 0.0000..0.0000
[2026-09-09 21:15:41]   targets: [843, 1257, 8252, 8730, 8055, 5859]
[2026-09-09 21:15:41] === target 843 (1/6) ===
[2026-09-09 21:27:42]   target 843: crafted 250 poisons in 719 s, obj=0.28870
[2026-09-09 21:27:42]   target 843: realized linf = 0.03137 (8.00/255), budget = 8.00/255
[2026-09-09 21:28:34]   [t843 v1/6] fail (pred=bird) CTA=0.8064
[2026-09-09 21:29:24]   [t843 v2/6] fail (pred=bird) CTA=0.8053
[2026-09-09 21:30:14]   [t843 v3/6] SUCCESS (pred=dog) CTA=0.8117
[2026-09-09 21:31:04]   [t843 v4/6] SUCCESS (pred=dog) CTA=0.8133
[2026-09-09 21:31:55]   [t843 v5/6] fail (pred=bird) CTA=0.7999
[2026-09-09 21:32:45]   [t843 v6/6] fail (pred=bird) CTA=0.7879
[2026-09-09 21:32:45]   target 843, 6 victims on this gpu: ASR=33.3% CTA=0.8041 +/- 0.0085
[2026-09-09 21:32:45] === target 1257 (2/6) ===
[2026-09-09 21:44:44]   target 1257: crafted 250 poisons in 718 s, obj=0.25082
[2026-09-09 21:44:44]   target 1257: realized linf = 0.03137 (8.00/255), budget = 8.00/255
[2026-09-09 21:45:36]   [t1257 v1/6] fail (pred=bird) CTA=0.7998
[2026-09-09 21:46:26]   [t1257 v2/6] fail (pred=bird) CTA=0.8121
[2026-09-09 21:47:16]   [t1257 v3/6] fail (pred=bird) CTA=0.8157
[2026-09-09 21:48:06]   [t1257 v4/6] fail (pred=bird) CTA=0.8040
[2026-09-09 21:48:56]   [t1257 v5/6] fail (pred=bird) CTA=0.8039
[2026-09-09 21:49:45]   [t1257 v6/6] SUCCESS (pred=dog) CTA=0.7971
[2026-09-09 21:49:46]   target 1257, 6 victims on this gpu: ASR=16.7% CTA=0.8054 +/- 0.0065
[2026-09-09 21:49:46] === target 8252 (3/6) ===
[2026-09-09 22:01:44]   target 8252: crafted 250 poisons in 717 s, obj=0.20942
[2026-09-09 22:01:44]   target 8252: realized linf = 0.03137 (8.00/255), budget = 8.00/255
[2026-09-09 22:02:35]   [t8252 v1/6] SUCCESS (pred=dog) CTA=0.8000
[2026-09-09 22:03:26]   [t8252 v2/6] SUCCESS (pred=dog) CTA=0.8098
[2026-09-09 22:04:16]   [t8252 v3/6] SUCCESS (pred=dog) CTA=0.8057
[2026-09-09 22:05:06]   [t8252 v4/6] SUCCESS (pred=dog) CTA=0.8026
[2026-09-09 22:05:56]   [t8252 v5/6] SUCCESS (pred=dog) CTA=0.7895
[2026-09-09 22:06:46]   [t8252 v6/6] SUCCESS (pred=dog) CTA=0.8050
[2026-09-09 22:06:46]   target 8252, 6 victims on this gpu: ASR=100.0% CTA=0.8021 +/- 0.0064
[2026-09-09 22:06:46] === target 8730 (4/6) ===
[2026-09-09 22:18:45]   target 8730: crafted 250 poisons in 718 s, obj=0.23717
[2026-09-09 22:18:45]   target 8730: realized linf = 0.03137 (8.00/255), budget = 8.00/255
[2026-09-09 22:19:37]   [t8730 v1/6] SUCCESS (pred=dog) CTA=0.8101
[2026-09-09 22:20:27]   [t8730 v2/6] fail (pred=bird) CTA=0.8162
[2026-09-09 22:21:17]   [t8730 v3/6] SUCCESS (pred=dog) CTA=0.8161
[2026-09-09 22:22:07]   [t8730 v4/6] fail (pred=bird) CTA=0.7989
[2026-09-09 22:22:58]   [t8730 v5/6] fail (pred=bird) CTA=0.7983
[2026-09-09 22:23:48]   [t8730 v6/6] SUCCESS (pred=dog) CTA=0.8053
[2026-09-09 22:23:48]   target 8730, 6 victims on this gpu: ASR=50.0% CTA=0.8075 +/- 0.0073
[2026-09-09 22:23:48] === target 8055 (5/6) ===
[2026-09-09 22:35:47]   target 8055: crafted 250 poisons in 718 s, obj=0.28202
[2026-09-09 22:35:47]   target 8055: realized linf = 0.03137 (8.00/255), budget = 8.00/255
[2026-09-09 22:36:39]   [t8055 v1/6] SUCCESS (pred=dog) CTA=0.8087
[2026-09-09 22:37:29]   [t8055 v2/6] fail (pred=bird) CTA=0.8042
[2026-09-09 22:38:19]   [t8055 v3/6] fail (pred=bird) CTA=0.8173
[2026-09-09 22:39:09]   [t8055 v4/6] fail (pred=bird) CTA=0.7928
[2026-09-09 22:39:59]   [t8055 v5/6] fail (pred=bird) CTA=0.8119
[2026-09-09 22:40:49]   [t8055 v6/6] fail (pred=bird) CTA=0.7993
[2026-09-09 22:40:49]   target 8055, 6 victims on this gpu: ASR=16.7% CTA=0.8057 +/- 0.0081
[2026-09-09 22:40:49] === target 5859 (6/6) ===
[2026-09-09 22:52:48]   target 5859: crafted 250 poisons in 718 s, obj=0.23814
[2026-09-09 22:52:48]   target 5859: realized linf = 0.03137 (8.00/255), budget = 8.00/255
[2026-09-09 22:53:40]   [t5859 v1/6] SUCCESS (pred=dog) CTA=0.8026
[2026-09-09 22:54:30]   [t5859 v2/6] fail (pred=bird) CTA=0.8110
[2026-09-09 22:55:20]   [t5859 v3/6] SUCCESS (pred=dog) CTA=0.8020
[2026-09-09 22:56:10]   [t5859 v4/6] fail (pred=bird) CTA=0.8042
[2026-09-09 22:57:00]   [t5859 v5/6] fail (pred=bird) CTA=0.8062
[2026-09-09 22:57:50]   [t5859 v6/6] SUCCESS (pred=dog) CTA=0.7902
[2026-09-09 22:57:50]   target 5859, 6 victims on this gpu: ASR=50.0% CTA=0.8027 +/- 0.0063
[2026-09-09 22:57:50] ==== CIFAR10_ConvNetBN_sapa_ours_dog-bird_b0.005_eps8_seed42_lam1000_cosine_worst0.05_ce5_tgt70 : ASR = 44.4% +/- 28.3% | CTA = 0.8046 (baseline 0.8127) ====
[2026-09-09 22:57:50]   target-prediction tally ['airplane', 'automobile', 'bird', 'cat', 'deer', 'dog', 'frog', 'horse', 'ship', 'truck']: [0, 0, 20, 0, 0, 16, 0, 0, 0, 0]

sync: preserving outputs in /home/mmoslem3/scratch/PoisonBase
sync: complete
