stage: optional directory absent: /home/mmoslem3/scratch/attack_if/defense_result/CIFAR10_VGG13BN_sapa_ours_dog-bird_b0.01_eps8_seed42_lam1_cosine_worst0.05_ce5_tgt50__def-friends-friendly.bernoulli-e8-p5-clp16
job: 5033308 missing_defense_048_vgg13_sapa_dog_bird_b0_01_friends_ours_std on kn138
work: /tmp/attack_if
config: USE_JACOBIAN_SCORE=0 JACOBIAN_WEIGHT=1.0 JACOBIAN_BATCH_SIZE=64 CLASS_PAIR=dog-bird MODEL=VGG13BN ATTACK=sapa TARGET_SELECT=50 BUDGETS=0.01 SELS=ours SEL_ALPHA=2.0 DEFENSES=friends NUM_TARGETS=7 NUM_VICTIMS=5 sh defense.sh
protocol: attack=8 targets x 5 victims; defense=7 targets x 5 victims
gpu: NVIDIA L40S
#  b0.01   ours=8                       -> 8 paired target(s)
=== defense sweep | VGG13BN / sapa / dog-bird (tgt50) ===
    selections : ours   (dpp alpha 2.0)
    selector   : Jacobian disabled (historical attack-run names)
    defenses   : friends
    poisons    : replayed from /tmp/attack_if/ours_result, results into /tmp/attack_if/defense_result

--- budget 0.01 | defense friends | selection ours ---
[2026-08-26 10:17:01] === defense run: CIFAR10_VGG13BN_sapa_ours_dog-bird_b0.01_eps8_seed42_lam1_cosine_worst0.05_ce5_tgt50__def-friends-friendly.bernoulli-e8-p5-clp16 ===
[2026-08-26 10:17:01]     poisons replayed from /tmp/attack_if/ours_result/CIFAR10_VGG13BN_sapa_ours_dog-bird_b0.01_eps8_seed42_lam1_cosine_worst0.05_ce5_tgt50
[2026-08-26 10:17:01]     defense = friends  (friends-friendly.bernoulli-e8-p5-clp16)
[2026-08-26 10:17:01]     victim augmentation = none  (applied to the poisoned image, resampled every epoch)
[2026-08-26 10:17:01] args: {"adv_eps": 8.0, "adv_step_size": 0.0, "adv_steps": 5, "attack": "sapa", "aug_cutout_length": 16, "aug_flip_p": 0.5, "aug_pad": 4, "aug_randaug_magnitude": 9, "aug_randaug_ops": 2, "base": "ours", "base_dist": "cosine", "budget": 0.01, "cache_dir": "/tmp/attack_if/cache", "class_pair": "dog-bird", "clean_baseline": true, "craft_aug": true, "craft_ensemble": 5, "data_path": "/tmp/data", "dataset": "CIFAR10", "defense": "friends", "defense_out_dir": "/tmp/attack_if/defense_result", "defense_parts": ["friends"], "dsa_strategy": "color_crop_cutout_flip_scale_rotate", "epic_cluster_thresh": 1.0, "epic_drop_after": 10, "epic_freq": 2, "epic_metric": "euclidean", "epic_stop_after": -1, "epic_subset_size": 0.1, "epsilon": 0.0313725, "fc_mode": "sample", "friendly_begin_epoch": 5, "friendly_bs": 512, "friendly_clamp": 16.0, "friendly_epochs": 30, "friendly_lr": 100.0, "friendly_momentum": 0.9, "friendly_mu": 1.0, "gpus": "all", "jacobian_batch_size": 64, "jacobian_weight": 1.0, "lambda_margin": 1.0, "list_cached": false, "model": "VGG13BN", "no_resume": false, "noise_eps": 8.0, "noise_type": ["friendly", "bernoulli"], "num_targets": 7, "num_victims": 5, "out_dir": "/tmp/attack_if/ours_result", "pair_order": "poison-target", "parallel_trials": true, "recompute_deltas": false, "seed": 42, "sel_alpha": 1.0, "sel_dpp": false, "sel_filter": false, "sel_mmr": false, "sel_mode": null, "sel_mu": 1.0, "sel_pca": false, "sel_pool": 3.0, "sharp_mode": "worst", "sharp_samples": 20, "sharp_sigma": 0.05, "target_idx_file": "target_sets/def_VGG13BN_sapa_dog-bird_b0.01.json", "target_select": 50, "use_jacobian_score": false, "victim_aug": "none", "victim_bs": 125, "victim_decay": [40], "victim_epochs": 50, "victim_lr": 0.1, "victim_wd": 0.0}
[2026-08-26 10:17:23]   7 target(s) with saved poisons: [409, 630, 1656, 2270, 5022, 6033, 9090]
[2026-08-26 10:17:23] === defended clean victims (5 x VGG13BN, defense friends-friendly.bernoulli-e8-p5-clp16) ===
[2026-08-26 10:17:25]   defended clean CTA = 0.8054 +/- 0.0116
[2026-08-26 10:17:25] === target 409: 500 saved poisons, realized linf 8.00/255 ===
[2026-08-26 10:18:24]   friendly noise: 50000 images in 49 s, mean|eps| = 0.0306 (7.80/255)
[2026-08-26 10:19:57]   [t409 v1/5] fail (pred=bird) CTA=0.8264 (152 s)
[2026-08-26 10:20:56]   friendly noise: 50000 images in 49 s, mean|eps| = 0.0478 (12.20/255)
[2026-08-26 10:22:29]   [t409 v2/5] fail (pred=bird) CTA=0.7941 (152 s)
[2026-08-26 10:23:28]   friendly noise: 50000 images in 49 s, mean|eps| = 0.0300 (7.65/255)
[2026-08-26 10:25:00]   [t409 v3/5] fail (pred=bird) CTA=0.8218 (152 s)
[2026-08-26 10:26:00]   friendly noise: 50000 images in 49 s, mean|eps| = 0.0422 (10.76/255)
[2026-08-26 10:27:32]   [t409 v4/5] fail (pred=bird) CTA=0.8144 (152 s)
[2026-08-26 10:28:32]   friendly noise: 50000 images in 49 s, mean|eps| = 0.0425 (10.84/255)
[2026-08-26 10:30:04]   [t409 v5/5] fail (pred=bird) CTA=0.8085 (152 s)
[2026-08-26 10:30:04] === target 630: 500 saved poisons, realized linf 8.00/255 ===
[2026-08-26 10:31:04]   friendly noise: 50000 images in 49 s, mean|eps| = 0.0470 (11.98/255)
[2026-08-26 10:32:35]   [t630 v1/5] fail (pred=airplane) CTA=0.7801 (151 s)
[2026-08-26 10:33:35]   friendly noise: 50000 images in 49 s, mean|eps| = 0.0252 (6.42/255)
[2026-08-26 10:35:06]   [t630 v2/5] fail (pred=airplane) CTA=0.8349 (151 s)
[2026-08-26 10:36:05]   friendly noise: 50000 images in 49 s, mean|eps| = 0.0305 (7.77/255)
[2026-08-26 10:37:37]   [t630 v3/5] fail (pred=bird) CTA=0.8366 (151 s)
[2026-08-26 10:38:36]   friendly noise: 50000 images in 49 s, mean|eps| = 0.0442 (11.28/255)
[2026-08-26 10:40:08]   [t630 v4/5] fail (pred=bird) CTA=0.7965 (151 s)
[2026-08-26 10:41:07]   friendly noise: 50000 images in 49 s, mean|eps| = 0.0232 (5.91/255)
[2026-08-26 10:42:38]   [t630 v5/5] fail (pred=bird) CTA=0.8357 (151 s)
[2026-08-26 10:42:38] === target 1656: 500 saved poisons, realized linf 8.00/255 ===
[2026-08-26 10:43:38]   friendly noise: 50000 images in 49 s, mean|eps| = 0.0473 (12.07/255)
[2026-08-26 10:45:10]   [t1656 v1/5] fail (pred=airplane) CTA=0.7775 (151 s)
[2026-08-26 10:46:09]   friendly noise: 50000 images in 49 s, mean|eps| = 0.0389 (9.92/255)
[2026-08-26 10:47:41]   [t1656 v2/5] SUCCESS (pred=dog) CTA=0.8232 (151 s)
[2026-08-26 10:48:41]   friendly noise: 50000 images in 49 s, mean|eps| = 0.0453 (11.55/255)
[2026-08-26 10:50:13]   [t1656 v3/5] fail (pred=airplane) CTA=0.7858 (152 s)
[2026-08-26 10:51:13]   friendly noise: 50000 images in 49 s, mean|eps| = 0.0438 (11.16/255)
[2026-08-26 10:52:45]   [t1656 v4/5] fail (pred=airplane) CTA=0.8031 (152 s)
[2026-08-26 10:53:44]   friendly noise: 50000 images in 49 s, mean|eps| = 0.0388 (9.89/255)
[2026-08-26 10:55:16]   [t1656 v5/5] fail (pred=horse) CTA=0.8091 (152 s)
[2026-08-26 10:55:17] === target 2270: 500 saved poisons, realized linf 8.00/255 ===
[2026-08-26 10:56:16]   friendly noise: 50000 images in 49 s, mean|eps| = 0.0390 (9.94/255)
[2026-08-26 10:57:48]   [t2270 v1/5] fail (pred=horse) CTA=0.8033 (151 s)
[2026-08-26 10:58:47]   friendly noise: 50000 images in 49 s, mean|eps| = 0.0203 (5.19/255)
[2026-08-26 11:00:19]   [t2270 v2/5] SUCCESS (pred=dog) CTA=0.8383 (151 s)
[2026-08-26 11:01:18]   friendly noise: 50000 images in 49 s, mean|eps| = 0.0209 (5.32/255)
[2026-08-26 11:02:49]   [t2270 v3/5] SUCCESS (pred=dog) CTA=0.8284 (151 s)
[2026-08-26 11:03:48]   friendly noise: 50000 images in 49 s, mean|eps| = 0.0481 (12.27/255)
[2026-08-26 11:05:20]   [t2270 v4/5] fail (pred=deer) CTA=0.7724 (151 s)
[2026-08-26 11:06:19]   friendly noise: 50000 images in 49 s, mean|eps| = 0.0297 (7.59/255)
[2026-08-26 11:07:51]   [t2270 v5/5] SUCCESS (pred=dog) CTA=0.8255 (151 s)
[2026-08-26 11:07:51] === target 5022: 500 saved poisons, realized linf 8.00/255 ===
[2026-08-26 11:08:50]   friendly noise: 50000 images in 49 s, mean|eps| = 0.0462 (11.79/255)
[2026-08-26 11:10:22]   [t5022 v1/5] fail (pred=bird) CTA=0.8030 (151 s)
[2026-08-26 11:11:22]   friendly noise: 50000 images in 49 s, mean|eps| = 0.0235 (5.99/255)
[2026-08-26 11:12:54]   [t5022 v2/5] fail (pred=bird) CTA=0.8387 (152 s)
[2026-08-26 11:13:53]   friendly noise: 50000 images in 49 s, mean|eps| = 0.0245 (6.25/255)
[2026-08-26 11:15:26]   [t5022 v3/5] SUCCESS (pred=dog) CTA=0.8306 (152 s)
[2026-08-26 11:16:25]   friendly noise: 50000 images in 49 s, mean|eps| = 0.0445 (11.35/255)
[2026-08-26 11:17:57]   [t5022 v4/5] fail (pred=bird) CTA=0.7955 (152 s)
[2026-08-26 11:18:57]   friendly noise: 50000 images in 49 s, mean|eps| = 0.0404 (10.30/255)
[2026-08-26 11:20:29]   [t5022 v5/5] fail (pred=bird) CTA=0.8108 (151 s)
[2026-08-26 11:20:29] === target 6033: 500 saved poisons, realized linf 8.00/255 ===
[2026-08-26 11:21:28]   friendly noise: 50000 images in 49 s, mean|eps| = 0.0185 (4.72/255)
[2026-08-26 11:22:59]   [t6033 v1/5] SUCCESS (pred=dog) CTA=0.8475 (151 s)
[2026-08-26 11:23:59]   friendly noise: 50000 images in 49 s, mean|eps| = 0.0228 (5.81/255)
[2026-08-26 11:25:30]   [t6033 v2/5] SUCCESS (pred=dog) CTA=0.8355 (151 s)
[2026-08-26 11:26:30]   friendly noise: 50000 images in 49 s, mean|eps| = 0.0464 (11.82/255)
[2026-08-26 11:28:01]   [t6033 v3/5] SUCCESS (pred=dog) CTA=0.7961 (151 s)
[2026-08-26 11:29:01]   friendly noise: 50000 images in 49 s, mean|eps| = 0.0299 (7.63/255)
[2026-08-26 11:30:32]   [t6033 v4/5] SUCCESS (pred=dog) CTA=0.8239 (151 s)
[2026-08-26 11:31:32]   friendly noise: 50000 images in 49 s, mean|eps| = 0.0474 (12.09/255)
[2026-08-26 11:33:03]   [t6033 v5/5] fail (pred=bird) CTA=0.7881 (151 s)
[2026-08-26 11:33:03] === target 9090: 500 saved poisons, realized linf 8.00/255 ===
[2026-08-26 11:34:03]   friendly noise: 50000 images in 49 s, mean|eps| = 0.0339 (8.65/255)
[2026-08-26 11:35:35]   [t9090 v1/5] SUCCESS (pred=dog) CTA=0.8257 (152 s)
[2026-08-26 11:36:35]   friendly noise: 50000 images in 49 s, mean|eps| = 0.0430 (10.97/255)
[2026-08-26 11:38:07]   [t9090 v2/5] fail (pred=bird) CTA=0.7884 (151 s)
[2026-08-26 11:39:06]   friendly noise: 50000 images in 49 s, mean|eps| = 0.0445 (11.34/255)
[2026-08-26 11:40:39]   [t9090 v3/5] fail (pred=bird) CTA=0.8012 (152 s)
[2026-08-26 11:41:38]   friendly noise: 50000 images in 49 s, mean|eps| = 0.0447 (11.40/255)
[2026-08-26 11:43:10]   [t9090 v4/5] fail (pred=bird) CTA=0.8027 (152 s)
[2026-08-26 11:44:10]   friendly noise: 50000 images in 49 s, mean|eps| = 0.0375 (9.55/255)
[2026-08-26 11:45:42]   [t9090 v5/5] SUCCESS (pred=dog) CTA=0.8052 (152 s)
[2026-08-26 11:45:42] ==== CIFAR10_VGG13BN_sapa_ours_dog-bird_b0.01_eps8_seed42_lam1_cosine_worst0.05_ce5_tgt50 | defense friends-friendly.bernoulli-e8-p5-clp16 : ASR = 31.4% +/- 28.0% | CTA = 0.8117 (defended clean 0.8054) ====
[2026-08-26 11:45:42]   target-prediction tally ['airplane', 'automobile', 'bird', 'cat', 'deer', 'dog', 'frog', 'horse', 'ship', 'truck']: [5, 0, 16, 0, 1, 11, 0, 2, 0, 0]
sync: preserving outputs in /home/mmoslem3/scratch/attack_if
sync: complete
