stage: optional file absent: /home/mmoslem3/scratch/attack_if/target_sets/def_ResNet20BN_gradmatch_dog-bird_b0.01_jacw1.json
stage: optional directory absent: /home/mmoslem3/scratch/attack_if/defense_result/CIFAR10_ResNet20BN_gradmatch_ours_dog-bird_b0.01_eps8_seed42_lam1_cosine_seldpp2_jacw1_ce5_tgt14__def-epic-s0.1-f2-d10
job: 5033279 missing_defense_021_resnet20_gradmatch_dog_bird_b0_01_epic_dpp_j on kn151
work: /tmp/attack_if
config: USE_JACOBIAN_SCORE=1 JACOBIAN_WEIGHT=1.0 JACOBIAN_BATCH_SIZE=64 CLASS_PAIR=dog-bird MODEL=ResNet20BN ATTACK=gradmatch BUDGETS=0.01 SELS=dpp SEL_ALPHA=2.0 DEFENSES=epic NUM_TARGETS=7 NUM_VICTIMS=5 sh defense.sh
protocol: attack=8 targets x 5 victims; defense=7 targets x 5 victims
gpu: NVIDIA L40S
#  b0.01   dpp=8                        -> 8 paired target(s)
=== defense sweep | ResNet20BN / gradmatch / dog-bird (tgt14) ===
    selections : dpp   (dpp alpha 2.0)
    selector   : Jacobian enabled for ours/dpp (weight 1.0, batch 64); random unchanged
    defenses   : epic
    poisons    : replayed from /tmp/attack_if/ours_result, results into /tmp/attack_if/defense_result

--- budget 0.01 | defense epic | selection dpp ---
[2026-08-26 10:11:00] === defense run: CIFAR10_ResNet20BN_gradmatch_ours_dog-bird_b0.01_eps8_seed42_lam1_cosine_seldpp2_jacw1_ce5_tgt14__def-epic-s0.1-f2-d10 ===
[2026-08-26 10:11:00]     poisons replayed from /tmp/attack_if/ours_result/CIFAR10_ResNet20BN_gradmatch_ours_dog-bird_b0.01_eps8_seed42_lam1_cosine_seldpp2_jacw1_ce5_tgt14
[2026-08-26 10:11:00]     defense = epic  (epic-s0.1-f2-d10)
[2026-08-26 10:11:00]     victim augmentation = none  (applied to the poisoned image, resampled every epoch)
[2026-08-26 10:11:00] args: {"adv_eps": 8.0, "adv_step_size": 0.0, "adv_steps": 5, "attack": "gradmatch", "aug_cutout_length": 16, "aug_flip_p": 0.5, "aug_pad": 4, "aug_randaug_magnitude": 9, "aug_randaug_ops": 2, "base": "ours", "base_dist": "cosine", "budget": 0.01, "cache_dir": "/tmp/attack_if/cache", "class_pair": "dog-bird", "clean_baseline": true, "craft_aug": true, "craft_ensemble": 5, "data_path": "/tmp/data", "dataset": "CIFAR10", "defense": "epic", "defense_out_dir": "/tmp/attack_if/defense_result", "defense_parts": ["epic"], "dsa_strategy": "color_crop_cutout_flip_scale_rotate", "epic_cluster_thresh": 1.0, "epic_drop_after": 10, "epic_freq": 2, "epic_metric": "euclidean", "epic_stop_after": -1, "epic_subset_size": 0.1, "epsilon": 0.0313725, "fc_mode": "sample", "friendly_begin_epoch": 5, "friendly_bs": 512, "friendly_clamp": 16.0, "friendly_epochs": 30, "friendly_lr": 100.0, "friendly_momentum": 0.9, "friendly_mu": 1.0, "gpus": "all", "jacobian_batch_size": 64, "jacobian_weight": 1.0, "lambda_margin": 1.0, "list_cached": false, "model": "ResNet20BN", "no_resume": false, "noise_eps": 8.0, "noise_type": [], "num_targets": 7, "num_victims": 5, "out_dir": "/tmp/attack_if/ours_result", "pair_order": "poison-target", "parallel_trials": true, "recompute_deltas": false, "seed": 42, "sel_alpha": 2.0, "sel_dpp": true, "sel_filter": false, "sel_mmr": false, "sel_mode": "dpp", "sel_mu": 1.0, "sel_pca": false, "sel_pool": 3.0, "sharp_mode": "worst", "sharp_samples": 20, "sharp_sigma": 0.05, "target_idx_file": "target_sets/def_ResNet20BN_gradmatch_dog-bird_b0.01_jacw1.json", "target_select": 14, "use_jacobian_score": true, "victim_aug": "none", "victim_bs": 125, "victim_decay": [40], "victim_epochs": 50, "victim_lr": 0.1, "victim_wd": 0.0}
[2026-08-26 10:11:22]   7 target(s) with saved poisons: [833, 2065, 4630, 5118, 5324, 7056, 8740]
[2026-08-26 10:11:22] === defended clean victims (5 x ResNet20BN, defense epic-s0.1-f2-d10) ===
[2026-08-26 10:11:24]   defended clean CTA = 0.8187 +/- 0.0067
[2026-08-26 10:11:24] === target 833: 500 saved poisons, realized linf 8.00/255 ===
[2026-08-26 10:14:18]   [t833 v1/5] SUCCESS (pred=dog) CTA=0.7889 (175 s)
[2026-08-26 10:17:20]   [t833 v2/5] SUCCESS (pred=dog) CTA=0.8360 (182 s)
[2026-08-26 10:20:21]   [t833 v3/5] SUCCESS (pred=dog) CTA=0.8204 (181 s)
[2026-08-26 10:23:22]   [t833 v4/5] SUCCESS (pred=dog) CTA=0.7995 (181 s)
[2026-08-26 10:26:22]   [t833 v5/5] SUCCESS (pred=dog) CTA=0.8203 (180 s)
[2026-08-26 10:26:22] === target 2065: 500 saved poisons, realized linf 8.00/255 ===
[2026-08-26 10:29:24]   [t2065 v1/5] SUCCESS (pred=dog) CTA=0.8235 (182 s)
[2026-08-26 10:32:27]   [t2065 v2/5] SUCCESS (pred=dog) CTA=0.8028 (183 s)
[2026-08-26 10:35:18]   [t2065 v3/5] SUCCESS (pred=dog) CTA=0.7911 (172 s)
[2026-08-26 10:38:18]   [t2065 v4/5] SUCCESS (pred=dog) CTA=0.8267 (180 s)
[2026-08-26 10:41:22]   [t2065 v5/5] SUCCESS (pred=dog) CTA=0.8254 (184 s)
[2026-08-26 10:41:22] === target 4630: 500 saved poisons, realized linf 8.00/255 ===
[2026-08-26 10:44:16]   [t4630 v1/5] SUCCESS (pred=dog) CTA=0.7726 (175 s)
[2026-08-26 10:47:19]   [t4630 v2/5] SUCCESS (pred=dog) CTA=0.8224 (182 s)
[2026-08-26 10:50:22]   [t4630 v3/5] SUCCESS (pred=dog) CTA=0.8247 (184 s)
[2026-08-26 10:53:13]   [t4630 v4/5] SUCCESS (pred=dog) CTA=0.7781 (170 s)
[2026-08-26 10:56:12]   [t4630 v5/5] SUCCESS (pred=dog) CTA=0.8163 (179 s)
[2026-08-26 10:56:12] === target 5118: 500 saved poisons, realized linf 8.00/255 ===
[2026-08-26 10:59:05]   [t5118 v1/5] SUCCESS (pred=dog) CTA=0.7968 (174 s)
[2026-08-26 11:02:04]   [t5118 v2/5] SUCCESS (pred=dog) CTA=0.8266 (178 s)
[2026-08-26 11:05:01]   [t5118 v3/5] fail (pred=bird) CTA=0.8042 (177 s)
[2026-08-26 11:08:02]   [t5118 v4/5] SUCCESS (pred=dog) CTA=0.8069 (181 s)
[2026-08-26 11:11:01]   [t5118 v5/5] SUCCESS (pred=dog) CTA=0.8011 (179 s)
[2026-08-26 11:11:01] === target 5324: 500 saved poisons, realized linf 8.00/255 ===
[2026-08-26 11:13:58]   [t5324 v1/5] fail (pred=frog) CTA=0.7802 (177 s)
[2026-08-26 11:16:57]   [t5324 v2/5] fail (pred=cat) CTA=0.8172 (179 s)
[2026-08-26 11:19:58]   [t5324 v3/5] SUCCESS (pred=dog) CTA=0.8032 (181 s)
[2026-08-26 11:23:01]   [t5324 v4/5] fail (pred=cat) CTA=0.8269 (183 s)
[2026-08-26 11:26:01]   [t5324 v5/5] fail (pred=cat) CTA=0.7783 (180 s)
[2026-08-26 11:26:01] === target 7056: 500 saved poisons, realized linf 8.00/255 ===
[2026-08-26 11:29:01]   [t7056 v1/5] fail (pred=bird) CTA=0.8154 (180 s)
[2026-08-26 11:32:02]   [t7056 v2/5] fail (pred=cat) CTA=0.8225 (181 s)
[2026-08-26 11:35:06]   [t7056 v3/5] fail (pred=cat) CTA=0.8284 (184 s)
[2026-08-26 11:38:06]   [t7056 v4/5] fail (pred=bird) CTA=0.7944 (180 s)
[2026-08-26 11:41:05]   [t7056 v5/5] fail (pred=bird) CTA=0.8080 (179 s)
[2026-08-26 11:41:05] === target 8740: 500 saved poisons, realized linf 8.00/255 ===
[2026-08-26 11:44:08]   [t8740 v1/5] SUCCESS (pred=dog) CTA=0.8216 (184 s)
[2026-08-26 11:47:12]   [t8740 v2/5] SUCCESS (pred=dog) CTA=0.8127 (184 s)
