stage: optional directory absent: /home/mmoslem3/scratch/attack_if/defense_result/CIFAR10_ResNet20BN_fc_ours_dog-bird_b0.01_eps8_seed42_lam1_cosine_jacw1_ce5_tgt10__def-epic-s0.1-f2-d10
job: 5033271 missing_defense_013_resnet20_fc_dog_bird_b0_01_epic_ours_j on kn075
work: /tmp/attack_if
config: USE_JACOBIAN_SCORE=1 JACOBIAN_WEIGHT=1.0 JACOBIAN_BATCH_SIZE=64 CLASS_PAIR=dog-bird MODEL=ResNet20BN ATTACK=fc BUDGETS=0.01 SELS=ours SEL_ALPHA=2.0 DEFENSES=epic NUM_TARGETS=7 NUM_VICTIMS=5 sh defense.sh
protocol: attack=8 targets x 5 victims; defense=7 targets x 5 victims
gpu: NVIDIA L40S
#  b0.01   ours=10                      -> 10 paired target(s)
=== defense sweep | ResNet20BN / fc / dog-bird (tgt10) ===
    selections : ours   (dpp alpha 2.0)
    selector   : Jacobian enabled for ours/dpp (weight 1.0, batch 64); random unchanged
    defenses   : epic
    poisons    : replayed from /tmp/attack_if/ours_result, results into /tmp/attack_if/defense_result

--- budget 0.01 | defense epic | selection ours ---
[2026-08-26 10:08:54] === defense run: CIFAR10_ResNet20BN_fc_ours_dog-bird_b0.01_eps8_seed42_lam1_cosine_jacw1_ce5_tgt10__def-epic-s0.1-f2-d10 ===
[2026-08-26 10:08:54]     poisons replayed from /tmp/attack_if/ours_result/CIFAR10_ResNet20BN_fc_ours_dog-bird_b0.01_eps8_seed42_lam1_cosine_jacw1_ce5_tgt10
[2026-08-26 10:08:54]     defense = epic  (epic-s0.1-f2-d10)
[2026-08-26 10:08:54]     victim augmentation = none  (applied to the poisoned image, resampled every epoch)
[2026-08-26 10:08:54] args: {"adv_eps": 8.0, "adv_step_size": 0.0, "adv_steps": 5, "attack": "fc", "aug_cutout_length": 16, "aug_flip_p": 0.5, "aug_pad": 4, "aug_randaug_magnitude": 9, "aug_randaug_ops": 2, "base": "ours", "base_dist": "cosine", "budget": 0.01, "cache_dir": "/tmp/attack_if/cache", "class_pair": "dog-bird", "clean_baseline": true, "craft_aug": true, "craft_ensemble": 5, "data_path": "/tmp/data", "dataset": "CIFAR10", "defense": "epic", "defense_out_dir": "/tmp/attack_if/defense_result", "defense_parts": ["epic"], "dsa_strategy": "color_crop_cutout_flip_scale_rotate", "epic_cluster_thresh": 1.0, "epic_drop_after": 10, "epic_freq": 2, "epic_metric": "euclidean", "epic_stop_after": -1, "epic_subset_size": 0.1, "epsilon": 0.0313725, "fc_mode": "sample", "friendly_begin_epoch": 5, "friendly_bs": 512, "friendly_clamp": 16.0, "friendly_epochs": 30, "friendly_lr": 100.0, "friendly_momentum": 0.9, "friendly_mu": 1.0, "gpus": "all", "jacobian_batch_size": 64, "jacobian_weight": 1.0, "lambda_margin": 1.0, "list_cached": false, "model": "ResNet20BN", "no_resume": false, "noise_eps": 8.0, "noise_type": [], "num_targets": 7, "num_victims": 5, "out_dir": "/tmp/attack_if/ours_result", "pair_order": "poison-target", "parallel_trials": true, "recompute_deltas": false, "seed": 42, "sel_alpha": 1.0, "sel_dpp": false, "sel_filter": false, "sel_mmr": false, "sel_mode": null, "sel_mu": 1.0, "sel_pca": false, "sel_pool": 3.0, "sharp_mode": "worst", "sharp_samples": 20, "sharp_sigma": 0.05, "target_idx_file": "target_sets/def_ResNet20BN_fc_dog-bird_b0.01_jacw1.json", "target_select": 10, "use_jacobian_score": true, "victim_aug": "none", "victim_bs": 125, "victim_decay": [40], "victim_epochs": 50, "victim_lr": 0.1, "victim_wd": 0.0}
[2026-08-26 10:09:16]   7 target(s) with saved poisons: [2242, 2312, 2315, 2903, 3495, 4421, 6353]
[2026-08-26 10:09:16] === defended clean victims (5 x ResNet20BN, defense epic-s0.1-f2-d10) ===
[2026-08-26 10:09:17]   defended clean CTA = 0.8187 +/- 0.0067
[2026-08-26 10:09:17] === target 2242: 500 saved poisons, realized linf 8.00/255 ===
[2026-08-26 10:12:15]   [t2242 v1/5] fail (pred=cat) CTA=0.8091 (177 s)
[2026-08-26 10:15:15]   [t2242 v2/5] SUCCESS (pred=dog) CTA=0.8394 (180 s)
[2026-08-26 10:18:13]   [t2242 v3/5] SUCCESS (pred=dog) CTA=0.8185 (178 s)
[2026-08-26 10:21:08]   [t2242 v4/5] SUCCESS (pred=dog) CTA=0.8071 (174 s)
[2026-08-26 10:24:06]   [t2242 v5/5] SUCCESS (pred=dog) CTA=0.8262 (178 s)
[2026-08-26 10:24:06] === target 2312: 500 saved poisons, realized linf 8.00/255 ===
[2026-08-26 10:27:03]   [t2312 v1/5] SUCCESS (pred=dog) CTA=0.8016 (177 s)
[2026-08-26 10:30:04]   [t2312 v2/5] fail (pred=bird) CTA=0.8286 (182 s)
[2026-08-26 10:33:04]   [t2312 v3/5] fail (pred=bird) CTA=0.7799 (179 s)
[2026-08-26 10:35:59]   [t2312 v4/5] fail (pred=bird) CTA=0.7985 (176 s)
[2026-08-26 10:38:55]   [t2312 v5/5] fail (pred=bird) CTA=0.7928 (176 s)
[2026-08-26 10:38:55] === target 2315: 500 saved poisons, realized linf 8.00/255 ===
[2026-08-26 10:41:55]   [t2315 v1/5] fail (pred=bird) CTA=0.8205 (180 s)
[2026-08-26 10:44:53]   [t2315 v2/5] fail (pred=bird) CTA=0.8229 (178 s)
[2026-08-26 10:47:46]   [t2315 v3/5] fail (pred=bird) CTA=0.7816 (173 s)
[2026-08-26 10:50:40]   [t2315 v4/5] fail (pred=bird) CTA=0.7665 (174 s)
[2026-08-26 10:53:37]   [t2315 v5/5] fail (pred=bird) CTA=0.8205 (176 s)
[2026-08-26 10:53:37] === target 2903: 500 saved poisons, realized linf 8.00/255 ===
[2026-08-26 10:56:32]   [t2903 v1/5] SUCCESS (pred=dog) CTA=0.8145 (175 s)
[2026-08-26 10:59:32]   [t2903 v2/5] fail (pred=bird) CTA=0.8198 (180 s)
[2026-08-26 11:02:29]   [t2903 v3/5] fail (pred=bird) CTA=0.8075 (177 s)
[2026-08-26 11:05:26]   [t2903 v4/5] fail (pred=bird) CTA=0.8201 (178 s)
[2026-08-26 11:08:14]   [t2903 v5/5] fail (pred=bird) CTA=0.7851 (168 s)
[2026-08-26 11:08:14] === target 3495: 500 saved poisons, realized linf 8.00/255 ===
[2026-08-26 11:11:12]   [t3495 v1/5] fail (pred=bird) CTA=0.8184 (178 s)
[2026-08-26 11:14:03]   [t3495 v2/5] fail (pred=bird) CTA=0.7802 (170 s)
[2026-08-26 11:17:03]   [t3495 v3/5] SUCCESS (pred=dog) CTA=0.8301 (180 s)
[2026-08-26 11:20:00]   [t3495 v4/5] SUCCESS (pred=dog) CTA=0.8095 (177 s)
[2026-08-26 11:22:58]   [t3495 v5/5] fail (pred=bird) CTA=0.8244 (177 s)
[2026-08-26 11:22:58] === target 4421: 500 saved poisons, realized linf 8.00/255 ===
[2026-08-26 11:25:54]   [t4421 v1/5] fail (pred=cat) CTA=0.8155 (176 s)
[2026-08-26 11:28:38]   [t4421 v2/5] fail (pred=bird) CTA=0.7180 (164 s)
[2026-08-26 11:31:31]   [t4421 v3/5] fail (pred=bird) CTA=0.7943 (173 s)
[2026-08-26 11:34:27]   [t4421 v4/5] fail (pred=bird) CTA=0.8120 (175 s)
[2026-08-26 11:37:24]   [t4421 v5/5] SUCCESS (pred=dog) CTA=0.8214 (177 s)
[2026-08-26 11:37:24] === target 6353: 500 saved poisons, realized linf 8.00/255 ===
[2026-08-26 11:40:21]   [t6353 v1/5] fail (pred=airplane) CTA=0.8204 (177 s)
[2026-08-26 11:43:22]   [t6353 v2/5] fail (pred=bird) CTA=0.8163 (181 s)
[2026-08-26 11:46:18]   [t6353 v3/5] fail (pred=airplane) CTA=0.7857 (176 s)
