stage: optional file absent: /home/mmoslem3/scratch/attack_if/target_sets/def_ConvNetBN_gradmatch_dog-bird_b0.02_jacw1.json
stage: optional directory absent: /home/mmoslem3/scratch/attack_if/defense_result/CIFAR10_ConvNetBN_gradmatch_ours_dog-bird_b0.02_eps8_seed42_lam1_cosine_jacw1_ce5_tgt70__def-friends-friendly.bernoulli-e8-p5-clp16
job: 5033262 missing_defense_005_convnet_gradmatch_dog_bird_b0_02_friends_ours_j on kn125
work: /tmp/attack_if
config: USE_JACOBIAN_SCORE=1 JACOBIAN_WEIGHT=1.0 JACOBIAN_BATCH_SIZE=64 CLASS_PAIR=dog-bird MODEL=ConvNetBN ATTACK=gradmatch BUDGETS=0.02 SELS=ours SEL_ALPHA=2.0 DEFENSES=friends NUM_TARGETS=7 NUM_VICTIMS=5 sh defense.sh
protocol: attack=8 targets x 5 victims; defense=7 targets x 5 victims
gpu: NVIDIA L40S
#  b0.02   ours=8                       -> 8 paired target(s)
=== defense sweep | ConvNetBN / gradmatch / dog-bird (tgt70) ===
    selections : ours   (dpp alpha 2.0)
    selector   : Jacobian enabled for ours/dpp (weight 1.0, batch 64); random unchanged
    defenses   : friends
    poisons    : replayed from /tmp/attack_if/ours_result, results into /tmp/attack_if/defense_result

--- budget 0.02 | defense friends | selection ours ---
[2026-08-26 10:06:21] === defense run: CIFAR10_ConvNetBN_gradmatch_ours_dog-bird_b0.02_eps8_seed42_lam1_cosine_jacw1_ce5_tgt70__def-friends-friendly.bernoulli-e8-p5-clp16 ===
[2026-08-26 10:06:21]     poisons replayed from /tmp/attack_if/ours_result/CIFAR10_ConvNetBN_gradmatch_ours_dog-bird_b0.02_eps8_seed42_lam1_cosine_jacw1_ce5_tgt70
[2026-08-26 10:06:21]     defense = friends  (friends-friendly.bernoulli-e8-p5-clp16)
[2026-08-26 10:06:21]     victim augmentation = none  (applied to the poisoned image, resampled every epoch)
[2026-08-26 10:06:21] args: {"adv_eps": 8.0, "adv_step_size": 0.0, "adv_steps": 5, "attack": "gradmatch", "aug_cutout_length": 16, "aug_flip_p": 0.5, "aug_pad": 4, "aug_randaug_magnitude": 9, "aug_randaug_ops": 2, "base": "ours", "base_dist": "cosine", "budget": 0.02, "cache_dir": "/tmp/attack_if/cache", "class_pair": "dog-bird", "clean_baseline": true, "craft_aug": true, "craft_ensemble": 5, "data_path": "/tmp/data", "dataset": "CIFAR10", "defense": "friends", "defense_out_dir": "/tmp/attack_if/defense_result", "defense_parts": ["friends"], "dsa_strategy": "color_crop_cutout_flip_scale_rotate", "epic_cluster_thresh": 1.0, "epic_drop_after": 10, "epic_freq": 2, "epic_metric": "euclidean", "epic_stop_after": -1, "epic_subset_size": 0.1, "epsilon": 0.0313725, "fc_mode": "sample", "friendly_begin_epoch": 5, "friendly_bs": 512, "friendly_clamp": 16.0, "friendly_epochs": 30, "friendly_lr": 100.0, "friendly_momentum": 0.9, "friendly_mu": 1.0, "gpus": "all", "jacobian_batch_size": 64, "jacobian_weight": 1.0, "lambda_margin": 1.0, "list_cached": false, "model": "ConvNetBN", "no_resume": false, "noise_eps": 8.0, "noise_type": ["friendly", "bernoulli"], "num_targets": 7, "num_victims": 5, "out_dir": "/tmp/attack_if/ours_result", "pair_order": "poison-target", "parallel_trials": true, "recompute_deltas": false, "seed": 42, "sel_alpha": 1.0, "sel_dpp": false, "sel_filter": false, "sel_mmr": false, "sel_mode": null, "sel_mu": 1.0, "sel_pca": false, "sel_pool": 3.0, "sharp_mode": "worst", "sharp_samples": 20, "sharp_sigma": 0.05, "target_idx_file": "target_sets/def_ConvNetBN_gradmatch_dog-bird_b0.02_jacw1.json", "target_select": 70, "use_jacobian_score": true, "victim_aug": "none", "victim_bs": 125, "victim_decay": [40], "victim_epochs": 50, "victim_lr": 0.1, "victim_wd": 0.0}
[2026-08-26 10:06:43]   7 target(s) with saved poisons: [821, 843, 1257, 5859, 8055, 8252, 8730]
[2026-08-26 10:06:43] === defended clean victims (5 x ConvNetBN, defense friends-friendly.bernoulli-e8-p5-clp16) ===
[2026-08-26 10:06:43]   defended clean CTA = 0.7538 +/- 0.0081
[2026-08-26 10:06:44] === target 821: 1000 saved poisons, realized linf 8.00/255 ===
[2026-08-26 10:07:17]   friendly noise: 50000 images in 28 s, mean|eps| = 0.0427 (10.90/255)
[2026-08-26 10:08:03]   [t821 v1/5] fail (pred=bird) CTA=0.7485 (80 s)
[2026-08-26 10:08:37]   friendly noise: 50000 images in 28 s, mean|eps| = 0.0431 (10.98/255)
[2026-08-26 10:09:23]   [t821 v2/5] SUCCESS (pred=dog) CTA=0.7532 (80 s)
[2026-08-26 10:09:56]   friendly noise: 50000 images in 28 s, mean|eps| = 0.0441 (11.24/255)
[2026-08-26 10:10:43]   [t821 v3/5] fail (pred=bird) CTA=0.7397 (80 s)
[2026-08-26 10:11:16]   friendly noise: 50000 images in 28 s, mean|eps| = 0.0425 (10.85/255)
[2026-08-26 10:12:02]   [t821 v4/5] SUCCESS (pred=dog) CTA=0.7496 (80 s)
[2026-08-26 10:12:35]   friendly noise: 50000 images in 28 s, mean|eps| = 0.0435 (11.10/255)
[2026-08-26 10:13:22]   [t821 v5/5] fail (pred=bird) CTA=0.7545 (80 s)
[2026-08-26 10:13:22] === target 843: 1000 saved poisons, realized linf 8.00/255 ===
[2026-08-26 10:13:55]   friendly noise: 50000 images in 28 s, mean|eps| = 0.0425 (10.84/255)
[2026-08-26 10:14:41]   [t843 v1/5] SUCCESS (pred=dog) CTA=0.7554 (80 s)
[2026-08-26 10:15:15]   friendly noise: 50000 images in 28 s, mean|eps| = 0.0440 (11.22/255)
[2026-08-26 10:16:01]   [t843 v2/5] SUCCESS (pred=dog) CTA=0.7414 (80 s)
[2026-08-26 10:16:34]   friendly noise: 50000 images in 28 s, mean|eps| = 0.0433 (11.03/255)
[2026-08-26 10:17:21]   [t843 v3/5] SUCCESS (pred=dog) CTA=0.7502 (80 s)
[2026-08-26 10:17:54]   friendly noise: 50000 images in 28 s, mean|eps| = 0.0447 (11.39/255)
[2026-08-26 10:18:40]   [t843 v4/5] SUCCESS (pred=dog) CTA=0.7457 (80 s)
[2026-08-26 10:19:13]   friendly noise: 50000 images in 28 s, mean|eps| = 0.0404 (10.31/255)
[2026-08-26 10:20:00]   [t843 v5/5] SUCCESS (pred=dog) CTA=0.7493 (79 s)
[2026-08-26 10:20:00] === target 1257: 1000 saved poisons, realized linf 8.00/255 ===
[2026-08-26 10:20:33]   friendly noise: 50000 images in 28 s, mean|eps| = 0.0443 (11.30/255)
[2026-08-26 10:21:19]   [t1257 v1/5] SUCCESS (pred=dog) CTA=0.7395 (80 s)
[2026-08-26 10:21:52]   friendly noise: 50000 images in 28 s, mean|eps| = 0.0428 (10.92/255)
[2026-08-26 10:22:39]   [t1257 v2/5] SUCCESS (pred=dog) CTA=0.7495 (80 s)
[2026-08-26 10:23:12]   friendly noise: 50000 images in 28 s, mean|eps| = 0.0441 (11.24/255)
[2026-08-26 10:23:59]   [t1257 v3/5] SUCCESS (pred=dog) CTA=0.7475 (80 s)
[2026-08-26 10:24:32]   friendly noise: 50000 images in 28 s, mean|eps| = 0.0446 (11.36/255)
[2026-08-26 10:25:18]   [t1257 v4/5] SUCCESS (pred=dog) CTA=0.7474 (80 s)
[2026-08-26 10:25:51]   friendly noise: 50000 images in 28 s, mean|eps| = 0.0429 (10.94/255)
[2026-08-26 10:26:38]   [t1257 v5/5] SUCCESS (pred=dog) CTA=0.7430 (80 s)
[2026-08-26 10:26:38] === target 5859: 1000 saved poisons, realized linf 8.00/255 ===
[2026-08-26 10:27:11]   friendly noise: 50000 images in 28 s, mean|eps| = 0.0437 (11.13/255)
[2026-08-26 10:27:57]   [t5859 v1/5] SUCCESS (pred=dog) CTA=0.7470 (80 s)
[2026-08-26 10:28:31]   friendly noise: 50000 images in 28 s, mean|eps| = 0.0427 (10.88/255)
[2026-08-26 10:29:17]   [t5859 v2/5] SUCCESS (pred=dog) CTA=0.7552 (80 s)
[2026-08-26 10:29:50]   friendly noise: 50000 images in 28 s, mean|eps| = 0.0426 (10.86/255)
[2026-08-26 10:30:37]   [t5859 v3/5] SUCCESS (pred=dog) CTA=0.7561 (80 s)
[2026-08-26 10:31:10]   friendly noise: 50000 images in 28 s, mean|eps| = 0.0434 (11.06/255)
[2026-08-26 10:31:56]   [t5859 v4/5] SUCCESS (pred=dog) CTA=0.7409 (80 s)
[2026-08-26 10:32:30]   friendly noise: 50000 images in 28 s, mean|eps| = 0.0428 (10.93/255)
[2026-08-26 10:33:16]   [t5859 v5/5] fail (pred=bird) CTA=0.7470 (80 s)
[2026-08-26 10:33:16] === target 8055: 1000 saved poisons, realized linf 8.00/255 ===
[2026-08-26 10:33:49]   friendly noise: 50000 images in 28 s, mean|eps| = 0.0419 (10.69/255)
[2026-08-26 10:34:36]   [t8055 v1/5] SUCCESS (pred=dog) CTA=0.7532 (80 s)
[2026-08-26 10:35:09]   friendly noise: 50000 images in 28 s, mean|eps| = 0.0459 (11.71/255)
[2026-08-26 10:35:55]   [t8055 v2/5] SUCCESS (pred=dog) CTA=0.7474 (80 s)
[2026-08-26 10:36:29]   friendly noise: 50000 images in 28 s, mean|eps| = 0.0430 (10.95/255)
[2026-08-26 10:37:15]   [t8055 v3/5] SUCCESS (pred=dog) CTA=0.7593 (80 s)
[2026-08-26 10:37:48]   friendly noise: 50000 images in 28 s, mean|eps| = 0.0450 (11.47/255)
[2026-08-26 10:38:34]   [t8055 v4/5] SUCCESS (pred=dog) CTA=0.7475 (80 s)
[2026-08-26 10:39:08]   friendly noise: 50000 images in 28 s, mean|eps| = 0.0411 (10.49/255)
[2026-08-26 10:39:54]   [t8055 v5/5] fail (pred=bird) CTA=0.7563 (80 s)
[2026-08-26 10:39:54] === target 8252: 1000 saved poisons, realized linf 8.00/255 ===
[2026-08-26 10:40:27]   friendly noise: 50000 images in 28 s, mean|eps| = 0.0449 (11.45/255)
[2026-08-26 10:41:14]   [t8252 v1/5] SUCCESS (pred=dog) CTA=0.7563 (80 s)
[2026-08-26 10:41:47]   friendly noise: 50000 images in 28 s, mean|eps| = 0.0414 (10.57/255)
[2026-08-26 10:42:33]   [t8252 v2/5] fail (pred=bird) CTA=0.7578 (80 s)
[2026-08-26 10:43:06]   friendly noise: 50000 images in 28 s, mean|eps| = 0.0428 (10.92/255)
[2026-08-26 10:43:53]   [t8252 v3/5] fail (pred=cat) CTA=0.7445 (80 s)
[2026-08-26 10:44:26]   friendly noise: 50000 images in 28 s, mean|eps| = 0.0452 (11.53/255)
[2026-08-26 10:45:12]   [t8252 v4/5] fail (pred=bird) CTA=0.7387 (79 s)
[2026-08-26 10:45:45]   friendly noise: 50000 images in 28 s, mean|eps| = 0.0426 (10.86/255)
[2026-08-26 10:46:32]   [t8252 v5/5] fail (pred=bird) CTA=0.7246 (80 s)
[2026-08-26 10:46:32] === target 8730: 1000 saved poisons, realized linf 8.00/255 ===
[2026-08-26 10:47:05]   friendly noise: 50000 images in 28 s, mean|eps| = 0.0429 (10.95/255)
[2026-08-26 10:47:51]   [t8730 v1/5] SUCCESS (pred=dog) CTA=0.7587 (80 s)
[2026-08-26 10:48:25]   friendly noise: 50000 images in 28 s, mean|eps| = 0.0439 (11.20/255)
[2026-08-26 10:49:11]   [t8730 v2/5] SUCCESS (pred=dog) CTA=0.7468 (80 s)
[2026-08-26 10:49:44]   friendly noise: 50000 images in 28 s, mean|eps| = 0.0436 (11.12/255)
[2026-08-26 10:50:30]   [t8730 v3/5] SUCCESS (pred=dog) CTA=0.7427 (80 s)
[2026-08-26 10:51:04]   friendly noise: 50000 images in 28 s, mean|eps| = 0.0419 (10.68/255)
[2026-08-26 10:51:50]   [t8730 v4/5] SUCCESS (pred=dog) CTA=0.7589 (80 s)
[2026-08-26 10:52:23]   friendly noise: 50000 images in 28 s, mean|eps| = 0.0438 (11.17/255)
[2026-08-26 10:53:10]   [t8730 v5/5] SUCCESS (pred=dog) CTA=0.7472 (80 s)
[2026-08-26 10:53:10] ==== CIFAR10_ConvNetBN_gradmatch_ours_dog-bird_b0.02_eps8_seed42_lam1_cosine_jacw1_ce5_tgt70 | defense friends-friendly.bernoulli-e8-p5-clp16 : ASR = 74.3% +/- 29.7% | CTA = 0.7486 (defended clean 0.7538) ====
[2026-08-26 10:53:10]   target-prediction tally ['airplane', 'automobile', 'bird', 'cat', 'deer', 'dog', 'frog', 'horse', 'ship', 'truck']: [0, 0, 8, 1, 0, 26, 0, 0, 0, 0]
sync: preserving outputs in /home/mmoslem3/scratch/attack_if
sync: complete
