stage: optional directory absent: /home/mmoslem3/scratch/attack_if/defense_result/CIFAR10_VGG13BN_sapa_ours_dog-bird_b0.005_eps8_seed42_lam1_cosine_jacw1_worst0.05_ce5_tgt50__def-epic-s0.1-f2-d10
job: 5033301 missing_defense_042_vgg13_sapa_dog_bird_b0_005_epic_ours_j on kn116
work: /tmp/attack_if
config: USE_JACOBIAN_SCORE=1 JACOBIAN_WEIGHT=1.0 JACOBIAN_BATCH_SIZE=64 CLASS_PAIR=dog-bird MODEL=VGG13BN ATTACK=sapa TARGET_SELECT=50 BUDGETS=0.005 SELS=ours SEL_ALPHA=2.0 DEFENSES=epic NUM_TARGETS=7 NUM_VICTIMS=5 sh defense.sh
protocol: attack=8 targets x 5 victims; defense=7 targets x 5 victims
gpu: NVIDIA L40S
#  b0.005  ours=8                       -> 8 paired target(s)
=== defense sweep | VGG13BN / sapa / dog-bird (tgt50) ===
    selections : ours   (dpp alpha 2.0)
    selector   : Jacobian enabled for ours/dpp (weight 1.0, batch 64); random unchanged
    defenses   : epic
    poisons    : replayed from /tmp/attack_if/ours_result, results into /tmp/attack_if/defense_result

--- budget 0.005 | defense epic | selection ours ---
[2026-08-26 10:15:02] === defense run: CIFAR10_VGG13BN_sapa_ours_dog-bird_b0.005_eps8_seed42_lam1_cosine_jacw1_worst0.05_ce5_tgt50__def-epic-s0.1-f2-d10 ===
[2026-08-26 10:15:02]     poisons replayed from /tmp/attack_if/ours_result/CIFAR10_VGG13BN_sapa_ours_dog-bird_b0.005_eps8_seed42_lam1_cosine_jacw1_worst0.05_ce5_tgt50
[2026-08-26 10:15:02]     defense = epic  (epic-s0.1-f2-d10)
[2026-08-26 10:15:02]     victim augmentation = none  (applied to the poisoned image, resampled every epoch)
[2026-08-26 10:15:02] args: {"adv_eps": 8.0, "adv_step_size": 0.0, "adv_steps": 5, "attack": "sapa", "aug_cutout_length": 16, "aug_flip_p": 0.5, "aug_pad": 4, "aug_randaug_magnitude": 9, "aug_randaug_ops": 2, "base": "ours", "base_dist": "cosine", "budget": 0.005, "cache_dir": "/tmp/attack_if/cache", "class_pair": "dog-bird", "clean_baseline": true, "craft_aug": true, "craft_ensemble": 5, "data_path": "/tmp/data", "dataset": "CIFAR10", "defense": "epic", "defense_out_dir": "/tmp/attack_if/defense_result", "defense_parts": ["epic"], "dsa_strategy": "color_crop_cutout_flip_scale_rotate", "epic_cluster_thresh": 1.0, "epic_drop_after": 10, "epic_freq": 2, "epic_metric": "euclidean", "epic_stop_after": -1, "epic_subset_size": 0.1, "epsilon": 0.0313725, "fc_mode": "sample", "friendly_begin_epoch": 5, "friendly_bs": 512, "friendly_clamp": 16.0, "friendly_epochs": 30, "friendly_lr": 100.0, "friendly_momentum": 0.9, "friendly_mu": 1.0, "gpus": "all", "jacobian_batch_size": 64, "jacobian_weight": 1.0, "lambda_margin": 1.0, "list_cached": false, "model": "VGG13BN", "no_resume": false, "noise_eps": 8.0, "noise_type": [], "num_targets": 7, "num_victims": 5, "out_dir": "/tmp/attack_if/ours_result", "pair_order": "poison-target", "parallel_trials": true, "recompute_deltas": false, "seed": 42, "sel_alpha": 1.0, "sel_dpp": false, "sel_filter": false, "sel_mmr": false, "sel_mode": null, "sel_mu": 1.0, "sel_pca": false, "sel_pool": 3.0, "sharp_mode": "worst", "sharp_samples": 20, "sharp_sigma": 0.05, "target_idx_file": "target_sets/def_VGG13BN_sapa_dog-bird_b0.005_jacw1.json", "target_select": 50, "use_jacobian_score": true, "victim_aug": "none", "victim_bs": 125, "victim_decay": [40], "victim_epochs": 50, "victim_lr": 0.1, "victim_wd": 0.0}
[2026-08-26 10:15:24]   7 target(s) with saved poisons: [409, 630, 1656, 2270, 5022, 6033, 9090]
[2026-08-26 10:15:24] === defended clean victims (5 x VGG13BN, defense epic-s0.1-f2-d10) ===
[2026-08-26 10:15:26]   defended clean CTA = 0.7740 +/- 0.0206
[2026-08-26 10:15:26] === target 409: 250 saved poisons, realized linf 8.00/255 ===
[2026-08-26 10:18:28]   [t409 v1/5] SUCCESS (pred=dog) CTA=0.7961 (182 s)
[2026-08-26 10:21:34]   [t409 v2/5] fail (pred=cat) CTA=0.8207 (186 s)
[2026-08-26 10:24:26]   [t409 v3/5] SUCCESS (pred=dog) CTA=0.8219 (172 s)
[2026-08-26 10:27:26]   [t409 v4/5] SUCCESS (pred=dog) CTA=0.8060 (180 s)
[2026-08-26 10:30:29]   [t409 v5/5] fail (pred=bird) CTA=0.7130 (183 s)
[2026-08-26 10:30:29] === target 630: 250 saved poisons, realized linf 8.00/255 ===
[2026-08-26 10:33:25]   [t630 v1/5] fail (pred=frog) CTA=0.5876 (176 s)
[2026-08-26 10:36:22]   [t630 v2/5] fail (pred=frog) CTA=0.7436 (176 s)
[2026-08-26 10:39:20]   [t630 v3/5] fail (pred=ship) CTA=0.7970 (178 s)
[2026-08-26 10:42:10]   [t630 v4/5] fail (pred=deer) CTA=0.7709 (170 s)
[2026-08-26 10:45:07]   [t630 v5/5] fail (pred=deer) CTA=0.7716 (177 s)
[2026-08-26 10:45:07] === target 1656: 250 saved poisons, realized linf 8.00/255 ===
[2026-08-26 10:48:13]   [t1656 v1/5] SUCCESS (pred=dog) CTA=0.7893 (186 s)
[2026-08-26 10:51:21]   [t1656 v2/5] fail (pred=bird) CTA=0.7042 (188 s)
[2026-08-26 10:54:22]   [t1656 v3/5] fail (pred=cat) CTA=0.7205 (180 s)
[2026-08-26 10:57:17]   [t1656 v4/5] fail (pred=cat) CTA=0.8205 (176 s)
[2026-08-26 11:00:21]   [t1656 v5/5] fail (pred=airplane) CTA=0.7764 (184 s)
[2026-08-26 11:00:21] === target 2270: 250 saved poisons, realized linf 8.00/255 ===
[2026-08-26 11:03:14]   [t2270 v1/5] SUCCESS (pred=dog) CTA=0.8200 (173 s)
[2026-08-26 11:06:30]   [t2270 v2/5] SUCCESS (pred=dog) CTA=0.7694 (196 s)
[2026-08-26 11:09:47]   [t2270 v3/5] fail (pred=deer) CTA=0.7613 (197 s)
[2026-08-26 11:12:41]   [t2270 v4/5] SUCCESS (pred=dog) CTA=0.8289 (174 s)
[2026-08-26 11:15:47]   [t2270 v5/5] fail (pred=cat) CTA=0.8074 (186 s)
[2026-08-26 11:15:47] === target 5022: 250 saved poisons, realized linf 8.00/255 ===
[2026-08-26 11:18:42]   [t5022 v1/5] fail (pred=bird) CTA=0.7784 (175 s)
[2026-08-26 11:22:02]   [t5022 v2/5] fail (pred=bird) CTA=0.7564 (200 s)
[2026-08-26 11:25:09]   [t5022 v3/5] fail (pred=bird) CTA=0.7852 (187 s)
[2026-08-26 11:28:10]   [t5022 v4/5] fail (pred=bird) CTA=0.8230 (180 s)
[2026-08-26 11:31:12]   [t5022 v5/5] fail (pred=bird) CTA=0.8025 (182 s)
[2026-08-26 11:31:12] === target 6033: 250 saved poisons, realized linf 8.00/255 ===
[2026-08-26 11:34:19]   [t6033 v1/5] fail (pred=bird) CTA=0.6780 (188 s)
[2026-08-26 11:37:13]   [t6033 v2/5] SUCCESS (pred=dog) CTA=0.8228 (173 s)
[2026-08-26 11:40:06]   [t6033 v3/5] SUCCESS (pred=dog) CTA=0.8035 (173 s)
[2026-08-26 11:42:52]   [t6033 v4/5] fail (pred=deer) CTA=0.7868 (165 s)
[2026-08-26 11:45:42]   [t6033 v5/5] SUCCESS (pred=dog) CTA=0.8336 (171 s)
[2026-08-26 11:45:42] === target 9090: 250 saved poisons, realized linf 8.00/255 ===
[2026-08-26 11:49:02]   [t9090 v1/5] SUCCESS (pred=dog) CTA=0.7777 (199 s)
[2026-08-26 11:52:02]   [t9090 v2/5] SUCCESS (pred=dog) CTA=0.8076 (180 s)
[2026-08-26 11:54:49]   [t9090 v3/5] fail (pred=cat) CTA=0.8249 (167 s)
[2026-08-26 11:57:40]   [t9090 v4/5] fail (pred=bird) CTA=0.7921 (171 s)
[2026-08-26 12:00:43]   [t9090 v5/5] fail (pred=bird) CTA=0.7964 (184 s)
[2026-08-26 12:00:43] ==== CIFAR10_VGG13BN_sapa_ours_dog-bird_b0.005_eps8_seed42_lam1_cosine_jacw1_worst0.05_ce5_tgt50 | defense epic-s0.1-f2-d10 : ASR = 34.3% +/- 25.6% | CTA = 0.7799 (defended clean 0.7740)  poisons dropped 56.7% vs clean 65.7% ====
[2026-08-26 12:00:43]   target-prediction tally ['airplane', 'automobile', 'bird', 'cat', 'deer', 'dog', 'frog', 'horse', 'ship', 'truck']: [1, 0, 10, 5, 4, 12, 2, 0, 1, 0]
sync: preserving outputs in /home/mmoslem3/scratch/attack_if
sync: complete
