stage: optional file absent: /home/mmoslem3/scratch/attack_if/target_sets/def_ResNet20BN_gradmatch_dog-bird_b0.01_jacw1.json
stage: optional directory absent: /home/mmoslem3/scratch/attack_if/defense_result/CIFAR10_ResNet20BN_gradmatch_ours_dog-bird_b0.01_eps8_seed42_lam1_cosine_seldpp2_jacw1_ce5_tgt14__def-friends-friendly.bernoulli-e8-p5-clp16
job: 5033282 missing_defense_024_resnet20_gradmatch_dog_bird_b0_01_friends_dpp_j on kn047
work: /tmp/attack_if
config: USE_JACOBIAN_SCORE=1 JACOBIAN_WEIGHT=1.0 JACOBIAN_BATCH_SIZE=64 CLASS_PAIR=dog-bird MODEL=ResNet20BN ATTACK=gradmatch BUDGETS=0.01 SELS=dpp SEL_ALPHA=2.0 DEFENSES=friends NUM_TARGETS=7 NUM_VICTIMS=5 sh defense.sh
protocol: attack=8 targets x 5 victims; defense=7 targets x 5 victims
gpu: NVIDIA L40S
#  b0.01   dpp=8                        -> 8 paired target(s)
=== defense sweep | ResNet20BN / gradmatch / dog-bird (tgt14) ===
    selections : dpp   (dpp alpha 2.0)
    selector   : Jacobian enabled for ours/dpp (weight 1.0, batch 64); random unchanged
    defenses   : friends
    poisons    : replayed from /tmp/attack_if/ours_result, results into /tmp/attack_if/defense_result

--- budget 0.01 | defense friends | selection dpp ---
[2026-08-26 10:11:29] === defense run: CIFAR10_ResNet20BN_gradmatch_ours_dog-bird_b0.01_eps8_seed42_lam1_cosine_seldpp2_jacw1_ce5_tgt14__def-friends-friendly.bernoulli-e8-p5-clp16 ===
[2026-08-26 10:11:29]     poisons replayed from /tmp/attack_if/ours_result/CIFAR10_ResNet20BN_gradmatch_ours_dog-bird_b0.01_eps8_seed42_lam1_cosine_seldpp2_jacw1_ce5_tgt14
[2026-08-26 10:11:29]     defense = friends  (friends-friendly.bernoulli-e8-p5-clp16)
[2026-08-26 10:11:29]     victim augmentation = none  (applied to the poisoned image, resampled every epoch)
[2026-08-26 10:11:29] args: {"adv_eps": 8.0, "adv_step_size": 0.0, "adv_steps": 5, "attack": "gradmatch", "aug_cutout_length": 16, "aug_flip_p": 0.5, "aug_pad": 4, "aug_randaug_magnitude": 9, "aug_randaug_ops": 2, "base": "ours", "base_dist": "cosine", "budget": 0.01, "cache_dir": "/tmp/attack_if/cache", "class_pair": "dog-bird", "clean_baseline": true, "craft_aug": true, "craft_ensemble": 5, "data_path": "/tmp/data", "dataset": "CIFAR10", "defense": "friends", "defense_out_dir": "/tmp/attack_if/defense_result", "defense_parts": ["friends"], "dsa_strategy": "color_crop_cutout_flip_scale_rotate", "epic_cluster_thresh": 1.0, "epic_drop_after": 10, "epic_freq": 2, "epic_metric": "euclidean", "epic_stop_after": -1, "epic_subset_size": 0.1, "epsilon": 0.0313725, "fc_mode": "sample", "friendly_begin_epoch": 5, "friendly_bs": 512, "friendly_clamp": 16.0, "friendly_epochs": 30, "friendly_lr": 100.0, "friendly_momentum": 0.9, "friendly_mu": 1.0, "gpus": "all", "jacobian_batch_size": 64, "jacobian_weight": 1.0, "lambda_margin": 1.0, "list_cached": false, "model": "ResNet20BN", "no_resume": false, "noise_eps": 8.0, "noise_type": ["friendly", "bernoulli"], "num_targets": 7, "num_victims": 5, "out_dir": "/tmp/attack_if/ours_result", "pair_order": "poison-target", "parallel_trials": true, "recompute_deltas": false, "seed": 42, "sel_alpha": 2.0, "sel_dpp": true, "sel_filter": false, "sel_mmr": false, "sel_mode": "dpp", "sel_mu": 1.0, "sel_pca": false, "sel_pool": 3.0, "sharp_mode": "worst", "sharp_samples": 20, "sharp_sigma": 0.05, "target_idx_file": "target_sets/def_ResNet20BN_gradmatch_dog-bird_b0.01_jacw1.json", "target_select": 14, "use_jacobian_score": true, "victim_aug": "none", "victim_bs": 125, "victim_decay": [40], "victim_epochs": 50, "victim_lr": 0.1, "victim_wd": 0.0}
[2026-08-26 10:11:52]   7 target(s) with saved poisons: [833, 2065, 4630, 5118, 5324, 7056, 8740]
[2026-08-26 10:11:52] === defended clean victims (5 x ResNet20BN, defense friends-friendly.bernoulli-e8-p5-clp16) ===
[2026-08-26 10:11:52]   defended clean CTA = 0.7485 +/- 0.0091
[2026-08-26 10:11:52] === target 833: 500 saved poisons, realized linf 8.00/255 ===
[2026-08-26 10:12:33]   friendly noise: 50000 images in 24 s, mean|eps| = 0.0484 (12.35/255)
[2026-08-26 10:14:59]   [t833 v1/5] fail (pred=bird) CTA=0.7309 (186 s)
[2026-08-26 10:15:39]   friendly noise: 50000 images in 24 s, mean|eps| = 0.0465 (11.85/255)
[2026-08-26 10:17:43]   [t833 v2/5] fail (pred=bird) CTA=0.7470 (165 s)
[2026-08-26 10:18:21]   friendly noise: 50000 images in 24 s, mean|eps| = 0.0471 (12.02/255)
[2026-08-26 10:20:41]   [t833 v3/5] SUCCESS (pred=dog) CTA=0.7566 (178 s)
[2026-08-26 10:21:21]   friendly noise: 50000 images in 24 s, mean|eps| = 0.0494 (12.59/255)
[2026-08-26 10:23:45]   [t833 v4/5] fail (pred=bird) CTA=0.7368 (183 s)
[2026-08-26 10:24:25]   friendly noise: 50000 images in 24 s, mean|eps| = 0.0474 (12.08/255)
[2026-08-26 10:26:48]   [t833 v5/5] fail (pred=bird) CTA=0.7404 (184 s)
[2026-08-26 10:26:48] === target 2065: 500 saved poisons, realized linf 8.00/255 ===
[2026-08-26 10:27:29]   friendly noise: 50000 images in 24 s, mean|eps| = 0.0477 (12.15/255)
[2026-08-26 10:29:47]   [t2065 v1/5] fail (pred=bird) CTA=0.7417 (178 s)
[2026-08-26 10:30:25]   friendly noise: 50000 images in 24 s, mean|eps| = 0.0485 (12.38/255)
[2026-08-26 10:32:40]   [t2065 v2/5] fail (pred=deer) CTA=0.7341 (173 s)
[2026-08-26 10:33:20]   friendly noise: 50000 images in 24 s, mean|eps| = 0.0476 (12.14/255)
[2026-08-26 10:35:46]   [t2065 v3/5] fail (pred=deer) CTA=0.7562 (186 s)
[2026-08-26 10:36:26]   friendly noise: 50000 images in 24 s, mean|eps| = 0.0489 (12.48/255)
[2026-08-26 10:38:51]   [t2065 v4/5] fail (pred=deer) CTA=0.7397 (185 s)
[2026-08-26 10:39:31]   friendly noise: 50000 images in 24 s, mean|eps| = 0.0478 (12.19/255)
[2026-08-26 10:41:36]   [t2065 v5/5] SUCCESS (pred=dog) CTA=0.7470 (165 s)
[2026-08-26 10:41:36] === target 4630: 500 saved poisons, realized linf 8.00/255 ===
[2026-08-26 10:42:16]   friendly noise: 50000 images in 24 s, mean|eps| = 0.0469 (11.95/255)
[2026-08-26 10:44:42]   [t4630 v1/5] fail (pred=bird) CTA=0.7563 (186 s)
[2026-08-26 10:45:23]   friendly noise: 50000 images in 24 s, mean|eps| = 0.0498 (12.71/255)
[2026-08-26 10:47:49]   [t4630 v2/5] SUCCESS (pred=dog) CTA=0.7399 (187 s)
[2026-08-26 10:48:29]   friendly noise: 50000 images in 24 s, mean|eps| = 0.0480 (12.24/255)
[2026-08-26 10:50:51]   [t4630 v3/5] SUCCESS (pred=dog) CTA=0.7535 (182 s)
[2026-08-26 10:51:29]   friendly noise: 50000 images in 24 s, mean|eps| = 0.0475 (12.12/255)
[2026-08-26 10:53:41]   [t4630 v4/5] SUCCESS (pred=dog) CTA=0.7365 (170 s)
[2026-08-26 10:54:21]   friendly noise: 50000 images in 24 s, mean|eps| = 0.0474 (12.08/255)
[2026-08-26 10:56:42]   [t4630 v5/5] fail (pred=bird) CTA=0.7331 (181 s)
[2026-08-26 10:56:42] === target 5118: 500 saved poisons, realized linf 8.00/255 ===
[2026-08-26 10:57:22]   friendly noise: 50000 images in 24 s, mean|eps| = 0.0464 (11.84/255)
[2026-08-26 10:59:45]   [t5118 v1/5] fail (pred=ship) CTA=0.7531 (183 s)
[2026-08-26 11:00:25]   friendly noise: 50000 images in 24 s, mean|eps| = 0.0478 (12.20/255)
[2026-08-26 11:02:41]   [t5118 v2/5] fail (pred=cat) CTA=0.7281 (176 s)
[2026-08-26 11:03:20]   friendly noise: 50000 images in 24 s, mean|eps| = 0.0481 (12.27/255)
[2026-08-26 11:05:36]   [t5118 v3/5] fail (pred=bird) CTA=0.7422 (174 s)
[2026-08-26 11:06:15]   friendly noise: 50000 images in 24 s, mean|eps| = 0.0479 (12.21/255)
[2026-08-26 11:08:38]   [t5118 v4/5] SUCCESS (pred=dog) CTA=0.7411 (183 s)
[2026-08-26 11:09:18]   friendly noise: 50000 images in 24 s, mean|eps| = 0.0481 (12.26/255)
[2026-08-26 11:11:39]   [t5118 v5/5] fail (pred=cat) CTA=0.7370 (181 s)
[2026-08-26 11:11:39] === target 5324: 500 saved poisons, realized linf 8.00/255 ===
[2026-08-26 11:12:19]   friendly noise: 50000 images in 24 s, mean|eps| = 0.0473 (12.05/255)
[2026-08-26 11:14:40]   [t5324 v1/5] fail (pred=airplane) CTA=0.7417 (180 s)
[2026-08-26 11:15:18]   friendly noise: 50000 images in 24 s, mean|eps| = 0.0478 (12.19/255)
[2026-08-26 11:17:27]   [t5324 v2/5] fail (pred=truck) CTA=0.7351 (167 s)
[2026-08-26 11:18:07]   friendly noise: 50000 images in 24 s, mean|eps| = 0.0483 (12.31/255)
[2026-08-26 11:20:31]   [t5324 v3/5] fail (pred=ship) CTA=0.7357 (184 s)
[2026-08-26 11:21:11]   friendly noise: 50000 images in 24 s, mean|eps| = 0.0479 (12.22/255)
[2026-08-26 11:23:36]   [t5324 v4/5] fail (pred=horse) CTA=0.7462 (185 s)
[2026-08-26 11:24:16]   friendly noise: 50000 images in 24 s, mean|eps| = 0.0485 (12.37/255)
[2026-08-26 11:26:27]   [t5324 v5/5] fail (pred=ship) CTA=0.7268 (171 s)
[2026-08-26 11:26:27] === target 7056: 500 saved poisons, realized linf 8.00/255 ===
[2026-08-26 11:27:05]   friendly noise: 50000 images in 24 s, mean|eps| = 0.0486 (12.39/255)
[2026-08-26 11:29:26]   [t7056 v1/5] fail (pred=bird) CTA=0.7404 (179 s)
[2026-08-26 11:30:06]   friendly noise: 50000 images in 24 s, mean|eps| = 0.0465 (11.85/255)
[2026-08-26 11:32:31]   [t7056 v2/5] fail (pred=bird) CTA=0.7418 (185 s)
[2026-08-26 11:33:11]   friendly noise: 50000 images in 24 s, mean|eps| = 0.0490 (12.50/255)
[2026-08-26 11:35:36]   [t7056 v3/5] fail (pred=bird) CTA=0.7581 (185 s)
[2026-08-26 11:36:15]   friendly noise: 50000 images in 24 s, mean|eps| = 0.0479 (12.21/255)
[2026-08-26 11:38:23]   [t7056 v4/5] fail (pred=bird) CTA=0.7529 (166 s)
[2026-08-26 11:39:03]   friendly noise: 50000 images in 24 s, mean|eps| = 0.0475 (12.12/255)
[2026-08-26 11:41:26]   [t7056 v5/5] fail (pred=bird) CTA=0.7508 (183 s)
[2026-08-26 11:41:26] === target 8740: 500 saved poisons, realized linf 8.00/255 ===
[2026-08-26 11:42:06]   friendly noise: 50000 images in 24 s, mean|eps| = 0.0466 (11.89/255)
[2026-08-26 11:44:27]   [t8740 v1/5] SUCCESS (pred=dog) CTA=0.7585 (181 s)
[2026-08-26 11:45:06]   friendly noise: 50000 images in 24 s, mean|eps| = 0.0489 (12.48/255)
[2026-08-26 11:47:24]   [t8740 v2/5] fail (pred=bird) CTA=0.7433 (178 s)
[2026-08-26 11:48:02]   friendly noise: 50000 images in 24 s, mean|eps| = 0.0482 (12.30/255)
