stage: optional directory absent: /home/mmoslem3/scratch/attack_if/defense_result/CIFAR10_ResNet20BN_sapa_ours_dog-bird_b0.01_eps8_seed42_lam1_cosine_worst0.05_ce5_tgt14__def-epic-s0.1-f2-d10
job: 5033283 missing_defense_025_resnet20_sapa_dog_bird_b0_01_epic_ours_std on kn128
work: /tmp/attack_if
config: USE_JACOBIAN_SCORE=0 JACOBIAN_WEIGHT=1.0 JACOBIAN_BATCH_SIZE=64 CLASS_PAIR=dog-bird MODEL=ResNet20BN ATTACK=sapa TARGET_SELECT=14 BUDGETS=0.01 SELS=ours SEL_ALPHA=2.0 DEFENSES=epic NUM_TARGETS=7 NUM_VICTIMS=5 sh defense.sh
protocol: attack=8 targets x 5 victims; defense=7 targets x 5 victims
gpu: NVIDIA L40S
#  b0.01   ours=8                       -> 8 paired target(s)
=== defense sweep | ResNet20BN / sapa / dog-bird (tgt14) ===
    selections : ours   (dpp alpha 2.0)
    selector   : Jacobian disabled (historical attack-run names)
    defenses   : epic
    poisons    : replayed from /tmp/attack_if/ours_result, results into /tmp/attack_if/defense_result

--- budget 0.01 | defense epic | selection ours ---
[2026-08-26 10:11:56] === defense run: CIFAR10_ResNet20BN_sapa_ours_dog-bird_b0.01_eps8_seed42_lam1_cosine_worst0.05_ce5_tgt14__def-epic-s0.1-f2-d10 ===
[2026-08-26 10:11:56]     poisons replayed from /tmp/attack_if/ours_result/CIFAR10_ResNet20BN_sapa_ours_dog-bird_b0.01_eps8_seed42_lam1_cosine_worst0.05_ce5_tgt14
[2026-08-26 10:11:56]     defense = epic  (epic-s0.1-f2-d10)
[2026-08-26 10:11:56]     victim augmentation = none  (applied to the poisoned image, resampled every epoch)
[2026-08-26 10:11:56] args: {"adv_eps": 8.0, "adv_step_size": 0.0, "adv_steps": 5, "attack": "sapa", "aug_cutout_length": 16, "aug_flip_p": 0.5, "aug_pad": 4, "aug_randaug_magnitude": 9, "aug_randaug_ops": 2, "base": "ours", "base_dist": "cosine", "budget": 0.01, "cache_dir": "/tmp/attack_if/cache", "class_pair": "dog-bird", "clean_baseline": true, "craft_aug": true, "craft_ensemble": 5, "data_path": "/tmp/data", "dataset": "CIFAR10", "defense": "epic", "defense_out_dir": "/tmp/attack_if/defense_result", "defense_parts": ["epic"], "dsa_strategy": "color_crop_cutout_flip_scale_rotate", "epic_cluster_thresh": 1.0, "epic_drop_after": 10, "epic_freq": 2, "epic_metric": "euclidean", "epic_stop_after": -1, "epic_subset_size": 0.1, "epsilon": 0.0313725, "fc_mode": "sample", "friendly_begin_epoch": 5, "friendly_bs": 512, "friendly_clamp": 16.0, "friendly_epochs": 30, "friendly_lr": 100.0, "friendly_momentum": 0.9, "friendly_mu": 1.0, "gpus": "all", "jacobian_batch_size": 64, "jacobian_weight": 1.0, "lambda_margin": 1.0, "list_cached": false, "model": "ResNet20BN", "no_resume": false, "noise_eps": 8.0, "noise_type": [], "num_targets": 7, "num_victims": 5, "out_dir": "/tmp/attack_if/ours_result", "pair_order": "poison-target", "parallel_trials": true, "recompute_deltas": false, "seed": 42, "sel_alpha": 1.0, "sel_dpp": false, "sel_filter": false, "sel_mmr": false, "sel_mode": null, "sel_mu": 1.0, "sel_pca": false, "sel_pool": 3.0, "sharp_mode": "worst", "sharp_samples": 20, "sharp_sigma": 0.05, "target_idx_file": "target_sets/def_ResNet20BN_sapa_dog-bird_b0.01.json", "target_select": 14, "use_jacobian_score": false, "victim_aug": "none", "victim_bs": 125, "victim_decay": [40], "victim_epochs": 50, "victim_lr": 0.1, "victim_wd": 0.0}
[2026-08-26 10:12:20]   7 target(s) with saved poisons: [833, 2065, 4630, 5118, 5324, 7056, 8740]
[2026-08-26 10:12:20] === defended clean victims (5 x ResNet20BN, defense epic-s0.1-f2-d10) ===
[2026-08-26 10:12:21]   defended clean CTA = 0.8187 +/- 0.0067
[2026-08-26 10:12:21] === target 833: 500 saved poisons, realized linf 8.00/255 ===
[2026-08-26 10:15:21]   [t833 v1/5] SUCCESS (pred=dog) CTA=0.7906 (180 s)
[2026-08-26 10:18:19]   [t833 v2/5] SUCCESS (pred=dog) CTA=0.8211 (178 s)
[2026-08-26 10:21:17]   [t833 v3/5] SUCCESS (pred=dog) CTA=0.7835 (178 s)
[2026-08-26 10:24:14]   [t833 v4/5] SUCCESS (pred=dog) CTA=0.8256 (177 s)
[2026-08-26 10:27:16]   [t833 v5/5] SUCCESS (pred=dog) CTA=0.8195 (182 s)
[2026-08-26 10:27:16] === target 2065: 500 saved poisons, realized linf 8.00/255 ===
[2026-08-26 10:30:08]   [t2065 v1/5] SUCCESS (pred=dog) CTA=0.7740 (172 s)
[2026-08-26 10:33:09]   [t2065 v2/5] SUCCESS (pred=dog) CTA=0.8238 (182 s)
[2026-08-26 10:36:11]   [t2065 v3/5] SUCCESS (pred=dog) CTA=0.7962 (182 s)
[2026-08-26 10:39:09]   [t2065 v4/5] SUCCESS (pred=dog) CTA=0.8204 (178 s)
[2026-08-26 10:42:01]   [t2065 v5/5] fail (pred=deer) CTA=0.6902 (172 s)
[2026-08-26 10:42:01] === target 4630: 500 saved poisons, realized linf 8.00/255 ===
[2026-08-26 10:45:14]   [t4630 v1/5] SUCCESS (pred=dog) CTA=0.8244 (194 s)
[2026-08-26 10:48:34]   [t4630 v2/5] SUCCESS (pred=dog) CTA=0.8203 (199 s)
[2026-08-26 10:51:53]   [t4630 v3/5] SUCCESS (pred=dog) CTA=0.8253 (199 s)
[2026-08-26 10:55:02]   [t4630 v4/5] fail (pred=cat) CTA=0.7679 (188 s)
[2026-08-26 10:58:19]   [t4630 v5/5] fail (pred=cat) CTA=0.8207 (198 s)
[2026-08-26 10:58:20] === target 5118: 500 saved poisons, realized linf 8.00/255 ===
[2026-08-26 11:01:35]   [t5118 v1/5] SUCCESS (pred=dog) CTA=0.8224 (196 s)
[2026-08-26 11:04:47]   [t5118 v2/5] fail (pred=bird) CTA=0.8087 (192 s)
[2026-08-26 11:08:06]   [t5118 v3/5] SUCCESS (pred=dog) CTA=0.8139 (199 s)
[2026-08-26 11:11:26]   [t5118 v4/5] fail (pred=bird) CTA=0.8335 (200 s)
[2026-08-26 11:14:32]   [t5118 v5/5] fail (pred=bird) CTA=0.7783 (186 s)
[2026-08-26 11:14:32] === target 5324: 500 saved poisons, realized linf 8.00/255 ===
[2026-08-26 11:17:49]   [t5324 v1/5] fail (pred=truck) CTA=0.8009 (198 s)
[2026-08-26 11:20:55]   [t5324 v2/5] fail (pred=cat) CTA=0.7842 (186 s)
[2026-08-26 11:24:07]   [t5324 v3/5] fail (pred=cat) CTA=0.8015 (192 s)
[2026-08-26 11:27:18]   [t5324 v4/5] fail (pred=cat) CTA=0.8176 (191 s)
[2026-08-26 11:30:35]   [t5324 v5/5] SUCCESS (pred=dog) CTA=0.8133 (197 s)
[2026-08-26 11:30:35] === target 7056: 500 saved poisons, realized linf 8.00/255 ===
[2026-08-26 11:33:53]   [t7056 v1/5] SUCCESS (pred=dog) CTA=0.8135 (198 s)
[2026-08-26 11:37:04]   [t7056 v2/5] fail (pred=cat) CTA=0.7716 (191 s)
[2026-08-26 11:40:21]   [t7056 v3/5] fail (pred=bird) CTA=0.8109 (197 s)
[2026-08-26 11:43:38]   [t7056 v4/5] fail (pred=bird) CTA=0.8238 (197 s)
[2026-08-26 11:46:56]   [t7056 v5/5] fail (pred=cat) CTA=0.8296 (198 s)
[2026-08-26 11:46:56] === target 8740: 500 saved poisons, realized linf 8.00/255 ===
