stage: optional directory absent: /home/mmoslem3/scratch/attack_if/defense_result/CIFAR10_ConvNetBN_sapa_ours_dog-bird_b0.02_eps8_seed42_lam1_cosine_worst0.05_ce5_tgt70__def-friends-friendly.bernoulli-e8-p5-clp16
job: 5033268 missing_defense_010_convnet_sapa_dog_bird_b0_02_friends_ours_std on kn001
work: /tmp/attack_if
config: USE_JACOBIAN_SCORE=0 JACOBIAN_WEIGHT=1.0 JACOBIAN_BATCH_SIZE=64 CLASS_PAIR=dog-bird MODEL=ConvNetBN ATTACK=sapa TARGET_SELECT=70 BUDGETS=0.02 SELS=ours SEL_ALPHA=2.0 DEFENSES=friends NUM_TARGETS=7 NUM_VICTIMS=5 sh defense.sh
protocol: attack=8 targets x 5 victims; defense=7 targets x 5 victims
gpu: NVIDIA L40S
#  b0.02   ours=8                       -> 8 paired target(s)
=== defense sweep | ConvNetBN / sapa / dog-bird (tgt70) ===
    selections : ours   (dpp alpha 2.0)
    selector   : Jacobian disabled (historical attack-run names)
    defenses   : friends
    poisons    : replayed from /tmp/attack_if/ours_result, results into /tmp/attack_if/defense_result

--- budget 0.02 | defense friends | selection ours ---
[2026-08-26 10:08:01] === defense run: CIFAR10_ConvNetBN_sapa_ours_dog-bird_b0.02_eps8_seed42_lam1_cosine_worst0.05_ce5_tgt70__def-friends-friendly.bernoulli-e8-p5-clp16 ===
[2026-08-26 10:08:01]     poisons replayed from /tmp/attack_if/ours_result/CIFAR10_ConvNetBN_sapa_ours_dog-bird_b0.02_eps8_seed42_lam1_cosine_worst0.05_ce5_tgt70
[2026-08-26 10:08:01]     defense = friends  (friends-friendly.bernoulli-e8-p5-clp16)
[2026-08-26 10:08:01]     victim augmentation = none  (applied to the poisoned image, resampled every epoch)
[2026-08-26 10:08:01] args: {"adv_eps": 8.0, "adv_step_size": 0.0, "adv_steps": 5, "attack": "sapa", "aug_cutout_length": 16, "aug_flip_p": 0.5, "aug_pad": 4, "aug_randaug_magnitude": 9, "aug_randaug_ops": 2, "base": "ours", "base_dist": "cosine", "budget": 0.02, "cache_dir": "/tmp/attack_if/cache", "class_pair": "dog-bird", "clean_baseline": true, "craft_aug": true, "craft_ensemble": 5, "data_path": "/tmp/data", "dataset": "CIFAR10", "defense": "friends", "defense_out_dir": "/tmp/attack_if/defense_result", "defense_parts": ["friends"], "dsa_strategy": "color_crop_cutout_flip_scale_rotate", "epic_cluster_thresh": 1.0, "epic_drop_after": 10, "epic_freq": 2, "epic_metric": "euclidean", "epic_stop_after": -1, "epic_subset_size": 0.1, "epsilon": 0.0313725, "fc_mode": "sample", "friendly_begin_epoch": 5, "friendly_bs": 512, "friendly_clamp": 16.0, "friendly_epochs": 30, "friendly_lr": 100.0, "friendly_momentum": 0.9, "friendly_mu": 1.0, "gpus": "all", "jacobian_batch_size": 64, "jacobian_weight": 1.0, "lambda_margin": 1.0, "list_cached": false, "model": "ConvNetBN", "no_resume": false, "noise_eps": 8.0, "noise_type": ["friendly", "bernoulli"], "num_targets": 7, "num_victims": 5, "out_dir": "/tmp/attack_if/ours_result", "pair_order": "poison-target", "parallel_trials": true, "recompute_deltas": false, "seed": 42, "sel_alpha": 1.0, "sel_dpp": false, "sel_filter": false, "sel_mmr": false, "sel_mode": null, "sel_mu": 1.0, "sel_pca": false, "sel_pool": 3.0, "sharp_mode": "worst", "sharp_samples": 20, "sharp_sigma": 0.05, "target_idx_file": "target_sets/def_ConvNetBN_sapa_dog-bird_b0.02.json", "target_select": 70, "use_jacobian_score": false, "victim_aug": "none", "victim_bs": 125, "victim_decay": [40], "victim_epochs": 50, "victim_lr": 0.1, "victim_wd": 0.0}
[2026-08-26 10:08:23]   7 target(s) with saved poisons: [821, 843, 1257, 5859, 8055, 8252, 8730]
[2026-08-26 10:08:23] === defended clean victims (5 x ConvNetBN, defense friends-friendly.bernoulli-e8-p5-clp16) ===
[2026-08-26 10:08:24]   defended clean CTA = 0.7538 +/- 0.0081
[2026-08-26 10:08:24] === target 821: 1000 saved poisons, realized linf 8.00/255 ===
[2026-08-26 10:08:58]   friendly noise: 50000 images in 28 s, mean|eps| = 0.0434 (11.07/255)
[2026-08-26 10:09:45]   [t821 v1/5] SUCCESS (pred=dog) CTA=0.7481 (80 s)
[2026-08-26 10:10:18]   friendly noise: 50000 images in 28 s, mean|eps| = 0.0427 (10.89/255)
[2026-08-26 10:11:05]   [t821 v2/5] fail (pred=bird) CTA=0.7456 (80 s)
[2026-08-26 10:11:38]   friendly noise: 50000 images in 28 s, mean|eps| = 0.0437 (11.14/255)
[2026-08-26 10:12:24]   [t821 v3/5] fail (pred=bird) CTA=0.7332 (80 s)
[2026-08-26 10:12:58]   friendly noise: 50000 images in 28 s, mean|eps| = 0.0422 (10.76/255)
[2026-08-26 10:13:44]   [t821 v4/5] SUCCESS (pred=dog) CTA=0.7548 (80 s)
[2026-08-26 10:14:17]   friendly noise: 50000 images in 28 s, mean|eps| = 0.0415 (10.58/255)
[2026-08-26 10:15:04]   [t821 v5/5] fail (pred=bird) CTA=0.7549 (80 s)
[2026-08-26 10:15:04] === target 843: 1000 saved poisons, realized linf 8.00/255 ===
[2026-08-26 10:15:37]   friendly noise: 50000 images in 28 s, mean|eps| = 0.0426 (10.86/255)
[2026-08-26 10:16:23]   [t843 v1/5] SUCCESS (pred=dog) CTA=0.7524 (80 s)
[2026-08-26 10:16:57]   friendly noise: 50000 images in 28 s, mean|eps| = 0.0435 (11.10/255)
[2026-08-26 10:17:43]   [t843 v2/5] fail (pred=bird) CTA=0.7428 (80 s)
[2026-08-26 10:18:16]   friendly noise: 50000 images in 28 s, mean|eps| = 0.0422 (10.76/255)
[2026-08-26 10:19:03]   [t843 v3/5] SUCCESS (pred=dog) CTA=0.7496 (80 s)
[2026-08-26 10:19:36]   friendly noise: 50000 images in 28 s, mean|eps| = 0.0425 (10.84/255)
[2026-08-26 10:20:23]   [t843 v4/5] SUCCESS (pred=dog) CTA=0.7491 (80 s)
[2026-08-26 10:20:56]   friendly noise: 50000 images in 28 s, mean|eps| = 0.0435 (11.09/255)
[2026-08-26 10:21:42]   [t843 v5/5] SUCCESS (pred=dog) CTA=0.7459 (80 s)
[2026-08-26 10:21:42] === target 1257: 1000 saved poisons, realized linf 8.00/255 ===
[2026-08-26 10:22:16]   friendly noise: 50000 images in 28 s, mean|eps| = 0.0435 (11.10/255)
[2026-08-26 10:23:02]   [t1257 v1/5] fail (pred=bird) CTA=0.7396 (80 s)
[2026-08-26 10:23:35]   friendly noise: 50000 images in 28 s, mean|eps| = 0.0427 (10.89/255)
[2026-08-26 10:24:22]   [t1257 v2/5] SUCCESS (pred=dog) CTA=0.7423 (80 s)
[2026-08-26 10:24:55]   friendly noise: 50000 images in 28 s, mean|eps| = 0.0433 (11.05/255)
[2026-08-26 10:25:41]   [t1257 v3/5] SUCCESS (pred=dog) CTA=0.7576 (80 s)
[2026-08-26 10:26:15]   friendly noise: 50000 images in 28 s, mean|eps| = 0.0436 (11.11/255)
[2026-08-26 10:27:01]   [t1257 v4/5] SUCCESS (pred=dog) CTA=0.7469 (80 s)
[2026-08-26 10:27:35]   friendly noise: 50000 images in 28 s, mean|eps| = 0.0430 (10.97/255)
[2026-08-26 10:28:21]   [t1257 v5/5] fail (pred=bird) CTA=0.7457 (80 s)
[2026-08-26 10:28:21] === target 5859: 1000 saved poisons, realized linf 8.00/255 ===
[2026-08-26 10:28:54]   friendly noise: 50000 images in 28 s, mean|eps| = 0.0445 (11.34/255)
[2026-08-26 10:29:41]   [t5859 v1/5] SUCCESS (pred=dog) CTA=0.7533 (80 s)
[2026-08-26 10:30:14]   friendly noise: 50000 images in 28 s, mean|eps| = 0.0428 (10.91/255)
[2026-08-26 10:31:00]   [t5859 v2/5] SUCCESS (pred=dog) CTA=0.7554 (80 s)
[2026-08-26 10:31:34]   friendly noise: 50000 images in 28 s, mean|eps| = 0.0430 (10.96/255)
[2026-08-26 10:32:20]   [t5859 v3/5] SUCCESS (pred=dog) CTA=0.7515 (80 s)
[2026-08-26 10:32:54]   friendly noise: 50000 images in 28 s, mean|eps| = 0.0418 (10.65/255)
[2026-08-26 10:33:40]   [t5859 v4/5] fail (pred=bird) CTA=0.7462 (80 s)
[2026-08-26 10:34:13]   friendly noise: 50000 images in 28 s, mean|eps| = 0.0424 (10.81/255)
[2026-08-26 10:35:00]   [t5859 v5/5] SUCCESS (pred=dog) CTA=0.7518 (80 s)
[2026-08-26 10:35:00] === target 8055: 1000 saved poisons, realized linf 8.00/255 ===
[2026-08-26 10:35:33]   friendly noise: 50000 images in 28 s, mean|eps| = 0.0428 (10.91/255)
[2026-08-26 10:36:20]   [t8055 v1/5] fail (pred=bird) CTA=0.7473 (80 s)
[2026-08-26 10:36:53]   friendly noise: 50000 images in 28 s, mean|eps| = 0.0443 (11.30/255)
[2026-08-26 10:37:39]   [t8055 v2/5] fail (pred=bird) CTA=0.7411 (80 s)
[2026-08-26 10:38:13]   friendly noise: 50000 images in 28 s, mean|eps| = 0.0426 (10.87/255)
[2026-08-26 10:38:59]   [t8055 v3/5] fail (pred=frog) CTA=0.7578 (80 s)
[2026-08-26 10:39:32]   friendly noise: 50000 images in 28 s, mean|eps| = 0.0461 (11.77/255)
[2026-08-26 10:40:19]   [t8055 v4/5] fail (pred=frog) CTA=0.7470 (80 s)
[2026-08-26 10:40:52]   friendly noise: 50000 images in 28 s, mean|eps| = 0.0412 (10.51/255)
[2026-08-26 10:41:38]   [t8055 v5/5] SUCCESS (pred=dog) CTA=0.7562 (80 s)
[2026-08-26 10:41:38] === target 8252: 1000 saved poisons, realized linf 8.00/255 ===
[2026-08-26 10:42:12]   friendly noise: 50000 images in 28 s, mean|eps| = 0.0415 (10.57/255)
[2026-08-26 10:42:58]   [t8252 v1/5] fail (pred=cat) CTA=0.7541 (80 s)
[2026-08-26 10:43:31]   friendly noise: 50000 images in 28 s, mean|eps| = 0.0415 (10.58/255)
[2026-08-26 10:44:18]   [t8252 v2/5] SUCCESS (pred=dog) CTA=0.7656 (80 s)
[2026-08-26 10:44:51]   friendly noise: 50000 images in 28 s, mean|eps| = 0.0421 (10.73/255)
[2026-08-26 10:45:38]   [t8252 v3/5] fail (pred=cat) CTA=0.7559 (80 s)
[2026-08-26 10:46:11]   friendly noise: 50000 images in 28 s, mean|eps| = 0.0429 (10.93/255)
[2026-08-26 10:46:57]   [t8252 v4/5] fail (pred=cat) CTA=0.7385 (80 s)
[2026-08-26 10:47:31]   friendly noise: 50000 images in 28 s, mean|eps| = 0.0376 (9.58/255)
[2026-08-26 10:48:17]   [t8252 v5/5] fail (pred=cat) CTA=0.7463 (80 s)
[2026-08-26 10:48:17] === target 8730: 1000 saved poisons, realized linf 8.00/255 ===
[2026-08-26 10:48:50]   friendly noise: 50000 images in 28 s, mean|eps| = 0.0440 (11.21/255)
[2026-08-26 10:49:37]   [t8730 v1/5] SUCCESS (pred=dog) CTA=0.7368 (80 s)
[2026-08-26 10:50:10]   friendly noise: 50000 images in 28 s, mean|eps| = 0.0431 (10.98/255)
[2026-08-26 10:50:57]   [t8730 v2/5] fail (pred=bird) CTA=0.7554 (80 s)
[2026-08-26 10:51:30]   friendly noise: 50000 images in 28 s, mean|eps| = 0.0436 (11.12/255)
[2026-08-26 10:52:16]   [t8730 v3/5] fail (pred=bird) CTA=0.7534 (80 s)
[2026-08-26 10:52:50]   friendly noise: 50000 images in 28 s, mean|eps| = 0.0417 (10.63/255)
[2026-08-26 10:53:36]   [t8730 v4/5] SUCCESS (pred=dog) CTA=0.7494 (80 s)
[2026-08-26 10:54:09]   friendly noise: 50000 images in 28 s, mean|eps| = 0.0435 (11.08/255)
[2026-08-26 10:54:56]   [t8730 v5/5] SUCCESS (pred=dog) CTA=0.7425 (80 s)
[2026-08-26 10:54:56] ==== CIFAR10_ConvNetBN_sapa_ours_dog-bird_b0.02_eps8_seed42_lam1_cosine_worst0.05_ce5_tgt70 | defense friends-friendly.bernoulli-e8-p5-clp16 : ASR = 51.4% +/- 23.6% | CTA = 0.7490 (defended clean 0.7538) ====
[2026-08-26 10:54:56]   target-prediction tally ['airplane', 'automobile', 'bird', 'cat', 'deer', 'dog', 'frog', 'horse', 'ship', 'truck']: [0, 0, 11, 4, 0, 18, 2, 0, 0, 0]
sync: preserving outputs in /home/mmoslem3/scratch/attack_if
sync: complete
