stage: optional file absent: /home/mmoslem3/scratch/attack_if/target_sets/def_VGG13BN_sapa_dog-bird_b0.01_jacw1.json
stage: optional directory absent: /home/mmoslem3/scratch/attack_if/defense_result/CIFAR10_VGG13BN_sapa_ours_dog-bird_b0.01_eps8_seed42_lam1_cosine_seldpp2_jacw1_worst0.05_ce5_tgt50__def-friends-friendly.bernoulli-e8-p5-clp16
job: 5033310 missing_defense_050_vgg13_sapa_dog_bird_b0_01_friends_dpp_j on kn021
work: /tmp/attack_if
config: USE_JACOBIAN_SCORE=1 JACOBIAN_WEIGHT=1.0 JACOBIAN_BATCH_SIZE=64 CLASS_PAIR=dog-bird MODEL=VGG13BN ATTACK=sapa TARGET_SELECT=50 BUDGETS=0.01 SELS=dpp SEL_ALPHA=2.0 DEFENSES=friends NUM_TARGETS=7 NUM_VICTIMS=5 sh defense.sh
protocol: attack=8 targets x 5 victims; defense=7 targets x 5 victims
gpu: NVIDIA L40S
#  b0.01   dpp=8                        -> 8 paired target(s)
=== defense sweep | VGG13BN / sapa / dog-bird (tgt50) ===
    selections : dpp   (dpp alpha 2.0)
    selector   : Jacobian enabled for ours/dpp (weight 1.0, batch 64); random unchanged
    defenses   : friends
    poisons    : replayed from /tmp/attack_if/ours_result, results into /tmp/attack_if/defense_result

--- budget 0.01 | defense friends | selection dpp ---
[2026-08-26 10:18:02] === defense run: CIFAR10_VGG13BN_sapa_ours_dog-bird_b0.01_eps8_seed42_lam1_cosine_seldpp2_jacw1_worst0.05_ce5_tgt50__def-friends-friendly.bernoulli-e8-p5-clp16 ===
[2026-08-26 10:18:02]     poisons replayed from /tmp/attack_if/ours_result/CIFAR10_VGG13BN_sapa_ours_dog-bird_b0.01_eps8_seed42_lam1_cosine_seldpp2_jacw1_worst0.05_ce5_tgt50
[2026-08-26 10:18:02]     defense = friends  (friends-friendly.bernoulli-e8-p5-clp16)
[2026-08-26 10:18:02]     victim augmentation = none  (applied to the poisoned image, resampled every epoch)
[2026-08-26 10:18:02] args: {"adv_eps": 8.0, "adv_step_size": 0.0, "adv_steps": 5, "attack": "sapa", "aug_cutout_length": 16, "aug_flip_p": 0.5, "aug_pad": 4, "aug_randaug_magnitude": 9, "aug_randaug_ops": 2, "base": "ours", "base_dist": "cosine", "budget": 0.01, "cache_dir": "/tmp/attack_if/cache", "class_pair": "dog-bird", "clean_baseline": true, "craft_aug": true, "craft_ensemble": 5, "data_path": "/tmp/data", "dataset": "CIFAR10", "defense": "friends", "defense_out_dir": "/tmp/attack_if/defense_result", "defense_parts": ["friends"], "dsa_strategy": "color_crop_cutout_flip_scale_rotate", "epic_cluster_thresh": 1.0, "epic_drop_after": 10, "epic_freq": 2, "epic_metric": "euclidean", "epic_stop_after": -1, "epic_subset_size": 0.1, "epsilon": 0.0313725, "fc_mode": "sample", "friendly_begin_epoch": 5, "friendly_bs": 512, "friendly_clamp": 16.0, "friendly_epochs": 30, "friendly_lr": 100.0, "friendly_momentum": 0.9, "friendly_mu": 1.0, "gpus": "all", "jacobian_batch_size": 64, "jacobian_weight": 1.0, "lambda_margin": 1.0, "list_cached": false, "model": "VGG13BN", "no_resume": false, "noise_eps": 8.0, "noise_type": ["friendly", "bernoulli"], "num_targets": 7, "num_victims": 5, "out_dir": "/tmp/attack_if/ours_result", "pair_order": "poison-target", "parallel_trials": true, "recompute_deltas": false, "seed": 42, "sel_alpha": 2.0, "sel_dpp": true, "sel_filter": false, "sel_mmr": false, "sel_mode": "dpp", "sel_mu": 1.0, "sel_pca": false, "sel_pool": 3.0, "sharp_mode": "worst", "sharp_samples": 20, "sharp_sigma": 0.05, "target_idx_file": "target_sets/def_VGG13BN_sapa_dog-bird_b0.01_jacw1.json", "target_select": 50, "use_jacobian_score": true, "victim_aug": "none", "victim_bs": 125, "victim_decay": [40], "victim_epochs": 50, "victim_lr": 0.1, "victim_wd": 0.0}
[2026-08-26 10:18:24]   7 target(s) with saved poisons: [409, 630, 1656, 2270, 5022, 6033, 9090]
[2026-08-26 10:18:24] === defended clean victims (5 x VGG13BN, defense friends-friendly.bernoulli-e8-p5-clp16) ===
[2026-08-26 10:18:25]   defended clean CTA = 0.8054 +/- 0.0116
[2026-08-26 10:18:25] === target 409: 500 saved poisons, realized linf 8.00/255 ===
[2026-08-26 10:19:24]   friendly noise: 50000 images in 49 s, mean|eps| = 0.0442 (11.27/255)
[2026-08-26 10:20:57]   [t409 v1/5] fail (pred=bird) CTA=0.7861 (151 s)
[2026-08-26 10:21:56]   friendly noise: 50000 images in 49 s, mean|eps| = 0.0347 (8.85/255)
[2026-08-26 10:23:28]   [t409 v2/5] fail (pred=bird) CTA=0.8192 (152 s)
[2026-08-26 10:24:28]   friendly noise: 50000 images in 49 s, mean|eps| = 0.0341 (8.69/255)
[2026-08-26 10:26:00]   [t409 v3/5] fail (pred=cat) CTA=0.8238 (151 s)
[2026-08-26 10:26:59]   friendly noise: 50000 images in 49 s, mean|eps| = 0.0440 (11.23/255)
[2026-08-26 10:28:32]   [t409 v4/5] fail (pred=bird) CTA=0.8133 (152 s)
[2026-08-26 10:29:31]   friendly noise: 50000 images in 49 s, mean|eps| = 0.0420 (10.72/255)
[2026-08-26 10:31:03]   [t409 v5/5] SUCCESS (pred=dog) CTA=0.8058 (152 s)
[2026-08-26 10:31:03] === target 630: 500 saved poisons, realized linf 8.00/255 ===
[2026-08-26 10:32:02]   friendly noise: 50000 images in 49 s, mean|eps| = 0.0481 (12.28/255)
[2026-08-26 10:33:34]   [t630 v1/5] fail (pred=ship) CTA=0.7810 (151 s)
[2026-08-26 10:34:33]   friendly noise: 50000 images in 49 s, mean|eps| = 0.0476 (12.13/255)
[2026-08-26 10:36:05]   [t630 v2/5] fail (pred=airplane) CTA=0.7843 (151 s)
[2026-08-26 10:37:04]   friendly noise: 50000 images in 49 s, mean|eps| = 0.0392 (10.00/255)
[2026-08-26 10:38:36]   [t630 v3/5] fail (pred=bird) CTA=0.8170 (151 s)
[2026-08-26 10:39:35]   friendly noise: 50000 images in 49 s, mean|eps| = 0.0494 (12.60/255)
[2026-08-26 10:41:07]   [t630 v4/5] fail (pred=bird) CTA=0.7874 (151 s)
[2026-08-26 10:42:06]   friendly noise: 50000 images in 49 s, mean|eps| = 0.0300 (7.64/255)
[2026-08-26 10:43:38]   [t630 v5/5] fail (pred=bird) CTA=0.8230 (151 s)
[2026-08-26 10:43:38] === target 1656: 500 saved poisons, realized linf 8.00/255 ===
[2026-08-26 10:44:37]   friendly noise: 50000 images in 49 s, mean|eps| = 0.0338 (8.61/255)
[2026-08-26 10:46:10]   [t1656 v1/5] fail (pred=bird) CTA=0.8273 (152 s)
[2026-08-26 10:47:09]   friendly noise: 50000 images in 49 s, mean|eps| = 0.0442 (11.28/255)
[2026-08-26 10:48:41]   [t1656 v2/5] fail (pred=airplane) CTA=0.8023 (152 s)
[2026-08-26 10:49:41]   friendly noise: 50000 images in 49 s, mean|eps| = 0.0400 (10.19/255)
[2026-08-26 10:51:13]   [t1656 v3/5] fail (pred=airplane) CTA=0.8066 (152 s)
[2026-08-26 10:52:12]   friendly noise: 50000 images in 49 s, mean|eps| = 0.0478 (12.20/255)
[2026-08-26 10:53:45]   [t1656 v4/5] fail (pred=bird) CTA=0.7888 (152 s)
[2026-08-26 10:54:44]   friendly noise: 50000 images in 49 s, mean|eps| = 0.0431 (11.00/255)
[2026-08-26 10:56:16]   [t1656 v5/5] fail (pred=bird) CTA=0.7953 (152 s)
[2026-08-26 10:56:16] === target 2270: 500 saved poisons, realized linf 8.00/255 ===
[2026-08-26 10:57:16]   friendly noise: 50000 images in 49 s, mean|eps| = 0.0319 (8.13/255)
[2026-08-26 10:58:47]   [t2270 v1/5] SUCCESS (pred=dog) CTA=0.8158 (151 s)
[2026-08-26 10:59:47]   friendly noise: 50000 images in 49 s, mean|eps| = 0.0379 (9.67/255)
[2026-08-26 11:01:19]   [t2270 v2/5] fail (pred=cat) CTA=0.8014 (151 s)
[2026-08-26 11:02:18]   friendly noise: 50000 images in 49 s, mean|eps| = 0.0388 (9.90/255)
[2026-08-26 11:03:50]   [t2270 v3/5] SUCCESS (pred=dog) CTA=0.8052 (151 s)
[2026-08-26 11:04:49]   friendly noise: 50000 images in 49 s, mean|eps| = 0.0483 (12.32/255)
[2026-08-26 11:06:20]   [t2270 v4/5] fail (pred=deer) CTA=0.7948 (151 s)
[2026-08-26 11:07:20]   friendly noise: 50000 images in 49 s, mean|eps| = 0.0235 (6.00/255)
[2026-08-26 11:08:51]   [t2270 v5/5] SUCCESS (pred=dog) CTA=0.8302 (151 s)
[2026-08-26 11:08:51] === target 5022: 500 saved poisons, realized linf 8.00/255 ===
[2026-08-26 11:09:51]   friendly noise: 50000 images in 49 s, mean|eps| = 0.0423 (10.79/255)
[2026-08-26 11:11:23]   [t5022 v1/5] fail (pred=bird) CTA=0.8005 (152 s)
[2026-08-26 11:12:22]   friendly noise: 50000 images in 49 s, mean|eps| = 0.0184 (4.69/255)
[2026-08-26 11:13:55]   [t5022 v2/5] SUCCESS (pred=dog) CTA=0.8433 (152 s)
[2026-08-26 11:14:54]   friendly noise: 50000 images in 49 s, mean|eps| = 0.0220 (5.62/255)
[2026-08-26 11:16:26]   [t5022 v3/5] SUCCESS (pred=dog) CTA=0.8287 (151 s)
[2026-08-26 11:17:26]   friendly noise: 50000 images in 49 s, mean|eps| = 0.0465 (11.86/255)
[2026-08-26 11:18:58]   [t5022 v4/5] fail (pred=bird) CTA=0.8023 (152 s)
[2026-08-26 11:19:57]   friendly noise: 50000 images in 49 s, mean|eps| = 0.0254 (6.49/255)
[2026-08-26 11:21:30]   [t5022 v5/5] SUCCESS (pred=dog) CTA=0.8372 (152 s)
[2026-08-26 11:21:30] === target 6033: 500 saved poisons, realized linf 8.00/255 ===
[2026-08-26 11:22:29]   friendly noise: 50000 images in 49 s, mean|eps| = 0.0178 (4.54/255)
[2026-08-26 11:24:01]   [t6033 v1/5] SUCCESS (pred=dog) CTA=0.8357 (151 s)
[2026-08-26 11:25:00]   friendly noise: 50000 images in 49 s, mean|eps| = 0.0342 (8.72/255)
[2026-08-26 11:26:31]   [t6033 v2/5] fail (pred=bird) CTA=0.8275 (151 s)
[2026-08-26 11:27:31]   friendly noise: 50000 images in 49 s, mean|eps| = 0.0468 (11.94/255)
[2026-08-26 11:29:03]   [t6033 v3/5] fail (pred=deer) CTA=0.7779 (151 s)
[2026-08-26 11:30:02]   friendly noise: 50000 images in 49 s, mean|eps| = 0.0416 (10.61/255)
[2026-08-26 11:31:34]   [t6033 v4/5] SUCCESS (pred=dog) CTA=0.7943 (151 s)
[2026-08-26 11:32:33]   friendly noise: 50000 images in 49 s, mean|eps| = 0.0472 (12.03/255)
[2026-08-26 11:34:05]   [t6033 v5/5] fail (pred=deer) CTA=0.7826 (151 s)
[2026-08-26 11:34:05] === target 9090: 500 saved poisons, realized linf 8.00/255 ===
[2026-08-26 11:35:04]   friendly noise: 50000 images in 49 s, mean|eps| = 0.0228 (5.80/255)
[2026-08-26 11:36:36]   [t9090 v1/5] SUCCESS (pred=dog) CTA=0.8372 (152 s)
[2026-08-26 11:37:36]   friendly noise: 50000 images in 49 s, mean|eps| = 0.0434 (11.08/255)
[2026-08-26 11:39:08]   [t9090 v2/5] fail (pred=bird) CTA=0.7987 (151 s)
[2026-08-26 11:40:07]   friendly noise: 50000 images in 49 s, mean|eps| = 0.0470 (11.99/255)
[2026-08-26 11:41:40]   [t9090 v3/5] fail (pred=bird) CTA=0.7795 (152 s)
[2026-08-26 11:42:39]   friendly noise: 50000 images in 49 s, mean|eps| = 0.0349 (8.89/255)
[2026-08-26 11:44:11]   [t9090 v4/5] SUCCESS (pred=dog) CTA=0.8093 (151 s)
[2026-08-26 11:45:10]   friendly noise: 50000 images in 49 s, mean|eps| = 0.0235 (6.00/255)
[2026-08-26 11:46:43]   [t9090 v5/5] SUCCESS (pred=dog) CTA=0.8488 (152 s)
[2026-08-26 11:46:43] ==== CIFAR10_VGG13BN_sapa_ours_dog-bird_b0.01_eps8_seed42_lam1_cosine_seldpp2_jacw1_worst0.05_ce5_tgt50 | defense friends-friendly.bernoulli-e8-p5-clp16 : ASR = 34.3% +/- 25.6% | CTA = 0.8089 (defended clean 0.8054) ====
[2026-08-26 11:46:43]   target-prediction tally ['airplane', 'automobile', 'bird', 'cat', 'deer', 'dog', 'frog', 'horse', 'ship', 'truck']: [3, 0, 14, 2, 3, 12, 0, 0, 1, 0]
sync: preserving outputs in /home/mmoslem3/scratch/attack_if
sync: complete
