stage: optional file absent: /home/mmoslem3/scratch/attack_if/target_sets/def_VGG13BN_gradmatch_dog-bird_b0.01_jacw1.json
stage: optional directory absent: /home/mmoslem3/scratch/attack_if/defense_result/CIFAR10_VGG13BN_gradmatch_ours_dog-bird_b0.01_eps8_seed42_lam1_cosine_jacw1_ce5_tgt50__def-epic-s0.1-f2-d10
job: 5033295 missing_defense_036_vgg13_gradmatch_dog_bird_b0_01_epic_ours_j on kn155
work: /tmp/attack_if
config: USE_JACOBIAN_SCORE=1 JACOBIAN_WEIGHT=1.0 JACOBIAN_BATCH_SIZE=64 CLASS_PAIR=dog-bird MODEL=VGG13BN ATTACK=gradmatch BUDGETS=0.01 SELS=ours SEL_ALPHA=2.0 DEFENSES=epic NUM_TARGETS=7 NUM_VICTIMS=5 sh defense.sh
protocol: attack=8 targets x 5 victims; defense=7 targets x 5 victims
gpu: NVIDIA L40S
#  b0.01   ours=8                       -> 8 paired target(s)
=== defense sweep | VGG13BN / gradmatch / dog-bird (tgt50) ===
    selections : ours   (dpp alpha 2.0)
    selector   : Jacobian enabled for ours/dpp (weight 1.0, batch 64); random unchanged
    defenses   : epic
    poisons    : replayed from /tmp/attack_if/ours_result, results into /tmp/attack_if/defense_result

--- budget 0.01 | defense epic | selection ours ---
[2026-08-26 10:14:05] === defense run: CIFAR10_VGG13BN_gradmatch_ours_dog-bird_b0.01_eps8_seed42_lam1_cosine_jacw1_ce5_tgt50__def-epic-s0.1-f2-d10 ===
[2026-08-26 10:14:05]     poisons replayed from /tmp/attack_if/ours_result/CIFAR10_VGG13BN_gradmatch_ours_dog-bird_b0.01_eps8_seed42_lam1_cosine_jacw1_ce5_tgt50
[2026-08-26 10:14:05]     defense = epic  (epic-s0.1-f2-d10)
[2026-08-26 10:14:05]     victim augmentation = none  (applied to the poisoned image, resampled every epoch)
[2026-08-26 10:14:05] args: {"adv_eps": 8.0, "adv_step_size": 0.0, "adv_steps": 5, "attack": "gradmatch", "aug_cutout_length": 16, "aug_flip_p": 0.5, "aug_pad": 4, "aug_randaug_magnitude": 9, "aug_randaug_ops": 2, "base": "ours", "base_dist": "cosine", "budget": 0.01, "cache_dir": "/tmp/attack_if/cache", "class_pair": "dog-bird", "clean_baseline": true, "craft_aug": true, "craft_ensemble": 5, "data_path": "/tmp/data", "dataset": "CIFAR10", "defense": "epic", "defense_out_dir": "/tmp/attack_if/defense_result", "defense_parts": ["epic"], "dsa_strategy": "color_crop_cutout_flip_scale_rotate", "epic_cluster_thresh": 1.0, "epic_drop_after": 10, "epic_freq": 2, "epic_metric": "euclidean", "epic_stop_after": -1, "epic_subset_size": 0.1, "epsilon": 0.0313725, "fc_mode": "sample", "friendly_begin_epoch": 5, "friendly_bs": 512, "friendly_clamp": 16.0, "friendly_epochs": 30, "friendly_lr": 100.0, "friendly_momentum": 0.9, "friendly_mu": 1.0, "gpus": "all", "jacobian_batch_size": 64, "jacobian_weight": 1.0, "lambda_margin": 1.0, "list_cached": false, "model": "VGG13BN", "no_resume": false, "noise_eps": 8.0, "noise_type": [], "num_targets": 7, "num_victims": 5, "out_dir": "/tmp/attack_if/ours_result", "pair_order": "poison-target", "parallel_trials": true, "recompute_deltas": false, "seed": 42, "sel_alpha": 1.0, "sel_dpp": false, "sel_filter": false, "sel_mmr": false, "sel_mode": null, "sel_mu": 1.0, "sel_pca": false, "sel_pool": 3.0, "sharp_mode": "worst", "sharp_samples": 20, "sharp_sigma": 0.05, "target_idx_file": "target_sets/def_VGG13BN_gradmatch_dog-bird_b0.01_jacw1.json", "target_select": 50, "use_jacobian_score": true, "victim_aug": "none", "victim_bs": 125, "victim_decay": [40], "victim_epochs": 50, "victim_lr": 0.1, "victim_wd": 0.0}
[2026-08-26 10:14:27]   7 target(s) with saved poisons: [409, 630, 1656, 2270, 5022, 6033, 9090]
[2026-08-26 10:14:27] === defended clean victims (5 x VGG13BN, defense epic-s0.1-f2-d10) ===
[2026-08-26 10:14:28]   defended clean CTA = 0.7740 +/- 0.0206
[2026-08-26 10:14:28] === target 409: 500 saved poisons, realized linf 8.00/255 ===
[2026-08-26 10:17:22]   [t409 v1/5] SUCCESS (pred=dog) CTA=0.8140 (174 s)
[2026-08-26 10:20:31]   [t409 v2/5] SUCCESS (pred=dog) CTA=0.7712 (189 s)
[2026-08-26 10:23:24]   [t409 v3/5] fail (pred=cat) CTA=0.7980 (173 s)
[2026-08-26 10:26:11]   [t409 v4/5] SUCCESS (pred=dog) CTA=0.8365 (168 s)
[2026-08-26 10:29:02]   [t409 v5/5] SUCCESS (pred=dog) CTA=0.8375 (170 s)
[2026-08-26 10:29:02] === target 630: 500 saved poisons, realized linf 8.00/255 ===
[2026-08-26 10:31:47]   [t630 v1/5] fail (pred=airplane) CTA=0.7669 (165 s)
[2026-08-26 10:34:43]   [t630 v2/5] fail (pred=deer) CTA=0.8153 (176 s)
[2026-08-26 10:37:39]   [t630 v3/5] SUCCESS (pred=dog) CTA=0.8189 (176 s)
[2026-08-26 10:40:30]   [t630 v4/5] fail (pred=cat) CTA=0.8170 (171 s)
[2026-08-26 10:43:23]   [t630 v5/5] fail (pred=airplane) CTA=0.8015 (172 s)
[2026-08-26 10:43:23] === target 1656: 500 saved poisons, realized linf 8.00/255 ===
[2026-08-26 10:46:25]   [t1656 v1/5] SUCCESS (pred=dog) CTA=0.8086 (182 s)
[2026-08-26 10:49:21]   [t1656 v2/5] SUCCESS (pred=dog) CTA=0.7969 (176 s)
[2026-08-26 10:52:21]   [t1656 v3/5] SUCCESS (pred=dog) CTA=0.8294 (179 s)
[2026-08-26 10:55:06]   [t1656 v4/5] SUCCESS (pred=dog) CTA=0.8185 (166 s)
[2026-08-26 10:57:58]   [t1656 v5/5] fail (pred=cat) CTA=0.7514 (171 s)
[2026-08-26 10:57:58] === target 2270: 500 saved poisons, realized linf 8.00/255 ===
[2026-08-26 11:00:46]   [t2270 v1/5] SUCCESS (pred=dog) CTA=0.8290 (169 s)
[2026-08-26 11:03:46]   [t2270 v2/5] fail (pred=bird) CTA=0.7538 (179 s)
[2026-08-26 11:07:22]   [t2270 v3/5] fail (pred=cat) CTA=0.7770 (216 s)
[2026-08-26 11:10:21]   [t2270 v4/5] fail (pred=bird) CTA=0.8003 (179 s)
[2026-08-26 11:13:24]   [t2270 v5/5] fail (pred=cat) CTA=0.7417 (183 s)
[2026-08-26 11:13:24] === target 5022: 500 saved poisons, realized linf 8.00/255 ===
[2026-08-26 11:16:13]   [t5022 v1/5] fail (pred=bird) CTA=0.8150 (169 s)
[2026-08-26 11:19:16]   [t5022 v2/5] fail (pred=bird) CTA=0.7774 (183 s)
[2026-08-26 11:22:20]   [t5022 v3/5] fail (pred=deer) CTA=0.6722 (184 s)
[2026-08-26 11:25:21]   [t5022 v4/5] fail (pred=bird) CTA=0.6874 (181 s)
[2026-08-26 11:28:21]   [t5022 v5/5] fail (pred=bird) CTA=0.8196 (180 s)
[2026-08-26 11:28:21] === target 6033: 500 saved poisons, realized linf 8.00/255 ===
[2026-08-26 11:31:50]   [t6033 v1/5] SUCCESS (pred=dog) CTA=0.8108 (209 s)
[2026-08-26 11:34:51]   [t6033 v2/5] SUCCESS (pred=dog) CTA=0.8224 (181 s)
[2026-08-26 11:37:30]   [t6033 v3/5] SUCCESS (pred=dog) CTA=0.7438 (159 s)
[2026-08-26 11:40:15]   [t6033 v4/5] fail (pred=bird) CTA=0.6611 (164 s)
[2026-08-26 11:43:01]   [t6033 v5/5] SUCCESS (pred=dog) CTA=0.7822 (166 s)
[2026-08-26 11:43:01] === target 9090: 500 saved poisons, realized linf 8.00/255 ===
[2026-08-26 11:45:37]   [t9090 v1/5] SUCCESS (pred=dog) CTA=0.7291 (155 s)
[2026-08-26 11:48:30]   [t9090 v2/5] SUCCESS (pred=dog) CTA=0.8056 (174 s)
