stage: optional file absent: /home/mmoslem3/scratch/attack_if/target_sets/def_VGG13BN_gradmatch_dog-bird_b0.01_jacw1.json
stage: optional directory absent: /home/mmoslem3/scratch/attack_if/defense_result/CIFAR10_VGG13BN_gradmatch_ours_dog-bird_b0.01_eps8_seed42_lam1_cosine_seldpp2_jacw1_ce5_tgt50__def-epic-s0.1-f2-d10
job: 5033296 missing_defense_037_vgg13_gradmatch_dog_bird_b0_01_epic_dpp_j on kn022
work: /tmp/attack_if
config: USE_JACOBIAN_SCORE=1 JACOBIAN_WEIGHT=1.0 JACOBIAN_BATCH_SIZE=64 CLASS_PAIR=dog-bird MODEL=VGG13BN ATTACK=gradmatch BUDGETS=0.01 SELS=dpp SEL_ALPHA=2.0 DEFENSES=epic NUM_TARGETS=7 NUM_VICTIMS=5 sh defense.sh
protocol: attack=8 targets x 5 victims; defense=7 targets x 5 victims
gpu: NVIDIA L40S
#  b0.01   dpp=8                        -> 8 paired target(s)
=== defense sweep | VGG13BN / gradmatch / dog-bird (tgt50) ===
    selections : dpp   (dpp alpha 2.0)
    selector   : Jacobian enabled for ours/dpp (weight 1.0, batch 64); random unchanged
    defenses   : epic
    poisons    : replayed from /tmp/attack_if/ours_result, results into /tmp/attack_if/defense_result

--- budget 0.01 | defense epic | selection dpp ---
[2026-08-26 10:14:29] === defense run: CIFAR10_VGG13BN_gradmatch_ours_dog-bird_b0.01_eps8_seed42_lam1_cosine_seldpp2_jacw1_ce5_tgt50__def-epic-s0.1-f2-d10 ===
[2026-08-26 10:14:29]     poisons replayed from /tmp/attack_if/ours_result/CIFAR10_VGG13BN_gradmatch_ours_dog-bird_b0.01_eps8_seed42_lam1_cosine_seldpp2_jacw1_ce5_tgt50
[2026-08-26 10:14:29]     defense = epic  (epic-s0.1-f2-d10)
[2026-08-26 10:14:29]     victim augmentation = none  (applied to the poisoned image, resampled every epoch)
[2026-08-26 10:14:29] args: {"adv_eps": 8.0, "adv_step_size": 0.0, "adv_steps": 5, "attack": "gradmatch", "aug_cutout_length": 16, "aug_flip_p": 0.5, "aug_pad": 4, "aug_randaug_magnitude": 9, "aug_randaug_ops": 2, "base": "ours", "base_dist": "cosine", "budget": 0.01, "cache_dir": "/tmp/attack_if/cache", "class_pair": "dog-bird", "clean_baseline": true, "craft_aug": true, "craft_ensemble": 5, "data_path": "/tmp/data", "dataset": "CIFAR10", "defense": "epic", "defense_out_dir": "/tmp/attack_if/defense_result", "defense_parts": ["epic"], "dsa_strategy": "color_crop_cutout_flip_scale_rotate", "epic_cluster_thresh": 1.0, "epic_drop_after": 10, "epic_freq": 2, "epic_metric": "euclidean", "epic_stop_after": -1, "epic_subset_size": 0.1, "epsilon": 0.0313725, "fc_mode": "sample", "friendly_begin_epoch": 5, "friendly_bs": 512, "friendly_clamp": 16.0, "friendly_epochs": 30, "friendly_lr": 100.0, "friendly_momentum": 0.9, "friendly_mu": 1.0, "gpus": "all", "jacobian_batch_size": 64, "jacobian_weight": 1.0, "lambda_margin": 1.0, "list_cached": false, "model": "VGG13BN", "no_resume": false, "noise_eps": 8.0, "noise_type": [], "num_targets": 7, "num_victims": 5, "out_dir": "/tmp/attack_if/ours_result", "pair_order": "poison-target", "parallel_trials": true, "recompute_deltas": false, "seed": 42, "sel_alpha": 2.0, "sel_dpp": true, "sel_filter": false, "sel_mmr": false, "sel_mode": "dpp", "sel_mu": 1.0, "sel_pca": false, "sel_pool": 3.0, "sharp_mode": "worst", "sharp_samples": 20, "sharp_sigma": 0.05, "target_idx_file": "target_sets/def_VGG13BN_gradmatch_dog-bird_b0.01_jacw1.json", "target_select": 50, "use_jacobian_score": true, "victim_aug": "none", "victim_bs": 125, "victim_decay": [40], "victim_epochs": 50, "victim_lr": 0.1, "victim_wd": 0.0}
[2026-08-26 10:14:52]   7 target(s) with saved poisons: [409, 630, 1656, 2270, 5022, 6033, 9090]
[2026-08-26 10:14:52] === defended clean victims (5 x VGG13BN, defense epic-s0.1-f2-d10) ===
[2026-08-26 10:14:53]   defended clean CTA = 0.7740 +/- 0.0206
[2026-08-26 10:14:53] === target 409: 500 saved poisons, realized linf 8.00/255 ===
[2026-08-26 10:18:03]   [t409 v1/5] SUCCESS (pred=dog) CTA=0.7817 (190 s)
[2026-08-26 10:20:55]   [t409 v2/5] fail (pred=cat) CTA=0.7364 (172 s)
[2026-08-26 10:23:43]   [t409 v3/5] SUCCESS (pred=dog) CTA=0.7461 (168 s)
[2026-08-26 10:26:36]   [t409 v4/5] SUCCESS (pred=dog) CTA=0.8218 (173 s)
[2026-08-26 10:29:34]   [t409 v5/5] fail (pred=cat) CTA=0.7957 (177 s)
[2026-08-26 10:29:34] === target 630: 500 saved poisons, realized linf 8.00/255 ===
[2026-08-26 10:32:28]   [t630 v1/5] SUCCESS (pred=dog) CTA=0.8252 (174 s)
[2026-08-26 10:35:24]   [t630 v2/5] fail (pred=deer) CTA=0.7615 (176 s)
[2026-08-26 10:38:19]   [t630 v3/5] fail (pred=airplane) CTA=0.7859 (175 s)
[2026-08-26 10:41:22]   [t630 v4/5] fail (pred=airplane) CTA=0.7845 (183 s)
[2026-08-26 10:44:34]   [t630 v5/5] fail (pred=deer) CTA=0.7847 (191 s)
[2026-08-26 10:44:34] === target 1656: 500 saved poisons, realized linf 8.00/255 ===
[2026-08-26 10:47:40]   [t1656 v1/5] fail (pred=cat) CTA=0.8235 (186 s)
[2026-08-26 10:50:44]   [t1656 v2/5] fail (pred=cat) CTA=0.8188 (184 s)
[2026-08-26 10:53:59]   [t1656 v3/5] fail (pred=bird) CTA=0.7945 (195 s)
[2026-08-26 10:56:44]   [t1656 v4/5] fail (pred=bird) CTA=0.8220 (165 s)
[2026-08-26 10:59:40]   [t1656 v5/5] fail (pred=bird) CTA=0.7838 (176 s)
[2026-08-26 10:59:40] === target 2270: 500 saved poisons, realized linf 8.00/255 ===
[2026-08-26 11:02:31]   [t2270 v1/5] fail (pred=deer) CTA=0.7768 (170 s)
[2026-08-26 11:05:26]   [t2270 v2/5] fail (pred=cat) CTA=0.8014 (175 s)
[2026-08-26 11:08:36]   [t2270 v3/5] fail (pred=cat) CTA=0.7833 (190 s)
[2026-08-26 11:11:32]   [t2270 v4/5] SUCCESS (pred=dog) CTA=0.8315 (176 s)
[2026-08-26 11:14:39]   [t2270 v5/5] SUCCESS (pred=dog) CTA=0.8141 (187 s)
[2026-08-26 11:14:39] === target 5022: 500 saved poisons, realized linf 8.00/255 ===
[2026-08-26 11:17:29]   [t5022 v1/5] SUCCESS (pred=dog) CTA=0.8218 (170 s)
[2026-08-26 11:20:40]   [t5022 v2/5] fail (pred=cat) CTA=0.7976 (191 s)
[2026-08-26 11:23:57]   [t5022 v3/5] fail (pred=bird) CTA=0.8028 (197 s)
[2026-08-26 11:26:53]   [t5022 v4/5] SUCCESS (pred=dog) CTA=0.7934 (176 s)
[2026-08-26 11:29:47]   [t5022 v5/5] fail (pred=deer) CTA=0.7258 (174 s)
[2026-08-26 11:29:47] === target 6033: 500 saved poisons, realized linf 8.00/255 ===
[2026-08-26 11:33:31]   [t6033 v1/5] SUCCESS (pred=dog) CTA=0.7514 (224 s)
[2026-08-26 11:36:57]   [t6033 v2/5] SUCCESS (pred=dog) CTA=0.8071 (206 s)
[2026-08-26 11:39:53]   [t6033 v3/5] SUCCESS (pred=dog) CTA=0.8180 (176 s)
[2026-08-26 11:42:51]   [t6033 v4/5] SUCCESS (pred=dog) CTA=0.8139 (178 s)
[2026-08-26 11:45:51]   [t6033 v5/5] SUCCESS (pred=dog) CTA=0.8195 (180 s)
[2026-08-26 11:45:51] === target 9090: 500 saved poisons, realized linf 8.00/255 ===
[2026-08-26 11:48:38]   [t9090 v1/5] SUCCESS (pred=dog) CTA=0.8131 (167 s)
[2026-08-26 11:51:48]   [t9090 v2/5] SUCCESS (pred=dog) CTA=0.8068 (189 s)
[2026-08-26 11:54:47]   [t9090 v3/5] SUCCESS (pred=dog) CTA=0.8207 (180 s)
[2026-08-26 11:57:41]   [t9090 v4/5] SUCCESS (pred=dog) CTA=0.8225 (174 s)
[2026-08-26 12:00:50]   [t9090 v5/5] SUCCESS (pred=dog) CTA=0.8213 (188 s)
[2026-08-26 12:00:50] ==== CIFAR10_VGG13BN_gradmatch_ours_dog-bird_b0.01_eps8_seed42_lam1_cosine_seldpp2_jacw1_ce5_tgt50 | defense epic-s0.1-f2-d10 : ASR = 51.4% +/- 35.2% | CTA = 0.7974 (defended clean 0.7740)  poisons dropped 45.3% vs clean 62.9% ====
[2026-08-26 12:00:50]   target-prediction tally ['airplane', 'automobile', 'bird', 'cat', 'deer', 'dog', 'frog', 'horse', 'ship', 'truck']: [2, 0, 4, 7, 4, 18, 0, 0, 0, 0]
sync: preserving outputs in /home/mmoslem3/scratch/attack_if
sync: complete
