stage: optional directory absent: /home/mmoslem3/scratch/attack_if/defense_result/CIFAR10_VGG13BN_gradmatch_ours_dog-bird_b0.01_eps8_seed42_lam1_cosine_ce5_tgt50__def-epic-s0.1-f2-d10
job: 5033294 missing_defense_035_vgg13_gradmatch_dog_bird_b0_01_epic_ours_std on kn030
work: /tmp/attack_if
config: USE_JACOBIAN_SCORE=0 JACOBIAN_WEIGHT=1.0 JACOBIAN_BATCH_SIZE=64 CLASS_PAIR=dog-bird MODEL=VGG13BN ATTACK=gradmatch BUDGETS=0.01 SELS=ours SEL_ALPHA=2.0 DEFENSES=epic NUM_TARGETS=7 NUM_VICTIMS=5 sh defense.sh
protocol: attack=8 targets x 5 victims; defense=7 targets x 5 victims
gpu: NVIDIA L40S
#  b0.01   ours=8                       -> 8 paired target(s)
=== defense sweep | VGG13BN / gradmatch / dog-bird (tgt50) ===
    selections : ours   (dpp alpha 2.0)
    selector   : Jacobian disabled (historical attack-run names)
    defenses   : epic
    poisons    : replayed from /tmp/attack_if/ours_result, results into /tmp/attack_if/defense_result

--- budget 0.01 | defense epic | selection ours ---
[2026-08-26 10:13:34] === defense run: CIFAR10_VGG13BN_gradmatch_ours_dog-bird_b0.01_eps8_seed42_lam1_cosine_ce5_tgt50__def-epic-s0.1-f2-d10 ===
[2026-08-26 10:13:34]     poisons replayed from /tmp/attack_if/ours_result/CIFAR10_VGG13BN_gradmatch_ours_dog-bird_b0.01_eps8_seed42_lam1_cosine_ce5_tgt50
[2026-08-26 10:13:34]     defense = epic  (epic-s0.1-f2-d10)
[2026-08-26 10:13:34]     victim augmentation = none  (applied to the poisoned image, resampled every epoch)
[2026-08-26 10:13:34] args: {"adv_eps": 8.0, "adv_step_size": 0.0, "adv_steps": 5, "attack": "gradmatch", "aug_cutout_length": 16, "aug_flip_p": 0.5, "aug_pad": 4, "aug_randaug_magnitude": 9, "aug_randaug_ops": 2, "base": "ours", "base_dist": "cosine", "budget": 0.01, "cache_dir": "/tmp/attack_if/cache", "class_pair": "dog-bird", "clean_baseline": true, "craft_aug": true, "craft_ensemble": 5, "data_path": "/tmp/data", "dataset": "CIFAR10", "defense": "epic", "defense_out_dir": "/tmp/attack_if/defense_result", "defense_parts": ["epic"], "dsa_strategy": "color_crop_cutout_flip_scale_rotate", "epic_cluster_thresh": 1.0, "epic_drop_after": 10, "epic_freq": 2, "epic_metric": "euclidean", "epic_stop_after": -1, "epic_subset_size": 0.1, "epsilon": 0.0313725, "fc_mode": "sample", "friendly_begin_epoch": 5, "friendly_bs": 512, "friendly_clamp": 16.0, "friendly_epochs": 30, "friendly_lr": 100.0, "friendly_momentum": 0.9, "friendly_mu": 1.0, "gpus": "all", "jacobian_batch_size": 64, "jacobian_weight": 1.0, "lambda_margin": 1.0, "list_cached": false, "model": "VGG13BN", "no_resume": false, "noise_eps": 8.0, "noise_type": [], "num_targets": 7, "num_victims": 5, "out_dir": "/tmp/attack_if/ours_result", "pair_order": "poison-target", "parallel_trials": true, "recompute_deltas": false, "seed": 42, "sel_alpha": 1.0, "sel_dpp": false, "sel_filter": false, "sel_mmr": false, "sel_mode": null, "sel_mu": 1.0, "sel_pca": false, "sel_pool": 3.0, "sharp_mode": "worst", "sharp_samples": 20, "sharp_sigma": 0.05, "target_idx_file": "target_sets/def_VGG13BN_gradmatch_dog-bird_b0.01.json", "target_select": 50, "use_jacobian_score": false, "victim_aug": "none", "victim_bs": 125, "victim_decay": [40], "victim_epochs": 50, "victim_lr": 0.1, "victim_wd": 0.0}
[2026-08-26 10:13:56]   7 target(s) with saved poisons: [409, 630, 1656, 2270, 5022, 6033, 9090]
[2026-08-26 10:13:56] === defended clean victims (5 x VGG13BN, defense epic-s0.1-f2-d10) ===
[2026-08-26 10:13:57]   defended clean CTA = 0.7740 +/- 0.0206
[2026-08-26 10:13:57] === target 409: 500 saved poisons, realized linf 8.00/255 ===
[2026-08-26 10:17:20]   [t409 v1/5] fail (pred=cat) CTA=0.7986 (202 s)
[2026-08-26 10:20:31]   [t409 v2/5] fail (pred=bird) CTA=0.8012 (191 s)
[2026-08-26 10:23:26]   [t409 v3/5] SUCCESS (pred=dog) CTA=0.8142 (175 s)
[2026-08-26 10:26:26]   [t409 v4/5] SUCCESS (pred=dog) CTA=0.8108 (180 s)
[2026-08-26 10:29:30]   [t409 v5/5] SUCCESS (pred=dog) CTA=0.8060 (184 s)
[2026-08-26 10:29:30] === target 630: 500 saved poisons, realized linf 8.00/255 ===
[2026-08-26 10:32:22]   [t630 v1/5] fail (pred=cat) CTA=0.8280 (172 s)
[2026-08-26 10:35:18]   [t630 v2/5] fail (pred=bird) CTA=0.7738 (176 s)
[2026-08-26 10:38:18]   [t630 v3/5] fail (pred=airplane) CTA=0.7988 (180 s)
[2026-08-26 10:41:03]   [t630 v4/5] fail (pred=cat) CTA=0.7896 (164 s)
[2026-08-26 10:43:55]   [t630 v5/5] fail (pred=airplane) CTA=0.7784 (172 s)
[2026-08-26 10:43:55] === target 1656: 500 saved poisons, realized linf 8.00/255 ===
[2026-08-26 10:47:07]   [t1656 v1/5] SUCCESS (pred=dog) CTA=0.7985 (192 s)
[2026-08-26 10:50:02]   [t1656 v2/5] SUCCESS (pred=dog) CTA=0.8243 (175 s)
[2026-08-26 10:53:12]   [t1656 v3/5] fail (pred=deer) CTA=0.8004 (190 s)
[2026-08-26 10:56:00]   [t1656 v4/5] SUCCESS (pred=dog) CTA=0.8361 (168 s)
[2026-08-26 10:59:03]   [t1656 v5/5] SUCCESS (pred=dog) CTA=0.8157 (182 s)
[2026-08-26 10:59:03] === target 2270: 500 saved poisons, realized linf 8.00/255 ===
[2026-08-26 11:01:53]   [t2270 v1/5] SUCCESS (pred=dog) CTA=0.8363 (170 s)
[2026-08-26 11:04:56]   [t2270 v2/5] SUCCESS (pred=dog) CTA=0.8196 (183 s)
[2026-08-26 11:08:19]   [t2270 v3/5] SUCCESS (pred=dog) CTA=0.8064 (203 s)
[2026-08-26 11:11:50]   [t2270 v4/5] fail (pred=bird) CTA=0.7743 (210 s)
[2026-08-26 11:14:49]   [t2270 v5/5] fail (pred=horse) CTA=0.7544 (179 s)
[2026-08-26 11:14:49] === target 5022: 500 saved poisons, realized linf 8.00/255 ===
[2026-08-26 11:17:31]   [t5022 v1/5] fail (pred=bird) CTA=0.7876 (163 s)
[2026-08-26 11:21:12]   [t5022 v2/5] fail (pred=bird) CTA=0.7585 (220 s)
[2026-08-26 11:24:20]   [t5022 v3/5] fail (pred=bird) CTA=0.8000 (188 s)
[2026-08-26 11:27:37]   [t5022 v4/5] fail (pred=bird) CTA=0.7813 (197 s)
[2026-08-26 11:30:34]   [t5022 v5/5] fail (pred=bird) CTA=0.6370 (176 s)
[2026-08-26 11:30:34] === target 6033: 500 saved poisons, realized linf 8.00/255 ===
[2026-08-26 11:34:16]   [t6033 v1/5] SUCCESS (pred=dog) CTA=0.7839 (223 s)
[2026-08-26 11:37:15]   [t6033 v2/5] SUCCESS (pred=dog) CTA=0.8030 (179 s)
[2026-08-26 11:40:02]   [t6033 v3/5] SUCCESS (pred=dog) CTA=0.8315 (167 s)
[2026-08-26 11:42:53]   [t6033 v4/5] fail (pred=bird) CTA=0.8063 (170 s)
[2026-08-26 11:45:42]   [t6033 v5/5] SUCCESS (pred=dog) CTA=0.8234 (169 s)
[2026-08-26 11:45:42] === target 9090: 500 saved poisons, realized linf 8.00/255 ===
[2026-08-26 11:48:37]   [t9090 v1/5] SUCCESS (pred=dog) CTA=0.8279 (174 s)
[2026-08-26 11:51:36]   [t9090 v2/5] SUCCESS (pred=dog) CTA=0.8059 (179 s)
[2026-08-26 11:54:11]   [t9090 v3/5] fail (pred=bird) CTA=0.7344 (156 s)
[2026-08-26 11:57:06]   [t9090 v4/5] SUCCESS (pred=dog) CTA=0.8261 (175 s)
[2026-08-26 12:00:03]   [t9090 v5/5] SUCCESS (pred=dog) CTA=0.8086 (176 s)
[2026-08-26 12:00:03] ==== CIFAR10_VGG13BN_gradmatch_ours_dog-bird_b0.01_eps8_seed42_lam1_cosine_ce5_tgt50 | defense epic-s0.1-f2-d10 : ASR = 51.4% +/- 33.6% | CTA = 0.7966 (defended clean 0.7740)  poisons dropped 39.4% vs clean 61.5% ====
[2026-08-26 12:00:03]   target-prediction tally ['airplane', 'automobile', 'bird', 'cat', 'deer', 'dog', 'frog', 'horse', 'ship', 'truck']: [2, 0, 10, 3, 1, 18, 0, 1, 0, 0]
sync: preserving outputs in /home/mmoslem3/scratch/attack_if
sync: complete
