stage: optional file absent: /home/mmoslem3/scratch/attack_if/target_sets/def_ResNet20BN_sapa_dog-bird_b0.01_jacw1.json
stage: optional directory absent: /home/mmoslem3/scratch/attack_if/defense_result/CIFAR10_ResNet20BN_sapa_ours_dog-bird_b0.01_eps8_seed42_lam1_cosine_jacw1_worst0.05_ce5_tgt14__def-epic-s0.1-f2-d10
job: 5033284 missing_defense_026_resnet20_sapa_dog_bird_b0_01_epic_ours_j on kn003
work: /tmp/attack_if
config: USE_JACOBIAN_SCORE=1 JACOBIAN_WEIGHT=1.0 JACOBIAN_BATCH_SIZE=64 CLASS_PAIR=dog-bird MODEL=ResNet20BN ATTACK=sapa TARGET_SELECT=14 BUDGETS=0.01 SELS=ours SEL_ALPHA=2.0 DEFENSES=epic NUM_TARGETS=7 NUM_VICTIMS=5 sh defense.sh
protocol: attack=8 targets x 5 victims; defense=7 targets x 5 victims
gpu: NVIDIA L40S
#  b0.01   ours=8                       -> 8 paired target(s)
=== defense sweep | ResNet20BN / sapa / dog-bird (tgt14) ===
    selections : ours   (dpp alpha 2.0)
    selector   : Jacobian enabled for ours/dpp (weight 1.0, batch 64); random unchanged
    defenses   : epic
    poisons    : replayed from /tmp/attack_if/ours_result, results into /tmp/attack_if/defense_result

--- budget 0.01 | defense epic | selection ours ---
[2026-08-26 10:12:27] === defense run: CIFAR10_ResNet20BN_sapa_ours_dog-bird_b0.01_eps8_seed42_lam1_cosine_jacw1_worst0.05_ce5_tgt14__def-epic-s0.1-f2-d10 ===
[2026-08-26 10:12:27]     poisons replayed from /tmp/attack_if/ours_result/CIFAR10_ResNet20BN_sapa_ours_dog-bird_b0.01_eps8_seed42_lam1_cosine_jacw1_worst0.05_ce5_tgt14
[2026-08-26 10:12:27]     defense = epic  (epic-s0.1-f2-d10)
[2026-08-26 10:12:27]     victim augmentation = none  (applied to the poisoned image, resampled every epoch)
[2026-08-26 10:12:27] args: {"adv_eps": 8.0, "adv_step_size": 0.0, "adv_steps": 5, "attack": "sapa", "aug_cutout_length": 16, "aug_flip_p": 0.5, "aug_pad": 4, "aug_randaug_magnitude": 9, "aug_randaug_ops": 2, "base": "ours", "base_dist": "cosine", "budget": 0.01, "cache_dir": "/tmp/attack_if/cache", "class_pair": "dog-bird", "clean_baseline": true, "craft_aug": true, "craft_ensemble": 5, "data_path": "/tmp/data", "dataset": "CIFAR10", "defense": "epic", "defense_out_dir": "/tmp/attack_if/defense_result", "defense_parts": ["epic"], "dsa_strategy": "color_crop_cutout_flip_scale_rotate", "epic_cluster_thresh": 1.0, "epic_drop_after": 10, "epic_freq": 2, "epic_metric": "euclidean", "epic_stop_after": -1, "epic_subset_size": 0.1, "epsilon": 0.0313725, "fc_mode": "sample", "friendly_begin_epoch": 5, "friendly_bs": 512, "friendly_clamp": 16.0, "friendly_epochs": 30, "friendly_lr": 100.0, "friendly_momentum": 0.9, "friendly_mu": 1.0, "gpus": "all", "jacobian_batch_size": 64, "jacobian_weight": 1.0, "lambda_margin": 1.0, "list_cached": false, "model": "ResNet20BN", "no_resume": false, "noise_eps": 8.0, "noise_type": [], "num_targets": 7, "num_victims": 5, "out_dir": "/tmp/attack_if/ours_result", "pair_order": "poison-target", "parallel_trials": true, "recompute_deltas": false, "seed": 42, "sel_alpha": 1.0, "sel_dpp": false, "sel_filter": false, "sel_mmr": false, "sel_mode": null, "sel_mu": 1.0, "sel_pca": false, "sel_pool": 3.0, "sharp_mode": "worst", "sharp_samples": 20, "sharp_sigma": 0.05, "target_idx_file": "target_sets/def_ResNet20BN_sapa_dog-bird_b0.01_jacw1.json", "target_select": 14, "use_jacobian_score": true, "victim_aug": "none", "victim_bs": 125, "victim_decay": [40], "victim_epochs": 50, "victim_lr": 0.1, "victim_wd": 0.0}
[2026-08-26 10:12:48]   7 target(s) with saved poisons: [833, 2065, 4630, 5118, 5324, 7056, 8740]
[2026-08-26 10:12:48] === defended clean victims (5 x ResNet20BN, defense epic-s0.1-f2-d10) ===
[2026-08-26 10:12:49]   defended clean CTA = 0.8187 +/- 0.0067
[2026-08-26 10:12:49] === target 833: 500 saved poisons, realized linf 8.00/255 ===
[2026-08-26 10:15:34]   [t833 v1/5] fail (pred=bird) CTA=0.7659 (165 s)
[2026-08-26 10:18:31]   [t833 v2/5] SUCCESS (pred=dog) CTA=0.8170 (177 s)
[2026-08-26 10:21:23]   [t833 v3/5] SUCCESS (pred=dog) CTA=0.7973 (172 s)
[2026-08-26 10:24:24]   [t833 v4/5] SUCCESS (pred=dog) CTA=0.8201 (181 s)
[2026-08-26 10:27:25]   [t833 v5/5] SUCCESS (pred=dog) CTA=0.8234 (181 s)
[2026-08-26 10:27:25] === target 2065: 500 saved poisons, realized linf 8.00/255 ===
[2026-08-26 10:30:26]   [t2065 v1/5] SUCCESS (pred=dog) CTA=0.8056 (181 s)
[2026-08-26 10:33:25]   [t2065 v2/5] SUCCESS (pred=dog) CTA=0.8153 (180 s)
[2026-08-26 10:36:25]   [t2065 v3/5] SUCCESS (pred=dog) CTA=0.8034 (179 s)
[2026-08-26 10:39:13]   [t2065 v4/5] SUCCESS (pred=dog) CTA=0.7423 (168 s)
[2026-08-26 10:42:06]   [t2065 v5/5] SUCCESS (pred=dog) CTA=0.7719 (173 s)
[2026-08-26 10:42:06] === target 4630: 500 saved poisons, realized linf 8.00/255 ===
[2026-08-26 10:45:07]   [t4630 v1/5] SUCCESS (pred=dog) CTA=0.8221 (181 s)
[2026-08-26 10:48:06]   [t4630 v2/5] SUCCESS (pred=dog) CTA=0.8297 (179 s)
[2026-08-26 10:51:02]   [t4630 v3/5] fail (pred=cat) CTA=0.8145 (175 s)
[2026-08-26 10:53:58]   [t4630 v4/5] SUCCESS (pred=dog) CTA=0.8186 (177 s)
[2026-08-26 10:56:58]   [t4630 v5/5] SUCCESS (pred=dog) CTA=0.8235 (180 s)
[2026-08-26 10:56:58] === target 5118: 500 saved poisons, realized linf 8.00/255 ===
[2026-08-26 10:59:54]   [t5118 v1/5] SUCCESS (pred=dog) CTA=0.8145 (177 s)
[2026-08-26 11:02:48]   [t5118 v2/5] SUCCESS (pred=dog) CTA=0.8128 (173 s)
[2026-08-26 11:05:42]   [t5118 v3/5] SUCCESS (pred=dog) CTA=0.7946 (174 s)
[2026-08-26 11:08:39]   [t5118 v4/5] SUCCESS (pred=dog) CTA=0.8277 (177 s)
[2026-08-26 11:11:26]   [t5118 v5/5] SUCCESS (pred=dog) CTA=0.7956 (167 s)
[2026-08-26 11:11:26] === target 5324: 500 saved poisons, realized linf 8.00/255 ===
[2026-08-26 11:14:16]   [t5324 v1/5] fail (pred=cat) CTA=0.7527 (170 s)
[2026-08-26 11:17:07]   [t5324 v2/5] fail (pred=deer) CTA=0.7871 (171 s)
[2026-08-26 11:20:06]   [t5324 v3/5] fail (pred=cat) CTA=0.8266 (178 s)
[2026-08-26 11:23:05]   [t5324 v4/5] fail (pred=deer) CTA=0.8132 (179 s)
[2026-08-26 11:26:00]   [t5324 v5/5] fail (pred=truck) CTA=0.8240 (175 s)
[2026-08-26 11:26:00] === target 7056: 500 saved poisons, realized linf 8.00/255 ===
[2026-08-26 11:28:51]   [t7056 v1/5] fail (pred=bird) CTA=0.7691 (171 s)
[2026-08-26 11:31:44]   [t7056 v2/5] fail (pred=cat) CTA=0.7966 (173 s)
[2026-08-26 11:34:40]   [t7056 v3/5] SUCCESS (pred=dog) CTA=0.8199 (176 s)
[2026-08-26 11:37:30]   [t7056 v4/5] fail (pred=cat) CTA=0.7580 (170 s)
[2026-08-26 11:40:29]   [t7056 v5/5] fail (pred=bird) CTA=0.8123 (178 s)
[2026-08-26 11:40:29] === target 8740: 500 saved poisons, realized linf 8.00/255 ===
[2026-08-26 11:43:23]   [t8740 v1/5] SUCCESS (pred=dog) CTA=0.8021 (174 s)
[2026-08-26 11:46:24]   [t8740 v2/5] SUCCESS (pred=dog) CTA=0.8187 (181 s)
