stage: optional file absent: /home/mmoslem3/scratch/attack_if/target_sets/def_ConvNetBN_sapa_dog-bird_b0.02_jacw1.json
stage: optional directory absent: /home/mmoslem3/scratch/attack_if/defense_result/CIFAR10_ConvNetBN_sapa_ours_dog-bird_b0.02_eps8_seed42_lam1_cosine_jacw1_worst0.05_ce5_tgt70__def-epic-s0.1-f2-d10
job: 5033265 missing_defense_008_convnet_sapa_dog_bird_b0_02_epic_ours_j on kn063
work: /tmp/attack_if
config: USE_JACOBIAN_SCORE=1 JACOBIAN_WEIGHT=1.0 JACOBIAN_BATCH_SIZE=64 CLASS_PAIR=dog-bird MODEL=ConvNetBN ATTACK=sapa TARGET_SELECT=70 BUDGETS=0.02 SELS=ours SEL_ALPHA=2.0 DEFENSES=epic NUM_TARGETS=7 NUM_VICTIMS=5 sh defense.sh
protocol: attack=8 targets x 5 victims; defense=7 targets x 5 victims
gpu: NVIDIA L40S
#  b0.02   ours=8                       -> 8 paired target(s)
=== defense sweep | ConvNetBN / sapa / dog-bird (tgt70) ===
    selections : ours   (dpp alpha 2.0)
    selector   : Jacobian enabled for ours/dpp (weight 1.0, batch 64); random unchanged
    defenses   : epic
    poisons    : replayed from /tmp/attack_if/ours_result, results into /tmp/attack_if/defense_result

--- budget 0.02 | defense epic | selection ours ---
[2026-08-26 10:06:54] === defense run: CIFAR10_ConvNetBN_sapa_ours_dog-bird_b0.02_eps8_seed42_lam1_cosine_jacw1_worst0.05_ce5_tgt70__def-epic-s0.1-f2-d10 ===
[2026-08-26 10:06:54]     poisons replayed from /tmp/attack_if/ours_result/CIFAR10_ConvNetBN_sapa_ours_dog-bird_b0.02_eps8_seed42_lam1_cosine_jacw1_worst0.05_ce5_tgt70
[2026-08-26 10:06:54]     defense = epic  (epic-s0.1-f2-d10)
[2026-08-26 10:06:54]     victim augmentation = none  (applied to the poisoned image, resampled every epoch)
[2026-08-26 10:06:54] args: {"adv_eps": 8.0, "adv_step_size": 0.0, "adv_steps": 5, "attack": "sapa", "aug_cutout_length": 16, "aug_flip_p": 0.5, "aug_pad": 4, "aug_randaug_magnitude": 9, "aug_randaug_ops": 2, "base": "ours", "base_dist": "cosine", "budget": 0.02, "cache_dir": "/tmp/attack_if/cache", "class_pair": "dog-bird", "clean_baseline": true, "craft_aug": true, "craft_ensemble": 5, "data_path": "/tmp/data", "dataset": "CIFAR10", "defense": "epic", "defense_out_dir": "/tmp/attack_if/defense_result", "defense_parts": ["epic"], "dsa_strategy": "color_crop_cutout_flip_scale_rotate", "epic_cluster_thresh": 1.0, "epic_drop_after": 10, "epic_freq": 2, "epic_metric": "euclidean", "epic_stop_after": -1, "epic_subset_size": 0.1, "epsilon": 0.0313725, "fc_mode": "sample", "friendly_begin_epoch": 5, "friendly_bs": 512, "friendly_clamp": 16.0, "friendly_epochs": 30, "friendly_lr": 100.0, "friendly_momentum": 0.9, "friendly_mu": 1.0, "gpus": "all", "jacobian_batch_size": 64, "jacobian_weight": 1.0, "lambda_margin": 1.0, "list_cached": false, "model": "ConvNetBN", "no_resume": false, "noise_eps": 8.0, "noise_type": [], "num_targets": 7, "num_victims": 5, "out_dir": "/tmp/attack_if/ours_result", "pair_order": "poison-target", "parallel_trials": true, "recompute_deltas": false, "seed": 42, "sel_alpha": 1.0, "sel_dpp": false, "sel_filter": false, "sel_mmr": false, "sel_mode": null, "sel_mu": 1.0, "sel_pca": false, "sel_pool": 3.0, "sharp_mode": "worst", "sharp_samples": 20, "sharp_sigma": 0.05, "target_idx_file": "target_sets/def_ConvNetBN_sapa_dog-bird_b0.02_jacw1.json", "target_select": 70, "use_jacobian_score": true, "victim_aug": "none", "victim_bs": 125, "victim_decay": [40], "victim_epochs": 50, "victim_lr": 0.1, "victim_wd": 0.0}
[2026-08-26 10:07:16]   7 target(s) with saved poisons: [821, 843, 1257, 5859, 8055, 8252, 8730]
[2026-08-26 10:07:16] === defended clean victims (5 x ConvNetBN, defense epic-s0.1-f2-d10) ===
[2026-08-26 10:07:17]   defended clean CTA = 0.7829 +/- 0.0136
[2026-08-26 10:07:17] === target 821: 1000 saved poisons, realized linf 8.00/255 ===
[2026-08-26 10:09:42]   [t821 v1/5] fail (pred=bird) CTA=0.7829 (145 s)
[2026-08-26 10:12:04]   [t821 v2/5] SUCCESS (pred=dog) CTA=0.7834 (142 s)
[2026-08-26 10:14:42]   [t821 v3/5] fail (pred=bird) CTA=0.7656 (158 s)
[2026-08-26 10:17:08]   [t821 v4/5] fail (pred=bird) CTA=0.7867 (146 s)
[2026-08-26 10:19:37]   [t821 v5/5] fail (pred=bird) CTA=0.7321 (149 s)
[2026-08-26 10:19:37] === target 843: 1000 saved poisons, realized linf 8.00/255 ===
[2026-08-26 10:22:04]   [t843 v1/5] SUCCESS (pred=dog) CTA=0.7858 (147 s)
[2026-08-26 10:24:31]   [t843 v2/5] SUCCESS (pred=dog) CTA=0.7831 (147 s)
[2026-08-26 10:27:03]   [t843 v3/5] SUCCESS (pred=dog) CTA=0.7665 (151 s)
[2026-08-26 10:29:22]   [t843 v4/5] SUCCESS (pred=dog) CTA=0.7943 (139 s)
[2026-08-26 10:32:12]   [t843 v5/5] fail (pred=bird) CTA=0.7610 (170 s)
[2026-08-26 10:32:12] === target 1257: 1000 saved poisons, realized linf 8.00/255 ===
[2026-08-26 10:34:48]   [t1257 v1/5] fail (pred=bird) CTA=0.7629 (156 s)
[2026-08-26 10:37:15]   [t1257 v2/5] fail (pred=bird) CTA=0.6746 (147 s)
[2026-08-26 10:39:40]   [t1257 v3/5] SUCCESS (pred=dog) CTA=0.7926 (145 s)
[2026-08-26 10:42:12]   [t1257 v4/5] fail (pred=bird) CTA=0.7356 (152 s)
[2026-08-26 10:44:47]   [t1257 v5/5] SUCCESS (pred=dog) CTA=0.7730 (155 s)
[2026-08-26 10:44:47] === target 5859: 1000 saved poisons, realized linf 8.00/255 ===
[2026-08-26 10:47:29]   [t5859 v1/5] fail (pred=bird) CTA=0.7682 (162 s)
[2026-08-26 10:50:02]   [t5859 v2/5] fail (pred=bird) CTA=0.7738 (153 s)
[2026-08-26 10:52:29]   [t5859 v3/5] SUCCESS (pred=dog) CTA=0.7822 (148 s)
[2026-08-26 10:54:59]   [t5859 v4/5] fail (pred=bird) CTA=0.7740 (150 s)
[2026-08-26 10:57:28]   [t5859 v5/5] SUCCESS (pred=dog) CTA=0.7853 (149 s)
[2026-08-26 10:57:29] === target 8055: 1000 saved poisons, realized linf 8.00/255 ===
[2026-08-26 11:00:04]   [t8055 v1/5] fail (pred=bird) CTA=0.7463 (156 s)
[2026-08-26 11:02:34]   [t8055 v2/5] fail (pred=bird) CTA=0.7730 (150 s)
[2026-08-26 11:05:08]   [t8055 v3/5] fail (pred=bird) CTA=0.7211 (154 s)
[2026-08-26 11:07:58]   [t8055 v4/5] fail (pred=bird) CTA=0.7501 (169 s)
[2026-08-26 11:10:22]   [t8055 v5/5] SUCCESS (pred=dog) CTA=0.7985 (144 s)
[2026-08-26 11:10:22] === target 8252: 1000 saved poisons, realized linf 8.00/255 ===
[2026-08-26 11:13:03]   [t8252 v1/5] fail (pred=bird) CTA=0.7692 (162 s)
[2026-08-26 11:15:25]   [t8252 v2/5] SUCCESS (pred=dog) CTA=0.7868 (142 s)
[2026-08-26 11:17:57]   [t8252 v3/5] SUCCESS (pred=dog) CTA=0.7771 (152 s)
[2026-08-26 11:20:51]   [t8252 v4/5] fail (pred=bird) CTA=0.7537 (173 s)
[2026-08-26 11:23:43]   [t8252 v5/5] fail (pred=cat) CTA=0.7465 (173 s)
[2026-08-26 11:23:43] === target 8730: 1000 saved poisons, realized linf 8.00/255 ===
[2026-08-26 11:26:07]   [t8730 v1/5] SUCCESS (pred=dog) CTA=0.7834 (144 s)
[2026-08-26 11:28:31]   [t8730 v2/5] fail (pred=bird) CTA=0.7941 (144 s)
[2026-08-26 11:30:55]   [t8730 v3/5] SUCCESS (pred=dog) CTA=0.7951 (144 s)
[2026-08-26 11:33:36]   [t8730 v4/5] fail (pred=bird) CTA=0.7658 (161 s)
[2026-08-26 11:36:08]   [t8730 v5/5] SUCCESS (pred=dog) CTA=0.7467 (152 s)
[2026-08-26 11:36:08] ==== CIFAR10_ConvNetBN_sapa_ours_dog-bird_b0.02_eps8_seed42_lam1_cosine_jacw1_worst0.05_ce5_tgt70 | defense epic-s0.1-f2-d10 : ASR = 42.9% +/- 19.8% | CTA = 0.7677 (defended clean 0.7829)  poisons dropped 50.0% vs clean 66.1% ====
[2026-08-26 11:36:08]   target-prediction tally ['airplane', 'automobile', 'bird', 'cat', 'deer', 'dog', 'frog', 'horse', 'ship', 'truck']: [0, 0, 19, 1, 0, 15, 0, 0, 0, 0]
sync: preserving outputs in /home/mmoslem3/scratch/attack_if
sync: complete
