stage: optional directory absent: /home/mmoslem3/scratch/attack_if/defense_result/CIFAR10_VGG13BN_sapa_ours_dog-bird_b0.005_eps8_seed42_lam1_cosine_jacw1_worst0.05_ce5_tgt50__def-friends-friendly.bernoulli-e8-p5-clp16
job: 5033303 missing_defense_044_vgg13_sapa_dog_bird_b0_005_friends_ours_j on kn021
work: /tmp/attack_if
config: USE_JACOBIAN_SCORE=1 JACOBIAN_WEIGHT=1.0 JACOBIAN_BATCH_SIZE=64 CLASS_PAIR=dog-bird MODEL=VGG13BN ATTACK=sapa TARGET_SELECT=50 BUDGETS=0.005 SELS=ours SEL_ALPHA=2.0 DEFENSES=friends NUM_TARGETS=7 NUM_VICTIMS=5 sh defense.sh
protocol: attack=8 targets x 5 victims; defense=7 targets x 5 victims
gpu: NVIDIA L40S
#  b0.005  ours=8                       -> 8 paired target(s)
=== defense sweep | VGG13BN / sapa / dog-bird (tgt50) ===
    selections : ours   (dpp alpha 2.0)
    selector   : Jacobian enabled for ours/dpp (weight 1.0, batch 64); random unchanged
    defenses   : friends
    poisons    : replayed from /tmp/attack_if/ours_result, results into /tmp/attack_if/defense_result

--- budget 0.005 | defense friends | selection ours ---
[2026-08-26 10:16:06] === defense run: CIFAR10_VGG13BN_sapa_ours_dog-bird_b0.005_eps8_seed42_lam1_cosine_jacw1_worst0.05_ce5_tgt50__def-friends-friendly.bernoulli-e8-p5-clp16 ===
[2026-08-26 10:16:06]     poisons replayed from /tmp/attack_if/ours_result/CIFAR10_VGG13BN_sapa_ours_dog-bird_b0.005_eps8_seed42_lam1_cosine_jacw1_worst0.05_ce5_tgt50
[2026-08-26 10:16:06]     defense = friends  (friends-friendly.bernoulli-e8-p5-clp16)
[2026-08-26 10:16:06]     victim augmentation = none  (applied to the poisoned image, resampled every epoch)
[2026-08-26 10:16:06] args: {"adv_eps": 8.0, "adv_step_size": 0.0, "adv_steps": 5, "attack": "sapa", "aug_cutout_length": 16, "aug_flip_p": 0.5, "aug_pad": 4, "aug_randaug_magnitude": 9, "aug_randaug_ops": 2, "base": "ours", "base_dist": "cosine", "budget": 0.005, "cache_dir": "/tmp/attack_if/cache", "class_pair": "dog-bird", "clean_baseline": true, "craft_aug": true, "craft_ensemble": 5, "data_path": "/tmp/data", "dataset": "CIFAR10", "defense": "friends", "defense_out_dir": "/tmp/attack_if/defense_result", "defense_parts": ["friends"], "dsa_strategy": "color_crop_cutout_flip_scale_rotate", "epic_cluster_thresh": 1.0, "epic_drop_after": 10, "epic_freq": 2, "epic_metric": "euclidean", "epic_stop_after": -1, "epic_subset_size": 0.1, "epsilon": 0.0313725, "fc_mode": "sample", "friendly_begin_epoch": 5, "friendly_bs": 512, "friendly_clamp": 16.0, "friendly_epochs": 30, "friendly_lr": 100.0, "friendly_momentum": 0.9, "friendly_mu": 1.0, "gpus": "all", "jacobian_batch_size": 64, "jacobian_weight": 1.0, "lambda_margin": 1.0, "list_cached": false, "model": "VGG13BN", "no_resume": false, "noise_eps": 8.0, "noise_type": ["friendly", "bernoulli"], "num_targets": 7, "num_victims": 5, "out_dir": "/tmp/attack_if/ours_result", "pair_order": "poison-target", "parallel_trials": true, "recompute_deltas": false, "seed": 42, "sel_alpha": 1.0, "sel_dpp": false, "sel_filter": false, "sel_mmr": false, "sel_mode": null, "sel_mu": 1.0, "sel_pca": false, "sel_pool": 3.0, "sharp_mode": "worst", "sharp_samples": 20, "sharp_sigma": 0.05, "target_idx_file": "target_sets/def_VGG13BN_sapa_dog-bird_b0.005_jacw1.json", "target_select": 50, "use_jacobian_score": true, "victim_aug": "none", "victim_bs": 125, "victim_decay": [40], "victim_epochs": 50, "victim_lr": 0.1, "victim_wd": 0.0}
[2026-08-26 10:16:28]   7 target(s) with saved poisons: [409, 630, 1656, 2270, 5022, 6033, 9090]
[2026-08-26 10:16:28] === defended clean victims (5 x VGG13BN, defense friends-friendly.bernoulli-e8-p5-clp16) ===
[2026-08-26 10:16:29]   defended clean CTA = 0.8054 +/- 0.0116
[2026-08-26 10:16:30] === target 409: 250 saved poisons, realized linf 8.00/255 ===
[2026-08-26 10:17:29]   friendly noise: 50000 images in 49 s, mean|eps| = 0.0489 (12.47/255)
[2026-08-26 10:19:01]   [t409 v1/5] fail (pred=bird) CTA=0.7793 (151 s)
[2026-08-26 10:20:00]   friendly noise: 50000 images in 49 s, mean|eps| = 0.0483 (12.32/255)
[2026-08-26 10:21:31]   [t409 v2/5] fail (pred=bird) CTA=0.7986 (150 s)
[2026-08-26 10:22:30]   friendly noise: 50000 images in 49 s, mean|eps| = 0.0331 (8.44/255)
[2026-08-26 10:24:02]   [t409 v3/5] fail (pred=cat) CTA=0.8131 (151 s)
[2026-08-26 10:25:01]   friendly noise: 50000 images in 49 s, mean|eps| = 0.0372 (9.49/255)
[2026-08-26 10:26:32]   [t409 v4/5] SUCCESS (pred=dog) CTA=0.8269 (150 s)
[2026-08-26 10:27:31]   friendly noise: 50000 images in 49 s, mean|eps| = 0.0396 (10.09/255)
[2026-08-26 10:29:03]   [t409 v5/5] fail (pred=bird) CTA=0.8107 (150 s)
[2026-08-26 10:29:03] === target 630: 250 saved poisons, realized linf 8.00/255 ===
[2026-08-26 10:30:02]   friendly noise: 50000 images in 49 s, mean|eps| = 0.0480 (12.24/255)
[2026-08-26 10:31:34]   [t630 v1/5] fail (pred=ship) CTA=0.7738 (150 s)
[2026-08-26 10:32:33]   friendly noise: 50000 images in 49 s, mean|eps| = 0.0470 (11.99/255)
[2026-08-26 10:34:04]   [t630 v2/5] fail (pred=airplane) CTA=0.7906 (150 s)
[2026-08-26 10:35:03]   friendly noise: 50000 images in 49 s, mean|eps| = 0.0284 (7.24/255)
[2026-08-26 10:36:34]   [t630 v3/5] fail (pred=ship) CTA=0.8340 (150 s)
[2026-08-26 10:37:33]   friendly noise: 50000 images in 49 s, mean|eps| = 0.0419 (10.70/255)
[2026-08-26 10:39:05]   [t630 v4/5] fail (pred=ship) CTA=0.7986 (150 s)
[2026-08-26 10:40:04]   friendly noise: 50000 images in 49 s, mean|eps| = 0.0319 (8.14/255)
[2026-08-26 10:41:35]   [t630 v5/5] fail (pred=ship) CTA=0.8062 (150 s)
[2026-08-26 10:41:35] === target 1656: 250 saved poisons, realized linf 8.00/255 ===
[2026-08-26 10:42:34]   friendly noise: 50000 images in 49 s, mean|eps| = 0.0414 (10.56/255)
[2026-08-26 10:44:06]   [t1656 v1/5] fail (pred=bird) CTA=0.8092 (150 s)
[2026-08-26 10:45:05]   friendly noise: 50000 images in 49 s, mean|eps| = 0.0423 (10.78/255)
[2026-08-26 10:46:36]   [t1656 v2/5] fail (pred=airplane) CTA=0.7954 (150 s)
[2026-08-26 10:47:35]   friendly noise: 50000 images in 49 s, mean|eps| = 0.0231 (5.90/255)
[2026-08-26 10:49:07]   [t1656 v3/5] SUCCESS (pred=dog) CTA=0.8359 (150 s)
[2026-08-26 10:50:06]   friendly noise: 50000 images in 49 s, mean|eps| = 0.0412 (10.51/255)
[2026-08-26 10:51:37]   [t1656 v4/5] fail (pred=bird) CTA=0.8096 (150 s)
[2026-08-26 10:52:36]   friendly noise: 50000 images in 49 s, mean|eps| = 0.0440 (11.23/255)
[2026-08-26 10:54:08]   [t1656 v5/5] SUCCESS (pred=dog) CTA=0.8050 (150 s)
[2026-08-26 10:54:08] === target 2270: 250 saved poisons, realized linf 8.00/255 ===
[2026-08-26 10:55:07]   friendly noise: 50000 images in 49 s, mean|eps| = 0.0291 (7.41/255)
[2026-08-26 10:56:38]   [t2270 v1/5] fail (pred=bird) CTA=0.8173 (150 s)
[2026-08-26 10:57:37]   friendly noise: 50000 images in 49 s, mean|eps| = 0.0430 (10.97/255)
[2026-08-26 10:59:09]   [t2270 v2/5] fail (pred=deer) CTA=0.8123 (150 s)
[2026-08-26 11:00:08]   friendly noise: 50000 images in 49 s, mean|eps| = 0.0207 (5.29/255)
[2026-08-26 11:01:39]   [t2270 v3/5] SUCCESS (pred=dog) CTA=0.8066 (150 s)
[2026-08-26 11:02:38]   friendly noise: 50000 images in 49 s, mean|eps| = 0.0467 (11.92/255)
[2026-08-26 11:04:09]   [t2270 v4/5] fail (pred=bird) CTA=0.7837 (150 s)
[2026-08-26 11:05:08]   friendly noise: 50000 images in 49 s, mean|eps| = 0.0186 (4.75/255)
[2026-08-26 11:06:39]   [t2270 v5/5] SUCCESS (pred=dog) CTA=0.8373 (150 s)
[2026-08-26 11:06:39] === target 5022: 250 saved poisons, realized linf 8.00/255 ===
[2026-08-26 11:07:38]   friendly noise: 50000 images in 49 s, mean|eps| = 0.0480 (12.25/255)
[2026-08-26 11:09:10]   [t5022 v1/5] fail (pred=bird) CTA=0.8005 (150 s)
[2026-08-26 11:10:08]   friendly noise: 50000 images in 49 s, mean|eps| = 0.0269 (6.87/255)
[2026-08-26 11:11:40]   [t5022 v2/5] fail (pred=bird) CTA=0.8206 (150 s)
[2026-08-26 11:12:39]   friendly noise: 50000 images in 49 s, mean|eps| = 0.0347 (8.84/255)
[2026-08-26 11:14:10]   [t5022 v3/5] fail (pred=bird) CTA=0.8238 (150 s)
[2026-08-26 11:15:09]   friendly noise: 50000 images in 49 s, mean|eps| = 0.0487 (12.42/255)
[2026-08-26 11:16:40]   [t5022 v4/5] fail (pred=bird) CTA=0.7887 (150 s)
[2026-08-26 11:17:39]   friendly noise: 50000 images in 49 s, mean|eps| = 0.0230 (5.86/255)
[2026-08-26 11:19:11]   [t5022 v5/5] fail (pred=bird) CTA=0.8395 (150 s)
[2026-08-26 11:19:11] === target 6033: 250 saved poisons, realized linf 8.00/255 ===
[2026-08-26 11:20:09]   friendly noise: 50000 images in 48 s, mean|eps| = 0.0166 (4.22/255)
[2026-08-26 11:21:40]   [t6033 v1/5] SUCCESS (pred=dog) CTA=0.8432 (150 s)
[2026-08-26 11:22:39]   friendly noise: 50000 images in 49 s, mean|eps| = 0.0280 (7.14/255)
[2026-08-26 11:24:10]   [t6033 v2/5] fail (pred=bird) CTA=0.8087 (150 s)
[2026-08-26 11:25:09]   friendly noise: 50000 images in 49 s, mean|eps| = 0.0466 (11.88/255)
[2026-08-26 11:26:41]   [t6033 v3/5] fail (pred=bird) CTA=0.7889 (150 s)
[2026-08-26 11:27:40]   friendly noise: 50000 images in 49 s, mean|eps| = 0.0427 (10.90/255)
[2026-08-26 11:29:11]   [t6033 v4/5] fail (pred=bird) CTA=0.8015 (150 s)
[2026-08-26 11:30:10]   friendly noise: 50000 images in 49 s, mean|eps| = 0.0493 (12.58/255)
[2026-08-26 11:31:42]   [t6033 v5/5] SUCCESS (pred=dog) CTA=0.7935 (151 s)
[2026-08-26 11:31:42] === target 9090: 250 saved poisons, realized linf 8.00/255 ===
[2026-08-26 11:32:41]   friendly noise: 50000 images in 49 s, mean|eps| = 0.0483 (12.33/255)
[2026-08-26 11:34:13]   [t9090 v1/5] fail (pred=bird) CTA=0.7931 (150 s)
[2026-08-26 11:35:11]   friendly noise: 50000 images in 49 s, mean|eps| = 0.0480 (12.24/255)
[2026-08-26 11:36:43]   [t9090 v2/5] fail (pred=bird) CTA=0.7977 (150 s)
[2026-08-26 11:37:42]   friendly noise: 50000 images in 49 s, mean|eps| = 0.0422 (10.77/255)
[2026-08-26 11:39:13]   [t9090 v3/5] fail (pred=bird) CTA=0.8034 (150 s)
[2026-08-26 11:40:12]   friendly noise: 50000 images in 49 s, mean|eps| = 0.0431 (10.99/255)
[2026-08-26 11:41:43]   [t9090 v4/5] fail (pred=bird) CTA=0.7935 (150 s)
[2026-08-26 11:42:42]   friendly noise: 50000 images in 49 s, mean|eps| = 0.0237 (6.05/255)
[2026-08-26 11:44:14]   [t9090 v5/5] SUCCESS (pred=dog) CTA=0.8415 (150 s)
[2026-08-26 11:44:14] ==== CIFAR10_VGG13BN_sapa_ours_dog-bird_b0.005_eps8_seed42_lam1_cosine_jacw1_worst0.05_ce5_tgt50 | defense friends-friendly.bernoulli-e8-p5-clp16 : ASR = 22.9% +/- 16.7% | CTA = 0.8081 (defended clean 0.8054) ====
[2026-08-26 11:44:14]   target-prediction tally ['airplane', 'automobile', 'bird', 'cat', 'deer', 'dog', 'frog', 'horse', 'ship', 'truck']: [2, 0, 19, 1, 1, 8, 0, 0, 4, 0]
sync: preserving outputs in /home/mmoslem3/scratch/attack_if
sync: complete
