stage: optional file absent: /home/mmoslem3/scratch/attack_if/target_sets/def_VGG13BN_sapa_dog-bird_b0.01_jacw1.json
stage: optional directory absent: /home/mmoslem3/scratch/attack_if/defense_result/CIFAR10_VGG13BN_sapa_ours_dog-bird_b0.01_eps8_seed42_lam1_cosine_seldpp2_jacw1_worst0.05_ce5_tgt50__def-epic-s0.1-f2-d10
job: 5033307 missing_defense_047_vgg13_sapa_dog_bird_b0_01_epic_dpp_j on kn140
work: /tmp/attack_if
config: USE_JACOBIAN_SCORE=1 JACOBIAN_WEIGHT=1.0 JACOBIAN_BATCH_SIZE=64 CLASS_PAIR=dog-bird MODEL=VGG13BN ATTACK=sapa TARGET_SELECT=50 BUDGETS=0.01 SELS=dpp SEL_ALPHA=2.0 DEFENSES=epic NUM_TARGETS=7 NUM_VICTIMS=5 sh defense.sh
protocol: attack=8 targets x 5 victims; defense=7 targets x 5 victims
gpu: NVIDIA L40S
#  b0.01   dpp=8                        -> 8 paired target(s)
=== defense sweep | VGG13BN / sapa / dog-bird (tgt50) ===
    selections : dpp   (dpp alpha 2.0)
    selector   : Jacobian enabled for ours/dpp (weight 1.0, batch 64); random unchanged
    defenses   : epic
    poisons    : replayed from /tmp/attack_if/ours_result, results into /tmp/attack_if/defense_result

--- budget 0.01 | defense epic | selection dpp ---
[2026-08-26 10:16:38] === defense run: CIFAR10_VGG13BN_sapa_ours_dog-bird_b0.01_eps8_seed42_lam1_cosine_seldpp2_jacw1_worst0.05_ce5_tgt50__def-epic-s0.1-f2-d10 ===
[2026-08-26 10:16:38]     poisons replayed from /tmp/attack_if/ours_result/CIFAR10_VGG13BN_sapa_ours_dog-bird_b0.01_eps8_seed42_lam1_cosine_seldpp2_jacw1_worst0.05_ce5_tgt50
[2026-08-26 10:16:38]     defense = epic  (epic-s0.1-f2-d10)
[2026-08-26 10:16:38]     victim augmentation = none  (applied to the poisoned image, resampled every epoch)
[2026-08-26 10:16:38] args: {"adv_eps": 8.0, "adv_step_size": 0.0, "adv_steps": 5, "attack": "sapa", "aug_cutout_length": 16, "aug_flip_p": 0.5, "aug_pad": 4, "aug_randaug_magnitude": 9, "aug_randaug_ops": 2, "base": "ours", "base_dist": "cosine", "budget": 0.01, "cache_dir": "/tmp/attack_if/cache", "class_pair": "dog-bird", "clean_baseline": true, "craft_aug": true, "craft_ensemble": 5, "data_path": "/tmp/data", "dataset": "CIFAR10", "defense": "epic", "defense_out_dir": "/tmp/attack_if/defense_result", "defense_parts": ["epic"], "dsa_strategy": "color_crop_cutout_flip_scale_rotate", "epic_cluster_thresh": 1.0, "epic_drop_after": 10, "epic_freq": 2, "epic_metric": "euclidean", "epic_stop_after": -1, "epic_subset_size": 0.1, "epsilon": 0.0313725, "fc_mode": "sample", "friendly_begin_epoch": 5, "friendly_bs": 512, "friendly_clamp": 16.0, "friendly_epochs": 30, "friendly_lr": 100.0, "friendly_momentum": 0.9, "friendly_mu": 1.0, "gpus": "all", "jacobian_batch_size": 64, "jacobian_weight": 1.0, "lambda_margin": 1.0, "list_cached": false, "model": "VGG13BN", "no_resume": false, "noise_eps": 8.0, "noise_type": [], "num_targets": 7, "num_victims": 5, "out_dir": "/tmp/attack_if/ours_result", "pair_order": "poison-target", "parallel_trials": true, "recompute_deltas": false, "seed": 42, "sel_alpha": 2.0, "sel_dpp": true, "sel_filter": false, "sel_mmr": false, "sel_mode": "dpp", "sel_mu": 1.0, "sel_pca": false, "sel_pool": 3.0, "sharp_mode": "worst", "sharp_samples": 20, "sharp_sigma": 0.05, "target_idx_file": "target_sets/def_VGG13BN_sapa_dog-bird_b0.01_jacw1.json", "target_select": 50, "use_jacobian_score": true, "victim_aug": "none", "victim_bs": 125, "victim_decay": [40], "victim_epochs": 50, "victim_lr": 0.1, "victim_wd": 0.0}
[2026-08-26 10:17:00]   7 target(s) with saved poisons: [409, 630, 1656, 2270, 5022, 6033, 9090]
[2026-08-26 10:17:00] === defended clean victims (5 x VGG13BN, defense epic-s0.1-f2-d10) ===
[2026-08-26 10:17:02]   defended clean CTA = 0.7740 +/- 0.0206
[2026-08-26 10:17:02] === target 409: 500 saved poisons, realized linf 8.00/255 ===
[2026-08-26 10:20:37]   [t409 v1/5] fail (pred=bird) CTA=0.6384 (215 s)
[2026-08-26 10:23:53]   [t409 v2/5] SUCCESS (pred=dog) CTA=0.8099 (195 s)
[2026-08-26 10:26:56]   [t409 v3/5] SUCCESS (pred=dog) CTA=0.8176 (183 s)
[2026-08-26 10:29:52]   [t409 v4/5] SUCCESS (pred=dog) CTA=0.8198 (176 s)
[2026-08-26 10:32:51]   [t409 v5/5] SUCCESS (pred=dog) CTA=0.8209 (179 s)
[2026-08-26 10:32:51] === target 630: 500 saved poisons, realized linf 8.00/255 ===
[2026-08-26 10:35:49]   [t630 v1/5] fail (pred=frog) CTA=0.8048 (178 s)
[2026-08-26 10:38:52]   [t630 v2/5] fail (pred=ship) CTA=0.7034 (183 s)
[2026-08-26 10:41:53]   [t630 v3/5] fail (pred=deer) CTA=0.8207 (181 s)
[2026-08-26 10:45:07]   [t630 v4/5] fail (pred=deer) CTA=0.7802 (194 s)
[2026-08-26 10:48:15]   [t630 v5/5] fail (pred=bird) CTA=0.8074 (188 s)
[2026-08-26 10:48:15] === target 1656: 500 saved poisons, realized linf 8.00/255 ===
[2026-08-26 10:51:32]   [t1656 v1/5] SUCCESS (pred=dog) CTA=0.8049 (197 s)
[2026-08-26 10:54:46]   [t1656 v2/5] fail (pred=bird) CTA=0.7657 (195 s)
[2026-08-26 10:57:47]   [t1656 v3/5] SUCCESS (pred=dog) CTA=0.7479 (181 s)
[2026-08-26 11:00:39]   [t1656 v4/5] SUCCESS (pred=dog) CTA=0.8189 (172 s)
[2026-08-26 11:03:46]   [t1656 v5/5] fail (pred=cat) CTA=0.7946 (186 s)
[2026-08-26 11:03:46] === target 2270: 500 saved poisons, realized linf 8.00/255 ===
[2026-08-26 11:06:52]   [t2270 v1/5] SUCCESS (pred=dog) CTA=0.8172 (186 s)
[2026-08-26 11:10:09]   [t2270 v2/5] fail (pred=bird) CTA=0.7413 (197 s)
[2026-08-26 11:13:38]   [t2270 v3/5] fail (pred=cat) CTA=0.7503 (209 s)
[2026-08-26 11:16:36]   [t2270 v4/5] SUCCESS (pred=dog) CTA=0.8122 (178 s)
[2026-08-26 11:19:45]   [t2270 v5/5] fail (pred=bird) CTA=0.7487 (189 s)
[2026-08-26 11:19:45] === target 5022: 500 saved poisons, realized linf 8.00/255 ===
[2026-08-26 11:22:42]   [t5022 v1/5] SUCCESS (pred=dog) CTA=0.8119 (177 s)
[2026-08-26 11:26:40]   [t5022 v2/5] fail (pred=bird) CTA=0.7899 (237 s)
[2026-08-26 11:29:49]   [t5022 v3/5] fail (pred=bird) CTA=0.8153 (189 s)
[2026-08-26 11:32:57]   [t5022 v4/5] SUCCESS (pred=dog) CTA=0.8101 (188 s)
[2026-08-26 11:35:59]   [t5022 v5/5] fail (pred=cat) CTA=0.8141 (182 s)
[2026-08-26 11:35:59] === target 6033: 500 saved poisons, realized linf 8.00/255 ===
[2026-08-26 11:39:21]   [t6033 v1/5] SUCCESS (pred=dog) CTA=0.7791 (202 s)
[2026-08-26 11:42:19]   [t6033 v2/5] SUCCESS (pred=dog) CTA=0.8141 (178 s)
[2026-08-26 11:45:08]   [t6033 v3/5] SUCCESS (pred=dog) CTA=0.7998 (169 s)
[2026-08-26 11:48:07]   [t6033 v4/5] SUCCESS (pred=dog) CTA=0.7735 (178 s)
[2026-08-26 11:51:06]   [t6033 v5/5] SUCCESS (pred=dog) CTA=0.8183 (180 s)
[2026-08-26 11:51:06] === target 9090: 500 saved poisons, realized linf 8.00/255 ===
[2026-08-26 11:53:59]   [t9090 v1/5] fail (pred=deer) CTA=0.6973 (172 s)
[2026-08-26 11:57:01]   [t9090 v2/5] SUCCESS (pred=dog) CTA=0.8092 (182 s)
[2026-08-26 11:59:55]   [t9090 v3/5] SUCCESS (pred=dog) CTA=0.8140 (175 s)
[2026-08-26 12:02:48]   [t9090 v4/5] SUCCESS (pred=dog) CTA=0.7654 (172 s)
[2026-08-26 12:06:01]   [t9090 v5/5] fail (pred=bird) CTA=0.7343 (193 s)
[2026-08-26 12:06:01] ==== CIFAR10_VGG13BN_sapa_ours_dog-bird_b0.01_eps8_seed42_lam1_cosine_seldpp2_jacw1_worst0.05_ce5_tgt50 | defense epic-s0.1-f2-d10 : ASR = 54.3% +/- 29.7% | CTA = 0.7849 (defended clean 0.7740)  poisons dropped 50.5% vs clean 64.4% ====
[2026-08-26 12:06:01]   target-prediction tally ['airplane', 'automobile', 'bird', 'cat', 'deer', 'dog', 'frog', 'horse', 'ship', 'truck']: [0, 0, 8, 3, 3, 19, 1, 0, 1, 0]
sync: preserving outputs in /home/mmoslem3/scratch/attack_if
sync: complete
