stage: optional directory absent: /home/mmoslem3/scratch/PoisonBase/ours_result/CIFAR10_VGG13BN_gradmatch_ours_dog-bird_b0.002_eps8_seed42_lam10_cosine_norm_selR_ce5_tgt50
job: 1000999 rcnp11_vgg_gm_db_b0002 on rack08-04
work: /tmp/attack_if
config: SOURCE_ROOT=/home/mmoslem3/scratch/PoisonBase PERSIST_DATA_ROOT=/home/mmoslem3/scratch/PoisonBase/data MODEL=VGG13BN ATTACK=gradmatch CLASS_PAIR=dog-bird BUDGETS=0.002 SELECT=r BASE_DIST=cosine_norm NUM_TARGETS=8 NUM_VICTIMS=5 CRAFT_STEPS=250 sh sel_dpp.sh
protocol: attack=8 targets x 5 victims
gpu: NVIDIA L40S
=== component ablation: R | VGG13BN / gradmatch / dog-bird ===
    targets: pinned from target_sets/VGG13BN_gradmatch_dog-bird.json (same 10 the random-base run attacked)
    difficulty label tgt50   craft flags: --craft_lowmem --craft_batch 256 --fast_gradmatch
    component ablation: R; needed raw components are averaged over surrogates, then standardized (batch=64)
    legacy score: z(distance) + 10.0*z(margin)
    budgets: 0.002

--- r | VGG13BN / gradmatch / dog-bird | budget 0.002 ---
[2026-09-18 23:31:20] === run start: CIFAR10_VGG13BN_gradmatch_ours_dog-bird_b0.002_eps8_seed42_lam10_cosine_norm_selR_ce5_tgt50 on cuda [0] ===
[2026-09-18 23:31:20] args: {"FORCE": false, "attack": "gradmatch", "base": "ours", "base_dist": "cosine_norm", "base_topr": null, "budget": 0.002, "cache_dir": "/tmp/attack_if/cache", "class_pair": "dog-bird", "clean_baseline": true, "craft_alpha": 0.0039216, "craft_aug": true, "craft_batch": 256, "craft_ensemble": 5, "craft_lowmem": true, "craft_schedule": false, "craft_steps": 250, "data_path": "/tmp/data", "dataset": "CIFAR10", "distance_margin_coef": null, "dsa_strategy": "color_crop_cutout_flip_scale_rotate", "epsilon": 0.0313725, "fast_gradmatch": true, "fc_mode": "sample", "fc_restarts": 1, "fus_alpha": 0.5, "fus_iters": 10, "fus_proxy_restarts": 0, "fus_proxy_steps": 0, "fus_search_decay": [40], "fus_search_epochs": 50, "gpus": "all", "jacobian_batch_size": 64, "jacobian_weight": 1.0, "keep_pinned_targets": false, "lambda_margin": 10.0, "model": "VGG13BN", "no_resume": false, "num_poisons": 500, "num_surrogates": 20, "num_targets": 8, "num_victims": 5, "out_dir": "/tmp/attack_if/ours_result", "pair_order": "poison-target", "parallel_pretrain": true, "parallel_targets": true, "precompute_id": null, "precompute_only": false, "precompute_part": "both", "rank_on_victims": true, "recompute_deltas": false, "require_correct_target": false, "restarts": 8, "seed": 42, "sel_K": null, "sel_alpha": 1.0, "sel_component": "r", "sel_criterion": null, "sel_dpp": false, "sel_filter": false, "sel_metric_epoch": 10, "sel_mmr": false, "sel_mode": null, "sel_model": null, "sel_mu": 1.0, "sel_pca": false, "sel_pool": 3.0, "selector_metric_dir": null, "sharp_mode": "worst", "sharp_samples": 20, "sharp_sigma": 0.05, "steal_timeout": 7200.0, "surrogate_aug": false, "surrogate_bs": 128, "surrogate_decay": [35, 45], "surrogate_epochs": 60, "surrogate_lr": 0.1, "surrogate_wd": 0.0, "target_idx_file": "target_sets/VGG13BN_gradmatch_dog-bird.json", "target_select": 50, "use_jacobian_score": false, "victim_aug": false, "victim_bs": 125, "victim_decay": [40], "victim_epochs": 50, "victim_lr": 0.1, "victim_model": null, "victim_wd": 0.0}
[2026-09-18 23:31:20] Jacobian score: disabled
[2026-09-18 23:31:20] R component selector: raw components averaged over surrogates, then each used component standardized across candidates; batch_size=64
[2026-09-18 23:31:20] N_total=50000 budget=0.002 -> N_p=100 poisons, y_adv=5(dog) target_class=2(bird)
[2026-09-18 23:31:20] === selection/crafting surrogates (20 x VGG13BN, trained on the full real set) ===
[2026-09-18 23:31:21]   crafting on 5/20 surrogates
[2026-09-18 23:31:21] === clean victims (5 x VGG13BN) ===
[2026-09-18 23:31:23]   clean baseline CTA = 0.8451 +/- 0.0161
[2026-09-18 23:31:23]   target pool 1000 -> eligible 970 (30 already predicted as y_adv or dropped)
[2026-09-18 23:31:23]   chosen 8 targets (file), p_adv range 0.0000..0.0000
[2026-09-18 23:31:23]   targets: [630, 409, 2270, 9870, 1656, 5022, 9090, 6033]
[2026-09-18 23:31:23] === target 630 (1/8) ===
[2026-09-18 23:31:24]   target 630: selector overhead 1.415 s, CUDA peak 1741.2 MiB (incremental 107.0 MiB)
[2026-09-18 23:34:32]   target 630: crafted 100 poisons in 188 s, obj=0.30286, CUDA peak=2493.2 MiB (incremental 857.0 MiB)
[2026-09-18 23:34:33]   target 630: realized linf = 0.03137 (8.00/255), budget = 8.00/255
[2026-09-18 23:36:14]   [t630 v1/5] fail (pred=bird) CTA=0.8588
[2026-09-18 23:37:55]   [t630 v2/5] SUCCESS (pred=dog) CTA=0.8520
[2026-09-18 23:39:36]   [t630 v3/5] SUCCESS (pred=dog) CTA=0.8567
[2026-09-18 23:41:17]   [t630 v4/5] SUCCESS (pred=dog) CTA=0.8574
[2026-09-18 23:42:58]   [t630 v5/5] fail (pred=bird) CTA=0.8503
[2026-09-18 23:42:58]   target 630, 5 victims on this gpu: ASR=60.0% CTA=0.8550 +/- 0.0033
[2026-09-18 23:42:58] === target 409 (2/8) ===
[2026-09-18 23:42:59]   target 409: selector overhead 1.247 s, CUDA peak 1749.3 MiB (incremental 107.0 MiB)
[2026-09-18 23:46:09]   target 409: crafted 100 poisons in 190 s, obj=0.26603, CUDA peak=2500.6 MiB (incremental 856.3 MiB)
[2026-09-18 23:46:09]   target 409: realized linf = 0.03137 (8.00/255), budget = 8.00/255
[2026-09-18 23:47:51]   [t409 v1/5] SUCCESS (pred=dog) CTA=0.8538
[2026-09-18 23:49:33]   [t409 v2/5] fail (pred=cat) CTA=0.8549
[2026-09-18 23:51:14]   [t409 v3/5] SUCCESS (pred=dog) CTA=0.8612
[2026-09-18 23:52:55]   [t409 v4/5] fail (pred=bird) CTA=0.8429
[2026-09-18 23:54:36]   [t409 v5/5] SUCCESS (pred=dog) CTA=0.8626
[2026-09-18 23:54:36]   target 409, 5 victims on this gpu: ASR=60.0% CTA=0.8551 +/- 0.0070
[2026-09-18 23:54:36] === target 2270 (3/8) ===
[2026-09-18 23:54:37]   target 2270: selector overhead 1.250 s, CUDA peak 1749.3 MiB (incremental 107.0 MiB)
[2026-09-18 23:57:47]   target 2270: crafted 100 poisons in 190 s, obj=0.28861, CUDA peak=2500.8 MiB (incremental 856.4 MiB)
[2026-09-18 23:57:47]   target 2270: realized linf = 0.03137 (8.00/255), budget = 8.00/255
[2026-09-18 23:59:29]   [t2270 v1/5] SUCCESS (pred=dog) CTA=0.8626
[2026-09-19 00:01:10]   [t2270 v2/5] SUCCESS (pred=dog) CTA=0.8509
[2026-09-19 00:02:52]   [t2270 v3/5] SUCCESS (pred=dog) CTA=0.8443
[2026-09-19 00:04:33]   [t2270 v4/5] SUCCESS (pred=dog) CTA=0.8603
[2026-09-19 00:06:14]   [t2270 v5/5] SUCCESS (pred=dog) CTA=0.8481
[2026-09-19 00:06:14]   target 2270, 5 victims on this gpu: ASR=100.0% CTA=0.8532 +/- 0.0071
[2026-09-19 00:06:14] === target 9870 (4/8) ===
[2026-09-19 00:06:15]   target 9870: selector overhead 1.249 s, CUDA peak 1749.3 MiB (incremental 107.0 MiB)
[2026-09-19 00:09:25]   target 9870: crafted 100 poisons in 190 s, obj=0.26385, CUDA peak=2500.8 MiB (incremental 856.4 MiB)
[2026-09-19 00:09:25]   target 9870: realized linf = 0.03137 (8.00/255), budget = 8.00/255
[2026-09-19 00:11:07]   [t9870 v1/5] SUCCESS (pred=dog) CTA=0.8570
[2026-09-19 00:12:48]   [t9870 v2/5] SUCCESS (pred=dog) CTA=0.8465
[2026-09-19 00:14:29]   [t9870 v3/5] fail (pred=cat) CTA=0.8504
[2026-09-19 00:16:10]   [t9870 v4/5] fail (pred=bird) CTA=0.8385
[2026-09-19 00:17:52]   [t9870 v5/5] fail (pred=bird) CTA=0.8542
[2026-09-19 00:17:52]   target 9870, 5 victims on this gpu: ASR=40.0% CTA=0.8493 +/- 0.0065
[2026-09-19 00:17:52] === target 1656 (5/8) ===
[2026-09-19 00:17:53]   target 1656: selector overhead 1.249 s, CUDA peak 1749.3 MiB (incremental 107.0 MiB)
[2026-09-19 00:21:03]   target 1656: crafted 100 poisons in 190 s, obj=0.28523, CUDA peak=2500.6 MiB (incremental 856.3 MiB)
[2026-09-19 00:21:03]   target 1656: realized linf = 0.03137 (8.00/255), budget = 8.00/255
[2026-09-19 00:22:45]   [t1656 v1/5] fail (pred=cat) CTA=0.8478
[2026-09-19 00:24:26]   [t1656 v2/5] fail (pred=bird) CTA=0.8527
[2026-09-19 00:26:07]   [t1656 v3/5] fail (pred=cat) CTA=0.8584
[2026-09-19 00:27:48]   [t1656 v4/5] SUCCESS (pred=dog) CTA=0.8683
[2026-09-19 00:29:30]   [t1656 v5/5] SUCCESS (pred=dog) CTA=0.8507
[2026-09-19 00:29:30]   target 1656, 5 victims on this gpu: ASR=40.0% CTA=0.8556 +/- 0.0072
[2026-09-19 00:29:30] === target 5022 (6/8) ===
[2026-09-19 00:29:31]   target 5022: selector overhead 1.254 s, CUDA peak 1749.3 MiB (incremental 107.0 MiB)
[2026-09-19 00:32:45]   target 5022: crafted 100 poisons in 195 s, obj=0.36226, CUDA peak=2500.6 MiB (incremental 856.3 MiB)
[2026-09-19 00:32:45]   target 5022: realized linf = 0.03137 (8.00/255), budget = 8.00/255
[2026-09-19 00:34:28]   [t5022 v1/5] fail (pred=bird) CTA=0.8567
[2026-09-19 00:36:09]   [t5022 v2/5] fail (pred=bird) CTA=0.8543
[2026-09-19 00:37:50]   [t5022 v3/5] fail (pred=bird) CTA=0.8578
[2026-09-19 00:39:31]   [t5022 v4/5] fail (pred=bird) CTA=0.8541
[2026-09-19 00:41:12]   [t5022 v5/5] fail (pred=bird) CTA=0.8576
[2026-09-19 00:41:12]   target 5022, 5 victims on this gpu: ASR=0.0% CTA=0.8561 +/- 0.0016
[2026-09-19 00:41:12] === target 9090 (7/8) ===
[2026-09-19 00:41:14]   target 9090: selector overhead 1.249 s, CUDA peak 1749.3 MiB (incremental 107.0 MiB)
[2026-09-19 00:44:23]   target 9090: crafted 100 poisons in 189 s, obj=0.27400, CUDA peak=2500.8 MiB (incremental 856.4 MiB)
[2026-09-19 00:44:23]   target 9090: realized linf = 0.03137 (8.00/255), budget = 8.00/255
[2026-09-19 00:46:05]   [t9090 v1/5] SUCCESS (pred=dog) CTA=0.8606
[2026-09-19 00:47:46]   [t9090 v2/5] SUCCESS (pred=dog) CTA=0.8541
[2026-09-19 00:49:28]   [t9090 v3/5] SUCCESS (pred=dog) CTA=0.8622
[2026-09-19 00:51:09]   [t9090 v4/5] fail (pred=bird) CTA=0.8555
[2026-09-19 00:52:50]   [t9090 v5/5] fail (pred=bird) CTA=0.8575
[2026-09-19 00:52:50]   target 9090, 5 victims on this gpu: ASR=60.0% CTA=0.8580 +/- 0.0030
[2026-09-19 00:52:50] === target 6033 (8/8) ===
[2026-09-19 00:52:51]   target 6033: selector overhead 1.248 s, CUDA peak 1749.3 MiB (incremental 107.0 MiB)
[2026-09-19 00:56:01]   target 6033: crafted 100 poisons in 189 s, obj=0.23268, CUDA peak=2500.8 MiB (incremental 856.4 MiB)
[2026-09-19 00:56:01]   target 6033: realized linf = 0.03137 (8.00/255), budget = 8.00/255
[2026-09-19 00:57:43]   [t6033 v1/5] SUCCESS (pred=dog) CTA=0.8472
[2026-09-19 00:59:24]   [t6033 v2/5] SUCCESS (pred=dog) CTA=0.8603
[2026-09-19 01:01:05]   [t6033 v3/5] SUCCESS (pred=dog) CTA=0.8552
[2026-09-19 01:02:46]   [t6033 v4/5] SUCCESS (pred=dog) CTA=0.8676
[2026-09-19 01:04:28]   [t6033 v5/5] SUCCESS (pred=dog) CTA=0.8619
[2026-09-19 01:04:28]   target 6033, 5 victims on this gpu: ASR=100.0% CTA=0.8584 +/- 0.0069
[2026-09-19 01:04:28]   selector resources: 8 target(s), 10.2 total target-seconds, max CUDA allocated 1749.3 MiB (incremental 107.0 MiB)
[2026-09-19 01:04:28] ==== CIFAR10_VGG13BN_gradmatch_ours_dog-bird_b0.002_eps8_seed42_lam10_cosine_norm_selR_ce5_tgt50 : ASR = 57.5% +/- 30.7% | CTA = 0.8551 (baseline 0.8451) ====
[2026-09-19 01:04:28]   target-prediction tally ['airplane', 'automobile', 'bird', 'cat', 'deer', 'dog', 'frog', 'horse', 'ship', 'truck']: [0, 0, 13, 4, 0, 23, 0, 0, 0, 0]

sync: preserving outputs in /home/mmoslem3/scratch/PoisonBase
sync: complete
