stage: optional directory absent: /home/mmoslem3/scratch/PoisonBase/ours_result/CIFAR10_ConvNetBN_gradmatch_ours_frog-airplane_b0.01_eps8_seed42_lam10_cosine_norm_selR_ce5_tgt35
job: 1000989 rcnp01_conv_gm_fa_b001 on rack12-12
work: /tmp/attack_if
config: SOURCE_ROOT=/home/mmoslem3/scratch/PoisonBase PERSIST_DATA_ROOT=/home/mmoslem3/scratch/PoisonBase/data MODEL=ConvNetBN ATTACK=gradmatch CLASS_PAIR=frog-airplane BUDGETS=0.01 SELECT=r BASE_DIST=cosine_norm NUM_TARGETS=8 NUM_VICTIMS=5 CRAFT_STEPS=250 sh sel_dpp.sh
protocol: attack=8 targets x 5 victims
gpu: NVIDIA L40S
=== component ablation: R | ConvNetBN / gradmatch / frog-airplane ===
    targets: pinned from target_sets/ConvNetBN_gradmatch_frog-airplane.json (same 10 the random-base run attacked)
    difficulty label tgt35   craft flags: none
    component ablation: R; needed raw components are averaged over surrogates, then standardized (batch=64)
    legacy score: z(distance) + 10.0*z(margin)
    budgets: 0.01

--- r | ConvNetBN / gradmatch / frog-airplane | budget 0.01 ---
[2026-09-18 21:38:35] === run start: CIFAR10_ConvNetBN_gradmatch_ours_frog-airplane_b0.01_eps8_seed42_lam10_cosine_norm_selR_ce5_tgt35 on cuda [0] ===
[2026-09-18 21:38:35] args: {"FORCE": false, "attack": "gradmatch", "base": "ours", "base_dist": "cosine_norm", "base_topr": null, "budget": 0.01, "cache_dir": "/tmp/attack_if/cache", "class_pair": "frog-airplane", "clean_baseline": true, "craft_alpha": 0.0039216, "craft_aug": true, "craft_batch": 256, "craft_ensemble": 5, "craft_lowmem": false, "craft_schedule": false, "craft_steps": 250, "data_path": "/tmp/data", "dataset": "CIFAR10", "distance_margin_coef": null, "dsa_strategy": "color_crop_cutout_flip_scale_rotate", "epsilon": 0.0313725, "fast_gradmatch": false, "fc_mode": "sample", "fc_restarts": 1, "fus_alpha": 0.5, "fus_iters": 10, "fus_proxy_restarts": 0, "fus_proxy_steps": 0, "fus_search_decay": [40], "fus_search_epochs": 50, "gpus": "all", "jacobian_batch_size": 64, "jacobian_weight": 1.0, "keep_pinned_targets": false, "lambda_margin": 10.0, "model": "ConvNetBN", "no_resume": false, "num_poisons": 500, "num_surrogates": 20, "num_targets": 8, "num_victims": 5, "out_dir": "/tmp/attack_if/ours_result", "pair_order": "poison-target", "parallel_pretrain": true, "parallel_targets": true, "precompute_id": null, "precompute_only": false, "precompute_part": "both", "rank_on_victims": true, "recompute_deltas": false, "require_correct_target": false, "restarts": 8, "seed": 42, "sel_K": null, "sel_alpha": 1.0, "sel_component": "r", "sel_criterion": null, "sel_dpp": false, "sel_filter": false, "sel_metric_epoch": 10, "sel_mmr": false, "sel_mode": null, "sel_model": null, "sel_mu": 1.0, "sel_pca": false, "sel_pool": 3.0, "selector_metric_dir": null, "sharp_mode": "worst", "sharp_samples": 20, "sharp_sigma": 0.05, "steal_timeout": 7200.0, "surrogate_aug": false, "surrogate_bs": 128, "surrogate_decay": [35, 45], "surrogate_epochs": 60, "surrogate_lr": 0.1, "surrogate_wd": 0.0, "target_idx_file": "target_sets/ConvNetBN_gradmatch_frog-airplane.json", "target_select": 35, "use_jacobian_score": false, "victim_aug": false, "victim_bs": 125, "victim_decay": [40], "victim_epochs": 50, "victim_lr": 0.1, "victim_model": null, "victim_wd": 0.0}
[2026-09-18 21:38:35] Jacobian score: disabled
[2026-09-18 21:38:35] R component selector: raw components averaged over surrogates, then each used component standardized across candidates; batch_size=64
[2026-09-18 21:38:35] N_total=50000 budget=0.01 -> N_p=500 poisons, y_adv=6(frog) target_class=0(airplane)
[2026-09-18 21:38:35] === selection/crafting surrogates (20 x ConvNetBN, trained on the full real set) ===
[2026-09-18 21:38:35]   crafting on 5/20 surrogates
[2026-09-18 21:38:35] === clean victims (5 x ConvNetBN) ===
[2026-09-18 21:38:35]   clean baseline CTA = 0.8120 +/- 0.0079
[2026-09-18 21:38:36]   target pool 1000 -> eligible 994 (6 already predicted as y_adv or dropped)
[2026-09-18 21:38:36]   chosen 8 targets (file), p_adv range 0.0000..0.0000
[2026-09-18 21:38:36]   targets: [496, 2087, 8941, 9820, 3825, 1796, 2548, 6437]
[2026-09-18 21:38:36] === target 496 (1/8) ===
[2026-09-18 21:38:36]   target 496: selector overhead 0.544 s, CUDA peak 867.4 MiB (incremental 123.2 MiB)
[2026-09-18 21:47:14]   target 496: crafted 500 poisons in 518 s, obj=0.26190, CUDA peak=9320.7 MiB (incremental 8570.7 MiB)
[2026-09-18 21:47:14]   target 496: realized linf = 0.03137 (8.00/255), budget = 8.00/255
[2026-09-18 21:48:06]   [t496 v1/5] fail (pred=airplane) CTA=0.7942
[2026-09-18 21:48:56]   [t496 v2/5] fail (pred=airplane) CTA=0.7998
[2026-09-18 21:49:46]   [t496 v3/5] fail (pred=airplane) CTA=0.8072
[2026-09-18 21:50:36]   [t496 v4/5] fail (pred=airplane) CTA=0.8122
[2026-09-18 21:51:26]   [t496 v5/5] SUCCESS (pred=frog) CTA=0.8028
[2026-09-18 21:51:26]   target 496, 5 victims on this gpu: ASR=20.0% CTA=0.8032 +/- 0.0062
[2026-09-18 21:51:26] === target 2087 (2/8) ===
[2026-09-18 21:51:26]   target 2087: selector overhead 0.456 s, CUDA peak 875.5 MiB (incremental 123.2 MiB)
[2026-09-18 22:00:04]   target 2087: crafted 500 poisons in 517 s, obj=0.26243, CUDA peak=9323.1 MiB (incremental 8564.9 MiB)
[2026-09-18 22:00:04]   target 2087: realized linf = 0.03137 (8.00/255), budget = 8.00/255
[2026-09-18 22:00:55]   [t2087 v1/5] fail (pred=airplane) CTA=0.8140
[2026-09-18 22:01:45]   [t2087 v2/5] fail (pred=deer) CTA=0.7974
[2026-09-18 22:02:35]   [t2087 v3/5] fail (pred=deer) CTA=0.8000
[2026-09-18 22:03:25]   [t2087 v4/5] fail (pred=airplane) CTA=0.7924
[2026-09-18 22:04:16]   [t2087 v5/5] fail (pred=deer) CTA=0.7923
[2026-09-18 22:04:16]   target 2087, 5 victims on this gpu: ASR=0.0% CTA=0.7992 +/- 0.0080
[2026-09-18 22:04:16] === target 8941 (3/8) ===
[2026-09-18 22:04:16]   target 8941: selector overhead 0.463 s, CUDA peak 875.5 MiB (incremental 123.2 MiB)
[2026-09-18 22:12:53]   target 8941: crafted 500 poisons in 517 s, obj=0.33306, CUDA peak=9323.1 MiB (incremental 8564.9 MiB)
[2026-09-18 22:12:53]   target 8941: realized linf = 0.03137 (8.00/255), budget = 8.00/255
[2026-09-18 22:13:44]   [t8941 v1/5] fail (pred=airplane) CTA=0.8040
[2026-09-18 22:14:34]   [t8941 v2/5] fail (pred=cat) CTA=0.7499
[2026-09-18 22:15:25]   [t8941 v3/5] fail (pred=airplane) CTA=0.8061
[2026-09-18 22:16:15]   [t8941 v4/5] fail (pred=cat) CTA=0.8080
[2026-09-18 22:17:05]   [t8941 v5/5] fail (pred=airplane) CTA=0.8081
[2026-09-18 22:17:05]   target 8941, 5 victims on this gpu: ASR=0.0% CTA=0.7952 +/- 0.0227
[2026-09-18 22:17:05] === target 9820 (4/8) ===
[2026-09-18 22:17:05]   target 9820: selector overhead 0.455 s, CUDA peak 875.5 MiB (incremental 123.2 MiB)
[2026-09-18 22:25:42]   target 9820: crafted 500 poisons in 517 s, obj=0.26353, CUDA peak=9323.1 MiB (incremental 8564.9 MiB)
[2026-09-18 22:25:42]   target 9820: realized linf = 0.03137 (8.00/255), budget = 8.00/255
[2026-09-18 22:26:33]   [t9820 v1/5] fail (pred=airplane) CTA=0.7924
[2026-09-18 22:27:24]   [t9820 v2/5] fail (pred=airplane) CTA=0.8058
[2026-09-18 22:28:14]   [t9820 v3/5] fail (pred=ship) CTA=0.8001
[2026-09-18 22:29:04]   [t9820 v4/5] fail (pred=airplane) CTA=0.8041
[2026-09-18 22:29:54]   [t9820 v5/5] fail (pred=airplane) CTA=0.8166
[2026-09-18 22:29:54]   target 9820, 5 victims on this gpu: ASR=0.0% CTA=0.8038 +/- 0.0079
[2026-09-18 22:29:54] === target 3825 (5/8) ===
[2026-09-18 22:29:54]   target 3825: selector overhead 0.461 s, CUDA peak 875.5 MiB (incremental 123.2 MiB)
[2026-09-18 22:38:32]   target 3825: crafted 500 poisons in 518 s, obj=0.44129, CUDA peak=9322.4 MiB (incremental 8564.2 MiB)
[2026-09-18 22:38:32]   target 3825: realized linf = 0.03137 (8.00/255), budget = 8.00/255
[2026-09-18 22:39:24]   [t3825 v1/5] fail (pred=airplane) CTA=0.8041
[2026-09-18 22:40:14]   [t3825 v2/5] fail (pred=airplane) CTA=0.8003
[2026-09-18 22:41:04]   [t3825 v3/5] fail (pred=airplane) CTA=0.8116
[2026-09-18 22:41:54]   [t3825 v4/5] fail (pred=airplane) CTA=0.8089
[2026-09-18 22:42:45]   [t3825 v5/5] fail (pred=airplane) CTA=0.8081
[2026-09-18 22:42:45]   target 3825, 5 victims on this gpu: ASR=0.0% CTA=0.8066 +/- 0.0040
[2026-09-18 22:42:45] === target 1796 (6/8) ===
[2026-09-18 22:42:45]   target 1796: selector overhead 0.455 s, CUDA peak 875.5 MiB (incremental 123.2 MiB)
[2026-09-18 22:51:22]   target 1796: crafted 500 poisons in 517 s, obj=0.29963, CUDA peak=9322.8 MiB (incremental 8564.6 MiB)
[2026-09-18 22:51:22]   target 1796: realized linf = 0.03137 (8.00/255), budget = 8.00/255
[2026-09-18 22:52:14]   [t1796 v1/5] fail (pred=ship) CTA=0.8068
[2026-09-18 22:53:04]   [t1796 v2/5] fail (pred=airplane) CTA=0.8044
[2026-09-18 22:53:55]   [t1796 v3/5] fail (pred=airplane) CTA=0.7998
[2026-09-18 22:54:45]   [t1796 v4/5] fail (pred=airplane) CTA=0.8001
[2026-09-18 22:55:35]   [t1796 v5/5] fail (pred=airplane) CTA=0.8061
[2026-09-18 22:55:35]   target 1796, 5 victims on this gpu: ASR=0.0% CTA=0.8034 +/- 0.0030
[2026-09-18 22:55:35] === target 2548 (7/8) ===
[2026-09-18 22:55:36]   target 2548: selector overhead 0.476 s, CUDA peak 875.5 MiB (incremental 123.2 MiB)
[2026-09-18 23:04:11]   target 2548: crafted 500 poisons in 515 s, obj=0.24353, CUDA peak=9323.2 MiB (incremental 8564.9 MiB)
[2026-09-18 23:04:11]   target 2548: realized linf = 0.03137 (8.00/255), budget = 8.00/255
[2026-09-18 23:05:02]   [t2548 v1/5] SUCCESS (pred=frog) CTA=0.7934
[2026-09-18 23:05:52]   [t2548 v2/5] SUCCESS (pred=frog) CTA=0.7891
[2026-09-18 23:06:42]   [t2548 v3/5] SUCCESS (pred=frog) CTA=0.7890
[2026-09-18 23:07:32]   [t2548 v4/5] SUCCESS (pred=frog) CTA=0.8026
[2026-09-18 23:08:22]   [t2548 v5/5] fail (pred=airplane) CTA=0.8025
[2026-09-18 23:08:22]   target 2548, 5 victims on this gpu: ASR=80.0% CTA=0.7953 +/- 0.0061
[2026-09-18 23:08:22] === target 6437 (8/8) ===
[2026-09-18 23:08:23]   target 6437: selector overhead 0.461 s, CUDA peak 875.5 MiB (incremental 123.2 MiB)
[2026-09-18 23:17:00]   target 6437: crafted 500 poisons in 517 s, obj=0.28681, CUDA peak=9323.1 MiB (incremental 8564.9 MiB)
[2026-09-18 23:17:00]   target 6437: realized linf = 0.03137 (8.00/255), budget = 8.00/255
[2026-09-18 23:17:51]   [t6437 v1/5] fail (pred=deer) CTA=0.7952
[2026-09-18 23:18:41]   [t6437 v2/5] fail (pred=deer) CTA=0.7986
[2026-09-18 23:19:31]   [t6437 v3/5] fail (pred=airplane) CTA=0.8130
[2026-09-18 23:20:21]   [t6437 v4/5] fail (pred=deer) CTA=0.8144
[2026-09-18 23:21:11]   [t6437 v5/5] fail (pred=airplane) CTA=0.8047
[2026-09-18 23:21:11]   target 6437, 5 victims on this gpu: ASR=0.0% CTA=0.8052 +/- 0.0076
[2026-09-18 23:21:11]   selector resources: 8 target(s), 3.8 total target-seconds, max CUDA allocated 875.5 MiB (incremental 123.2 MiB)
[2026-09-18 23:21:11] ==== CIFAR10_ConvNetBN_gradmatch_ours_frog-airplane_b0.01_eps8_seed42_lam10_cosine_norm_selR_ce5_tgt35 : ASR = 12.5% +/- 26.3% | CTA = 0.8015 (baseline 0.8120) ====
[2026-09-18 23:21:11]   target-prediction tally ['airplane', 'automobile', 'bird', 'cat', 'deer', 'dog', 'frog', 'horse', 'ship', 'truck']: [25, 0, 0, 2, 6, 0, 5, 0, 2, 0]

sync: preserving outputs in /home/mmoslem3/scratch/PoisonBase
sync: complete
