job: 1001002 rcnp14_r20_sapa_db_b0005 on rack16-04
work: /tmp/attack_if
config: SOURCE_ROOT=/home/mmoslem3/scratch/PoisonBase PERSIST_DATA_ROOT=/home/mmoslem3/scratch/PoisonBase/data MODEL=ResNet20BN ATTACK=sapa CLASS_PAIR=dog-bird BUDGETS=0.005 SELECT=r BASE_DIST=cosine_norm NUM_TARGETS=8 NUM_VICTIMS=5 CRAFT_STEPS=250 sh sel_dpp.sh
protocol: attack=8 targets x 5 victims
gpu: NVIDIA L40S
=== component ablation: R | ResNet20BN / sapa / dog-bird | sharp worst sigma=0.05 ===
    targets: pinned from target_sets/ResNet20BN_gradmatch_dog-bird.json (same 10 the random-base run attacked)
    difficulty label tgt14   craft flags: none
    component ablation: R; needed raw components are averaged over surrogates, then standardized (batch=64)
    legacy score: z(distance) + 10.0*z(margin)
    budgets: 0.005

--- r | ResNet20BN / sapa / dog-bird | sharp worst sigma=0.05 | budget 0.005 ---
[2026-09-18 23:31:45] === run start: CIFAR10_ResNet20BN_sapa_ours_dog-bird_b0.005_eps8_seed42_lam10_cosine_norm_selR_worst0.05_ce5_tgt14 on cuda [0] ===
[2026-09-18 23:31:45] args: {"FORCE": false, "attack": "sapa", "base": "ours", "base_dist": "cosine_norm", "base_topr": null, "budget": 0.005, "cache_dir": "/tmp/attack_if/cache", "class_pair": "dog-bird", "clean_baseline": true, "craft_alpha": 0.0039216, "craft_aug": true, "craft_batch": 256, "craft_ensemble": 5, "craft_lowmem": false, "craft_schedule": false, "craft_steps": 250, "data_path": "/tmp/data", "dataset": "CIFAR10", "distance_margin_coef": null, "dsa_strategy": "color_crop_cutout_flip_scale_rotate", "epsilon": 0.0313725, "fast_gradmatch": false, "fc_mode": "sample", "fc_restarts": 1, "fus_alpha": 0.5, "fus_iters": 10, "fus_proxy_restarts": 0, "fus_proxy_steps": 0, "fus_search_decay": [40], "fus_search_epochs": 50, "gpus": "all", "jacobian_batch_size": 64, "jacobian_weight": 1.0, "keep_pinned_targets": false, "lambda_margin": 10.0, "model": "ResNet20BN", "no_resume": false, "num_poisons": 500, "num_surrogates": 20, "num_targets": 8, "num_victims": 5, "out_dir": "/tmp/attack_if/ours_result", "pair_order": "poison-target", "parallel_pretrain": true, "parallel_targets": true, "precompute_id": null, "precompute_only": false, "precompute_part": "both", "rank_on_victims": true, "recompute_deltas": false, "require_correct_target": false, "restarts": 8, "seed": 42, "sel_K": null, "sel_alpha": 1.0, "sel_component": "r", "sel_criterion": null, "sel_dpp": false, "sel_filter": false, "sel_metric_epoch": 10, "sel_mmr": false, "sel_mode": null, "sel_model": null, "sel_mu": 1.0, "sel_pca": false, "sel_pool": 3.0, "selector_metric_dir": null, "sharp_mode": "worst", "sharp_samples": 20, "sharp_sigma": 0.05, "steal_timeout": 7200.0, "surrogate_aug": false, "surrogate_bs": 128, "surrogate_decay": [35, 45], "surrogate_epochs": 60, "surrogate_lr": 0.1, "surrogate_wd": 0.0, "target_idx_file": "target_sets/ResNet20BN_gradmatch_dog-bird.json", "target_select": 14, "use_jacobian_score": false, "victim_aug": false, "victim_bs": 125, "victim_decay": [40], "victim_epochs": 50, "victim_lr": 0.1, "victim_model": null, "victim_wd": 0.0}
[2026-09-18 23:31:45] Jacobian score: disabled
[2026-09-18 23:31:45] R component selector: raw components averaged over surrogates, then each used component standardized across candidates; batch_size=64
[2026-09-18 23:31:45] N_total=50000 budget=0.005 -> N_p=250 poisons, y_adv=5(dog) target_class=2(bird)
[2026-09-18 23:31:45] === selection/crafting surrogates (20 x ResNet20BN, trained on the full real set) ===
[2026-09-18 23:31:45]   crafting on 5/20 surrogates
[2026-09-18 23:31:45] === clean victims (5 x ResNet20BN) ===
[2026-09-18 23:31:47]   clean baseline CTA = 0.8350 +/- 0.0046
[2026-09-18 23:31:47]   target pool 1000 -> eligible 976 (24 already predicted as y_adv or dropped)
[2026-09-18 23:31:47]   chosen 8 targets (file), p_adv range 0.0001..0.3835
[2026-09-18 23:31:47]   targets: [5118, 8740, 5324, 4630, 833, 2065, 7056, 9059]
[2026-09-18 23:31:47]   merged 10 rows left behind by an interrupted run
[2026-09-18 23:31:47]   resume: 10 (target, victim) trials already done
[2026-09-18 23:31:47] === target 5324 (1/6) ===
[2026-09-18 23:31:49]   target 5324: selector overhead 1.999 s, CUDA peak 819.4 MiB (incremental 78.7 MiB)
[2026-09-18 23:39:39]   target 5324: crafted 250 poisons in 471 s, obj=0.21293, CUDA peak=4675.9 MiB (incremental 3932.2 MiB)
[2026-09-18 23:39:39]   target 5324: realized linf = 0.03137 (8.00/255), budget = 8.00/255
[2026-09-18 23:41:16]   [t5324 v1/5] SUCCESS (pred=dog) CTA=0.8413
[2026-09-18 23:42:53]   [t5324 v2/5] SUCCESS (pred=dog) CTA=0.8370
[2026-09-18 23:44:29]   [t5324 v3/5] SUCCESS (pred=dog) CTA=0.8354
[2026-09-18 23:46:05]   [t5324 v4/5] SUCCESS (pred=dog) CTA=0.8359
[2026-09-18 23:47:41]   [t5324 v5/5] SUCCESS (pred=dog) CTA=0.8405
[2026-09-18 23:47:41]   target 5324, 5 victims on this gpu: ASR=100.0% CTA=0.8380 +/- 0.0024
[2026-09-18 23:47:41] === target 4630 (2/6) ===
[2026-09-18 23:47:43]   target 4630: selector overhead 1.855 s, CUDA peak 827.6 MiB (incremental 78.7 MiB)
[2026-09-18 23:55:33]   target 4630: crafted 250 poisons in 470 s, obj=0.17914, CUDA peak=4682.1 MiB (incremental 3930.3 MiB)
[2026-09-18 23:55:33]   target 4630: realized linf = 0.03137 (8.00/255), budget = 8.00/255
[2026-09-18 23:57:10]   [t4630 v1/5] SUCCESS (pred=dog) CTA=0.8311
[2026-09-18 23:58:46]   [t4630 v2/5] SUCCESS (pred=dog) CTA=0.8360
[2026-09-19 00:00:23]   [t4630 v3/5] SUCCESS (pred=dog) CTA=0.8412
[2026-09-19 00:01:59]   [t4630 v4/5] SUCCESS (pred=dog) CTA=0.8390
[2026-09-19 00:03:36]   [t4630 v5/5] fail (pred=bird) CTA=0.8290
[2026-09-19 00:03:36]   target 4630, 5 victims on this gpu: ASR=80.0% CTA=0.8353 +/- 0.0046
[2026-09-19 00:03:36] === target 833 (3/6) ===
[2026-09-19 00:03:37]   target 833: selector overhead 1.882 s, CUDA peak 827.6 MiB (incremental 78.7 MiB)
[2026-09-19 00:11:28]   target 833: crafted 250 poisons in 470 s, obj=0.19384, CUDA peak=4681.6 MiB (incremental 3929.9 MiB)
[2026-09-19 00:11:28]   target 833: realized linf = 0.03137 (8.00/255), budget = 8.00/255
[2026-09-19 00:13:05]   [t833 v1/5] fail (pred=horse) CTA=0.8402
[2026-09-19 00:14:41]   [t833 v2/5] SUCCESS (pred=dog) CTA=0.8371
[2026-09-19 00:16:17]   [t833 v3/5] SUCCESS (pred=dog) CTA=0.8382
[2026-09-19 00:17:53]   [t833 v4/5] SUCCESS (pred=dog) CTA=0.8417
[2026-09-19 00:19:30]   [t833 v5/5] SUCCESS (pred=dog) CTA=0.8369
[2026-09-19 00:19:30]   target 833, 5 victims on this gpu: ASR=80.0% CTA=0.8388 +/- 0.0019
[2026-09-19 00:19:30] === target 2065 (4/6) ===
[2026-09-19 00:19:31]   target 2065: selector overhead 1.801 s, CUDA peak 827.6 MiB (incremental 78.7 MiB)
[2026-09-19 00:27:22]   target 2065: crafted 250 poisons in 470 s, obj=0.18331, CUDA peak=4682.1 MiB (incremental 3930.3 MiB)
[2026-09-19 00:27:22]   target 2065: realized linf = 0.03137 (8.00/255), budget = 8.00/255
