job: 766601 redo_r20_fc_db_b002_gp_2restart on rack02-06
work: /tmp/attack_if
config: SOURCE_ROOT=/home/mmoslem3/scratch/PoisonBase PERSIST_DATA_ROOT=/home/mmoslem3/scratch/PoisonBase/data MODEL=ResNet20BN ATTACK=fc CLASS_PAIR=dog-bird BUDGETS=0.02 SELECT=ours USE_JACOBIAN_SCORE=1 JACOBIAN_WEIGHT=1.0 CRAFT_STEPS=1000 CRAFT_ALPHA=0.0039216 FC_RESTARTS=2 FORCE=1 NUM_TARGETS=8 NUM_VICTIMS=5 sh sel_dpp.sh
protocol: attack=8 targets x 5 victims
gpu: NVIDIA L40S
=== ours (plain greedy top-N_p by score) | ResNet20BN / fc / dog-bird ===
    targets: pinned from target_sets/ResNet20BN_fc_dog-bird.json (same 10 the random-base run attacked)
    difficulty label tgt10   craft flags: none
    Jacobian score enabled (weight=1.0, batch=64)
    budgets: 0.02

--- ours | ResNet20BN / fc / dog-bird | budget 0.02 ---
[2026-09-02 11:55:20] === run start: CIFAR10_ResNet20BN_fc_ours_dog-bird_b0.02_eps8_seed42_lam1_cosine_jacw1_ce5_tgt10 on cuda [0] ===
[2026-09-02 11:55:20] args: {"FORCE": true, "attack": "fc", "base": "ours", "base_dist": "cosine", "base_topr": null, "budget": 0.02, "cache_dir": "/tmp/attack_if/cache", "class_pair": "dog-bird", "clean_baseline": true, "craft_alpha": 0.0039216, "craft_aug": true, "craft_batch": 256, "craft_ensemble": 5, "craft_lowmem": false, "craft_schedule": false, "craft_steps": 1000, "data_path": "/tmp/data", "dataset": "CIFAR10", "dsa_strategy": "color_crop_cutout_flip_scale_rotate", "epsilon": 0.0313725, "fast_gradmatch": false, "fc_mode": "sample", "fc_restarts": 2, "gpus": "all", "jacobian_batch_size": 64, "jacobian_weight": 1.0, "lambda_margin": 1.0, "model": "ResNet20BN", "no_resume": true, "num_poisons": 500, "num_surrogates": 20, "num_targets": 8, "num_victims": 5, "out_dir": "/tmp/attack_if/ours_result", "pair_order": "poison-target", "parallel_pretrain": true, "parallel_targets": true, "precompute_id": null, "precompute_only": false, "precompute_part": "both", "rank_on_victims": true, "recompute_deltas": true, "require_correct_target": false, "restarts": 8, "seed": 42, "sel_K": null, "sel_alpha": 1.0, "sel_criterion": null, "sel_dpp": false, "sel_filter": false, "sel_mmr": false, "sel_mode": null, "sel_model": null, "sel_mu": 1.0, "sel_pca": false, "sel_pool": 3.0, "sharp_mode": "worst", "sharp_samples": 20, "sharp_sigma": 0.05, "steal_timeout": 7200.0, "surrogate_aug": false, "surrogate_bs": 128, "surrogate_decay": [35, 45], "surrogate_epochs": 60, "surrogate_lr": 0.1, "surrogate_wd": 0.0, "target_idx_file": "target_sets/ResNet20BN_fc_dog-bird.json", "target_select": 10, "use_jacobian_score": true, "victim_aug": false, "victim_bs": 125, "victim_decay": [40], "victim_epochs": 50, "victim_lr": 0.1, "victim_wd": 0.0}
[2026-09-02 11:55:20] Jacobian score: enabled, weight=1, batch_size=64
[2026-09-02 11:55:20] N_total=50000 budget=0.02 -> N_p=1000 poisons, y_adv=5(dog) target_class=2(bird)
[2026-09-02 11:55:20] === surrogates (20 x ResNet20BN, trained on the full real set) ===
[2026-09-02 11:55:20]   crafting on 5/20 surrogates
[2026-09-02 11:55:20] === clean victims (5 x ResNet20BN) ===
[2026-09-02 11:55:21]   clean baseline CTA = 0.8350 +/- 0.0046
[2026-09-02 11:55:21]   target pool 1000 -> eligible 976 (24 already predicted as y_adv or dropped)
[2026-09-02 11:55:21]   chosen 8 targets (file), p_adv range 0.0001..0.2213
[2026-09-02 11:55:21]   targets: [3495, 2903, 6697, 2315, 2312, 6353, 4421, 2242]
[2026-09-02 11:55:21] === target 3495 (1/8) ===
[2026-09-02 11:55:23]   Jacobian score exact backend: torch.func JVP
[2026-09-02 11:58:36]   target 3495: crafted 1000 poisons in 180 s, obj=0.01226
[2026-09-02 11:58:36]   target 3495: realized linf = 0.03137 (8.00/255), budget = 8.00/255
[2026-09-02 12:00:13]   [t3495 v1/5] SUCCESS (pred=dog) CTA=0.8386
[2026-09-02 12:01:49]   [t3495 v2/5] fail (pred=bird) CTA=0.8426
[2026-09-02 12:03:25]   [t3495 v3/5] fail (pred=cat) CTA=0.8400
[2026-09-02 12:05:00]   [t3495 v4/5] fail (pred=bird) CTA=0.8361
[2026-09-02 12:06:36]   [t3495 v5/5] SUCCESS (pred=dog) CTA=0.8428
[2026-09-02 12:06:36]   target 3495, 5 victims on this gpu: ASR=40.0% CTA=0.8400 +/- 0.0025
[2026-09-02 12:06:36] === target 2903 (2/8) ===
[2026-09-02 12:09:50]   target 2903: crafted 1000 poisons in 180 s, obj=0.01786
[2026-09-02 12:09:50]   target 2903: realized linf = 0.03137 (8.00/255), budget = 8.00/255
[2026-09-02 12:11:26]   [t2903 v1/5] fail (pred=bird) CTA=0.8416
[2026-09-02 12:13:02]   [t2903 v2/5] fail (pred=bird) CTA=0.8404
[2026-09-02 12:14:38]   [t2903 v3/5] fail (pred=bird) CTA=0.8405
[2026-09-02 12:16:14]   [t2903 v4/5] fail (pred=bird) CTA=0.8322
[2026-09-02 12:17:50]   [t2903 v5/5] fail (pred=bird) CTA=0.8377
[2026-09-02 12:17:50]   target 2903, 5 victims on this gpu: ASR=0.0% CTA=0.8385 +/- 0.0034
[2026-09-02 12:17:50] === target 6697 (3/8) ===
[2026-09-02 12:21:04]   target 6697: crafted 1000 poisons in 180 s, obj=0.01553
[2026-09-02 12:21:04]   target 6697: realized linf = 0.03137 (8.00/255), budget = 8.00/255
[2026-09-02 12:22:40]   [t6697 v1/5] SUCCESS (pred=dog) CTA=0.8388
[2026-09-02 12:24:16]   [t6697 v2/5] SUCCESS (pred=dog) CTA=0.8421
[2026-09-02 12:25:51]   [t6697 v3/5] SUCCESS (pred=dog) CTA=0.8311
[2026-09-02 12:27:27]   [t6697 v4/5] SUCCESS (pred=dog) CTA=0.8446
[2026-09-02 12:29:03]   [t6697 v5/5] SUCCESS (pred=dog) CTA=0.8348
[2026-09-02 12:29:03]   target 6697, 5 victims on this gpu: ASR=100.0% CTA=0.8383 +/- 0.0049
[2026-09-02 12:29:03] === target 2315 (4/8) ===
[2026-09-02 12:32:17]   target 2315: crafted 1000 poisons in 180 s, obj=0.01714
[2026-09-02 12:32:17]   target 2315: realized linf = 0.03137 (8.00/255), budget = 8.00/255
[2026-09-02 12:33:53]   [t2315 v1/5] fail (pred=bird) CTA=0.8306
[2026-09-02 12:35:29]   [t2315 v2/5] fail (pred=bird) CTA=0.8350
[2026-09-02 12:37:05]   [t2315 v3/5] fail (pred=bird) CTA=0.8349
[2026-09-02 12:38:41]   [t2315 v4/5] fail (pred=horse) CTA=0.8350
[2026-09-02 12:40:17]   [t2315 v5/5] fail (pred=bird) CTA=0.8413
[2026-09-02 12:40:17]   target 2315, 5 victims on this gpu: ASR=0.0% CTA=0.8354 +/- 0.0034
[2026-09-02 12:40:17] === target 2312 (5/8) ===
[2026-09-02 12:43:31]   target 2312: crafted 1000 poisons in 180 s, obj=0.01415
[2026-09-02 12:43:31]   target 2312: realized linf = 0.03137 (8.00/255), budget = 8.00/255
[2026-09-02 12:45:07]   [t2312 v1/5] fail (pred=bird) CTA=0.8425
[2026-09-02 12:46:43]   [t2312 v2/5] SUCCESS (pred=dog) CTA=0.8349
[2026-09-02 12:48:19]   [t2312 v3/5] SUCCESS (pred=dog) CTA=0.8280
[2026-09-02 12:49:54]   [t2312 v4/5] fail (pred=bird) CTA=0.8405
[2026-09-02 12:51:30]   [t2312 v5/5] fail (pred=bird) CTA=0.8358
[2026-09-02 12:51:30]   target 2312, 5 victims on this gpu: ASR=40.0% CTA=0.8363 +/- 0.0050
[2026-09-02 12:51:30] === target 6353 (6/8) ===
[2026-09-02 12:54:44]   target 6353: crafted 1000 poisons in 181 s, obj=0.01946
[2026-09-02 12:54:44]   target 6353: realized linf = 0.03137 (8.00/255), budget = 8.00/255
[2026-09-02 12:56:20]   [t6353 v1/5] fail (pred=bird) CTA=0.8375
[2026-09-02 12:57:56]   [t6353 v2/5] fail (pred=airplane) CTA=0.8373
[2026-09-02 12:59:32]   [t6353 v3/5] fail (pred=airplane) CTA=0.8332
[2026-09-02 13:01:08]   [t6353 v4/5] fail (pred=bird) CTA=0.8373
[2026-09-02 13:02:44]   [t6353 v5/5] fail (pred=bird) CTA=0.8411
[2026-09-02 13:02:44]   target 6353, 5 victims on this gpu: ASR=0.0% CTA=0.8373 +/- 0.0025
[2026-09-02 13:02:44] === target 4421 (7/8) ===
[2026-09-02 13:05:58]   target 4421: crafted 1000 poisons in 180 s, obj=0.01846
[2026-09-02 13:05:58]   target 4421: realized linf = 0.03137 (8.00/255), budget = 8.00/255
[2026-09-02 13:07:34]   [t4421 v1/5] fail (pred=bird) CTA=0.8450
[2026-09-02 13:09:10]   [t4421 v2/5] fail (pred=bird) CTA=0.8325
[2026-09-02 13:10:46]   [t4421 v3/5] fail (pred=bird) CTA=0.8342
[2026-09-02 13:12:22]   [t4421 v4/5] fail (pred=bird) CTA=0.8355
[2026-09-02 13:13:57]   [t4421 v5/5] fail (pred=cat) CTA=0.8374
[2026-09-02 13:13:57]   target 4421, 5 victims on this gpu: ASR=0.0% CTA=0.8369 +/- 0.0043
[2026-09-02 13:13:57] === target 2242 (8/8) ===
