job: 767083 redo_r20_fc_db_b004_gp_2restart-strong on rack10-04
work: /tmp/attack_if
config: SOURCE_ROOT=/home/mmoslem3/scratch/PoisonBase PERSIST_DATA_ROOT=/home/mmoslem3/scratch/PoisonBase/data MODEL=ResNet20BN ATTACK=fc CLASS_PAIR=dog-bird BUDGETS=0.04 SELECT=ours USE_JACOBIAN_SCORE=1 JACOBIAN_WEIGHT=1.0 CRAFT_STEPS=2500 CRAFT_ALPHA=0.0019608 FC_RESTARTS=1 FORCE=1 NUM_TARGETS=8 NUM_VICTIMS=5 sh sel_dpp.sh
protocol: attack=8 targets x 5 victims
gpu: NVIDIA L40S
=== ours (plain greedy top-N_p by score) | ResNet20BN / fc / dog-bird ===
    targets: pinned from target_sets/ResNet20BN_fc_dog-bird.json (same 10 the random-base run attacked)
    difficulty label tgt10   craft flags: none
    Jacobian score enabled (weight=1.0, batch=64)
    budgets: 0.04

--- ours | ResNet20BN / fc / dog-bird | budget 0.04 ---
[2026-09-02 12:50:26] === run start: CIFAR10_ResNet20BN_fc_ours_dog-bird_b0.04_eps8_seed42_lam1_cosine_jacw1_ce5_tgt10 on cuda [0] ===
[2026-09-02 12:50:26] args: {"FORCE": true, "attack": "fc", "base": "ours", "base_dist": "cosine", "base_topr": null, "budget": 0.04, "cache_dir": "/tmp/attack_if/cache", "class_pair": "dog-bird", "clean_baseline": true, "craft_alpha": 0.0019608, "craft_aug": true, "craft_batch": 256, "craft_ensemble": 5, "craft_lowmem": false, "craft_schedule": false, "craft_steps": 2500, "data_path": "/tmp/data", "dataset": "CIFAR10", "dsa_strategy": "color_crop_cutout_flip_scale_rotate", "epsilon": 0.0313725, "fast_gradmatch": false, "fc_mode": "sample", "fc_restarts": 1, "gpus": "all", "jacobian_batch_size": 64, "jacobian_weight": 1.0, "lambda_margin": 1.0, "model": "ResNet20BN", "no_resume": true, "num_poisons": 500, "num_surrogates": 20, "num_targets": 8, "num_victims": 5, "out_dir": "/tmp/attack_if/ours_result", "pair_order": "poison-target", "parallel_pretrain": true, "parallel_targets": true, "precompute_id": null, "precompute_only": false, "precompute_part": "both", "rank_on_victims": true, "recompute_deltas": true, "require_correct_target": false, "restarts": 8, "seed": 42, "sel_K": null, "sel_alpha": 1.0, "sel_criterion": null, "sel_dpp": false, "sel_filter": false, "sel_mmr": false, "sel_mode": null, "sel_model": null, "sel_mu": 1.0, "sel_pca": false, "sel_pool": 3.0, "sharp_mode": "worst", "sharp_samples": 20, "sharp_sigma": 0.05, "steal_timeout": 7200.0, "surrogate_aug": false, "surrogate_bs": 128, "surrogate_decay": [35, 45], "surrogate_epochs": 60, "surrogate_lr": 0.1, "surrogate_wd": 0.0, "target_idx_file": "target_sets/ResNet20BN_fc_dog-bird.json", "target_select": 10, "use_jacobian_score": true, "victim_aug": false, "victim_bs": 125, "victim_decay": [40], "victim_epochs": 50, "victim_lr": 0.1, "victim_wd": 0.0}
[2026-09-02 12:50:26] Jacobian score: enabled, weight=1, batch_size=64
[2026-09-02 12:50:26] N_total=50000 budget=0.04 -> N_p=2000 poisons, y_adv=5(dog) target_class=2(bird)
[2026-09-02 12:50:26] === surrogates (20 x ResNet20BN, trained on the full real set) ===
[2026-09-02 12:50:26]   crafting on 5/20 surrogates
[2026-09-02 12:50:26] === clean victims (5 x ResNet20BN) ===
[2026-09-02 12:50:27]   clean baseline CTA = 0.8350 +/- 0.0046
[2026-09-02 12:50:27]   target pool 1000 -> eligible 976 (24 already predicted as y_adv or dropped)
[2026-09-02 12:50:27]   chosen 8 targets (file), p_adv range 0.0001..0.2213
[2026-09-02 12:50:27]   targets: [3495, 2903, 6697, 2315, 2312, 6353, 4421, 2242]
[2026-09-02 12:50:27] === target 3495 (1/8) ===
[2026-09-02 12:50:28]   Jacobian score exact backend: torch.func JVP
[2026-09-02 12:59:41]   target 3495: crafted 2000 poisons in 539 s, obj=0.00563
[2026-09-02 12:59:41]   target 3495: realized linf = 0.03137 (8.00/255), budget = 8.00/255
[2026-09-02 13:01:17]   [t3495 v1/5] SUCCESS (pred=dog) CTA=0.8299
[2026-09-02 13:02:53]   [t3495 v2/5] SUCCESS (pred=dog) CTA=0.8368
[2026-09-02 13:04:29]   [t3495 v3/5] SUCCESS (pred=dog) CTA=0.8350
[2026-09-02 13:06:04]   [t3495 v4/5] SUCCESS (pred=dog) CTA=0.8403
[2026-09-02 13:07:40]   [t3495 v5/5] SUCCESS (pred=dog) CTA=0.8338
[2026-09-02 13:07:40]   target 3495, 5 victims on this gpu: ASR=100.0% CTA=0.8352 +/- 0.0034
[2026-09-02 13:07:40] === target 2903 (2/8) ===
[2026-09-02 13:16:53]   target 2903: crafted 2000 poisons in 539 s, obj=0.01074
[2026-09-02 13:16:53]   target 2903: realized linf = 0.03137 (8.00/255), budget = 8.00/255
