job: 766602 redo_r20_fc_db_b004_gp_2restart on rack06-08
work: /tmp/attack_if
config: SOURCE_ROOT=/home/mmoslem3/scratch/PoisonBase PERSIST_DATA_ROOT=/home/mmoslem3/scratch/PoisonBase/data MODEL=ResNet20BN ATTACK=fc CLASS_PAIR=dog-bird BUDGETS=0.04 SELECT=ours USE_JACOBIAN_SCORE=1 JACOBIAN_WEIGHT=1.0 CRAFT_STEPS=1000 CRAFT_ALPHA=0.0039216 FC_RESTARTS=2 FORCE=1 NUM_TARGETS=8 NUM_VICTIMS=5 sh sel_dpp.sh
protocol: attack=8 targets x 5 victims
gpu: NVIDIA L40S
=== ours (plain greedy top-N_p by score) | ResNet20BN / fc / dog-bird ===
    targets: pinned from target_sets/ResNet20BN_fc_dog-bird.json (same 10 the random-base run attacked)
    difficulty label tgt10   craft flags: none
    Jacobian score enabled (weight=1.0, batch=64)
    budgets: 0.04

--- ours | ResNet20BN / fc / dog-bird | budget 0.04 ---
[2026-09-02 11:55:24] === run start: CIFAR10_ResNet20BN_fc_ours_dog-bird_b0.04_eps8_seed42_lam1_cosine_jacw1_ce5_tgt10 on cuda [0] ===
[2026-09-02 11:55:24] args: {"FORCE": true, "attack": "fc", "base": "ours", "base_dist": "cosine", "base_topr": null, "budget": 0.04, "cache_dir": "/tmp/attack_if/cache", "class_pair": "dog-bird", "clean_baseline": true, "craft_alpha": 0.0039216, "craft_aug": true, "craft_batch": 256, "craft_ensemble": 5, "craft_lowmem": false, "craft_schedule": false, "craft_steps": 1000, "data_path": "/tmp/data", "dataset": "CIFAR10", "dsa_strategy": "color_crop_cutout_flip_scale_rotate", "epsilon": 0.0313725, "fast_gradmatch": false, "fc_mode": "sample", "fc_restarts": 2, "gpus": "all", "jacobian_batch_size": 64, "jacobian_weight": 1.0, "lambda_margin": 1.0, "model": "ResNet20BN", "no_resume": true, "num_poisons": 500, "num_surrogates": 20, "num_targets": 8, "num_victims": 5, "out_dir": "/tmp/attack_if/ours_result", "pair_order": "poison-target", "parallel_pretrain": true, "parallel_targets": true, "precompute_id": null, "precompute_only": false, "precompute_part": "both", "rank_on_victims": true, "recompute_deltas": true, "require_correct_target": false, "restarts": 8, "seed": 42, "sel_K": null, "sel_alpha": 1.0, "sel_criterion": null, "sel_dpp": false, "sel_filter": false, "sel_mmr": false, "sel_mode": null, "sel_model": null, "sel_mu": 1.0, "sel_pca": false, "sel_pool": 3.0, "sharp_mode": "worst", "sharp_samples": 20, "sharp_sigma": 0.05, "steal_timeout": 7200.0, "surrogate_aug": false, "surrogate_bs": 128, "surrogate_decay": [35, 45], "surrogate_epochs": 60, "surrogate_lr": 0.1, "surrogate_wd": 0.0, "target_idx_file": "target_sets/ResNet20BN_fc_dog-bird.json", "target_select": 10, "use_jacobian_score": true, "victim_aug": false, "victim_bs": 125, "victim_decay": [40], "victim_epochs": 50, "victim_lr": 0.1, "victim_wd": 0.0}
[2026-09-02 11:55:24] Jacobian score: enabled, weight=1, batch_size=64
[2026-09-02 11:55:24] N_total=50000 budget=0.04 -> N_p=2000 poisons, y_adv=5(dog) target_class=2(bird)
[2026-09-02 11:55:24] === surrogates (20 x ResNet20BN, trained on the full real set) ===
[2026-09-02 11:55:25]   crafting on 5/20 surrogates
[2026-09-02 11:55:25] === clean victims (5 x ResNet20BN) ===
[2026-09-02 11:55:26]   clean baseline CTA = 0.8350 +/- 0.0046
[2026-09-02 11:55:26]   target pool 1000 -> eligible 976 (24 already predicted as y_adv or dropped)
[2026-09-02 11:55:26]   chosen 8 targets (file), p_adv range 0.0001..0.2213
[2026-09-02 11:55:26]   targets: [3495, 2903, 6697, 2315, 2312, 6353, 4421, 2242]
[2026-09-02 11:55:26] === target 3495 (1/8) ===
[2026-09-02 11:55:27]   Jacobian score exact backend: torch.func JVP
[2026-09-02 12:02:50]   target 3495: crafted 2000 poisons in 430 s, obj=0.01236
[2026-09-02 12:02:50]   target 3495: realized linf = 0.03137 (8.00/255), budget = 8.00/255
[2026-09-02 12:04:27]   [t3495 v1/5] fail (pred=horse) CTA=0.8360
[2026-09-02 12:06:03]   [t3495 v2/5] SUCCESS (pred=dog) CTA=0.8364
[2026-09-02 12:07:39]   [t3495 v3/5] SUCCESS (pred=dog) CTA=0.8354
[2026-09-02 12:09:16]   [t3495 v4/5] SUCCESS (pred=dog) CTA=0.8359
[2026-09-02 12:10:52]   [t3495 v5/5] fail (pred=horse) CTA=0.8364
[2026-09-02 12:10:52]   target 3495, 5 victims on this gpu: ASR=60.0% CTA=0.8360 +/- 0.0004
[2026-09-02 12:10:52] === target 2903 (2/8) ===
[2026-09-02 12:18:14]   target 2903: crafted 2000 poisons in 429 s, obj=0.01841
[2026-09-02 12:18:14]   target 2903: realized linf = 0.03137 (8.00/255), budget = 8.00/255
[2026-09-02 12:19:50]   [t2903 v1/5] fail (pred=bird) CTA=0.8342
[2026-09-02 12:21:27]   [t2903 v2/5] fail (pred=bird) CTA=0.8356
[2026-09-02 12:23:03]   [t2903 v3/5] fail (pred=bird) CTA=0.8311
[2026-09-02 12:24:39]   [t2903 v4/5] fail (pred=bird) CTA=0.8317
[2026-09-02 12:26:16]   [t2903 v5/5] fail (pred=bird) CTA=0.8393
[2026-09-02 12:26:16]   target 2903, 5 victims on this gpu: ASR=0.0% CTA=0.8344 +/- 0.0030
[2026-09-02 12:26:16] === target 6697 (3/8) ===
[2026-09-02 12:33:38]   target 6697: crafted 2000 poisons in 429 s, obj=0.01582
[2026-09-02 12:33:38]   target 6697: realized linf = 0.03137 (8.00/255), budget = 8.00/255
[2026-09-02 12:35:14]   [t6697 v1/5] SUCCESS (pred=dog) CTA=0.8337
[2026-09-02 12:36:51]   [t6697 v2/5] fail (pred=horse) CTA=0.8380
[2026-09-02 12:38:27]   [t6697 v3/5] fail (pred=horse) CTA=0.8364
[2026-09-02 12:40:04]   [t6697 v4/5] SUCCESS (pred=dog) CTA=0.8383
[2026-09-02 12:41:40]   [t6697 v5/5] fail (pred=horse) CTA=0.8351
[2026-09-02 12:41:40]   target 6697, 5 victims on this gpu: ASR=40.0% CTA=0.8363 +/- 0.0017
[2026-09-02 12:41:40] === target 2315 (4/8) ===
[2026-09-02 12:49:03]   target 2315: crafted 2000 poisons in 430 s, obj=0.01769
[2026-09-02 12:49:03]   target 2315: realized linf = 0.03137 (8.00/255), budget = 8.00/255
[2026-09-02 12:50:39]   [t2315 v1/5] fail (pred=horse) CTA=0.8421
[2026-09-02 12:52:16]   [t2315 v2/5] fail (pred=bird) CTA=0.8379
[2026-09-02 12:53:52]   [t2315 v3/5] fail (pred=bird) CTA=0.8327
[2026-09-02 12:55:28]   [t2315 v4/5] fail (pred=bird) CTA=0.8310
[2026-09-02 12:57:05]   [t2315 v5/5] fail (pred=bird) CTA=0.8367
[2026-09-02 12:57:05]   target 2315, 5 victims on this gpu: ASR=0.0% CTA=0.8361 +/- 0.0039
[2026-09-02 12:57:05] === target 2312 (5/8) ===
[2026-09-02 13:04:28]   target 2312: crafted 2000 poisons in 430 s, obj=0.01466
[2026-09-02 13:04:28]   target 2312: realized linf = 0.03137 (8.00/255), budget = 8.00/255
[2026-09-02 13:06:04]   [t2312 v1/5] fail (pred=bird) CTA=0.8312
[2026-09-02 13:07:40]   [t2312 v2/5] fail (pred=bird) CTA=0.8268
[2026-09-02 13:09:16]   [t2312 v3/5] fail (pred=bird) CTA=0.8372
[2026-09-02 13:10:53]   [t2312 v4/5] fail (pred=bird) CTA=0.8360
[2026-09-02 13:12:29]   [t2312 v5/5] fail (pred=bird) CTA=0.8367
[2026-09-02 13:12:29]   target 2312, 5 victims on this gpu: ASR=0.0% CTA=0.8336 +/- 0.0040
[2026-09-02 13:12:29] === target 6353 (6/8) ===
