NVIDIA L40S
[2026-09-22T00:07:00.750] error: couldn't chdir to `/tmp/PoisonBase_score_022': No such file or directory: going to /tmp instead
One experiment: {"id": "022", "attack": "gradmatch", "budget": "0.005", "selector": "classifier-norm"}
[2026-09-21 18:07:17] === run start: CIFAR10_ConvNetBN_gradmatch_ours_dog-bird_b0.005_eps8_seed42_lam1_cosine_selClassifierNorm_ce5_tgt70 on cuda [0] ===
[2026-09-21 18:07:17] args: {"FORCE": false, "attack": "gradmatch", "base": "ours", "base_dist": "cosine", "base_topr": null, "budget": 0.005, "cache_dir": "/tmp/PoisonBase_score_022/cache", "class_pair": "dog-bird", "clean_baseline": true, "craft_alpha": 0.0039216, "craft_aug": true, "craft_batch": 256, "craft_ensemble": 5, "craft_lowmem": false, "craft_schedule": false, "craft_steps": 250, "data_path": "/tmp/PoisonBase_score_022/data", "dataset": "CIFAR10", "distance_margin_coef": null, "dsa_strategy": "color_crop_cutout_flip_scale_rotate", "epsilon": 0.0313725, "fast_gradmatch": false, "fc_mode": "sample", "fc_restarts": 1, "fus_alpha": 0.5, "fus_iters": 10, "fus_proxy_restarts": 0, "fus_proxy_steps": 0, "fus_search_decay": [40], "fus_search_epochs": 50, "gpus": "all", "jacobian_batch_size": 64, "jacobian_weight": 1.0, "keep_pinned_targets": true, "lambda_margin": 1.0, "model": "ConvNetBN", "no_resume": false, "num_poisons": 500, "num_surrogates": 20, "num_targets": 8, "num_victims": 6, "out_dir": "/tmp/PoisonBase_score_022/results", "pair_order": "poison-target", "parallel_pretrain": true, "parallel_targets": true, "precompute_id": null, "precompute_only": false, "precompute_part": "both", "rank_on_victims": true, "recompute_deltas": false, "require_correct_target": false, "restarts": 8, "seed": 42, "sel_K": null, "sel_alpha": 1.0, "sel_component": "classifier-norm", "sel_criterion": null, "sel_dpp": false, "sel_filter": false, "sel_metric_epoch": 10, "sel_mmr": false, "sel_mode": null, "sel_model": null, "sel_mu": 1.0, "sel_pca": false, "sel_pool": 3.0, "selector_metric_dir": null, "sharp_mode": "worst", "sharp_samples": 20, "sharp_sigma": 0.05, "steal_timeout": 7200.0, "surrogate_aug": false, "surrogate_bs": 128, "surrogate_decay": [35, 45], "surrogate_epochs": 60, "surrogate_lr": 0.1, "surrogate_wd": 0.0, "target_idx_file": "/tmp/PoisonBase_score_022/targets.json", "target_select": 70, "use_jacobian_score": false, "victim_aug": false, "victim_bs": 125, "victim_decay": [40], "victim_epochs": 50, "victim_lr": 0.1, "victim_model": null, "victim_wd": 0.0}
[2026-09-21 18:07:17] Jacobian score: disabled
[2026-09-21 18:07:17] (r_i^T r_t)*cos(h_i,h_t) component selector: alignment/similarity terms standardized per surrogate; standalone margin/confidence averaged raw; batch_size=64
[2026-09-21 18:07:17] N_total=50000 budget=0.005 -> N_p=250 poisons, y_adv=5(dog) target_class=2(bird)
[2026-09-21 18:07:17] === selection/crafting surrogates (20 x ConvNetBN, trained on the full real set) ===
[2026-09-21 18:07:17]   crafting on 5/20 surrogates
[2026-09-21 18:07:17] === clean victims (6 x ConvNetBN) ===
[2026-09-21 18:07:18]   clean baseline CTA = 0.8127 +/- 0.0074
[2026-09-21 18:07:18]   chosen 8 targets (file, fixed across victim architectures), p_adv range 0.0000..0.0000
[2026-09-21 18:07:18]   targets: [843, 1257, 8252, 8730, 8055, 5859, 8954, 821]
[2026-09-21 18:07:18] === target 843 (1/8) ===
[2026-09-21 18:07:19]   target 843: selector overhead 1.148 s, CUDA peak 868.7 MiB (incremental 123.2 MiB)
[2026-09-21 18:11:20]   target 843: crafted 250 poisons in 241 s, obj=0.28228, CUDA peak=5067.6 MiB (incremental 4319.2 MiB)
[2026-09-21 18:11:20]   target 843: realized linf = 0.03137 (8.00/255), budget = 8.00/255
[2026-09-21 18:12:11]   [t843 v1/6] SUCCESS (pred=dog) CTA=0.8115
[2026-09-21 18:13:01]   [t843 v2/6] SUCCESS (pred=dog) CTA=0.8078
[2026-09-21 18:13:51]   [t843 v3/6] SUCCESS (pred=dog) CTA=0.8097
[2026-09-21 18:14:41]   [t843 v4/6] fail (pred=bird) CTA=0.8092
[2026-09-21 18:15:31]   [t843 v5/6] fail (pred=bird) CTA=0.8025
[2026-09-21 18:16:21]   [t843 v6/6] SUCCESS (pred=dog) CTA=0.7871
[2026-09-21 18:16:21]   target 843, 6 victims on this gpu: ASR=66.7% CTA=0.8046 +/- 0.0083
[2026-09-21 18:16:21] === target 1257 (2/8) ===
[2026-09-21 18:16:21]   target 1257: selector overhead 0.916 s, CUDA peak 876.8 MiB (incremental 123.2 MiB)
[2026-09-21 18:20:21]   target 1257: crafted 250 poisons in 239 s, obj=0.24941, CUDA peak=5072.5 MiB (incremental 4316.0 MiB)
[2026-09-21 18:20:21]   target 1257: realized linf = 0.03137 (8.00/255), budget = 8.00/255
[2026-09-21 18:21:12]   [t1257 v1/6] SUCCESS (pred=dog) CTA=0.8026
[2026-09-21 18:22:02]   [t1257 v2/6] fail (pred=bird) CTA=0.8103
[2026-09-21 18:22:52]   [t1257 v3/6] SUCCESS (pred=dog) CTA=0.8172
[2026-09-21 18:23:41]   [t1257 v4/6] SUCCESS (pred=dog) CTA=0.8046
[2026-09-21 18:24:31]   [t1257 v5/6] SUCCESS (pred=dog) CTA=0.8062
[2026-09-21 18:25:21]   [t1257 v6/6] SUCCESS (pred=dog) CTA=0.7950
[2026-09-21 18:25:21]   target 1257, 6 victims on this gpu: ASR=83.3% CTA=0.8060 +/- 0.0068
[2026-09-21 18:25:21] === target 8252 (3/8) ===
[2026-09-21 18:25:22]   target 8252: selector overhead 0.913 s, CUDA peak 876.8 MiB (incremental 123.2 MiB)
[2026-09-21 18:29:22]   target 8252: crafted 250 poisons in 239 s, obj=0.21483, CUDA peak=5071.9 MiB (incremental 4315.4 MiB)
[2026-09-21 18:29:22]   target 8252: realized linf = 0.03137 (8.00/255), budget = 8.00/255
[2026-09-21 18:30:13]   [t8252 v1/6] SUCCESS (pred=dog) CTA=0.8018
[2026-09-21 18:31:03]   [t8252 v2/6] SUCCESS (pred=dog) CTA=0.8142
[2026-09-21 18:31:53]   [t8252 v3/6] SUCCESS (pred=dog) CTA=0.8016
[2026-09-21 18:32:43]   [t8252 v4/6] SUCCESS (pred=dog) CTA=0.8010
[2026-09-21 18:33:33]   [t8252 v5/6] SUCCESS (pred=dog) CTA=0.7957
[2026-09-21 18:34:23]   [t8252 v6/6] SUCCESS (pred=dog) CTA=0.8111
[2026-09-21 18:34:23]   target 8252, 6 victims on this gpu: ASR=100.0% CTA=0.8042 +/- 0.0064
[2026-09-21 18:34:23] === target 8730 (4/8) ===
[2026-09-21 18:34:23]   target 8730: selector overhead 0.919 s, CUDA peak 876.8 MiB (incremental 123.2 MiB)
[2026-09-21 18:38:23]   target 8730: crafted 250 poisons in 239 s, obj=0.24096, CUDA peak=5071.9 MiB (incremental 4315.4 MiB)
[2026-09-21 18:38:23]   target 8730: realized linf = 0.03137 (8.00/255), budget = 8.00/255
[2026-09-21 18:39:14]   [t8730 v1/6] fail (pred=bird) CTA=0.8038
[2026-09-21 18:40:04]   [t8730 v2/6] SUCCESS (pred=dog) CTA=0.8111
[2026-09-21 18:40:54]   [t8730 v3/6] fail (pred=bird) CTA=0.8162
[2026-09-21 18:41:44]   [t8730 v4/6] fail (pred=bird) CTA=0.8038
[2026-09-21 18:42:34]   [t8730 v5/6] SUCCESS (pred=dog) CTA=0.7967
[2026-09-21 18:43:24]   [t8730 v6/6] fail (pred=bird) CTA=0.8089
[2026-09-21 18:43:24]   target 8730, 6 victims on this gpu: ASR=33.3% CTA=0.8067 +/- 0.0062
[2026-09-21 18:43:24] === target 8055 (5/8) ===
[2026-09-21 18:43:25]   target 8055: selector overhead 0.921 s, CUDA peak 876.8 MiB (incremental 123.2 MiB)
[2026-09-21 18:47:24]   target 8055: crafted 250 poisons in 239 s, obj=0.27287, CUDA peak=5071.9 MiB (incremental 4315.4 MiB)
[2026-09-21 18:47:24]   target 8055: realized linf = 0.03137 (8.00/255), budget = 8.00/255
[2026-09-21 18:48:15]   [t8055 v1/6] fail (pred=bird) CTA=0.8081
[2026-09-21 18:49:05]   [t8055 v2/6] fail (pred=bird) CTA=0.8008
[2026-09-21 18:49:55]   [t8055 v3/6] SUCCESS (pred=dog) CTA=0.8112
[2026-09-21 18:50:45]   [t8055 v4/6] fail (pred=bird) CTA=0.7973
[2026-09-21 18:51:35]   [t8055 v5/6] SUCCESS (pred=dog) CTA=0.8165
[2026-09-21 18:52:25]   [t8055 v6/6] SUCCESS (pred=dog) CTA=0.8060
[2026-09-21 18:52:25]   target 8055, 6 victims on this gpu: ASR=50.0% CTA=0.8066 +/- 0.0063
[2026-09-21 18:52:25] === target 5859 (6/8) ===
[2026-09-21 18:52:26]   target 5859: selector overhead 0.917 s, CUDA peak 876.8 MiB (incremental 123.2 MiB)
[2026-09-21 18:56:25]   target 5859: crafted 250 poisons in 239 s, obj=0.23333, CUDA peak=5070.2 MiB (incremental 4313.7 MiB)
[2026-09-21 18:56:25]   target 5859: realized linf = 0.03137 (8.00/255), budget = 8.00/255
[2026-09-21 18:57:16]   [t5859 v1/6] SUCCESS (pred=dog) CTA=0.8080
[2026-09-21 18:58:06]   [t5859 v2/6] SUCCESS (pred=dog) CTA=0.8007
[2026-09-21 18:58:56]   [t5859 v3/6] SUCCESS (pred=dog) CTA=0.8022
[2026-09-21 18:59:46]   [t5859 v4/6] SUCCESS (pred=dog) CTA=0.8032
[2026-09-21 19:00:36]   [t5859 v5/6] SUCCESS (pred=dog) CTA=0.8021
[2026-09-21 19:01:26]   [t5859 v6/6] fail (pred=bird) CTA=0.8008
[2026-09-21 19:01:26]   target 5859, 6 victims on this gpu: ASR=83.3% CTA=0.8028 +/- 0.0025
[2026-09-21 19:01:26] === target 8954 (7/8) ===
[2026-09-21 19:01:27]   target 8954: selector overhead 0.909 s, CUDA peak 876.8 MiB (incremental 123.2 MiB)
[2026-09-21 19:05:26]   target 8954: crafted 250 poisons in 239 s, obj=0.21037, CUDA peak=5070.2 MiB (incremental 4313.7 MiB)
[2026-09-21 19:05:26]   target 8954: realized linf = 0.03137 (8.00/255), budget = 8.00/255
[2026-09-21 19:06:17]   [t8954 v1/6] SUCCESS (pred=dog) CTA=0.8014
[2026-09-21 19:07:07]   [t8954 v2/6] SUCCESS (pred=dog) CTA=0.8107
[2026-09-21 19:07:57]   [t8954 v3/6] SUCCESS (pred=dog) CTA=0.8082
[2026-09-21 19:08:47]   [t8954 v4/6] SUCCESS (pred=dog) CTA=0.8034
[2026-09-21 19:09:36]   [t8954 v5/6] SUCCESS (pred=dog) CTA=0.8053
[2026-09-21 19:10:26]   [t8954 v6/6] SUCCESS (pred=dog) CTA=0.8046
[2026-09-21 19:10:26]   target 8954, 6 victims on this gpu: ASR=100.0% CTA=0.8056 +/- 0.0031
[2026-09-21 19:10:26] === target 821 (8/8) ===
[2026-09-21 19:10:27]   target 821: selector overhead 0.894 s, CUDA peak 876.8 MiB (incremental 123.2 MiB)
[2026-09-21 19:14:26]   target 821: crafted 250 poisons in 239 s, obj=0.29302, CUDA peak=5070.3 MiB (incremental 4313.8 MiB)
[2026-09-21 19:14:26]   target 821: realized linf = 0.03137 (8.00/255), budget = 8.00/255
[2026-09-21 19:15:17]   [t821 v1/6] SUCCESS (pred=dog) CTA=0.8125
[2026-09-21 19:16:07]   [t821 v2/6] SUCCESS (pred=dog) CTA=0.8141
[2026-09-21 19:16:57]   [t821 v3/6] fail (pred=horse) CTA=0.8046
[2026-09-21 19:17:47]   [t821 v4/6] SUCCESS (pred=dog) CTA=0.8113
[2026-09-21 19:18:37]   [t821 v5/6] SUCCESS (pred=dog) CTA=0.8058
[2026-09-21 19:19:27]   [t821 v6/6] SUCCESS (pred=dog) CTA=0.8075
[2026-09-21 19:19:27]   target 821, 6 victims on this gpu: ASR=83.3% CTA=0.8093 +/- 0.0035
[2026-09-21 19:19:27]   selector resources: 8 target(s), 7.5 total target-seconds, max CUDA allocated 876.8 MiB (incremental 123.2 MiB)
[2026-09-21 19:19:27] ==== CIFAR10_ConvNetBN_gradmatch_ours_dog-bird_b0.005_eps8_seed42_lam1_cosine_selClassifierNorm_ce5_tgt70 : ASR = 75.0% +/- 22.0% | CTA = 0.8057 (baseline 0.8127) ====
[2026-09-21 19:19:27]   target-prediction tally ['airplane', 'automobile', 'bird', 'cat', 'deer', 'dog', 'frog', 'horse', 'ship', 'truck']: [0, 0, 11, 0, 0, 36, 0, 1, 0, 0]
Verified 8 pinned targets x 6 victims = 48 unique evaluations.
