NVIDIA L40S
[2026-09-21T23:57:26.580] error: couldn't chdir to `/tmp/PoisonBase_score_007': No such file or directory: going to /tmp instead
One experiment: {"id": "007", "attack": "fc", "budget": "0.002", "selector": "classifier-norm"}
[2026-09-21 17:57:42] === run start: CIFAR10_ConvNetBN_fc_ours_dog-bird_b0.002_eps8_seed42_lam1_cosine_selClassifierNorm_ce5_tgt50 on cuda [0] ===
[2026-09-21 17:57:42] args: {"FORCE": false, "attack": "fc", "base": "ours", "base_dist": "cosine", "base_topr": null, "budget": 0.002, "cache_dir": "/tmp/PoisonBase_score_007/cache", "class_pair": "dog-bird", "clean_baseline": true, "craft_alpha": 0.0039216, "craft_aug": true, "craft_batch": 256, "craft_ensemble": 5, "craft_lowmem": false, "craft_schedule": false, "craft_steps": 250, "data_path": "/tmp/PoisonBase_score_007/data", "dataset": "CIFAR10", "distance_margin_coef": null, "dsa_strategy": "color_crop_cutout_flip_scale_rotate", "epsilon": 0.0313725, "fast_gradmatch": false, "fc_mode": "sample", "fc_restarts": 1, "fus_alpha": 0.5, "fus_iters": 10, "fus_proxy_restarts": 0, "fus_proxy_steps": 0, "fus_search_decay": [40], "fus_search_epochs": 50, "gpus": "all", "jacobian_batch_size": 64, "jacobian_weight": 1.0, "keep_pinned_targets": true, "lambda_margin": 1.0, "model": "ConvNetBN", "no_resume": false, "num_poisons": 500, "num_surrogates": 20, "num_targets": 8, "num_victims": 6, "out_dir": "/tmp/PoisonBase_score_007/results", "pair_order": "poison-target", "parallel_pretrain": true, "parallel_targets": true, "precompute_id": null, "precompute_only": false, "precompute_part": "both", "rank_on_victims": true, "recompute_deltas": false, "require_correct_target": false, "restarts": 8, "seed": 42, "sel_K": null, "sel_alpha": 1.0, "sel_component": "classifier-norm", "sel_criterion": null, "sel_dpp": false, "sel_filter": false, "sel_metric_epoch": 10, "sel_mmr": false, "sel_mode": null, "sel_model": null, "sel_mu": 1.0, "sel_pca": false, "sel_pool": 3.0, "selector_metric_dir": null, "sharp_mode": "worst", "sharp_samples": 20, "sharp_sigma": 0.05, "steal_timeout": 7200.0, "surrogate_aug": false, "surrogate_bs": 128, "surrogate_decay": [35, 45], "surrogate_epochs": 60, "surrogate_lr": 0.1, "surrogate_wd": 0.0, "target_idx_file": "/tmp/PoisonBase_score_007/targets.json", "target_select": 50, "use_jacobian_score": false, "victim_aug": false, "victim_bs": 125, "victim_decay": [40], "victim_epochs": 50, "victim_lr": 0.1, "victim_model": null, "victim_wd": 0.0}
[2026-09-21 17:57:42] Jacobian score: disabled
[2026-09-21 17:57:42] (r_i^T r_t)*cos(h_i,h_t) component selector: alignment/similarity terms standardized per surrogate; standalone margin/confidence averaged raw; batch_size=64
[2026-09-21 17:57:42] N_total=50000 budget=0.002 -> N_p=100 poisons, y_adv=5(dog) target_class=2(bird)
[2026-09-21 17:57:42] === selection/crafting surrogates (20 x ConvNetBN, trained on the full real set) ===
[2026-09-21 17:57:43]   crafting on 5/20 surrogates
[2026-09-21 17:57:43] === clean victims (6 x ConvNetBN) ===
[2026-09-21 17:57:43]   clean baseline CTA = 0.8127 +/- 0.0074
[2026-09-21 17:57:43]   chosen 8 targets (file, fixed across victim architectures), p_adv range 0.0000..0.0069
[2026-09-21 17:57:43]   targets: [2540, 8129, 3725, 5705, 7663, 3875, 5169, 6335]
[2026-09-21 17:57:43] === target 2540 (1/8) ===
[2026-09-21 17:57:44]   target 2540: selector overhead 1.005 s, CUDA peak 868.7 MiB (incremental 123.2 MiB)
[2026-09-21 17:57:46]   target 2540: crafted 100 poisons in 2 s, obj=0.14442, CUDA peak=1547.0 MiB (incremental 800.4 MiB)
[2026-09-21 17:57:46]   target 2540: realized linf = 0.03137 (8.00/255), budget = 8.00/255
[2026-09-21 17:58:36]   [t2540 v1/6] SUCCESS (pred=dog) CTA=0.8056
[2026-09-21 17:59:26]   [t2540 v2/6] fail (pred=bird) CTA=0.7699
[2026-09-21 18:00:16]   [t2540 v3/6] SUCCESS (pred=dog) CTA=0.8105
[2026-09-21 18:01:06]   [t2540 v4/6] SUCCESS (pred=dog) CTA=0.8053
[2026-09-21 18:01:56]   [t2540 v5/6] SUCCESS (pred=dog) CTA=0.7990
[2026-09-21 18:02:46]   [t2540 v6/6] SUCCESS (pred=dog) CTA=0.8087
[2026-09-21 18:02:46]   target 2540, 6 victims on this gpu: ASR=83.3% CTA=0.7998 +/- 0.0139
[2026-09-21 18:02:46] === target 8129 (2/8) ===
[2026-09-21 18:02:47]   target 8129: selector overhead 0.918 s, CUDA peak 876.8 MiB (incremental 123.2 MiB)
[2026-09-21 18:02:49]   target 8129: crafted 100 poisons in 2 s, obj=0.10816, CUDA peak=1555.9 MiB (incremental 801.2 MiB)
[2026-09-21 18:02:49]   target 8129: realized linf = 0.03137 (8.00/255), budget = 8.00/255
[2026-09-21 18:03:40]   [t8129 v1/6] SUCCESS (pred=dog) CTA=0.7971
[2026-09-21 18:04:30]   [t8129 v2/6] SUCCESS (pred=dog) CTA=0.8039
[2026-09-21 18:05:21]   [t8129 v3/6] SUCCESS (pred=dog) CTA=0.7981
[2026-09-21 18:06:11]   [t8129 v4/6] fail (pred=bird) CTA=0.8047
[2026-09-21 18:07:01]   [t8129 v5/6] fail (pred=bird) CTA=0.7961
[2026-09-21 18:07:51]   [t8129 v6/6] SUCCESS (pred=dog) CTA=0.8093
[2026-09-21 18:07:51]   target 8129, 6 victims on this gpu: ASR=66.7% CTA=0.8015 +/- 0.0048
[2026-09-21 18:07:51] === target 3725 (3/8) ===
[2026-09-21 18:07:52]   target 3725: selector overhead 0.919 s, CUDA peak 876.8 MiB (incremental 123.2 MiB)
[2026-09-21 18:07:53]   target 3725: crafted 100 poisons in 2 s, obj=0.18174, CUDA peak=1555.9 MiB (incremental 801.2 MiB)
[2026-09-21 18:07:53]   target 3725: realized linf = 0.03137 (8.00/255), budget = 8.00/255
[2026-09-21 18:08:45]   [t3725 v1/6] fail (pred=bird) CTA=0.8079
[2026-09-21 18:09:35]   [t3725 v2/6] SUCCESS (pred=dog) CTA=0.8085
[2026-09-21 18:10:25]   [t3725 v3/6] SUCCESS (pred=dog) CTA=0.8074
[2026-09-21 18:11:16]   [t3725 v4/6] fail (pred=bird) CTA=0.7992
[2026-09-21 18:12:06]   [t3725 v5/6] SUCCESS (pred=dog) CTA=0.8066
[2026-09-21 18:12:56]   [t3725 v6/6] SUCCESS (pred=dog) CTA=0.8076
[2026-09-21 18:12:56]   target 3725, 6 victims on this gpu: ASR=66.7% CTA=0.8062 +/- 0.0032
[2026-09-21 18:12:56] === target 5705 (4/8) ===
[2026-09-21 18:12:57]   target 5705: selector overhead 0.914 s, CUDA peak 876.8 MiB (incremental 123.2 MiB)
[2026-09-21 18:12:59]   target 5705: crafted 100 poisons in 2 s, obj=0.07810, CUDA peak=1555.9 MiB (incremental 801.2 MiB)
[2026-09-21 18:12:59]   target 5705: realized linf = 0.03137 (8.00/255), budget = 8.00/255
[2026-09-21 18:13:50]   [t5705 v1/6] SUCCESS (pred=dog) CTA=0.8058
[2026-09-21 18:14:41]   [t5705 v2/6] fail (pred=bird) CTA=0.8135
[2026-09-21 18:15:31]   [t5705 v3/6] SUCCESS (pred=dog) CTA=0.7932
[2026-09-21 18:16:21]   [t5705 v4/6] SUCCESS (pred=dog) CTA=0.8064
[2026-09-21 18:17:11]   [t5705 v5/6] SUCCESS (pred=dog) CTA=0.8031
[2026-09-21 18:18:02]   [t5705 v6/6] fail (pred=bird) CTA=0.7920
[2026-09-21 18:18:02]   target 5705, 6 victims on this gpu: ASR=66.7% CTA=0.8023 +/- 0.0076
[2026-09-21 18:18:02] === target 7663 (5/8) ===
[2026-09-21 18:18:03]   target 7663: selector overhead 0.917 s, CUDA peak 876.8 MiB (incremental 123.2 MiB)
[2026-09-21 18:18:04]   target 7663: crafted 100 poisons in 2 s, obj=0.07647, CUDA peak=1555.7 MiB (incremental 800.9 MiB)
[2026-09-21 18:18:04]   target 7663: realized linf = 0.03137 (8.00/255), budget = 8.00/255
[2026-09-21 18:18:56]   [t7663 v1/6] fail (pred=bird) CTA=0.8018
[2026-09-21 18:19:46]   [t7663 v2/6] fail (pred=bird) CTA=0.8072
[2026-09-21 18:20:36]   [t7663 v3/6] fail (pred=bird) CTA=0.8001
[2026-09-21 18:21:26]   [t7663 v4/6] SUCCESS (pred=dog) CTA=0.8154
[2026-09-21 18:22:16]   [t7663 v5/6] fail (pred=bird) CTA=0.8030
[2026-09-21 18:23:06]   [t7663 v6/6] SUCCESS (pred=dog) CTA=0.8106
[2026-09-21 18:23:06]   target 7663, 6 victims on this gpu: ASR=33.3% CTA=0.8064 +/- 0.0053
[2026-09-21 18:23:06] === target 3875 (6/8) ===
[2026-09-21 18:23:07]   target 3875: selector overhead 0.923 s, CUDA peak 876.8 MiB (incremental 123.2 MiB)
[2026-09-21 18:23:08]   target 3875: crafted 100 poisons in 2 s, obj=0.16721, CUDA peak=1555.9 MiB (incremental 801.2 MiB)
[2026-09-21 18:23:08]   target 3875: realized linf = 0.03137 (8.00/255), budget = 8.00/255
[2026-09-21 18:24:00]   [t3875 v1/6] fail (pred=horse) CTA=0.7996
[2026-09-21 18:24:50]   [t3875 v2/6] fail (pred=bird) CTA=0.7991
[2026-09-21 18:25:40]   [t3875 v3/6] fail (pred=bird) CTA=0.8080
[2026-09-21 18:26:30]   [t3875 v4/6] SUCCESS (pred=dog) CTA=0.7902
[2026-09-21 18:27:20]   [t3875 v5/6] SUCCESS (pred=dog) CTA=0.8040
[2026-09-21 18:28:10]   [t3875 v6/6] fail (pred=bird) CTA=0.8016
[2026-09-21 18:28:10]   target 3875, 6 victims on this gpu: ASR=33.3% CTA=0.8004 +/- 0.0055
[2026-09-21 18:28:10] === target 5169 (7/8) ===
[2026-09-21 18:28:11]   target 5169: selector overhead 0.920 s, CUDA peak 876.8 MiB (incremental 123.2 MiB)
[2026-09-21 18:28:13]   target 5169: crafted 100 poisons in 2 s, obj=0.07722, CUDA peak=1555.9 MiB (incremental 801.2 MiB)
[2026-09-21 18:28:13]   target 5169: realized linf = 0.03137 (8.00/255), budget = 8.00/255
[2026-09-21 18:29:04]   [t5169 v1/6] SUCCESS (pred=dog) CTA=0.7877
[2026-09-21 18:29:54]   [t5169 v2/6] SUCCESS (pred=dog) CTA=0.7912
[2026-09-21 18:30:44]   [t5169 v3/6] SUCCESS (pred=dog) CTA=0.7980
[2026-09-21 18:31:34]   [t5169 v4/6] SUCCESS (pred=dog) CTA=0.8126
[2026-09-21 18:32:24]   [t5169 v5/6] SUCCESS (pred=dog) CTA=0.8075
[2026-09-21 18:33:14]   [t5169 v6/6] fail (pred=bird) CTA=0.7934
[2026-09-21 18:33:14]   target 5169, 6 victims on this gpu: ASR=83.3% CTA=0.7984 +/- 0.0089
[2026-09-21 18:33:14] === target 6335 (8/8) ===
[2026-09-21 18:33:15]   target 6335: selector overhead 0.945 s, CUDA peak 876.8 MiB (incremental 123.2 MiB)
[2026-09-21 18:33:17]   target 6335: crafted 100 poisons in 2 s, obj=0.11148, CUDA peak=1555.7 MiB (incremental 800.9 MiB)
[2026-09-21 18:33:17]   target 6335: realized linf = 0.03137 (8.00/255), budget = 8.00/255
[2026-09-21 18:34:08]   [t6335 v1/6] fail (pred=bird) CTA=0.8012
[2026-09-21 18:34:59]   [t6335 v2/6] SUCCESS (pred=dog) CTA=0.7972
[2026-09-21 18:35:49]   [t6335 v3/6] SUCCESS (pred=dog) CTA=0.8010
[2026-09-21 18:36:39]   [t6335 v4/6] SUCCESS (pred=dog) CTA=0.8069
[2026-09-21 18:37:30]   [t6335 v5/6] SUCCESS (pred=dog) CTA=0.8100
[2026-09-21 18:38:20]   [t6335 v6/6] SUCCESS (pred=dog) CTA=0.7952
[2026-09-21 18:38:20]   target 6335, 6 victims on this gpu: ASR=83.3% CTA=0.8019 +/- 0.0051
[2026-09-21 18:38:20]   selector resources: 8 target(s), 7.5 total target-seconds, max CUDA allocated 876.8 MiB (incremental 123.2 MiB)
[2026-09-21 18:38:20] ==== CIFAR10_ConvNetBN_fc_ours_dog-bird_b0.002_eps8_seed42_lam1_cosine_selClassifierNorm_ce5_tgt50 : ASR = 64.6% +/- 19.4% | CTA = 0.8021 (baseline 0.8127) ====
[2026-09-21 18:38:20]   target-prediction tally ['airplane', 'automobile', 'bird', 'cat', 'deer', 'dog', 'frog', 'horse', 'ship', 'truck']: [0, 0, 16, 0, 0, 31, 0, 1, 0, 0]
Verified 8 pinned targets x 6 victims = 48 unique evaluations.
