NVIDIA L40S
[2026-09-22T00:05:21.836] error: couldn't chdir to `/tmp/PoisonBase_score_017': No such file or directory: going to /tmp instead
One experiment: {"id": "017", "attack": "gradmatch", "budget": "0.002", "selector": "classifier-norm"}
[2026-09-21 18:05:38] === run start: CIFAR10_ConvNetBN_gradmatch_ours_dog-bird_b0.002_eps8_seed42_lam1_cosine_selClassifierNorm_ce5_tgt70 on cuda [0] ===
[2026-09-21 18:05:38] args: {"FORCE": false, "attack": "gradmatch", "base": "ours", "base_dist": "cosine", "base_topr": null, "budget": 0.002, "cache_dir": "/tmp/PoisonBase_score_017/cache", "class_pair": "dog-bird", "clean_baseline": true, "craft_alpha": 0.0039216, "craft_aug": true, "craft_batch": 256, "craft_ensemble": 5, "craft_lowmem": false, "craft_schedule": false, "craft_steps": 250, "data_path": "/tmp/PoisonBase_score_017/data", "dataset": "CIFAR10", "distance_margin_coef": null, "dsa_strategy": "color_crop_cutout_flip_scale_rotate", "epsilon": 0.0313725, "fast_gradmatch": false, "fc_mode": "sample", "fc_restarts": 1, "fus_alpha": 0.5, "fus_iters": 10, "fus_proxy_restarts": 0, "fus_proxy_steps": 0, "fus_search_decay": [40], "fus_search_epochs": 50, "gpus": "all", "jacobian_batch_size": 64, "jacobian_weight": 1.0, "keep_pinned_targets": true, "lambda_margin": 1.0, "model": "ConvNetBN", "no_resume": false, "num_poisons": 500, "num_surrogates": 20, "num_targets": 8, "num_victims": 6, "out_dir": "/tmp/PoisonBase_score_017/results", "pair_order": "poison-target", "parallel_pretrain": true, "parallel_targets": true, "precompute_id": null, "precompute_only": false, "precompute_part": "both", "rank_on_victims": true, "recompute_deltas": false, "require_correct_target": false, "restarts": 8, "seed": 42, "sel_K": null, "sel_alpha": 1.0, "sel_component": "classifier-norm", "sel_criterion": null, "sel_dpp": false, "sel_filter": false, "sel_metric_epoch": 10, "sel_mmr": false, "sel_mode": null, "sel_model": null, "sel_mu": 1.0, "sel_pca": false, "sel_pool": 3.0, "selector_metric_dir": null, "sharp_mode": "worst", "sharp_samples": 20, "sharp_sigma": 0.05, "steal_timeout": 7200.0, "surrogate_aug": false, "surrogate_bs": 128, "surrogate_decay": [35, 45], "surrogate_epochs": 60, "surrogate_lr": 0.1, "surrogate_wd": 0.0, "target_idx_file": "/tmp/PoisonBase_score_017/targets.json", "target_select": 70, "use_jacobian_score": false, "victim_aug": false, "victim_bs": 125, "victim_decay": [40], "victim_epochs": 50, "victim_lr": 0.1, "victim_model": null, "victim_wd": 0.0}
[2026-09-21 18:05:38] Jacobian score: disabled
[2026-09-21 18:05:38] (r_i^T r_t)*cos(h_i,h_t) component selector: alignment/similarity terms standardized per surrogate; standalone margin/confidence averaged raw; batch_size=64
[2026-09-21 18:05:38] N_total=50000 budget=0.002 -> N_p=100 poisons, y_adv=5(dog) target_class=2(bird)
[2026-09-21 18:05:38] === selection/crafting surrogates (20 x ConvNetBN, trained on the full real set) ===
[2026-09-21 18:05:38]   crafting on 5/20 surrogates
[2026-09-21 18:05:38] === clean victims (6 x ConvNetBN) ===
[2026-09-21 18:05:39]   clean baseline CTA = 0.8127 +/- 0.0074
[2026-09-21 18:05:39]   chosen 8 targets (file, fixed across victim architectures), p_adv range 0.0000..0.0000
[2026-09-21 18:05:39]   targets: [843, 1257, 8252, 8730, 8055, 5859, 8954, 821]
[2026-09-21 18:05:39] === target 843 (1/8) ===
[2026-09-21 18:05:40]   target 843: selector overhead 1.012 s, CUDA peak 868.7 MiB (incremental 123.2 MiB)
[2026-09-21 18:06:59]   target 843: crafted 100 poisons in 79 s, obj=0.29668, CUDA peak=2482.4 MiB (incremental 1735.8 MiB)
[2026-09-21 18:06:59]   target 843: realized linf = 0.03137 (8.00/255), budget = 8.00/255
[2026-09-21 18:07:50]   [t843 v1/6] SUCCESS (pred=dog) CTA=0.8046
[2026-09-21 18:08:40]   [t843 v2/6] fail (pred=bird) CTA=0.8060
[2026-09-21 18:09:31]   [t843 v3/6] fail (pred=bird) CTA=0.8032
[2026-09-21 18:10:21]   [t843 v4/6] fail (pred=bird) CTA=0.8092
[2026-09-21 18:11:11]   [t843 v5/6] fail (pred=bird) CTA=0.8041
[2026-09-21 18:12:01]   [t843 v6/6] fail (pred=bird) CTA=0.7841
[2026-09-21 18:12:01]   target 843, 6 victims on this gpu: ASR=16.7% CTA=0.8019 +/- 0.0082
[2026-09-21 18:12:01] === target 1257 (2/8) ===
[2026-09-21 18:12:02]   target 1257: selector overhead 0.919 s, CUDA peak 876.8 MiB (incremental 123.2 MiB)
[2026-09-21 18:13:20]   target 1257: crafted 100 poisons in 79 s, obj=0.27665, CUDA peak=2486.9 MiB (incremental 1732.2 MiB)
[2026-09-21 18:13:20]   target 1257: realized linf = 0.03137 (8.00/255), budget = 8.00/255
[2026-09-21 18:14:12]   [t1257 v1/6] fail (pred=bird) CTA=0.7997
[2026-09-21 18:15:02]   [t1257 v2/6] fail (pred=bird) CTA=0.8064
[2026-09-21 18:15:52]   [t1257 v3/6] fail (pred=bird) CTA=0.8180
[2026-09-21 18:16:42]   [t1257 v4/6] fail (pred=bird) CTA=0.8052
[2026-09-21 18:17:32]   [t1257 v5/6] SUCCESS (pred=dog) CTA=0.8000
[2026-09-21 18:18:21]   [t1257 v6/6] fail (pred=bird) CTA=0.8018
[2026-09-21 18:18:21]   target 1257, 6 victims on this gpu: ASR=16.7% CTA=0.8052 +/- 0.0062
[2026-09-21 18:18:21] === target 8252 (3/8) ===
[2026-09-21 18:18:22]   target 8252: selector overhead 0.928 s, CUDA peak 876.8 MiB (incremental 123.2 MiB)
[2026-09-21 18:19:41]   target 8252: crafted 100 poisons in 79 s, obj=0.23172, CUDA peak=2488.2 MiB (incremental 1733.5 MiB)
[2026-09-21 18:19:41]   target 8252: realized linf = 0.03137 (8.00/255), budget = 8.00/255
[2026-09-21 18:20:33]   [t8252 v1/6] SUCCESS (pred=dog) CTA=0.8063
[2026-09-21 18:21:23]   [t8252 v2/6] SUCCESS (pred=dog) CTA=0.8201
[2026-09-21 18:22:13]   [t8252 v3/6] SUCCESS (pred=dog) CTA=0.8010
[2026-09-21 18:23:03]   [t8252 v4/6] SUCCESS (pred=dog) CTA=0.7940
[2026-09-21 18:23:53]   [t8252 v5/6] fail (pred=cat) CTA=0.8035
[2026-09-21 18:24:43]   [t8252 v6/6] SUCCESS (pred=dog) CTA=0.8161
[2026-09-21 18:24:43]   target 8252, 6 victims on this gpu: ASR=83.3% CTA=0.8068 +/- 0.0089
[2026-09-21 18:24:43] === target 8730 (4/8) ===
[2026-09-21 18:24:44]   target 8730: selector overhead 0.923 s, CUDA peak 876.8 MiB (incremental 123.2 MiB)
[2026-09-21 18:26:02]   target 8730: crafted 100 poisons in 79 s, obj=0.25780, CUDA peak=2488.2 MiB (incremental 1733.5 MiB)
[2026-09-21 18:26:02]   target 8730: realized linf = 0.03137 (8.00/255), budget = 8.00/255
[2026-09-21 18:26:54]   [t8730 v1/6] fail (pred=bird) CTA=0.8132
[2026-09-21 18:27:44]   [t8730 v2/6] fail (pred=bird) CTA=0.8154
[2026-09-21 18:28:34]   [t8730 v3/6] fail (pred=bird) CTA=0.8169
[2026-09-21 18:29:24]   [t8730 v4/6] fail (pred=deer) CTA=0.8040
[2026-09-21 18:30:14]   [t8730 v5/6] fail (pred=bird) CTA=0.7971
[2026-09-21 18:31:04]   [t8730 v6/6] SUCCESS (pred=dog) CTA=0.8083
[2026-09-21 18:31:04]   target 8730, 6 victims on this gpu: ASR=16.7% CTA=0.8092 +/- 0.0069
[2026-09-21 18:31:04] === target 8055 (5/8) ===
[2026-09-21 18:31:05]   target 8055: selector overhead 0.934 s, CUDA peak 876.8 MiB (incremental 123.2 MiB)
[2026-09-21 18:32:24]   target 8055: crafted 100 poisons in 79 s, obj=0.29130, CUDA peak=2488.2 MiB (incremental 1733.5 MiB)
[2026-09-21 18:32:24]   target 8055: realized linf = 0.03137 (8.00/255), budget = 8.00/255
[2026-09-21 18:33:16]   [t8055 v1/6] fail (pred=bird) CTA=0.8093
[2026-09-21 18:34:05]   [t8055 v2/6] fail (pred=frog) CTA=0.8064
[2026-09-21 18:34:55]   [t8055 v3/6] SUCCESS (pred=dog) CTA=0.8121
[2026-09-21 18:35:45]   [t8055 v4/6] fail (pred=bird) CTA=0.7969
[2026-09-21 18:36:35]   [t8055 v5/6] fail (pred=bird) CTA=0.8118
[2026-09-21 18:37:25]   [t8055 v6/6] fail (pred=bird) CTA=0.8013
[2026-09-21 18:37:25]   target 8055, 6 victims on this gpu: ASR=16.7% CTA=0.8063 +/- 0.0056
[2026-09-21 18:37:25] === target 5859 (6/8) ===
[2026-09-21 18:37:26]   target 5859: selector overhead 0.924 s, CUDA peak 876.8 MiB (incremental 123.2 MiB)
[2026-09-21 18:38:45]   target 5859: crafted 100 poisons in 79 s, obj=0.25156, CUDA peak=2488.2 MiB (incremental 1733.5 MiB)
[2026-09-21 18:38:45]   target 5859: realized linf = 0.03137 (8.00/255), budget = 8.00/255
[2026-09-21 18:39:36]   [t5859 v1/6] fail (pred=bird) CTA=0.8020
[2026-09-21 18:40:26]   [t5859 v2/6] SUCCESS (pred=dog) CTA=0.8139
[2026-09-21 18:41:16]   [t5859 v3/6] fail (pred=bird) CTA=0.8103
[2026-09-21 18:42:06]   [t5859 v4/6] fail (pred=bird) CTA=0.8000
[2026-09-21 18:42:56]   [t5859 v5/6] SUCCESS (pred=dog) CTA=0.8070
[2026-09-21 18:43:46]   [t5859 v6/6] fail (pred=bird) CTA=0.7980
[2026-09-21 18:43:46]   target 5859, 6 victims on this gpu: ASR=33.3% CTA=0.8052 +/- 0.0057
[2026-09-21 18:43:46] === target 8954 (7/8) ===
[2026-09-21 18:43:47]   target 8954: selector overhead 0.919 s, CUDA peak 876.8 MiB (incremental 123.2 MiB)
[2026-09-21 18:45:06]   target 8954: crafted 100 poisons in 79 s, obj=0.21469, CUDA peak=2488.2 MiB (incremental 1733.5 MiB)
[2026-09-21 18:45:06]   target 8954: realized linf = 0.03137 (8.00/255), budget = 8.00/255
[2026-09-21 18:45:57]   [t8954 v1/6] fail (pred=bird) CTA=0.7984
[2026-09-21 18:46:47]   [t8954 v2/6] SUCCESS (pred=dog) CTA=0.8015
[2026-09-21 18:47:37]   [t8954 v3/6] fail (pred=deer) CTA=0.8060
[2026-09-21 18:48:27]   [t8954 v4/6] SUCCESS (pred=dog) CTA=0.7928
[2026-09-21 18:49:17]   [t8954 v5/6] SUCCESS (pred=dog) CTA=0.8026
[2026-09-21 18:50:07]   [t8954 v6/6] fail (pred=deer) CTA=0.7985
[2026-09-21 18:50:07]   target 8954, 6 victims on this gpu: ASR=50.0% CTA=0.8000 +/- 0.0041
[2026-09-21 18:50:07] === target 821 (8/8) ===
[2026-09-21 18:50:08]   target 821: selector overhead 0.932 s, CUDA peak 876.8 MiB (incremental 123.2 MiB)
[2026-09-21 18:51:26]   target 821: crafted 100 poisons in 79 s, obj=0.31824, CUDA peak=2488.2 MiB (incremental 1733.5 MiB)
[2026-09-21 18:51:26]   target 821: realized linf = 0.03137 (8.00/255), budget = 8.00/255
[2026-09-21 18:52:18]   [t821 v1/6] fail (pred=deer) CTA=0.8056
[2026-09-21 18:53:08]   [t821 v2/6] fail (pred=bird) CTA=0.8077
[2026-09-21 18:53:58]   [t821 v3/6] fail (pred=bird) CTA=0.7996
[2026-09-21 18:54:48]   [t821 v4/6] fail (pred=bird) CTA=0.8101
[2026-09-21 18:55:38]   [t821 v5/6] fail (pred=bird) CTA=0.7996
[2026-09-21 18:56:28]   [t821 v6/6] fail (pred=bird) CTA=0.8084
[2026-09-21 18:56:28]   target 821, 6 victims on this gpu: ASR=0.0% CTA=0.8052 +/- 0.0042
[2026-09-21 18:56:28]   selector resources: 8 target(s), 7.5 total target-seconds, max CUDA allocated 876.8 MiB (incremental 123.2 MiB)
[2026-09-21 18:56:28] ==== CIFAR10_ConvNetBN_gradmatch_ours_dog-bird_b0.002_eps8_seed42_lam1_cosine_selClassifierNorm_ce5_tgt70 : ASR = 29.2% +/- 24.7% | CTA = 0.8050 (baseline 0.8127) ====
[2026-09-21 18:56:28]   target-prediction tally ['airplane', 'automobile', 'bird', 'cat', 'deer', 'dog', 'frog', 'horse', 'ship', 'truck']: [0, 0, 28, 1, 4, 14, 1, 0, 0, 0]
Verified 8 pinned targets x 6 victims = 48 unique evaluations.
