paired targets: [2127, 2171, 2597, 3728, 4462]
job: 5249483 vaug_bp002_graft_ra_resume on kn007
cell: VGG13 / BP / rho=0.002 | greedy | randaug
protocol: victim-only replay on 5 paired targets x 4 victims
gpu: NVIDIA L40S
[2026-09-06T03:33:16.774] error: couldn't chdir to `/tmp/victim_aug_vgg_fc_b0002': No such file or directory: going to /tmp instead
[2026-09-06 03:33:20] === defense run: CIFAR10_VGG13BN_fc_ours_dog-bird_b0.002_eps8_seed42_lam1_cosine_ce5_tgt3__def-none+aug-randaug ===
[2026-09-06 03:33:20]     poisons replayed from /tmp/victim_aug_vgg_fc_b0002/ours_result/CIFAR10_VGG13BN_fc_ours_dog-bird_b0.002_eps8_seed42_lam1_cosine_ce5_tgt3
[2026-09-06 03:33:20]     defense = none  (none+aug-randaug)
[2026-09-06 03:33:20]     victim augmentation = randaug  (applied to the poisoned image, resampled every epoch)
[2026-09-06 03:33:20] args: {"adv_eps": 8.0, "adv_step_size": 0.0, "adv_steps": 5, "attack": "fc", "aug_cutout_length": 16, "aug_flip_p": 0.5, "aug_pad": 4, "aug_randaug_magnitude": 9, "aug_randaug_ops": 2, "base": "ours", "base_dist": "cosine", "budget": 0.002, "cache_dir": "/tmp/victim_aug_vgg_fc_b0002/cache", "class_pair": "dog-bird", "clean_baseline": true, "craft_aug": true, "craft_ensemble": 5, "data_path": "/tmp/victim_aug_vgg_fc_b0002/data", "dataset": "CIFAR10", "defense": "none", "defense_out_dir": "/tmp/victim_aug_vgg_fc_b0002/augment_extra_result", "defense_parts": ["none"], "dsa_strategy": "color_crop_cutout_flip_scale_rotate", "epic_cluster_thresh": 1.0, "epic_drop_after": 10, "epic_freq": 2, "epic_metric": "euclidean", "epic_stop_after": -1, "epic_subset_size": 0.1, "epsilon": 0.0313725, "fc_mode": "sample", "friendly_begin_epoch": 5, "friendly_bs": 512, "friendly_clamp": 16.0, "friendly_epochs": 30, "friendly_lr": 100.0, "friendly_momentum": 0.9, "friendly_mu": 1.0, "gpus": "all", "jacobian_batch_size": 64, "jacobian_weight": 1.0, "lambda_margin": 1.0, "list_cached": false, "model": "VGG13BN", "no_resume": false, "noise_eps": 8.0, "noise_type": [], "num_targets": 5, "num_victims": 4, "out_dir": "/tmp/victim_aug_vgg_fc_b0002/ours_result", "pair_order": "poison-target", "parallel_trials": true, "recompute_deltas": false, "seed": 42, "sel_alpha": 1.0, "sel_dpp": false, "sel_filter": false, "sel_mmr": false, "sel_mode": null, "sel_mu": 1.0, "sel_pca": false, "sel_pool": 3.0, "sharp_mode": "worst", "sharp_samples": 20, "sharp_sigma": 0.05, "target_idx_file": "/tmp/victim_aug_vgg_fc_b0002/target_sets/aug_VGG13BN_fc_dog-bird_b0.002.json", "target_select": 3, "use_jacobian_score": false, "victim_aug": "randaug", "victim_bs": 125, "victim_decay": [40], "victim_epochs": 50, "victim_lr": 0.1, "victim_wd": 0.0}
[2026-09-06 03:33:42]   5 target(s) with saved poisons: [2127, 2171, 2597, 3728, 4462]
[2026-09-06 03:33:42] === defended clean victims (4 x VGG13BN, defense none+aug-randaug) ===
[2026-09-06 03:33:43]   defended clean CTA = 0.9085 +/- 0.0091
[2026-09-06 03:33:43] === target 2127: 100 saved poisons, realized linf 8.00/255 ===
[2026-09-06 03:33:43]   victim augmentation: VictimAugmenter(randaug: crop4+flip0.5 -> randaug(n=2, m from 14 ops))
[2026-09-06 03:45:38]   [t2127 v1/4] fail (pred=bird) CTA=0.9162 (714 s)
[2026-09-06 03:57:31]   [t2127 v2/4] fail (pred=deer) CTA=0.9145 (713 s)
[2026-09-06 04:09:24]   [t2127 v3/4] fail (pred=bird) CTA=0.9123 (712 s)
[2026-09-06 04:21:16]   [t2127 v4/4] fail (pred=bird) CTA=0.9210 (712 s)
[2026-09-06 04:21:16] === target 2171: 100 saved poisons, realized linf 8.00/255 ===
[2026-09-06 04:33:09]   [t2171 v1/4] fail (pred=bird) CTA=0.9087 (712 s)
[2026-09-06 04:45:00]   [t2171 v2/4] fail (pred=bird) CTA=0.9039 (711 s)
[2026-09-06 04:56:52]   [t2171 v3/4] fail (pred=bird) CTA=0.9102 (712 s)
[2026-09-06 05:08:45]   [t2171 v4/4] SUCCESS (pred=dog) CTA=0.9057 (713 s)
[2026-09-06 05:08:45] === target 2597: 100 saved poisons, realized linf 8.00/255 ===
[2026-09-06 05:20:37]   [t2597 v1/4] fail (pred=bird) CTA=0.9143 (712 s)
[2026-09-06 05:32:30]   [t2597 v2/4] fail (pred=bird) CTA=0.9117 (713 s)
[2026-09-06 05:44:23]   [t2597 v3/4] fail (pred=bird) CTA=0.9036 (713 s)
[2026-09-06 05:56:16]   [t2597 v4/4] fail (pred=bird) CTA=0.9108 (712 s)
[2026-09-06 05:56:16] === target 3728: 100 saved poisons, realized linf 8.00/255 ===
[2026-09-06 06:08:08]   [t3728 v1/4] fail (pred=deer) CTA=0.9191 (712 s)
[2026-09-06 06:20:00]   [t3728 v2/4] fail (pred=cat) CTA=0.9175 (712 s)
signal: received USR1; stopping victim training before final sync
srun: forcing job termination
srun: Job step aborted: Waiting up to 62 seconds for job step to finish.
[2026-09-06T06:27:58.016] error: *** STEP 5249483.0 ON kn007 CANCELLED AT 2026-09-06T06:27:58 DUE to SIGNAL Killed ***
srun: error: kn007: task 0: Killed
sync: CIFAR10_VGG13BN_fc_ours_dog-bird_b0.002_eps8_seed42_lam1_cosine_ce5_tgt3__def-none+aug-randaug -> /home/mmoslem3/scratch/attack_if
