gpu: NVIDIA L40S
targets: 10 pinned IDs: 630 409 2270 9870 1656 5022 9090 6033 7940 9731
job: 968138 vxf035_gm_b0005_k20_avgg_vr20 on rack15-06
config: attack=gradmatch budget=0.005 K=20 S=A=VGG13BN V=ResNet20BN base=ours jacobian=off craft_steps=250 targets=10 victims=6 FORCE=fresh
protocol: S=A=VGG13BN V=ResNet20BN K=20
protocol: fresh base selection + fresh poison optimization (FORCE)
output: /home/mmoslem3/scratch/PoisonBase/victim_transfer_fresh_20260917_result/CIFAR10_VGG13BN_gradmatch_ours_dog-bird_b0.005_eps8_seed42_lam1_cosine_victimarchResNet20BN_K20_ce5_tgt50
[2026-09-17 09:37:57] === run start: CIFAR10_VGG13BN_gradmatch_ours_dog-bird_b0.005_eps8_seed42_lam1_cosine_victimarchResNet20BN_K20_ce5_tgt50 on cuda [0] ===
[2026-09-17 09:37:57] args: {"FORCE": true, "attack": "gradmatch", "base": "ours", "base_dist": "cosine", "base_topr": null, "budget": 0.005, "cache_dir": "/tmp/PoisonBase_victim_transfer_fresh/cache", "class_pair": "dog-bird", "clean_baseline": true, "craft_alpha": 0.0039216, "craft_aug": true, "craft_batch": 256, "craft_ensemble": 5, "craft_lowmem": true, "craft_schedule": false, "craft_steps": 250, "data_path": "/tmp/PoisonBase_victim_transfer_fresh/data", "dataset": "CIFAR10", "distance_margin_coef": null, "dsa_strategy": "color_crop_cutout_flip_scale_rotate", "epsilon": 0.0313725, "fast_gradmatch": true, "fc_mode": "sample", "fc_restarts": 1, "gpus": "all", "jacobian_batch_size": 64, "jacobian_weight": 1.0, "keep_pinned_targets": true, "lambda_margin": 1.0, "model": "VGG13BN", "no_resume": true, "num_poisons": 500, "num_surrogates": 20, "num_targets": 10, "num_victims": 6, "out_dir": "/tmp/PoisonBase_victim_transfer_fresh/victim_transfer_fresh_20260917_result", "pair_order": "poison-target", "parallel_pretrain": true, "parallel_targets": true, "precompute_id": null, "precompute_only": false, "precompute_part": "both", "rank_on_victims": true, "recompute_deltas": true, "require_correct_target": false, "restarts": 8, "seed": 42, "sel_K": 20, "sel_alpha": 1.0, "sel_criterion": null, "sel_dpp": false, "sel_filter": false, "sel_mmr": false, "sel_mode": null, "sel_model": null, "sel_mu": 1.0, "sel_pca": false, "sel_pool": 3.0, "sharp_mode": "worst", "sharp_samples": 20, "sharp_sigma": 0.05, "steal_timeout": 7200.0, "surrogate_aug": false, "surrogate_bs": 128, "surrogate_decay": [35, 45], "surrogate_epochs": 60, "surrogate_lr": 0.1, "surrogate_wd": 0.0, "target_idx_file": "/tmp/PoisonBase_victim_transfer_fresh/target_sets/VGG13BN_gradmatch_dog-bird.json", "target_select": 50, "use_jacobian_score": false, "victim_aug": false, "victim_bs": 125, "victim_decay": [40], "victim_epochs": 50, "victim_lr": 0.1, "victim_model": "ResNet20BN", "victim_wd": 0.0}
[2026-09-17 09:37:57] Jacobian score: disabled
[2026-09-17 09:37:57] N_total=50000 budget=0.005 -> N_p=250 poisons, y_adv=5(dog) target_class=2(bird)
[2026-09-17 09:37:57] === selection/crafting surrogates (20 x VGG13BN, trained on the full real set) ===
[2026-09-17 09:37:58]   crafting on 5/20 surrogates
[2026-09-17 09:37:58] === clean victims (6 x ResNet20BN) ===
[2026-09-17 09:37:59]   clean baseline CTA = 0.8354 +/- 0.0043
[2026-09-17 09:37:59]   chosen 10 targets (file, fixed across victim architectures), p_adv range 0.0000..0.0132
[2026-09-17 09:37:59]   targets: [630, 409, 2270, 9870, 1656, 5022, 9090, 6033, 7940, 9731]
[2026-09-17 09:37:59] === target 630 (1/10) ===
[2026-09-17 09:45:29]   target 630: crafted 250 poisons in 447 s, obj=0.30302
[2026-09-17 09:45:29]   target 630: realized linf = 0.03137 (8.00/255), budget = 8.00/255
[2026-09-17 09:47:05]   [t630 v1/6] SUCCESS (pred=dog) CTA=0.8420
[2026-09-17 09:48:41]   [t630 v2/6] SUCCESS (pred=dog) CTA=0.8356
[2026-09-17 09:50:17]   [t630 v3/6] fail (pred=deer) CTA=0.8424
[2026-09-17 09:51:53]   [t630 v4/6] fail (pred=ship) CTA=0.8349
[2026-09-17 09:53:29]   [t630 v5/6] fail (pred=ship) CTA=0.8369
[2026-09-17 09:55:05]   [t630 v6/6] fail (pred=cat) CTA=0.8382
[2026-09-17 09:55:05]   target 630, 6 victims on this gpu: ASR=33.3% CTA=0.8383 +/- 0.0029
[2026-09-17 09:55:05] === target 409 (2/10) ===
[2026-09-17 10:02:36]   target 409: crafted 250 poisons in 448 s, obj=0.24831
[2026-09-17 10:02:36]   target 409: realized linf = 0.03137 (8.00/255), budget = 8.00/255
[2026-09-17 10:04:12]   [t409 v1/6] SUCCESS (pred=dog) CTA=0.8395
[2026-09-17 10:05:48]   [t409 v2/6] SUCCESS (pred=dog) CTA=0.8337
[2026-09-17 10:07:24]   [t409 v3/6] SUCCESS (pred=dog) CTA=0.8381
[2026-09-17 10:09:00]   [t409 v4/6] SUCCESS (pred=dog) CTA=0.8342
[2026-09-17 10:10:37]   [t409 v5/6] SUCCESS (pred=dog) CTA=0.8305
[2026-09-17 10:12:13]   [t409 v6/6] SUCCESS (pred=dog) CTA=0.8368
[2026-09-17 10:12:13]   target 409, 6 victims on this gpu: ASR=100.0% CTA=0.8355 +/- 0.0030
[2026-09-17 10:12:13] === target 2270 (3/10) ===
[2026-09-17 10:19:43]   target 2270: crafted 250 poisons in 447 s, obj=0.25978
[2026-09-17 10:19:43]   target 2270: realized linf = 0.03137 (8.00/255), budget = 8.00/255
[2026-09-17 10:21:19]   [t2270 v1/6] SUCCESS (pred=dog) CTA=0.8372
[2026-09-17 10:22:55]   [t2270 v2/6] SUCCESS (pred=dog) CTA=0.8403
[2026-09-17 10:24:31]   [t2270 v3/6] SUCCESS (pred=dog) CTA=0.8377
[2026-09-17 10:26:07]   [t2270 v4/6] fail (pred=deer) CTA=0.8341
[2026-09-17 10:27:43]   [t2270 v5/6] SUCCESS (pred=dog) CTA=0.8463
[2026-09-17 10:29:19]   [t2270 v6/6] SUCCESS (pred=dog) CTA=0.8379
[2026-09-17 10:29:19]   target 2270, 6 victims on this gpu: ASR=83.3% CTA=0.8389 +/- 0.0038
[2026-09-17 10:29:19] === target 9870 (4/10) ===
[2026-09-17 10:36:50]   target 9870: crafted 250 poisons in 448 s, obj=0.24640
[2026-09-17 10:36:50]   target 9870: realized linf = 0.03137 (8.00/255), budget = 8.00/255
[2026-09-17 10:38:26]   [t9870 v1/6] SUCCESS (pred=dog) CTA=0.8356
[2026-09-17 10:40:02]   [t9870 v2/6] fail (pred=bird) CTA=0.8371
[2026-09-17 10:41:38]   [t9870 v3/6] fail (pred=bird) CTA=0.8322
[2026-09-17 10:43:15]   [t9870 v4/6] SUCCESS (pred=dog) CTA=0.8306
[2026-09-17 10:44:51]   [t9870 v5/6] fail (pred=bird) CTA=0.8347
[2026-09-17 10:46:27]   [t9870 v6/6] SUCCESS (pred=dog) CTA=0.8378
[2026-09-17 10:46:27]   target 9870, 6 victims on this gpu: ASR=50.0% CTA=0.8347 +/- 0.0026
[2026-09-17 10:46:27] === target 1656 (5/10) ===
[2026-09-17 10:53:58]   target 1656: crafted 250 poisons in 448 s, obj=0.25285
[2026-09-17 10:53:58]   target 1656: realized linf = 0.03137 (8.00/255), budget = 8.00/255
[2026-09-17 10:55:35]   [t1656 v1/6] SUCCESS (pred=dog) CTA=0.8378
[2026-09-17 10:57:11]   [t1656 v2/6] SUCCESS (pred=dog) CTA=0.8435
[2026-09-17 10:58:47]   [t1656 v3/6] SUCCESS (pred=dog) CTA=0.8425
[2026-09-17 11:00:23]   [t1656 v4/6] SUCCESS (pred=dog) CTA=0.8359
[2026-09-17 11:02:00]   [t1656 v5/6] SUCCESS (pred=dog) CTA=0.8370
[2026-09-17 11:03:36]   [t1656 v6/6] fail (pred=airplane) CTA=0.8437
[2026-09-17 11:03:36]   target 1656, 6 victims on this gpu: ASR=83.3% CTA=0.8401 +/- 0.0032
[2026-09-17 11:03:36] === target 5022 (6/10) ===
[2026-09-17 11:11:07]   target 5022: crafted 250 poisons in 448 s, obj=0.28034
[2026-09-17 11:11:07]   target 5022: realized linf = 0.03137 (8.00/255), budget = 8.00/255
[2026-09-17 11:12:43]   [t5022 v1/6] SUCCESS (pred=dog) CTA=0.8367
[2026-09-17 11:14:19]   [t5022 v2/6] fail (pred=bird) CTA=0.8301
[2026-09-17 11:15:56]   [t5022 v3/6] fail (pred=bird) CTA=0.8304
[2026-09-17 11:17:32]   [t5022 v4/6] fail (pred=bird) CTA=0.8442
[2026-09-17 11:19:08]   [t5022 v5/6] fail (pred=bird) CTA=0.8360
[2026-09-17 11:20:44]   [t5022 v6/6] fail (pred=bird) CTA=0.8428
[2026-09-17 11:20:44]   target 5022, 6 victims on this gpu: ASR=16.7% CTA=0.8367 +/- 0.0054
[2026-09-17 11:20:44] === target 9090 (7/10) ===
[2026-09-17 11:28:15]   target 9090: crafted 250 poisons in 448 s, obj=0.23980
[2026-09-17 11:28:15]   target 9090: realized linf = 0.03137 (8.00/255), budget = 8.00/255
[2026-09-17 11:29:51]   [t9090 v1/6] SUCCESS (pred=dog) CTA=0.8434
[2026-09-17 11:31:27]   [t9090 v2/6] SUCCESS (pred=dog) CTA=0.8388
[2026-09-17 11:33:03]   [t9090 v3/6] SUCCESS (pred=dog) CTA=0.8385
[2026-09-17 11:34:39]   [t9090 v4/6] SUCCESS (pred=dog) CTA=0.8399
[2026-09-17 11:36:15]   [t9090 v5/6] SUCCESS (pred=dog) CTA=0.8414
[2026-09-17 11:37:51]   [t9090 v6/6] SUCCESS (pred=dog) CTA=0.8390
[2026-09-17 11:37:51]   target 9090, 6 victims on this gpu: ASR=100.0% CTA=0.8402 +/- 0.0017
[2026-09-17 11:37:51] === target 6033 (8/10) ===
[2026-09-17 11:45:21]   target 6033: crafted 250 poisons in 447 s, obj=0.21991
[2026-09-17 11:45:21]   target 6033: realized linf = 0.03137 (8.00/255), budget = 8.00/255
[2026-09-17 11:46:57]   [t6033 v1/6] SUCCESS (pred=dog) CTA=0.8272
[2026-09-17 11:48:33]   [t6033 v2/6] SUCCESS (pred=dog) CTA=0.8374
[2026-09-17 11:50:10]   [t6033 v3/6] SUCCESS (pred=dog) CTA=0.8387
[2026-09-17 11:51:46]   [t6033 v4/6] SUCCESS (pred=dog) CTA=0.8385
[2026-09-17 11:53:22]   [t6033 v5/6] SUCCESS (pred=dog) CTA=0.8321
[2026-09-17 11:54:58]   [t6033 v6/6] SUCCESS (pred=dog) CTA=0.8366
[2026-09-17 11:54:58]   target 6033, 6 victims on this gpu: ASR=100.0% CTA=0.8351 +/- 0.0042
[2026-09-17 11:54:58] === target 7940 (9/10) ===
signal: received USR1; stopping active step and syncing partial output
srun: forcing job termination
srun: Job step aborted: Waiting up to 32 seconds for job step to finish.
[2026-09-17T18:02:18.023] error: *** STEP 968138.0 ON rack15-06 CANCELLED AT 2026-09-17T18:02:18 DUE to SIGNAL Killed ***
srun: error: rack15-06: task 0: Killed
sync: CIFAR10_VGG13BN_gradmatch_ours_dog-bird_b0.005_eps8_seed42_lam1_cosine_victimarchResNet20BN_K20_ce5_tgt50 -> /home/mmoslem3/scratch/PoisonBase/victim_transfer_fresh_20260917_result
