gpu: NVIDIA L40S
targets: 10 pinned IDs: 5118 8740 5324 4630 833 2065 7056 9059 6707 9874
job: 968171 vxf068_sapa_b0005_k20_ar20_vr20 on rack05-05
config: attack=sapa budget=0.005 K=20 S=A=ResNet20BN V=ResNet20BN base=ours jacobian=off craft_steps=250 targets=10 victims=6 FORCE=fresh
protocol: S=A=ResNet20BN V=ResNet20BN K=20
protocol: fresh base selection + fresh poison optimization (FORCE)
output: /home/mmoslem3/scratch/PoisonBase/victim_transfer_fresh_20260917_result/CIFAR10_ResNet20BN_sapa_ours_dog-bird_b0.005_eps8_seed42_lam1_cosine_K20_worst0.05_ce5_tgt14
[2026-09-17 10:24:17] === run start: CIFAR10_ResNet20BN_sapa_ours_dog-bird_b0.005_eps8_seed42_lam1_cosine_K20_worst0.05_ce5_tgt14 on cuda [0] ===
[2026-09-17 10:24:17] args: {"FORCE": true, "attack": "sapa", "base": "ours", "base_dist": "cosine", "base_topr": null, "budget": 0.005, "cache_dir": "/tmp/PoisonBase_victim_transfer_fresh/cache", "class_pair": "dog-bird", "clean_baseline": true, "craft_alpha": 0.0039216, "craft_aug": true, "craft_batch": 256, "craft_ensemble": 5, "craft_lowmem": false, "craft_schedule": false, "craft_steps": 250, "data_path": "/tmp/PoisonBase_victim_transfer_fresh/data", "dataset": "CIFAR10", "distance_margin_coef": null, "dsa_strategy": "color_crop_cutout_flip_scale_rotate", "epsilon": 0.0313725, "fast_gradmatch": false, "fc_mode": "sample", "fc_restarts": 1, "gpus": "all", "jacobian_batch_size": 64, "jacobian_weight": 1.0, "keep_pinned_targets": true, "lambda_margin": 1.0, "model": "ResNet20BN", "no_resume": true, "num_poisons": 500, "num_surrogates": 20, "num_targets": 10, "num_victims": 6, "out_dir": "/tmp/PoisonBase_victim_transfer_fresh/victim_transfer_fresh_20260917_result", "pair_order": "poison-target", "parallel_pretrain": true, "parallel_targets": true, "precompute_id": null, "precompute_only": false, "precompute_part": "both", "rank_on_victims": true, "recompute_deltas": true, "require_correct_target": false, "restarts": 8, "seed": 42, "sel_K": 20, "sel_alpha": 1.0, "sel_criterion": null, "sel_dpp": false, "sel_filter": false, "sel_mmr": false, "sel_mode": null, "sel_model": null, "sel_mu": 1.0, "sel_pca": false, "sel_pool": 3.0, "sharp_mode": "worst", "sharp_samples": 20, "sharp_sigma": 0.05, "steal_timeout": 7200.0, "surrogate_aug": false, "surrogate_bs": 128, "surrogate_decay": [35, 45], "surrogate_epochs": 60, "surrogate_lr": 0.1, "surrogate_wd": 0.0, "target_idx_file": "/tmp/PoisonBase_victim_transfer_fresh/target_sets/ResNet20BN_gradmatch_dog-bird.json", "target_select": 14, "use_jacobian_score": false, "victim_aug": false, "victim_bs": 125, "victim_decay": [40], "victim_epochs": 50, "victim_lr": 0.1, "victim_model": "ResNet20BN", "victim_wd": 0.0}
[2026-09-17 10:24:17] Jacobian score: disabled
[2026-09-17 10:24:17] N_total=50000 budget=0.005 -> N_p=250 poisons, y_adv=5(dog) target_class=2(bird)
[2026-09-17 10:24:17] === selection/crafting surrogates (20 x ResNet20BN, trained on the full real set) ===
[2026-09-17 10:24:18]   crafting on 5/20 surrogates
[2026-09-17 10:24:18] === clean victims (6 x ResNet20BN) ===
[2026-09-17 10:24:19]   clean baseline CTA = 0.8354 +/- 0.0043
[2026-09-17 10:24:19]   chosen 10 targets (file, fixed across victim architectures), p_adv range 0.0001..0.3539
[2026-09-17 10:24:19]   targets: [5118, 8740, 5324, 4630, 833, 2065, 7056, 9059, 6707, 9874]
[2026-09-17 10:24:19] === target 5118 (1/10) ===
[2026-09-17 10:32:04]   target 5118: crafted 250 poisons in 464 s, obj=0.20278
[2026-09-17 10:32:04]   target 5118: realized linf = 0.03137 (8.00/255), budget = 8.00/255
[2026-09-17 10:33:40]   [t5118 v1/6] SUCCESS (pred=dog) CTA=0.8417
[2026-09-17 10:35:15]   [t5118 v2/6] SUCCESS (pred=dog) CTA=0.8408
[2026-09-17 10:36:51]   [t5118 v3/6] SUCCESS (pred=dog) CTA=0.8418
[2026-09-17 10:38:26]   [t5118 v4/6] SUCCESS (pred=dog) CTA=0.8384
[2026-09-17 10:40:02]   [t5118 v5/6] SUCCESS (pred=dog) CTA=0.8417
[2026-09-17 10:41:37]   [t5118 v6/6] SUCCESS (pred=dog) CTA=0.8348
[2026-09-17 10:41:37]   target 5118, 6 victims on this gpu: ASR=100.0% CTA=0.8399 +/- 0.0026
[2026-09-17 10:41:37] === target 8740 (2/10) ===
[2026-09-17 10:49:22]   target 8740: crafted 250 poisons in 463 s, obj=0.18519
[2026-09-17 10:49:22]   target 8740: realized linf = 0.03137 (8.00/255), budget = 8.00/255
[2026-09-17 10:50:57]   [t8740 v1/6] SUCCESS (pred=dog) CTA=0.8354
[2026-09-17 10:52:33]   [t8740 v2/6] SUCCESS (pred=dog) CTA=0.8392
[2026-09-17 10:54:08]   [t8740 v3/6] SUCCESS (pred=dog) CTA=0.8322
[2026-09-17 10:55:44]   [t8740 v4/6] SUCCESS (pred=dog) CTA=0.8400
[2026-09-17 10:57:19]   [t8740 v5/6] fail (pred=cat) CTA=0.8447
[2026-09-17 10:58:55]   [t8740 v6/6] SUCCESS (pred=dog) CTA=0.8387
[2026-09-17 10:58:55]   target 8740, 6 victims on this gpu: ASR=83.3% CTA=0.8384 +/- 0.0039
[2026-09-17 10:58:55] === target 5324 (3/10) ===
