gpu: NVIDIA L40S
targets: 10 pinned IDs: 5118 8740 5324 4630 833 2065 7056 9059 6707 9874
job: 968144 vxf041_sapa_b0002_k10_ar20_vr20 on rack15-15
config: attack=sapa budget=0.002 K=10 S=A=ResNet20BN V=ResNet20BN base=ours jacobian=off craft_steps=250 targets=10 victims=6 FORCE=fresh
protocol: S=A=ResNet20BN V=ResNet20BN K=10
protocol: fresh base selection + fresh poison optimization (FORCE)
output: /home/mmoslem3/scratch/PoisonBase/victim_transfer_fresh_20260917_result/CIFAR10_ResNet20BN_sapa_ours_dog-bird_b0.002_eps8_seed42_lam1_cosine_K10_worst0.05_ce5_tgt14
[2026-09-17 09:48:10] === run start: CIFAR10_ResNet20BN_sapa_ours_dog-bird_b0.002_eps8_seed42_lam1_cosine_K10_worst0.05_ce5_tgt14 on cuda [0] ===
[2026-09-17 09:48:10] args: {"FORCE": true, "attack": "sapa", "base": "ours", "base_dist": "cosine", "base_topr": null, "budget": 0.002, "cache_dir": "/tmp/PoisonBase_victim_transfer_fresh/cache", "class_pair": "dog-bird", "clean_baseline": true, "craft_alpha": 0.0039216, "craft_aug": true, "craft_batch": 256, "craft_ensemble": 5, "craft_lowmem": false, "craft_schedule": false, "craft_steps": 250, "data_path": "/tmp/PoisonBase_victim_transfer_fresh/data", "dataset": "CIFAR10", "distance_margin_coef": null, "dsa_strategy": "color_crop_cutout_flip_scale_rotate", "epsilon": 0.0313725, "fast_gradmatch": false, "fc_mode": "sample", "fc_restarts": 1, "gpus": "all", "jacobian_batch_size": 64, "jacobian_weight": 1.0, "keep_pinned_targets": true, "lambda_margin": 1.0, "model": "ResNet20BN", "no_resume": true, "num_poisons": 500, "num_surrogates": 20, "num_targets": 10, "num_victims": 6, "out_dir": "/tmp/PoisonBase_victim_transfer_fresh/victim_transfer_fresh_20260917_result", "pair_order": "poison-target", "parallel_pretrain": true, "parallel_targets": true, "precompute_id": null, "precompute_only": false, "precompute_part": "both", "rank_on_victims": true, "recompute_deltas": true, "require_correct_target": false, "restarts": 8, "seed": 42, "sel_K": 10, "sel_alpha": 1.0, "sel_criterion": null, "sel_dpp": false, "sel_filter": false, "sel_mmr": false, "sel_mode": null, "sel_model": null, "sel_mu": 1.0, "sel_pca": false, "sel_pool": 3.0, "sharp_mode": "worst", "sharp_samples": 20, "sharp_sigma": 0.05, "steal_timeout": 7200.0, "surrogate_aug": false, "surrogate_bs": 128, "surrogate_decay": [35, 45], "surrogate_epochs": 60, "surrogate_lr": 0.1, "surrogate_wd": 0.0, "target_idx_file": "/tmp/PoisonBase_victim_transfer_fresh/target_sets/ResNet20BN_gradmatch_dog-bird.json", "target_select": 14, "use_jacobian_score": false, "victim_aug": false, "victim_bs": 125, "victim_decay": [40], "victim_epochs": 50, "victim_lr": 0.1, "victim_model": "ResNet20BN", "victim_wd": 0.0}
[2026-09-17 09:48:10] Jacobian score: disabled
[2026-09-17 09:48:10] N_total=50000 budget=0.002 -> N_p=100 poisons, y_adv=5(dog) target_class=2(bird)
[2026-09-17 09:48:10] === selection/crafting surrogates (20 x ResNet20BN, trained on the full real set) ===
[2026-09-17 09:48:10]   crafting on 5/20 surrogates
[2026-09-17 09:48:10] === clean victims (6 x ResNet20BN) ===
[2026-09-17 09:48:11]   clean baseline CTA = 0.8354 +/- 0.0043
[2026-09-17 09:48:11]   chosen 10 targets (file, fixed across victim architectures), p_adv range 0.0001..0.3539
[2026-09-17 09:48:11]   targets: [5118, 8740, 5324, 4630, 833, 2065, 7056, 9059, 6707, 9874]
[2026-09-17 09:48:11] === target 5118 (1/10) ===
[2026-09-17 09:52:06]   target 5118: crafted 100 poisons in 235 s, obj=0.21455
[2026-09-17 09:52:06]   target 5118: realized linf = 0.03137 (8.00/255), budget = 8.00/255
[2026-09-17 09:53:43]   [t5118 v1/6] SUCCESS (pred=dog) CTA=0.8348
[2026-09-17 09:55:19]   [t5118 v2/6] SUCCESS (pred=dog) CTA=0.8394
[2026-09-17 09:56:56]   [t5118 v3/6] SUCCESS (pred=dog) CTA=0.8295
[2026-09-17 09:58:32]   [t5118 v4/6] SUCCESS (pred=dog) CTA=0.8415
[2026-09-17 10:00:08]   [t5118 v5/6] SUCCESS (pred=dog) CTA=0.8396
[2026-09-17 10:01:45]   [t5118 v6/6] fail (pred=bird) CTA=0.8389
[2026-09-17 10:01:45]   target 5118, 6 victims on this gpu: ASR=83.3% CTA=0.8373 +/- 0.0040
[2026-09-17 10:01:45] === target 8740 (2/10) ===
[2026-09-17 10:05:40]   target 8740: crafted 100 poisons in 235 s, obj=0.19322
[2026-09-17 10:05:40]   target 8740: realized linf = 0.03137 (8.00/255), budget = 8.00/255
[2026-09-17 10:07:16]   [t8740 v1/6] fail (pred=bird) CTA=0.8364
[2026-09-17 10:08:53]   [t8740 v2/6] SUCCESS (pred=dog) CTA=0.8362
[2026-09-17 10:10:29]   [t8740 v3/6] SUCCESS (pred=dog) CTA=0.8323
[2026-09-17 10:12:06]   [t8740 v4/6] fail (pred=cat) CTA=0.8392
[2026-09-17 10:13:42]   [t8740 v5/6] SUCCESS (pred=dog) CTA=0.8379
[2026-09-17 10:15:19]   [t8740 v6/6] SUCCESS (pred=dog) CTA=0.8439
[2026-09-17 10:15:19]   target 8740, 6 victims on this gpu: ASR=66.7% CTA=0.8377 +/- 0.0035
[2026-09-17 10:15:19] === target 5324 (3/10) ===
[2026-09-17 10:19:14]   target 5324: crafted 100 poisons in 235 s, obj=0.21890
[2026-09-17 10:19:14]   target 5324: realized linf = 0.03137 (8.00/255), budget = 8.00/255
[2026-09-17 10:20:50]   [t5324 v1/6] fail (pred=truck) CTA=0.8390
[2026-09-17 10:22:27]   [t5324 v2/6] fail (pred=cat) CTA=0.8335
[2026-09-17 10:24:03]   [t5324 v3/6] fail (pred=cat) CTA=0.8386
[2026-09-17 10:25:40]   [t5324 v4/6] fail (pred=cat) CTA=0.8317
[2026-09-17 10:27:16]   [t5324 v5/6] SUCCESS (pred=dog) CTA=0.8415
[2026-09-17 10:28:53]   [t5324 v6/6] SUCCESS (pred=dog) CTA=0.8400
[2026-09-17 10:28:53]   target 5324, 6 victims on this gpu: ASR=33.3% CTA=0.8374 +/- 0.0035
[2026-09-17 10:28:53] === target 4630 (4/10) ===
[2026-09-17 10:32:48]   target 4630: crafted 100 poisons in 235 s, obj=0.18574
[2026-09-17 10:32:48]   target 4630: realized linf = 0.03137 (8.00/255), budget = 8.00/255
[2026-09-17 10:34:24]   [t4630 v1/6] fail (pred=bird) CTA=0.8416
[2026-09-17 10:36:01]   [t4630 v2/6] SUCCESS (pred=dog) CTA=0.8355
[2026-09-17 10:37:37]   [t4630 v3/6] fail (pred=bird) CTA=0.8355
[2026-09-17 10:39:13]   [t4630 v4/6] SUCCESS (pred=dog) CTA=0.8354
[2026-09-17 10:40:50]   [t4630 v5/6] SUCCESS (pred=dog) CTA=0.8382
[2026-09-17 10:42:26]   [t4630 v6/6] SUCCESS (pred=dog) CTA=0.8363
[2026-09-17 10:42:26]   target 4630, 6 victims on this gpu: ASR=66.7% CTA=0.8371 +/- 0.0022
[2026-09-17 10:42:26] === target 833 (5/10) ===
[2026-09-17 10:46:21]   target 833: crafted 100 poisons in 235 s, obj=0.20094
[2026-09-17 10:46:21]   target 833: realized linf = 0.03137 (8.00/255), budget = 8.00/255
[2026-09-17 10:47:58]   [t833 v1/6] SUCCESS (pred=dog) CTA=0.8321
[2026-09-17 10:49:35]   [t833 v2/6] SUCCESS (pred=dog) CTA=0.8425
[2026-09-17 10:51:11]   [t833 v3/6] SUCCESS (pred=dog) CTA=0.8402
[2026-09-17 10:52:47]   [t833 v4/6] SUCCESS (pred=dog) CTA=0.8414
[2026-09-17 10:54:24]   [t833 v5/6] SUCCESS (pred=dog) CTA=0.8386
[2026-09-17 10:56:00]   [t833 v6/6] fail (pred=bird) CTA=0.8358
[2026-09-17 10:56:00]   target 833, 6 victims on this gpu: ASR=83.3% CTA=0.8384 +/- 0.0035
[2026-09-17 10:56:00] === target 2065 (6/10) ===
[2026-09-17 10:59:55]   target 2065: crafted 100 poisons in 234 s, obj=0.19789
[2026-09-17 10:59:55]   target 2065: realized linf = 0.03137 (8.00/255), budget = 8.00/255
[2026-09-17 11:01:32]   [t2065 v1/6] fail (pred=deer) CTA=0.8380
