gpu: NVIDIA L40S
targets: 10 pinned IDs: 5118 8740 5324 4630 833 2065 7056 9059 6707 9874
job: 968153 vxf050_sapa_b0002_k20_ar20_vr20 on rack15-08
config: attack=sapa budget=0.002 K=20 S=A=ResNet20BN V=ResNet20BN base=ours jacobian=off craft_steps=250 targets=10 victims=6 FORCE=fresh
protocol: S=A=ResNet20BN V=ResNet20BN K=20
protocol: fresh base selection + fresh poison optimization (FORCE)
output: /home/mmoslem3/scratch/PoisonBase/victim_transfer_fresh_20260917_result/CIFAR10_ResNet20BN_sapa_ours_dog-bird_b0.002_eps8_seed42_lam1_cosine_K20_worst0.05_ce5_tgt14
[2026-09-17 10:05:16] === run start: CIFAR10_ResNet20BN_sapa_ours_dog-bird_b0.002_eps8_seed42_lam1_cosine_K20_worst0.05_ce5_tgt14 on cuda [0] ===
[2026-09-17 10:05:16] args: {"FORCE": true, "attack": "sapa", "base": "ours", "base_dist": "cosine", "base_topr": null, "budget": 0.002, "cache_dir": "/tmp/PoisonBase_victim_transfer_fresh/cache", "class_pair": "dog-bird", "clean_baseline": true, "craft_alpha": 0.0039216, "craft_aug": true, "craft_batch": 256, "craft_ensemble": 5, "craft_lowmem": false, "craft_schedule": false, "craft_steps": 250, "data_path": "/tmp/PoisonBase_victim_transfer_fresh/data", "dataset": "CIFAR10", "distance_margin_coef": null, "dsa_strategy": "color_crop_cutout_flip_scale_rotate", "epsilon": 0.0313725, "fast_gradmatch": false, "fc_mode": "sample", "fc_restarts": 1, "gpus": "all", "jacobian_batch_size": 64, "jacobian_weight": 1.0, "keep_pinned_targets": true, "lambda_margin": 1.0, "model": "ResNet20BN", "no_resume": true, "num_poisons": 500, "num_surrogates": 20, "num_targets": 10, "num_victims": 6, "out_dir": "/tmp/PoisonBase_victim_transfer_fresh/victim_transfer_fresh_20260917_result", "pair_order": "poison-target", "parallel_pretrain": true, "parallel_targets": true, "precompute_id": null, "precompute_only": false, "precompute_part": "both", "rank_on_victims": true, "recompute_deltas": true, "require_correct_target": false, "restarts": 8, "seed": 42, "sel_K": 20, "sel_alpha": 1.0, "sel_criterion": null, "sel_dpp": false, "sel_filter": false, "sel_mmr": false, "sel_mode": null, "sel_model": null, "sel_mu": 1.0, "sel_pca": false, "sel_pool": 3.0, "sharp_mode": "worst", "sharp_samples": 20, "sharp_sigma": 0.05, "steal_timeout": 7200.0, "surrogate_aug": false, "surrogate_bs": 128, "surrogate_decay": [35, 45], "surrogate_epochs": 60, "surrogate_lr": 0.1, "surrogate_wd": 0.0, "target_idx_file": "/tmp/PoisonBase_victim_transfer_fresh/target_sets/ResNet20BN_gradmatch_dog-bird.json", "target_select": 14, "use_jacobian_score": false, "victim_aug": false, "victim_bs": 125, "victim_decay": [40], "victim_epochs": 50, "victim_lr": 0.1, "victim_model": "ResNet20BN", "victim_wd": 0.0}
[2026-09-17 10:05:16] Jacobian score: disabled
[2026-09-17 10:05:16] N_total=50000 budget=0.002 -> N_p=100 poisons, y_adv=5(dog) target_class=2(bird)
[2026-09-17 10:05:16] === selection/crafting surrogates (20 x ResNet20BN, trained on the full real set) ===
[2026-09-17 10:05:16]   crafting on 5/20 surrogates
[2026-09-17 10:05:16] === clean victims (6 x ResNet20BN) ===
[2026-09-17 10:05:17]   clean baseline CTA = 0.8354 +/- 0.0043
[2026-09-17 10:05:17]   chosen 10 targets (file, fixed across victim architectures), p_adv range 0.0001..0.3539
[2026-09-17 10:05:17]   targets: [5118, 8740, 5324, 4630, 833, 2065, 7056, 9059, 6707, 9874]
[2026-09-17 10:05:18] === target 5118 (1/10) ===
[2026-09-17 10:09:15]   target 5118: crafted 100 poisons in 236 s, obj=0.21339
[2026-09-17 10:09:15]   target 5118: realized linf = 0.03137 (8.00/255), budget = 8.00/255
[2026-09-17 10:10:52]   [t5118 v1/6] SUCCESS (pred=dog) CTA=0.8427
[2026-09-17 10:12:28]   [t5118 v2/6] SUCCESS (pred=dog) CTA=0.8434
[2026-09-17 10:14:04]   [t5118 v3/6] SUCCESS (pred=dog) CTA=0.8403
[2026-09-17 10:15:40]   [t5118 v4/6] SUCCESS (pred=dog) CTA=0.8434
[2026-09-17 10:17:16]   [t5118 v5/6] SUCCESS (pred=dog) CTA=0.8310
[2026-09-17 10:18:52]   [t5118 v6/6] SUCCESS (pred=dog) CTA=0.8363
[2026-09-17 10:18:52]   target 5118, 6 victims on this gpu: ASR=100.0% CTA=0.8395 +/- 0.0045
[2026-09-17 10:18:52] === target 8740 (2/10) ===
[2026-09-17 10:22:48]   target 8740: crafted 100 poisons in 235 s, obj=0.19817
[2026-09-17 10:22:48]   target 8740: realized linf = 0.03137 (8.00/255), budget = 8.00/255
[2026-09-17 10:24:25]   [t8740 v1/6] fail (pred=bird) CTA=0.8317
[2026-09-17 10:26:01]   [t8740 v2/6] SUCCESS (pred=dog) CTA=0.8375
[2026-09-17 10:27:37]   [t8740 v3/6] fail (pred=cat) CTA=0.8361
[2026-09-17 10:29:13]   [t8740 v4/6] SUCCESS (pred=dog) CTA=0.8304
[2026-09-17 10:30:49]   [t8740 v5/6] SUCCESS (pred=dog) CTA=0.8397
[2026-09-17 10:32:26]   [t8740 v6/6] SUCCESS (pred=dog) CTA=0.8407
[2026-09-17 10:32:26]   target 8740, 6 victims on this gpu: ASR=66.7% CTA=0.8360 +/- 0.0038
[2026-09-17 10:32:26] === target 5324 (3/10) ===
[2026-09-17 10:36:22]   target 5324: crafted 100 poisons in 235 s, obj=0.21638
[2026-09-17 10:36:22]   target 5324: realized linf = 0.03137 (8.00/255), budget = 8.00/255
[2026-09-17 10:37:58]   [t5324 v1/6] fail (pred=cat) CTA=0.8376
[2026-09-17 10:39:34]   [t5324 v2/6] fail (pred=truck) CTA=0.8380
[2026-09-17 10:41:10]   [t5324 v3/6] fail (pred=ship) CTA=0.8427
[2026-09-17 10:42:47]   [t5324 v4/6] SUCCESS (pred=dog) CTA=0.8320
[2026-09-17 10:44:23]   [t5324 v5/6] fail (pred=truck) CTA=0.8404
[2026-09-17 10:45:59]   [t5324 v6/6] fail (pred=ship) CTA=0.8337
[2026-09-17 10:45:59]   target 5324, 6 victims on this gpu: ASR=16.7% CTA=0.8374 +/- 0.0037
[2026-09-17 10:45:59] === target 4630 (4/10) ===
[2026-09-17 10:49:56]   target 4630: crafted 100 poisons in 235 s, obj=0.18670
[2026-09-17 10:49:56]   target 4630: realized linf = 0.03137 (8.00/255), budget = 8.00/255
[2026-09-17 10:51:32]   [t4630 v1/6] SUCCESS (pred=dog) CTA=0.8370
[2026-09-17 10:53:08]   [t4630 v2/6] fail (pred=cat) CTA=0.8366
[2026-09-17 10:54:44]   [t4630 v3/6] SUCCESS (pred=dog) CTA=0.8395
[2026-09-17 10:56:20]   [t4630 v4/6] SUCCESS (pred=dog) CTA=0.8379
[2026-09-17 10:57:57]   [t4630 v5/6] fail (pred=frog) CTA=0.8421
[2026-09-17 10:59:33]   [t4630 v6/6] SUCCESS (pred=dog) CTA=0.8417
[2026-09-17 10:59:33]   target 4630, 6 victims on this gpu: ASR=66.7% CTA=0.8391 +/- 0.0022
[2026-09-17 10:59:33] === target 833 (5/10) ===
[2026-09-17 11:03:29]   target 833: crafted 100 poisons in 235 s, obj=0.20154
[2026-09-17 11:03:29]   target 833: realized linf = 0.03137 (8.00/255), budget = 8.00/255
[2026-09-17 11:05:06]   [t833 v1/6] SUCCESS (pred=dog) CTA=0.8389
[2026-09-17 11:06:42]   [t833 v2/6] fail (pred=bird) CTA=0.8383
[2026-09-17 11:08:19]   [t833 v3/6] fail (pred=bird) CTA=0.8354
[2026-09-17 11:09:55]   [t833 v4/6] SUCCESS (pred=dog) CTA=0.8381
[2026-09-17 11:11:31]   [t833 v5/6] fail (pred=bird) CTA=0.8370
[2026-09-17 11:13:07]   [t833 v6/6] fail (pred=bird) CTA=0.8345
[2026-09-17 11:13:07]   target 833, 6 victims on this gpu: ASR=33.3% CTA=0.8370 +/- 0.0016
[2026-09-17 11:13:07] === target 2065 (6/10) ===
[2026-09-17 11:17:04]   target 2065: crafted 100 poisons in 235 s, obj=0.19545
[2026-09-17 11:17:04]   target 2065: realized linf = 0.03137 (8.00/255), budget = 8.00/255
[2026-09-17 11:18:40]   [t2065 v1/6] SUCCESS (pred=dog) CTA=0.8377
[2026-09-17 11:20:16]   [t2065 v2/6] SUCCESS (pred=dog) CTA=0.8397
[2026-09-17 11:21:52]   [t2065 v3/6] SUCCESS (pred=dog) CTA=0.8375
[2026-09-17 11:23:29]   [t2065 v4/6] SUCCESS (pred=dog) CTA=0.8384
[2026-09-17 11:25:05]   [t2065 v5/6] SUCCESS (pred=dog) CTA=0.8356
[2026-09-17 11:26:41]   [t2065 v6/6] fail (pred=deer) CTA=0.8313
[2026-09-17 11:26:41]   target 2065, 6 victims on this gpu: ASR=83.3% CTA=0.8367 +/- 0.0027
[2026-09-17 11:26:41] === target 7056 (7/10) ===
[2026-09-17 11:30:37]   target 7056: crafted 100 poisons in 235 s, obj=0.24049
[2026-09-17 11:30:37]   target 7056: realized linf = 0.03137 (8.00/255), budget = 8.00/255
[2026-09-17 11:32:14]   [t7056 v1/6] SUCCESS (pred=dog) CTA=0.8415
[2026-09-17 11:33:50]   [t7056 v2/6] fail (pred=bird) CTA=0.8327
[2026-09-17 11:35:26]   [t7056 v3/6] SUCCESS (pred=dog) CTA=0.8411
[2026-09-17 11:37:03]   [t7056 v4/6] fail (pred=bird) CTA=0.8372
[2026-09-17 11:38:39]   [t7056 v5/6] fail (pred=bird) CTA=0.8390
[2026-09-17 11:40:15]   [t7056 v6/6] fail (pred=bird) CTA=0.8352
[2026-09-17 11:40:15]   target 7056, 6 victims on this gpu: ASR=33.3% CTA=0.8378 +/- 0.0031
[2026-09-17 11:40:15] === target 9059 (8/10) ===
[2026-09-17 11:44:11]   target 9059: crafted 100 poisons in 235 s, obj=0.22183
[2026-09-17 11:44:11]   target 9059: realized linf = 0.03137 (8.00/255), budget = 8.00/255
[2026-09-17 11:45:48]   [t9059 v1/6] SUCCESS (pred=dog) CTA=0.8397
[2026-09-17 11:47:24]   [t9059 v2/6] SUCCESS (pred=dog) CTA=0.8383
[2026-09-17 11:49:00]   [t9059 v3/6] fail (pred=bird) CTA=0.8399
[2026-09-17 11:50:37]   [t9059 v4/6] SUCCESS (pred=dog) CTA=0.8431
[2026-09-17 11:52:13]   [t9059 v5/6] fail (pred=cat) CTA=0.8389
[2026-09-17 11:53:49]   [t9059 v6/6] fail (pred=bird) CTA=0.8441
[2026-09-17 11:53:49]   target 9059, 6 victims on this gpu: ASR=50.0% CTA=0.8407 +/- 0.0022
[2026-09-17 11:53:49] === target 6707 (9/10) ===
[2026-09-17 11:57:46]   target 6707: crafted 100 poisons in 236 s, obj=0.20465
[2026-09-17 11:57:46]   target 6707: realized linf = 0.03137 (8.00/255), budget = 8.00/255
[2026-09-17 11:59:23]   [t6707 v1/6] SUCCESS (pred=dog) CTA=0.8375
[2026-09-17 12:00:59]   [t6707 v2/6] SUCCESS (pred=dog) CTA=0.8394
[2026-09-17 12:02:35]   [t6707 v3/6] SUCCESS (pred=dog) CTA=0.8392
[2026-09-17 12:04:11]   [t6707 v4/6] fail (pred=cat) CTA=0.8410
[2026-09-17 12:05:47]   [t6707 v5/6] fail (pred=bird) CTA=0.8432
[2026-09-17 12:07:24]   [t6707 v6/6] SUCCESS (pred=dog) CTA=0.8389
[2026-09-17 12:07:24]   target 6707, 6 victims on this gpu: ASR=66.7% CTA=0.8399 +/- 0.0018
[2026-09-17 12:07:24] === target 9874 (10/10) ===
[2026-09-17 12:11:20]   target 9874: crafted 100 poisons in 235 s, obj=0.18322
[2026-09-17 12:11:20]   target 9874: realized linf = 0.03137 (8.00/255), budget = 8.00/255
[2026-09-17 12:12:57]   [t9874 v1/6] SUCCESS (pred=dog) CTA=0.8365
[2026-09-17 12:14:33]   [t9874 v2/6] SUCCESS (pred=dog) CTA=0.8369
[2026-09-17 12:16:09]   [t9874 v3/6] SUCCESS (pred=dog) CTA=0.8335
[2026-09-17 12:17:46]   [t9874 v4/6] SUCCESS (pred=dog) CTA=0.8441
[2026-09-17 12:19:22]   [t9874 v5/6] SUCCESS (pred=dog) CTA=0.8435
[2026-09-17 12:20:58]   [t9874 v6/6] SUCCESS (pred=dog) CTA=0.8383
[2026-09-17 12:20:58]   target 9874, 6 victims on this gpu: ASR=100.0% CTA=0.8388 +/- 0.0038
[2026-09-17 12:20:58] ==== CIFAR10_ResNet20BN_sapa_ours_dog-bird_b0.002_eps8_seed42_lam1_cosine_K20_worst0.05_ce5_tgt14 : ASR = 61.7% +/- 26.9% | CTA = 0.8383 (baseline 0.8354) ====
[2026-09-17 12:20:58]   target-prediction tally ['airplane', 'automobile', 'bird', 'cat', 'deer', 'dog', 'frog', 'horse', 'ship', 'truck']: [0, 0, 12, 5, 1, 37, 1, 0, 2, 2]
verified: 10 targets x 6 victims = 60 evaluations; 10 poison caches
sync: CIFAR10_ResNet20BN_sapa_ours_dog-bird_b0.002_eps8_seed42_lam1_cosine_K20_worst0.05_ce5_tgt14 -> /home/mmoslem3/scratch/PoisonBase/victim_transfer_fresh_20260917_result
