gpu: NVIDIA L40S
targets: 10 pinned IDs: 5118 8740 5324 4630 833 2065 7056 9059 6707 9874
job: 968170 vxf067_sapa_b0005_k20_ar20_vconv on rack01-03
config: attack=sapa budget=0.005 K=20 S=A=ResNet20BN V=ConvNetBN base=ours jacobian=off craft_steps=250 targets=10 victims=6 FORCE=fresh
protocol: S=A=ResNet20BN V=ConvNetBN K=20
protocol: fresh base selection + fresh poison optimization (FORCE)
output: /home/mmoslem3/scratch/PoisonBase/victim_transfer_fresh_20260917_result/CIFAR10_ResNet20BN_sapa_ours_dog-bird_b0.005_eps8_seed42_lam1_cosine_victimarchConvNetBN_K20_worst0.05_ce5_tgt14
[2026-09-17 10:23:19] === run start: CIFAR10_ResNet20BN_sapa_ours_dog-bird_b0.005_eps8_seed42_lam1_cosine_victimarchConvNetBN_K20_worst0.05_ce5_tgt14 on cuda [0] ===
[2026-09-17 10:23:19] args: {"FORCE": true, "attack": "sapa", "base": "ours", "base_dist": "cosine", "base_topr": null, "budget": 0.005, "cache_dir": "/tmp/PoisonBase_victim_transfer_fresh/cache", "class_pair": "dog-bird", "clean_baseline": true, "craft_alpha": 0.0039216, "craft_aug": true, "craft_batch": 256, "craft_ensemble": 5, "craft_lowmem": false, "craft_schedule": false, "craft_steps": 250, "data_path": "/tmp/PoisonBase_victim_transfer_fresh/data", "dataset": "CIFAR10", "distance_margin_coef": null, "dsa_strategy": "color_crop_cutout_flip_scale_rotate", "epsilon": 0.0313725, "fast_gradmatch": false, "fc_mode": "sample", "fc_restarts": 1, "gpus": "all", "jacobian_batch_size": 64, "jacobian_weight": 1.0, "keep_pinned_targets": true, "lambda_margin": 1.0, "model": "ResNet20BN", "no_resume": true, "num_poisons": 500, "num_surrogates": 20, "num_targets": 10, "num_victims": 6, "out_dir": "/tmp/PoisonBase_victim_transfer_fresh/victim_transfer_fresh_20260917_result", "pair_order": "poison-target", "parallel_pretrain": true, "parallel_targets": true, "precompute_id": null, "precompute_only": false, "precompute_part": "both", "rank_on_victims": true, "recompute_deltas": true, "require_correct_target": false, "restarts": 8, "seed": 42, "sel_K": 20, "sel_alpha": 1.0, "sel_criterion": null, "sel_dpp": false, "sel_filter": false, "sel_mmr": false, "sel_mode": null, "sel_model": null, "sel_mu": 1.0, "sel_pca": false, "sel_pool": 3.0, "sharp_mode": "worst", "sharp_samples": 20, "sharp_sigma": 0.05, "steal_timeout": 7200.0, "surrogate_aug": false, "surrogate_bs": 128, "surrogate_decay": [35, 45], "surrogate_epochs": 60, "surrogate_lr": 0.1, "surrogate_wd": 0.0, "target_idx_file": "/tmp/PoisonBase_victim_transfer_fresh/target_sets/ResNet20BN_gradmatch_dog-bird.json", "target_select": 14, "use_jacobian_score": false, "victim_aug": false, "victim_bs": 125, "victim_decay": [40], "victim_epochs": 50, "victim_lr": 0.1, "victim_model": "ConvNetBN", "victim_wd": 0.0}
[2026-09-17 10:23:19] Jacobian score: disabled
[2026-09-17 10:23:19] N_total=50000 budget=0.005 -> N_p=250 poisons, y_adv=5(dog) target_class=2(bird)
[2026-09-17 10:23:19] === selection/crafting surrogates (20 x ResNet20BN, trained on the full real set) ===
[2026-09-17 10:23:19]   crafting on 5/20 surrogates
[2026-09-17 10:23:19] === clean victims (6 x ConvNetBN) ===
[2026-09-17 10:23:20]   clean baseline CTA = 0.8127 +/- 0.0074
[2026-09-17 10:23:20]   chosen 10 targets (file, fixed across victim architectures), p_adv range 0.0000..0.2882
[2026-09-17 10:23:20]   targets: [5118, 8740, 5324, 4630, 833, 2065, 7056, 9059, 6707, 9874]
[2026-09-17 10:23:20] === target 5118 (1/10) ===
[2026-09-17 10:31:08]   target 5118: crafted 250 poisons in 466 s, obj=0.20299
[2026-09-17 10:31:08]   target 5118: realized linf = 0.03137 (8.00/255), budget = 8.00/255
[2026-09-17 10:31:59]   [t5118 v1/6] fail (pred=bird) CTA=0.8006
[2026-09-17 10:32:49]   [t5118 v2/6] fail (pred=bird) CTA=0.7778
[2026-09-17 10:33:39]   [t5118 v3/6] SUCCESS (pred=dog) CTA=0.8000
[2026-09-17 10:34:28]   [t5118 v4/6] SUCCESS (pred=dog) CTA=0.7883
[2026-09-17 10:35:18]   [t5118 v5/6] SUCCESS (pred=dog) CTA=0.7983
[2026-09-17 10:36:08]   [t5118 v6/6] fail (pred=cat) CTA=0.8034
[2026-09-17 10:36:08]   target 5118, 6 victims on this gpu: ASR=50.0% CTA=0.7947 +/- 0.0089
[2026-09-17 10:36:08] === target 8740 (2/10) ===
[2026-09-17 10:43:55]   target 8740: crafted 250 poisons in 466 s, obj=0.18522
[2026-09-17 10:43:55]   target 8740: realized linf = 0.03137 (8.00/255), budget = 8.00/255
[2026-09-17 10:44:47]   [t8740 v1/6] SUCCESS (pred=dog) CTA=0.7862
[2026-09-17 10:45:37]   [t8740 v2/6] fail (pred=bird) CTA=0.7987
[2026-09-17 10:46:27]   [t8740 v3/6] fail (pred=bird) CTA=0.8121
[2026-09-17 10:47:16]   [t8740 v4/6] fail (pred=bird) CTA=0.8125
[2026-09-17 10:48:06]   [t8740 v5/6] fail (pred=bird) CTA=0.8154
[2026-09-17 10:48:56]   [t8740 v6/6] fail (pred=bird) CTA=0.8160
[2026-09-17 10:48:56]   target 8740, 6 victims on this gpu: ASR=16.7% CTA=0.8068 +/- 0.0109
[2026-09-17 10:48:56] === target 5324 (3/10) ===
