gpu: NVIDIA L40S
targets: 10 pinned IDs: 5118 8740 5324 4630 833 2065 7056 9059 6707 9874
job: 968154 vxf051_sapa_b0002_k20_ar20_vvgg on rack01-05
config: attack=sapa budget=0.002 K=20 S=A=ResNet20BN V=VGG13BN base=ours jacobian=off craft_steps=250 targets=10 victims=6 FORCE=fresh
protocol: S=A=ResNet20BN V=VGG13BN K=20
protocol: fresh base selection + fresh poison optimization (FORCE)
output: /home/mmoslem3/scratch/PoisonBase/victim_transfer_fresh_20260917_result/CIFAR10_ResNet20BN_sapa_ours_dog-bird_b0.002_eps8_seed42_lam1_cosine_victimarchVGG13BN_K20_worst0.05_ce5_tgt14
[2026-09-17 08:18:43] === run start: CIFAR10_ResNet20BN_sapa_ours_dog-bird_b0.002_eps8_seed42_lam1_cosine_victimarchVGG13BN_K20_worst0.05_ce5_tgt14 on cuda [0] ===
[2026-09-17 08:18:43] args: {"FORCE": true, "attack": "sapa", "base": "ours", "base_dist": "cosine", "base_topr": null, "budget": 0.002, "cache_dir": "/tmp/PoisonBase_victim_transfer_fresh/cache", "class_pair": "dog-bird", "clean_baseline": true, "craft_alpha": 0.0039216, "craft_aug": true, "craft_batch": 256, "craft_ensemble": 5, "craft_lowmem": false, "craft_schedule": false, "craft_steps": 250, "data_path": "/tmp/PoisonBase_victim_transfer_fresh/data", "dataset": "CIFAR10", "distance_margin_coef": null, "dsa_strategy": "color_crop_cutout_flip_scale_rotate", "epsilon": 0.0313725, "fast_gradmatch": false, "fc_mode": "sample", "fc_restarts": 1, "gpus": "all", "jacobian_batch_size": 64, "jacobian_weight": 1.0, "keep_pinned_targets": true, "lambda_margin": 1.0, "model": "ResNet20BN", "no_resume": true, "num_poisons": 500, "num_surrogates": 20, "num_targets": 10, "num_victims": 6, "out_dir": "/tmp/PoisonBase_victim_transfer_fresh/victim_transfer_fresh_20260917_result", "pair_order": "poison-target", "parallel_pretrain": true, "parallel_targets": true, "precompute_id": null, "precompute_only": false, "precompute_part": "both", "rank_on_victims": true, "recompute_deltas": true, "require_correct_target": false, "restarts": 8, "seed": 42, "sel_K": 20, "sel_alpha": 1.0, "sel_criterion": null, "sel_dpp": false, "sel_filter": false, "sel_mmr": false, "sel_mode": null, "sel_model": null, "sel_mu": 1.0, "sel_pca": false, "sel_pool": 3.0, "sharp_mode": "worst", "sharp_samples": 20, "sharp_sigma": 0.05, "steal_timeout": 7200.0, "surrogate_aug": false, "surrogate_bs": 128, "surrogate_decay": [35, 45], "surrogate_epochs": 60, "surrogate_lr": 0.1, "surrogate_wd": 0.0, "target_idx_file": "/tmp/PoisonBase_victim_transfer_fresh/target_sets/ResNet20BN_gradmatch_dog-bird.json", "target_select": 14, "use_jacobian_score": false, "victim_aug": false, "victim_bs": 125, "victim_decay": [40], "victim_epochs": 50, "victim_lr": 0.1, "victim_model": "VGG13BN", "victim_wd": 0.0}
[2026-09-17 08:18:43] Jacobian score: disabled
[2026-09-17 08:18:43] N_total=50000 budget=0.002 -> N_p=100 poisons, y_adv=5(dog) target_class=2(bird)
[2026-09-17 08:18:43] === selection/crafting surrogates (20 x ResNet20BN, trained on the full real set) ===
[2026-09-17 08:18:44]   crafting on 5/20 surrogates
[2026-09-17 08:18:44] === clean victims (6 x VGG13BN) ===
[2026-09-17 08:18:45]   clean baseline CTA = 0.8476 +/- 0.0158
[2026-09-17 08:18:45]   chosen 10 targets (file, fixed across victim architectures), p_adv range 0.0000..0.2505
[2026-09-17 08:18:45]   targets: [5118, 8740, 5324, 4630, 833, 2065, 7056, 9059, 6707, 9874]
[2026-09-17 08:18:45] === target 5118 (1/10) ===
[2026-09-17 08:22:41]   target 5118: crafted 100 poisons in 235 s, obj=0.21545
[2026-09-17 08:22:41]   target 5118: realized linf = 0.03137 (8.00/255), budget = 8.00/255
[2026-09-17 08:24:22]   [t5118 v1/6] SUCCESS (pred=dog) CTA=0.8586
[2026-09-17 08:26:04]   [t5118 v2/6] SUCCESS (pred=dog) CTA=0.8383
[2026-09-17 08:27:46]   [t5118 v3/6] fail (pred=bird) CTA=0.8589
[2026-09-17 08:29:28]   [t5118 v4/6] SUCCESS (pred=dog) CTA=0.8514
[2026-09-17 08:31:10]   [t5118 v5/6] SUCCESS (pred=dog) CTA=0.8584
[2026-09-17 08:32:52]   [t5118 v6/6] fail (pred=bird) CTA=0.8400
[2026-09-17 08:32:52]   target 5118, 6 victims on this gpu: ASR=66.7% CTA=0.8509 +/- 0.0087
[2026-09-17 08:32:52] === target 8740 (2/10) ===
[2026-09-17 08:36:50]   target 8740: crafted 100 poisons in 237 s, obj=0.19582
[2026-09-17 08:36:50]   target 8740: realized linf = 0.03137 (8.00/255), budget = 8.00/255
[2026-09-17 08:38:33]   [t8740 v1/6] fail (pred=bird) CTA=0.8601
[2026-09-17 08:40:14]   [t8740 v2/6] SUCCESS (pred=dog) CTA=0.8510
[2026-09-17 08:41:55]   [t8740 v3/6] SUCCESS (pred=dog) CTA=0.8435
[2026-09-17 08:43:36]   [t8740 v4/6] SUCCESS (pred=dog) CTA=0.8542
[2026-09-17 08:45:17]   [t8740 v5/6] fail (pred=bird) CTA=0.8612
[2026-09-17 08:46:58]   [t8740 v6/6] SUCCESS (pred=dog) CTA=0.8607
[2026-09-17 08:46:58]   target 8740, 6 victims on this gpu: ASR=66.7% CTA=0.8551 +/- 0.0064
[2026-09-17 08:46:58] === target 5324 (3/10) ===
[2026-09-17 08:50:56]   target 5324: crafted 100 poisons in 237 s, obj=0.21595
[2026-09-17 08:50:56]   target 5324: realized linf = 0.03137 (8.00/255), budget = 8.00/255
[2026-09-17 08:52:39]   [t5324 v1/6] fail (pred=airplane) CTA=0.8484
[2026-09-17 08:54:19]   [t5324 v2/6] fail (pred=truck) CTA=0.8609
[2026-09-17 08:56:00]   [t5324 v3/6] fail (pred=cat) CTA=0.8588
[2026-09-17 08:57:41]   [t5324 v4/6] fail (pred=horse) CTA=0.8603
[2026-09-17 08:59:22]   [t5324 v5/6] fail (pred=horse) CTA=0.8568
[2026-09-17 09:01:03]   [t5324 v6/6] fail (pred=ship) CTA=0.8511
[2026-09-17 09:01:03]   target 5324, 6 victims on this gpu: ASR=0.0% CTA=0.8561 +/- 0.0047
[2026-09-17 09:01:03] === target 4630 (4/10) ===
[2026-09-17 09:05:01]   target 4630: crafted 100 poisons in 237 s, obj=0.18426
[2026-09-17 09:05:01]   target 4630: realized linf = 0.03137 (8.00/255), budget = 8.00/255
[2026-09-17 09:06:44]   [t4630 v1/6] fail (pred=cat) CTA=0.8513
[2026-09-17 09:08:24]   [t4630 v2/6] SUCCESS (pred=dog) CTA=0.8436
[2026-09-17 09:10:04]   [t4630 v3/6] fail (pred=cat) CTA=0.8487
[2026-09-17 09:11:45]   [t4630 v4/6] fail (pred=bird) CTA=0.8440
[2026-09-17 09:13:25]   [t4630 v5/6] fail (pred=bird) CTA=0.8565
[2026-09-17 09:15:06]   [t4630 v6/6] fail (pred=frog) CTA=0.8473
[2026-09-17 09:15:06]   target 4630, 6 victims on this gpu: ASR=16.7% CTA=0.8486 +/- 0.0044
[2026-09-17 09:15:06] === target 833 (5/10) ===
[2026-09-17 09:19:04]   target 833: crafted 100 poisons in 237 s, obj=0.20224
[2026-09-17 09:19:04]   target 833: realized linf = 0.03137 (8.00/255), budget = 8.00/255
[2026-09-17 09:20:46]   [t833 v1/6] fail (pred=bird) CTA=0.8479
[2026-09-17 09:22:28]   [t833 v2/6] SUCCESS (pred=dog) CTA=0.8506
[2026-09-17 09:24:10]   [t833 v3/6] fail (pred=bird) CTA=0.8533
[2026-09-17 09:25:52]   [t833 v4/6] fail (pred=bird) CTA=0.8544
[2026-09-17 09:27:34]   [t833 v5/6] SUCCESS (pred=dog) CTA=0.8683
[2026-09-17 09:29:16]   [t833 v6/6] fail (pred=bird) CTA=0.8525
[2026-09-17 09:29:16]   target 833, 6 victims on this gpu: ASR=33.3% CTA=0.8545 +/- 0.0065
[2026-09-17 09:29:16] === target 2065 (6/10) ===
[2026-09-17 09:33:14]   target 2065: crafted 100 poisons in 237 s, obj=0.19868
[2026-09-17 09:33:14]   target 2065: realized linf = 0.03137 (8.00/255), budget = 8.00/255
[2026-09-17 09:34:56]   [t2065 v1/6] SUCCESS (pred=dog) CTA=0.8345
[2026-09-17 09:36:37]   [t2065 v2/6] fail (pred=deer) CTA=0.8554
[2026-09-17 09:38:18]   [t2065 v3/6] SUCCESS (pred=dog) CTA=0.8602
[2026-09-17 09:39:59]   [t2065 v4/6] SUCCESS (pred=dog) CTA=0.8606
[2026-09-17 09:41:40]   [t2065 v5/6] SUCCESS (pred=dog) CTA=0.8549
[2026-09-17 09:43:22]   [t2065 v6/6] SUCCESS (pred=dog) CTA=0.8633
[2026-09-17 09:43:22]   target 2065, 6 victims on this gpu: ASR=83.3% CTA=0.8548 +/- 0.0096
[2026-09-17 09:43:22] === target 7056 (7/10) ===
[2026-09-17 09:47:19]   target 7056: crafted 100 poisons in 237 s, obj=0.24023
[2026-09-17 09:47:19]   target 7056: realized linf = 0.03137 (8.00/255), budget = 8.00/255
[2026-09-17 09:49:02]   [t7056 v1/6] fail (pred=bird) CTA=0.8606
[2026-09-17 09:50:44]   [t7056 v2/6] fail (pred=bird) CTA=0.8459
[2026-09-17 09:52:26]   [t7056 v3/6] fail (pred=bird) CTA=0.8639
[2026-09-17 09:54:09]   [t7056 v4/6] fail (pred=bird) CTA=0.8637
[2026-09-17 09:55:51]   [t7056 v5/6] fail (pred=bird) CTA=0.8404
[2026-09-17 09:57:33]   [t7056 v6/6] fail (pred=bird) CTA=0.8646
[2026-09-17 09:57:33]   target 7056, 6 victims on this gpu: ASR=0.0% CTA=0.8565 +/- 0.0097
[2026-09-17 09:57:33] === target 9059 (8/10) ===
[2026-09-17 10:01:31]   target 9059: crafted 100 poisons in 237 s, obj=0.22577
[2026-09-17 10:01:31]   target 9059: realized linf = 0.03137 (8.00/255), budget = 8.00/255
[2026-09-17 10:03:14]   [t9059 v1/6] SUCCESS (pred=dog) CTA=0.8348
[2026-09-17 10:04:56]   [t9059 v2/6] fail (pred=bird) CTA=0.8628
[2026-09-17 10:06:38]   [t9059 v3/6] fail (pred=cat) CTA=0.8674
[2026-09-17 10:08:19]   [t9059 v4/6] SUCCESS (pred=dog) CTA=0.8521
[2026-09-17 10:10:01]   [t9059 v5/6] fail (pred=frog) CTA=0.8521
[2026-09-17 10:11:43]   [t9059 v6/6] fail (pred=cat) CTA=0.8681
[2026-09-17 10:11:43]   target 9059, 6 victims on this gpu: ASR=33.3% CTA=0.8562 +/- 0.0116
[2026-09-17 10:11:43] === target 6707 (9/10) ===
[2026-09-17 10:15:41]   target 6707: crafted 100 poisons in 236 s, obj=0.20621
[2026-09-17 10:15:41]   target 6707: realized linf = 0.03137 (8.00/255), budget = 8.00/255
[2026-09-17 10:17:24]   [t6707 v1/6] fail (pred=bird) CTA=0.8606
[2026-09-17 10:19:06]   [t6707 v2/6] SUCCESS (pred=dog) CTA=0.8465
[2026-09-17 10:20:48]   [t6707 v3/6] fail (pred=bird) CTA=0.8500
[2026-09-17 10:22:29]   [t6707 v4/6] fail (pred=bird) CTA=0.8412
[2026-09-17 10:24:11]   [t6707 v5/6] fail (pred=bird) CTA=0.8509
[2026-09-17 10:25:53]   [t6707 v6/6] fail (pred=bird) CTA=0.8630
[2026-09-17 10:25:53]   target 6707, 6 victims on this gpu: ASR=16.7% CTA=0.8520 +/- 0.0076
[2026-09-17 10:25:53] === target 9874 (10/10) ===
[2026-09-17 10:29:51]   target 9874: crafted 100 poisons in 237 s, obj=0.18331
[2026-09-17 10:29:51]   target 9874: realized linf = 0.03137 (8.00/255), budget = 8.00/255
[2026-09-17 10:31:34]   [t9874 v1/6] fail (pred=bird) CTA=0.8585
[2026-09-17 10:33:16]   [t9874 v2/6] SUCCESS (pred=dog) CTA=0.8602
[2026-09-17 10:34:58]   [t9874 v3/6] SUCCESS (pred=dog) CTA=0.8621
[2026-09-17 10:36:40]   [t9874 v4/6] SUCCESS (pred=dog) CTA=0.8474
[2026-09-17 10:38:22]   [t9874 v5/6] SUCCESS (pred=dog) CTA=0.8615
[2026-09-17 10:40:04]   [t9874 v6/6] fail (pred=bird) CTA=0.8379
[2026-09-17 10:40:04]   target 9874, 6 victims on this gpu: ASR=66.7% CTA=0.8546 +/- 0.0090
[2026-09-17 10:40:04] ==== CIFAR10_ResNet20BN_sapa_ours_dog-bird_b0.002_eps8_seed42_lam1_cosine_victimarchVGG13BN_K20_worst0.05_ce5_tgt14 : ASR = 38.3% +/- 28.9% | CTA = 0.8539 (baseline 0.8476) ====
[2026-09-17 10:40:04]   target-prediction tally ['airplane', 'automobile', 'bird', 'cat', 'deer', 'dog', 'frog', 'horse', 'ship', 'truck']: [1, 0, 24, 5, 1, 23, 2, 2, 1, 1]
verified: 10 targets x 6 victims = 60 evaluations; 10 poison caches
sync: CIFAR10_ResNet20BN_sapa_ours_dog-bird_b0.002_eps8_seed42_lam1_cosine_victimarchVGG13BN_K20_worst0.05_ce5_tgt14 -> /home/mmoslem3/scratch/PoisonBase/victim_transfer_fresh_20260917_result
