gpu: NVIDIA L40S
targets: 10 pinned IDs: 5118 8740 5324 4630 833 2065 7056 9059 6707 9874
job: 968172 vxf069_sapa_b0005_k20_ar20_vvgg on rack06-10
config: attack=sapa budget=0.005 K=20 S=A=ResNet20BN V=VGG13BN base=ours jacobian=off craft_steps=250 targets=10 victims=6 FORCE=fresh
protocol: S=A=ResNet20BN V=VGG13BN K=20
protocol: fresh base selection + fresh poison optimization (FORCE)
output: /home/mmoslem3/scratch/PoisonBase/victim_transfer_fresh_20260917_result/CIFAR10_ResNet20BN_sapa_ours_dog-bird_b0.005_eps8_seed42_lam1_cosine_victimarchVGG13BN_K20_worst0.05_ce5_tgt14
[2026-09-17 08:31:06] === run start: CIFAR10_ResNet20BN_sapa_ours_dog-bird_b0.005_eps8_seed42_lam1_cosine_victimarchVGG13BN_K20_worst0.05_ce5_tgt14 on cuda [0] ===
[2026-09-17 08:31:06] args: {"FORCE": true, "attack": "sapa", "base": "ours", "base_dist": "cosine", "base_topr": null, "budget": 0.005, "cache_dir": "/tmp/PoisonBase_victim_transfer_fresh/cache", "class_pair": "dog-bird", "clean_baseline": true, "craft_alpha": 0.0039216, "craft_aug": true, "craft_batch": 256, "craft_ensemble": 5, "craft_lowmem": false, "craft_schedule": false, "craft_steps": 250, "data_path": "/tmp/PoisonBase_victim_transfer_fresh/data", "dataset": "CIFAR10", "distance_margin_coef": null, "dsa_strategy": "color_crop_cutout_flip_scale_rotate", "epsilon": 0.0313725, "fast_gradmatch": false, "fc_mode": "sample", "fc_restarts": 1, "gpus": "all", "jacobian_batch_size": 64, "jacobian_weight": 1.0, "keep_pinned_targets": true, "lambda_margin": 1.0, "model": "ResNet20BN", "no_resume": true, "num_poisons": 500, "num_surrogates": 20, "num_targets": 10, "num_victims": 6, "out_dir": "/tmp/PoisonBase_victim_transfer_fresh/victim_transfer_fresh_20260917_result", "pair_order": "poison-target", "parallel_pretrain": true, "parallel_targets": true, "precompute_id": null, "precompute_only": false, "precompute_part": "both", "rank_on_victims": true, "recompute_deltas": true, "require_correct_target": false, "restarts": 8, "seed": 42, "sel_K": 20, "sel_alpha": 1.0, "sel_criterion": null, "sel_dpp": false, "sel_filter": false, "sel_mmr": false, "sel_mode": null, "sel_model": null, "sel_mu": 1.0, "sel_pca": false, "sel_pool": 3.0, "sharp_mode": "worst", "sharp_samples": 20, "sharp_sigma": 0.05, "steal_timeout": 7200.0, "surrogate_aug": false, "surrogate_bs": 128, "surrogate_decay": [35, 45], "surrogate_epochs": 60, "surrogate_lr": 0.1, "surrogate_wd": 0.0, "target_idx_file": "/tmp/PoisonBase_victim_transfer_fresh/target_sets/ResNet20BN_gradmatch_dog-bird.json", "target_select": 14, "use_jacobian_score": false, "victim_aug": false, "victim_bs": 125, "victim_decay": [40], "victim_epochs": 50, "victim_lr": 0.1, "victim_model": "VGG13BN", "victim_wd": 0.0}
[2026-09-17 08:31:06] Jacobian score: disabled
[2026-09-17 08:31:06] N_total=50000 budget=0.005 -> N_p=250 poisons, y_adv=5(dog) target_class=2(bird)
[2026-09-17 08:31:06] === selection/crafting surrogates (20 x ResNet20BN, trained on the full real set) ===
[2026-09-17 08:31:06]   crafting on 5/20 surrogates
[2026-09-17 08:31:06] === clean victims (6 x VGG13BN) ===
[2026-09-17 08:31:08]   clean baseline CTA = 0.8476 +/- 0.0158
[2026-09-17 08:31:08]   chosen 10 targets (file, fixed across victim architectures), p_adv range 0.0000..0.2505
[2026-09-17 08:31:08]   targets: [5118, 8740, 5324, 4630, 833, 2065, 7056, 9059, 6707, 9874]
[2026-09-17 08:31:08] === target 5118 (1/10) ===
[2026-09-17 08:38:55]   target 5118: crafted 250 poisons in 466 s, obj=0.20280
[2026-09-17 08:38:55]   target 5118: realized linf = 0.03137 (8.00/255), budget = 8.00/255
[2026-09-17 08:40:38]   [t5118 v1/6] SUCCESS (pred=dog) CTA=0.8564
[2026-09-17 08:42:21]   [t5118 v2/6] SUCCESS (pred=dog) CTA=0.8512
[2026-09-17 08:44:04]   [t5118 v3/6] SUCCESS (pred=dog) CTA=0.8508
[2026-09-17 08:45:46]   [t5118 v4/6] SUCCESS (pred=dog) CTA=0.8528
[2026-09-17 08:47:29]   [t5118 v5/6] SUCCESS (pred=dog) CTA=0.8577
[2026-09-17 08:49:11]   [t5118 v6/6] SUCCESS (pred=dog) CTA=0.8522
[2026-09-17 08:49:11]   target 5118, 6 victims on this gpu: ASR=100.0% CTA=0.8535 +/- 0.0026
[2026-09-17 08:49:11] === target 8740 (2/10) ===
[2026-09-17 08:56:58]   target 8740: crafted 250 poisons in 466 s, obj=0.18622
[2026-09-17 08:56:58]   target 8740: realized linf = 0.03137 (8.00/255), budget = 8.00/255
[2026-09-17 08:58:42]   [t8740 v1/6] SUCCESS (pred=dog) CTA=0.8626
[2026-09-17 09:00:24]   [t8740 v2/6] SUCCESS (pred=dog) CTA=0.8524
[2026-09-17 09:02:07]   [t8740 v3/6] SUCCESS (pred=dog) CTA=0.8492
[2026-09-17 09:03:49]   [t8740 v4/6] SUCCESS (pred=dog) CTA=0.8593
[2026-09-17 09:05:32]   [t8740 v5/6] SUCCESS (pred=dog) CTA=0.8517
[2026-09-17 09:07:15]   [t8740 v6/6] SUCCESS (pred=dog) CTA=0.8469
[2026-09-17 09:07:15]   target 8740, 6 victims on this gpu: ASR=100.0% CTA=0.8537 +/- 0.0055
[2026-09-17 09:07:15] === target 5324 (3/10) ===
[2026-09-17 09:15:01]   target 5324: crafted 250 poisons in 466 s, obj=0.21217
[2026-09-17 09:15:01]   target 5324: realized linf = 0.03137 (8.00/255), budget = 8.00/255
[2026-09-17 09:16:45]   [t5324 v1/6] SUCCESS (pred=dog) CTA=0.8556
[2026-09-17 09:18:28]   [t5324 v2/6] SUCCESS (pred=dog) CTA=0.8648
[2026-09-17 09:20:10]   [t5324 v3/6] fail (pred=cat) CTA=0.8613
[2026-09-17 09:21:52]   [t5324 v4/6] SUCCESS (pred=dog) CTA=0.8624
[2026-09-17 09:23:35]   [t5324 v5/6] fail (pred=horse) CTA=0.8581
[2026-09-17 09:25:17]   [t5324 v6/6] SUCCESS (pred=dog) CTA=0.8622
[2026-09-17 09:25:17]   target 5324, 6 victims on this gpu: ASR=66.7% CTA=0.8607 +/- 0.0030
[2026-09-17 09:25:17] === target 4630 (4/10) ===
[2026-09-17 09:33:04]   target 4630: crafted 250 poisons in 465 s, obj=0.17714
[2026-09-17 09:33:04]   target 4630: realized linf = 0.03137 (8.00/255), budget = 8.00/255
[2026-09-17 09:34:47]   [t4630 v1/6] SUCCESS (pred=dog) CTA=0.8606
[2026-09-17 09:36:30]   [t4630 v2/6] fail (pred=bird) CTA=0.8459
[2026-09-17 09:38:12]   [t4630 v3/6] SUCCESS (pred=dog) CTA=0.8569
[2026-09-17 09:39:55]   [t4630 v4/6] SUCCESS (pred=dog) CTA=0.8513
[2026-09-17 09:41:38]   [t4630 v5/6] SUCCESS (pred=dog) CTA=0.8311
[2026-09-17 09:43:20]   [t4630 v6/6] SUCCESS (pred=dog) CTA=0.8620
[2026-09-17 09:43:20]   target 4630, 6 victims on this gpu: ASR=83.3% CTA=0.8513 +/- 0.0106
[2026-09-17 09:43:20] === target 833 (5/10) ===
[2026-09-17 09:51:07]   target 833: crafted 250 poisons in 466 s, obj=0.19286
[2026-09-17 09:51:07]   target 833: realized linf = 0.03137 (8.00/255), budget = 8.00/255
[2026-09-17 09:52:51]   [t833 v1/6] SUCCESS (pred=dog) CTA=0.8597
[2026-09-17 09:54:34]   [t833 v2/6] SUCCESS (pred=dog) CTA=0.8560
[2026-09-17 09:56:16]   [t833 v3/6] SUCCESS (pred=dog) CTA=0.8530
[2026-09-17 09:57:58]   [t833 v4/6] SUCCESS (pred=dog) CTA=0.8523
[2026-09-17 09:59:41]   [t833 v5/6] SUCCESS (pred=dog) CTA=0.8638
[2026-09-17 10:01:23]   [t833 v6/6] fail (pred=bird) CTA=0.8527
[2026-09-17 10:01:23]   target 833, 6 victims on this gpu: ASR=83.3% CTA=0.8562 +/- 0.0042
[2026-09-17 10:01:23] === target 2065 (6/10) ===
[2026-09-17 10:09:11]   target 2065: crafted 250 poisons in 466 s, obj=0.18233
[2026-09-17 10:09:11]   target 2065: realized linf = 0.03137 (8.00/255), budget = 8.00/255
[2026-09-17 10:10:54]   [t2065 v1/6] SUCCESS (pred=dog) CTA=0.8371
[2026-09-17 10:12:35]   [t2065 v2/6] SUCCESS (pred=dog) CTA=0.8598
[2026-09-17 10:14:16]   [t2065 v3/6] SUCCESS (pred=dog) CTA=0.8594
[2026-09-17 10:15:58]   [t2065 v4/6] SUCCESS (pred=dog) CTA=0.8581
[2026-09-17 10:17:39]   [t2065 v5/6] SUCCESS (pred=dog) CTA=0.8548
[2026-09-17 10:19:20]   [t2065 v6/6] SUCCESS (pred=dog) CTA=0.8587
[2026-09-17 10:19:20]   target 2065, 6 victims on this gpu: ASR=100.0% CTA=0.8546 +/- 0.0080
[2026-09-17 10:19:20] === target 7056 (7/10) ===
[2026-09-17 10:27:08]   target 7056: crafted 250 poisons in 467 s, obj=0.22136
[2026-09-17 10:27:08]   target 7056: realized linf = 0.03137 (8.00/255), budget = 8.00/255
[2026-09-17 10:28:52]   [t7056 v1/6] fail (pred=bird) CTA=0.8611
[2026-09-17 10:30:33]   [t7056 v2/6] fail (pred=bird) CTA=0.8519
[2026-09-17 10:32:15]   [t7056 v3/6] fail (pred=bird) CTA=0.8639
[2026-09-17 10:33:56]   [t7056 v4/6] SUCCESS (pred=dog) CTA=0.8520
[2026-09-17 10:35:37]   [t7056 v5/6] fail (pred=bird) CTA=0.8590
[2026-09-17 10:37:18]   [t7056 v6/6] fail (pred=bird) CTA=0.8664
[2026-09-17 10:37:18]   target 7056, 6 victims on this gpu: ASR=16.7% CTA=0.8590 +/- 0.0055
[2026-09-17 10:37:18] === target 9059 (8/10) ===
[2026-09-17 10:45:06]   target 9059: crafted 250 poisons in 467 s, obj=0.20104
[2026-09-17 10:45:06]   target 9059: realized linf = 0.03137 (8.00/255), budget = 8.00/255
[2026-09-17 10:46:49]   [t9059 v1/6] fail (pred=cat) CTA=0.8468
[2026-09-17 10:48:31]   [t9059 v2/6] fail (pred=bird) CTA=0.8601
[2026-09-17 10:50:13]   [t9059 v3/6] SUCCESS (pred=dog) CTA=0.8606
[2026-09-17 10:51:55]   [t9059 v4/6] fail (pred=bird) CTA=0.8535
[2026-09-17 10:53:36]   [t9059 v5/6] fail (pred=cat) CTA=0.8517
signal: received USR1; stopping active step and syncing partial output
srun: forcing job termination
srun: Job step aborted: Waiting up to 32 seconds for job step to finish.
[2026-09-17T16:55:15.050] error: *** STEP 968172.0 ON rack06-10 CANCELLED AT 2026-09-17T16:55:15 DUE to SIGNAL Killed ***
srun: error: rack06-10: task 0: Killed
sync: CIFAR10_ResNet20BN_sapa_ours_dog-bird_b0.005_eps8_seed42_lam1_cosine_victimarchVGG13BN_K20_worst0.05_ce5_tgt14 -> /home/mmoslem3/scratch/PoisonBase/victim_transfer_fresh_20260917_result
