gpu: NVIDIA L40S
targets: 10 pinned IDs: 630 409 2270 9870 1656 5022 9090 6033 7940 9731
job: 968129 vxf026_gm_b0005_k10_avgg_vr20 on rack06-10
config: attack=gradmatch budget=0.005 K=10 S=A=VGG13BN V=ResNet20BN base=ours jacobian=off craft_steps=250 targets=10 victims=6 FORCE=fresh
protocol: S=A=VGG13BN V=ResNet20BN K=10
protocol: fresh base selection + fresh poison optimization (FORCE)
output: /home/mmoslem3/scratch/PoisonBase/victim_transfer_fresh_20260917_result/CIFAR10_VGG13BN_gradmatch_ours_dog-bird_b0.005_eps8_seed42_lam1_cosine_victimarchResNet20BN_K10_ce5_tgt50
[2026-09-17 09:03:47] === run start: CIFAR10_VGG13BN_gradmatch_ours_dog-bird_b0.005_eps8_seed42_lam1_cosine_victimarchResNet20BN_K10_ce5_tgt50 on cuda [0] ===
[2026-09-17 09:03:47] args: {"FORCE": true, "attack": "gradmatch", "base": "ours", "base_dist": "cosine", "base_topr": null, "budget": 0.005, "cache_dir": "/tmp/PoisonBase_victim_transfer_fresh/cache", "class_pair": "dog-bird", "clean_baseline": true, "craft_alpha": 0.0039216, "craft_aug": true, "craft_batch": 256, "craft_ensemble": 5, "craft_lowmem": true, "craft_schedule": false, "craft_steps": 250, "data_path": "/tmp/PoisonBase_victim_transfer_fresh/data", "dataset": "CIFAR10", "distance_margin_coef": null, "dsa_strategy": "color_crop_cutout_flip_scale_rotate", "epsilon": 0.0313725, "fast_gradmatch": true, "fc_mode": "sample", "fc_restarts": 1, "gpus": "all", "jacobian_batch_size": 64, "jacobian_weight": 1.0, "keep_pinned_targets": true, "lambda_margin": 1.0, "model": "VGG13BN", "no_resume": true, "num_poisons": 500, "num_surrogates": 20, "num_targets": 10, "num_victims": 6, "out_dir": "/tmp/PoisonBase_victim_transfer_fresh/victim_transfer_fresh_20260917_result", "pair_order": "poison-target", "parallel_pretrain": true, "parallel_targets": true, "precompute_id": null, "precompute_only": false, "precompute_part": "both", "rank_on_victims": true, "recompute_deltas": true, "require_correct_target": false, "restarts": 8, "seed": 42, "sel_K": 10, "sel_alpha": 1.0, "sel_criterion": null, "sel_dpp": false, "sel_filter": false, "sel_mmr": false, "sel_mode": null, "sel_model": null, "sel_mu": 1.0, "sel_pca": false, "sel_pool": 3.0, "sharp_mode": "worst", "sharp_samples": 20, "sharp_sigma": 0.05, "steal_timeout": 7200.0, "surrogate_aug": false, "surrogate_bs": 128, "surrogate_decay": [35, 45], "surrogate_epochs": 60, "surrogate_lr": 0.1, "surrogate_wd": 0.0, "target_idx_file": "/tmp/PoisonBase_victim_transfer_fresh/target_sets/VGG13BN_gradmatch_dog-bird.json", "target_select": 50, "use_jacobian_score": false, "victim_aug": false, "victim_bs": 125, "victim_decay": [40], "victim_epochs": 50, "victim_lr": 0.1, "victim_model": "ResNet20BN", "victim_wd": 0.0}
[2026-09-17 09:03:47] Jacobian score: disabled
[2026-09-17 09:03:47] N_total=50000 budget=0.005 -> N_p=250 poisons, y_adv=5(dog) target_class=2(bird)
[2026-09-17 09:03:47] === selection/crafting surrogates (20 x VGG13BN, trained on the full real set) ===
[2026-09-17 09:03:48]   crafting on 5/20 surrogates
[2026-09-17 09:03:48] === clean victims (6 x ResNet20BN) ===
[2026-09-17 09:03:49]   clean baseline CTA = 0.8354 +/- 0.0043
[2026-09-17 09:03:49]   chosen 10 targets (file, fixed across victim architectures), p_adv range 0.0000..0.0132
[2026-09-17 09:03:49]   targets: [630, 409, 2270, 9870, 1656, 5022, 9090, 6033, 7940, 9731]
[2026-09-17 09:03:49] === target 630 (1/10) ===
[2026-09-17 09:11:16]   target 630: crafted 250 poisons in 446 s, obj=0.29457
[2026-09-17 09:11:16]   target 630: realized linf = 0.03137 (8.00/255), budget = 8.00/255
[2026-09-17 09:12:51]   [t630 v1/6] SUCCESS (pred=dog) CTA=0.8353
[2026-09-17 09:14:27]   [t630 v2/6] SUCCESS (pred=dog) CTA=0.8419
[2026-09-17 09:16:02]   [t630 v3/6] fail (pred=ship) CTA=0.8422
[2026-09-17 09:17:38]   [t630 v4/6] fail (pred=deer) CTA=0.8391
[2026-09-17 09:19:13]   [t630 v5/6] SUCCESS (pred=dog) CTA=0.8347
[2026-09-17 09:20:49]   [t630 v6/6] fail (pred=ship) CTA=0.8330
[2026-09-17 09:20:49]   target 630, 6 victims on this gpu: ASR=50.0% CTA=0.8377 +/- 0.0036
[2026-09-17 09:20:49] === target 409 (2/10) ===
[2026-09-17 09:28:17]   target 409: crafted 250 poisons in 447 s, obj=0.24847
[2026-09-17 09:28:17]   target 409: realized linf = 0.03137 (8.00/255), budget = 8.00/255
[2026-09-17 09:29:52]   [t409 v1/6] SUCCESS (pred=dog) CTA=0.8408
[2026-09-17 09:31:28]   [t409 v2/6] SUCCESS (pred=dog) CTA=0.8336
[2026-09-17 09:33:03]   [t409 v3/6] SUCCESS (pred=dog) CTA=0.8347
[2026-09-17 09:34:39]   [t409 v4/6] SUCCESS (pred=dog) CTA=0.8406
[2026-09-17 09:36:14]   [t409 v5/6] fail (pred=bird) CTA=0.8383
[2026-09-17 09:37:50]   [t409 v6/6] SUCCESS (pred=dog) CTA=0.8364
[2026-09-17 09:37:50]   target 409, 6 victims on this gpu: ASR=83.3% CTA=0.8374 +/- 0.0027
[2026-09-17 09:37:50] === target 2270 (3/10) ===
[2026-09-17 09:45:18]   target 2270: crafted 250 poisons in 446 s, obj=0.26569
[2026-09-17 09:45:18]   target 2270: realized linf = 0.03137 (8.00/255), budget = 8.00/255
[2026-09-17 09:46:53]   [t2270 v1/6] SUCCESS (pred=dog) CTA=0.8389
[2026-09-17 09:48:29]   [t2270 v2/6] SUCCESS (pred=dog) CTA=0.8362
[2026-09-17 09:50:04]   [t2270 v3/6] SUCCESS (pred=dog) CTA=0.8359
[2026-09-17 09:51:40]   [t2270 v4/6] SUCCESS (pred=dog) CTA=0.8275
[2026-09-17 09:53:15]   [t2270 v5/6] SUCCESS (pred=dog) CTA=0.8407
[2026-09-17 09:54:51]   [t2270 v6/6] fail (pred=cat) CTA=0.8417
[2026-09-17 09:54:51]   target 2270, 6 victims on this gpu: ASR=83.3% CTA=0.8368 +/- 0.0047
[2026-09-17 09:54:51] === target 9870 (4/10) ===
[2026-09-17 10:02:18]   target 9870: crafted 250 poisons in 446 s, obj=0.24381
[2026-09-17 10:02:18]   target 9870: realized linf = 0.03137 (8.00/255), budget = 8.00/255
[2026-09-17 10:03:54]   [t9870 v1/6] SUCCESS (pred=dog) CTA=0.8412
[2026-09-17 10:05:29]   [t9870 v2/6] SUCCESS (pred=dog) CTA=0.8323
[2026-09-17 10:07:05]   [t9870 v3/6] fail (pred=cat) CTA=0.8384
[2026-09-17 10:08:40]   [t9870 v4/6] SUCCESS (pred=dog) CTA=0.8359
[2026-09-17 10:10:16]   [t9870 v5/6] fail (pred=bird) CTA=0.8379
[2026-09-17 10:11:51]   [t9870 v6/6] SUCCESS (pred=dog) CTA=0.8325
[2026-09-17 10:11:51]   target 9870, 6 victims on this gpu: ASR=66.7% CTA=0.8364 +/- 0.0032
[2026-09-17 10:11:51] === target 1656 (5/10) ===
[2026-09-17 10:19:19]   target 1656: crafted 250 poisons in 447 s, obj=0.25003
[2026-09-17 10:19:19]   target 1656: realized linf = 0.03137 (8.00/255), budget = 8.00/255
[2026-09-17 10:20:55]   [t1656 v1/6] SUCCESS (pred=dog) CTA=0.8388
[2026-09-17 10:22:31]   [t1656 v2/6] SUCCESS (pred=dog) CTA=0.8408
[2026-09-17 10:24:06]   [t1656 v3/6] SUCCESS (pred=dog) CTA=0.8402
[2026-09-17 10:25:42]   [t1656 v4/6] SUCCESS (pred=dog) CTA=0.8406
[2026-09-17 10:27:17]   [t1656 v5/6] SUCCESS (pred=dog) CTA=0.8431
[2026-09-17 10:28:53]   [t1656 v6/6] SUCCESS (pred=dog) CTA=0.8378
[2026-09-17 10:28:53]   target 1656, 6 victims on this gpu: ASR=100.0% CTA=0.8402 +/- 0.0017
[2026-09-17 10:28:53] === target 5022 (6/10) ===
[2026-09-17 10:36:22]   target 5022: crafted 250 poisons in 448 s, obj=0.28181
[2026-09-17 10:36:22]   target 5022: realized linf = 0.03137 (8.00/255), budget = 8.00/255
[2026-09-17 10:37:57]   [t5022 v1/6] fail (pred=bird) CTA=0.8353
[2026-09-17 10:39:33]   [t5022 v2/6] fail (pred=bird) CTA=0.8365
[2026-09-17 10:41:08]   [t5022 v3/6] fail (pred=bird) CTA=0.8414
[2026-09-17 10:42:44]   [t5022 v4/6] fail (pred=bird) CTA=0.8381
[2026-09-17 10:44:19]   [t5022 v5/6] fail (pred=bird) CTA=0.8404
[2026-09-17 10:45:55]   [t5022 v6/6] fail (pred=bird) CTA=0.8439
[2026-09-17 10:45:55]   target 5022, 6 victims on this gpu: ASR=0.0% CTA=0.8393 +/- 0.0029
[2026-09-17 10:45:55] === target 9090 (7/10) ===
[2026-09-17 10:53:23]   target 9090: crafted 250 poisons in 447 s, obj=0.24156
[2026-09-17 10:53:23]   target 9090: realized linf = 0.03137 (8.00/255), budget = 8.00/255
[2026-09-17 10:54:59]   [t9090 v1/6] SUCCESS (pred=dog) CTA=0.8396
[2026-09-17 10:56:34]   [t9090 v2/6] SUCCESS (pred=dog) CTA=0.8412
[2026-09-17 10:58:10]   [t9090 v3/6] SUCCESS (pred=dog) CTA=0.8458
[2026-09-17 10:59:45]   [t9090 v4/6] SUCCESS (pred=dog) CTA=0.8398
[2026-09-17 11:01:21]   [t9090 v5/6] SUCCESS (pred=dog) CTA=0.8402
