gpu: NVIDIA L40S
targets: 10 pinned IDs: 843 1257 8252 8730 8055 5859 8954 821 1547 4427
job: 968115 vxf012_gm_b0002_k20_aconv_vvgg on rack13-03
config: attack=gradmatch budget=0.002 K=20 S=A=ConvNetBN V=VGG13BN base=ours jacobian=off craft_steps=250 targets=10 victims=6 FORCE=fresh
protocol: S=A=ConvNetBN V=VGG13BN K=20
protocol: fresh base selection + fresh poison optimization (FORCE)
output: /home/mmoslem3/scratch/PoisonBase/victim_transfer_fresh_20260917_result/CIFAR10_ConvNetBN_gradmatch_ours_dog-bird_b0.002_eps8_seed42_lam1_cosine_victimarchVGG13BN_K20_ce5_tgt70
[2026-09-17 08:02:47] === run start: CIFAR10_ConvNetBN_gradmatch_ours_dog-bird_b0.002_eps8_seed42_lam1_cosine_victimarchVGG13BN_K20_ce5_tgt70 on cuda [0] ===
[2026-09-17 08:02:47] args: {"FORCE": true, "attack": "gradmatch", "base": "ours", "base_dist": "cosine", "base_topr": null, "budget": 0.002, "cache_dir": "/tmp/PoisonBase_victim_transfer_fresh/cache", "class_pair": "dog-bird", "clean_baseline": true, "craft_alpha": 0.0039216, "craft_aug": true, "craft_batch": 256, "craft_ensemble": 5, "craft_lowmem": false, "craft_schedule": false, "craft_steps": 250, "data_path": "/tmp/PoisonBase_victim_transfer_fresh/data", "dataset": "CIFAR10", "distance_margin_coef": null, "dsa_strategy": "color_crop_cutout_flip_scale_rotate", "epsilon": 0.0313725, "fast_gradmatch": false, "fc_mode": "sample", "fc_restarts": 1, "gpus": "all", "jacobian_batch_size": 64, "jacobian_weight": 1.0, "keep_pinned_targets": true, "lambda_margin": 1.0, "model": "ConvNetBN", "no_resume": true, "num_poisons": 500, "num_surrogates": 20, "num_targets": 10, "num_victims": 6, "out_dir": "/tmp/PoisonBase_victim_transfer_fresh/victim_transfer_fresh_20260917_result", "pair_order": "poison-target", "parallel_pretrain": true, "parallel_targets": true, "precompute_id": null, "precompute_only": false, "precompute_part": "both", "rank_on_victims": true, "recompute_deltas": true, "require_correct_target": false, "restarts": 8, "seed": 42, "sel_K": 20, "sel_alpha": 1.0, "sel_criterion": null, "sel_dpp": false, "sel_filter": false, "sel_mmr": false, "sel_mode": null, "sel_model": null, "sel_mu": 1.0, "sel_pca": false, "sel_pool": 3.0, "sharp_mode": "worst", "sharp_samples": 20, "sharp_sigma": 0.05, "steal_timeout": 7200.0, "surrogate_aug": false, "surrogate_bs": 128, "surrogate_decay": [35, 45], "surrogate_epochs": 60, "surrogate_lr": 0.1, "surrogate_wd": 0.0, "target_idx_file": "/tmp/PoisonBase_victim_transfer_fresh/target_sets/ConvNetBN_gradmatch_dog-bird.json", "target_select": 70, "use_jacobian_score": false, "victim_aug": false, "victim_bs": 125, "victim_decay": [40], "victim_epochs": 50, "victim_lr": 0.1, "victim_model": "VGG13BN", "victim_wd": 0.0}
[2026-09-17 08:02:47] Jacobian score: disabled
[2026-09-17 08:02:47] N_total=50000 budget=0.002 -> N_p=100 poisons, y_adv=5(dog) target_class=2(bird)
[2026-09-17 08:02:47] === selection/crafting surrogates (20 x ConvNetBN, trained on the full real set) ===
[2026-09-17 08:02:47]   crafting on 5/20 surrogates
[2026-09-17 08:02:47] === clean victims (6 x VGG13BN) ===
[2026-09-17 08:02:49]   clean baseline CTA = 0.8476 +/- 0.0158
[2026-09-17 08:02:49]   chosen 10 targets (file, fixed across victim architectures), p_adv range 0.0000..0.0000
[2026-09-17 08:02:49]   targets: [843, 1257, 8252, 8730, 8055, 5859, 8954, 821, 1547, 4427]
[2026-09-17 08:02:49] === target 843 (1/10) ===
[2026-09-17 08:04:12]   target 843: crafted 100 poisons in 81 s, obj=0.28258
[2026-09-17 08:04:12]   target 843: realized linf = 0.03137 (8.00/255), budget = 8.00/255
[2026-09-17 08:05:53]   [t843 v1/6] fail (pred=bird) CTA=0.8578
[2026-09-17 08:07:33]   [t843 v2/6] fail (pred=bird) CTA=0.8598
[2026-09-17 08:09:12]   [t843 v3/6] fail (pred=bird) CTA=0.8376
[2026-09-17 08:10:52]   [t843 v4/6] fail (pred=bird) CTA=0.8535
[2026-09-17 08:12:32]   [t843 v5/6] fail (pred=bird) CTA=0.8522
[2026-09-17 08:14:12]   [t843 v6/6] fail (pred=bird) CTA=0.8589
[2026-09-17 08:14:12]   target 843, 6 victims on this gpu: ASR=0.0% CTA=0.8533 +/- 0.0075
[2026-09-17 08:14:12] === target 1257 (2/10) ===
[2026-09-17 08:15:34]   target 1257: crafted 100 poisons in 80 s, obj=0.23676
[2026-09-17 08:15:34]   target 1257: realized linf = 0.03137 (8.00/255), budget = 8.00/255
[2026-09-17 08:17:14]   [t1257 v1/6] fail (pred=bird) CTA=0.8580
[2026-09-17 08:18:56]   [t1257 v2/6] fail (pred=bird) CTA=0.8618
[2026-09-17 08:20:38]   [t1257 v3/6] fail (pred=bird) CTA=0.8512
[2026-09-17 08:22:20]   [t1257 v4/6] fail (pred=bird) CTA=0.8589
[2026-09-17 08:24:02]   [t1257 v5/6] fail (pred=bird) CTA=0.8627
[2026-09-17 08:25:43]   [t1257 v6/6] fail (pred=bird) CTA=0.8615
[2026-09-17 08:25:44]   target 1257, 6 victims on this gpu: ASR=0.0% CTA=0.8590 +/- 0.0039
[2026-09-17 08:25:44] === target 8252 (3/10) ===
[2026-09-17 08:27:05]   target 8252: crafted 100 poisons in 80 s, obj=0.22860
[2026-09-17 08:27:05]   target 8252: realized linf = 0.03137 (8.00/255), budget = 8.00/255
[2026-09-17 08:28:46]   [t8252 v1/6] SUCCESS (pred=dog) CTA=0.8583
[2026-09-17 08:30:27]   [t8252 v2/6] SUCCESS (pred=dog) CTA=0.8563
[2026-09-17 08:32:09]   [t8252 v3/6] SUCCESS (pred=dog) CTA=0.8546
[2026-09-17 08:33:51]   [t8252 v4/6] SUCCESS (pred=dog) CTA=0.8304
[2026-09-17 08:35:32]   [t8252 v5/6] SUCCESS (pred=dog) CTA=0.8382
[2026-09-17 08:37:14]   [t8252 v6/6] SUCCESS (pred=dog) CTA=0.8451
[2026-09-17 08:37:14]   target 8252, 6 victims on this gpu: ASR=100.0% CTA=0.8472 +/- 0.0102
[2026-09-17 08:37:14] === target 8730 (4/10) ===
[2026-09-17 08:38:36]   target 8730: crafted 100 poisons in 80 s, obj=0.23166
[2026-09-17 08:38:36]   target 8730: realized linf = 0.03137 (8.00/255), budget = 8.00/255
[2026-09-17 08:40:18]   [t8730 v1/6] SUCCESS (pred=dog) CTA=0.8453
[2026-09-17 08:41:58]   [t8730 v2/6] fail (pred=bird) CTA=0.8586
[2026-09-17 08:43:38]   [t8730 v3/6] fail (pred=bird) CTA=0.8593
[2026-09-17 08:45:18]   [t8730 v4/6] fail (pred=bird) CTA=0.8555
[2026-09-17 08:46:58]   [t8730 v5/6] fail (pred=bird) CTA=0.8604
[2026-09-17 08:48:37]   [t8730 v6/6] SUCCESS (pred=dog) CTA=0.8580
[2026-09-17 08:48:37]   target 8730, 6 victims on this gpu: ASR=33.3% CTA=0.8562 +/- 0.0051
[2026-09-17 08:48:37] === target 8055 (5/10) ===
[2026-09-17 08:50:00]   target 8055: crafted 100 poisons in 81 s, obj=0.27228
[2026-09-17 08:50:00]   target 8055: realized linf = 0.03137 (8.00/255), budget = 8.00/255
[2026-09-17 08:51:41]   [t8055 v1/6] fail (pred=bird) CTA=0.8545
[2026-09-17 08:53:22]   [t8055 v2/6] fail (pred=bird) CTA=0.8532
[2026-09-17 08:55:04]   [t8055 v3/6] fail (pred=bird) CTA=0.8533
[2026-09-17 08:56:46]   [t8055 v4/6] fail (pred=bird) CTA=0.8455
[2026-09-17 08:58:27]   [t8055 v5/6] fail (pred=bird) CTA=0.8565
[2026-09-17 09:00:09]   [t8055 v6/6] fail (pred=bird) CTA=0.8472
[2026-09-17 09:00:09]   target 8055, 6 victims on this gpu: ASR=0.0% CTA=0.8517 +/- 0.0040
[2026-09-17 09:00:09] === target 5859 (6/10) ===
[2026-09-17 09:01:30]   target 5859: crafted 100 poisons in 80 s, obj=0.23997
[2026-09-17 09:01:30]   target 5859: realized linf = 0.03137 (8.00/255), budget = 8.00/255
[2026-09-17 09:03:12]   [t5859 v1/6] fail (pred=bird) CTA=0.8481
[2026-09-17 09:04:53]   [t5859 v2/6] fail (pred=bird) CTA=0.8585
[2026-09-17 09:06:33]   [t5859 v3/6] fail (pred=cat) CTA=0.8590
[2026-09-17 09:08:13]   [t5859 v4/6] SUCCESS (pred=dog) CTA=0.8542
[2026-09-17 09:09:54]   [t5859 v5/6] SUCCESS (pred=dog) CTA=0.8699
[2026-09-17 09:11:34]   [t5859 v6/6] fail (pred=bird) CTA=0.8597
[2026-09-17 09:11:34]   target 5859, 6 victims on this gpu: ASR=33.3% CTA=0.8582 +/- 0.0066
[2026-09-17 09:11:34] === target 8954 (7/10) ===
[2026-09-17 09:12:56]   target 8954: crafted 100 poisons in 80 s, obj=0.21137
[2026-09-17 09:12:56]   target 8954: realized linf = 0.03137 (8.00/255), budget = 8.00/255
[2026-09-17 09:14:37]   [t8954 v1/6] SUCCESS (pred=dog) CTA=0.8487
[2026-09-17 09:16:19]   [t8954 v2/6] fail (pred=bird) CTA=0.8572
[2026-09-17 09:18:00]   [t8954 v3/6] SUCCESS (pred=dog) CTA=0.8424
[2026-09-17 09:19:42]   [t8954 v4/6] SUCCESS (pred=dog) CTA=0.8586
[2026-09-17 09:21:24]   [t8954 v5/6] SUCCESS (pred=dog) CTA=0.8581
[2026-09-17 09:23:06]   [t8954 v6/6] SUCCESS (pred=dog) CTA=0.8625
[2026-09-17 09:23:06]   target 8954, 6 victims on this gpu: ASR=83.3% CTA=0.8546 +/- 0.0068
[2026-09-17 09:23:06] === target 821 (8/10) ===
[2026-09-17 09:24:28]   target 821: crafted 100 poisons in 80 s, obj=0.28066
[2026-09-17 09:24:28]   target 821: realized linf = 0.03137 (8.00/255), budget = 8.00/255
[2026-09-17 09:26:09]   [t821 v1/6] fail (pred=bird) CTA=0.8518
[2026-09-17 09:27:51]   [t821 v2/6] SUCCESS (pred=dog) CTA=0.8577
[2026-09-17 09:29:32]   [t821 v3/6] fail (pred=bird) CTA=0.8371
[2026-09-17 09:31:14]   [t821 v4/6] fail (pred=bird) CTA=0.8600
[2026-09-17 09:32:56]   [t821 v5/6] fail (pred=bird) CTA=0.8436
[2026-09-17 09:34:38]   [t821 v6/6] SUCCESS (pred=dog) CTA=0.8599
[2026-09-17 09:34:38]   target 821, 6 victims on this gpu: ASR=33.3% CTA=0.8517 +/- 0.0087
[2026-09-17 09:34:38] === target 1547 (9/10) ===
[2026-09-17 09:36:00]   target 1547: crafted 100 poisons in 80 s, obj=0.34965
[2026-09-17 09:36:00]   target 1547: realized linf = 0.03137 (8.00/255), budget = 8.00/255
[2026-09-17 09:37:41]   [t1547 v1/6] fail (pred=bird) CTA=0.8428
[2026-09-17 09:39:22]   [t1547 v2/6] fail (pred=bird) CTA=0.8558
[2026-09-17 09:41:04]   [t1547 v3/6] fail (pred=bird) CTA=0.8575
[2026-09-17 09:42:46]   [t1547 v4/6] fail (pred=bird) CTA=0.8568
[2026-09-17 09:44:28]   [t1547 v5/6] fail (pred=bird) CTA=0.8415
[2026-09-17 09:46:10]   [t1547 v6/6] fail (pred=bird) CTA=0.8627
[2026-09-17 09:46:10]   target 1547, 6 victims on this gpu: ASR=0.0% CTA=0.8528 +/- 0.0079
[2026-09-17 09:46:10] === target 4427 (10/10) ===
[2026-09-17 09:47:32]   target 4427: crafted 100 poisons in 80 s, obj=0.37057
[2026-09-17 09:47:32]   target 4427: realized linf = 0.03137 (8.00/255), budget = 8.00/255
[2026-09-17 09:49:12]   [t4427 v1/6] fail (pred=bird) CTA=0.8565
[2026-09-17 09:50:54]   [t4427 v2/6] fail (pred=bird) CTA=0.8620
[2026-09-17 09:52:36]   [t4427 v3/6] fail (pred=bird) CTA=0.8618
[2026-09-17 09:54:18]   [t4427 v4/6] fail (pred=bird) CTA=0.8614
[2026-09-17 09:56:00]   [t4427 v5/6] fail (pred=bird) CTA=0.8484
[2026-09-17 09:57:42]   [t4427 v6/6] fail (pred=bird) CTA=0.8398
[2026-09-17 09:57:42]   target 4427, 6 victims on this gpu: ASR=0.0% CTA=0.8550 +/- 0.0083
[2026-09-17 09:57:42] ==== CIFAR10_ConvNetBN_gradmatch_ours_dog-bird_b0.002_eps8_seed42_lam1_cosine_victimarchVGG13BN_K20_ce5_tgt70 : ASR = 28.3% +/- 35.0% | CTA = 0.8540 (baseline 0.8476) ====
[2026-09-17 09:57:42]   target-prediction tally ['airplane', 'automobile', 'bird', 'cat', 'deer', 'dog', 'frog', 'horse', 'ship', 'truck']: [0, 0, 42, 1, 0, 17, 0, 0, 0, 0]
verified: 10 targets x 6 victims = 60 evaluations; 10 poison caches
sync: CIFAR10_ConvNetBN_gradmatch_ours_dog-bird_b0.002_eps8_seed42_lam1_cosine_victimarchVGG13BN_K20_ce5_tgt70 -> /home/mmoslem3/scratch/PoisonBase/victim_transfer_fresh_20260917_result
