gpu: NVIDIA L40S
targets: 10 pinned IDs: 5118 8740 5324 4630 833 2065 7056 9059 6707 9874
job: 968136 vxf033_gm_b0005_k20_ar20_vvgg on rack01-03
config: attack=gradmatch budget=0.005 K=20 S=A=ResNet20BN V=VGG13BN base=ours jacobian=off craft_steps=250 targets=10 victims=6 FORCE=fresh
protocol: S=A=ResNet20BN V=VGG13BN K=20
protocol: fresh base selection + fresh poison optimization (FORCE)
output: /home/mmoslem3/scratch/PoisonBase/victim_transfer_fresh_20260917_result/CIFAR10_ResNet20BN_gradmatch_ours_dog-bird_b0.005_eps8_seed42_lam1_cosine_victimarchVGG13BN_K20_ce5_tgt14
[2026-09-17 08:09:03] === run start: CIFAR10_ResNet20BN_gradmatch_ours_dog-bird_b0.005_eps8_seed42_lam1_cosine_victimarchVGG13BN_K20_ce5_tgt14 on cuda [0] ===
[2026-09-17 08:09:03] args: {"FORCE": true, "attack": "gradmatch", "base": "ours", "base_dist": "cosine", "base_topr": null, "budget": 0.005, "cache_dir": "/tmp/PoisonBase_victim_transfer_fresh/cache", "class_pair": "dog-bird", "clean_baseline": true, "craft_alpha": 0.0039216, "craft_aug": true, "craft_batch": 256, "craft_ensemble": 5, "craft_lowmem": false, "craft_schedule": false, "craft_steps": 250, "data_path": "/tmp/PoisonBase_victim_transfer_fresh/data", "dataset": "CIFAR10", "distance_margin_coef": null, "dsa_strategy": "color_crop_cutout_flip_scale_rotate", "epsilon": 0.0313725, "fast_gradmatch": false, "fc_mode": "sample", "fc_restarts": 1, "gpus": "all", "jacobian_batch_size": 64, "jacobian_weight": 1.0, "keep_pinned_targets": true, "lambda_margin": 1.0, "model": "ResNet20BN", "no_resume": true, "num_poisons": 500, "num_surrogates": 20, "num_targets": 10, "num_victims": 6, "out_dir": "/tmp/PoisonBase_victim_transfer_fresh/victim_transfer_fresh_20260917_result", "pair_order": "poison-target", "parallel_pretrain": true, "parallel_targets": true, "precompute_id": null, "precompute_only": false, "precompute_part": "both", "rank_on_victims": true, "recompute_deltas": true, "require_correct_target": false, "restarts": 8, "seed": 42, "sel_K": 20, "sel_alpha": 1.0, "sel_criterion": null, "sel_dpp": false, "sel_filter": false, "sel_mmr": false, "sel_mode": null, "sel_model": null, "sel_mu": 1.0, "sel_pca": false, "sel_pool": 3.0, "sharp_mode": "worst", "sharp_samples": 20, "sharp_sigma": 0.05, "steal_timeout": 7200.0, "surrogate_aug": false, "surrogate_bs": 128, "surrogate_decay": [35, 45], "surrogate_epochs": 60, "surrogate_lr": 0.1, "surrogate_wd": 0.0, "target_idx_file": "/tmp/PoisonBase_victim_transfer_fresh/target_sets/ResNet20BN_gradmatch_dog-bird.json", "target_select": 14, "use_jacobian_score": false, "victim_aug": false, "victim_bs": 125, "victim_decay": [40], "victim_epochs": 50, "victim_lr": 0.1, "victim_model": "VGG13BN", "victim_wd": 0.0}
[2026-09-17 08:09:03] Jacobian score: disabled
[2026-09-17 08:09:03] N_total=50000 budget=0.005 -> N_p=250 poisons, y_adv=5(dog) target_class=2(bird)
[2026-09-17 08:09:03] === selection/crafting surrogates (20 x ResNet20BN, trained on the full real set) ===
[2026-09-17 08:09:03]   crafting on 5/20 surrogates
[2026-09-17 08:09:03] === clean victims (6 x VGG13BN) ===
[2026-09-17 08:09:05]   clean baseline CTA = 0.8476 +/- 0.0158
[2026-09-17 08:09:05]   chosen 10 targets (file, fixed across victim architectures), p_adv range 0.0000..0.2505
[2026-09-17 08:09:05]   targets: [5118, 8740, 5324, 4630, 833, 2065, 7056, 9059, 6707, 9874]
[2026-09-17 08:09:05] === target 5118 (1/10) ===
[2026-09-17 08:16:55]   target 5118: crafted 250 poisons in 468 s, obj=0.19366
[2026-09-17 08:16:55]   target 5118: realized linf = 0.03137 (8.00/255), budget = 8.00/255
[2026-09-17 08:18:38]   [t5118 v1/6] SUCCESS (pred=dog) CTA=0.8571
[2026-09-17 08:20:20]   [t5118 v2/6] SUCCESS (pred=dog) CTA=0.8479
[2026-09-17 08:22:03]   [t5118 v3/6] SUCCESS (pred=dog) CTA=0.8543
[2026-09-17 08:23:45]   [t5118 v4/6] SUCCESS (pred=dog) CTA=0.8524
[2026-09-17 08:25:27]   [t5118 v5/6] SUCCESS (pred=dog) CTA=0.8647
[2026-09-17 08:27:09]   [t5118 v6/6] SUCCESS (pred=dog) CTA=0.8507
[2026-09-17 08:27:09]   target 5118, 6 victims on this gpu: ASR=100.0% CTA=0.8545 +/- 0.0054
[2026-09-17 08:27:09] === target 8740 (2/10) ===
[2026-09-17 08:34:58]   target 8740: crafted 250 poisons in 467 s, obj=0.18360
[2026-09-17 08:34:58]   target 8740: realized linf = 0.03137 (8.00/255), budget = 8.00/255
[2026-09-17 08:36:41]   [t8740 v1/6] SUCCESS (pred=dog) CTA=0.8564
[2026-09-17 08:38:22]   [t8740 v2/6] SUCCESS (pred=dog) CTA=0.8528
[2026-09-17 08:40:03]   [t8740 v3/6] SUCCESS (pred=dog) CTA=0.8515
[2026-09-17 08:41:44]   [t8740 v4/6] SUCCESS (pred=dog) CTA=0.8658
[2026-09-17 08:43:25]   [t8740 v5/6] SUCCESS (pred=dog) CTA=0.8612
[2026-09-17 08:45:07]   [t8740 v6/6] SUCCESS (pred=dog) CTA=0.8653
[2026-09-17 08:45:07]   target 8740, 6 victims on this gpu: ASR=100.0% CTA=0.8588 +/- 0.0057
[2026-09-17 08:45:07] === target 5324 (3/10) ===
[2026-09-17 08:52:56]   target 5324: crafted 250 poisons in 468 s, obj=0.21929
[2026-09-17 08:52:56]   target 5324: realized linf = 0.03137 (8.00/255), budget = 8.00/255
[2026-09-17 08:54:38]   [t5324 v1/6] SUCCESS (pred=dog) CTA=0.8585
[2026-09-17 08:56:20]   [t5324 v2/6] fail (pred=airplane) CTA=0.8624
[2026-09-17 08:58:01]   [t5324 v3/6] fail (pred=deer) CTA=0.8606
[2026-09-17 08:59:42]   [t5324 v4/6] SUCCESS (pred=dog) CTA=0.8671
[2026-09-17 09:01:24]   [t5324 v5/6] fail (pred=deer) CTA=0.8581
[2026-09-17 09:03:05]   [t5324 v6/6] SUCCESS (pred=dog) CTA=0.8659
[2026-09-17 09:03:05]   target 5324, 6 victims on this gpu: ASR=50.0% CTA=0.8621 +/- 0.0034
[2026-09-17 09:03:05] === target 4630 (4/10) ===
[2026-09-17 09:10:54]   target 4630: crafted 250 poisons in 468 s, obj=0.17969
[2026-09-17 09:10:54]   target 4630: realized linf = 0.03137 (8.00/255), budget = 8.00/255
[2026-09-17 09:12:36]   [t4630 v1/6] fail (pred=deer) CTA=0.8470
[2026-09-17 09:14:18]   [t4630 v2/6] SUCCESS (pred=dog) CTA=0.8435
[2026-09-17 09:16:01]   [t4630 v3/6] fail (pred=cat) CTA=0.8417
[2026-09-17 09:17:43]   [t4630 v4/6] SUCCESS (pred=dog) CTA=0.8569
[2026-09-17 09:19:25]   [t4630 v5/6] SUCCESS (pred=dog) CTA=0.8532
[2026-09-17 09:21:08]   [t4630 v6/6] SUCCESS (pred=dog) CTA=0.8564
[2026-09-17 09:21:08]   target 4630, 6 victims on this gpu: ASR=66.7% CTA=0.8498 +/- 0.0060
[2026-09-17 09:21:08] === target 833 (5/10) ===
[2026-09-17 09:28:56]   target 833: crafted 250 poisons in 467 s, obj=0.18639
[2026-09-17 09:28:56]   target 833: realized linf = 0.03137 (8.00/255), budget = 8.00/255
[2026-09-17 09:30:39]   [t833 v1/6] fail (pred=bird) CTA=0.8566
[2026-09-17 09:32:20]   [t833 v2/6] fail (pred=bird) CTA=0.8560
[2026-09-17 09:34:01]   [t833 v3/6] SUCCESS (pred=dog) CTA=0.8563
[2026-09-17 09:35:42]   [t833 v4/6] fail (pred=bird) CTA=0.8583
[2026-09-17 09:37:23]   [t833 v5/6] SUCCESS (pred=dog) CTA=0.8621
[2026-09-17 09:39:04]   [t833 v6/6] fail (pred=bird) CTA=0.8515
[2026-09-17 09:39:04]   target 833, 6 victims on this gpu: ASR=33.3% CTA=0.8568 +/- 0.0031
[2026-09-17 09:39:04] === target 2065 (6/10) ===
[2026-09-17 09:46:51]   target 2065: crafted 250 poisons in 466 s, obj=0.18309
[2026-09-17 09:46:51]   target 2065: realized linf = 0.03137 (8.00/255), budget = 8.00/255
[2026-09-17 09:48:34]   [t2065 v1/6] SUCCESS (pred=dog) CTA=0.8434
[2026-09-17 09:50:15]   [t2065 v2/6] SUCCESS (pred=dog) CTA=0.8520
[2026-09-17 09:51:56]   [t2065 v3/6] SUCCESS (pred=dog) CTA=0.8552
[2026-09-17 09:53:37]   [t2065 v4/6] SUCCESS (pred=dog) CTA=0.8571
[2026-09-17 09:55:18]   [t2065 v5/6] SUCCESS (pred=dog) CTA=0.8500
[2026-09-17 09:56:59]   [t2065 v6/6] SUCCESS (pred=dog) CTA=0.8591
[2026-09-17 09:56:59]   target 2065, 6 victims on this gpu: ASR=100.0% CTA=0.8528 +/- 0.0052
[2026-09-17 09:56:59] === target 7056 (7/10) ===
[2026-09-17 10:04:47]   target 7056: crafted 250 poisons in 467 s, obj=0.21320
[2026-09-17 10:04:47]   target 7056: realized linf = 0.03137 (8.00/255), budget = 8.00/255
[2026-09-17 10:06:29]   [t7056 v1/6] fail (pred=cat) CTA=0.8569
[2026-09-17 10:08:12]   [t7056 v2/6] fail (pred=bird) CTA=0.8478
[2026-09-17 10:09:54]   [t7056 v3/6] fail (pred=bird) CTA=0.8562
[2026-09-17 10:11:37]   [t7056 v4/6] fail (pred=bird) CTA=0.8580
[2026-09-17 10:13:19]   [t7056 v5/6] fail (pred=bird) CTA=0.8484
[2026-09-17 10:15:01]   [t7056 v6/6] fail (pred=bird) CTA=0.8631
[2026-09-17 10:15:02]   target 7056, 6 victims on this gpu: ASR=0.0% CTA=0.8551 +/- 0.0054
[2026-09-17 10:15:02] === target 9059 (8/10) ===
[2026-09-17 10:22:49]   target 9059: crafted 250 poisons in 466 s, obj=0.20441
[2026-09-17 10:22:49]   target 9059: realized linf = 0.03137 (8.00/255), budget = 8.00/255
[2026-09-17 10:24:32]   [t9059 v1/6] fail (pred=frog) CTA=0.8414
[2026-09-17 10:26:14]   [t9059 v2/6] fail (pred=bird) CTA=0.8674
[2026-09-17 10:27:57]   [t9059 v3/6] SUCCESS (pred=dog) CTA=0.8665
[2026-09-17 10:29:39]   [t9059 v4/6] fail (pred=bird) CTA=0.8480
[2026-09-17 10:31:22]   [t9059 v5/6] SUCCESS (pred=dog) CTA=0.8487
[2026-09-17 10:33:04]   [t9059 v6/6] fail (pred=cat) CTA=0.8610
[2026-09-17 10:33:04]   target 9059, 6 victims on this gpu: ASR=33.3% CTA=0.8555 +/- 0.0100
[2026-09-17 10:33:04] === target 6707 (9/10) ===
signal: received USR1; stopping active step and syncing partial output
srun: forcing job termination
srun: Job step aborted: Waiting up to 32 seconds for job step to finish.
[2026-09-17T16:33:16.010] error: *** STEP 968136.0 ON rack01-03 CANCELLED AT 2026-09-17T16:33:16 DUE to SIGNAL Killed ***
srun: error: rack01-03: task 0: Killed
sync: CIFAR10_ResNet20BN_gradmatch_ours_dog-bird_b0.005_eps8_seed42_lam1_cosine_victimarchVGG13BN_K20_ce5_tgt14 -> /home/mmoslem3/scratch/PoisonBase/victim_transfer_fresh_20260917_result
