gpu: NVIDIA L40S
targets: 10 pinned IDs: 630 409 2270 9870 1656 5022 9090 6033 7940 9731
job: 968130 vxf027_gm_b0005_k10_avgg_vvgg on rack05-16
config: attack=gradmatch budget=0.005 K=10 S=A=VGG13BN V=VGG13BN base=ours jacobian=off craft_steps=250 targets=10 victims=6 FORCE=fresh
protocol: S=A=VGG13BN V=VGG13BN K=10
protocol: fresh base selection + fresh poison optimization (FORCE)
output: /home/mmoslem3/scratch/PoisonBase/victim_transfer_fresh_20260917_result/CIFAR10_VGG13BN_gradmatch_ours_dog-bird_b0.005_eps8_seed42_lam1_cosine_K10_ce5_tgt50
[2026-09-17 08:06:58] === run start: CIFAR10_VGG13BN_gradmatch_ours_dog-bird_b0.005_eps8_seed42_lam1_cosine_K10_ce5_tgt50 on cuda [0] ===
[2026-09-17 08:06:58] args: {"FORCE": true, "attack": "gradmatch", "base": "ours", "base_dist": "cosine", "base_topr": null, "budget": 0.005, "cache_dir": "/tmp/PoisonBase_victim_transfer_fresh/cache", "class_pair": "dog-bird", "clean_baseline": true, "craft_alpha": 0.0039216, "craft_aug": true, "craft_batch": 256, "craft_ensemble": 5, "craft_lowmem": true, "craft_schedule": false, "craft_steps": 250, "data_path": "/tmp/PoisonBase_victim_transfer_fresh/data", "dataset": "CIFAR10", "distance_margin_coef": null, "dsa_strategy": "color_crop_cutout_flip_scale_rotate", "epsilon": 0.0313725, "fast_gradmatch": true, "fc_mode": "sample", "fc_restarts": 1, "gpus": "all", "jacobian_batch_size": 64, "jacobian_weight": 1.0, "keep_pinned_targets": true, "lambda_margin": 1.0, "model": "VGG13BN", "no_resume": true, "num_poisons": 500, "num_surrogates": 20, "num_targets": 10, "num_victims": 6, "out_dir": "/tmp/PoisonBase_victim_transfer_fresh/victim_transfer_fresh_20260917_result", "pair_order": "poison-target", "parallel_pretrain": true, "parallel_targets": true, "precompute_id": null, "precompute_only": false, "precompute_part": "both", "rank_on_victims": true, "recompute_deltas": true, "require_correct_target": false, "restarts": 8, "seed": 42, "sel_K": 10, "sel_alpha": 1.0, "sel_criterion": null, "sel_dpp": false, "sel_filter": false, "sel_mmr": false, "sel_mode": null, "sel_model": null, "sel_mu": 1.0, "sel_pca": false, "sel_pool": 3.0, "sharp_mode": "worst", "sharp_samples": 20, "sharp_sigma": 0.05, "steal_timeout": 7200.0, "surrogate_aug": false, "surrogate_bs": 128, "surrogate_decay": [35, 45], "surrogate_epochs": 60, "surrogate_lr": 0.1, "surrogate_wd": 0.0, "target_idx_file": "/tmp/PoisonBase_victim_transfer_fresh/target_sets/VGG13BN_gradmatch_dog-bird.json", "target_select": 50, "use_jacobian_score": false, "victim_aug": false, "victim_bs": 125, "victim_decay": [40], "victim_epochs": 50, "victim_lr": 0.1, "victim_model": "VGG13BN", "victim_wd": 0.0}
[2026-09-17 08:06:58] Jacobian score: disabled
[2026-09-17 08:06:58] N_total=50000 budget=0.005 -> N_p=250 poisons, y_adv=5(dog) target_class=2(bird)
[2026-09-17 08:06:58] === selection/crafting surrogates (20 x VGG13BN, trained on the full real set) ===
[2026-09-17 08:06:59]   crafting on 5/20 surrogates
[2026-09-17 08:06:59] === clean victims (6 x VGG13BN) ===
[2026-09-17 08:07:01]   clean baseline CTA = 0.8476 +/- 0.0158
[2026-09-17 08:07:01]   chosen 10 targets (file, fixed across victim architectures), p_adv range 0.0000..0.0000
[2026-09-17 08:07:01]   targets: [630, 409, 2270, 9870, 1656, 5022, 9090, 6033, 7940, 9731]
[2026-09-17 08:07:01] === target 630 (1/10) ===
[2026-09-17 08:14:26]   target 630: crafted 250 poisons in 444 s, obj=0.29734
[2026-09-17 08:14:26]   target 630: realized linf = 0.03137 (8.00/255), budget = 8.00/255
[2026-09-17 08:16:07]   [t630 v1/6] SUCCESS (pred=dog) CTA=0.8420
[2026-09-17 08:17:46]   [t630 v2/6] SUCCESS (pred=dog) CTA=0.8548
[2026-09-17 08:19:26]   [t630 v3/6] SUCCESS (pred=dog) CTA=0.8617
[2026-09-17 08:21:05]   [t630 v4/6] SUCCESS (pred=dog) CTA=0.8289
[2026-09-17 08:22:45]   [t630 v5/6] SUCCESS (pred=dog) CTA=0.8393
[2026-09-17 08:24:24]   [t630 v6/6] SUCCESS (pred=dog) CTA=0.8667
[2026-09-17 08:24:24]   target 630, 6 victims on this gpu: ASR=100.0% CTA=0.8489 +/- 0.0133
[2026-09-17 08:24:24] === target 409 (2/10) ===
[2026-09-17 08:31:52]   target 409: crafted 250 poisons in 446 s, obj=0.24854
[2026-09-17 08:31:52]   target 409: realized linf = 0.03137 (8.00/255), budget = 8.00/255
[2026-09-17 08:33:34]   [t409 v1/6] SUCCESS (pred=dog) CTA=0.8518
[2026-09-17 08:35:13]   [t409 v2/6] SUCCESS (pred=dog) CTA=0.8603
[2026-09-17 08:36:53]   [t409 v3/6] SUCCESS (pred=dog) CTA=0.8601
[2026-09-17 08:38:33]   [t409 v4/6] SUCCESS (pred=dog) CTA=0.8546
[2026-09-17 08:40:13]   [t409 v5/6] SUCCESS (pred=dog) CTA=0.8522
[2026-09-17 08:41:53]   [t409 v6/6] SUCCESS (pred=dog) CTA=0.8408
[2026-09-17 08:41:53]   target 409, 6 victims on this gpu: ASR=100.0% CTA=0.8533 +/- 0.0065
[2026-09-17 08:41:53] === target 2270 (3/10) ===
[2026-09-17 08:49:20]   target 2270: crafted 250 poisons in 447 s, obj=0.26716
[2026-09-17 08:49:20]   target 2270: realized linf = 0.03137 (8.00/255), budget = 8.00/255
[2026-09-17 08:51:02]   [t2270 v1/6] SUCCESS (pred=dog) CTA=0.8567
[2026-09-17 08:52:42]   [t2270 v2/6] SUCCESS (pred=dog) CTA=0.8582
[2026-09-17 08:54:22]   [t2270 v3/6] SUCCESS (pred=dog) CTA=0.8440
[2026-09-17 08:56:02]   [t2270 v4/6] SUCCESS (pred=dog) CTA=0.8544
[2026-09-17 08:57:42]   [t2270 v5/6] SUCCESS (pred=dog) CTA=0.8556
[2026-09-17 08:59:21]   [t2270 v6/6] SUCCESS (pred=dog) CTA=0.8571
[2026-09-17 08:59:21]   target 2270, 6 victims on this gpu: ASR=100.0% CTA=0.8543 +/- 0.0048
[2026-09-17 08:59:21] === target 9870 (4/10) ===
[2026-09-17 09:06:49]   target 9870: crafted 250 poisons in 447 s, obj=0.24823
[2026-09-17 09:06:49]   target 9870: realized linf = 0.03137 (8.00/255), budget = 8.00/255
[2026-09-17 09:08:31]   [t9870 v1/6] SUCCESS (pred=dog) CTA=0.8537
[2026-09-17 09:10:11]   [t9870 v2/6] SUCCESS (pred=dog) CTA=0.8270
[2026-09-17 09:11:51]   [t9870 v3/6] fail (pred=cat) CTA=0.8507
[2026-09-17 09:13:30]   [t9870 v4/6] SUCCESS (pred=dog) CTA=0.8515
[2026-09-17 09:15:10]   [t9870 v5/6] SUCCESS (pred=dog) CTA=0.8574
[2026-09-17 09:16:50]   [t9870 v6/6] SUCCESS (pred=dog) CTA=0.8522
[2026-09-17 09:16:50]   target 9870, 6 victims on this gpu: ASR=83.3% CTA=0.8487 +/- 0.0100
[2026-09-17 09:16:50] === target 1656 (5/10) ===
[2026-09-17 09:24:18]   target 1656: crafted 250 poisons in 447 s, obj=0.25257
[2026-09-17 09:24:18]   target 1656: realized linf = 0.03137 (8.00/255), budget = 8.00/255
[2026-09-17 09:26:00]   [t1656 v1/6] SUCCESS (pred=dog) CTA=0.8486
[2026-09-17 09:27:40]   [t1656 v2/6] SUCCESS (pred=dog) CTA=0.8436
[2026-09-17 09:29:20]   [t1656 v3/6] SUCCESS (pred=dog) CTA=0.8569
[2026-09-17 09:31:00]   [t1656 v4/6] SUCCESS (pred=dog) CTA=0.8584
[2026-09-17 09:32:40]   [t1656 v5/6] SUCCESS (pred=dog) CTA=0.8534
[2026-09-17 09:34:20]   [t1656 v6/6] SUCCESS (pred=dog) CTA=0.8623
[2026-09-17 09:34:20]   target 1656, 6 victims on this gpu: ASR=100.0% CTA=0.8539 +/- 0.0062
[2026-09-17 09:34:20] === target 5022 (6/10) ===
[2026-09-17 09:41:48]   target 5022: crafted 250 poisons in 446 s, obj=0.28162
[2026-09-17 09:41:48]   target 5022: realized linf = 0.03137 (8.00/255), budget = 8.00/255
[2026-09-17 09:43:30]   [t5022 v1/6] SUCCESS (pred=dog) CTA=0.8515
[2026-09-17 09:45:11]   [t5022 v2/6] SUCCESS (pred=dog) CTA=0.8506
[2026-09-17 09:46:53]   [t5022 v3/6] SUCCESS (pred=dog) CTA=0.8587
[2026-09-17 09:48:34]   [t5022 v4/6] fail (pred=bird) CTA=0.8511
[2026-09-17 09:50:16]   [t5022 v5/6] SUCCESS (pred=dog) CTA=0.8599
[2026-09-17 09:51:57]   [t5022 v6/6] SUCCESS (pred=dog) CTA=0.8594
[2026-09-17 09:51:57]   target 5022, 6 victims on this gpu: ASR=83.3% CTA=0.8552 +/- 0.0042
[2026-09-17 09:51:57] === target 9090 (7/10) ===
[2026-09-17 09:59:24]   target 9090: crafted 250 poisons in 445 s, obj=0.24228
[2026-09-17 09:59:24]   target 9090: realized linf = 0.03137 (8.00/255), budget = 8.00/255
[2026-09-17 10:01:05]   [t9090 v1/6] SUCCESS (pred=dog) CTA=0.8580
[2026-09-17 10:02:45]   [t9090 v2/6] SUCCESS (pred=dog) CTA=0.8503
[2026-09-17 10:04:26]   [t9090 v3/6] SUCCESS (pred=dog) CTA=0.8624
[2026-09-17 10:06:05]   [t9090 v4/6] SUCCESS (pred=dog) CTA=0.8438
[2026-09-17 10:07:45]   [t9090 v5/6] SUCCESS (pred=dog) CTA=0.8534
[2026-09-17 10:09:25]   [t9090 v6/6] SUCCESS (pred=dog) CTA=0.8571
[2026-09-17 10:09:25]   target 9090, 6 victims on this gpu: ASR=100.0% CTA=0.8542 +/- 0.0060
[2026-09-17 10:09:25] === target 6033 (8/10) ===
[2026-09-17 10:16:51]   target 6033: crafted 250 poisons in 445 s, obj=0.22210
[2026-09-17 10:16:51]   target 6033: realized linf = 0.03137 (8.00/255), budget = 8.00/255
[2026-09-17 10:18:33]   [t6033 v1/6] SUCCESS (pred=dog) CTA=0.8342
[2026-09-17 10:20:13]   [t6033 v2/6] SUCCESS (pred=dog) CTA=0.8539
[2026-09-17 10:21:52]   [t6033 v3/6] SUCCESS (pred=dog) CTA=0.8630
[2026-09-17 10:23:32]   [t6033 v4/6] SUCCESS (pred=dog) CTA=0.8585
[2026-09-17 10:25:12]   [t6033 v5/6] SUCCESS (pred=dog) CTA=0.8577
[2026-09-17 10:26:51]   [t6033 v6/6] SUCCESS (pred=dog) CTA=0.8623
[2026-09-17 10:26:51]   target 6033, 6 victims on this gpu: ASR=100.0% CTA=0.8549 +/- 0.0098
[2026-09-17 10:26:51] === target 7940 (9/10) ===
signal: received USR1; stopping active step and syncing partial output
srun: forcing job termination
srun: Job step aborted: Waiting up to 32 seconds for job step to finish.
[2026-09-17T16:31:16.018] error: *** STEP 968130.0 ON rack05-16 CANCELLED AT 2026-09-17T16:31:16 DUE to SIGNAL Killed ***
srun: error: rack05-16: task 0: Killed
sync: CIFAR10_VGG13BN_gradmatch_ours_dog-bird_b0.005_eps8_seed42_lam1_cosine_K10_ce5_tgt50 -> /home/mmoslem3/scratch/PoisonBase/victim_transfer_fresh_20260917_result
