gpu: NVIDIA L40S
targets: 10 pinned IDs: 843 1257 8252 8730 8055 5859 8954 821 1547 4427
job: 968168 vxf065_sapa_b0005_k20_aconv_vr20 on rack11-06
config: attack=sapa budget=0.005 K=20 S=A=ConvNetBN V=ResNet20BN base=ours jacobian=off craft_steps=250 targets=10 victims=6 FORCE=fresh
protocol: S=A=ConvNetBN V=ResNet20BN K=20
protocol: fresh base selection + fresh poison optimization (FORCE)
output: /home/mmoslem3/scratch/PoisonBase/victim_transfer_fresh_20260917_result/CIFAR10_ConvNetBN_sapa_ours_dog-bird_b0.005_eps8_seed42_lam1_cosine_victimarchResNet20BN_K20_worst0.05_ce5_tgt70
[2026-09-17 10:22:46] === run start: CIFAR10_ConvNetBN_sapa_ours_dog-bird_b0.005_eps8_seed42_lam1_cosine_victimarchResNet20BN_K20_worst0.05_ce5_tgt70 on cuda [0] ===
[2026-09-17 10:22:46] args: {"FORCE": true, "attack": "sapa", "base": "ours", "base_dist": "cosine", "base_topr": null, "budget": 0.005, "cache_dir": "/tmp/PoisonBase_victim_transfer_fresh/cache", "class_pair": "dog-bird", "clean_baseline": true, "craft_alpha": 0.0039216, "craft_aug": true, "craft_batch": 256, "craft_ensemble": 5, "craft_lowmem": false, "craft_schedule": false, "craft_steps": 250, "data_path": "/tmp/PoisonBase_victim_transfer_fresh/data", "dataset": "CIFAR10", "distance_margin_coef": null, "dsa_strategy": "color_crop_cutout_flip_scale_rotate", "epsilon": 0.0313725, "fast_gradmatch": false, "fc_mode": "sample", "fc_restarts": 1, "gpus": "all", "jacobian_batch_size": 64, "jacobian_weight": 1.0, "keep_pinned_targets": true, "lambda_margin": 1.0, "model": "ConvNetBN", "no_resume": true, "num_poisons": 500, "num_surrogates": 20, "num_targets": 10, "num_victims": 6, "out_dir": "/tmp/PoisonBase_victim_transfer_fresh/victim_transfer_fresh_20260917_result", "pair_order": "poison-target", "parallel_pretrain": true, "parallel_targets": true, "precompute_id": null, "precompute_only": false, "precompute_part": "both", "rank_on_victims": true, "recompute_deltas": true, "require_correct_target": false, "restarts": 8, "seed": 42, "sel_K": 20, "sel_alpha": 1.0, "sel_criterion": null, "sel_dpp": false, "sel_filter": false, "sel_mmr": false, "sel_mode": null, "sel_model": null, "sel_mu": 1.0, "sel_pca": false, "sel_pool": 3.0, "sharp_mode": "worst", "sharp_samples": 20, "sharp_sigma": 0.05, "steal_timeout": 7200.0, "surrogate_aug": false, "surrogate_bs": 128, "surrogate_decay": [35, 45], "surrogate_epochs": 60, "surrogate_lr": 0.1, "surrogate_wd": 0.0, "target_idx_file": "/tmp/PoisonBase_victim_transfer_fresh/target_sets/ConvNetBN_gradmatch_dog-bird.json", "target_select": 70, "use_jacobian_score": false, "victim_aug": false, "victim_bs": 125, "victim_decay": [40], "victim_epochs": 50, "victim_lr": 0.1, "victim_model": "ResNet20BN", "victim_wd": 0.0}
[2026-09-17 10:22:46] Jacobian score: disabled
[2026-09-17 10:22:46] N_total=50000 budget=0.005 -> N_p=250 poisons, y_adv=5(dog) target_class=2(bird)
[2026-09-17 10:22:46] === selection/crafting surrogates (20 x ConvNetBN, trained on the full real set) ===
[2026-09-17 10:22:46]   crafting on 5/20 surrogates
[2026-09-17 10:22:46] === clean victims (6 x ResNet20BN) ===
[2026-09-17 10:22:47]   clean baseline CTA = 0.8354 +/- 0.0043
[2026-09-17 10:22:47]   chosen 10 targets (file, fixed across victim architectures), p_adv range 0.0000..0.0786
[2026-09-17 10:22:47]   targets: [843, 1257, 8252, 8730, 8055, 5859, 8954, 821, 1547, 4427]
[2026-09-17 10:22:47] === target 843 (1/10) ===
[2026-09-17 10:26:49]   target 843: crafted 250 poisons in 240 s, obj=0.27071
[2026-09-17 10:26:49]   target 843: realized linf = 0.03137 (8.00/255), budget = 8.00/255
[2026-09-17 10:28:25]   [t843 v1/6] fail (pred=bird) CTA=0.8414
[2026-09-17 10:30:01]   [t843 v2/6] fail (pred=bird) CTA=0.8417
[2026-09-17 10:31:37]   [t843 v3/6] fail (pred=bird) CTA=0.8334
[2026-09-17 10:33:13]   [t843 v4/6] fail (pred=bird) CTA=0.8371
[2026-09-17 10:34:48]   [t843 v5/6] fail (pred=bird) CTA=0.8328
[2026-09-17 10:36:24]   [t843 v6/6] fail (pred=bird) CTA=0.8345
[2026-09-17 10:36:24]   target 843, 6 victims on this gpu: ASR=0.0% CTA=0.8368 +/- 0.0036
[2026-09-17 10:36:24] === target 1257 (2/10) ===
[2026-09-17 10:40:25]   target 1257: crafted 250 poisons in 239 s, obj=0.22906
[2026-09-17 10:40:25]   target 1257: realized linf = 0.03137 (8.00/255), budget = 8.00/255
[2026-09-17 10:42:01]   [t1257 v1/6] fail (pred=bird) CTA=0.8406
[2026-09-17 10:43:38]   [t1257 v2/6] fail (pred=bird) CTA=0.8393
[2026-09-17 10:45:14]   [t1257 v3/6] fail (pred=bird) CTA=0.8427
[2026-09-17 10:46:50]   [t1257 v4/6] fail (pred=bird) CTA=0.8300
[2026-09-17 10:48:26]   [t1257 v5/6] fail (pred=bird) CTA=0.8286
[2026-09-17 10:50:02]   [t1257 v6/6] fail (pred=bird) CTA=0.8382
[2026-09-17 10:50:02]   target 1257, 6 victims on this gpu: ASR=0.0% CTA=0.8366 +/- 0.0053
[2026-09-17 10:50:02] === target 8252 (3/10) ===
[2026-09-17 10:54:07]   target 8252: crafted 250 poisons in 242 s, obj=0.21018
[2026-09-17 10:54:07]   target 8252: realized linf = 0.03137 (8.00/255), budget = 8.00/255
[2026-09-17 10:55:43]   [t8252 v1/6] SUCCESS (pred=dog) CTA=0.8377
