gpu: NVIDIA L40S
targets: 10 pinned IDs: 630 409 2270 9870 1656 5022 9090 6033 7940 9731
job: 968174 vxf071_sapa_b0005_k20_avgg_vr20 on rack02-12
config: attack=sapa budget=0.005 K=20 S=A=VGG13BN V=ResNet20BN base=ours jacobian=off craft_steps=250 targets=10 victims=6 FORCE=fresh
protocol: S=A=VGG13BN V=ResNet20BN K=20
protocol: fresh base selection + fresh poison optimization (FORCE)
output: /home/mmoslem3/scratch/PoisonBase/victim_transfer_fresh_20260917_result/CIFAR10_VGG13BN_sapa_ours_dog-bird_b0.005_eps8_seed42_lam1_cosine_victimarchResNet20BN_K20_worst0.05_ce5_tgt50
[2026-09-17 10:32:45] === run start: CIFAR10_VGG13BN_sapa_ours_dog-bird_b0.005_eps8_seed42_lam1_cosine_victimarchResNet20BN_K20_worst0.05_ce5_tgt50 on cuda [0] ===
[2026-09-17 10:32:45] args: {"FORCE": true, "attack": "sapa", "base": "ours", "base_dist": "cosine", "base_topr": null, "budget": 0.005, "cache_dir": "/tmp/PoisonBase_victim_transfer_fresh/cache", "class_pair": "dog-bird", "clean_baseline": true, "craft_alpha": 0.0039216, "craft_aug": true, "craft_batch": 256, "craft_ensemble": 5, "craft_lowmem": true, "craft_schedule": false, "craft_steps": 250, "data_path": "/tmp/PoisonBase_victim_transfer_fresh/data", "dataset": "CIFAR10", "distance_margin_coef": null, "dsa_strategy": "color_crop_cutout_flip_scale_rotate", "epsilon": 0.0313725, "fast_gradmatch": true, "fc_mode": "sample", "fc_restarts": 1, "gpus": "all", "jacobian_batch_size": 64, "jacobian_weight": 1.0, "keep_pinned_targets": true, "lambda_margin": 1.0, "model": "VGG13BN", "no_resume": true, "num_poisons": 500, "num_surrogates": 20, "num_targets": 10, "num_victims": 6, "out_dir": "/tmp/PoisonBase_victim_transfer_fresh/victim_transfer_fresh_20260917_result", "pair_order": "poison-target", "parallel_pretrain": true, "parallel_targets": true, "precompute_id": null, "precompute_only": false, "precompute_part": "both", "rank_on_victims": true, "recompute_deltas": true, "require_correct_target": false, "restarts": 8, "seed": 42, "sel_K": 20, "sel_alpha": 1.0, "sel_criterion": null, "sel_dpp": false, "sel_filter": false, "sel_mmr": false, "sel_mode": null, "sel_model": null, "sel_mu": 1.0, "sel_pca": false, "sel_pool": 3.0, "sharp_mode": "worst", "sharp_samples": 20, "sharp_sigma": 0.05, "steal_timeout": 7200.0, "surrogate_aug": false, "surrogate_bs": 128, "surrogate_decay": [35, 45], "surrogate_epochs": 60, "surrogate_lr": 0.1, "surrogate_wd": 0.0, "target_idx_file": "/tmp/PoisonBase_victim_transfer_fresh/target_sets/VGG13BN_gradmatch_dog-bird.json", "target_select": 50, "use_jacobian_score": false, "victim_aug": false, "victim_bs": 125, "victim_decay": [40], "victim_epochs": 50, "victim_lr": 0.1, "victim_model": "ResNet20BN", "victim_wd": 0.0}
[2026-09-17 10:32:45] Jacobian score: disabled
[2026-09-17 10:32:45] N_total=50000 budget=0.005 -> N_p=250 poisons, y_adv=5(dog) target_class=2(bird)
[2026-09-17 10:32:45] === selection/crafting surrogates (20 x VGG13BN, trained on the full real set) ===
[2026-09-17 10:32:46]   crafting on 5/20 surrogates
[2026-09-17 10:32:46] === clean victims (6 x ResNet20BN) ===
[2026-09-17 10:32:47]   clean baseline CTA = 0.8354 +/- 0.0043
[2026-09-17 10:32:47]   chosen 10 targets (file, fixed across victim architectures), p_adv range 0.0000..0.0132
[2026-09-17 10:32:47]   targets: [630, 409, 2270, 9870, 1656, 5022, 9090, 6033, 7940, 9731]
[2026-09-17 10:32:47] === target 630 (1/10) ===
[2026-09-17 10:40:19]   target 630: crafted 250 poisons in 449 s, obj=0.29678
[2026-09-17 10:40:19]   target 630: realized linf = 0.03137 (8.00/255), budget = 8.00/255
[2026-09-17 10:41:56]   [t630 v1/6] SUCCESS (pred=dog) CTA=0.8349
[2026-09-17 10:43:33]   [t630 v2/6] fail (pred=ship) CTA=0.8437
[2026-09-17 10:45:10]   [t630 v3/6] fail (pred=deer) CTA=0.8384
[2026-09-17 10:46:47]   [t630 v4/6] fail (pred=deer) CTA=0.8352
[2026-09-17 10:48:24]   [t630 v5/6] fail (pred=frog) CTA=0.8366
[2026-09-17 10:50:01]   [t630 v6/6] fail (pred=ship) CTA=0.8353
[2026-09-17 10:50:01]   target 630, 6 victims on this gpu: ASR=16.7% CTA=0.8373 +/- 0.0031
[2026-09-17 10:50:01] === target 409 (2/10) ===
[2026-09-17 10:57:32]   target 409: crafted 250 poisons in 449 s, obj=0.25067
[2026-09-17 10:57:32]   target 409: realized linf = 0.03137 (8.00/255), budget = 8.00/255
[2026-09-17 10:59:09]   [t409 v1/6] SUCCESS (pred=dog) CTA=0.8315
[2026-09-17 11:00:46]   [t409 v2/6] SUCCESS (pred=dog) CTA=0.8326
[2026-09-17 11:02:23]   [t409 v3/6] SUCCESS (pred=dog) CTA=0.8399
[2026-09-17 11:03:59]   [t409 v4/6] SUCCESS (pred=dog) CTA=0.8403
[2026-09-17 11:05:36]   [t409 v5/6] fail (pred=cat) CTA=0.8340
[2026-09-17 11:07:13]   [t409 v6/6] SUCCESS (pred=dog) CTA=0.8358
[2026-09-17 11:07:13]   target 409, 6 victims on this gpu: ASR=83.3% CTA=0.8357 +/- 0.0034
[2026-09-17 11:07:13] === target 2270 (3/10) ===
[2026-09-17 11:14:45]   target 2270: crafted 250 poisons in 449 s, obj=0.26655
[2026-09-17 11:14:45]   target 2270: realized linf = 0.03137 (8.00/255), budget = 8.00/255
[2026-09-17 11:16:21]   [t2270 v1/6] SUCCESS (pred=dog) CTA=0.8340
[2026-09-17 11:17:58]   [t2270 v2/6] SUCCESS (pred=dog) CTA=0.8345
[2026-09-17 11:19:35]   [t2270 v3/6] fail (pred=deer) CTA=0.8407
[2026-09-17 11:21:12]   [t2270 v4/6] SUCCESS (pred=dog) CTA=0.8347
[2026-09-17 11:22:48]   [t2270 v5/6] fail (pred=cat) CTA=0.8393
[2026-09-17 11:24:25]   [t2270 v6/6] SUCCESS (pred=dog) CTA=0.8392
[2026-09-17 11:24:25]   target 2270, 6 victims on this gpu: ASR=66.7% CTA=0.8371 +/- 0.0027
[2026-09-17 11:24:25] === target 9870 (4/10) ===
[2026-09-17 11:31:57]   target 9870: crafted 250 poisons in 449 s, obj=0.25095
[2026-09-17 11:31:57]   target 9870: realized linf = 0.03137 (8.00/255), budget = 8.00/255
[2026-09-17 11:33:34]   [t9870 v1/6] SUCCESS (pred=dog) CTA=0.8363
[2026-09-17 11:35:10]   [t9870 v2/6] SUCCESS (pred=dog) CTA=0.8384
[2026-09-17 11:36:47]   [t9870 v3/6] SUCCESS (pred=dog) CTA=0.8352
[2026-09-17 11:38:24]   [t9870 v4/6] fail (pred=cat) CTA=0.8422
[2026-09-17 11:40:01]   [t9870 v5/6] SUCCESS (pred=dog) CTA=0.8400
[2026-09-17 11:41:37]   [t9870 v6/6] SUCCESS (pred=dog) CTA=0.8431
[2026-09-17 11:41:37]   target 9870, 6 victims on this gpu: ASR=83.3% CTA=0.8392 +/- 0.0029
[2026-09-17 11:41:37] === target 1656 (5/10) ===
[2026-09-17 11:49:10]   target 1656: crafted 250 poisons in 450 s, obj=0.26113
[2026-09-17 11:49:10]   target 1656: realized linf = 0.03137 (8.00/255), budget = 8.00/255
[2026-09-17 11:50:47]   [t1656 v1/6] SUCCESS (pred=dog) CTA=0.8356
[2026-09-17 11:52:24]   [t1656 v2/6] SUCCESS (pred=dog) CTA=0.8409
[2026-09-17 11:54:01]   [t1656 v3/6] SUCCESS (pred=dog) CTA=0.8395
[2026-09-17 11:55:37]   [t1656 v4/6] fail (pred=airplane) CTA=0.8379
[2026-09-17 11:57:14]   [t1656 v5/6] fail (pred=airplane) CTA=0.8470
[2026-09-17 11:58:51]   [t1656 v6/6] fail (pred=airplane) CTA=0.8364
[2026-09-17 11:58:51]   target 1656, 6 victims on this gpu: ASR=50.0% CTA=0.8396 +/- 0.0038
[2026-09-17 11:58:51] === target 5022 (6/10) ===
[2026-09-17 12:06:24]   target 5022: crafted 250 poisons in 450 s, obj=0.27810
[2026-09-17 12:06:24]   target 5022: realized linf = 0.03137 (8.00/255), budget = 8.00/255
[2026-09-17 12:08:01]   [t5022 v1/6] SUCCESS (pred=dog) CTA=0.8365
