gpu: NVIDIA L40S
targets: 10 pinned IDs: 843 1257 8252 8730 8055 5859 8954 821 1547 4427
job: 968158 vxf055_sapa_b0005_k10_aconv_vconv on rack04-02
config: attack=sapa budget=0.005 K=10 S=A=ConvNetBN V=ConvNetBN base=ours jacobian=off craft_steps=250 targets=10 victims=6 FORCE=fresh
protocol: S=A=ConvNetBN V=ConvNetBN K=10
protocol: fresh base selection + fresh poison optimization (FORCE)
output: /home/mmoslem3/scratch/PoisonBase/victim_transfer_fresh_20260917_result/CIFAR10_ConvNetBN_sapa_ours_dog-bird_b0.005_eps8_seed42_lam1_cosine_K10_worst0.05_ce5_tgt70
[2026-09-17 10:06:17] === run start: CIFAR10_ConvNetBN_sapa_ours_dog-bird_b0.005_eps8_seed42_lam1_cosine_K10_worst0.05_ce5_tgt70 on cuda [0] ===
[2026-09-17 10:06:17] args: {"FORCE": true, "attack": "sapa", "base": "ours", "base_dist": "cosine", "base_topr": null, "budget": 0.005, "cache_dir": "/tmp/PoisonBase_victim_transfer_fresh/cache", "class_pair": "dog-bird", "clean_baseline": true, "craft_alpha": 0.0039216, "craft_aug": true, "craft_batch": 256, "craft_ensemble": 5, "craft_lowmem": false, "craft_schedule": false, "craft_steps": 250, "data_path": "/tmp/PoisonBase_victim_transfer_fresh/data", "dataset": "CIFAR10", "distance_margin_coef": null, "dsa_strategy": "color_crop_cutout_flip_scale_rotate", "epsilon": 0.0313725, "fast_gradmatch": false, "fc_mode": "sample", "fc_restarts": 1, "gpus": "all", "jacobian_batch_size": 64, "jacobian_weight": 1.0, "keep_pinned_targets": true, "lambda_margin": 1.0, "model": "ConvNetBN", "no_resume": true, "num_poisons": 500, "num_surrogates": 20, "num_targets": 10, "num_victims": 6, "out_dir": "/tmp/PoisonBase_victim_transfer_fresh/victim_transfer_fresh_20260917_result", "pair_order": "poison-target", "parallel_pretrain": true, "parallel_targets": true, "precompute_id": null, "precompute_only": false, "precompute_part": "both", "rank_on_victims": true, "recompute_deltas": true, "require_correct_target": false, "restarts": 8, "seed": 42, "sel_K": 10, "sel_alpha": 1.0, "sel_criterion": null, "sel_dpp": false, "sel_filter": false, "sel_mmr": false, "sel_mode": null, "sel_model": null, "sel_mu": 1.0, "sel_pca": false, "sel_pool": 3.0, "sharp_mode": "worst", "sharp_samples": 20, "sharp_sigma": 0.05, "steal_timeout": 7200.0, "surrogate_aug": false, "surrogate_bs": 128, "surrogate_decay": [35, 45], "surrogate_epochs": 60, "surrogate_lr": 0.1, "surrogate_wd": 0.0, "target_idx_file": "/tmp/PoisonBase_victim_transfer_fresh/target_sets/ConvNetBN_gradmatch_dog-bird.json", "target_select": 70, "use_jacobian_score": false, "victim_aug": false, "victim_bs": 125, "victim_decay": [40], "victim_epochs": 50, "victim_lr": 0.1, "victim_model": "ConvNetBN", "victim_wd": 0.0}
[2026-09-17 10:06:17] Jacobian score: disabled
[2026-09-17 10:06:17] N_total=50000 budget=0.005 -> N_p=250 poisons, y_adv=5(dog) target_class=2(bird)
[2026-09-17 10:06:17] === selection/crafting surrogates (20 x ConvNetBN, trained on the full real set) ===
[2026-09-17 10:06:17]   crafting on 5/20 surrogates
[2026-09-17 10:06:17] === clean victims (6 x ConvNetBN) ===
[2026-09-17 10:06:18]   clean baseline CTA = 0.8127 +/- 0.0074
[2026-09-17 10:06:18]   chosen 10 targets (file, fixed across victim architectures), p_adv range 0.0000..0.0000
[2026-09-17 10:06:18]   targets: [843, 1257, 8252, 8730, 8055, 5859, 8954, 821, 1547, 4427]
[2026-09-17 10:06:18] === target 843 (1/10) ===
[2026-09-17 10:10:18]   target 843: crafted 250 poisons in 239 s, obj=0.27329
[2026-09-17 10:10:18]   target 843: realized linf = 0.03137 (8.00/255), budget = 8.00/255
[2026-09-17 10:11:09]   [t843 v1/6] SUCCESS (pred=dog) CTA=0.8062
[2026-09-17 10:11:59]   [t843 v2/6] fail (pred=bird) CTA=0.8073
[2026-09-17 10:12:48]   [t843 v3/6] SUCCESS (pred=dog) CTA=0.8005
[2026-09-17 10:13:38]   [t843 v4/6] fail (pred=bird) CTA=0.8041
[2026-09-17 10:14:27]   [t843 v5/6] fail (pred=bird) CTA=0.8022
[2026-09-17 10:15:17]   [t843 v6/6] SUCCESS (pred=dog) CTA=0.7961
[2026-09-17 10:15:17]   target 843, 6 victims on this gpu: ASR=50.0% CTA=0.8027 +/- 0.0037
[2026-09-17 10:15:17] === target 1257 (2/10) ===
[2026-09-17 10:19:16]   target 1257: crafted 250 poisons in 239 s, obj=0.22788
[2026-09-17 10:19:16]   target 1257: realized linf = 0.03137 (8.00/255), budget = 8.00/255
[2026-09-17 10:20:07]   [t1257 v1/6] fail (pred=bird) CTA=0.7952
[2026-09-17 10:20:57]   [t1257 v2/6] SUCCESS (pred=dog) CTA=0.8138
[2026-09-17 10:21:47]   [t1257 v3/6] SUCCESS (pred=dog) CTA=0.8131
[2026-09-17 10:22:36]   [t1257 v4/6] SUCCESS (pred=dog) CTA=0.7993
[2026-09-17 10:23:26]   [t1257 v5/6] SUCCESS (pred=dog) CTA=0.8038
[2026-09-17 10:24:15]   [t1257 v6/6] SUCCESS (pred=dog) CTA=0.7977
[2026-09-17 10:24:15]   target 1257, 6 victims on this gpu: ASR=83.3% CTA=0.8038 +/- 0.0073
[2026-09-17 10:24:15] === target 8252 (3/10) ===
[2026-09-17 10:28:15]   target 8252: crafted 250 poisons in 239 s, obj=0.20792
[2026-09-17 10:28:15]   target 8252: realized linf = 0.03137 (8.00/255), budget = 8.00/255
[2026-09-17 10:29:06]   [t8252 v1/6] SUCCESS (pred=dog) CTA=0.7995
[2026-09-17 10:29:55]   [t8252 v2/6] SUCCESS (pred=dog) CTA=0.8128
[2026-09-17 10:30:45]   [t8252 v3/6] fail (pred=cat) CTA=0.8035
[2026-09-17 10:31:35]   [t8252 v4/6] SUCCESS (pred=dog) CTA=0.7915
[2026-09-17 10:32:25]   [t8252 v5/6] SUCCESS (pred=dog) CTA=0.7921
[2026-09-17 10:33:14]   [t8252 v6/6] SUCCESS (pred=dog) CTA=0.8121
[2026-09-17 10:33:14]   target 8252, 6 victims on this gpu: ASR=83.3% CTA=0.8019 +/- 0.0085
[2026-09-17 10:33:14] === target 8730 (4/10) ===
[2026-09-17 10:37:14]   target 8730: crafted 250 poisons in 239 s, obj=0.23110
[2026-09-17 10:37:14]   target 8730: realized linf = 0.03137 (8.00/255), budget = 8.00/255
[2026-09-17 10:38:05]   [t8730 v1/6] fail (pred=bird) CTA=0.8037
[2026-09-17 10:38:55]   [t8730 v2/6] SUCCESS (pred=dog) CTA=0.8121
[2026-09-17 10:39:44]   [t8730 v3/6] SUCCESS (pred=dog) CTA=0.8140
[2026-09-17 10:40:34]   [t8730 v4/6] fail (pred=cat) CTA=0.8041
[2026-09-17 10:41:23]   [t8730 v5/6] SUCCESS (pred=dog) CTA=0.8027
[2026-09-17 10:42:13]   [t8730 v6/6] fail (pred=bird) CTA=0.8126
[2026-09-17 10:42:13]   target 8730, 6 victims on this gpu: ASR=50.0% CTA=0.8082 +/- 0.0048
[2026-09-17 10:42:13] === target 8055 (5/10) ===
[2026-09-17 10:46:13]   target 8055: crafted 250 poisons in 240 s, obj=0.26121
[2026-09-17 10:46:13]   target 8055: realized linf = 0.03137 (8.00/255), budget = 8.00/255
[2026-09-17 10:47:04]   [t8055 v1/6] SUCCESS (pred=dog) CTA=0.8057
[2026-09-17 10:47:54]   [t8055 v2/6] SUCCESS (pred=dog) CTA=0.8022
[2026-09-17 10:48:44]   [t8055 v3/6] SUCCESS (pred=dog) CTA=0.8064
[2026-09-17 10:49:33]   [t8055 v4/6] fail (pred=bird) CTA=0.7933
[2026-09-17 10:50:23]   [t8055 v5/6] fail (pred=bird) CTA=0.8174
[2026-09-17 10:51:12]   [t8055 v6/6] SUCCESS (pred=dog) CTA=0.8032
[2026-09-17 10:51:12]   target 8055, 6 victims on this gpu: ASR=66.7% CTA=0.8047 +/- 0.0071
[2026-09-17 10:51:12] === target 5859 (6/10) ===
[2026-09-17 10:55:12]   target 5859: crafted 250 poisons in 239 s, obj=0.22421
[2026-09-17 10:55:12]   target 5859: realized linf = 0.03137 (8.00/255), budget = 8.00/255
[2026-09-17 10:56:03]   [t5859 v1/6] SUCCESS (pred=dog) CTA=0.7966
