gpu: NVIDIA L40S
targets: 10 pinned IDs: 5118 8740 5324 4630 833 2065 7056 9059 6707 9874
job: 968162 vxf059_sapa_b0005_k10_ar20_vr20 on rack11-06
config: attack=sapa budget=0.005 K=10 S=A=ResNet20BN V=ResNet20BN base=ours jacobian=off craft_steps=250 targets=10 victims=6 FORCE=fresh
protocol: S=A=ResNet20BN V=ResNet20BN K=10
protocol: fresh base selection + fresh poison optimization (FORCE)
output: /home/mmoslem3/scratch/PoisonBase/victim_transfer_fresh_20260917_result/CIFAR10_ResNet20BN_sapa_ours_dog-bird_b0.005_eps8_seed42_lam1_cosine_K10_worst0.05_ce5_tgt14
[2026-09-17 10:06:13] === run start: CIFAR10_ResNet20BN_sapa_ours_dog-bird_b0.005_eps8_seed42_lam1_cosine_K10_worst0.05_ce5_tgt14 on cuda [0] ===
[2026-09-17 10:06:13] args: {"FORCE": true, "attack": "sapa", "base": "ours", "base_dist": "cosine", "base_topr": null, "budget": 0.005, "cache_dir": "/tmp/PoisonBase_victim_transfer_fresh/cache", "class_pair": "dog-bird", "clean_baseline": true, "craft_alpha": 0.0039216, "craft_aug": true, "craft_batch": 256, "craft_ensemble": 5, "craft_lowmem": false, "craft_schedule": false, "craft_steps": 250, "data_path": "/tmp/PoisonBase_victim_transfer_fresh/data", "dataset": "CIFAR10", "distance_margin_coef": null, "dsa_strategy": "color_crop_cutout_flip_scale_rotate", "epsilon": 0.0313725, "fast_gradmatch": false, "fc_mode": "sample", "fc_restarts": 1, "gpus": "all", "jacobian_batch_size": 64, "jacobian_weight": 1.0, "keep_pinned_targets": true, "lambda_margin": 1.0, "model": "ResNet20BN", "no_resume": true, "num_poisons": 500, "num_surrogates": 20, "num_targets": 10, "num_victims": 6, "out_dir": "/tmp/PoisonBase_victim_transfer_fresh/victim_transfer_fresh_20260917_result", "pair_order": "poison-target", "parallel_pretrain": true, "parallel_targets": true, "precompute_id": null, "precompute_only": false, "precompute_part": "both", "rank_on_victims": true, "recompute_deltas": true, "require_correct_target": false, "restarts": 8, "seed": 42, "sel_K": 10, "sel_alpha": 1.0, "sel_criterion": null, "sel_dpp": false, "sel_filter": false, "sel_mmr": false, "sel_mode": null, "sel_model": null, "sel_mu": 1.0, "sel_pca": false, "sel_pool": 3.0, "sharp_mode": "worst", "sharp_samples": 20, "sharp_sigma": 0.05, "steal_timeout": 7200.0, "surrogate_aug": false, "surrogate_bs": 128, "surrogate_decay": [35, 45], "surrogate_epochs": 60, "surrogate_lr": 0.1, "surrogate_wd": 0.0, "target_idx_file": "/tmp/PoisonBase_victim_transfer_fresh/target_sets/ResNet20BN_gradmatch_dog-bird.json", "target_select": 14, "use_jacobian_score": false, "victim_aug": false, "victim_bs": 125, "victim_decay": [40], "victim_epochs": 50, "victim_lr": 0.1, "victim_model": "ResNet20BN", "victim_wd": 0.0}
[2026-09-17 10:06:13] Jacobian score: disabled
[2026-09-17 10:06:13] N_total=50000 budget=0.005 -> N_p=250 poisons, y_adv=5(dog) target_class=2(bird)
[2026-09-17 10:06:13] === selection/crafting surrogates (20 x ResNet20BN, trained on the full real set) ===
[2026-09-17 10:06:14]   crafting on 5/20 surrogates
[2026-09-17 10:06:14] === clean victims (6 x ResNet20BN) ===
[2026-09-17 10:06:15]   clean baseline CTA = 0.8354 +/- 0.0043
[2026-09-17 10:06:15]   chosen 10 targets (file, fixed across victim architectures), p_adv range 0.0001..0.3539
[2026-09-17 10:06:15]   targets: [5118, 8740, 5324, 4630, 833, 2065, 7056, 9059, 6707, 9874]
[2026-09-17 10:06:15] === target 5118 (1/10) ===
[2026-09-17 10:14:02]   target 5118: crafted 250 poisons in 466 s, obj=0.20314
[2026-09-17 10:14:02]   target 5118: realized linf = 0.03137 (8.00/255), budget = 8.00/255
[2026-09-17 10:15:38]   [t5118 v1/6] SUCCESS (pred=dog) CTA=0.8373
[2026-09-17 10:17:13]   [t5118 v2/6] SUCCESS (pred=dog) CTA=0.8366
[2026-09-17 10:18:49]   [t5118 v3/6] SUCCESS (pred=dog) CTA=0.8356
[2026-09-17 10:20:25]   [t5118 v4/6] SUCCESS (pred=dog) CTA=0.8337
[2026-09-17 10:22:00]   [t5118 v5/6] SUCCESS (pred=dog) CTA=0.8387
[2026-09-17 10:23:36]   [t5118 v6/6] SUCCESS (pred=dog) CTA=0.8346
[2026-09-17 10:23:36]   target 5118, 6 victims on this gpu: ASR=100.0% CTA=0.8361 +/- 0.0017
[2026-09-17 10:23:36] === target 8740 (2/10) ===
[2026-09-17 10:31:24]   target 8740: crafted 250 poisons in 467 s, obj=0.18683
[2026-09-17 10:31:24]   target 8740: realized linf = 0.03137 (8.00/255), budget = 8.00/255
[2026-09-17 10:33:00]   [t8740 v1/6] SUCCESS (pred=dog) CTA=0.8399
[2026-09-17 10:34:35]   [t8740 v2/6] SUCCESS (pred=dog) CTA=0.8419
[2026-09-17 10:36:11]   [t8740 v3/6] SUCCESS (pred=dog) CTA=0.8357
[2026-09-17 10:37:47]   [t8740 v4/6] fail (pred=cat) CTA=0.8389
[2026-09-17 10:39:23]   [t8740 v5/6] SUCCESS (pred=dog) CTA=0.8427
[2026-09-17 10:40:59]   [t8740 v6/6] SUCCESS (pred=dog) CTA=0.8417
[2026-09-17 10:40:59]   target 8740, 6 victims on this gpu: ASR=83.3% CTA=0.8401 +/- 0.0024
[2026-09-17 10:40:59] === target 5324 (3/10) ===
[2026-09-17 10:48:44]   target 5324: crafted 250 poisons in 465 s, obj=0.21159
[2026-09-17 10:48:44]   target 5324: realized linf = 0.03137 (8.00/255), budget = 8.00/255
[2026-09-17 10:50:20]   [t5324 v1/6] SUCCESS (pred=dog) CTA=0.8422
[2026-09-17 10:51:56]   [t5324 v2/6] fail (pred=truck) CTA=0.8274
[2026-09-17 10:53:31]   [t5324 v3/6] SUCCESS (pred=dog) CTA=0.8375
[2026-09-17 10:55:07]   [t5324 v4/6] SUCCESS (pred=dog) CTA=0.8314
[2026-09-17 10:56:43]   [t5324 v5/6] SUCCESS (pred=dog) CTA=0.8369
