gpu: NVIDIA L40S
targets: 10 pinned IDs: 843 1257 8252 8730 8055 5859 8954 821 1547 4427
job: 968113 vxf010_gm_b0002_k20_aconv_vconv on rack10-03
config: attack=gradmatch budget=0.002 K=20 S=A=ConvNetBN V=ConvNetBN base=ours jacobian=off craft_steps=250 targets=10 victims=6 FORCE=fresh
protocol: S=A=ConvNetBN V=ConvNetBN K=20
protocol: fresh base selection + fresh poison optimization (FORCE)
output: /home/mmoslem3/scratch/PoisonBase/victim_transfer_fresh_20260917_result/CIFAR10_ConvNetBN_gradmatch_ours_dog-bird_b0.002_eps8_seed42_lam1_cosine_K20_ce5_tgt70
[2026-09-17 08:42:36] === run start: CIFAR10_ConvNetBN_gradmatch_ours_dog-bird_b0.002_eps8_seed42_lam1_cosine_K20_ce5_tgt70 on cuda [0] ===
[2026-09-17 08:42:36] args: {"FORCE": true, "attack": "gradmatch", "base": "ours", "base_dist": "cosine", "base_topr": null, "budget": 0.002, "cache_dir": "/tmp/PoisonBase_victim_transfer_fresh/cache", "class_pair": "dog-bird", "clean_baseline": true, "craft_alpha": 0.0039216, "craft_aug": true, "craft_batch": 256, "craft_ensemble": 5, "craft_lowmem": false, "craft_schedule": false, "craft_steps": 250, "data_path": "/tmp/PoisonBase_victim_transfer_fresh/data", "dataset": "CIFAR10", "distance_margin_coef": null, "dsa_strategy": "color_crop_cutout_flip_scale_rotate", "epsilon": 0.0313725, "fast_gradmatch": false, "fc_mode": "sample", "fc_restarts": 1, "gpus": "all", "jacobian_batch_size": 64, "jacobian_weight": 1.0, "keep_pinned_targets": true, "lambda_margin": 1.0, "model": "ConvNetBN", "no_resume": true, "num_poisons": 500, "num_surrogates": 20, "num_targets": 10, "num_victims": 6, "out_dir": "/tmp/PoisonBase_victim_transfer_fresh/victim_transfer_fresh_20260917_result", "pair_order": "poison-target", "parallel_pretrain": true, "parallel_targets": true, "precompute_id": null, "precompute_only": false, "precompute_part": "both", "rank_on_victims": true, "recompute_deltas": true, "require_correct_target": false, "restarts": 8, "seed": 42, "sel_K": 20, "sel_alpha": 1.0, "sel_criterion": null, "sel_dpp": false, "sel_filter": false, "sel_mmr": false, "sel_mode": null, "sel_model": null, "sel_mu": 1.0, "sel_pca": false, "sel_pool": 3.0, "sharp_mode": "worst", "sharp_samples": 20, "sharp_sigma": 0.05, "steal_timeout": 7200.0, "surrogate_aug": false, "surrogate_bs": 128, "surrogate_decay": [35, 45], "surrogate_epochs": 60, "surrogate_lr": 0.1, "surrogate_wd": 0.0, "target_idx_file": "/tmp/PoisonBase_victim_transfer_fresh/target_sets/ConvNetBN_gradmatch_dog-bird.json", "target_select": 70, "use_jacobian_score": false, "victim_aug": false, "victim_bs": 125, "victim_decay": [40], "victim_epochs": 50, "victim_lr": 0.1, "victim_model": "ConvNetBN", "victim_wd": 0.0}
[2026-09-17 08:42:36] Jacobian score: disabled
[2026-09-17 08:42:36] N_total=50000 budget=0.002 -> N_p=100 poisons, y_adv=5(dog) target_class=2(bird)
[2026-09-17 08:42:36] === selection/crafting surrogates (20 x ConvNetBN, trained on the full real set) ===
[2026-09-17 08:42:36]   crafting on 5/20 surrogates
[2026-09-17 08:42:36] === clean victims (6 x ConvNetBN) ===
[2026-09-17 08:42:37]   clean baseline CTA = 0.8127 +/- 0.0074
[2026-09-17 08:42:37]   chosen 10 targets (file, fixed across victim architectures), p_adv range 0.0000..0.0000
[2026-09-17 08:42:37]   targets: [843, 1257, 8252, 8730, 8055, 5859, 8954, 821, 1547, 4427]
[2026-09-17 08:42:37] === target 843 (1/10) ===
[2026-09-17 08:43:58]   target 843: crafted 100 poisons in 78 s, obj=0.28280
[2026-09-17 08:43:58]   target 843: realized linf = 0.03137 (8.00/255), budget = 8.00/255
[2026-09-17 08:44:49]   [t843 v1/6] fail (pred=bird) CTA=0.8091
[2026-09-17 08:45:39]   [t843 v2/6] fail (pred=bird) CTA=0.8062
[2026-09-17 08:46:29]   [t843 v3/6] fail (pred=bird) CTA=0.8076
[2026-09-17 08:47:20]   [t843 v4/6] fail (pred=bird) CTA=0.8103
[2026-09-17 08:48:10]   [t843 v5/6] fail (pred=bird) CTA=0.8023
[2026-09-17 08:49:00]   [t843 v6/6] fail (pred=bird) CTA=0.7838
[2026-09-17 08:49:00]   target 843, 6 victims on this gpu: ASR=0.0% CTA=0.8032 +/- 0.0090
[2026-09-17 08:49:00] === target 1257 (2/10) ===
[2026-09-17 08:50:19]   target 1257: crafted 100 poisons in 78 s, obj=0.23853
[2026-09-17 08:50:19]   target 1257: realized linf = 0.03137 (8.00/255), budget = 8.00/255
[2026-09-17 08:51:11]   [t1257 v1/6] fail (pred=bird) CTA=0.7920
[2026-09-17 08:52:01]   [t1257 v2/6] fail (pred=bird) CTA=0.8074
[2026-09-17 08:52:51]   [t1257 v3/6] fail (pred=bird) CTA=0.8101
[2026-09-17 08:53:41]   [t1257 v4/6] SUCCESS (pred=dog) CTA=0.8024
[2026-09-17 08:54:30]   [t1257 v5/6] fail (pred=bird) CTA=0.8000
[2026-09-17 08:55:20]   [t1257 v6/6] fail (pred=bird) CTA=0.7997
[2026-09-17 08:55:20]   target 1257, 6 victims on this gpu: ASR=16.7% CTA=0.8019 +/- 0.0058
[2026-09-17 08:55:20] === target 8252 (3/10) ===
[2026-09-17 08:56:40]   target 8252: crafted 100 poisons in 78 s, obj=0.22900
[2026-09-17 08:56:40]   target 8252: realized linf = 0.03137 (8.00/255), budget = 8.00/255
[2026-09-17 08:57:32]   [t8252 v1/6] fail (pred=bird) CTA=0.7973
[2026-09-17 08:58:21]   [t8252 v2/6] SUCCESS (pred=dog) CTA=0.8112
[2026-09-17 08:59:11]   [t8252 v3/6] fail (pred=cat) CTA=0.8021
[2026-09-17 09:00:01]   [t8252 v4/6] SUCCESS (pred=dog) CTA=0.7936
[2026-09-17 09:00:51]   [t8252 v5/6] SUCCESS (pred=dog) CTA=0.7935
[2026-09-17 09:01:41]   [t8252 v6/6] fail (pred=bird) CTA=0.8122
[2026-09-17 09:01:41]   target 8252, 6 victims on this gpu: ASR=50.0% CTA=0.8016 +/- 0.0077
[2026-09-17 09:01:41] === target 8730 (4/10) ===
[2026-09-17 09:03:00]   target 8730: crafted 100 poisons in 78 s, obj=0.23264
[2026-09-17 09:03:00]   target 8730: realized linf = 0.03137 (8.00/255), budget = 8.00/255
[2026-09-17 09:03:52]   [t8730 v1/6] fail (pred=bird) CTA=0.8096
[2026-09-17 09:04:42]   [t8730 v2/6] fail (pred=bird) CTA=0.8101
[2026-09-17 09:05:32]   [t8730 v3/6] fail (pred=bird) CTA=0.8207
[2026-09-17 09:06:22]   [t8730 v4/6] fail (pred=bird) CTA=0.8059
[2026-09-17 09:07:12]   [t8730 v5/6] fail (pred=deer) CTA=0.8046
[2026-09-17 09:08:02]   [t8730 v6/6] fail (pred=bird) CTA=0.8103
[2026-09-17 09:08:02]   target 8730, 6 victims on this gpu: ASR=0.0% CTA=0.8102 +/- 0.0052
[2026-09-17 09:08:02] === target 8055 (5/10) ===
[2026-09-17 09:09:21]   target 8055: crafted 100 poisons in 78 s, obj=0.27359
[2026-09-17 09:09:21]   target 8055: realized linf = 0.03137 (8.00/255), budget = 8.00/255
[2026-09-17 09:10:13]   [t8055 v1/6] fail (pred=bird) CTA=0.8082
[2026-09-17 09:11:03]   [t8055 v2/6] SUCCESS (pred=dog) CTA=0.7968
[2026-09-17 09:11:53]   [t8055 v3/6] fail (pred=bird) CTA=0.8114
[2026-09-17 09:12:43]   [t8055 v4/6] fail (pred=bird) CTA=0.7919
[2026-09-17 09:13:33]   [t8055 v5/6] fail (pred=bird) CTA=0.8152
[2026-09-17 09:14:23]   [t8055 v6/6] fail (pred=bird) CTA=0.7954
[2026-09-17 09:14:23]   target 8055, 6 victims on this gpu: ASR=16.7% CTA=0.8032 +/- 0.0088
[2026-09-17 09:14:23] === target 5859 (6/10) ===
[2026-09-17 09:15:42]   target 5859: crafted 100 poisons in 78 s, obj=0.23958
[2026-09-17 09:15:42]   target 5859: realized linf = 0.03137 (8.00/255), budget = 8.00/255
[2026-09-17 09:16:34]   [t5859 v1/6] fail (pred=horse) CTA=0.7989
[2026-09-17 09:17:24]   [t5859 v2/6] fail (pred=bird) CTA=0.8055
[2026-09-17 09:18:14]   [t5859 v3/6] SUCCESS (pred=dog) CTA=0.8077
[2026-09-17 09:19:04]   [t5859 v4/6] fail (pred=bird) CTA=0.8019
[2026-09-17 09:19:54]   [t5859 v5/6] SUCCESS (pred=dog) CTA=0.8038
[2026-09-17 09:20:44]   [t5859 v6/6] fail (pred=frog) CTA=0.7943
[2026-09-17 09:20:44]   target 5859, 6 victims on this gpu: ASR=33.3% CTA=0.8020 +/- 0.0044
[2026-09-17 09:20:44] === target 8954 (7/10) ===
[2026-09-17 09:22:04]   target 8954: crafted 100 poisons in 78 s, obj=0.21068
[2026-09-17 09:22:04]   target 8954: realized linf = 0.03137 (8.00/255), budget = 8.00/255
[2026-09-17 09:22:56]   [t8954 v1/6] SUCCESS (pred=dog) CTA=0.7976
[2026-09-17 09:23:45]   [t8954 v2/6] SUCCESS (pred=dog) CTA=0.8041
[2026-09-17 09:24:35]   [t8954 v3/6] fail (pred=bird) CTA=0.8085
[2026-09-17 09:25:25]   [t8954 v4/6] SUCCESS (pred=dog) CTA=0.7912
[2026-09-17 09:26:15]   [t8954 v5/6] SUCCESS (pred=dog) CTA=0.8091
[2026-09-17 09:27:05]   [t8954 v6/6] SUCCESS (pred=dog) CTA=0.8037
[2026-09-17 09:27:05]   target 8954, 6 victims on this gpu: ASR=83.3% CTA=0.8024 +/- 0.0063
[2026-09-17 09:27:05] === target 821 (8/10) ===
[2026-09-17 09:28:25]   target 821: crafted 100 poisons in 78 s, obj=0.28063
[2026-09-17 09:28:25]   target 821: realized linf = 0.03137 (8.00/255), budget = 8.00/255
[2026-09-17 09:29:17]   [t821 v1/6] fail (pred=bird) CTA=0.8124
[2026-09-17 09:30:06]   [t821 v2/6] fail (pred=bird) CTA=0.8137
[2026-09-17 09:30:56]   [t821 v3/6] fail (pred=horse) CTA=0.8038
[2026-09-17 09:31:46]   [t821 v4/6] SUCCESS (pred=dog) CTA=0.8102
[2026-09-17 09:32:36]   [t821 v5/6] SUCCESS (pred=dog) CTA=0.7999
[2026-09-17 09:33:25]   [t821 v6/6] fail (pred=bird) CTA=0.8089
[2026-09-17 09:33:25]   target 821, 6 victims on this gpu: ASR=33.3% CTA=0.8082 +/- 0.0048
[2026-09-17 09:33:25] === target 1547 (9/10) ===
[2026-09-17 09:34:45]   target 1547: crafted 100 poisons in 78 s, obj=0.35355
[2026-09-17 09:34:45]   target 1547: realized linf = 0.03137 (8.00/255), budget = 8.00/255
[2026-09-17 09:35:37]   [t1547 v1/6] fail (pred=bird) CTA=0.8097
[2026-09-17 09:36:27]   [t1547 v2/6] fail (pred=airplane) CTA=0.8120
[2026-09-17 09:37:17]   [t1547 v3/6] fail (pred=airplane) CTA=0.7705
[2026-09-17 09:38:07]   [t1547 v4/6] fail (pred=bird) CTA=0.8080
[2026-09-17 09:38:57]   [t1547 v5/6] fail (pred=bird) CTA=0.8008
[2026-09-17 09:39:46]   [t1547 v6/6] fail (pred=bird) CTA=0.7970
[2026-09-17 09:39:46]   target 1547, 6 victims on this gpu: ASR=0.0% CTA=0.7997 +/- 0.0140
[2026-09-17 09:39:46] === target 4427 (10/10) ===
[2026-09-17 09:41:06]   target 4427: crafted 100 poisons in 78 s, obj=0.36975
[2026-09-17 09:41:06]   target 4427: realized linf = 0.03137 (8.00/255), budget = 8.00/255
[2026-09-17 09:41:58]   [t4427 v1/6] fail (pred=bird) CTA=0.8145
[2026-09-17 09:42:48]   [t4427 v2/6] fail (pred=bird) CTA=0.8063
[2026-09-17 09:43:38]   [t4427 v3/6] SUCCESS (pred=dog) CTA=0.8017
[2026-09-17 09:44:28]   [t4427 v4/6] fail (pred=bird) CTA=0.8037
[2026-09-17 09:45:18]   [t4427 v5/6] fail (pred=bird) CTA=0.8077
[2026-09-17 09:46:07]   [t4427 v6/6] fail (pred=bird) CTA=0.7983
[2026-09-17 09:46:07]   target 4427, 6 victims on this gpu: ASR=16.7% CTA=0.8054 +/- 0.0051
[2026-09-17 09:46:07] ==== CIFAR10_ConvNetBN_gradmatch_ours_dog-bird_b0.002_eps8_seed42_lam1_cosine_K20_ce5_tgt70 : ASR = 25.0% +/- 25.0% | CTA = 0.8038 (baseline 0.8127) ====
[2026-09-17 09:46:07]   target-prediction tally ['airplane', 'automobile', 'bird', 'cat', 'deer', 'dog', 'frog', 'horse', 'ship', 'truck']: [2, 0, 38, 1, 1, 15, 1, 2, 0, 0]
verified: 10 targets x 6 victims = 60 evaluations; 10 poison caches
sync: CIFAR10_ConvNetBN_gradmatch_ours_dog-bird_b0.002_eps8_seed42_lam1_cosine_K20_ce5_tgt70 -> /home/mmoslem3/scratch/PoisonBase/victim_transfer_fresh_20260917_result
