gpu: NVIDIA L40S
targets: 10 pinned IDs: 5118 8740 5324 4630 833 2065 7056 9059 6707 9874
job: 976177 vxr024_gm_b0005_k10_ar20_vvgg on rack01-16
config: attack=gradmatch budget=0.005 K=10 S=A=ResNet20BN V=VGG13BN base=ours jacobian=off craft_steps=250 targets=10 victims=6 FORCE=fresh
protocol: S=A=ResNet20BN V=VGG13BN K=10
protocol: resume this configuration from saved rows/cache
output: /home/mmoslem3/scratch/PoisonBase/victim_transfer_fresh_20260917_result/CIFAR10_ResNet20BN_gradmatch_ours_dog-bird_b0.005_eps8_seed42_lam1_cosine_victimarchVGG13BN_K10_ce5_tgt14
[2026-09-17 19:54:28] === run start: CIFAR10_ResNet20BN_gradmatch_ours_dog-bird_b0.005_eps8_seed42_lam1_cosine_victimarchVGG13BN_K10_ce5_tgt14 on cuda [0] ===
[2026-09-17 19:54:28] args: {"FORCE": false, "attack": "gradmatch", "base": "ours", "base_dist": "cosine", "base_topr": null, "budget": 0.005, "cache_dir": "/tmp/PoisonBase_victim_transfer_fresh/cache", "class_pair": "dog-bird", "clean_baseline": true, "craft_alpha": 0.0039216, "craft_aug": true, "craft_batch": 256, "craft_ensemble": 5, "craft_lowmem": false, "craft_schedule": false, "craft_steps": 250, "data_path": "/tmp/PoisonBase_victim_transfer_fresh/data", "dataset": "CIFAR10", "distance_margin_coef": null, "dsa_strategy": "color_crop_cutout_flip_scale_rotate", "epsilon": 0.0313725, "fast_gradmatch": false, "fc_mode": "sample", "fc_restarts": 1, "fus_alpha": 0.5, "fus_iters": 10, "fus_proxy_restarts": 0, "fus_proxy_steps": 0, "fus_search_decay": [40], "fus_search_epochs": 50, "gpus": "all", "jacobian_batch_size": 64, "jacobian_weight": 1.0, "keep_pinned_targets": true, "lambda_margin": 1.0, "model": "ResNet20BN", "no_resume": false, "num_poisons": 500, "num_surrogates": 20, "num_targets": 10, "num_victims": 6, "out_dir": "/tmp/PoisonBase_victim_transfer_fresh/victim_transfer_fresh_20260917_result", "pair_order": "poison-target", "parallel_pretrain": true, "parallel_targets": true, "precompute_id": null, "precompute_only": false, "precompute_part": "both", "rank_on_victims": true, "recompute_deltas": false, "require_correct_target": false, "restarts": 8, "seed": 42, "sel_K": 10, "sel_alpha": 1.0, "sel_criterion": null, "sel_dpp": false, "sel_filter": false, "sel_metric_epoch": 10, "sel_mmr": false, "sel_mode": null, "sel_model": null, "sel_mu": 1.0, "sel_pca": false, "sel_pool": 3.0, "selector_metric_dir": null, "sharp_mode": "worst", "sharp_samples": 20, "sharp_sigma": 0.05, "steal_timeout": 7200.0, "surrogate_aug": false, "surrogate_bs": 128, "surrogate_decay": [35, 45], "surrogate_epochs": 60, "surrogate_lr": 0.1, "surrogate_wd": 0.0, "target_idx_file": "/tmp/PoisonBase_victim_transfer_fresh/target_sets/ResNet20BN_gradmatch_dog-bird.json", "target_select": 14, "use_jacobian_score": false, "victim_aug": false, "victim_bs": 125, "victim_decay": [40], "victim_epochs": 50, "victim_lr": 0.1, "victim_model": "VGG13BN", "victim_wd": 0.0}
[2026-09-17 19:54:28] Jacobian score: disabled
[2026-09-17 19:54:28] N_total=50000 budget=0.005 -> N_p=250 poisons, y_adv=5(dog) target_class=2(bird)
[2026-09-17 19:54:28] === selection/crafting surrogates (20 x ResNet20BN, trained on the full real set) ===
[2026-09-17 19:54:29]   crafting on 5/20 surrogates
[2026-09-17 19:54:29] === clean victims (6 x VGG13BN) ===
[2026-09-17 19:54:31]   clean baseline CTA = 0.8476 +/- 0.0158
[2026-09-17 19:54:31]   chosen 10 targets (file, fixed across victim architectures), p_adv range 0.0000..0.2505
[2026-09-17 19:54:31]   targets: [5118, 8740, 5324, 4630, 833, 2065, 7056, 9059, 6707, 9874]
[2026-09-17 19:54:31]   merged 48 rows left behind by an interrupted run
[2026-09-17 19:54:31]   resume: 48 (target, victim) trials already done
[2026-09-17 19:54:31] === target 6707 (1/2) ===
[2026-09-17 19:54:32]   target 6707: selector overhead 0.654 s, CUDA peak 1175.2 MiB (incremental 218.9 MiB)
[2026-09-17 20:02:18]   target 6707: crafted 250 poisons in 466 s, obj=0.19639, CUDA peak=4891.9 MiB (incremental 3932.8 MiB)
[2026-09-17 20:02:18]   target 6707: realized linf = 0.03137 (8.00/255), budget = 8.00/255
[2026-09-17 20:03:59]   [t6707 v1/6] SUCCESS (pred=dog) CTA=0.8573
[2026-09-17 20:05:40]   [t6707 v2/6] SUCCESS (pred=dog) CTA=0.8346
[2026-09-17 20:07:20]   [t6707 v3/6] SUCCESS (pred=dog) CTA=0.8476
[2026-09-17 20:09:00]   [t6707 v4/6] fail (pred=bird) CTA=0.8417
[2026-09-17 20:10:41]   [t6707 v5/6] SUCCESS (pred=dog) CTA=0.8595
[2026-09-17 20:12:21]   [t6707 v6/6] SUCCESS (pred=dog) CTA=0.8554
[2026-09-17 20:12:21]   target 6707, 6 victims on this gpu: ASR=83.3% CTA=0.8493 +/- 0.0090
[2026-09-17 20:12:21] === target 9874 (2/2) ===
[2026-09-17 20:12:22]   target 9874: selector overhead 0.609 s, CUDA peak 1183.3 MiB (incremental 218.9 MiB)
[2026-09-17 20:20:08]   target 9874: crafted 250 poisons in 466 s, obj=0.17152, CUDA peak=4902.4 MiB (incremental 3935.1 MiB)
[2026-09-17 20:20:08]   target 9874: realized linf = 0.03137 (8.00/255), budget = 8.00/255
[2026-09-17 20:21:50]   [t9874 v1/6] SUCCESS (pred=dog) CTA=0.8601
[2026-09-17 20:23:30]   [t9874 v2/6] SUCCESS (pred=dog) CTA=0.8634
[2026-09-17 20:25:10]   [t9874 v3/6] SUCCESS (pred=dog) CTA=0.8610
[2026-09-17 20:26:50]   [t9874 v4/6] SUCCESS (pred=dog) CTA=0.8548
[2026-09-17 20:28:30]   [t9874 v5/6] SUCCESS (pred=dog) CTA=0.8422
[2026-09-17 20:30:10]   [t9874 v6/6] SUCCESS (pred=dog) CTA=0.8455
[2026-09-17 20:30:10]   target 9874, 6 victims on this gpu: ASR=100.0% CTA=0.8545 +/- 0.0080
[2026-09-17 20:30:10]   selector resources: 2 target(s), 1.3 total target-seconds, max CUDA allocated 1183.3 MiB (incremental 218.9 MiB)
[2026-09-17 20:30:10] ==== CIFAR10_ResNet20BN_gradmatch_ours_dog-bird_b0.005_eps8_seed42_lam1_cosine_victimarchVGG13BN_K10_ce5_tgt14 : ASR = 63.3% +/- 32.3% | CTA = 0.8528 (baseline 0.8476) ====
[2026-09-17 20:30:10]   target-prediction tally ['airplane', 'automobile', 'bird', 'cat', 'deer', 'dog', 'frog', 'horse', 'ship', 'truck']: [0, 0, 1, 0, 0, 11, 0, 0, 0, 0]
verified: 10 targets x 6 victims = 60 evaluations; 10 poison caches
sync: CIFAR10_ResNet20BN_gradmatch_ours_dog-bird_b0.005_eps8_seed42_lam1_cosine_victimarchVGG13BN_K10_ce5_tgt14 -> /home/mmoslem3/scratch/PoisonBase/victim_transfer_fresh_20260917_result
