gpu: NVIDIA L40S
targets: 10 pinned IDs: 5118 8740 5324 4630 833 2065 7056 9059 6707 9874
job: 976181 vxr033_gm_b0005_k20_ar20_vvgg on rack11-11
config: attack=gradmatch budget=0.005 K=20 S=A=ResNet20BN V=VGG13BN base=ours jacobian=off craft_steps=250 targets=10 victims=6 FORCE=fresh
protocol: S=A=ResNet20BN V=VGG13BN K=20
protocol: resume this configuration from saved rows/cache
output: /home/mmoslem3/scratch/PoisonBase/victim_transfer_fresh_20260917_result/CIFAR10_ResNet20BN_gradmatch_ours_dog-bird_b0.005_eps8_seed42_lam1_cosine_victimarchVGG13BN_K20_ce5_tgt14
[2026-09-17 22:46:41] === run start: CIFAR10_ResNet20BN_gradmatch_ours_dog-bird_b0.005_eps8_seed42_lam1_cosine_victimarchVGG13BN_K20_ce5_tgt14 on cuda [0] ===
[2026-09-17 22:46:41] args: {"FORCE": false, "attack": "gradmatch", "base": "ours", "base_dist": "cosine", "base_topr": null, "budget": 0.005, "cache_dir": "/tmp/PoisonBase_victim_transfer_fresh/cache", "class_pair": "dog-bird", "clean_baseline": true, "craft_alpha": 0.0039216, "craft_aug": true, "craft_batch": 256, "craft_ensemble": 5, "craft_lowmem": false, "craft_schedule": false, "craft_steps": 250, "data_path": "/tmp/PoisonBase_victim_transfer_fresh/data", "dataset": "CIFAR10", "distance_margin_coef": null, "dsa_strategy": "color_crop_cutout_flip_scale_rotate", "epsilon": 0.0313725, "fast_gradmatch": false, "fc_mode": "sample", "fc_restarts": 1, "fus_alpha": 0.5, "fus_iters": 10, "fus_proxy_restarts": 0, "fus_proxy_steps": 0, "fus_search_decay": [40], "fus_search_epochs": 50, "gpus": "all", "jacobian_batch_size": 64, "jacobian_weight": 1.0, "keep_pinned_targets": true, "lambda_margin": 1.0, "model": "ResNet20BN", "no_resume": false, "num_poisons": 500, "num_surrogates": 20, "num_targets": 10, "num_victims": 6, "out_dir": "/tmp/PoisonBase_victim_transfer_fresh/victim_transfer_fresh_20260917_result", "pair_order": "poison-target", "parallel_pretrain": true, "parallel_targets": true, "precompute_id": null, "precompute_only": false, "precompute_part": "both", "rank_on_victims": true, "recompute_deltas": false, "require_correct_target": false, "restarts": 8, "seed": 42, "sel_K": 20, "sel_alpha": 1.0, "sel_criterion": null, "sel_dpp": false, "sel_filter": false, "sel_metric_epoch": 10, "sel_mmr": false, "sel_mode": null, "sel_model": null, "sel_mu": 1.0, "sel_pca": false, "sel_pool": 3.0, "selector_metric_dir": null, "sharp_mode": "worst", "sharp_samples": 20, "sharp_sigma": 0.05, "steal_timeout": 7200.0, "surrogate_aug": false, "surrogate_bs": 128, "surrogate_decay": [35, 45], "surrogate_epochs": 60, "surrogate_lr": 0.1, "surrogate_wd": 0.0, "target_idx_file": "/tmp/PoisonBase_victim_transfer_fresh/target_sets/ResNet20BN_gradmatch_dog-bird.json", "target_select": 14, "use_jacobian_score": false, "victim_aug": false, "victim_bs": 125, "victim_decay": [40], "victim_epochs": 50, "victim_lr": 0.1, "victim_model": "VGG13BN", "victim_wd": 0.0}
[2026-09-17 22:46:41] Jacobian score: disabled
[2026-09-17 22:46:41] N_total=50000 budget=0.005 -> N_p=250 poisons, y_adv=5(dog) target_class=2(bird)
[2026-09-17 22:46:41] === selection/crafting surrogates (20 x ResNet20BN, trained on the full real set) ===
[2026-09-17 22:46:41]   crafting on 5/20 surrogates
[2026-09-17 22:46:41] === clean victims (6 x VGG13BN) ===
[2026-09-17 22:46:43]   clean baseline CTA = 0.8476 +/- 0.0158
[2026-09-17 22:46:43]   chosen 10 targets (file, fixed across victim architectures), p_adv range 0.0000..0.2505
[2026-09-17 22:46:43]   targets: [5118, 8740, 5324, 4630, 833, 2065, 7056, 9059, 6707, 9874]
[2026-09-17 22:46:43]   merged 48 rows left behind by an interrupted run
[2026-09-17 22:46:43]   resume: 48 (target, victim) trials already done
[2026-09-17 22:46:43] === target 6707 (1/2) ===
[2026-09-17 22:46:44]   target 6707: selector overhead 1.273 s, CUDA peak 1175.2 MiB (incremental 218.9 MiB)
[2026-09-17 22:54:34]   target 6707: crafted 250 poisons in 469 s, obj=0.19967, CUDA peak=4891.9 MiB (incremental 3932.8 MiB)
[2026-09-17 22:54:34]   target 6707: realized linf = 0.03137 (8.00/255), budget = 8.00/255
[2026-09-17 22:56:17]   [t6707 v1/6] SUCCESS (pred=dog) CTA=0.8575
[2026-09-17 22:57:59]   [t6707 v2/6] SUCCESS (pred=dog) CTA=0.8396
[2026-09-17 22:59:41]   [t6707 v3/6] SUCCESS (pred=dog) CTA=0.8591
[2026-09-17 23:01:23]   [t6707 v4/6] fail (pred=bird) CTA=0.8458
[2026-09-17 23:03:05]   [t6707 v5/6] fail (pred=bird) CTA=0.8487
[2026-09-17 23:04:47]   [t6707 v6/6] fail (pred=bird) CTA=0.8565
[2026-09-17 23:04:47]   target 6707, 6 victims on this gpu: ASR=50.0% CTA=0.8512 +/- 0.0071
[2026-09-17 23:04:47] === target 9874 (2/2) ===
[2026-09-17 23:04:48]   target 9874: selector overhead 1.230 s, CUDA peak 1183.3 MiB (incremental 218.9 MiB)
[2026-09-17 23:12:37]   target 9874: crafted 250 poisons in 469 s, obj=0.16930, CUDA peak=4902.8 MiB (incremental 3935.5 MiB)
[2026-09-17 23:12:37]   target 9874: realized linf = 0.03137 (8.00/255), budget = 8.00/255
[2026-09-17 23:14:20]   [t9874 v1/6] SUCCESS (pred=dog) CTA=0.8550
[2026-09-17 23:16:03]   [t9874 v2/6] SUCCESS (pred=dog) CTA=0.8520
[2026-09-17 23:17:45]   [t9874 v3/6] SUCCESS (pred=dog) CTA=0.8553
[2026-09-17 23:19:27]   [t9874 v4/6] SUCCESS (pred=dog) CTA=0.8518
[2026-09-17 23:21:10]   [t9874 v5/6] SUCCESS (pred=dog) CTA=0.8544
[2026-09-17 23:22:52]   [t9874 v6/6] SUCCESS (pred=dog) CTA=0.8492
[2026-09-17 23:22:52]   target 9874, 6 victims on this gpu: ASR=100.0% CTA=0.8529 +/- 0.0022
[2026-09-17 23:22:52]   selector resources: 2 target(s), 2.5 total target-seconds, max CUDA allocated 1183.3 MiB (incremental 218.9 MiB)
[2026-09-17 23:22:52] ==== CIFAR10_ResNet20BN_gradmatch_ours_dog-bird_b0.005_eps8_seed42_lam1_cosine_victimarchVGG13BN_K20_ce5_tgt14 : ASR = 63.3% +/- 34.0% | CTA = 0.8550 (baseline 0.8476) ====
[2026-09-17 23:22:52]   target-prediction tally ['airplane', 'automobile', 'bird', 'cat', 'deer', 'dog', 'frog', 'horse', 'ship', 'truck']: [0, 0, 3, 0, 0, 9, 0, 0, 0, 0]
verified: 10 targets x 6 victims = 60 evaluations; 10 poison caches
sync: CIFAR10_ResNet20BN_gradmatch_ours_dog-bird_b0.005_eps8_seed42_lam1_cosine_victimarchVGG13BN_K20_ce5_tgt14 -> /home/mmoslem3/scratch/PoisonBase/victim_transfer_fresh_20260917_result
