stage: optional directory absent: /home/mmoslem3/scratch/PoisonBase/ours_result/CIFAR10_ConvNetBN_gradmatch_ours_dog-bird_b0.005_eps8_seed42_lam1_cosine_selAminusMR_ce5_tgt70
job: 767902 xamr2_03_convnetbn_gm_db_b0005_a_mr on rack01-16
work: /tmp/attack_if
config: SOURCE_ROOT=/home/mmoslem3/scratch/PoisonBase PERSIST_DATA_ROOT=/home/mmoslem3/scratch/PoisonBase/data MODEL=ConvNetBN ATTACK=gradmatch CLASS_PAIR=dog-bird BUDGETS=0.005 SELECT=a-mr NUM_TARGETS=8 NUM_VICTIMS=5 sh sel_dpp.sh
protocol: attack=8 targets x 5 victims
gpu: NVIDIA L40S
=== A - MR: standardized A + (-M)*R | ConvNetBN / gradmatch / dog-bird ===
    targets: pinned from target_sets/ConvNetBN_gradmatch_dog-bird.json (same 10 the random-base run attacked)
    difficulty label tgt70   craft flags: none
    A - MR uses paper A/M/R (batch=64); average then standardize, then A + (-M)*R
    budgets: 0.005

--- a-mr | ConvNetBN / gradmatch / dog-bird | budget 0.005 ---
[2026-09-02 13:49:03] === run start: CIFAR10_ConvNetBN_gradmatch_ours_dog-bird_b0.005_eps8_seed42_lam1_cosine_selAminusMR_ce5_tgt70 on cuda [0] ===
[2026-09-02 13:49:03] args: {"FORCE": false, "attack": "gradmatch", "base": "ours", "base_dist": "cosine", "base_topr": null, "budget": 0.005, "cache_dir": "/tmp/attack_if/cache", "class_pair": "dog-bird", "clean_baseline": true, "craft_alpha": 0.0039216, "craft_aug": true, "craft_batch": 256, "craft_ensemble": 5, "craft_lowmem": false, "craft_schedule": false, "craft_steps": 250, "data_path": "/tmp/data", "dataset": "CIFAR10", "dsa_strategy": "color_crop_cutout_flip_scale_rotate", "epsilon": 0.0313725, "fast_gradmatch": false, "fc_mode": "sample", "fc_restarts": 1, "gpus": "all", "jacobian_batch_size": 64, "jacobian_weight": 1.0, "lambda_margin": 1.0, "model": "ConvNetBN", "no_resume": false, "num_poisons": 500, "num_surrogates": 20, "num_targets": 8, "num_victims": 5, "out_dir": "/tmp/attack_if/ours_result", "pair_order": "poison-target", "parallel_pretrain": true, "parallel_targets": true, "precompute_id": null, "precompute_only": false, "precompute_part": "both", "rank_on_victims": true, "recompute_deltas": false, "require_correct_target": false, "restarts": 8, "seed": 42, "sel_K": null, "sel_a_minus_mr": true, "sel_alpha": 1.0, "sel_criterion": null, "sel_dpp": false, "sel_filter": false, "sel_mmr": false, "sel_mode": null, "sel_model": null, "sel_mu": 1.0, "sel_pca": false, "sel_pool": 3.0, "sharp_mode": "worst", "sharp_samples": 20, "sharp_sigma": 0.05, "steal_timeout": 7200.0, "surrogate_aug": false, "surrogate_bs": 128, "surrogate_decay": [35, 45], "surrogate_epochs": 60, "surrogate_lr": 0.1, "surrogate_wd": 0.0, "target_idx_file": "target_sets/ConvNetBN_gradmatch_dog-bird.json", "target_select": 70, "use_jacobian_score": false, "victim_aug": false, "victim_bs": 125, "victim_decay": [40], "victim_epochs": 50, "victim_lr": 0.1, "victim_wd": 0.0}
[2026-09-02 13:49:03] Jacobian score: disabled
[2026-09-02 13:49:03] A - MR selector: standardized A + (-M)*R, batch_size=64; components averaged over surrogates before standardization
[2026-09-02 13:49:03] N_total=50000 budget=0.005 -> N_p=250 poisons, y_adv=5(dog) target_class=2(bird)
[2026-09-02 13:49:03] === surrogates (20 x ConvNetBN, trained on the full real set) ===
[2026-09-02 13:49:03]   crafting on 5/20 surrogates
[2026-09-02 13:49:03] === clean victims (5 x ConvNetBN) ===
[2026-09-02 13:49:04]   clean baseline CTA = 0.8120 +/- 0.0079
[2026-09-02 13:49:04]   target pool 1000 -> eligible 964 (36 already predicted as y_adv or dropped)
[2026-09-02 13:49:04]   chosen 8 targets (file), p_adv range 0.0000..0.0000
[2026-09-02 13:49:04]   targets: [843, 1257, 8252, 8730, 8055, 5859, 8954, 821]
[2026-09-02 13:49:04] === target 843 (1/8) ===
[2026-09-02 13:49:04]   Jacobian score exact backend: torch.func JVP
[2026-09-02 13:53:08]   target 843: crafted 250 poisons in 239 s, obj=0.28324
[2026-09-02 13:53:08]   target 843: realized linf = 0.03137 (8.00/255), budget = 8.00/255
[2026-09-02 13:53:59]   [t843 v1/5] SUCCESS (pred=dog) CTA=0.8121
[2026-09-02 13:54:49]   [t843 v2/5] SUCCESS (pred=dog) CTA=0.8016
[2026-09-02 13:55:39]   [t843 v3/5] SUCCESS (pred=dog) CTA=0.8091
[2026-09-02 13:56:30]   [t843 v4/5] fail (pred=bird) CTA=0.8102
[2026-09-02 13:57:20]   [t843 v5/5] fail (pred=ship) CTA=0.7982
[2026-09-02 13:57:20]   target 843, 5 victims on this gpu: ASR=60.0% CTA=0.8062 +/- 0.0054
[2026-09-02 13:57:20] === target 1257 (2/8) ===
[2026-09-02 14:01:24]   target 1257: crafted 250 poisons in 240 s, obj=0.23601
[2026-09-02 14:01:24]   target 1257: realized linf = 0.03137 (8.00/255), budget = 8.00/255
[2026-09-02 14:02:15]   [t1257 v1/5] SUCCESS (pred=dog) CTA=0.7968
[2026-09-02 14:03:05]   [t1257 v2/5] fail (pred=bird) CTA=0.8097
[2026-09-02 14:03:55]   [t1257 v3/5] SUCCESS (pred=dog) CTA=0.8179
[2026-09-02 14:04:45]   [t1257 v4/5] fail (pred=bird) CTA=0.8034
[2026-09-02 14:05:35]   [t1257 v5/5] fail (pred=bird) CTA=0.8015
[2026-09-02 14:05:35]   target 1257, 5 victims on this gpu: ASR=40.0% CTA=0.8059 +/- 0.0073
[2026-09-02 14:05:35] === target 8252 (3/8) ===
[2026-09-02 14:09:38]   target 8252: crafted 250 poisons in 239 s, obj=0.22049
[2026-09-02 14:09:38]   target 8252: realized linf = 0.03137 (8.00/255), budget = 8.00/255
[2026-09-02 14:10:30]   [t8252 v1/5] SUCCESS (pred=dog) CTA=0.8082
[2026-09-02 14:11:20]   [t8252 v2/5] SUCCESS (pred=dog) CTA=0.8158
[2026-09-02 14:12:10]   [t8252 v3/5] SUCCESS (pred=dog) CTA=0.8089
[2026-09-02 14:13:00]   [t8252 v4/5] SUCCESS (pred=dog) CTA=0.8003
[2026-09-02 14:13:51]   [t8252 v5/5] fail (pred=cat) CTA=0.7879
[2026-09-02 14:13:51]   target 8252, 5 victims on this gpu: ASR=80.0% CTA=0.8042 +/- 0.0095
[2026-09-02 14:13:51] === target 8730 (4/8) ===
[2026-09-02 14:17:54]   target 8730: crafted 250 poisons in 240 s, obj=0.22898
[2026-09-02 14:17:54]   target 8730: realized linf = 0.03137 (8.00/255), budget = 8.00/255
[2026-09-02 14:18:46]   [t8730 v1/5] fail (pred=bird) CTA=0.8080
[2026-09-02 14:19:36]   [t8730 v2/5] fail (pred=bird) CTA=0.8139
[2026-09-02 14:20:26]   [t8730 v3/5] fail (pred=bird) CTA=0.8187
[2026-09-02 14:21:16]   [t8730 v4/5] fail (pred=bird) CTA=0.8080
[2026-09-02 14:22:06]   [t8730 v5/5] fail (pred=bird) CTA=0.8001
[2026-09-02 14:22:06]   target 8730, 5 victims on this gpu: ASR=0.0% CTA=0.8097 +/- 0.0063
[2026-09-02 14:22:06] === target 8055 (5/8) ===
[2026-09-02 14:26:10]   target 8055: crafted 250 poisons in 239 s, obj=0.26990
[2026-09-02 14:26:10]   target 8055: realized linf = 0.03137 (8.00/255), budget = 8.00/255
[2026-09-02 14:27:01]   [t8055 v1/5] SUCCESS (pred=dog) CTA=0.8139
[2026-09-02 14:27:51]   [t8055 v2/5] SUCCESS (pred=dog) CTA=0.8004
[2026-09-02 14:28:41]   [t8055 v3/5] fail (pred=bird) CTA=0.8078
[2026-09-02 14:29:31]   [t8055 v4/5] SUCCESS (pred=dog) CTA=0.7968
[2026-09-02 14:30:21]   [t8055 v5/5] SUCCESS (pred=dog) CTA=0.8144
[2026-09-02 14:30:21]   target 8055, 5 victims on this gpu: ASR=80.0% CTA=0.8067 +/- 0.0071
[2026-09-02 14:30:21] === target 5859 (6/8) ===
[2026-09-02 14:34:25]   target 5859: crafted 250 poisons in 240 s, obj=0.23492
[2026-09-02 14:34:25]   target 5859: realized linf = 0.03137 (8.00/255), budget = 8.00/255
[2026-09-02 14:35:17]   [t5859 v1/5] fail (pred=bird) CTA=0.7998
[2026-09-02 14:36:07]   [t5859 v2/5] SUCCESS (pred=dog) CTA=0.8094
[2026-09-02 14:36:57]   [t5859 v3/5] SUCCESS (pred=dog) CTA=0.8000
[2026-09-02 14:37:47]   [t5859 v4/5] fail (pred=bird) CTA=0.8043
[2026-09-02 14:38:37]   [t5859 v5/5] SUCCESS (pred=dog) CTA=0.8035
[2026-09-02 14:38:37]   target 5859, 5 victims on this gpu: ASR=60.0% CTA=0.8034 +/- 0.0035
[2026-09-02 14:38:37] === target 8954 (7/8) ===
[2026-09-02 14:42:41]   target 8954: crafted 250 poisons in 239 s, obj=0.20766
[2026-09-02 14:42:41]   target 8954: realized linf = 0.03137 (8.00/255), budget = 8.00/255
[2026-09-02 14:43:32]   [t8954 v1/5] SUCCESS (pred=dog) CTA=0.8057
[2026-09-02 14:44:22]   [t8954 v2/5] SUCCESS (pred=dog) CTA=0.8078
[2026-09-02 14:45:12]   [t8954 v3/5] SUCCESS (pred=dog) CTA=0.8035
[2026-09-02 14:46:02]   [t8954 v4/5] SUCCESS (pred=dog) CTA=0.7924
[2026-09-02 14:46:52]   [t8954 v5/5] SUCCESS (pred=dog) CTA=0.8055
[2026-09-02 14:46:52]   target 8954, 5 victims on this gpu: ASR=100.0% CTA=0.8030 +/- 0.0055
[2026-09-02 14:46:52] === target 821 (8/8) ===
[2026-09-02 14:50:56]   target 821: crafted 250 poisons in 240 s, obj=0.29438
[2026-09-02 14:50:56]   target 821: realized linf = 0.03137 (8.00/255), budget = 8.00/255
[2026-09-02 14:51:48]   [t821 v1/5] SUCCESS (pred=dog) CTA=0.8090
[2026-09-02 14:52:38]   [t821 v2/5] SUCCESS (pred=dog) CTA=0.8106
[2026-09-02 14:53:28]   [t821 v3/5] fail (pred=bird) CTA=0.8078
[2026-09-02 14:54:19]   [t821 v4/5] SUCCESS (pred=dog) CTA=0.8073
[2026-09-02 14:55:09]   [t821 v5/5] SUCCESS (pred=dog) CTA=0.8076
[2026-09-02 14:55:09]   target 821, 5 victims on this gpu: ASR=80.0% CTA=0.8085 +/- 0.0012
[2026-09-02 14:55:09] ==== CIFAR10_ConvNetBN_gradmatch_ours_dog-bird_b0.005_eps8_seed42_lam1_cosine_selAminusMR_ce5_tgt70 : ASR = 62.5% +/- 29.0% | CTA = 0.8059 (baseline 0.8120) ====
[2026-09-02 14:55:09]   target-prediction tally ['airplane', 'automobile', 'bird', 'cat', 'deer', 'dog', 'frog', 'horse', 'ship', 'truck']: [0, 0, 13, 1, 0, 25, 0, 0, 1, 0]

sync: preserving outputs in /home/mmoslem3/scratch/PoisonBase
sync: complete
