stage: optional directory absent: /home/mmoslem3/scratch/PoisonBase/ours_result/CIFAR10_ResNet20BN_sapa_ours_frog-airplane_b0.001_eps8_seed42_lam1_cosine_selexactgigt_worst0.05_ce5_tgt10
job: 767935 xamr2_18_resnet20bn_sapa_fa_b0001_exact on rack14-05
work: /tmp/attack_if
config: SOURCE_ROOT=/home/mmoslem3/scratch/PoisonBase PERSIST_DATA_ROOT=/home/mmoslem3/scratch/PoisonBase/data MODEL=ResNet20BN ATTACK=sapa CLASS_PAIR=frog-airplane BUDGETS=0.001 SELECT=exact NUM_TARGETS=8 NUM_VICTIMS=5 sh sel_dpp.sh
protocol: attack=8 targets x 5 victims
gpu: NVIDIA L40S
=== exact full-parameter g_i^T g_t (per-surrogate standardized) | ResNet20BN / sapa / frog-airplane | sharp worst sigma=0.05 ===
    targets: pinned from target_sets/ResNet20BN_gradmatch_frog-airplane.json (same 10 the random-base run attacked)
    difficulty label tgt10   craft flags: none
    exact selector uses full-parameter gi^T gt (batch=64)
    budgets: 0.001

--- exact | ResNet20BN / sapa / frog-airplane | sharp worst sigma=0.05 | budget 0.001 ---
[2026-09-02 14:07:00] === run start: CIFAR10_ResNet20BN_sapa_ours_frog-airplane_b0.001_eps8_seed42_lam1_cosine_selexactgigt_worst0.05_ce5_tgt10 on cuda [0] ===
[2026-09-02 14:07:00] args: {"FORCE": false, "attack": "sapa", "base": "ours", "base_dist": "cosine", "base_topr": null, "budget": 0.001, "cache_dir": "/tmp/attack_if/cache", "class_pair": "frog-airplane", "clean_baseline": true, "craft_alpha": 0.0039216, "craft_aug": true, "craft_batch": 256, "craft_ensemble": 5, "craft_lowmem": false, "craft_schedule": false, "craft_steps": 250, "data_path": "/tmp/data", "dataset": "CIFAR10", "dsa_strategy": "color_crop_cutout_flip_scale_rotate", "epsilon": 0.0313725, "fast_gradmatch": false, "fc_mode": "sample", "fc_restarts": 1, "gpus": "all", "jacobian_batch_size": 64, "jacobian_weight": 1.0, "lambda_margin": 1.0, "model": "ResNet20BN", "no_resume": false, "num_poisons": 500, "num_surrogates": 20, "num_targets": 8, "num_victims": 5, "out_dir": "/tmp/attack_if/ours_result", "pair_order": "poison-target", "parallel_pretrain": true, "parallel_targets": true, "precompute_id": null, "precompute_only": false, "precompute_part": "both", "rank_on_victims": true, "recompute_deltas": false, "require_correct_target": false, "restarts": 8, "seed": 42, "sel_K": null, "sel_alpha": 1.0, "sel_criterion": null, "sel_dpp": false, "sel_exact_alignment": true, "sel_filter": false, "sel_mmr": false, "sel_mode": null, "sel_model": null, "sel_mu": 1.0, "sel_pca": false, "sel_pool": 3.0, "sharp_mode": "worst", "sharp_samples": 20, "sharp_sigma": 0.05, "steal_timeout": 7200.0, "surrogate_aug": false, "surrogate_bs": 128, "surrogate_decay": [35, 45], "surrogate_epochs": 60, "surrogate_lr": 0.1, "surrogate_wd": 0.0, "target_idx_file": "target_sets/ResNet20BN_gradmatch_frog-airplane.json", "target_select": 10, "use_jacobian_score": false, "victim_aug": false, "victim_bs": 125, "victim_decay": [40], "victim_epochs": 50, "victim_lr": 0.1, "victim_wd": 0.0}
[2026-09-02 14:07:00] Jacobian score: disabled
[2026-09-02 14:07:00] Exact full-parameter gi^T gt selector: enabled, batch_size=64; per-surrogate alignment standardization enabled
[2026-09-02 14:07:00] N_total=50000 budget=0.001 -> N_p=50 poisons, y_adv=6(frog) target_class=0(airplane)
[2026-09-02 14:07:00] === surrogates (20 x ResNet20BN, trained on the full real set) ===
[2026-09-02 14:07:00]   crafting on 5/20 surrogates
[2026-09-02 14:07:00] === clean victims (5 x ResNet20BN) ===
[2026-09-02 14:07:01]   clean baseline CTA = 0.8350 +/- 0.0046
[2026-09-02 14:07:01]   target pool 1000 -> eligible 996 (4 already predicted as y_adv or dropped)
[2026-09-02 14:07:01]   chosen 8 targets (file), p_adv range 0.0000..0.0708
[2026-09-02 14:07:01]   targets: [9235, 338, 255, 3207, 8563, 912, 4639, 2570]
[2026-09-02 14:07:01] === target 9235 (1/8) ===
[2026-09-02 14:07:02]   Exact gi/gt alignment backend: torch.func JVP
[2026-09-02 14:09:48]   target 9235: crafted 50 poisons in 154 s, obj=0.18526
[2026-09-02 14:09:48]   target 9235: realized linf = 0.03137 (8.00/255), budget = 8.00/255
[2026-09-02 14:11:25]   [t9235 v1/5] fail (pred=airplane) CTA=0.8371
[2026-09-02 14:13:01]   [t9235 v2/5] SUCCESS (pred=frog) CTA=0.8360
[2026-09-02 14:14:37]   [t9235 v3/5] SUCCESS (pred=frog) CTA=0.8327
[2026-09-02 14:16:13]   [t9235 v4/5] fail (pred=airplane) CTA=0.8343
[2026-09-02 14:17:50]   [t9235 v5/5] SUCCESS (pred=frog) CTA=0.8374
[2026-09-02 14:17:50]   target 9235, 5 victims on this gpu: ASR=60.0% CTA=0.8355 +/- 0.0018
[2026-09-02 14:17:50] === target 338 (2/8) ===
[2026-09-02 14:20:36]   target 338: crafted 50 poisons in 154 s, obj=0.24122
[2026-09-02 14:20:36]   target 338: realized linf = 0.03137 (8.00/255), budget = 8.00/255
[2026-09-02 14:22:13]   [t338 v1/5] fail (pred=airplane) CTA=0.8372
[2026-09-02 14:23:49]   [t338 v2/5] SUCCESS (pred=frog) CTA=0.8441
[2026-09-02 14:25:25]   [t338 v3/5] fail (pred=airplane) CTA=0.8353
[2026-09-02 14:27:01]   [t338 v4/5] fail (pred=airplane) CTA=0.8345
[2026-09-02 14:28:38]   [t338 v5/5] fail (pred=airplane) CTA=0.8382
[2026-09-02 14:28:38]   target 338, 5 victims on this gpu: ASR=20.0% CTA=0.8379 +/- 0.0034
[2026-09-02 14:28:38] === target 255 (3/8) ===
[2026-09-02 14:31:24]   target 255: crafted 50 poisons in 154 s, obj=0.20617
[2026-09-02 14:31:24]   target 255: realized linf = 0.03137 (8.00/255), budget = 8.00/255
[2026-09-02 14:33:01]   [t255 v1/5] fail (pred=airplane) CTA=0.8377
[2026-09-02 14:34:37]   [t255 v2/5] fail (pred=ship) CTA=0.8402
[2026-09-02 14:36:13]   [t255 v3/5] fail (pred=bird) CTA=0.8415
[2026-09-02 14:37:49]   [t255 v4/5] fail (pred=airplane) CTA=0.8346
[2026-09-02 14:39:26]   [t255 v5/5] fail (pred=bird) CTA=0.8473
[2026-09-02 14:39:26]   target 255, 5 victims on this gpu: ASR=0.0% CTA=0.8403 +/- 0.0042
[2026-09-02 14:39:26] === target 3207 (4/8) ===
[2026-09-02 14:42:12]   target 3207: crafted 50 poisons in 154 s, obj=0.23069
[2026-09-02 14:42:12]   target 3207: realized linf = 0.03137 (8.00/255), budget = 8.00/255
[2026-09-02 14:43:48]   [t3207 v1/5] SUCCESS (pred=frog) CTA=0.8389
[2026-09-02 14:45:25]   [t3207 v2/5] fail (pred=airplane) CTA=0.8362
[2026-09-02 14:47:01]   [t3207 v3/5] fail (pred=airplane) CTA=0.8372
[2026-09-02 14:48:37]   [t3207 v4/5] fail (pred=airplane) CTA=0.8437
[2026-09-02 14:50:13]   [t3207 v5/5] fail (pred=airplane) CTA=0.8343
[2026-09-02 14:50:13]   target 3207, 5 victims on this gpu: ASR=20.0% CTA=0.8381 +/- 0.0032
[2026-09-02 14:50:13] === target 8563 (5/8) ===
[2026-09-02 14:53:00]   target 8563: crafted 50 poisons in 154 s, obj=0.22266
[2026-09-02 14:53:00]   target 8563: realized linf = 0.03137 (8.00/255), budget = 8.00/255
[2026-09-02 14:54:36]   [t8563 v1/5] fail (pred=airplane) CTA=0.8429
[2026-09-02 14:56:13]   [t8563 v2/5] fail (pred=bird) CTA=0.8406
[2026-09-02 14:57:49]   [t8563 v3/5] fail (pred=airplane) CTA=0.8344
[2026-09-02 14:59:25]   [t8563 v4/5] fail (pred=airplane) CTA=0.8361
[2026-09-02 15:01:01]   [t8563 v5/5] fail (pred=horse) CTA=0.8360
[2026-09-02 15:01:01]   target 8563, 5 victims on this gpu: ASR=0.0% CTA=0.8380 +/- 0.0032
[2026-09-02 15:01:01] === target 912 (6/8) ===
[2026-09-02 15:03:48]   target 912: crafted 50 poisons in 154 s, obj=0.20324
[2026-09-02 15:03:48]   target 912: realized linf = 0.03137 (8.00/255), budget = 8.00/255
[2026-09-02 15:05:25]   [t912 v1/5] fail (pred=airplane) CTA=0.8399
[2026-09-02 15:07:01]   [t912 v2/5] SUCCESS (pred=frog) CTA=0.8431
[2026-09-02 15:08:37]   [t912 v3/5] fail (pred=airplane) CTA=0.8440
[2026-09-02 15:10:13]   [t912 v4/5] fail (pred=cat) CTA=0.8427
[2026-09-02 15:11:50]   [t912 v5/5] fail (pred=automobile) CTA=0.8372
[2026-09-02 15:11:50]   target 912, 5 victims on this gpu: ASR=20.0% CTA=0.8414 +/- 0.0025
[2026-09-02 15:11:50] === target 4639 (7/8) ===
[2026-09-02 15:14:36]   target 4639: crafted 50 poisons in 154 s, obj=0.19702
[2026-09-02 15:14:36]   target 4639: realized linf = 0.03137 (8.00/255), budget = 8.00/255
[2026-09-02 15:16:13]   [t4639 v1/5] SUCCESS (pred=frog) CTA=0.8316
[2026-09-02 15:17:49]   [t4639 v2/5] fail (pred=airplane) CTA=0.8370
[2026-09-02 15:19:25]   [t4639 v3/5] fail (pred=truck) CTA=0.8376
[2026-09-02 15:21:01]   [t4639 v4/5] SUCCESS (pred=frog) CTA=0.8303
[2026-09-02 15:22:37]   [t4639 v5/5] fail (pred=cat) CTA=0.8339
[2026-09-02 15:22:37]   target 4639, 5 victims on this gpu: ASR=40.0% CTA=0.8341 +/- 0.0029
[2026-09-02 15:22:37] === target 2570 (8/8) ===
[2026-09-02 15:25:24]   target 2570: crafted 50 poisons in 154 s, obj=0.24558
[2026-09-02 15:25:24]   target 2570: realized linf = 0.03137 (8.00/255), budget = 8.00/255
[2026-09-02 15:27:00]   [t2570 v1/5] fail (pred=bird) CTA=0.8316
[2026-09-02 15:28:37]   [t2570 v2/5] fail (pred=airplane) CTA=0.8336
[2026-09-02 15:30:13]   [t2570 v3/5] fail (pred=airplane) CTA=0.8284
[2026-09-02 15:31:49]   [t2570 v4/5] fail (pred=airplane) CTA=0.8372
[2026-09-02 15:33:26]   [t2570 v5/5] fail (pred=airplane) CTA=0.8296
[2026-09-02 15:33:26]   target 2570, 5 victims on this gpu: ASR=0.0% CTA=0.8321 +/- 0.0031
[2026-09-02 15:33:26] ==== CIFAR10_ResNet20BN_sapa_ours_frog-airplane_b0.001_eps8_seed42_lam1_cosine_selexactgigt_worst0.05_ce5_tgt10 : ASR = 20.0% +/- 20.0% | CTA = 0.8372 (baseline 0.8350) ====
[2026-09-02 15:33:26]   target-prediction tally ['airplane', 'automobile', 'bird', 'cat', 'deer', 'dog', 'frog', 'horse', 'ship', 'truck']: [22, 1, 4, 2, 0, 0, 8, 1, 1, 1]

sync: preserving outputs in /home/mmoslem3/scratch/PoisonBase
sync: complete
