stage: optional directory absent: /home/mmoslem3/scratch/PoisonBase/ours_result/CIFAR10_ResNet20BN_fc_ours_frog-airplane_b0.01_eps8_seed42_lam1_cosine_selAminusMR_ce5_tgt2
job: 767914 xamr2_09_resnet20bn_fc_fa_b001_a_mr on rack10-03
work: /tmp/attack_if
config: SOURCE_ROOT=/home/mmoslem3/scratch/PoisonBase PERSIST_DATA_ROOT=/home/mmoslem3/scratch/PoisonBase/data MODEL=ResNet20BN ATTACK=fc CLASS_PAIR=frog-airplane BUDGETS=0.01 SELECT=a-mr NUM_TARGETS=8 NUM_VICTIMS=5 sh sel_dpp.sh
protocol: attack=8 targets x 5 victims
gpu: NVIDIA L40S
=== A - MR: standardized A + (-M)*R | ResNet20BN / fc / frog-airplane ===
    targets: pinned from target_sets/ResNet20BN_fc_frog-airplane.json (same 10 the random-base run attacked)
    difficulty label tgt2   craft flags: none
    A - MR uses paper A/M/R (batch=64); average then standardize, then A + (-M)*R
    budgets: 0.01

--- a-mr | ResNet20BN / fc / frog-airplane | budget 0.01 ---
[2026-09-02 14:06:32] === run start: CIFAR10_ResNet20BN_fc_ours_frog-airplane_b0.01_eps8_seed42_lam1_cosine_selAminusMR_ce5_tgt2 on cuda [0] ===
[2026-09-02 14:06:32] args: {"FORCE": false, "attack": "fc", "base": "ours", "base_dist": "cosine", "base_topr": null, "budget": 0.01, "cache_dir": "/tmp/attack_if/cache", "class_pair": "frog-airplane", "clean_baseline": true, "craft_alpha": 0.0039216, "craft_aug": true, "craft_batch": 256, "craft_ensemble": 5, "craft_lowmem": false, "craft_schedule": false, "craft_steps": 250, "data_path": "/tmp/data", "dataset": "CIFAR10", "dsa_strategy": "color_crop_cutout_flip_scale_rotate", "epsilon": 0.0313725, "fast_gradmatch": false, "fc_mode": "sample", "fc_restarts": 1, "gpus": "all", "jacobian_batch_size": 64, "jacobian_weight": 1.0, "lambda_margin": 1.0, "model": "ResNet20BN", "no_resume": false, "num_poisons": 500, "num_surrogates": 20, "num_targets": 8, "num_victims": 5, "out_dir": "/tmp/attack_if/ours_result", "pair_order": "poison-target", "parallel_pretrain": true, "parallel_targets": true, "precompute_id": null, "precompute_only": false, "precompute_part": "both", "rank_on_victims": true, "recompute_deltas": false, "require_correct_target": false, "restarts": 8, "seed": 42, "sel_K": null, "sel_a_minus_mr": true, "sel_alpha": 1.0, "sel_criterion": null, "sel_dpp": false, "sel_filter": false, "sel_mmr": false, "sel_mode": null, "sel_model": null, "sel_mu": 1.0, "sel_pca": false, "sel_pool": 3.0, "sharp_mode": "worst", "sharp_samples": 20, "sharp_sigma": 0.05, "steal_timeout": 7200.0, "surrogate_aug": false, "surrogate_bs": 128, "surrogate_decay": [35, 45], "surrogate_epochs": 60, "surrogate_lr": 0.1, "surrogate_wd": 0.0, "target_idx_file": "target_sets/ResNet20BN_fc_frog-airplane.json", "target_select": 2, "use_jacobian_score": false, "victim_aug": false, "victim_bs": 125, "victim_decay": [40], "victim_epochs": 50, "victim_lr": 0.1, "victim_wd": 0.0}
[2026-09-02 14:06:32] Jacobian score: disabled
[2026-09-02 14:06:32] A - MR selector: standardized A + (-M)*R, batch_size=64; components averaged over surrogates before standardization
[2026-09-02 14:06:32] N_total=50000 budget=0.01 -> N_p=500 poisons, y_adv=6(frog) target_class=0(airplane)
[2026-09-02 14:06:32] === surrogates (20 x ResNet20BN, trained on the full real set) ===
[2026-09-02 14:06:33]   crafting on 5/20 surrogates
[2026-09-02 14:06:33] === clean victims (5 x ResNet20BN) ===
[2026-09-02 14:06:34]   clean baseline CTA = 0.8350 +/- 0.0046
[2026-09-02 14:06:34]   target pool 1000 -> eligible 996 (4 already predicted as y_adv or dropped)
[2026-09-02 14:06:34]   chosen 8 targets (file), p_adv range 0.0000..0.0118
[2026-09-02 14:06:34]   targets: [9273, 2535, 4118, 5462, 8476, 3342, 313, 4490]
[2026-09-02 14:06:34] === target 9273 (1/8) ===
[2026-09-02 14:06:35]   Jacobian score exact backend: torch.func JVP
[2026-09-02 14:07:01]   target 9273: crafted 500 poisons in 10 s, obj=0.01975
[2026-09-02 14:07:01]   target 9273: realized linf = 0.03137 (8.00/255), budget = 8.00/255
[2026-09-02 14:08:36]   [t9273 v1/5] fail (pred=airplane) CTA=0.8403
[2026-09-02 14:10:11]   [t9273 v2/5] fail (pred=airplane) CTA=0.8341
[2026-09-02 14:11:47]   [t9273 v3/5] fail (pred=airplane) CTA=0.8389
[2026-09-02 14:13:22]   [t9273 v4/5] fail (pred=horse) CTA=0.8349
[2026-09-02 14:14:57]   [t9273 v5/5] fail (pred=bird) CTA=0.8341
[2026-09-02 14:14:57]   target 9273, 5 victims on this gpu: ASR=0.0% CTA=0.8365 +/- 0.0026
[2026-09-02 14:14:57] === target 2535 (2/8) ===
[2026-09-02 14:15:23]   target 2535: crafted 500 poisons in 10 s, obj=0.01633
[2026-09-02 14:15:23]   target 2535: realized linf = 0.03137 (8.00/255), budget = 8.00/255
[2026-09-02 14:16:59]   [t2535 v1/5] SUCCESS (pred=frog) CTA=0.8336
[2026-09-02 14:18:34]   [t2535 v2/5] fail (pred=airplane) CTA=0.8328
[2026-09-02 14:20:09]   [t2535 v3/5] fail (pred=bird) CTA=0.8306
[2026-09-02 14:21:44]   [t2535 v4/5] fail (pred=airplane) CTA=0.8420
[2026-09-02 14:23:19]   [t2535 v5/5] SUCCESS (pred=frog) CTA=0.8336
[2026-09-02 14:23:19]   target 2535, 5 victims on this gpu: ASR=40.0% CTA=0.8345 +/- 0.0039
[2026-09-02 14:23:19] === target 4118 (3/8) ===
[2026-09-02 14:23:45]   target 4118: crafted 500 poisons in 10 s, obj=0.02937
[2026-09-02 14:23:45]   target 4118: realized linf = 0.03137 (8.00/255), budget = 8.00/255
[2026-09-02 14:25:21]   [t4118 v1/5] fail (pred=airplane) CTA=0.8346
[2026-09-02 14:26:56]   [t4118 v2/5] fail (pred=airplane) CTA=0.8353
[2026-09-02 14:28:32]   [t4118 v3/5] fail (pred=airplane) CTA=0.8341
[2026-09-02 14:30:07]   [t4118 v4/5] fail (pred=airplane) CTA=0.8380
[2026-09-02 14:31:42]   [t4118 v5/5] fail (pred=airplane) CTA=0.8403
[2026-09-02 14:31:42]   target 4118, 5 victims on this gpu: ASR=0.0% CTA=0.8365 +/- 0.0023
[2026-09-02 14:31:42] === target 5462 (4/8) ===
[2026-09-02 14:32:08]   target 5462: crafted 500 poisons in 10 s, obj=0.02032
[2026-09-02 14:32:08]   target 5462: realized linf = 0.03137 (8.00/255), budget = 8.00/255
[2026-09-02 14:33:43]   [t5462 v1/5] fail (pred=airplane) CTA=0.8387
[2026-09-02 14:35:19]   [t5462 v2/5] SUCCESS (pred=frog) CTA=0.8363
[2026-09-02 14:36:54]   [t5462 v3/5] fail (pred=airplane) CTA=0.8351
[2026-09-02 14:38:29]   [t5462 v4/5] fail (pred=airplane) CTA=0.8362
[2026-09-02 14:40:04]   [t5462 v5/5] fail (pred=airplane) CTA=0.8361
[2026-09-02 14:40:04]   target 5462, 5 victims on this gpu: ASR=20.0% CTA=0.8365 +/- 0.0012
[2026-09-02 14:40:04] === target 8476 (5/8) ===
[2026-09-02 14:40:30]   target 8476: crafted 500 poisons in 10 s, obj=0.01665
[2026-09-02 14:40:30]   target 8476: realized linf = 0.03137 (8.00/255), budget = 8.00/255
[2026-09-02 14:42:06]   [t8476 v1/5] SUCCESS (pred=frog) CTA=0.8385
[2026-09-02 14:43:41]   [t8476 v2/5] SUCCESS (pred=frog) CTA=0.8423
[2026-09-02 14:45:16]   [t8476 v3/5] SUCCESS (pred=frog) CTA=0.8376
[2026-09-02 14:46:51]   [t8476 v4/5] SUCCESS (pred=frog) CTA=0.8370
[2026-09-02 14:48:27]   [t8476 v5/5] SUCCESS (pred=frog) CTA=0.8410
[2026-09-02 14:48:27]   target 8476, 5 victims on this gpu: ASR=100.0% CTA=0.8393 +/- 0.0020
[2026-09-02 14:48:27] === target 3342 (6/8) ===
[2026-09-02 14:48:53]   target 3342: crafted 500 poisons in 10 s, obj=0.01847
[2026-09-02 14:48:53]   target 3342: realized linf = 0.03137 (8.00/255), budget = 8.00/255
[2026-09-02 14:50:28]   [t3342 v1/5] SUCCESS (pred=frog) CTA=0.8353
[2026-09-02 14:52:03]   [t3342 v2/5] fail (pred=airplane) CTA=0.8405
[2026-09-02 14:53:39]   [t3342 v3/5] fail (pred=airplane) CTA=0.8369
[2026-09-02 14:55:14]   [t3342 v4/5] fail (pred=airplane) CTA=0.8466
[2026-09-02 14:56:49]   [t3342 v5/5] SUCCESS (pred=frog) CTA=0.8353
[2026-09-02 14:56:49]   target 3342, 5 victims on this gpu: ASR=40.0% CTA=0.8389 +/- 0.0043
[2026-09-02 14:56:49] === target 313 (7/8) ===
[2026-09-02 14:57:15]   target 313: crafted 500 poisons in 10 s, obj=0.02134
[2026-09-02 14:57:15]   target 313: realized linf = 0.03137 (8.00/255), budget = 8.00/255
[2026-09-02 14:58:50]   [t313 v1/5] fail (pred=bird) CTA=0.8407
[2026-09-02 15:00:26]   [t313 v2/5] fail (pred=airplane) CTA=0.8365
[2026-09-02 15:02:01]   [t313 v3/5] fail (pred=airplane) CTA=0.8359
[2026-09-02 15:03:36]   [t313 v4/5] fail (pred=bird) CTA=0.8424
[2026-09-02 15:05:11]   [t313 v5/5] fail (pred=cat) CTA=0.8409
[2026-09-02 15:05:11]   target 313, 5 victims on this gpu: ASR=0.0% CTA=0.8393 +/- 0.0026
[2026-09-02 15:05:11] === target 4490 (8/8) ===
[2026-09-02 15:05:37]   target 4490: crafted 500 poisons in 10 s, obj=0.02077
[2026-09-02 15:05:37]   target 4490: realized linf = 0.03137 (8.00/255), budget = 8.00/255
[2026-09-02 15:07:13]   [t4490 v1/5] SUCCESS (pred=frog) CTA=0.8386
[2026-09-02 15:08:48]   [t4490 v2/5] fail (pred=cat) CTA=0.8384
[2026-09-02 15:10:23]   [t4490 v3/5] SUCCESS (pred=frog) CTA=0.8357
[2026-09-02 15:11:58]   [t4490 v4/5] fail (pred=automobile) CTA=0.8418
[2026-09-02 15:13:34]   [t4490 v5/5] fail (pred=cat) CTA=0.8342
[2026-09-02 15:13:34]   target 4490, 5 victims on this gpu: ASR=40.0% CTA=0.8377 +/- 0.0026
[2026-09-02 15:13:34] ==== CIFAR10_ResNet20BN_fc_ours_frog-airplane_b0.01_eps8_seed42_lam1_cosine_selAminusMR_ce5_tgt2 : ASR = 30.0% +/- 31.6% | CTA = 0.8374 (baseline 0.8350) ====
[2026-09-02 15:13:34]   target-prediction tally ['airplane', 'automobile', 'bird', 'cat', 'deer', 'dog', 'frog', 'horse', 'ship', 'truck']: [19, 1, 4, 3, 0, 0, 12, 1, 0, 0]

sync: preserving outputs in /home/mmoslem3/scratch/PoisonBase
sync: complete
