stage: optional directory absent: /home/mmoslem3/scratch/PoisonBase/ours_result/CIFAR10_ResNet20BN_gradmatch_ours_frog-airplane_b0.002_eps8_seed42_lam1_cosine_selAminusMR_ce5_tgt10
job: 767924 xamr2_12_resnet20bn_gm_fa_b0002_a_mr on rack15-03
work: /tmp/attack_if
config: SOURCE_ROOT=/home/mmoslem3/scratch/PoisonBase PERSIST_DATA_ROOT=/home/mmoslem3/scratch/PoisonBase/data MODEL=ResNet20BN ATTACK=gradmatch CLASS_PAIR=frog-airplane BUDGETS=0.002 SELECT=a-mr NUM_TARGETS=8 NUM_VICTIMS=5 sh sel_dpp.sh
protocol: attack=8 targets x 5 victims
gpu: NVIDIA L40S
=== A - MR: standardized A + (-M)*R | ResNet20BN / gradmatch / frog-airplane ===
    targets: pinned from target_sets/ResNet20BN_gradmatch_frog-airplane.json (same 10 the random-base run attacked)
    difficulty label tgt10   craft flags: none
    A - MR uses paper A/M/R (batch=64); average then standardize, then A + (-M)*R
    budgets: 0.002

--- a-mr | ResNet20BN / gradmatch / frog-airplane | budget 0.002 ---
[2026-09-02 14:06:33] === run start: CIFAR10_ResNet20BN_gradmatch_ours_frog-airplane_b0.002_eps8_seed42_lam1_cosine_selAminusMR_ce5_tgt10 on cuda [0] ===
[2026-09-02 14:06:33] args: {"FORCE": false, "attack": "gradmatch", "base": "ours", "base_dist": "cosine", "base_topr": null, "budget": 0.002, "cache_dir": "/tmp/attack_if/cache", "class_pair": "frog-airplane", "clean_baseline": true, "craft_alpha": 0.0039216, "craft_aug": true, "craft_batch": 256, "craft_ensemble": 5, "craft_lowmem": false, "craft_schedule": false, "craft_steps": 250, "data_path": "/tmp/data", "dataset": "CIFAR10", "dsa_strategy": "color_crop_cutout_flip_scale_rotate", "epsilon": 0.0313725, "fast_gradmatch": false, "fc_mode": "sample", "fc_restarts": 1, "gpus": "all", "jacobian_batch_size": 64, "jacobian_weight": 1.0, "lambda_margin": 1.0, "model": "ResNet20BN", "no_resume": false, "num_poisons": 500, "num_surrogates": 20, "num_targets": 8, "num_victims": 5, "out_dir": "/tmp/attack_if/ours_result", "pair_order": "poison-target", "parallel_pretrain": true, "parallel_targets": true, "precompute_id": null, "precompute_only": false, "precompute_part": "both", "rank_on_victims": true, "recompute_deltas": false, "require_correct_target": false, "restarts": 8, "seed": 42, "sel_K": null, "sel_a_minus_mr": true, "sel_alpha": 1.0, "sel_criterion": null, "sel_dpp": false, "sel_filter": false, "sel_mmr": false, "sel_mode": null, "sel_model": null, "sel_mu": 1.0, "sel_pca": false, "sel_pool": 3.0, "sharp_mode": "worst", "sharp_samples": 20, "sharp_sigma": 0.05, "steal_timeout": 7200.0, "surrogate_aug": false, "surrogate_bs": 128, "surrogate_decay": [35, 45], "surrogate_epochs": 60, "surrogate_lr": 0.1, "surrogate_wd": 0.0, "target_idx_file": "target_sets/ResNet20BN_gradmatch_frog-airplane.json", "target_select": 10, "use_jacobian_score": false, "victim_aug": false, "victim_bs": 125, "victim_decay": [40], "victim_epochs": 50, "victim_lr": 0.1, "victim_wd": 0.0}
[2026-09-02 14:06:33] Jacobian score: disabled
[2026-09-02 14:06:33] A - MR selector: standardized A + (-M)*R, batch_size=64; components averaged over surrogates before standardization
[2026-09-02 14:06:33] N_total=50000 budget=0.002 -> N_p=100 poisons, y_adv=6(frog) target_class=0(airplane)
[2026-09-02 14:06:33] === surrogates (20 x ResNet20BN, trained on the full real set) ===
[2026-09-02 14:06:34]   crafting on 5/20 surrogates
[2026-09-02 14:06:34] === clean victims (5 x ResNet20BN) ===
[2026-09-02 14:06:35]   clean baseline CTA = 0.8350 +/- 0.0046
[2026-09-02 14:06:35]   target pool 1000 -> eligible 996 (4 already predicted as y_adv or dropped)
[2026-09-02 14:06:35]   chosen 8 targets (file), p_adv range 0.0000..0.0708
[2026-09-02 14:06:35]   targets: [9235, 338, 255, 3207, 8563, 912, 4639, 2570]
[2026-09-02 14:06:35] === target 9235 (1/8) ===
[2026-09-02 14:06:37]   Jacobian score exact backend: torch.func JVP
[2026-09-02 14:10:55]   target 9235: crafted 100 poisons in 241 s, obj=0.19057
[2026-09-02 14:10:55]   target 9235: realized linf = 0.03137 (8.00/255), budget = 8.00/255
[2026-09-02 14:12:31]   [t9235 v1/5] fail (pred=airplane) CTA=0.8414
[2026-09-02 14:14:07]   [t9235 v2/5] fail (pred=airplane) CTA=0.8346
[2026-09-02 14:15:42]   [t9235 v3/5] SUCCESS (pred=frog) CTA=0.8394
[2026-09-02 14:17:18]   [t9235 v4/5] fail (pred=airplane) CTA=0.8378
[2026-09-02 14:18:54]   [t9235 v5/5] fail (pred=airplane) CTA=0.8402
[2026-09-02 14:18:54]   target 9235, 5 victims on this gpu: ASR=20.0% CTA=0.8387 +/- 0.0024
[2026-09-02 14:18:54] === target 338 (2/8) ===
[2026-09-02 14:23:11]   target 338: crafted 100 poisons in 240 s, obj=0.23405
[2026-09-02 14:23:11]   target 338: realized linf = 0.03137 (8.00/255), budget = 8.00/255
[2026-09-02 14:24:47]   [t338 v1/5] SUCCESS (pred=frog) CTA=0.8440
[2026-09-02 14:26:23]   [t338 v2/5] fail (pred=airplane) CTA=0.8428
[2026-09-02 14:27:59]   [t338 v3/5] fail (pred=airplane) CTA=0.8386
[2026-09-02 14:29:35]   [t338 v4/5] SUCCESS (pred=frog) CTA=0.8346
[2026-09-02 14:31:10]   [t338 v5/5] fail (pred=airplane) CTA=0.8400
[2026-09-02 14:31:10]   target 338, 5 victims on this gpu: ASR=40.0% CTA=0.8400 +/- 0.0033
[2026-09-02 14:31:10] === target 255 (3/8) ===
[2026-09-02 14:35:29]   target 255: crafted 100 poisons in 241 s, obj=0.20640
[2026-09-02 14:35:29]   target 255: realized linf = 0.03137 (8.00/255), budget = 8.00/255
[2026-09-02 14:37:05]   [t255 v1/5] fail (pred=ship) CTA=0.8364
[2026-09-02 14:38:41]   [t255 v2/5] fail (pred=ship) CTA=0.8374
[2026-09-02 14:40:17]   [t255 v3/5] fail (pred=airplane) CTA=0.8373
[2026-09-02 14:41:53]   [t255 v4/5] fail (pred=bird) CTA=0.8348
[2026-09-02 14:43:29]   [t255 v5/5] fail (pred=ship) CTA=0.8419
[2026-09-02 14:43:29]   target 255, 5 victims on this gpu: ASR=0.0% CTA=0.8376 +/- 0.0024
[2026-09-02 14:43:29] === target 3207 (4/8) ===
[2026-09-02 14:47:47]   target 3207: crafted 100 poisons in 241 s, obj=0.22735
[2026-09-02 14:47:47]   target 3207: realized linf = 0.03137 (8.00/255), budget = 8.00/255
[2026-09-02 14:49:23]   [t3207 v1/5] fail (pred=airplane) CTA=0.8366
[2026-09-02 14:50:59]   [t3207 v2/5] SUCCESS (pred=frog) CTA=0.8346
[2026-09-02 14:52:35]   [t3207 v3/5] fail (pred=airplane) CTA=0.8395
[2026-09-02 14:54:10]   [t3207 v4/5] fail (pred=airplane) CTA=0.8410
[2026-09-02 14:55:46]   [t3207 v5/5] fail (pred=airplane) CTA=0.8339
[2026-09-02 14:55:46]   target 3207, 5 victims on this gpu: ASR=20.0% CTA=0.8371 +/- 0.0027
[2026-09-02 14:55:46] === target 8563 (5/8) ===
[2026-09-02 15:00:05]   target 8563: crafted 100 poisons in 241 s, obj=0.21969
[2026-09-02 15:00:05]   target 8563: realized linf = 0.03137 (8.00/255), budget = 8.00/255
[2026-09-02 15:01:40]   [t8563 v1/5] fail (pred=cat) CTA=0.8370
[2026-09-02 15:03:16]   [t8563 v2/5] fail (pred=horse) CTA=0.8376
[2026-09-02 15:04:52]   [t8563 v3/5] fail (pred=airplane) CTA=0.8374
[2026-09-02 15:06:28]   [t8563 v4/5] fail (pred=airplane) CTA=0.8410
[2026-09-02 15:08:04]   [t8563 v5/5] fail (pred=horse) CTA=0.8381
[2026-09-02 15:08:04]   target 8563, 5 victims on this gpu: ASR=0.0% CTA=0.8382 +/- 0.0014
[2026-09-02 15:08:04] === target 912 (6/8) ===
[2026-09-02 15:12:22]   target 912: crafted 100 poisons in 241 s, obj=0.20191
[2026-09-02 15:12:22]   target 912: realized linf = 0.03137 (8.00/255), budget = 8.00/255
[2026-09-02 15:13:58]   [t912 v1/5] SUCCESS (pred=frog) CTA=0.8404
[2026-09-02 15:15:34]   [t912 v2/5] fail (pred=bird) CTA=0.8420
[2026-09-02 15:17:10]   [t912 v3/5] fail (pred=bird) CTA=0.8380
[2026-09-02 15:18:46]   [t912 v4/5] SUCCESS (pred=frog) CTA=0.8401
[2026-09-02 15:20:21]   [t912 v5/5] fail (pred=airplane) CTA=0.8473
[2026-09-02 15:20:21]   target 912, 5 victims on this gpu: ASR=40.0% CTA=0.8416 +/- 0.0031
[2026-09-02 15:20:21] === target 4639 (7/8) ===
[2026-09-02 15:24:40]   target 4639: crafted 100 poisons in 241 s, obj=0.19587
[2026-09-02 15:24:40]   target 4639: realized linf = 0.03137 (8.00/255), budget = 8.00/255
[2026-09-02 15:26:16]   [t4639 v1/5] fail (pred=truck) CTA=0.8373
[2026-09-02 15:27:52]   [t4639 v2/5] fail (pred=airplane) CTA=0.8412
[2026-09-02 15:29:28]   [t4639 v3/5] fail (pred=airplane) CTA=0.8367
[2026-09-02 15:31:04]   [t4639 v4/5] fail (pred=airplane) CTA=0.8391
[2026-09-02 15:32:39]   [t4639 v5/5] fail (pred=truck) CTA=0.8377
[2026-09-02 15:32:39]   target 4639, 5 victims on this gpu: ASR=0.0% CTA=0.8384 +/- 0.0016
[2026-09-02 15:32:39] === target 2570 (8/8) ===
[2026-09-02 15:36:58]   target 2570: crafted 100 poisons in 241 s, obj=0.24891
[2026-09-02 15:36:58]   target 2570: realized linf = 0.03137 (8.00/255), budget = 8.00/255
[2026-09-02 15:38:34]   [t2570 v1/5] fail (pred=bird) CTA=0.8369
[2026-09-02 15:40:10]   [t2570 v2/5] SUCCESS (pred=frog) CTA=0.8380
[2026-09-02 15:41:46]   [t2570 v3/5] SUCCESS (pred=frog) CTA=0.8391
[2026-09-02 15:43:21]   [t2570 v4/5] fail (pred=airplane) CTA=0.8366
[2026-09-02 15:44:57]   [t2570 v5/5] fail (pred=airplane) CTA=0.8326
[2026-09-02 15:44:57]   target 2570, 5 victims on this gpu: ASR=40.0% CTA=0.8366 +/- 0.0022
[2026-09-02 15:44:57] ==== CIFAR10_ResNet20BN_gradmatch_ours_frog-airplane_b0.002_eps8_seed42_lam1_cosine_selAminusMR_ce5_tgt10 : ASR = 20.0% +/- 17.3% | CTA = 0.8385 (baseline 0.8350) ====
[2026-09-02 15:44:57]   target-prediction tally ['airplane', 'automobile', 'bird', 'cat', 'deer', 'dog', 'frog', 'horse', 'ship', 'truck']: [20, 0, 4, 1, 0, 0, 8, 2, 3, 2]

sync: preserving outputs in /home/mmoslem3/scratch/PoisonBase
sync: complete
