stage: optional directory absent: /home/mmoslem3/scratch/PoisonBase/ours_result/CIFAR10_ResNet20BN_sapa_ours_frog-airplane_b0.001_eps8_seed42_lam1_cosine_selAminusMR_worst0.05_ce5_tgt10
job: 767936 xamr2_18_resnet20bn_sapa_fa_b0001_a_mr on rack15-01
work: /tmp/attack_if
config: SOURCE_ROOT=/home/mmoslem3/scratch/PoisonBase PERSIST_DATA_ROOT=/home/mmoslem3/scratch/PoisonBase/data MODEL=ResNet20BN ATTACK=sapa CLASS_PAIR=frog-airplane BUDGETS=0.001 SELECT=a-mr NUM_TARGETS=8 NUM_VICTIMS=5 sh sel_dpp.sh
protocol: attack=8 targets x 5 victims
gpu: NVIDIA L40S
=== A - MR: standardized A + (-M)*R | ResNet20BN / sapa / frog-airplane | sharp worst sigma=0.05 ===
    targets: pinned from target_sets/ResNet20BN_gradmatch_frog-airplane.json (same 10 the random-base run attacked)
    difficulty label tgt10   craft flags: none
    A - MR uses paper A/M/R (batch=64); average then standardize, then A + (-M)*R
    budgets: 0.001

--- a-mr | ResNet20BN / sapa / frog-airplane | sharp worst sigma=0.05 | budget 0.001 ---
[2026-09-02 14:07:03] === run start: CIFAR10_ResNet20BN_sapa_ours_frog-airplane_b0.001_eps8_seed42_lam1_cosine_selAminusMR_worst0.05_ce5_tgt10 on cuda [0] ===
[2026-09-02 14:07:03] args: {"FORCE": false, "attack": "sapa", "base": "ours", "base_dist": "cosine", "base_topr": null, "budget": 0.001, "cache_dir": "/tmp/attack_if/cache", "class_pair": "frog-airplane", "clean_baseline": true, "craft_alpha": 0.0039216, "craft_aug": true, "craft_batch": 256, "craft_ensemble": 5, "craft_lowmem": false, "craft_schedule": false, "craft_steps": 250, "data_path": "/tmp/data", "dataset": "CIFAR10", "dsa_strategy": "color_crop_cutout_flip_scale_rotate", "epsilon": 0.0313725, "fast_gradmatch": false, "fc_mode": "sample", "fc_restarts": 1, "gpus": "all", "jacobian_batch_size": 64, "jacobian_weight": 1.0, "lambda_margin": 1.0, "model": "ResNet20BN", "no_resume": false, "num_poisons": 500, "num_surrogates": 20, "num_targets": 8, "num_victims": 5, "out_dir": "/tmp/attack_if/ours_result", "pair_order": "poison-target", "parallel_pretrain": true, "parallel_targets": true, "precompute_id": null, "precompute_only": false, "precompute_part": "both", "rank_on_victims": true, "recompute_deltas": false, "require_correct_target": false, "restarts": 8, "seed": 42, "sel_K": null, "sel_a_minus_mr": true, "sel_alpha": 1.0, "sel_criterion": null, "sel_dpp": false, "sel_filter": false, "sel_mmr": false, "sel_mode": null, "sel_model": null, "sel_mu": 1.0, "sel_pca": false, "sel_pool": 3.0, "sharp_mode": "worst", "sharp_samples": 20, "sharp_sigma": 0.05, "steal_timeout": 7200.0, "surrogate_aug": false, "surrogate_bs": 128, "surrogate_decay": [35, 45], "surrogate_epochs": 60, "surrogate_lr": 0.1, "surrogate_wd": 0.0, "target_idx_file": "target_sets/ResNet20BN_gradmatch_frog-airplane.json", "target_select": 10, "use_jacobian_score": false, "victim_aug": false, "victim_bs": 125, "victim_decay": [40], "victim_epochs": 50, "victim_lr": 0.1, "victim_wd": 0.0}
[2026-09-02 14:07:03] Jacobian score: disabled
[2026-09-02 14:07:03] A - MR selector: standardized A + (-M)*R, batch_size=64; components averaged over surrogates before standardization
[2026-09-02 14:07:03] N_total=50000 budget=0.001 -> N_p=50 poisons, y_adv=6(frog) target_class=0(airplane)
[2026-09-02 14:07:03] === surrogates (20 x ResNet20BN, trained on the full real set) ===
[2026-09-02 14:07:03]   crafting on 5/20 surrogates
[2026-09-02 14:07:03] === clean victims (5 x ResNet20BN) ===
[2026-09-02 14:07:04]   clean baseline CTA = 0.8350 +/- 0.0046
[2026-09-02 14:07:04]   target pool 1000 -> eligible 996 (4 already predicted as y_adv or dropped)
[2026-09-02 14:07:04]   chosen 8 targets (file), p_adv range 0.0000..0.0708
[2026-09-02 14:07:04]   targets: [9235, 338, 255, 3207, 8563, 912, 4639, 2570]
[2026-09-02 14:07:04] === target 9235 (1/8) ===
[2026-09-02 14:07:05]   Jacobian score exact backend: torch.func JVP
[2026-09-02 14:09:57]   target 9235: crafted 50 poisons in 155 s, obj=0.18790
[2026-09-02 14:09:57]   target 9235: realized linf = 0.03137 (8.00/255), budget = 8.00/255
[2026-09-02 14:11:33]   [t9235 v1/5] fail (pred=airplane) CTA=0.8405
[2026-09-02 14:13:09]   [t9235 v2/5] SUCCESS (pred=frog) CTA=0.8362
[2026-09-02 14:14:45]   [t9235 v3/5] fail (pred=airplane) CTA=0.8374
[2026-09-02 14:16:22]   [t9235 v4/5] SUCCESS (pred=frog) CTA=0.8351
[2026-09-02 14:17:58]   [t9235 v5/5] SUCCESS (pred=frog) CTA=0.8417
[2026-09-02 14:17:58]   target 9235, 5 victims on this gpu: ASR=60.0% CTA=0.8382 +/- 0.0025
[2026-09-02 14:17:58] === target 338 (2/8) ===
[2026-09-02 14:20:50]   target 338: crafted 50 poisons in 156 s, obj=0.23779
[2026-09-02 14:20:50]   target 338: realized linf = 0.03137 (8.00/255), budget = 8.00/255
[2026-09-02 14:22:26]   [t338 v1/5] SUCCESS (pred=frog) CTA=0.8366
[2026-09-02 14:24:03]   [t338 v2/5] fail (pred=airplane) CTA=0.8336
[2026-09-02 14:25:39]   [t338 v3/5] fail (pred=airplane) CTA=0.8385
[2026-09-02 14:27:15]   [t338 v4/5] fail (pred=airplane) CTA=0.8444
[2026-09-02 14:28:51]   [t338 v5/5] fail (pred=airplane) CTA=0.8403
[2026-09-02 14:28:51]   target 338, 5 victims on this gpu: ASR=20.0% CTA=0.8387 +/- 0.0036
[2026-09-02 14:28:51] === target 255 (3/8) ===
[2026-09-02 14:31:43]   target 255: crafted 50 poisons in 156 s, obj=0.20442
[2026-09-02 14:31:43]   target 255: realized linf = 0.03137 (8.00/255), budget = 8.00/255
[2026-09-02 14:33:19]   [t255 v1/5] fail (pred=ship) CTA=0.8393
[2026-09-02 14:34:56]   [t255 v2/5] fail (pred=airplane) CTA=0.8376
[2026-09-02 14:36:32]   [t255 v3/5] SUCCESS (pred=frog) CTA=0.8396
[2026-09-02 14:38:08]   [t255 v4/5] fail (pred=airplane) CTA=0.8394
[2026-09-02 14:39:44]   [t255 v5/5] fail (pred=ship) CTA=0.8469
[2026-09-02 14:39:44]   target 255, 5 victims on this gpu: ASR=20.0% CTA=0.8406 +/- 0.0032
[2026-09-02 14:39:44] === target 3207 (4/8) ===
[2026-09-02 14:42:36]   target 3207: crafted 50 poisons in 155 s, obj=0.22792
[2026-09-02 14:42:36]   target 3207: realized linf = 0.03137 (8.00/255), budget = 8.00/255
[2026-09-02 14:44:12]   [t3207 v1/5] fail (pred=airplane) CTA=0.8385
[2026-09-02 14:45:48]   [t3207 v2/5] fail (pred=cat) CTA=0.8306
[2026-09-02 14:47:24]   [t3207 v3/5] fail (pred=airplane) CTA=0.8423
[2026-09-02 14:49:01]   [t3207 v4/5] fail (pred=airplane) CTA=0.8367
[2026-09-02 14:50:37]   [t3207 v5/5] fail (pred=airplane) CTA=0.8387
[2026-09-02 14:50:37]   target 3207, 5 victims on this gpu: ASR=0.0% CTA=0.8374 +/- 0.0038
[2026-09-02 14:50:37] === target 8563 (5/8) ===
[2026-09-02 14:53:29]   target 8563: crafted 50 poisons in 155 s, obj=0.22114
[2026-09-02 14:53:29]   target 8563: realized linf = 0.03137 (8.00/255), budget = 8.00/255
[2026-09-02 14:55:05]   [t8563 v1/5] fail (pred=horse) CTA=0.8398
[2026-09-02 14:56:41]   [t8563 v2/5] fail (pred=airplane) CTA=0.8459
[2026-09-02 14:58:17]   [t8563 v3/5] fail (pred=cat) CTA=0.8366
[2026-09-02 14:59:54]   [t8563 v4/5] fail (pred=cat) CTA=0.8401
[2026-09-02 15:01:30]   [t8563 v5/5] fail (pred=horse) CTA=0.8388
[2026-09-02 15:01:30]   target 8563, 5 victims on this gpu: ASR=0.0% CTA=0.8402 +/- 0.0031
[2026-09-02 15:01:30] === target 912 (6/8) ===
[2026-09-02 15:04:22]   target 912: crafted 50 poisons in 155 s, obj=0.20293
[2026-09-02 15:04:22]   target 912: realized linf = 0.03137 (8.00/255), budget = 8.00/255
[2026-09-02 15:05:58]   [t912 v1/5] SUCCESS (pred=frog) CTA=0.8362
[2026-09-02 15:07:34]   [t912 v2/5] SUCCESS (pred=frog) CTA=0.8367
[2026-09-02 15:09:10]   [t912 v3/5] fail (pred=cat) CTA=0.8443
[2026-09-02 15:10:46]   [t912 v4/5] fail (pred=cat) CTA=0.8379
[2026-09-02 15:12:22]   [t912 v5/5] fail (pred=deer) CTA=0.8347
[2026-09-02 15:12:22]   target 912, 5 victims on this gpu: ASR=40.0% CTA=0.8380 +/- 0.0033
[2026-09-02 15:12:22] === target 4639 (7/8) ===
[2026-09-02 15:15:14]   target 4639: crafted 50 poisons in 155 s, obj=0.19815
[2026-09-02 15:15:14]   target 4639: realized linf = 0.03137 (8.00/255), budget = 8.00/255
[2026-09-02 15:16:50]   [t4639 v1/5] fail (pred=truck) CTA=0.8355
[2026-09-02 15:18:26]   [t4639 v2/5] fail (pred=airplane) CTA=0.8366
[2026-09-02 15:20:02]   [t4639 v3/5] fail (pred=airplane) CTA=0.8414
[2026-09-02 15:21:39]   [t4639 v4/5] fail (pred=airplane) CTA=0.8440
[2026-09-02 15:23:15]   [t4639 v5/5] fail (pred=airplane) CTA=0.8373
[2026-09-02 15:23:15]   target 4639, 5 victims on this gpu: ASR=0.0% CTA=0.8390 +/- 0.0032
[2026-09-02 15:23:15] === target 2570 (8/8) ===
[2026-09-02 15:26:07]   target 2570: crafted 50 poisons in 155 s, obj=0.24548
[2026-09-02 15:26:07]   target 2570: realized linf = 0.03137 (8.00/255), budget = 8.00/255
[2026-09-02 15:27:43]   [t2570 v1/5] fail (pred=bird) CTA=0.8347
[2026-09-02 15:29:19]   [t2570 v2/5] fail (pred=bird) CTA=0.8376
[2026-09-02 15:30:55]   [t2570 v3/5] fail (pred=bird) CTA=0.8324
[2026-09-02 15:32:31]   [t2570 v4/5] fail (pred=airplane) CTA=0.8426
[2026-09-02 15:34:07]   [t2570 v5/5] fail (pred=airplane) CTA=0.8320
[2026-09-02 15:34:07]   target 2570, 5 victims on this gpu: ASR=0.0% CTA=0.8359 +/- 0.0039
[2026-09-02 15:34:07] ==== CIFAR10_ResNet20BN_sapa_ours_frog-airplane_b0.001_eps8_seed42_lam1_cosine_selAminusMR_worst0.05_ce5_tgt10 : ASR = 17.5% +/- 21.1% | CTA = 0.8385 (baseline 0.8350) ====
[2026-09-02 15:34:07]   target-prediction tally ['airplane', 'automobile', 'bird', 'cat', 'deer', 'dog', 'frog', 'horse', 'ship', 'truck']: [19, 0, 3, 5, 1, 0, 7, 2, 2, 1]

sync: preserving outputs in /home/mmoslem3/scratch/PoisonBase
sync: complete
