stage: optional directory absent: /home/mmoslem3/scratch/PoisonBase/ours_result/CIFAR10_ConvNetBN_sapa_ours_frog-airplane_b0.01_eps8_seed42_lam1_cosine_selAminusMR_worst0.05_ce5_tgt35
job: 767916 xamr2_10_convnetbn_sapa_fa_b001_a_mr on rack14-16
work: /tmp/attack_if
config: SOURCE_ROOT=/home/mmoslem3/scratch/PoisonBase PERSIST_DATA_ROOT=/home/mmoslem3/scratch/PoisonBase/data MODEL=ConvNetBN ATTACK=sapa CLASS_PAIR=frog-airplane BUDGETS=0.01 SELECT=a-mr NUM_TARGETS=8 NUM_VICTIMS=5 sh sel_dpp.sh
protocol: attack=8 targets x 5 victims
gpu: NVIDIA L40S
=== A - MR: standardized A + (-M)*R | ConvNetBN / sapa / frog-airplane | sharp worst sigma=0.05 ===
    targets: pinned from target_sets/ConvNetBN_gradmatch_frog-airplane.json (same 10 the random-base run attacked)
    difficulty label tgt35   craft flags: none
    A - MR uses paper A/M/R (batch=64); average then standardize, then A + (-M)*R
    budgets: 0.01

--- a-mr | ConvNetBN / sapa / frog-airplane | sharp worst sigma=0.05 | budget 0.01 ---
[2026-09-02 14:06:29] === run start: CIFAR10_ConvNetBN_sapa_ours_frog-airplane_b0.01_eps8_seed42_lam1_cosine_selAminusMR_worst0.05_ce5_tgt35 on cuda [0] ===
[2026-09-02 14:06:29] args: {"FORCE": false, "attack": "sapa", "base": "ours", "base_dist": "cosine", "base_topr": null, "budget": 0.01, "cache_dir": "/tmp/attack_if/cache", "class_pair": "frog-airplane", "clean_baseline": true, "craft_alpha": 0.0039216, "craft_aug": true, "craft_batch": 256, "craft_ensemble": 5, "craft_lowmem": false, "craft_schedule": false, "craft_steps": 250, "data_path": "/tmp/data", "dataset": "CIFAR10", "dsa_strategy": "color_crop_cutout_flip_scale_rotate", "epsilon": 0.0313725, "fast_gradmatch": false, "fc_mode": "sample", "fc_restarts": 1, "gpus": "all", "jacobian_batch_size": 64, "jacobian_weight": 1.0, "lambda_margin": 1.0, "model": "ConvNetBN", "no_resume": false, "num_poisons": 500, "num_surrogates": 20, "num_targets": 8, "num_victims": 5, "out_dir": "/tmp/attack_if/ours_result", "pair_order": "poison-target", "parallel_pretrain": true, "parallel_targets": true, "precompute_id": null, "precompute_only": false, "precompute_part": "both", "rank_on_victims": true, "recompute_deltas": false, "require_correct_target": false, "restarts": 8, "seed": 42, "sel_K": null, "sel_a_minus_mr": true, "sel_alpha": 1.0, "sel_criterion": null, "sel_dpp": false, "sel_filter": false, "sel_mmr": false, "sel_mode": null, "sel_model": null, "sel_mu": 1.0, "sel_pca": false, "sel_pool": 3.0, "sharp_mode": "worst", "sharp_samples": 20, "sharp_sigma": 0.05, "steal_timeout": 7200.0, "surrogate_aug": false, "surrogate_bs": 128, "surrogate_decay": [35, 45], "surrogate_epochs": 60, "surrogate_lr": 0.1, "surrogate_wd": 0.0, "target_idx_file": "target_sets/ConvNetBN_gradmatch_frog-airplane.json", "target_select": 35, "use_jacobian_score": false, "victim_aug": false, "victim_bs": 125, "victim_decay": [40], "victim_epochs": 50, "victim_lr": 0.1, "victim_wd": 0.0}
[2026-09-02 14:06:29] Jacobian score: disabled
[2026-09-02 14:06:29] A - MR selector: standardized A + (-M)*R, batch_size=64; components averaged over surrogates before standardization
[2026-09-02 14:06:29] N_total=50000 budget=0.01 -> N_p=500 poisons, y_adv=6(frog) target_class=0(airplane)
[2026-09-02 14:06:29] === surrogates (20 x ConvNetBN, trained on the full real set) ===
[2026-09-02 14:06:29]   crafting on 5/20 surrogates
[2026-09-02 14:06:29] === clean victims (5 x ConvNetBN) ===
[2026-09-02 14:06:30]   clean baseline CTA = 0.8120 +/- 0.0079
[2026-09-02 14:06:30]   target pool 1000 -> eligible 994 (6 already predicted as y_adv or dropped)
[2026-09-02 14:06:30]   chosen 8 targets (file), p_adv range 0.0000..0.0000
[2026-09-02 14:06:30]   targets: [496, 2087, 8941, 9820, 3825, 1796, 2548, 6437]
[2026-09-02 14:06:30] === target 496 (1/8) ===
[2026-09-02 14:06:31]   Jacobian score exact backend: torch.func JVP
[2026-09-02 14:15:10]   target 496: crafted 500 poisons in 515 s, obj=0.26264
[2026-09-02 14:15:10]   target 496: realized linf = 0.03137 (8.00/255), budget = 8.00/255
[2026-09-02 14:16:01]   [t496 v1/5] fail (pred=airplane) CTA=0.7945
[2026-09-02 14:16:52]   [t496 v2/5] SUCCESS (pred=frog) CTA=0.8040
[2026-09-02 14:17:42]   [t496 v3/5] fail (pred=airplane) CTA=0.8100
[2026-09-02 14:18:32]   [t496 v4/5] fail (pred=airplane) CTA=0.8014
[2026-09-02 14:19:23]   [t496 v5/5] fail (pred=airplane) CTA=0.8083
[2026-09-02 14:19:23]   target 496, 5 victims on this gpu: ASR=20.0% CTA=0.8036 +/- 0.0055
[2026-09-02 14:19:23] === target 2087 (2/8) ===
[2026-09-02 14:28:01]   target 2087: crafted 500 poisons in 515 s, obj=0.27249
[2026-09-02 14:28:01]   target 2087: realized linf = 0.03137 (8.00/255), budget = 8.00/255
[2026-09-02 14:28:53]   [t2087 v1/5] fail (pred=horse) CTA=0.8088
[2026-09-02 14:29:44]   [t2087 v2/5] fail (pred=airplane) CTA=0.8023
[2026-09-02 14:30:34]   [t2087 v3/5] fail (pred=airplane) CTA=0.8025
[2026-09-02 14:31:25]   [t2087 v4/5] fail (pred=airplane) CTA=0.8023
[2026-09-02 14:32:15]   [t2087 v5/5] fail (pred=deer) CTA=0.7955
[2026-09-02 14:32:15]   target 2087, 5 victims on this gpu: ASR=0.0% CTA=0.8023 +/- 0.0042
[2026-09-02 14:32:15] === target 8941 (3/8) ===
[2026-09-02 14:40:54]   target 8941: crafted 500 poisons in 515 s, obj=0.33565
[2026-09-02 14:40:54]   target 8941: realized linf = 0.03137 (8.00/255), budget = 8.00/255
[2026-09-02 14:41:46]   [t8941 v1/5] SUCCESS (pred=frog) CTA=0.8111
[2026-09-02 14:42:36]   [t8941 v2/5] fail (pred=dog) CTA=0.7469
[2026-09-02 14:43:27]   [t8941 v3/5] fail (pred=airplane) CTA=0.8017
[2026-09-02 14:44:17]   [t8941 v4/5] fail (pred=airplane) CTA=0.8074
[2026-09-02 14:45:08]   [t8941 v5/5] fail (pred=airplane) CTA=0.8031
[2026-09-02 14:45:08]   target 8941, 5 victims on this gpu: ASR=20.0% CTA=0.7940 +/- 0.0238
[2026-09-02 14:45:08] === target 9820 (4/8) ===
[2026-09-02 14:53:47]   target 9820: crafted 500 poisons in 515 s, obj=0.27322
[2026-09-02 14:53:47]   target 9820: realized linf = 0.03137 (8.00/255), budget = 8.00/255
[2026-09-02 14:54:38]   [t9820 v1/5] fail (pred=truck) CTA=0.7904
[2026-09-02 14:55:29]   [t9820 v2/5] fail (pred=airplane) CTA=0.8004
[2026-09-02 14:56:20]   [t9820 v3/5] fail (pred=airplane) CTA=0.8001
[2026-09-02 14:57:10]   [t9820 v4/5] fail (pred=airplane) CTA=0.8046
[2026-09-02 14:58:01]   [t9820 v5/5] SUCCESS (pred=frog) CTA=0.8095
[2026-09-02 14:58:01]   target 9820, 5 victims on this gpu: ASR=20.0% CTA=0.8010 +/- 0.0063
[2026-09-02 14:58:01] === target 3825 (5/8) ===
[2026-09-02 15:06:40]   target 3825: crafted 500 poisons in 515 s, obj=0.43814
[2026-09-02 15:06:40]   target 3825: realized linf = 0.03137 (8.00/255), budget = 8.00/255
[2026-09-02 15:07:32]   [t3825 v1/5] fail (pred=airplane) CTA=0.8103
[2026-09-02 15:08:22]   [t3825 v2/5] fail (pred=airplane) CTA=0.8132
[2026-09-02 15:09:13]   [t3825 v3/5] fail (pred=airplane) CTA=0.8078
[2026-09-02 15:10:03]   [t3825 v4/5] fail (pred=airplane) CTA=0.8104
[2026-09-02 15:10:54]   [t3825 v5/5] fail (pred=airplane) CTA=0.8033
[2026-09-02 15:10:54]   target 3825, 5 victims on this gpu: ASR=0.0% CTA=0.8090 +/- 0.0033
[2026-09-02 15:10:54] === target 1796 (6/8) ===
[2026-09-02 15:19:33]   target 1796: crafted 500 poisons in 515 s, obj=0.29549
[2026-09-02 15:19:33]   target 1796: realized linf = 0.03137 (8.00/255), budget = 8.00/255
[2026-09-02 15:20:24]   [t1796 v1/5] fail (pred=airplane) CTA=0.8076
[2026-09-02 15:21:15]   [t1796 v2/5] fail (pred=ship) CTA=0.8089
[2026-09-02 15:22:06]   [t1796 v3/5] fail (pred=airplane) CTA=0.8048
[2026-09-02 15:22:56]   [t1796 v4/5] SUCCESS (pred=frog) CTA=0.8004
[2026-09-02 15:23:47]   [t1796 v5/5] fail (pred=airplane) CTA=0.8031
[2026-09-02 15:23:47]   target 1796, 5 victims on this gpu: ASR=20.0% CTA=0.8050 +/- 0.0031
[2026-09-02 15:23:47] === target 2548 (7/8) ===
[2026-09-02 15:32:24]   target 2548: crafted 500 poisons in 513 s, obj=0.24642
[2026-09-02 15:32:24]   target 2548: realized linf = 0.03137 (8.00/255), budget = 8.00/255
[2026-09-02 15:33:15]   [t2548 v1/5] SUCCESS (pred=frog) CTA=0.7968
[2026-09-02 15:34:06]   [t2548 v2/5] SUCCESS (pred=frog) CTA=0.7960
[2026-09-02 15:34:56]   [t2548 v3/5] SUCCESS (pred=frog) CTA=0.7875
[2026-09-02 15:35:46]   [t2548 v4/5] SUCCESS (pred=frog) CTA=0.8079
[2026-09-02 15:36:36]   [t2548 v5/5] fail (pred=airplane) CTA=0.8073
[2026-09-02 15:36:36]   target 2548, 5 victims on this gpu: ASR=80.0% CTA=0.7991 +/- 0.0077
[2026-09-02 15:36:36] === target 6437 (8/8) ===
[2026-09-02 15:45:15]   target 6437: crafted 500 poisons in 515 s, obj=0.30023
[2026-09-02 15:45:15]   target 6437: realized linf = 0.03137 (8.00/255), budget = 8.00/255
[2026-09-02 15:46:07]   [t6437 v1/5] fail (pred=airplane) CTA=0.8045
[2026-09-02 15:46:57]   [t6437 v2/5] fail (pred=deer) CTA=0.8032
[2026-09-02 15:47:47]   [t6437 v3/5] fail (pred=deer) CTA=0.8129
[2026-09-02 15:48:37]   [t6437 v4/5] fail (pred=deer) CTA=0.8154
[2026-09-02 15:49:27]   [t6437 v5/5] fail (pred=deer) CTA=0.8062
[2026-09-02 15:49:27]   target 6437, 5 victims on this gpu: ASR=0.0% CTA=0.8084 +/- 0.0048
[2026-09-02 15:49:27] ==== CIFAR10_ConvNetBN_sapa_ours_frog-airplane_b0.01_eps8_seed42_lam1_cosine_selAminusMR_worst0.05_ce5_tgt35 : ASR = 20.0% +/- 24.5% | CTA = 0.8028 (baseline 0.8120) ====
[2026-09-02 15:49:27]   target-prediction tally ['airplane', 'automobile', 'bird', 'cat', 'deer', 'dog', 'frog', 'horse', 'ship', 'truck']: [23, 0, 0, 0, 5, 1, 8, 1, 1, 1]

sync: preserving outputs in /home/mmoslem3/scratch/PoisonBase
sync: complete
