stage: optional directory absent: /home/mmoslem3/scratch/PoisonBase/ours_result/CIFAR10_ConvNetBN_gradmatch_ours_frog-airplane_b0.01_eps8_seed42_lam1_cosine_selAminusMR_ce5_tgt35
job: 767906 xamr2_05_convnetbn_gm_fa_b001_a_mr on rack02-05
work: /tmp/attack_if
config: SOURCE_ROOT=/home/mmoslem3/scratch/PoisonBase PERSIST_DATA_ROOT=/home/mmoslem3/scratch/PoisonBase/data MODEL=ConvNetBN ATTACK=gradmatch CLASS_PAIR=frog-airplane BUDGETS=0.01 SELECT=a-mr NUM_TARGETS=8 NUM_VICTIMS=5 sh sel_dpp.sh
protocol: attack=8 targets x 5 victims
gpu: NVIDIA L40S
=== A - MR: standardized A + (-M)*R | ConvNetBN / gradmatch / frog-airplane ===
    targets: pinned from target_sets/ConvNetBN_gradmatch_frog-airplane.json (same 10 the random-base run attacked)
    difficulty label tgt35   craft flags: none
    A - MR uses paper A/M/R (batch=64); average then standardize, then A + (-M)*R
    budgets: 0.01

--- a-mr | ConvNetBN / gradmatch / frog-airplane | budget 0.01 ---
[2026-09-02 13:55:00] === run start: CIFAR10_ConvNetBN_gradmatch_ours_frog-airplane_b0.01_eps8_seed42_lam1_cosine_selAminusMR_ce5_tgt35 on cuda [0] ===
[2026-09-02 13:55:00] args: {"FORCE": false, "attack": "gradmatch", "base": "ours", "base_dist": "cosine", "base_topr": null, "budget": 0.01, "cache_dir": "/tmp/attack_if/cache", "class_pair": "frog-airplane", "clean_baseline": true, "craft_alpha": 0.0039216, "craft_aug": true, "craft_batch": 256, "craft_ensemble": 5, "craft_lowmem": false, "craft_schedule": false, "craft_steps": 250, "data_path": "/tmp/data", "dataset": "CIFAR10", "dsa_strategy": "color_crop_cutout_flip_scale_rotate", "epsilon": 0.0313725, "fast_gradmatch": false, "fc_mode": "sample", "fc_restarts": 1, "gpus": "all", "jacobian_batch_size": 64, "jacobian_weight": 1.0, "lambda_margin": 1.0, "model": "ConvNetBN", "no_resume": false, "num_poisons": 500, "num_surrogates": 20, "num_targets": 8, "num_victims": 5, "out_dir": "/tmp/attack_if/ours_result", "pair_order": "poison-target", "parallel_pretrain": true, "parallel_targets": true, "precompute_id": null, "precompute_only": false, "precompute_part": "both", "rank_on_victims": true, "recompute_deltas": false, "require_correct_target": false, "restarts": 8, "seed": 42, "sel_K": null, "sel_a_minus_mr": true, "sel_alpha": 1.0, "sel_criterion": null, "sel_dpp": false, "sel_filter": false, "sel_mmr": false, "sel_mode": null, "sel_model": null, "sel_mu": 1.0, "sel_pca": false, "sel_pool": 3.0, "sharp_mode": "worst", "sharp_samples": 20, "sharp_sigma": 0.05, "steal_timeout": 7200.0, "surrogate_aug": false, "surrogate_bs": 128, "surrogate_decay": [35, 45], "surrogate_epochs": 60, "surrogate_lr": 0.1, "surrogate_wd": 0.0, "target_idx_file": "target_sets/ConvNetBN_gradmatch_frog-airplane.json", "target_select": 35, "use_jacobian_score": false, "victim_aug": false, "victim_bs": 125, "victim_decay": [40], "victim_epochs": 50, "victim_lr": 0.1, "victim_wd": 0.0}
[2026-09-02 13:55:00] Jacobian score: disabled
[2026-09-02 13:55:00] A - MR selector: standardized A + (-M)*R, batch_size=64; components averaged over surrogates before standardization
[2026-09-02 13:55:00] N_total=50000 budget=0.01 -> N_p=500 poisons, y_adv=6(frog) target_class=0(airplane)
[2026-09-02 13:55:00] === surrogates (20 x ConvNetBN, trained on the full real set) ===
[2026-09-02 13:55:00]   crafting on 5/20 surrogates
[2026-09-02 13:55:00] === clean victims (5 x ConvNetBN) ===
[2026-09-02 13:55:02]   clean baseline CTA = 0.8120 +/- 0.0079
[2026-09-02 13:55:02]   target pool 1000 -> eligible 994 (6 already predicted as y_adv or dropped)
[2026-09-02 13:55:02]   chosen 8 targets (file), p_adv range 0.0000..0.0000
[2026-09-02 13:55:02]   targets: [496, 2087, 8941, 9820, 3825, 1796, 2548, 6437]
[2026-09-02 13:55:02] === target 496 (1/8) ===
[2026-09-02 13:55:04]   Jacobian score exact backend: torch.func JVP
[2026-09-02 14:11:26]   target 496: crafted 500 poisons in 967 s, obj=0.26151
[2026-09-02 14:11:26]   target 496: realized linf = 0.03137 (8.00/255), budget = 8.00/255
[2026-09-02 14:13:34]   [t496 v1/5] fail (pred=airplane) CTA=0.7957
[2026-09-02 14:15:41]   [t496 v2/5] fail (pred=airplane) CTA=0.8000
[2026-09-02 14:17:48]   [t496 v3/5] fail (pred=airplane) CTA=0.8028
[2026-09-02 14:19:55]   [t496 v4/5] fail (pred=airplane) CTA=0.8075
[2026-09-02 14:22:02]   [t496 v5/5] fail (pred=airplane) CTA=0.8078
[2026-09-02 14:22:02]   target 496, 5 victims on this gpu: ASR=0.0% CTA=0.8028 +/- 0.0046
[2026-09-02 14:22:02] === target 2087 (2/8) ===
[2026-09-02 14:38:24]   target 2087: crafted 500 poisons in 966 s, obj=0.26884
[2026-09-02 14:38:24]   target 2087: realized linf = 0.03137 (8.00/255), budget = 8.00/255
[2026-09-02 14:40:31]   [t2087 v1/5] fail (pred=deer) CTA=0.8043
[2026-09-02 14:42:39]   [t2087 v2/5] fail (pred=deer) CTA=0.7922
[2026-09-02 14:44:46]   [t2087 v3/5] fail (pred=airplane) CTA=0.7979
[2026-09-02 14:46:53]   [t2087 v4/5] fail (pred=airplane) CTA=0.7981
[2026-09-02 14:49:00]   [t2087 v5/5] fail (pred=airplane) CTA=0.7904
[2026-09-02 14:49:00]   target 2087, 5 victims on this gpu: ASR=0.0% CTA=0.7966 +/- 0.0049
[2026-09-02 14:49:00] === target 8941 (3/8) ===
[2026-09-02 15:05:22]   target 8941: crafted 500 poisons in 966 s, obj=0.33381
[2026-09-02 15:05:22]   target 8941: realized linf = 0.03137 (8.00/255), budget = 8.00/255
[2026-09-02 15:07:29]   [t8941 v1/5] SUCCESS (pred=frog) CTA=0.8045
[2026-09-02 15:09:37]   [t8941 v2/5] fail (pred=horse) CTA=0.7424
[2026-09-02 15:11:44]   [t8941 v3/5] fail (pred=airplane) CTA=0.8064
[2026-09-02 15:13:51]   [t8941 v4/5] fail (pred=airplane) CTA=0.8123
[2026-09-02 15:15:58]   [t8941 v5/5] fail (pred=airplane) CTA=0.8015
[2026-09-02 15:15:58]   target 8941, 5 victims on this gpu: ASR=20.0% CTA=0.7934 +/- 0.0258
[2026-09-02 15:15:58] === target 9820 (4/8) ===
[2026-09-02 15:32:20]   target 9820: crafted 500 poisons in 966 s, obj=0.27501
[2026-09-02 15:32:20]   target 9820: realized linf = 0.03137 (8.00/255), budget = 8.00/255
[2026-09-02 15:34:27]   [t9820 v1/5] fail (pred=truck) CTA=0.7877
[2026-09-02 15:36:34]   [t9820 v2/5] SUCCESS (pred=frog) CTA=0.7986
[2026-09-02 15:38:41]   [t9820 v3/5] SUCCESS (pred=frog) CTA=0.8081
[2026-09-02 15:40:48]   [t9820 v4/5] fail (pred=airplane) CTA=0.8038
[2026-09-02 15:42:56]   [t9820 v5/5] fail (pred=automobile) CTA=0.8077
[2026-09-02 15:42:56]   target 9820, 5 victims on this gpu: ASR=40.0% CTA=0.8012 +/- 0.0076
[2026-09-02 15:42:56] === target 3825 (5/8) ===
[2026-09-02 15:59:20]   target 3825: crafted 500 poisons in 969 s, obj=0.44408
[2026-09-02 15:59:20]   target 3825: realized linf = 0.03137 (8.00/255), budget = 8.00/255
[2026-09-02 16:01:28]   [t3825 v1/5] fail (pred=airplane) CTA=0.8061
[2026-09-02 16:03:35]   [t3825 v2/5] fail (pred=airplane) CTA=0.8159
[2026-09-02 16:05:42]   [t3825 v3/5] fail (pred=airplane) CTA=0.8097
[2026-09-02 16:07:49]   [t3825 v4/5] fail (pred=airplane) CTA=0.8090
[2026-09-02 16:09:56]   [t3825 v5/5] fail (pred=airplane) CTA=0.7999
[2026-09-02 16:09:56]   target 3825, 5 victims on this gpu: ASR=0.0% CTA=0.8081 +/- 0.0052
[2026-09-02 16:09:56] === target 1796 (6/8) ===
signal: received USR1; stopping the job step before final sync
srun: forcing job termination
srun: Job step aborted: Waiting up to 32 seconds for job step to finish.
[2026-09-02T22:18:20.039] error: *** STEP 767906.0 ON rack02-05 CANCELLED AT 2026-09-02T22:18:20 DUE to SIGNAL Killed ***
srun: error: rack02-05: task 0: Killed
sync: preserving outputs in /home/mmoslem3/scratch/PoisonBase
sync: complete
