stage: optional directory absent: /home/mmoslem3/scratch/PoisonBase/ours_result/CIFAR10_ConvNetBN_sapa_ours_dog-bird_b0.001_eps8_seed42_lam1_cosine_selexactgigt_worst0.05_ce5_tgt70
job: 767911 xamr2_08_convnetbn_sapa_db_b0001_exact on rack14-01
work: /tmp/attack_if
config: SOURCE_ROOT=/home/mmoslem3/scratch/PoisonBase PERSIST_DATA_ROOT=/home/mmoslem3/scratch/PoisonBase/data MODEL=ConvNetBN ATTACK=sapa CLASS_PAIR=dog-bird BUDGETS=0.001 SELECT=exact NUM_TARGETS=8 NUM_VICTIMS=5 sh sel_dpp.sh
protocol: attack=8 targets x 5 victims
gpu: NVIDIA L40S
=== exact full-parameter g_i^T g_t (per-surrogate standardized) | ConvNetBN / sapa / dog-bird | sharp worst sigma=0.05 ===
    targets: pinned from target_sets/ConvNetBN_gradmatch_dog-bird.json (same 10 the random-base run attacked)
    difficulty label tgt70   craft flags: none
    exact selector uses full-parameter gi^T gt (batch=64)
    budgets: 0.001

--- exact | ConvNetBN / sapa / dog-bird | sharp worst sigma=0.05 | budget 0.001 ---
[2026-09-02 14:05:56] === run start: CIFAR10_ConvNetBN_sapa_ours_dog-bird_b0.001_eps8_seed42_lam1_cosine_selexactgigt_worst0.05_ce5_tgt70 on cuda [0] ===
[2026-09-02 14:05:56] args: {"FORCE": false, "attack": "sapa", "base": "ours", "base_dist": "cosine", "base_topr": null, "budget": 0.001, "cache_dir": "/tmp/attack_if/cache", "class_pair": "dog-bird", "clean_baseline": true, "craft_alpha": 0.0039216, "craft_aug": true, "craft_batch": 256, "craft_ensemble": 5, "craft_lowmem": false, "craft_schedule": false, "craft_steps": 250, "data_path": "/tmp/data", "dataset": "CIFAR10", "dsa_strategy": "color_crop_cutout_flip_scale_rotate", "epsilon": 0.0313725, "fast_gradmatch": false, "fc_mode": "sample", "fc_restarts": 1, "gpus": "all", "jacobian_batch_size": 64, "jacobian_weight": 1.0, "lambda_margin": 1.0, "model": "ConvNetBN", "no_resume": false, "num_poisons": 500, "num_surrogates": 20, "num_targets": 8, "num_victims": 5, "out_dir": "/tmp/attack_if/ours_result", "pair_order": "poison-target", "parallel_pretrain": true, "parallel_targets": true, "precompute_id": null, "precompute_only": false, "precompute_part": "both", "rank_on_victims": true, "recompute_deltas": false, "require_correct_target": false, "restarts": 8, "seed": 42, "sel_K": null, "sel_alpha": 1.0, "sel_criterion": null, "sel_dpp": false, "sel_exact_alignment": true, "sel_filter": false, "sel_mmr": false, "sel_mode": null, "sel_model": null, "sel_mu": 1.0, "sel_pca": false, "sel_pool": 3.0, "sharp_mode": "worst", "sharp_samples": 20, "sharp_sigma": 0.05, "steal_timeout": 7200.0, "surrogate_aug": false, "surrogate_bs": 128, "surrogate_decay": [35, 45], "surrogate_epochs": 60, "surrogate_lr": 0.1, "surrogate_wd": 0.0, "target_idx_file": "target_sets/ConvNetBN_gradmatch_dog-bird.json", "target_select": 70, "use_jacobian_score": false, "victim_aug": false, "victim_bs": 125, "victim_decay": [40], "victim_epochs": 50, "victim_lr": 0.1, "victim_wd": 0.0}
[2026-09-02 14:05:56] Jacobian score: disabled
[2026-09-02 14:05:56] Exact full-parameter gi^T gt selector: enabled, batch_size=64; per-surrogate alignment standardization enabled
[2026-09-02 14:05:56] N_total=50000 budget=0.001 -> N_p=50 poisons, y_adv=5(dog) target_class=2(bird)
[2026-09-02 14:05:56] === surrogates (20 x ConvNetBN, trained on the full real set) ===
[2026-09-02 14:05:56]   crafting on 5/20 surrogates
[2026-09-02 14:05:56] === clean victims (5 x ConvNetBN) ===
[2026-09-02 14:05:57]   clean baseline CTA = 0.8120 +/- 0.0079
[2026-09-02 14:05:57]   target pool 1000 -> eligible 964 (36 already predicted as y_adv or dropped)
[2026-09-02 14:05:57]   chosen 8 targets (file), p_adv range 0.0000..0.0000
[2026-09-02 14:05:57]   targets: [843, 1257, 8252, 8730, 8055, 5859, 8954, 821]
[2026-09-02 14:05:57] === target 843 (1/8) ===
[2026-09-02 14:05:58]   Exact gi/gt alignment backend: torch.func JVP
[2026-09-02 14:06:42]   target 843: crafted 50 poisons in 41 s, obj=0.31543
[2026-09-02 14:06:42]   target 843: realized linf = 0.03137 (8.00/255), budget = 8.00/255
[2026-09-02 14:07:32]   [t843 v1/5] fail (pred=bird) CTA=0.8069
[2026-09-02 14:08:22]   [t843 v2/5] SUCCESS (pred=dog) CTA=0.8032
[2026-09-02 14:09:13]   [t843 v3/5] SUCCESS (pred=dog) CTA=0.8103
[2026-09-02 14:10:03]   [t843 v4/5] fail (pred=bird) CTA=0.8165
[2026-09-02 14:10:53]   [t843 v5/5] fail (pred=bird) CTA=0.8017
[2026-09-02 14:10:53]   target 843, 5 victims on this gpu: ASR=40.0% CTA=0.8077 +/- 0.0053
[2026-09-02 14:10:53] === target 1257 (2/8) ===
[2026-09-02 14:11:37]   target 1257: crafted 50 poisons in 41 s, obj=0.28834
[2026-09-02 14:11:37]   target 1257: realized linf = 0.03137 (8.00/255), budget = 8.00/255
[2026-09-02 14:12:29]   [t1257 v1/5] fail (pred=bird) CTA=0.8018
[2026-09-02 14:13:19]   [t1257 v2/5] fail (pred=bird) CTA=0.8068
[2026-09-02 14:14:09]   [t1257 v3/5] fail (pred=bird) CTA=0.8118
[2026-09-02 14:15:00]   [t1257 v4/5] fail (pred=bird) CTA=0.8021
[2026-09-02 14:15:50]   [t1257 v5/5] fail (pred=bird) CTA=0.7976
[2026-09-02 14:15:50]   target 1257, 5 victims on this gpu: ASR=0.0% CTA=0.8040 +/- 0.0049
[2026-09-02 14:15:50] === target 8252 (3/8) ===
[2026-09-02 14:16:34]   target 8252: crafted 50 poisons in 41 s, obj=0.23836
[2026-09-02 14:16:34]   target 8252: realized linf = 0.03137 (8.00/255), budget = 8.00/255
[2026-09-02 14:17:26]   [t8252 v1/5] SUCCESS (pred=dog) CTA=0.8053
[2026-09-02 14:18:16]   [t8252 v2/5] SUCCESS (pred=dog) CTA=0.8159
[2026-09-02 14:19:06]   [t8252 v3/5] fail (pred=bird) CTA=0.7992
[2026-09-02 14:19:56]   [t8252 v4/5] SUCCESS (pred=dog) CTA=0.7973
[2026-09-02 14:20:46]   [t8252 v5/5] fail (pred=cat) CTA=0.8026
[2026-09-02 14:20:46]   target 8252, 5 victims on this gpu: ASR=60.0% CTA=0.8041 +/- 0.0065
[2026-09-02 14:20:46] === target 8730 (4/8) ===
[2026-09-02 14:21:31]   target 8730: crafted 50 poisons in 41 s, obj=0.27393
[2026-09-02 14:21:31]   target 8730: realized linf = 0.03137 (8.00/255), budget = 8.00/255
[2026-09-02 14:22:23]   [t8730 v1/5] fail (pred=bird) CTA=0.8109
[2026-09-02 14:23:13]   [t8730 v2/5] fail (pred=bird) CTA=0.8081
[2026-09-02 14:24:03]   [t8730 v3/5] fail (pred=bird) CTA=0.8134
[2026-09-02 14:24:53]   [t8730 v4/5] fail (pred=bird) CTA=0.8033
[2026-09-02 14:25:43]   [t8730 v5/5] fail (pred=bird) CTA=0.8014
[2026-09-02 14:25:43]   target 8730, 5 victims on this gpu: ASR=0.0% CTA=0.8074 +/- 0.0045
[2026-09-02 14:25:43] === target 8055 (5/8) ===
[2026-09-02 14:26:27]   target 8055: crafted 50 poisons in 41 s, obj=0.30784
[2026-09-02 14:26:27]   target 8055: realized linf = 0.03137 (8.00/255), budget = 8.00/255
[2026-09-02 14:27:19]   [t8055 v1/5] fail (pred=bird) CTA=0.8066
[2026-09-02 14:28:09]   [t8055 v2/5] fail (pred=bird) CTA=0.8077
[2026-09-02 14:28:59]   [t8055 v3/5] fail (pred=bird) CTA=0.8121
[2026-09-02 14:29:49]   [t8055 v4/5] fail (pred=bird) CTA=0.7921
[2026-09-02 14:30:40]   [t8055 v5/5] fail (pred=bird) CTA=0.8158
[2026-09-02 14:30:40]   target 8055, 5 victims on this gpu: ASR=0.0% CTA=0.8069 +/- 0.0081
[2026-09-02 14:30:40] === target 5859 (6/8) ===
[2026-09-02 14:31:24]   target 5859: crafted 50 poisons in 41 s, obj=0.26461
[2026-09-02 14:31:24]   target 5859: realized linf = 0.03137 (8.00/255), budget = 8.00/255
[2026-09-02 14:32:16]   [t5859 v1/5] fail (pred=horse) CTA=0.8056
[2026-09-02 14:33:06]   [t5859 v2/5] fail (pred=cat) CTA=0.8008
[2026-09-02 14:33:56]   [t5859 v3/5] SUCCESS (pred=dog) CTA=0.8075
[2026-09-02 14:34:46]   [t5859 v4/5] fail (pred=bird) CTA=0.8048
[2026-09-02 14:35:36]   [t5859 v5/5] fail (pred=bird) CTA=0.8025
[2026-09-02 14:35:36]   target 5859, 5 victims on this gpu: ASR=20.0% CTA=0.8042 +/- 0.0024
[2026-09-02 14:35:36] === target 8954 (7/8) ===
[2026-09-02 14:36:21]   target 8954: crafted 50 poisons in 41 s, obj=0.24163
[2026-09-02 14:36:21]   target 8954: realized linf = 0.03137 (8.00/255), budget = 8.00/255
[2026-09-02 14:37:13]   [t8954 v1/5] fail (pred=bird) CTA=0.7953
[2026-09-02 14:38:03]   [t8954 v2/5] SUCCESS (pred=dog) CTA=0.8037
[2026-09-02 14:38:53]   [t8954 v3/5] fail (pred=bird) CTA=0.8046
[2026-09-02 14:39:43]   [t8954 v4/5] fail (pred=bird) CTA=0.7956
[2026-09-02 14:40:33]   [t8954 v5/5] SUCCESS (pred=dog) CTA=0.8064
[2026-09-02 14:40:33]   target 8954, 5 victims on this gpu: ASR=40.0% CTA=0.8011 +/- 0.0047
[2026-09-02 14:40:33] === target 821 (8/8) ===
[2026-09-02 14:41:17]   target 821: crafted 50 poisons in 41 s, obj=0.34590
[2026-09-02 14:41:17]   target 821: realized linf = 0.03137 (8.00/255), budget = 8.00/255
[2026-09-02 14:42:09]   [t821 v1/5] fail (pred=bird) CTA=0.8117
[2026-09-02 14:42:59]   [t821 v2/5] fail (pred=bird) CTA=0.8110
[2026-09-02 14:43:49]   [t821 v3/5] fail (pred=horse) CTA=0.7972
[2026-09-02 14:44:39]   [t821 v4/5] fail (pred=horse) CTA=0.8095
[2026-09-02 14:45:30]   [t821 v5/5] fail (pred=bird) CTA=0.8089
[2026-09-02 14:45:30]   target 821, 5 victims on this gpu: ASR=0.0% CTA=0.8077 +/- 0.0053
[2026-09-02 14:45:30] ==== CIFAR10_ConvNetBN_sapa_ours_dog-bird_b0.001_eps8_seed42_lam1_cosine_selexactgigt_worst0.05_ce5_tgt70 : ASR = 20.0% +/- 22.4% | CTA = 0.8054 (baseline 0.8120) ====
[2026-09-02 14:45:30]   target-prediction tally ['airplane', 'automobile', 'bird', 'cat', 'deer', 'dog', 'frog', 'horse', 'ship', 'truck']: [0, 0, 27, 2, 0, 8, 0, 3, 0, 0]

sync: preserving outputs in /home/mmoslem3/scratch/PoisonBase
sync: complete
