stage: optional directory absent: /home/mmoslem3/scratch/PoisonBase/ours_result/CIFAR10_ConvNetBN_gradmatch_ours_dog-bird_b0.001_eps8_seed42_lam1_cosine_selexactgigt_ce5_tgt70
job: 767927 xamr2_14_convnetbn_gm_db_b0001_exact on rack04-01
work: /tmp/attack_if
config: SOURCE_ROOT=/home/mmoslem3/scratch/PoisonBase PERSIST_DATA_ROOT=/home/mmoslem3/scratch/PoisonBase/data MODEL=ConvNetBN ATTACK=gradmatch CLASS_PAIR=dog-bird BUDGETS=0.001 SELECT=exact NUM_TARGETS=8 NUM_VICTIMS=5 sh sel_dpp.sh
protocol: attack=8 targets x 5 victims
gpu: NVIDIA L40S
=== exact full-parameter g_i^T g_t (per-surrogate standardized) | ConvNetBN / gradmatch / dog-bird ===
    targets: pinned from target_sets/ConvNetBN_gradmatch_dog-bird.json (same 10 the random-base run attacked)
    difficulty label tgt70   craft flags: none
    exact selector uses full-parameter gi^T gt (batch=64)
    budgets: 0.001

--- exact | ConvNetBN / gradmatch / dog-bird | budget 0.001 ---
[2026-09-02 14:07:03] === run start: CIFAR10_ConvNetBN_gradmatch_ours_dog-bird_b0.001_eps8_seed42_lam1_cosine_selexactgigt_ce5_tgt70 on cuda [0] ===
[2026-09-02 14:07:03] args: {"FORCE": false, "attack": "gradmatch", "base": "ours", "base_dist": "cosine", "base_topr": null, "budget": 0.001, "cache_dir": "/tmp/attack_if/cache", "class_pair": "dog-bird", "clean_baseline": true, "craft_alpha": 0.0039216, "craft_aug": true, "craft_batch": 256, "craft_ensemble": 5, "craft_lowmem": false, "craft_schedule": false, "craft_steps": 250, "data_path": "/tmp/data", "dataset": "CIFAR10", "dsa_strategy": "color_crop_cutout_flip_scale_rotate", "epsilon": 0.0313725, "fast_gradmatch": false, "fc_mode": "sample", "fc_restarts": 1, "gpus": "all", "jacobian_batch_size": 64, "jacobian_weight": 1.0, "lambda_margin": 1.0, "model": "ConvNetBN", "no_resume": false, "num_poisons": 500, "num_surrogates": 20, "num_targets": 8, "num_victims": 5, "out_dir": "/tmp/attack_if/ours_result", "pair_order": "poison-target", "parallel_pretrain": true, "parallel_targets": true, "precompute_id": null, "precompute_only": false, "precompute_part": "both", "rank_on_victims": true, "recompute_deltas": false, "require_correct_target": false, "restarts": 8, "seed": 42, "sel_K": null, "sel_alpha": 1.0, "sel_criterion": null, "sel_dpp": false, "sel_exact_alignment": true, "sel_filter": false, "sel_mmr": false, "sel_mode": null, "sel_model": null, "sel_mu": 1.0, "sel_pca": false, "sel_pool": 3.0, "sharp_mode": "worst", "sharp_samples": 20, "sharp_sigma": 0.05, "steal_timeout": 7200.0, "surrogate_aug": false, "surrogate_bs": 128, "surrogate_decay": [35, 45], "surrogate_epochs": 60, "surrogate_lr": 0.1, "surrogate_wd": 0.0, "target_idx_file": "target_sets/ConvNetBN_gradmatch_dog-bird.json", "target_select": 70, "use_jacobian_score": false, "victim_aug": false, "victim_bs": 125, "victim_decay": [40], "victim_epochs": 50, "victim_lr": 0.1, "victim_wd": 0.0}
[2026-09-02 14:07:03] Jacobian score: disabled
[2026-09-02 14:07:03] Exact full-parameter gi^T gt selector: enabled, batch_size=64; per-surrogate alignment standardization enabled
[2026-09-02 14:07:03] N_total=50000 budget=0.001 -> N_p=50 poisons, y_adv=5(dog) target_class=2(bird)
[2026-09-02 14:07:03] === surrogates (20 x ConvNetBN, trained on the full real set) ===
[2026-09-02 14:07:03]   crafting on 5/20 surrogates
[2026-09-02 14:07:03] === clean victims (5 x ConvNetBN) ===
[2026-09-02 14:07:04]   clean baseline CTA = 0.8120 +/- 0.0079
[2026-09-02 14:07:04]   target pool 1000 -> eligible 964 (36 already predicted as y_adv or dropped)
[2026-09-02 14:07:04]   chosen 8 targets (file), p_adv range 0.0000..0.0000
[2026-09-02 14:07:04]   targets: [843, 1257, 8252, 8730, 8055, 5859, 8954, 821]
[2026-09-02 14:07:04] === target 843 (1/8) ===
[2026-09-02 14:07:04]   Exact gi/gt alignment backend: torch.func JVP
[2026-09-02 14:07:49]   target 843: crafted 50 poisons in 41 s, obj=0.31321
[2026-09-02 14:07:49]   target 843: realized linf = 0.03137 (8.00/255), budget = 8.00/255
[2026-09-02 14:08:39]   [t843 v1/5] fail (pred=bird) CTA=0.8067
[2026-09-02 14:09:29]   [t843 v2/5] fail (pred=bird) CTA=0.8064
[2026-09-02 14:10:18]   [t843 v3/5] SUCCESS (pred=dog) CTA=0.8097
[2026-09-02 14:11:08]   [t843 v4/5] fail (pred=bird) CTA=0.8085
[2026-09-02 14:11:58]   [t843 v5/5] fail (pred=bird) CTA=0.7969
[2026-09-02 14:11:58]   target 843, 5 victims on this gpu: ASR=20.0% CTA=0.8056 +/- 0.0045
[2026-09-02 14:11:58] === target 1257 (2/8) ===
[2026-09-02 14:12:43]   target 1257: crafted 50 poisons in 41 s, obj=0.28863
[2026-09-02 14:12:43]   target 1257: realized linf = 0.03137 (8.00/255), budget = 8.00/255
[2026-09-02 14:13:34]   [t1257 v1/5] fail (pred=bird) CTA=0.7997
[2026-09-02 14:14:24]   [t1257 v2/5] fail (pred=bird) CTA=0.8034
[2026-09-02 14:15:14]   [t1257 v3/5] fail (pred=bird) CTA=0.8092
[2026-09-02 14:16:04]   [t1257 v4/5] fail (pred=bird) CTA=0.8002
[2026-09-02 14:16:54]   [t1257 v5/5] fail (pred=bird) CTA=0.8026
[2026-09-02 14:16:54]   target 1257, 5 victims on this gpu: ASR=0.0% CTA=0.8030 +/- 0.0034
[2026-09-02 14:16:54] === target 8252 (3/8) ===
[2026-09-02 14:17:38]   target 8252: crafted 50 poisons in 41 s, obj=0.24462
[2026-09-02 14:17:38]   target 8252: realized linf = 0.03137 (8.00/255), budget = 8.00/255
[2026-09-02 14:18:30]   [t8252 v1/5] fail (pred=bird) CTA=0.7997
[2026-09-02 14:19:20]   [t8252 v2/5] SUCCESS (pred=dog) CTA=0.8113
[2026-09-02 14:20:10]   [t8252 v3/5] SUCCESS (pred=dog) CTA=0.8068
[2026-09-02 14:21:00]   [t8252 v4/5] fail (pred=bird) CTA=0.7942
[2026-09-02 14:21:50]   [t8252 v5/5] fail (pred=cat) CTA=0.7945
[2026-09-02 14:21:50]   target 8252, 5 victims on this gpu: ASR=40.0% CTA=0.8013 +/- 0.0068
[2026-09-02 14:21:50] === target 8730 (4/8) ===
[2026-09-02 14:22:34]   target 8730: crafted 50 poisons in 41 s, obj=0.26848
[2026-09-02 14:22:34]   target 8730: realized linf = 0.03137 (8.00/255), budget = 8.00/255
[2026-09-02 14:23:26]   [t8730 v1/5] fail (pred=frog) CTA=0.8087
[2026-09-02 14:24:16]   [t8730 v2/5] fail (pred=bird) CTA=0.8096
[2026-09-02 14:25:06]   [t8730 v3/5] fail (pred=bird) CTA=0.8155
[2026-09-02 14:25:56]   [t8730 v4/5] fail (pred=bird) CTA=0.8043
[2026-09-02 14:26:46]   [t8730 v5/5] fail (pred=bird) CTA=0.8022
[2026-09-02 14:26:46]   target 8730, 5 victims on this gpu: ASR=0.0% CTA=0.8081 +/- 0.0046
[2026-09-02 14:26:46] === target 8055 (5/8) ===
[2026-09-02 14:27:30]   target 8055: crafted 50 poisons in 41 s, obj=0.30828
[2026-09-02 14:27:30]   target 8055: realized linf = 0.03137 (8.00/255), budget = 8.00/255
[2026-09-02 14:28:22]   [t8055 v1/5] fail (pred=bird) CTA=0.8089
[2026-09-02 14:29:12]   [t8055 v2/5] fail (pred=bird) CTA=0.8060
[2026-09-02 14:30:02]   [t8055 v3/5] fail (pred=bird) CTA=0.8148
[2026-09-02 14:30:52]   [t8055 v4/5] fail (pred=deer) CTA=0.7945
[2026-09-02 14:31:41]   [t8055 v5/5] fail (pred=bird) CTA=0.8157
[2026-09-02 14:31:41]   target 8055, 5 victims on this gpu: ASR=0.0% CTA=0.8080 +/- 0.0076
[2026-09-02 14:31:41] === target 5859 (6/8) ===
[2026-09-02 14:32:26]   target 5859: crafted 50 poisons in 41 s, obj=0.26306
[2026-09-02 14:32:26]   target 5859: realized linf = 0.03137 (8.00/255), budget = 8.00/255
[2026-09-02 14:33:18]   [t5859 v1/5] fail (pred=bird) CTA=0.7998
[2026-09-02 14:34:08]   [t5859 v2/5] fail (pred=horse) CTA=0.7993
[2026-09-02 14:34:58]   [t5859 v3/5] SUCCESS (pred=dog) CTA=0.8048
[2026-09-02 14:35:47]   [t5859 v4/5] fail (pred=bird) CTA=0.8026
[2026-09-02 14:36:37]   [t5859 v5/5] fail (pred=bird) CTA=0.8056
[2026-09-02 14:36:37]   target 5859, 5 victims on this gpu: ASR=20.0% CTA=0.8024 +/- 0.0025
[2026-09-02 14:36:37] === target 8954 (7/8) ===
[2026-09-02 14:37:22]   target 8954: crafted 50 poisons in 41 s, obj=0.24134
[2026-09-02 14:37:22]   target 8954: realized linf = 0.03137 (8.00/255), budget = 8.00/255
[2026-09-02 14:38:14]   [t8954 v1/5] fail (pred=bird) CTA=0.7998
[2026-09-02 14:39:03]   [t8954 v2/5] SUCCESS (pred=dog) CTA=0.8001
[2026-09-02 14:39:53]   [t8954 v3/5] fail (pred=bird) CTA=0.7981
[2026-09-02 14:40:43]   [t8954 v4/5] fail (pred=bird) CTA=0.7898
[2026-09-02 14:41:33]   [t8954 v5/5] fail (pred=bird) CTA=0.8082
[2026-09-02 14:41:33]   target 8954, 5 victims on this gpu: ASR=20.0% CTA=0.7992 +/- 0.0059
[2026-09-02 14:41:33] === target 821 (8/8) ===
[2026-09-02 14:42:17]   target 821: crafted 50 poisons in 41 s, obj=0.34259
[2026-09-02 14:42:17]   target 821: realized linf = 0.03137 (8.00/255), budget = 8.00/255
[2026-09-02 14:43:09]   [t821 v1/5] SUCCESS (pred=dog) CTA=0.8062
[2026-09-02 14:43:59]   [t821 v2/5] fail (pred=bird) CTA=0.8083
[2026-09-02 14:44:49]   [t821 v3/5] fail (pred=horse) CTA=0.8079
[2026-09-02 14:45:39]   [t821 v4/5] fail (pred=bird) CTA=0.8110
[2026-09-02 14:46:29]   [t821 v5/5] fail (pred=bird) CTA=0.8046
[2026-09-02 14:46:29]   target 821, 5 victims on this gpu: ASR=20.0% CTA=0.8076 +/- 0.0021
[2026-09-02 14:46:29] ==== CIFAR10_ConvNetBN_gradmatch_ours_dog-bird_b0.001_eps8_seed42_lam1_cosine_selexactgigt_ce5_tgt70 : ASR = 15.0% +/- 13.2% | CTA = 0.8044 (baseline 0.8120) ====
[2026-09-02 14:46:29]   target-prediction tally ['airplane', 'automobile', 'bird', 'cat', 'deer', 'dog', 'frog', 'horse', 'ship', 'truck']: [0, 0, 29, 1, 1, 6, 1, 2, 0, 0]

sync: preserving outputs in /home/mmoslem3/scratch/PoisonBase
sync: complete
