gpu: NVIDIA L40S
cache: waiting for shared ResNet20BN checkpoint lock
cache: ResNet20BN checkpoints ready
cache: waiting for shared VGG13BN checkpoint lock
cache: VGG13BN checkpoints ready
run: waiting for duplicate-submission lock
targets: 10 unique pinned indices: 3495 2903 6697 2315 6899 2312 6353 4421 2242 6768
job: 932723 xb057_bp_b0005_vr20_svgg_k1 on rack03-14
config: attack=fc budget=0.005 A=V=ResNet20BN S=VGG13BN K=1 base=ours jacobian=off craft_steps=250 targets=10 victims=6 replacement_for=927145
protocol: method=ours Jacobian=off targets=10 victims=6 selector_K=1
protocol: 30 shared surrogates available; crafting always uses V checkpoints 0..4
output: /home/mmoslem3/scratch/PoisonBase/cross_arch_k_10x6_result/CIFAR10_ResNet20BN_fc_ours_dog-bird_b0.005_eps8_seed42_lam1_cosine_selarchVGG13BN_K1_ce5_tgt10
[2026-09-15 09:04:45] === run start: CIFAR10_ResNet20BN_fc_ours_dog-bird_b0.005_eps8_seed42_lam1_cosine_selarchVGG13BN_K1_ce5_tgt10 on cuda [0] ===
[2026-09-15 09:04:45] args: {"FORCE": false, "attack": "fc", "base": "ours", "base_dist": "cosine", "base_topr": null, "budget": 0.005, "cache_dir": "/tmp/PoisonBase_cross_arch_k_10x6/cache", "class_pair": "dog-bird", "clean_baseline": true, "craft_alpha": 0.0039216, "craft_aug": true, "craft_batch": 256, "craft_ensemble": 5, "craft_lowmem": false, "craft_schedule": false, "craft_steps": 250, "data_path": "/tmp/PoisonBase_cross_arch_k_10x6/data", "dataset": "CIFAR10", "distance_margin_coef": null, "dsa_strategy": "color_crop_cutout_flip_scale_rotate", "epsilon": 0.0313725, "fast_gradmatch": false, "fc_mode": "sample", "fc_restarts": 1, "gpus": "all", "jacobian_batch_size": 64, "jacobian_weight": 1.0, "lambda_margin": 1.0, "model": "ResNet20BN", "no_resume": false, "num_poisons": 500, "num_surrogates": 30, "num_targets": 10, "num_victims": 6, "out_dir": "/tmp/PoisonBase_cross_arch_k_10x6/cross_arch_k_10x6_result", "pair_order": "poison-target", "parallel_pretrain": true, "parallel_targets": true, "precompute_id": null, "precompute_only": false, "precompute_part": "both", "rank_on_victims": true, "recompute_deltas": false, "require_correct_target": false, "restarts": 8, "seed": 42, "sel_K": 1, "sel_alpha": 1.0, "sel_criterion": null, "sel_dpp": false, "sel_filter": false, "sel_mmr": false, "sel_mode": null, "sel_model": "VGG13BN", "sel_mu": 1.0, "sel_pca": false, "sel_pool": 3.0, "sharp_mode": "worst", "sharp_samples": 20, "sharp_sigma": 0.05, "steal_timeout": 7200.0, "surrogate_aug": false, "surrogate_bs": 128, "surrogate_decay": [35, 45], "surrogate_epochs": 60, "surrogate_lr": 0.1, "surrogate_wd": 0.0, "target_idx_file": "/tmp/PoisonBase_cross_arch_k_10x6/target_sets/ResNet20BN_fc_dog-bird.json", "target_select": 10, "use_jacobian_score": false, "victim_aug": false, "victim_bs": 125, "victim_decay": [40], "victim_epochs": 50, "victim_lr": 0.1, "victim_wd": 0.0}
[2026-09-15 09:04:45] Jacobian score: disabled
[2026-09-15 09:04:45] N_total=50000 budget=0.005 -> N_p=250 poisons, y_adv=5(dog) target_class=2(bird)
[2026-09-15 09:04:45] === surrogates (30 x ResNet20BN, trained on the full real set) ===
[2026-09-15 09:04:46]   crafting on 5/30 surrogates
[2026-09-15 09:04:46] === selection surrogates (30 x VGG13BN, cross-architecture) ===
[2026-09-15 09:04:48] === clean victims (6 x ResNet20BN) ===
[2026-09-15 09:04:49]   clean baseline CTA = 0.8354 +/- 0.0043
[2026-09-15 09:04:49]   target pool 1000 -> eligible 978 (22 already predicted as y_adv or dropped)
[2026-09-15 09:04:49]   chosen 10 targets (file), p_adv range 0.0001..0.3564
[2026-09-15 09:04:49]   targets: [3495, 2903, 6697, 2315, 6899, 2312, 6353, 4421, 2242, 6768]
[2026-09-15 09:04:49] === target 3495 (1/10) ===
[2026-09-15 09:04:54]   target 3495: crafted 250 poisons in 5 s, obj=0.01529
[2026-09-15 09:04:54]   target 3495: realized linf = 0.03137 (8.00/255), budget = 8.00/255
[2026-09-15 09:06:31]   [t3495 v1/6] fail (pred=bird) CTA=0.8388
[2026-09-15 09:08:08]   [t3495 v2/6] SUCCESS (pred=dog) CTA=0.8328
[2026-09-15 09:09:44]   [t3495 v3/6] SUCCESS (pred=dog) CTA=0.8346
[2026-09-15 09:11:21]   [t3495 v4/6] SUCCESS (pred=dog) CTA=0.8400
[2026-09-15 09:12:58]   [t3495 v5/6] SUCCESS (pred=dog) CTA=0.8339
[2026-09-15 09:14:34]   [t3495 v6/6] fail (pred=horse) CTA=0.8350
[2026-09-15 09:14:34]   target 3495, 6 victims on this gpu: ASR=66.7% CTA=0.8358 +/- 0.0026
[2026-09-15 09:14:34] === target 2903 (2/10) ===
[2026-09-15 09:14:39]   target 2903: crafted 250 poisons in 5 s, obj=0.02226
[2026-09-15 09:14:39]   target 2903: realized linf = 0.03137 (8.00/255), budget = 8.00/255
[2026-09-15 09:16:16]   [t2903 v1/6] fail (pred=bird) CTA=0.8346
[2026-09-15 09:17:53]   [t2903 v2/6] fail (pred=bird) CTA=0.8351
[2026-09-15 09:19:29]   [t2903 v3/6] fail (pred=bird) CTA=0.8347
[2026-09-15 09:21:06]   [t2903 v4/6] fail (pred=bird) CTA=0.8371
[2026-09-15 09:22:42]   [t2903 v5/6] SUCCESS (pred=dog) CTA=0.8373
[2026-09-15 09:24:19]   [t2903 v6/6] fail (pred=bird) CTA=0.8341
[2026-09-15 09:24:19]   target 2903, 6 victims on this gpu: ASR=16.7% CTA=0.8355 +/- 0.0012
[2026-09-15 09:24:19] === target 6697 (3/10) ===
[2026-09-15 09:24:24]   target 6697: crafted 250 poisons in 5 s, obj=0.01960
[2026-09-15 09:24:24]   target 6697: realized linf = 0.03137 (8.00/255), budget = 8.00/255
[2026-09-15 09:26:01]   [t6697 v1/6] SUCCESS (pred=dog) CTA=0.8426
[2026-09-15 09:27:37]   [t6697 v2/6] SUCCESS (pred=dog) CTA=0.8418
[2026-09-15 09:29:14]   [t6697 v3/6] SUCCESS (pred=dog) CTA=0.8399
[2026-09-15 09:30:51]   [t6697 v4/6] fail (pred=horse) CTA=0.8422
[2026-09-15 09:32:27]   [t6697 v5/6] SUCCESS (pred=dog) CTA=0.8472
[2026-09-15 09:34:04]   [t6697 v6/6] fail (pred=horse) CTA=0.8338
[2026-09-15 09:34:04]   target 6697, 6 victims on this gpu: ASR=66.7% CTA=0.8413 +/- 0.0040
[2026-09-15 09:34:04] === target 2315 (4/10) ===
[2026-09-15 09:34:09]   target 2315: crafted 250 poisons in 5 s, obj=0.02142
[2026-09-15 09:34:09]   target 2315: realized linf = 0.03137 (8.00/255), budget = 8.00/255
[2026-09-15 09:35:46]   [t2315 v1/6] fail (pred=bird) CTA=0.8362
[2026-09-15 09:37:22]   [t2315 v2/6] fail (pred=bird) CTA=0.8425
[2026-09-15 09:38:59]   [t2315 v3/6] fail (pred=bird) CTA=0.8416
[2026-09-15 09:40:35]   [t2315 v4/6] fail (pred=bird) CTA=0.8347
[2026-09-15 09:42:12]   [t2315 v5/6] fail (pred=bird) CTA=0.8372
[2026-09-15 09:43:49]   [t2315 v6/6] fail (pred=bird) CTA=0.8380
[2026-09-15 09:43:49]   target 2315, 6 victims on this gpu: ASR=0.0% CTA=0.8384 +/- 0.0028
[2026-09-15 09:43:49] === target 6899 (5/10) ===
[2026-09-15 09:43:54]   target 6899: crafted 250 poisons in 5 s, obj=0.01964
[2026-09-15 09:43:54]   target 6899: realized linf = 0.03137 (8.00/255), budget = 8.00/255
[2026-09-15 09:45:30]   [t6899 v1/6] SUCCESS (pred=dog) CTA=0.8409
[2026-09-15 09:47:07]   [t6899 v2/6] SUCCESS (pred=dog) CTA=0.8387
[2026-09-15 09:48:44]   [t6899 v3/6] fail (pred=horse) CTA=0.8415
[2026-09-15 09:50:20]   [t6899 v4/6] fail (pred=horse) CTA=0.8391
[2026-09-15 09:51:57]   [t6899 v5/6] fail (pred=horse) CTA=0.8403
[2026-09-15 09:53:33]   [t6899 v6/6] SUCCESS (pred=dog) CTA=0.8323
[2026-09-15 09:53:33]   target 6899, 6 victims on this gpu: ASR=50.0% CTA=0.8388 +/- 0.0031
[2026-09-15 09:53:33] === target 2312 (6/10) ===
[2026-09-15 09:53:38]   target 2312: crafted 250 poisons in 5 s, obj=0.01797
[2026-09-15 09:53:38]   target 2312: realized linf = 0.03137 (8.00/255), budget = 8.00/255
[2026-09-15 09:55:15]   [t2312 v1/6] fail (pred=bird) CTA=0.8319
[2026-09-15 09:56:52]   [t2312 v2/6] fail (pred=deer) CTA=0.8410
[2026-09-15 09:58:29]   [t2312 v3/6] SUCCESS (pred=dog) CTA=0.8351
[2026-09-15 10:00:05]   [t2312 v4/6] fail (pred=bird) CTA=0.8389
[2026-09-15 10:01:42]   [t2312 v5/6] fail (pred=bird) CTA=0.8327
[2026-09-15 10:03:18]   [t2312 v6/6] fail (pred=bird) CTA=0.8395
[2026-09-15 10:03:18]   target 2312, 6 victims on this gpu: ASR=16.7% CTA=0.8365 +/- 0.0035
[2026-09-15 10:03:18] === target 6353 (7/10) ===
[2026-09-15 10:03:23]   target 6353: crafted 250 poisons in 5 s, obj=0.02379
[2026-09-15 10:03:23]   target 6353: realized linf = 0.03137 (8.00/255), budget = 8.00/255
[2026-09-15 10:05:00]   [t6353 v1/6] fail (pred=cat) CTA=0.8353
[2026-09-15 10:06:37]   [t6353 v2/6] SUCCESS (pred=dog) CTA=0.8340
[2026-09-15 10:08:13]   [t6353 v3/6] fail (pred=airplane) CTA=0.8386
[2026-09-15 10:09:49]   [t6353 v4/6] fail (pred=bird) CTA=0.8356
[2026-09-15 10:11:26]   [t6353 v5/6] fail (pred=bird) CTA=0.8373
[2026-09-15 10:13:02]   [t6353 v6/6] fail (pred=airplane) CTA=0.8365
[2026-09-15 10:13:02]   target 6353, 6 victims on this gpu: ASR=16.7% CTA=0.8362 +/- 0.0015
[2026-09-15 10:13:02] === target 4421 (8/10) ===
[2026-09-15 10:13:07]   target 4421: crafted 250 poisons in 5 s, obj=0.02272
[2026-09-15 10:13:07]   target 4421: realized linf = 0.03137 (8.00/255), budget = 8.00/255
[2026-09-15 10:14:44]   [t4421 v1/6] fail (pred=bird) CTA=0.8407
[2026-09-15 10:16:21]   [t4421 v2/6] fail (pred=bird) CTA=0.8356
[2026-09-15 10:17:57]   [t4421 v3/6] fail (pred=bird) CTA=0.8344
[2026-09-15 10:19:34]   [t4421 v4/6] fail (pred=bird) CTA=0.8380
[2026-09-15 10:21:10]   [t4421 v5/6] fail (pred=bird) CTA=0.8369
[2026-09-15 10:22:47]   [t4421 v6/6] fail (pred=bird) CTA=0.8404
[2026-09-15 10:22:47]   target 4421, 6 victims on this gpu: ASR=0.0% CTA=0.8377 +/- 0.0023
[2026-09-15 10:22:47] === target 2242 (9/10) ===
[2026-09-15 10:22:52]   target 2242: crafted 250 poisons in 5 s, obj=0.01955
[2026-09-15 10:22:52]   target 2242: realized linf = 0.03137 (8.00/255), budget = 8.00/255
[2026-09-15 10:24:29]   [t2242 v1/6] SUCCESS (pred=dog) CTA=0.8365
[2026-09-15 10:26:05]   [t2242 v2/6] fail (pred=deer) CTA=0.8387
[2026-09-15 10:27:42]   [t2242 v3/6] fail (pred=cat) CTA=0.8370
[2026-09-15 10:29:18]   [t2242 v4/6] fail (pred=cat) CTA=0.8310
[2026-09-15 10:30:55]   [t2242 v5/6] SUCCESS (pred=dog) CTA=0.8321
[2026-09-15 10:32:31]   [t2242 v6/6] SUCCESS (pred=dog) CTA=0.8360
[2026-09-15 10:32:31]   target 2242, 6 victims on this gpu: ASR=50.0% CTA=0.8352 +/- 0.0027
[2026-09-15 10:32:31] === target 6768 (10/10) ===
[2026-09-15 10:32:36]   target 6768: crafted 250 poisons in 5 s, obj=0.01760
[2026-09-15 10:32:36]   target 6768: realized linf = 0.03137 (8.00/255), budget = 8.00/255
[2026-09-15 10:34:13]   [t6768 v1/6] fail (pred=bird) CTA=0.8432
[2026-09-15 10:35:50]   [t6768 v2/6] SUCCESS (pred=dog) CTA=0.8284
[2026-09-15 10:37:27]   [t6768 v3/6] fail (pred=bird) CTA=0.8339
[2026-09-15 10:39:03]   [t6768 v4/6] SUCCESS (pred=dog) CTA=0.8357
[2026-09-15 10:40:40]   [t6768 v5/6] fail (pred=bird) CTA=0.8398
[2026-09-15 10:42:16]   [t6768 v6/6] SUCCESS (pred=dog) CTA=0.8388
[2026-09-15 10:42:16]   target 6768, 6 victims on this gpu: ASR=50.0% CTA=0.8366 +/- 0.0047
[2026-09-15 10:42:16] ==== CIFAR10_ResNet20BN_fc_ours_dog-bird_b0.005_eps8_seed42_lam1_cosine_selarchVGG13BN_K1_ce5_tgt10 : ASR = 33.3% +/- 24.7% | CTA = 0.8372 (baseline 0.8354) ====
[2026-09-15 10:42:16]   target-prediction tally ['airplane', 'automobile', 'bird', 'cat', 'deer', 'dog', 'frog', 'horse', 'ship', 'truck']: [2, 0, 27, 3, 2, 20, 0, 6, 0, 0]
verified: 10 targets x 6 victims = 60 unique evaluations
sync: CIFAR10_ResNet20BN_fc_ours_dog-bird_b0.005_eps8_seed42_lam1_cosine_selarchVGG13BN_K1_ce5_tgt10 -> /home/mmoslem3/scratch/PoisonBase/cross_arch_k_10x6_result
sync: complete
