gpu: NVIDIA L40S
cache: waiting for shared VGG13BN checkpoint lock
cache: VGG13BN checkpoints ready
run: waiting for duplicate-submission lock
targets: 10 unique pinned indices: 3728 5640 6922 7855 2127 7586 7360 2171 4462 2597
job: 932727 xb069_bp_b0005_vvgg_svgg_k1 on rack13-13
config: attack=fc budget=0.005 A=V=VGG13BN S=VGG13BN K=1 base=ours jacobian=off craft_steps=250 targets=10 victims=6 replacement_for=927157
protocol: method=ours Jacobian=off targets=10 victims=6 selector_K=1
protocol: 30 shared surrogates available; crafting always uses V checkpoints 0..4
output: /home/mmoslem3/scratch/PoisonBase/cross_arch_k_10x6_result/CIFAR10_VGG13BN_fc_ours_dog-bird_b0.005_eps8_seed42_lam1_cosine_K1_ce5_tgt3
[2026-09-15 09:29:12] === run start: CIFAR10_VGG13BN_fc_ours_dog-bird_b0.005_eps8_seed42_lam1_cosine_K1_ce5_tgt3 on cuda [0] ===
[2026-09-15 09:29:12] args: {"FORCE": false, "attack": "fc", "base": "ours", "base_dist": "cosine", "base_topr": null, "budget": 0.005, "cache_dir": "/tmp/PoisonBase_cross_arch_k_10x6/cache", "class_pair": "dog-bird", "clean_baseline": true, "craft_alpha": 0.0039216, "craft_aug": true, "craft_batch": 256, "craft_ensemble": 5, "craft_lowmem": false, "craft_schedule": false, "craft_steps": 250, "data_path": "/tmp/PoisonBase_cross_arch_k_10x6/data", "dataset": "CIFAR10", "distance_margin_coef": null, "dsa_strategy": "color_crop_cutout_flip_scale_rotate", "epsilon": 0.0313725, "fast_gradmatch": false, "fc_mode": "sample", "fc_restarts": 1, "gpus": "all", "jacobian_batch_size": 64, "jacobian_weight": 1.0, "lambda_margin": 1.0, "model": "VGG13BN", "no_resume": false, "num_poisons": 500, "num_surrogates": 30, "num_targets": 10, "num_victims": 6, "out_dir": "/tmp/PoisonBase_cross_arch_k_10x6/cross_arch_k_10x6_result", "pair_order": "poison-target", "parallel_pretrain": true, "parallel_targets": true, "precompute_id": null, "precompute_only": false, "precompute_part": "both", "rank_on_victims": true, "recompute_deltas": false, "require_correct_target": false, "restarts": 8, "seed": 42, "sel_K": 1, "sel_alpha": 1.0, "sel_criterion": null, "sel_dpp": false, "sel_filter": false, "sel_mmr": false, "sel_mode": null, "sel_model": "VGG13BN", "sel_mu": 1.0, "sel_pca": false, "sel_pool": 3.0, "sharp_mode": "worst", "sharp_samples": 20, "sharp_sigma": 0.05, "steal_timeout": 7200.0, "surrogate_aug": false, "surrogate_bs": 128, "surrogate_decay": [35, 45], "surrogate_epochs": 60, "surrogate_lr": 0.1, "surrogate_wd": 0.0, "target_idx_file": "/tmp/PoisonBase_cross_arch_k_10x6/target_sets/VGG13BN_fc_dog-bird.json", "target_select": 3, "use_jacobian_score": false, "victim_aug": false, "victim_bs": 125, "victim_decay": [40], "victim_epochs": 50, "victim_lr": 0.1, "victim_wd": 0.0}
[2026-09-15 09:29:12] Jacobian score: disabled
[2026-09-15 09:29:12] N_total=50000 budget=0.005 -> N_p=250 poisons, y_adv=5(dog) target_class=2(bird)
[2026-09-15 09:29:12] === surrogates (30 x VGG13BN, trained on the full real set) ===
[2026-09-15 09:29:13]   crafting on 5/30 surrogates
[2026-09-15 09:29:13] === clean victims (6 x VGG13BN) ===
[2026-09-15 09:29:15]   clean baseline CTA = 0.8476 +/- 0.0158
[2026-09-15 09:29:15]   target pool 1000 -> eligible 970 (30 already predicted as y_adv or dropped)
[2026-09-15 09:29:15]   chosen 10 targets (file), p_adv range 0.1680..0.1985
[2026-09-15 09:29:15]   targets: [3728, 5640, 6922, 7855, 2127, 7586, 7360, 2171, 4462, 2597]
[2026-09-15 09:29:15] === target 3728 (1/10) ===
[2026-09-15 09:29:24]   target 3728: crafted 250 poisons in 8 s, obj=0.00240
[2026-09-15 09:29:24]   target 3728: realized linf = 0.03137 (8.00/255), budget = 8.00/255
[2026-09-15 09:31:07]   [t3728 v1/6] fail (pred=deer) CTA=0.8494
[2026-09-15 09:32:49]   [t3728 v2/6] fail (pred=cat) CTA=0.8418
[2026-09-15 09:34:30]   [t3728 v3/6] fail (pred=bird) CTA=0.8405
[2026-09-15 09:36:12]   [t3728 v4/6] SUCCESS (pred=dog) CTA=0.8557
[2026-09-15 09:37:54]   [t3728 v5/6] SUCCESS (pred=dog) CTA=0.8658
[2026-09-15 09:39:35]   [t3728 v6/6] fail (pred=frog) CTA=0.8483
[2026-09-15 09:39:35]   target 3728, 6 victims on this gpu: ASR=33.3% CTA=0.8502 +/- 0.0086
[2026-09-15 09:39:35] === target 5640 (2/10) ===
[2026-09-15 09:39:44]   target 5640: crafted 250 poisons in 9 s, obj=0.00211
[2026-09-15 09:39:44]   target 5640: realized linf = 0.03137 (8.00/255), budget = 8.00/255
[2026-09-15 09:41:28]   [t5640 v1/6] fail (pred=cat) CTA=0.8471
[2026-09-15 09:43:09]   [t5640 v2/6] SUCCESS (pred=dog) CTA=0.8505
[2026-09-15 09:44:49]   [t5640 v3/6] fail (pred=bird) CTA=0.8351
[2026-09-15 09:46:30]   [t5640 v4/6] SUCCESS (pred=dog) CTA=0.8598
[2026-09-15 09:48:11]   [t5640 v5/6] fail (pred=bird) CTA=0.8582
[2026-09-15 09:49:53]   [t5640 v6/6] SUCCESS (pred=dog) CTA=0.8564
[2026-09-15 09:49:53]   target 5640, 6 victims on this gpu: ASR=50.0% CTA=0.8512 +/- 0.0084
[2026-09-15 09:49:53] === target 6922 (3/10) ===
[2026-09-15 09:50:01]   target 6922: crafted 250 poisons in 9 s, obj=0.00226
[2026-09-15 09:50:01]   target 6922: realized linf = 0.03137 (8.00/255), budget = 8.00/255
[2026-09-15 09:51:45]   [t6922 v1/6] SUCCESS (pred=dog) CTA=0.8578
[2026-09-15 09:53:27]   [t6922 v2/6] SUCCESS (pred=dog) CTA=0.8621
[2026-09-15 09:55:09]   [t6922 v3/6] SUCCESS (pred=dog) CTA=0.8593
[2026-09-15 09:56:51]   [t6922 v4/6] SUCCESS (pred=dog) CTA=0.8519
[2026-09-15 09:58:33]   [t6922 v5/6] SUCCESS (pred=dog) CTA=0.8379
[2026-09-15 10:00:15]   [t6922 v6/6] SUCCESS (pred=dog) CTA=0.8402
[2026-09-15 10:00:15]   target 6922, 6 victims on this gpu: ASR=100.0% CTA=0.8515 +/- 0.0094
[2026-09-15 10:00:15] === target 7855 (4/10) ===
[2026-09-15 10:00:23]   target 7855: crafted 250 poisons in 9 s, obj=0.00199
[2026-09-15 10:00:23]   target 7855: realized linf = 0.03137 (8.00/255), budget = 8.00/255
[2026-09-15 10:02:07]   [t7855 v1/6] SUCCESS (pred=dog) CTA=0.8648
[2026-09-15 10:03:49]   [t7855 v2/6] SUCCESS (pred=dog) CTA=0.8473
[2026-09-15 10:05:31]   [t7855 v3/6] SUCCESS (pred=dog) CTA=0.8581
[2026-09-15 10:07:13]   [t7855 v4/6] SUCCESS (pred=dog) CTA=0.8622
[2026-09-15 10:08:55]   [t7855 v5/6] fail (pred=bird) CTA=0.8575
[2026-09-15 10:10:37]   [t7855 v6/6] SUCCESS (pred=dog) CTA=0.8542
[2026-09-15 10:10:37]   target 7855, 6 victims on this gpu: ASR=83.3% CTA=0.8573 +/- 0.0056
[2026-09-15 10:10:37] === target 2127 (5/10) ===
[2026-09-15 10:10:46]   target 2127: crafted 250 poisons in 9 s, obj=0.00221
[2026-09-15 10:10:46]   target 2127: realized linf = 0.03137 (8.00/255), budget = 8.00/255
[2026-09-15 10:12:29]   [t2127 v1/6] fail (pred=deer) CTA=0.8641
[2026-09-15 10:14:11]   [t2127 v2/6] SUCCESS (pred=dog) CTA=0.8416
[2026-09-15 10:15:53]   [t2127 v3/6] SUCCESS (pred=dog) CTA=0.8581
[2026-09-15 10:17:35]   [t2127 v4/6] SUCCESS (pred=dog) CTA=0.8599
[2026-09-15 10:19:17]   [t2127 v5/6] fail (pred=deer) CTA=0.8645
[2026-09-15 10:20:59]   [t2127 v6/6] SUCCESS (pred=dog) CTA=0.8577
[2026-09-15 10:20:59]   target 2127, 6 victims on this gpu: ASR=66.7% CTA=0.8577 +/- 0.0077
[2026-09-15 10:20:59] === target 7586 (6/10) ===
[2026-09-15 10:21:08]   target 7586: crafted 250 poisons in 9 s, obj=0.00218
[2026-09-15 10:21:08]   target 7586: realized linf = 0.03137 (8.00/255), budget = 8.00/255
[2026-09-15 10:22:51]   [t7586 v1/6] SUCCESS (pred=dog) CTA=0.8497
[2026-09-15 10:24:33]   [t7586 v2/6] fail (pred=horse) CTA=0.8547
[2026-09-15 10:26:15]   [t7586 v3/6] fail (pred=cat) CTA=0.8603
[2026-09-15 10:27:57]   [t7586 v4/6] fail (pred=horse) CTA=0.8620
[2026-09-15 10:29:39]   [t7586 v5/6] SUCCESS (pred=dog) CTA=0.8147
[2026-09-15 10:31:21]   [t7586 v6/6] SUCCESS (pred=dog) CTA=0.8455
[2026-09-15 10:31:21]   target 7586, 6 victims on this gpu: ASR=50.0% CTA=0.8478 +/- 0.0159
[2026-09-15 10:31:21] === target 7360 (7/10) ===
[2026-09-15 10:31:30]   target 7360: crafted 250 poisons in 9 s, obj=0.00225
[2026-09-15 10:31:30]   target 7360: realized linf = 0.03137 (8.00/255), budget = 8.00/255
[2026-09-15 10:33:14]   [t7360 v1/6] SUCCESS (pred=dog) CTA=0.8559
[2026-09-15 10:34:55]   [t7360 v2/6] fail (pred=bird) CTA=0.8499
[2026-09-15 10:36:36]   [t7360 v3/6] SUCCESS (pred=dog) CTA=0.8593
[2026-09-15 10:38:17]   [t7360 v4/6] fail (pred=bird) CTA=0.8671
[2026-09-15 10:39:58]   [t7360 v5/6] SUCCESS (pred=dog) CTA=0.8396
[2026-09-15 10:41:38]   [t7360 v6/6] SUCCESS (pred=dog) CTA=0.8473
[2026-09-15 10:41:38]   target 7360, 6 victims on this gpu: ASR=66.7% CTA=0.8532 +/- 0.0088
[2026-09-15 10:41:38] === target 2171 (8/10) ===
[2026-09-15 10:41:47]   target 2171: crafted 250 poisons in 9 s, obj=0.00230
[2026-09-15 10:41:47]   target 2171: realized linf = 0.03137 (8.00/255), budget = 8.00/255
[2026-09-15 10:43:31]   [t2171 v1/6] SUCCESS (pred=dog) CTA=0.8546
[2026-09-15 10:45:12]   [t2171 v2/6] SUCCESS (pred=dog) CTA=0.8533
[2026-09-15 10:46:54]   [t2171 v3/6] fail (pred=bird) CTA=0.8538
[2026-09-15 10:48:36]   [t2171 v4/6] SUCCESS (pred=dog) CTA=0.8556
[2026-09-15 10:50:17]   [t2171 v5/6] fail (pred=bird) CTA=0.8611
[2026-09-15 10:51:59]   [t2171 v6/6] fail (pred=bird) CTA=0.8596
[2026-09-15 10:51:59]   target 2171, 6 victims on this gpu: ASR=50.0% CTA=0.8563 +/- 0.0030
[2026-09-15 10:51:59] === target 4462 (9/10) ===
[2026-09-15 10:52:08]   target 4462: crafted 250 poisons in 9 s, obj=0.00296
[2026-09-15 10:52:08]   target 4462: realized linf = 0.03137 (8.00/255), budget = 8.00/255
[2026-09-15 10:53:51]   [t4462 v1/6] SUCCESS (pred=dog) CTA=0.8579
[2026-09-15 10:55:33]   [t4462 v2/6] SUCCESS (pred=dog) CTA=0.8570
[2026-09-15 10:57:15]   [t4462 v3/6] fail (pred=bird) CTA=0.8469
[2026-09-15 10:58:57]   [t4462 v4/6] fail (pred=bird) CTA=0.8593
[2026-09-15 11:00:39]   [t4462 v5/6] fail (pred=bird) CTA=0.8511
[2026-09-15 11:02:21]   [t4462 v6/6] fail (pred=bird) CTA=0.8327
[2026-09-15 11:02:21]   target 4462, 6 victims on this gpu: ASR=33.3% CTA=0.8508 +/- 0.0092
[2026-09-15 11:02:21] === target 2597 (10/10) ===
[2026-09-15 11:02:30]   target 2597: crafted 250 poisons in 9 s, obj=0.00230
[2026-09-15 11:02:30]   target 2597: realized linf = 0.03137 (8.00/255), budget = 8.00/255
[2026-09-15 11:04:13]   [t2597 v1/6] SUCCESS (pred=dog) CTA=0.8391
[2026-09-15 11:05:55]   [t2597 v2/6] fail (pred=horse) CTA=0.8586
[2026-09-15 11:07:36]   [t2597 v3/6] fail (pred=bird) CTA=0.8339
[2026-09-15 11:09:17]   [t2597 v4/6] fail (pred=bird) CTA=0.8380
[2026-09-15 11:10:58]   [t2597 v5/6] fail (pred=bird) CTA=0.8535
[2026-09-15 11:12:39]   [t2597 v6/6] fail (pred=bird) CTA=0.8536
[2026-09-15 11:12:39]   target 2597, 6 victims on this gpu: ASR=16.7% CTA=0.8461 +/- 0.0094
[2026-09-15 11:12:39] ==== CIFAR10_VGG13BN_fc_ours_dog-bird_b0.005_eps8_seed42_lam1_cosine_K1_ce5_tgt3 : ASR = 55.0% +/- 23.6% | CTA = 0.8522 (baseline 0.8476) ====
[2026-09-15 11:12:39]   target-prediction tally ['airplane', 'automobile', 'bird', 'cat', 'deer', 'dog', 'frog', 'horse', 'ship', 'truck']: [0, 0, 17, 3, 3, 33, 1, 3, 0, 0]
verified: 10 targets x 6 victims = 60 unique evaluations
sync: CIFAR10_VGG13BN_fc_ours_dog-bird_b0.005_eps8_seed42_lam1_cosine_K1_ce5_tgt3 -> /home/mmoslem3/scratch/PoisonBase/cross_arch_k_10x6_result
sync: complete
