gpu: NVIDIA L40S
cache: waiting for shared VGG13BN checkpoint lock
cache: VGG13BN checkpoints ready
cache: waiting for shared ResNet20BN checkpoint lock
cache: ResNet20BN checkpoints ready
run: waiting for duplicate-submission lock
targets: 10 unique pinned indices: 3728 5640 6922 7855 2127 7586 7360 2171 4462 2597
job: 932726 xb066_bp_b0005_vvgg_sr20_k3 on rack12-04
config: attack=fc budget=0.005 A=V=VGG13BN S=ResNet20BN K=3 base=ours jacobian=off craft_steps=250 targets=10 victims=6 replacement_for=927154
protocol: method=ours Jacobian=off targets=10 victims=6 selector_K=3
protocol: 30 shared surrogates available; crafting always uses V checkpoints 0..4
output: /home/mmoslem3/scratch/PoisonBase/cross_arch_k_10x6_result/CIFAR10_VGG13BN_fc_ours_dog-bird_b0.005_eps8_seed42_lam1_cosine_selarchResNet20BN_K3_ce5_tgt3
[2026-09-15 09:28:39] === run start: CIFAR10_VGG13BN_fc_ours_dog-bird_b0.005_eps8_seed42_lam1_cosine_selarchResNet20BN_K3_ce5_tgt3 on cuda [0] ===
[2026-09-15 09:28:39] args: {"FORCE": false, "attack": "fc", "base": "ours", "base_dist": "cosine", "base_topr": null, "budget": 0.005, "cache_dir": "/tmp/PoisonBase_cross_arch_k_10x6/cache", "class_pair": "dog-bird", "clean_baseline": true, "craft_alpha": 0.0039216, "craft_aug": true, "craft_batch": 256, "craft_ensemble": 5, "craft_lowmem": false, "craft_schedule": false, "craft_steps": 250, "data_path": "/tmp/PoisonBase_cross_arch_k_10x6/data", "dataset": "CIFAR10", "distance_margin_coef": null, "dsa_strategy": "color_crop_cutout_flip_scale_rotate", "epsilon": 0.0313725, "fast_gradmatch": false, "fc_mode": "sample", "fc_restarts": 1, "gpus": "all", "jacobian_batch_size": 64, "jacobian_weight": 1.0, "lambda_margin": 1.0, "model": "VGG13BN", "no_resume": false, "num_poisons": 500, "num_surrogates": 30, "num_targets": 10, "num_victims": 6, "out_dir": "/tmp/PoisonBase_cross_arch_k_10x6/cross_arch_k_10x6_result", "pair_order": "poison-target", "parallel_pretrain": true, "parallel_targets": true, "precompute_id": null, "precompute_only": false, "precompute_part": "both", "rank_on_victims": true, "recompute_deltas": false, "require_correct_target": false, "restarts": 8, "seed": 42, "sel_K": 3, "sel_alpha": 1.0, "sel_criterion": null, "sel_dpp": false, "sel_filter": false, "sel_mmr": false, "sel_mode": null, "sel_model": "ResNet20BN", "sel_mu": 1.0, "sel_pca": false, "sel_pool": 3.0, "sharp_mode": "worst", "sharp_samples": 20, "sharp_sigma": 0.05, "steal_timeout": 7200.0, "surrogate_aug": false, "surrogate_bs": 128, "surrogate_decay": [35, 45], "surrogate_epochs": 60, "surrogate_lr": 0.1, "surrogate_wd": 0.0, "target_idx_file": "/tmp/PoisonBase_cross_arch_k_10x6/target_sets/VGG13BN_fc_dog-bird.json", "target_select": 3, "use_jacobian_score": false, "victim_aug": false, "victim_bs": 125, "victim_decay": [40], "victim_epochs": 50, "victim_lr": 0.1, "victim_wd": 0.0}
[2026-09-15 09:28:39] Jacobian score: disabled
[2026-09-15 09:28:39] N_total=50000 budget=0.005 -> N_p=250 poisons, y_adv=5(dog) target_class=2(bird)
[2026-09-15 09:28:39] === surrogates (30 x VGG13BN, trained on the full real set) ===
[2026-09-15 09:28:41]   crafting on 5/30 surrogates
[2026-09-15 09:28:41] === selection surrogates (30 x ResNet20BN, cross-architecture) ===
[2026-09-15 09:28:41] === clean victims (6 x VGG13BN) ===
[2026-09-15 09:28:43]   clean baseline CTA = 0.8476 +/- 0.0158
[2026-09-15 09:28:43]   target pool 1000 -> eligible 970 (30 already predicted as y_adv or dropped)
[2026-09-15 09:28:43]   chosen 10 targets (file), p_adv range 0.1680..0.1985
[2026-09-15 09:28:43]   targets: [3728, 5640, 6922, 7855, 2127, 7586, 7360, 2171, 4462, 2597]
[2026-09-15 09:28:43] === target 3728 (1/10) ===
[2026-09-15 09:28:52]   target 3728: crafted 250 poisons in 9 s, obj=0.00226
[2026-09-15 09:28:52]   target 3728: realized linf = 0.03137 (8.00/255), budget = 8.00/255
[2026-09-15 09:30:35]   [t3728 v1/6] fail (pred=deer) CTA=0.8487
[2026-09-15 09:32:17]   [t3728 v2/6] SUCCESS (pred=dog) CTA=0.8526
[2026-09-15 09:33:59]   [t3728 v3/6] SUCCESS (pred=dog) CTA=0.8499
[2026-09-15 09:35:41]   [t3728 v4/6] SUCCESS (pred=dog) CTA=0.8590
[2026-09-15 09:37:23]   [t3728 v5/6] SUCCESS (pred=dog) CTA=0.8572
[2026-09-15 09:39:05]   [t3728 v6/6] SUCCESS (pred=dog) CTA=0.8559
[2026-09-15 09:39:05]   target 3728, 6 victims on this gpu: ASR=83.3% CTA=0.8539 +/- 0.0038
[2026-09-15 09:39:05] === target 5640 (2/10) ===
[2026-09-15 09:39:13]   target 5640: crafted 250 poisons in 9 s, obj=0.00198
[2026-09-15 09:39:13]   target 5640: realized linf = 0.03137 (8.00/255), budget = 8.00/255
[2026-09-15 09:40:57]   [t5640 v1/6] SUCCESS (pred=dog) CTA=0.8400
[2026-09-15 09:42:39]   [t5640 v2/6] SUCCESS (pred=dog) CTA=0.8501
[2026-09-15 09:44:20]   [t5640 v3/6] fail (pred=cat) CTA=0.8472
[2026-09-15 09:46:02]   [t5640 v4/6] fail (pred=cat) CTA=0.8568
[2026-09-15 09:47:44]   [t5640 v5/6] fail (pred=bird) CTA=0.8572
[2026-09-15 09:49:26]   [t5640 v6/6] SUCCESS (pred=dog) CTA=0.8617
[2026-09-15 09:49:26]   target 5640, 6 victims on this gpu: ASR=50.0% CTA=0.8522 +/- 0.0072
[2026-09-15 09:49:26] === target 6922 (3/10) ===
[2026-09-15 09:49:34]   target 6922: crafted 250 poisons in 9 s, obj=0.00208
[2026-09-15 09:49:34]   target 6922: realized linf = 0.03137 (8.00/255), budget = 8.00/255
[2026-09-15 09:51:18]   [t6922 v1/6] SUCCESS (pred=dog) CTA=0.8612
[2026-09-15 09:52:59]   [t6922 v2/6] SUCCESS (pred=dog) CTA=0.8593
[2026-09-15 09:54:39]   [t6922 v3/6] SUCCESS (pred=dog) CTA=0.8527
[2026-09-15 09:56:20]   [t6922 v4/6] SUCCESS (pred=dog) CTA=0.8482
[2026-09-15 09:58:01]   [t6922 v5/6] SUCCESS (pred=dog) CTA=0.8416
[2026-09-15 09:59:42]   [t6922 v6/6] SUCCESS (pred=dog) CTA=0.8519
[2026-09-15 09:59:42]   target 6922, 6 victims on this gpu: ASR=100.0% CTA=0.8525 +/- 0.0066
[2026-09-15 09:59:42] === target 7855 (4/10) ===
[2026-09-15 09:59:50]   target 7855: crafted 250 poisons in 9 s, obj=0.00186
[2026-09-15 09:59:50]   target 7855: realized linf = 0.03137 (8.00/255), budget = 8.00/255
[2026-09-15 10:01:33]   [t7855 v1/6] SUCCESS (pred=dog) CTA=0.8593
[2026-09-15 10:03:16]   [t7855 v2/6] SUCCESS (pred=dog) CTA=0.8471
[2026-09-15 10:04:58]   [t7855 v3/6] SUCCESS (pred=dog) CTA=0.8566
[2026-09-15 10:06:40]   [t7855 v4/6] SUCCESS (pred=dog) CTA=0.8529
[2026-09-15 10:08:22]   [t7855 v5/6] fail (pred=bird) CTA=0.8600
[2026-09-15 10:10:04]   [t7855 v6/6] SUCCESS (pred=dog) CTA=0.8578
[2026-09-15 10:10:04]   target 7855, 6 victims on this gpu: ASR=83.3% CTA=0.8556 +/- 0.0044
[2026-09-15 10:10:04] === target 2127 (5/10) ===
[2026-09-15 10:10:13]   target 2127: crafted 250 poisons in 9 s, obj=0.00200
[2026-09-15 10:10:13]   target 2127: realized linf = 0.03137 (8.00/255), budget = 8.00/255
[2026-09-15 10:11:56]   [t2127 v1/6] SUCCESS (pred=dog) CTA=0.8629
[2026-09-15 10:13:37]   [t2127 v2/6] SUCCESS (pred=dog) CTA=0.8388
[2026-09-15 10:15:17]   [t2127 v3/6] SUCCESS (pred=dog) CTA=0.8640
[2026-09-15 10:16:58]   [t2127 v4/6] SUCCESS (pred=dog) CTA=0.8604
[2026-09-15 10:18:38]   [t2127 v5/6] fail (pred=deer) CTA=0.8625
[2026-09-15 10:20:19]   [t2127 v6/6] SUCCESS (pred=dog) CTA=0.8564
[2026-09-15 10:20:19]   target 2127, 6 victims on this gpu: ASR=83.3% CTA=0.8575 +/- 0.0087
[2026-09-15 10:20:19] === target 7586 (6/10) ===
[2026-09-15 10:20:27]   target 7586: crafted 250 poisons in 9 s, obj=0.00205
[2026-09-15 10:20:27]   target 7586: realized linf = 0.03137 (8.00/255), budget = 8.00/255
[2026-09-15 10:22:11]   [t7586 v1/6] SUCCESS (pred=dog) CTA=0.8455
[2026-09-15 10:23:51]   [t7586 v2/6] SUCCESS (pred=dog) CTA=0.8621
[2026-09-15 10:25:32]   [t7586 v3/6] fail (pred=bird) CTA=0.8639
[2026-09-15 10:27:12]   [t7586 v4/6] SUCCESS (pred=dog) CTA=0.8632
[2026-09-15 10:28:52]   [t7586 v5/6] fail (pred=horse) CTA=0.8429
[2026-09-15 10:30:33]   [t7586 v6/6] fail (pred=bird) CTA=0.8476
[2026-09-15 10:30:33]   target 7586, 6 victims on this gpu: ASR=50.0% CTA=0.8542 +/- 0.0090
[2026-09-15 10:30:33] === target 7360 (7/10) ===
[2026-09-15 10:30:41]   target 7360: crafted 250 poisons in 9 s, obj=0.00217
[2026-09-15 10:30:41]   target 7360: realized linf = 0.03137 (8.00/255), budget = 8.00/255
[2026-09-15 10:32:25]   [t7360 v1/6] SUCCESS (pred=dog) CTA=0.8574
[2026-09-15 10:34:07]   [t7360 v2/6] fail (pred=bird) CTA=0.8558
[2026-09-15 10:35:49]   [t7360 v3/6] SUCCESS (pred=dog) CTA=0.8538
[2026-09-15 10:37:31]   [t7360 v4/6] fail (pred=bird) CTA=0.8619
[2026-09-15 10:39:13]   [t7360 v5/6] fail (pred=bird) CTA=0.8366
[2026-09-15 10:40:55]   [t7360 v6/6] fail (pred=bird) CTA=0.8404
[2026-09-15 10:40:55]   target 7360, 6 victims on this gpu: ASR=33.3% CTA=0.8510 +/- 0.0092
[2026-09-15 10:40:55] === target 2171 (8/10) ===
[2026-09-15 10:41:04]   target 2171: crafted 250 poisons in 9 s, obj=0.00218
[2026-09-15 10:41:04]   target 2171: realized linf = 0.03137 (8.00/255), budget = 8.00/255
[2026-09-15 10:42:47]   [t2171 v1/6] SUCCESS (pred=dog) CTA=0.8505
[2026-09-15 10:44:29]   [t2171 v2/6] fail (pred=bird) CTA=0.8624
[2026-09-15 10:46:11]   [t2171 v3/6] fail (pred=bird) CTA=0.8609
[2026-09-15 10:47:53]   [t2171 v4/6] SUCCESS (pred=dog) CTA=0.8588
[2026-09-15 10:49:36]   [t2171 v5/6] fail (pred=bird) CTA=0.8618
[2026-09-15 10:51:18]   [t2171 v6/6] fail (pred=bird) CTA=0.8644
[2026-09-15 10:51:18]   target 2171, 6 victims on this gpu: ASR=33.3% CTA=0.8598 +/- 0.0045
[2026-09-15 10:51:18] === target 4462 (9/10) ===
[2026-09-15 10:51:27]   target 4462: crafted 250 poisons in 9 s, obj=0.00285
[2026-09-15 10:51:27]   target 4462: realized linf = 0.03137 (8.00/255), budget = 8.00/255
[2026-09-15 10:53:10]   [t4462 v1/6] SUCCESS (pred=dog) CTA=0.8403
[2026-09-15 10:54:52]   [t4462 v2/6] SUCCESS (pred=dog) CTA=0.8499
[2026-09-15 10:56:34]   [t4462 v3/6] SUCCESS (pred=dog) CTA=0.8364
[2026-09-15 10:58:16]   [t4462 v4/6] SUCCESS (pred=dog) CTA=0.8543
[2026-09-15 10:59:58]   [t4462 v5/6] fail (pred=bird) CTA=0.8555
[2026-09-15 11:01:39]   [t4462 v6/6] SUCCESS (pred=dog) CTA=0.8470
[2026-09-15 11:01:39]   target 4462, 6 victims on this gpu: ASR=83.3% CTA=0.8472 +/- 0.0070
[2026-09-15 11:01:39] === target 2597 (10/10) ===
[2026-09-15 11:01:48]   target 2597: crafted 250 poisons in 9 s, obj=0.00218
[2026-09-15 11:01:48]   target 2597: realized linf = 0.03137 (8.00/255), budget = 8.00/255
[2026-09-15 11:03:31]   [t2597 v1/6] fail (pred=horse) CTA=0.8371
[2026-09-15 11:05:13]   [t2597 v2/6] fail (pred=cat) CTA=0.8631
[2026-09-15 11:06:55]   [t2597 v3/6] fail (pred=horse) CTA=0.8492
[2026-09-15 11:08:37]   [t2597 v4/6] fail (pred=bird) CTA=0.8477
[2026-09-15 11:10:19]   [t2597 v5/6] fail (pred=bird) CTA=0.8637
[2026-09-15 11:12:01]   [t2597 v6/6] fail (pred=bird) CTA=0.8559
[2026-09-15 11:12:01]   target 2597, 6 victims on this gpu: ASR=0.0% CTA=0.8528 +/- 0.0093
[2026-09-15 11:12:01] ==== CIFAR10_VGG13BN_fc_ours_dog-bird_b0.005_eps8_seed42_lam1_cosine_selarchResNet20BN_K3_ce5_tgt3 : ASR = 60.0% +/- 30.0% | CTA = 0.8537 (baseline 0.8476) ====
[2026-09-15 11:12:01]   target-prediction tally ['airplane', 'automobile', 'bird', 'cat', 'deer', 'dog', 'frog', 'horse', 'ship', 'truck']: [0, 0, 16, 3, 2, 36, 0, 3, 0, 0]
verified: 10 targets x 6 victims = 60 unique evaluations
sync: CIFAR10_VGG13BN_fc_ours_dog-bird_b0.005_eps8_seed42_lam1_cosine_selarchResNet20BN_K3_ce5_tgt3 -> /home/mmoslem3/scratch/PoisonBase/cross_arch_k_10x6_result
sync: complete
