gpu: NVIDIA L40S
cache: waiting for shared ConvNetBN checkpoint lock
cache: ConvNetBN checkpoints ready
cache: waiting for shared VGG13BN checkpoint lock
cache: VGG13BN checkpoints ready
run: waiting for duplicate-submission lock
targets: 10 unique pinned indices: 843 1257 8252 8730 8055 5859 8954 821 1547 4427
job: 932731 xb081_gm_b0002_vconv_svgg_k1 on rack04-10
config: attack=gradmatch budget=0.002 A=V=ConvNetBN S=VGG13BN K=1 base=ours jacobian=off craft_steps=250 targets=10 victims=6 replacement_for=927169
protocol: method=ours Jacobian=off targets=10 victims=6 selector_K=1
protocol: 30 shared surrogates available; crafting always uses V checkpoints 0..4
output: /home/mmoslem3/scratch/PoisonBase/cross_arch_k_10x6_result/CIFAR10_ConvNetBN_gradmatch_ours_dog-bird_b0.002_eps8_seed42_lam1_cosine_selarchVGG13BN_K1_ce5_tgt70
[2026-09-15 09:05:50] === run start: CIFAR10_ConvNetBN_gradmatch_ours_dog-bird_b0.002_eps8_seed42_lam1_cosine_selarchVGG13BN_K1_ce5_tgt70 on cuda [0] ===
[2026-09-15 09:05:50] args: {"FORCE": false, "attack": "gradmatch", "base": "ours", "base_dist": "cosine", "base_topr": null, "budget": 0.002, "cache_dir": "/tmp/PoisonBase_cross_arch_k_10x6/cache", "class_pair": "dog-bird", "clean_baseline": true, "craft_alpha": 0.0039216, "craft_aug": true, "craft_batch": 256, "craft_ensemble": 5, "craft_lowmem": false, "craft_schedule": false, "craft_steps": 250, "data_path": "/tmp/PoisonBase_cross_arch_k_10x6/data", "dataset": "CIFAR10", "distance_margin_coef": null, "dsa_strategy": "color_crop_cutout_flip_scale_rotate", "epsilon": 0.0313725, "fast_gradmatch": false, "fc_mode": "sample", "fc_restarts": 1, "gpus": "all", "jacobian_batch_size": 64, "jacobian_weight": 1.0, "lambda_margin": 1.0, "model": "ConvNetBN", "no_resume": false, "num_poisons": 500, "num_surrogates": 30, "num_targets": 10, "num_victims": 6, "out_dir": "/tmp/PoisonBase_cross_arch_k_10x6/cross_arch_k_10x6_result", "pair_order": "poison-target", "parallel_pretrain": true, "parallel_targets": true, "precompute_id": null, "precompute_only": false, "precompute_part": "both", "rank_on_victims": true, "recompute_deltas": false, "require_correct_target": false, "restarts": 8, "seed": 42, "sel_K": 1, "sel_alpha": 1.0, "sel_criterion": null, "sel_dpp": false, "sel_filter": false, "sel_mmr": false, "sel_mode": null, "sel_model": "VGG13BN", "sel_mu": 1.0, "sel_pca": false, "sel_pool": 3.0, "sharp_mode": "worst", "sharp_samples": 20, "sharp_sigma": 0.05, "steal_timeout": 7200.0, "surrogate_aug": false, "surrogate_bs": 128, "surrogate_decay": [35, 45], "surrogate_epochs": 60, "surrogate_lr": 0.1, "surrogate_wd": 0.0, "target_idx_file": "/tmp/PoisonBase_cross_arch_k_10x6/target_sets/ConvNetBN_gradmatch_dog-bird.json", "target_select": 70, "use_jacobian_score": false, "victim_aug": false, "victim_bs": 125, "victim_decay": [40], "victim_epochs": 50, "victim_lr": 0.1, "victim_wd": 0.0}
[2026-09-15 09:05:50] Jacobian score: disabled
[2026-09-15 09:05:50] N_total=50000 budget=0.002 -> N_p=100 poisons, y_adv=5(dog) target_class=2(bird)
[2026-09-15 09:05:50] === surrogates (30 x ConvNetBN, trained on the full real set) ===
[2026-09-15 09:05:50]   crafting on 5/30 surrogates
[2026-09-15 09:05:50] === selection surrogates (30 x VGG13BN, cross-architecture) ===
[2026-09-15 09:05:52] === clean victims (6 x ConvNetBN) ===
[2026-09-15 09:05:53]   clean baseline CTA = 0.8127 +/- 0.0074
[2026-09-15 09:05:53]   target pool 1000 -> eligible 963 (37 already predicted as y_adv or dropped)
[2026-09-15 09:05:53]   chosen 10 targets (file), p_adv range 0.0000..0.0000
[2026-09-15 09:05:53]   targets: [843, 1257, 8252, 8730, 8055, 5859, 8954, 821, 1547, 4427]
[2026-09-15 09:05:53] === target 843 (1/10) ===
[2026-09-15 09:07:11]   target 843: crafted 100 poisons in 78 s, obj=0.34982
[2026-09-15 09:07:11]   target 843: realized linf = 0.03137 (8.00/255), budget = 8.00/255
[2026-09-15 09:08:03]   [t843 v1/6] fail (pred=bird) CTA=0.8048
[2026-09-15 09:08:55]   [t843 v2/6] fail (pred=bird) CTA=0.8017
[2026-09-15 09:09:46]   [t843 v3/6] fail (pred=bird) CTA=0.8093
[2026-09-15 09:10:38]   [t843 v4/6] fail (pred=bird) CTA=0.8018
[2026-09-15 09:11:30]   [t843 v5/6] fail (pred=bird) CTA=0.8020
[2026-09-15 09:12:22]   [t843 v6/6] fail (pred=bird) CTA=0.7896
[2026-09-15 09:12:22]   target 843, 6 victims on this gpu: ASR=0.0% CTA=0.8015 +/- 0.0060
[2026-09-15 09:12:22] === target 1257 (2/10) ===
[2026-09-15 09:13:39]   target 1257: crafted 100 poisons in 78 s, obj=0.29857
[2026-09-15 09:13:39]   target 1257: realized linf = 0.03137 (8.00/255), budget = 8.00/255
[2026-09-15 09:14:31]   [t1257 v1/6] fail (pred=bird) CTA=0.7986
[2026-09-15 09:15:23]   [t1257 v2/6] fail (pred=bird) CTA=0.8054
[2026-09-15 09:16:15]   [t1257 v3/6] fail (pred=bird) CTA=0.8101
[2026-09-15 09:17:06]   [t1257 v4/6] fail (pred=bird) CTA=0.8016
[2026-09-15 09:17:58]   [t1257 v5/6] fail (pred=bird) CTA=0.7985
[2026-09-15 09:18:50]   [t1257 v6/6] fail (pred=bird) CTA=0.7945
[2026-09-15 09:18:50]   target 1257, 6 victims on this gpu: ASR=0.0% CTA=0.8015 +/- 0.0051
[2026-09-15 09:18:50] === target 8252 (3/10) ===
[2026-09-15 09:20:08]   target 8252: crafted 100 poisons in 78 s, obj=0.27491
[2026-09-15 09:20:08]   target 8252: realized linf = 0.03137 (8.00/255), budget = 8.00/255
[2026-09-15 09:21:00]   [t8252 v1/6] fail (pred=bird) CTA=0.8047
[2026-09-15 09:21:51]   [t8252 v2/6] fail (pred=bird) CTA=0.8199
[2026-09-15 09:22:43]   [t8252 v3/6] fail (pred=cat) CTA=0.7993
[2026-09-15 09:23:35]   [t8252 v4/6] fail (pred=cat) CTA=0.7983
[2026-09-15 09:24:27]   [t8252 v5/6] fail (pred=bird) CTA=0.7955
[2026-09-15 09:25:18]   [t8252 v6/6] fail (pred=cat) CTA=0.8058
[2026-09-15 09:25:18]   target 8252, 6 victims on this gpu: ASR=0.0% CTA=0.8039 +/- 0.0080
[2026-09-15 09:25:18] === target 8730 (4/10) ===
[2026-09-15 09:26:36]   target 8730: crafted 100 poisons in 78 s, obj=0.27800
[2026-09-15 09:26:36]   target 8730: realized linf = 0.03137 (8.00/255), budget = 8.00/255
[2026-09-15 09:27:28]   [t8730 v1/6] fail (pred=bird) CTA=0.8093
[2026-09-15 09:28:20]   [t8730 v2/6] fail (pred=bird) CTA=0.8126
[2026-09-15 09:29:11]   [t8730 v3/6] fail (pred=bird) CTA=0.8100
[2026-09-15 09:30:03]   [t8730 v4/6] fail (pred=bird) CTA=0.8031
[2026-09-15 09:30:55]   [t8730 v5/6] fail (pred=bird) CTA=0.7980
[2026-09-15 09:31:47]   [t8730 v6/6] fail (pred=bird) CTA=0.8120
[2026-09-15 09:31:47]   target 8730, 6 victims on this gpu: ASR=0.0% CTA=0.8075 +/- 0.0052
[2026-09-15 09:31:47] === target 8055 (5/10) ===
[2026-09-15 09:33:05]   target 8055: crafted 100 poisons in 78 s, obj=0.37714
[2026-09-15 09:33:05]   target 8055: realized linf = 0.03137 (8.00/255), budget = 8.00/255
[2026-09-15 09:33:56]   [t8055 v1/6] fail (pred=bird) CTA=0.8062
[2026-09-15 09:34:48]   [t8055 v2/6] fail (pred=bird) CTA=0.8006
[2026-09-15 09:35:40]   [t8055 v3/6] fail (pred=bird) CTA=0.8110
[2026-09-15 09:36:32]   [t8055 v4/6] fail (pred=frog) CTA=0.7965
[2026-09-15 09:37:24]   [t8055 v5/6] fail (pred=bird) CTA=0.8149
[2026-09-15 09:38:15]   [t8055 v6/6] fail (pred=bird) CTA=0.7964
[2026-09-15 09:38:15]   target 8055, 6 victims on this gpu: ASR=0.0% CTA=0.8043 +/- 0.0070
[2026-09-15 09:38:15] === target 5859 (6/10) ===
[2026-09-15 09:39:33]   target 5859: crafted 100 poisons in 78 s, obj=0.29152
[2026-09-15 09:39:33]   target 5859: realized linf = 0.03137 (8.00/255), budget = 8.00/255
[2026-09-15 09:40:25]   [t5859 v1/6] SUCCESS (pred=dog) CTA=0.7968
[2026-09-15 09:41:17]   [t5859 v2/6] fail (pred=bird) CTA=0.8056
[2026-09-15 09:42:09]   [t5859 v3/6] fail (pred=frog) CTA=0.8109
[2026-09-15 09:43:00]   [t5859 v4/6] fail (pred=bird) CTA=0.8051
[2026-09-15 09:43:52]   [t5859 v5/6] fail (pred=bird) CTA=0.8035
[2026-09-15 09:44:44]   [t5859 v6/6] fail (pred=bird) CTA=0.7965
[2026-09-15 09:44:44]   target 5859, 6 victims on this gpu: ASR=16.7% CTA=0.8031 +/- 0.0051
[2026-09-15 09:44:44] === target 8954 (7/10) ===
[2026-09-15 09:46:02]   target 8954: crafted 100 poisons in 78 s, obj=0.34463
[2026-09-15 09:46:02]   target 8954: realized linf = 0.03137 (8.00/255), budget = 8.00/255
[2026-09-15 09:46:53]   [t8954 v1/6] fail (pred=bird) CTA=0.7992
[2026-09-15 09:47:45]   [t8954 v2/6] fail (pred=bird) CTA=0.8079
[2026-09-15 09:48:37]   [t8954 v3/6] fail (pred=deer) CTA=0.8064
[2026-09-15 09:49:29]   [t8954 v4/6] fail (pred=deer) CTA=0.7928
[2026-09-15 09:50:21]   [t8954 v5/6] fail (pred=bird) CTA=0.8110
[2026-09-15 09:51:12]   [t8954 v6/6] fail (pred=bird) CTA=0.7972
[2026-09-15 09:51:12]   target 8954, 6 victims on this gpu: ASR=0.0% CTA=0.8024 +/- 0.0065
[2026-09-15 09:51:12] === target 821 (8/10) ===
[2026-09-15 09:52:30]   target 821: crafted 100 poisons in 78 s, obj=0.31558
[2026-09-15 09:52:30]   target 821: realized linf = 0.03137 (8.00/255), budget = 8.00/255
[2026-09-15 09:53:22]   [t821 v1/6] fail (pred=bird) CTA=0.8054
[2026-09-15 09:54:14]   [t821 v2/6] fail (pred=bird) CTA=0.8080
[2026-09-15 09:55:06]   [t821 v3/6] fail (pred=horse) CTA=0.7964
[2026-09-15 09:55:57]   [t821 v4/6] fail (pred=bird) CTA=0.8018
[2026-09-15 09:56:49]   [t821 v5/6] fail (pred=bird) CTA=0.8060
[2026-09-15 09:57:41]   [t821 v6/6] fail (pred=bird) CTA=0.8111
[2026-09-15 09:57:41]   target 821, 6 victims on this gpu: ASR=0.0% CTA=0.8048 +/- 0.0047
[2026-09-15 09:57:41] === target 1547 (9/10) ===
[2026-09-15 09:58:59]   target 1547: crafted 100 poisons in 78 s, obj=0.43524
[2026-09-15 09:58:59]   target 1547: realized linf = 0.03137 (8.00/255), budget = 8.00/255
[2026-09-15 09:59:51]   [t1547 v1/6] fail (pred=bird) CTA=0.8075
[2026-09-15 10:00:42]   [t1547 v2/6] fail (pred=bird) CTA=0.8127
[2026-09-15 10:01:34]   [t1547 v3/6] fail (pred=airplane) CTA=0.7692
[2026-09-15 10:02:26]   [t1547 v4/6] fail (pred=airplane) CTA=0.8097
[2026-09-15 10:03:18]   [t1547 v5/6] fail (pred=bird) CTA=0.7940
[2026-09-15 10:04:09]   [t1547 v6/6] fail (pred=airplane) CTA=0.7991
[2026-09-15 10:04:09]   target 1547, 6 victims on this gpu: ASR=0.0% CTA=0.7987 +/- 0.0146
[2026-09-15 10:04:09] === target 4427 (10/10) ===
[2026-09-15 10:05:27]   target 4427: crafted 100 poisons in 78 s, obj=0.44760
[2026-09-15 10:05:27]   target 4427: realized linf = 0.03137 (8.00/255), budget = 8.00/255
[2026-09-15 10:06:19]   [t4427 v1/6] fail (pred=bird) CTA=0.8109
[2026-09-15 10:07:11]   [t4427 v2/6] fail (pred=deer) CTA=0.8038
[2026-09-15 10:08:03]   [t4427 v3/6] fail (pred=bird) CTA=0.8077
[2026-09-15 10:08:54]   [t4427 v4/6] fail (pred=bird) CTA=0.8035
[2026-09-15 10:09:46]   [t4427 v5/6] fail (pred=bird) CTA=0.8105
[2026-09-15 10:10:38]   [t4427 v6/6] fail (pred=bird) CTA=0.8040
[2026-09-15 10:10:38]   target 4427, 6 victims on this gpu: ASR=0.0% CTA=0.8067 +/- 0.0031
[2026-09-15 10:10:38] ==== CIFAR10_ConvNetBN_gradmatch_ours_dog-bird_b0.002_eps8_seed42_lam1_cosine_selarchVGG13BN_K1_ce5_tgt70 : ASR = 1.7% +/- 5.0% | CTA = 0.8034 (baseline 0.8127) ====
[2026-09-15 10:10:38]   target-prediction tally ['airplane', 'automobile', 'bird', 'cat', 'deer', 'dog', 'frog', 'horse', 'ship', 'truck']: [3, 0, 47, 3, 3, 1, 2, 1, 0, 0]
verified: 10 targets x 6 victims = 60 unique evaluations
sync: CIFAR10_ConvNetBN_gradmatch_ours_dog-bird_b0.002_eps8_seed42_lam1_cosine_selarchVGG13BN_K1_ce5_tgt70 -> /home/mmoslem3/scratch/PoisonBase/cross_arch_k_10x6_result
sync: complete
