gpu: NVIDIA L40S
cache: waiting for shared ResNet20BN checkpoint lock
cache: ResNet20BN checkpoints ready
cache: waiting for shared VGG13BN checkpoint lock
cache: VGG13BN checkpoints ready
run: waiting for duplicate-submission lock
targets: 10 unique pinned indices: 5118 8740 5324 4630 833 2065 7056 9059 6707 9874
job: 932736 xb096_gm_b0002_vr20_svgg_k30 on rack02-08
config: attack=gradmatch budget=0.002 A=V=ResNet20BN S=VGG13BN K=30 base=ours jacobian=off craft_steps=250 targets=10 victims=6 replacement_for=927184
protocol: method=ours Jacobian=off targets=10 victims=6 selector_K=30
protocol: 30 shared surrogates available; crafting always uses V checkpoints 0..4
output: /home/mmoslem3/scratch/PoisonBase/cross_arch_k_10x6_result/CIFAR10_ResNet20BN_gradmatch_ours_dog-bird_b0.002_eps8_seed42_lam1_cosine_selarchVGG13BN_K30_ce5_tgt14
[2026-09-15 10:09:07] === run start: CIFAR10_ResNet20BN_gradmatch_ours_dog-bird_b0.002_eps8_seed42_lam1_cosine_selarchVGG13BN_K30_ce5_tgt14 on cuda [0] ===
[2026-09-15 10:09:07] args: {"FORCE": false, "attack": "gradmatch", "base": "ours", "base_dist": "cosine", "base_topr": null, "budget": 0.002, "cache_dir": "/tmp/PoisonBase_cross_arch_k_10x6/cache", "class_pair": "dog-bird", "clean_baseline": true, "craft_alpha": 0.0039216, "craft_aug": true, "craft_batch": 256, "craft_ensemble": 5, "craft_lowmem": false, "craft_schedule": false, "craft_steps": 250, "data_path": "/tmp/PoisonBase_cross_arch_k_10x6/data", "dataset": "CIFAR10", "distance_margin_coef": null, "dsa_strategy": "color_crop_cutout_flip_scale_rotate", "epsilon": 0.0313725, "fast_gradmatch": false, "fc_mode": "sample", "fc_restarts": 1, "gpus": "all", "jacobian_batch_size": 64, "jacobian_weight": 1.0, "lambda_margin": 1.0, "model": "ResNet20BN", "no_resume": false, "num_poisons": 500, "num_surrogates": 30, "num_targets": 10, "num_victims": 6, "out_dir": "/tmp/PoisonBase_cross_arch_k_10x6/cross_arch_k_10x6_result", "pair_order": "poison-target", "parallel_pretrain": true, "parallel_targets": true, "precompute_id": null, "precompute_only": false, "precompute_part": "both", "rank_on_victims": true, "recompute_deltas": false, "require_correct_target": false, "restarts": 8, "seed": 42, "sel_K": 30, "sel_alpha": 1.0, "sel_criterion": null, "sel_dpp": false, "sel_filter": false, "sel_mmr": false, "sel_mode": null, "sel_model": "VGG13BN", "sel_mu": 1.0, "sel_pca": false, "sel_pool": 3.0, "sharp_mode": "worst", "sharp_samples": 20, "sharp_sigma": 0.05, "steal_timeout": 7200.0, "surrogate_aug": false, "surrogate_bs": 128, "surrogate_decay": [35, 45], "surrogate_epochs": 60, "surrogate_lr": 0.1, "surrogate_wd": 0.0, "target_idx_file": "/tmp/PoisonBase_cross_arch_k_10x6/target_sets/ResNet20BN_gradmatch_dog-bird.json", "target_select": 14, "use_jacobian_score": false, "victim_aug": false, "victim_bs": 125, "victim_decay": [40], "victim_epochs": 50, "victim_lr": 0.1, "victim_wd": 0.0}
[2026-09-15 10:09:07] Jacobian score: disabled
[2026-09-15 10:09:07] N_total=50000 budget=0.002 -> N_p=100 poisons, y_adv=5(dog) target_class=2(bird)
[2026-09-15 10:09:07] === surrogates (30 x ResNet20BN, trained on the full real set) ===
[2026-09-15 10:09:08]   crafting on 5/30 surrogates
[2026-09-15 10:09:08] === selection surrogates (30 x VGG13BN, cross-architecture) ===
[2026-09-15 10:09:09] === clean victims (6 x ResNet20BN) ===
[2026-09-15 10:09:10]   clean baseline CTA = 0.8354 +/- 0.0043
[2026-09-15 10:09:10]   target pool 1000 -> eligible 978 (22 already predicted as y_adv or dropped)
[2026-09-15 10:09:10]   chosen 10 targets (file), p_adv range 0.0001..0.3539
[2026-09-15 10:09:10]   targets: [5118, 8740, 5324, 4630, 833, 2065, 7056, 9059, 6707, 9874]
[2026-09-15 10:09:10] === target 5118 (1/10) ===
[2026-09-15 10:13:09]   target 5118: crafted 100 poisons in 235 s, obj=0.20903
[2026-09-15 10:13:09]   target 5118: realized linf = 0.03137 (8.00/255), budget = 8.00/255
[2026-09-15 10:14:46]   [t5118 v1/6] SUCCESS (pred=dog) CTA=0.8368
[2026-09-15 10:16:23]   [t5118 v2/6] SUCCESS (pred=dog) CTA=0.8387
[2026-09-15 10:17:59]   [t5118 v3/6] SUCCESS (pred=dog) CTA=0.8305
[2026-09-15 10:19:36]   [t5118 v4/6] SUCCESS (pred=dog) CTA=0.8375
[2026-09-15 10:21:12]   [t5118 v5/6] SUCCESS (pred=dog) CTA=0.8434
[2026-09-15 10:22:49]   [t5118 v6/6] SUCCESS (pred=dog) CTA=0.8462
[2026-09-15 10:22:49]   target 5118, 6 victims on this gpu: ASR=100.0% CTA=0.8388 +/- 0.0050
[2026-09-15 10:22:49] === target 8740 (2/10) ===
[2026-09-15 10:26:47]   target 8740: crafted 100 poisons in 234 s, obj=0.19123
[2026-09-15 10:26:47]   target 8740: realized linf = 0.03137 (8.00/255), budget = 8.00/255
[2026-09-15 10:28:24]   [t8740 v1/6] fail (pred=bird) CTA=0.8372
[2026-09-15 10:30:01]   [t8740 v2/6] fail (pred=cat) CTA=0.8387
[2026-09-15 10:31:37]   [t8740 v3/6] fail (pred=cat) CTA=0.8385
[2026-09-15 10:33:14]   [t8740 v4/6] SUCCESS (pred=dog) CTA=0.8388
[2026-09-15 10:34:50]   [t8740 v5/6] SUCCESS (pred=dog) CTA=0.8468
[2026-09-15 10:36:27]   [t8740 v6/6] SUCCESS (pred=dog) CTA=0.8407
[2026-09-15 10:36:27]   target 8740, 6 victims on this gpu: ASR=50.0% CTA=0.8401 +/- 0.0032
[2026-09-15 10:36:27] === target 5324 (3/10) ===
[2026-09-15 10:40:25]   target 5324: crafted 100 poisons in 234 s, obj=0.22895
[2026-09-15 10:40:25]   target 5324: realized linf = 0.03137 (8.00/255), budget = 8.00/255
[2026-09-15 10:42:02]   [t5324 v1/6] fail (pred=cat) CTA=0.8390
[2026-09-15 10:43:38]   [t5324 v2/6] fail (pred=ship) CTA=0.8315
[2026-09-15 10:45:15]   [t5324 v3/6] fail (pred=ship) CTA=0.8354
[2026-09-15 10:46:51]   [t5324 v4/6] fail (pred=deer) CTA=0.8305
[2026-09-15 10:48:28]   [t5324 v5/6] fail (pred=truck) CTA=0.8427
[2026-09-15 10:50:04]   [t5324 v6/6] fail (pred=horse) CTA=0.8364
[2026-09-15 10:50:04]   target 5324, 6 victims on this gpu: ASR=0.0% CTA=0.8359 +/- 0.0042
[2026-09-15 10:50:04] === target 4630 (4/10) ===
[2026-09-15 10:54:03]   target 4630: crafted 100 poisons in 234 s, obj=0.18839
[2026-09-15 10:54:03]   target 4630: realized linf = 0.03137 (8.00/255), budget = 8.00/255
[2026-09-15 10:55:40]   [t4630 v1/6] fail (pred=bird) CTA=0.8356
[2026-09-15 10:57:16]   [t4630 v2/6] SUCCESS (pred=dog) CTA=0.8411
[2026-09-15 10:58:53]   [t4630 v3/6] fail (pred=bird) CTA=0.8358
[2026-09-15 11:00:29]   [t4630 v4/6] fail (pred=cat) CTA=0.8335
[2026-09-15 11:02:06]   [t4630 v5/6] fail (pred=bird) CTA=0.8326
[2026-09-15 11:03:42]   [t4630 v6/6] fail (pred=bird) CTA=0.8352
[2026-09-15 11:03:42]   target 4630, 6 victims on this gpu: ASR=16.7% CTA=0.8356 +/- 0.0027
[2026-09-15 11:03:42] === target 833 (5/10) ===
[2026-09-15 11:07:41]   target 833: crafted 100 poisons in 234 s, obj=0.19696
[2026-09-15 11:07:41]   target 833: realized linf = 0.03137 (8.00/255), budget = 8.00/255
[2026-09-15 11:09:17]   [t833 v1/6] fail (pred=bird) CTA=0.8365
[2026-09-15 11:10:54]   [t833 v2/6] fail (pred=bird) CTA=0.8359
[2026-09-15 11:12:30]   [t833 v3/6] SUCCESS (pred=dog) CTA=0.8339
[2026-09-15 11:14:07]   [t833 v4/6] fail (pred=bird) CTA=0.8401
[2026-09-15 11:15:44]   [t833 v5/6] fail (pred=bird) CTA=0.8342
[2026-09-15 11:17:20]   [t833 v6/6] SUCCESS (pred=dog) CTA=0.8374
[2026-09-15 11:17:20]   target 833, 6 victims on this gpu: ASR=33.3% CTA=0.8363 +/- 0.0021
[2026-09-15 11:17:20] === target 2065 (6/10) ===
[2026-09-15 11:21:19]   target 2065: crafted 100 poisons in 234 s, obj=0.19684
[2026-09-15 11:21:19]   target 2065: realized linf = 0.03137 (8.00/255), budget = 8.00/255
[2026-09-15 11:22:55]   [t2065 v1/6] fail (pred=bird) CTA=0.8348
[2026-09-15 11:24:32]   [t2065 v2/6] fail (pred=bird) CTA=0.8366
[2026-09-15 11:26:08]   [t2065 v3/6] fail (pred=deer) CTA=0.8375
[2026-09-15 11:27:45]   [t2065 v4/6] fail (pred=deer) CTA=0.8414
[2026-09-15 11:29:21]   [t2065 v5/6] SUCCESS (pred=dog) CTA=0.8421
[2026-09-15 11:30:58]   [t2065 v6/6] fail (pred=deer) CTA=0.8367
[2026-09-15 11:30:58]   target 2065, 6 victims on this gpu: ASR=16.7% CTA=0.8382 +/- 0.0027
[2026-09-15 11:30:58] === target 7056 (7/10) ===
[2026-09-15 11:34:56]   target 7056: crafted 100 poisons in 234 s, obj=0.23628
[2026-09-15 11:34:56]   target 7056: realized linf = 0.03137 (8.00/255), budget = 8.00/255
[2026-09-15 11:36:33]   [t7056 v1/6] fail (pred=cat) CTA=0.8355
[2026-09-15 11:38:10]   [t7056 v2/6] fail (pred=cat) CTA=0.8302
[2026-09-15 11:39:46]   [t7056 v3/6] fail (pred=bird) CTA=0.8439
[2026-09-15 11:41:23]   [t7056 v4/6] fail (pred=bird) CTA=0.8331
[2026-09-15 11:42:59]   [t7056 v5/6] fail (pred=bird) CTA=0.8408
[2026-09-15 11:44:36]   [t7056 v6/6] fail (pred=bird) CTA=0.8345
[2026-09-15 11:44:36]   target 7056, 6 victims on this gpu: ASR=0.0% CTA=0.8363 +/- 0.0046
[2026-09-15 11:44:36] === target 9059 (8/10) ===
[2026-09-15 11:48:34]   target 9059: crafted 100 poisons in 234 s, obj=0.22645
[2026-09-15 11:48:34]   target 9059: realized linf = 0.03137 (8.00/255), budget = 8.00/255
[2026-09-15 11:50:11]   [t9059 v1/6] fail (pred=bird) CTA=0.8376
[2026-09-15 11:51:47]   [t9059 v2/6] fail (pred=frog) CTA=0.8395
[2026-09-15 11:53:24]   [t9059 v3/6] fail (pred=bird) CTA=0.8441
[2026-09-15 11:55:00]   [t9059 v4/6] SUCCESS (pred=dog) CTA=0.8380
[2026-09-15 11:56:37]   [t9059 v5/6] SUCCESS (pred=dog) CTA=0.8336
[2026-09-15 11:58:13]   [t9059 v6/6] fail (pred=cat) CTA=0.8444
[2026-09-15 11:58:13]   target 9059, 6 victims on this gpu: ASR=33.3% CTA=0.8395 +/- 0.0038
[2026-09-15 11:58:13] === target 6707 (9/10) ===
[2026-09-15 12:02:12]   target 6707: crafted 100 poisons in 234 s, obj=0.21271
[2026-09-15 12:02:12]   target 6707: realized linf = 0.03137 (8.00/255), budget = 8.00/255
[2026-09-15 12:03:49]   [t6707 v1/6] SUCCESS (pred=dog) CTA=0.8406
[2026-09-15 12:05:25]   [t6707 v2/6] SUCCESS (pred=dog) CTA=0.8442
[2026-09-15 12:07:02]   [t6707 v3/6] SUCCESS (pred=dog) CTA=0.8376
[2026-09-15 12:08:38]   [t6707 v4/6] SUCCESS (pred=dog) CTA=0.8367
[2026-09-15 12:10:15]   [t6707 v5/6] SUCCESS (pred=dog) CTA=0.8395
