gpu: NVIDIA L40S
cache: waiting for shared ResNet20BN checkpoint lock
cache: ResNet20BN checkpoints ready
run: waiting for duplicate-submission lock
targets: 10 unique pinned indices: 5118 8740 5324 4630 833 2065 7056 9059 6707 9874
job: 932734 xb090_gm_b0002_vr20_sr20_k3 on rack08-05
config: attack=gradmatch budget=0.002 A=V=ResNet20BN S=ResNet20BN K=3 base=ours jacobian=off craft_steps=250 targets=10 victims=6 replacement_for=927178
protocol: method=ours Jacobian=off targets=10 victims=6 selector_K=3
protocol: 30 shared surrogates available; crafting always uses V checkpoints 0..4
output: /home/mmoslem3/scratch/PoisonBase/cross_arch_k_10x6_result/CIFAR10_ResNet20BN_gradmatch_ours_dog-bird_b0.002_eps8_seed42_lam1_cosine_K3_ce5_tgt14
[2026-09-15 09:43:32] === run start: CIFAR10_ResNet20BN_gradmatch_ours_dog-bird_b0.002_eps8_seed42_lam1_cosine_K3_ce5_tgt14 on cuda [0] ===
[2026-09-15 09:43:32] args: {"FORCE": false, "attack": "gradmatch", "base": "ours", "base_dist": "cosine", "base_topr": null, "budget": 0.002, "cache_dir": "/tmp/PoisonBase_cross_arch_k_10x6/cache", "class_pair": "dog-bird", "clean_baseline": true, "craft_alpha": 0.0039216, "craft_aug": true, "craft_batch": 256, "craft_ensemble": 5, "craft_lowmem": false, "craft_schedule": false, "craft_steps": 250, "data_path": "/tmp/PoisonBase_cross_arch_k_10x6/data", "dataset": "CIFAR10", "distance_margin_coef": null, "dsa_strategy": "color_crop_cutout_flip_scale_rotate", "epsilon": 0.0313725, "fast_gradmatch": false, "fc_mode": "sample", "fc_restarts": 1, "gpus": "all", "jacobian_batch_size": 64, "jacobian_weight": 1.0, "lambda_margin": 1.0, "model": "ResNet20BN", "no_resume": false, "num_poisons": 500, "num_surrogates": 30, "num_targets": 10, "num_victims": 6, "out_dir": "/tmp/PoisonBase_cross_arch_k_10x6/cross_arch_k_10x6_result", "pair_order": "poison-target", "parallel_pretrain": true, "parallel_targets": true, "precompute_id": null, "precompute_only": false, "precompute_part": "both", "rank_on_victims": true, "recompute_deltas": false, "require_correct_target": false, "restarts": 8, "seed": 42, "sel_K": 3, "sel_alpha": 1.0, "sel_criterion": null, "sel_dpp": false, "sel_filter": false, "sel_mmr": false, "sel_mode": null, "sel_model": "ResNet20BN", "sel_mu": 1.0, "sel_pca": false, "sel_pool": 3.0, "sharp_mode": "worst", "sharp_samples": 20, "sharp_sigma": 0.05, "steal_timeout": 7200.0, "surrogate_aug": false, "surrogate_bs": 128, "surrogate_decay": [35, 45], "surrogate_epochs": 60, "surrogate_lr": 0.1, "surrogate_wd": 0.0, "target_idx_file": "/tmp/PoisonBase_cross_arch_k_10x6/target_sets/ResNet20BN_gradmatch_dog-bird.json", "target_select": 14, "use_jacobian_score": false, "victim_aug": false, "victim_bs": 125, "victim_decay": [40], "victim_epochs": 50, "victim_lr": 0.1, "victim_wd": 0.0}
[2026-09-15 09:43:32] Jacobian score: disabled
[2026-09-15 09:43:32] N_total=50000 budget=0.002 -> N_p=100 poisons, y_adv=5(dog) target_class=2(bird)
[2026-09-15 09:43:32] === surrogates (30 x ResNet20BN, trained on the full real set) ===
[2026-09-15 09:43:33]   crafting on 5/30 surrogates
[2026-09-15 09:43:33] === clean victims (6 x ResNet20BN) ===
[2026-09-15 09:43:34]   clean baseline CTA = 0.8354 +/- 0.0043
[2026-09-15 09:43:34]   target pool 1000 -> eligible 978 (22 already predicted as y_adv or dropped)
[2026-09-15 09:43:34]   chosen 10 targets (file), p_adv range 0.0001..0.3539
[2026-09-15 09:43:34]   targets: [5118, 8740, 5324, 4630, 833, 2065, 7056, 9059, 6707, 9874]
[2026-09-15 09:43:34] === target 5118 (1/10) ===
[2026-09-15 09:47:29]   target 5118: crafted 100 poisons in 234 s, obj=0.20872
[2026-09-15 09:47:29]   target 5118: realized linf = 0.03137 (8.00/255), budget = 8.00/255
[2026-09-15 09:49:04]   [t5118 v1/6] SUCCESS (pred=dog) CTA=0.8314
[2026-09-15 09:50:39]   [t5118 v2/6] SUCCESS (pred=dog) CTA=0.8340
[2026-09-15 09:52:15]   [t5118 v3/6] SUCCESS (pred=dog) CTA=0.8362
[2026-09-15 09:53:50]   [t5118 v4/6] SUCCESS (pred=dog) CTA=0.8386
[2026-09-15 09:55:26]   [t5118 v5/6] SUCCESS (pred=dog) CTA=0.8339
[2026-09-15 09:57:01]   [t5118 v6/6] SUCCESS (pred=dog) CTA=0.8346
[2026-09-15 09:57:01]   target 5118, 6 victims on this gpu: ASR=100.0% CTA=0.8348 +/- 0.0022
[2026-09-15 09:57:01] === target 8740 (2/10) ===
[2026-09-15 10:00:55]   target 8740: crafted 100 poisons in 234 s, obj=0.19272
[2026-09-15 10:00:55]   target 8740: realized linf = 0.03137 (8.00/255), budget = 8.00/255
[2026-09-15 10:02:30]   [t8740 v1/6] fail (pred=bird) CTA=0.8396
[2026-09-15 10:04:06]   [t8740 v2/6] SUCCESS (pred=dog) CTA=0.8326
[2026-09-15 10:05:41]   [t8740 v3/6] SUCCESS (pred=dog) CTA=0.8277
[2026-09-15 10:07:16]   [t8740 v4/6] fail (pred=cat) CTA=0.8373
[2026-09-15 10:08:52]   [t8740 v5/6] fail (pred=cat) CTA=0.8427
[2026-09-15 10:10:27]   [t8740 v6/6] SUCCESS (pred=dog) CTA=0.8341
[2026-09-15 10:10:27]   target 8740, 6 victims on this gpu: ASR=50.0% CTA=0.8357 +/- 0.0049
[2026-09-15 10:10:27] === target 5324 (3/10) ===
[2026-09-15 10:14:21]   target 5324: crafted 100 poisons in 234 s, obj=0.22593
[2026-09-15 10:14:21]   target 5324: realized linf = 0.03137 (8.00/255), budget = 8.00/255
[2026-09-15 10:15:57]   [t5324 v1/6] fail (pred=ship) CTA=0.8350
[2026-09-15 10:17:32]   [t5324 v2/6] SUCCESS (pred=dog) CTA=0.8313
[2026-09-15 10:19:07]   [t5324 v3/6] SUCCESS (pred=dog) CTA=0.8406
[2026-09-15 10:20:43]   [t5324 v4/6] fail (pred=ship) CTA=0.8262
[2026-09-15 10:22:18]   [t5324 v5/6] fail (pred=ship) CTA=0.8399
[2026-09-15 10:23:53]   [t5324 v6/6] fail (pred=truck) CTA=0.8392
[2026-09-15 10:23:53]   target 5324, 6 victims on this gpu: ASR=33.3% CTA=0.8354 +/- 0.0052
[2026-09-15 10:23:53] === target 4630 (4/10) ===
[2026-09-15 10:27:47]   target 4630: crafted 100 poisons in 234 s, obj=0.19002
[2026-09-15 10:27:47]   target 4630: realized linf = 0.03137 (8.00/255), budget = 8.00/255
[2026-09-15 10:29:23]   [t4630 v1/6] SUCCESS (pred=dog) CTA=0.8350
[2026-09-15 10:30:58]   [t4630 v2/6] fail (pred=cat) CTA=0.8426
[2026-09-15 10:32:33]   [t4630 v3/6] SUCCESS (pred=dog) CTA=0.8318
[2026-09-15 10:34:08]   [t4630 v4/6] fail (pred=bird) CTA=0.8349
[2026-09-15 10:35:44]   [t4630 v5/6] SUCCESS (pred=dog) CTA=0.8397
[2026-09-15 10:37:19]   [t4630 v6/6] SUCCESS (pred=dog) CTA=0.8397
[2026-09-15 10:37:19]   target 4630, 6 victims on this gpu: ASR=66.7% CTA=0.8373 +/- 0.0037
[2026-09-15 10:37:19] === target 833 (5/10) ===
[2026-09-15 10:41:13]   target 833: crafted 100 poisons in 234 s, obj=0.19670
[2026-09-15 10:41:13]   target 833: realized linf = 0.03137 (8.00/255), budget = 8.00/255
[2026-09-15 10:42:49]   [t833 v1/6] SUCCESS (pred=dog) CTA=0.8395
[2026-09-15 10:44:24]   [t833 v2/6] fail (pred=bird) CTA=0.8432
[2026-09-15 10:45:59]   [t833 v3/6] fail (pred=bird) CTA=0.8422
[2026-09-15 10:47:35]   [t833 v4/6] SUCCESS (pred=dog) CTA=0.8311
[2026-09-15 10:49:10]   [t833 v5/6] SUCCESS (pred=dog) CTA=0.8402
[2026-09-15 10:50:46]   [t833 v6/6] SUCCESS (pred=dog) CTA=0.8351
[2026-09-15 10:50:46]   target 833, 6 victims on this gpu: ASR=66.7% CTA=0.8386 +/- 0.0042
[2026-09-15 10:50:46] === target 2065 (6/10) ===
[2026-09-15 10:54:39]   target 2065: crafted 100 poisons in 233 s, obj=0.20127
[2026-09-15 10:54:39]   target 2065: realized linf = 0.03137 (8.00/255), budget = 8.00/255
[2026-09-15 10:56:15]   [t2065 v1/6] SUCCESS (pred=dog) CTA=0.8384
[2026-09-15 10:57:50]   [t2065 v2/6] SUCCESS (pred=dog) CTA=0.8408
[2026-09-15 10:59:26]   [t2065 v3/6] SUCCESS (pred=dog) CTA=0.8336
[2026-09-15 11:01:01]   [t2065 v4/6] SUCCESS (pred=dog) CTA=0.8273
[2026-09-15 11:02:36]   [t2065 v5/6] SUCCESS (pred=dog) CTA=0.8406
[2026-09-15 11:04:12]   [t2065 v6/6] SUCCESS (pred=dog) CTA=0.8334
[2026-09-15 11:04:12]   target 2065, 6 victims on this gpu: ASR=100.0% CTA=0.8357 +/- 0.0048
[2026-09-15 11:04:12] === target 7056 (7/10) ===
[2026-09-15 11:08:05]   target 7056: crafted 100 poisons in 233 s, obj=0.23817
[2026-09-15 11:08:05]   target 7056: realized linf = 0.03137 (8.00/255), budget = 8.00/255
[2026-09-15 11:09:41]   [t7056 v1/6] fail (pred=bird) CTA=0.8402
[2026-09-15 11:11:16]   [t7056 v2/6] fail (pred=bird) CTA=0.8286
[2026-09-15 11:12:52]   [t7056 v3/6] fail (pred=bird) CTA=0.8416
[2026-09-15 11:14:27]   [t7056 v4/6] fail (pred=bird) CTA=0.8371
[2026-09-15 11:16:02]   [t7056 v5/6] fail (pred=cat) CTA=0.8423
[2026-09-15 11:17:38]   [t7056 v6/6] fail (pred=bird) CTA=0.8414
[2026-09-15 11:17:38]   target 7056, 6 victims on this gpu: ASR=0.0% CTA=0.8385 +/- 0.0047
[2026-09-15 11:17:38] === target 9059 (8/10) ===
[2026-09-15 11:21:32]   target 9059: crafted 100 poisons in 234 s, obj=0.22841
[2026-09-15 11:21:32]   target 9059: realized linf = 0.03137 (8.00/255), budget = 8.00/255
[2026-09-15 11:23:07]   [t9059 v1/6] fail (pred=cat) CTA=0.8377
[2026-09-15 11:24:43]   [t9059 v2/6] fail (pred=frog) CTA=0.8324
[2026-09-15 11:26:18]   [t9059 v3/6] fail (pred=bird) CTA=0.8422
[2026-09-15 11:27:53]   [t9059 v4/6] fail (pred=bird) CTA=0.8412
[2026-09-15 11:29:29]   [t9059 v5/6] fail (pred=bird) CTA=0.8311
[2026-09-15 11:31:04]   [t9059 v6/6] fail (pred=bird) CTA=0.8487
[2026-09-15 11:31:04]   target 9059, 6 victims on this gpu: ASR=0.0% CTA=0.8389 +/- 0.0060
[2026-09-15 11:31:04] === target 6707 (9/10) ===
[2026-09-15 11:34:58]   target 6707: crafted 100 poisons in 233 s, obj=0.20954
[2026-09-15 11:34:58]   target 6707: realized linf = 0.03137 (8.00/255), budget = 8.00/255
[2026-09-15 11:36:33]   [t6707 v1/6] SUCCESS (pred=dog) CTA=0.8314
[2026-09-15 11:38:09]   [t6707 v2/6] SUCCESS (pred=dog) CTA=0.8388
[2026-09-15 11:39:44]   [t6707 v3/6] SUCCESS (pred=dog) CTA=0.8414
[2026-09-15 11:41:19]   [t6707 v4/6] SUCCESS (pred=dog) CTA=0.8355
[2026-09-15 11:42:55]   [t6707 v5/6] fail (pred=bird) CTA=0.8317
[2026-09-15 11:44:30]   [t6707 v6/6] SUCCESS (pred=dog) CTA=0.8364
[2026-09-15 11:44:30]   target 6707, 6 victims on this gpu: ASR=83.3% CTA=0.8359 +/- 0.0036
[2026-09-15 11:44:30] === target 9874 (10/10) ===
[2026-09-15 11:48:24]   target 9874: crafted 100 poisons in 234 s, obj=0.17655
[2026-09-15 11:48:24]   target 9874: realized linf = 0.03137 (8.00/255), budget = 8.00/255
[2026-09-15 11:50:00]   [t9874 v1/6] SUCCESS (pred=dog) CTA=0.8404
