gpu: NVIDIA L40S
cache: waiting for shared ResNet20BN checkpoint lock
cache: ResNet20BN checkpoints ready
cache: waiting for shared VGG13BN checkpoint lock
cache: VGG13BN checkpoints ready
run: waiting for duplicate-submission lock
targets: 10 unique pinned indices: 5118 8740 5324 4630 833 2065 7056 9059 6707 9874
job: 932735 xb093_gm_b0002_vr20_svgg_k1 on rack08-16
config: attack=gradmatch budget=0.002 A=V=ResNet20BN S=VGG13BN K=1 base=ours jacobian=off craft_steps=250 targets=10 victims=6 replacement_for=927181
protocol: method=ours Jacobian=off targets=10 victims=6 selector_K=1
protocol: 30 shared surrogates available; crafting always uses V checkpoints 0..4
output: /home/mmoslem3/scratch/PoisonBase/cross_arch_k_10x6_result/CIFAR10_ResNet20BN_gradmatch_ours_dog-bird_b0.002_eps8_seed42_lam1_cosine_selarchVGG13BN_K1_ce5_tgt14
[2026-09-15 10:01:12] === run start: CIFAR10_ResNet20BN_gradmatch_ours_dog-bird_b0.002_eps8_seed42_lam1_cosine_selarchVGG13BN_K1_ce5_tgt14 on cuda [0] ===
[2026-09-15 10:01:12] args: {"FORCE": false, "attack": "gradmatch", "base": "ours", "base_dist": "cosine", "base_topr": null, "budget": 0.002, "cache_dir": "/tmp/PoisonBase_cross_arch_k_10x6/cache", "class_pair": "dog-bird", "clean_baseline": true, "craft_alpha": 0.0039216, "craft_aug": true, "craft_batch": 256, "craft_ensemble": 5, "craft_lowmem": false, "craft_schedule": false, "craft_steps": 250, "data_path": "/tmp/PoisonBase_cross_arch_k_10x6/data", "dataset": "CIFAR10", "distance_margin_coef": null, "dsa_strategy": "color_crop_cutout_flip_scale_rotate", "epsilon": 0.0313725, "fast_gradmatch": false, "fc_mode": "sample", "fc_restarts": 1, "gpus": "all", "jacobian_batch_size": 64, "jacobian_weight": 1.0, "lambda_margin": 1.0, "model": "ResNet20BN", "no_resume": false, "num_poisons": 500, "num_surrogates": 30, "num_targets": 10, "num_victims": 6, "out_dir": "/tmp/PoisonBase_cross_arch_k_10x6/cross_arch_k_10x6_result", "pair_order": "poison-target", "parallel_pretrain": true, "parallel_targets": true, "precompute_id": null, "precompute_only": false, "precompute_part": "both", "rank_on_victims": true, "recompute_deltas": false, "require_correct_target": false, "restarts": 8, "seed": 42, "sel_K": 1, "sel_alpha": 1.0, "sel_criterion": null, "sel_dpp": false, "sel_filter": false, "sel_mmr": false, "sel_mode": null, "sel_model": "VGG13BN", "sel_mu": 1.0, "sel_pca": false, "sel_pool": 3.0, "sharp_mode": "worst", "sharp_samples": 20, "sharp_sigma": 0.05, "steal_timeout": 7200.0, "surrogate_aug": false, "surrogate_bs": 128, "surrogate_decay": [35, 45], "surrogate_epochs": 60, "surrogate_lr": 0.1, "surrogate_wd": 0.0, "target_idx_file": "/tmp/PoisonBase_cross_arch_k_10x6/target_sets/ResNet20BN_gradmatch_dog-bird.json", "target_select": 14, "use_jacobian_score": false, "victim_aug": false, "victim_bs": 125, "victim_decay": [40], "victim_epochs": 50, "victim_lr": 0.1, "victim_wd": 0.0}
[2026-09-15 10:01:12] Jacobian score: disabled
[2026-09-15 10:01:12] N_total=50000 budget=0.002 -> N_p=100 poisons, y_adv=5(dog) target_class=2(bird)
[2026-09-15 10:01:12] === surrogates (30 x ResNet20BN, trained on the full real set) ===
[2026-09-15 10:01:13]   crafting on 5/30 surrogates
[2026-09-15 10:01:13] === selection surrogates (30 x VGG13BN, cross-architecture) ===
[2026-09-15 10:01:15] === clean victims (6 x ResNet20BN) ===
[2026-09-15 10:01:15]   clean baseline CTA = 0.8354 +/- 0.0043
[2026-09-15 10:01:16]   target pool 1000 -> eligible 978 (22 already predicted as y_adv or dropped)
[2026-09-15 10:01:16]   chosen 10 targets (file), p_adv range 0.0001..0.3539
[2026-09-15 10:01:16]   targets: [5118, 8740, 5324, 4630, 833, 2065, 7056, 9059, 6707, 9874]
[2026-09-15 10:01:16] === target 5118 (1/10) ===
[2026-09-15 10:05:10]   target 5118: crafted 100 poisons in 234 s, obj=0.21944
[2026-09-15 10:05:10]   target 5118: realized linf = 0.03137 (8.00/255), budget = 8.00/255
[2026-09-15 10:06:46]   [t5118 v1/6] SUCCESS (pred=dog) CTA=0.8390
[2026-09-15 10:08:21]   [t5118 v2/6] SUCCESS (pred=dog) CTA=0.8370
[2026-09-15 10:09:57]   [t5118 v3/6] fail (pred=bird) CTA=0.8369
[2026-09-15 10:11:33]   [t5118 v4/6] fail (pred=bird) CTA=0.8377
[2026-09-15 10:13:08]   [t5118 v5/6] SUCCESS (pred=dog) CTA=0.8379
[2026-09-15 10:14:44]   [t5118 v6/6] SUCCESS (pred=dog) CTA=0.8400
[2026-09-15 10:14:44]   target 5118, 6 victims on this gpu: ASR=66.7% CTA=0.8381 +/- 0.0011
[2026-09-15 10:14:44] === target 8740 (2/10) ===
[2026-09-15 10:18:38]   target 8740: crafted 100 poisons in 234 s, obj=0.19899
[2026-09-15 10:18:38]   target 8740: realized linf = 0.03137 (8.00/255), budget = 8.00/255
[2026-09-15 10:20:13]   [t8740 v1/6] SUCCESS (pred=dog) CTA=0.8441
[2026-09-15 10:21:49]   [t8740 v2/6] fail (pred=bird) CTA=0.8385
[2026-09-15 10:23:25]   [t8740 v3/6] SUCCESS (pred=dog) CTA=0.8351
[2026-09-15 10:25:00]   [t8740 v4/6] fail (pred=bird) CTA=0.8436
[2026-09-15 10:26:36]   [t8740 v5/6] fail (pred=bird) CTA=0.8407
[2026-09-15 10:28:12]   [t8740 v6/6] fail (pred=bird) CTA=0.8363
[2026-09-15 10:28:12]   target 8740, 6 victims on this gpu: ASR=33.3% CTA=0.8397 +/- 0.0034
[2026-09-15 10:28:12] === target 5324 (3/10) ===
[2026-09-15 10:32:06]   target 5324: crafted 100 poisons in 234 s, obj=0.23917
[2026-09-15 10:32:06]   target 5324: realized linf = 0.03137 (8.00/255), budget = 8.00/255
[2026-09-15 10:33:42]   [t5324 v1/6] fail (pred=ship) CTA=0.8350
[2026-09-15 10:35:17]   [t5324 v2/6] fail (pred=truck) CTA=0.8347
[2026-09-15 10:36:53]   [t5324 v3/6] fail (pred=airplane) CTA=0.8427
[2026-09-15 10:38:29]   [t5324 v4/6] fail (pred=cat) CTA=0.8348
[2026-09-15 10:40:05]   [t5324 v5/6] fail (pred=cat) CTA=0.8408
[2026-09-15 10:41:40]   [t5324 v6/6] fail (pred=deer) CTA=0.8405
[2026-09-15 10:41:40]   target 5324, 6 victims on this gpu: ASR=0.0% CTA=0.8381 +/- 0.0033
[2026-09-15 10:41:40] === target 4630 (4/10) ===
[2026-09-15 10:45:34]   target 4630: crafted 100 poisons in 234 s, obj=0.19169
[2026-09-15 10:45:34]   target 4630: realized linf = 0.03137 (8.00/255), budget = 8.00/255
[2026-09-15 10:47:10]   [t4630 v1/6] SUCCESS (pred=dog) CTA=0.8416
[2026-09-15 10:48:46]   [t4630 v2/6] fail (pred=bird) CTA=0.8417
[2026-09-15 10:50:21]   [t4630 v3/6] fail (pred=frog) CTA=0.8391
[2026-09-15 10:51:57]   [t4630 v4/6] fail (pred=bird) CTA=0.8394
[2026-09-15 10:53:33]   [t4630 v5/6] fail (pred=bird) CTA=0.8347
[2026-09-15 10:55:09]   [t4630 v6/6] SUCCESS (pred=dog) CTA=0.8387
[2026-09-15 10:55:09]   target 4630, 6 victims on this gpu: ASR=33.3% CTA=0.8392 +/- 0.0023
[2026-09-15 10:55:09] === target 833 (5/10) ===
[2026-09-15 10:59:03]   target 833: crafted 100 poisons in 234 s, obj=0.20242
[2026-09-15 10:59:03]   target 833: realized linf = 0.03137 (8.00/255), budget = 8.00/255
[2026-09-15 11:00:38]   [t833 v1/6] SUCCESS (pred=dog) CTA=0.8364
[2026-09-15 11:02:14]   [t833 v2/6] fail (pred=bird) CTA=0.8399
[2026-09-15 11:03:49]   [t833 v3/6] fail (pred=bird) CTA=0.8359
[2026-09-15 11:05:25]   [t833 v4/6] SUCCESS (pred=dog) CTA=0.8396
[2026-09-15 11:07:00]   [t833 v5/6] fail (pred=bird) CTA=0.8350
[2026-09-15 11:08:36]   [t833 v6/6] SUCCESS (pred=dog) CTA=0.8409
[2026-09-15 11:08:36]   target 833, 6 victims on this gpu: ASR=50.0% CTA=0.8379 +/- 0.0023
[2026-09-15 11:08:36] === target 2065 (6/10) ===
[2026-09-15 11:12:30]   target 2065: crafted 100 poisons in 234 s, obj=0.21561
[2026-09-15 11:12:30]   target 2065: realized linf = 0.03137 (8.00/255), budget = 8.00/255
[2026-09-15 11:14:05]   [t2065 v1/6] fail (pred=bird) CTA=0.8394
[2026-09-15 11:15:41]   [t2065 v2/6] fail (pred=deer) CTA=0.8383
[2026-09-15 11:17:16]   [t2065 v3/6] SUCCESS (pred=dog) CTA=0.8373
[2026-09-15 11:18:52]   [t2065 v4/6] SUCCESS (pred=dog) CTA=0.8313
[2026-09-15 11:20:28]   [t2065 v5/6] fail (pred=cat) CTA=0.8329
[2026-09-15 11:22:03]   [t2065 v6/6] fail (pred=frog) CTA=0.8383
[2026-09-15 11:22:03]   target 2065, 6 victims on this gpu: ASR=33.3% CTA=0.8363 +/- 0.0030
[2026-09-15 11:22:03] === target 7056 (7/10) ===
[2026-09-15 11:25:57]   target 7056: crafted 100 poisons in 234 s, obj=0.26812
[2026-09-15 11:25:57]   target 7056: realized linf = 0.03137 (8.00/255), budget = 8.00/255
[2026-09-15 11:27:33]   [t7056 v1/6] fail (pred=bird) CTA=0.8367
[2026-09-15 11:29:08]   [t7056 v2/6] fail (pred=bird) CTA=0.8279
[2026-09-15 11:30:44]   [t7056 v3/6] fail (pred=bird) CTA=0.8433
[2026-09-15 11:32:19]   [t7056 v4/6] fail (pred=bird) CTA=0.8357
[2026-09-15 11:33:55]   [t7056 v5/6] fail (pred=bird) CTA=0.8416
[2026-09-15 11:35:30]   [t7056 v6/6] fail (pred=bird) CTA=0.8360
[2026-09-15 11:35:30]   target 7056, 6 victims on this gpu: ASR=0.0% CTA=0.8369 +/- 0.0049
[2026-09-15 11:35:30] === target 9059 (8/10) ===
[2026-09-15 11:39:24]   target 9059: crafted 100 poisons in 234 s, obj=0.23802
[2026-09-15 11:39:24]   target 9059: realized linf = 0.03137 (8.00/255), budget = 8.00/255
[2026-09-15 11:41:00]   [t9059 v1/6] fail (pred=cat) CTA=0.8363
[2026-09-15 11:42:36]   [t9059 v2/6] fail (pred=frog) CTA=0.8400
[2026-09-15 11:44:11]   [t9059 v3/6] SUCCESS (pred=dog) CTA=0.8371
[2026-09-15 11:45:47]   [t9059 v4/6] fail (pred=bird) CTA=0.8412
[2026-09-15 11:47:23]   [t9059 v5/6] fail (pred=bird) CTA=0.8384
[2026-09-15 11:48:59]   [t9059 v6/6] fail (pred=cat) CTA=0.8385
[2026-09-15 11:48:59]   target 9059, 6 victims on this gpu: ASR=16.7% CTA=0.8386 +/- 0.0016
[2026-09-15 11:48:59] === target 6707 (9/10) ===
