gpu: NVIDIA L40S
cache: waiting for shared ResNet20BN checkpoint lock
cache: ResNet20BN checkpoints ready
cache: waiting for shared ConvNetBN checkpoint lock
cache: ConvNetBN checkpoints ready
run: waiting for duplicate-submission lock
targets: 10 unique pinned indices: 5118 8740 5324 4630 833 2065 7056 9059 6707 9874
job: 932745 xb123_gm_b0005_vr20_sconv_k10 on rack10-06
config: attack=gradmatch budget=0.005 A=V=ResNet20BN S=ConvNetBN K=10 base=ours jacobian=off craft_steps=250 targets=10 victims=6 replacement_for=927211
protocol: method=ours Jacobian=off targets=10 victims=6 selector_K=10
protocol: 30 shared surrogates available; crafting always uses V checkpoints 0..4
output: /home/mmoslem3/scratch/PoisonBase/cross_arch_k_10x6_result/CIFAR10_ResNet20BN_gradmatch_ours_dog-bird_b0.005_eps8_seed42_lam1_cosine_selarchConvNetBN_K10_ce5_tgt14
[2026-09-16 08:10:43] === run start: CIFAR10_ResNet20BN_gradmatch_ours_dog-bird_b0.005_eps8_seed42_lam1_cosine_selarchConvNetBN_K10_ce5_tgt14 on cuda [0] ===
[2026-09-16 08:10:43] args: {"FORCE": false, "attack": "gradmatch", "base": "ours", "base_dist": "cosine", "base_topr": null, "budget": 0.005, "cache_dir": "/tmp/PoisonBase_cross_arch_k_10x6/cache", "class_pair": "dog-bird", "clean_baseline": true, "craft_alpha": 0.0039216, "craft_aug": true, "craft_batch": 256, "craft_ensemble": 5, "craft_lowmem": false, "craft_schedule": false, "craft_steps": 250, "data_path": "/tmp/PoisonBase_cross_arch_k_10x6/data", "dataset": "CIFAR10", "distance_margin_coef": null, "dsa_strategy": "color_crop_cutout_flip_scale_rotate", "epsilon": 0.0313725, "fast_gradmatch": false, "fc_mode": "sample", "fc_restarts": 1, "gpus": "all", "jacobian_batch_size": 64, "jacobian_weight": 1.0, "lambda_margin": 1.0, "model": "ResNet20BN", "no_resume": false, "num_poisons": 500, "num_surrogates": 30, "num_targets": 10, "num_victims": 6, "out_dir": "/tmp/PoisonBase_cross_arch_k_10x6/cross_arch_k_10x6_result", "pair_order": "poison-target", "parallel_pretrain": true, "parallel_targets": true, "precompute_id": null, "precompute_only": false, "precompute_part": "both", "rank_on_victims": true, "recompute_deltas": false, "require_correct_target": false, "restarts": 8, "seed": 42, "sel_K": 10, "sel_alpha": 1.0, "sel_criterion": null, "sel_dpp": false, "sel_filter": false, "sel_mmr": false, "sel_mode": null, "sel_model": "ConvNetBN", "sel_mu": 1.0, "sel_pca": false, "sel_pool": 3.0, "sharp_mode": "worst", "sharp_samples": 20, "sharp_sigma": 0.05, "steal_timeout": 7200.0, "surrogate_aug": false, "surrogate_bs": 128, "surrogate_decay": [35, 45], "surrogate_epochs": 60, "surrogate_lr": 0.1, "surrogate_wd": 0.0, "target_idx_file": "/tmp/PoisonBase_cross_arch_k_10x6/target_sets/ResNet20BN_gradmatch_dog-bird.json", "target_select": 14, "use_jacobian_score": false, "victim_aug": false, "victim_bs": 125, "victim_decay": [40], "victim_epochs": 50, "victim_lr": 0.1, "victim_wd": 0.0}
[2026-09-16 08:10:43] Jacobian score: disabled
[2026-09-16 08:10:43] N_total=50000 budget=0.005 -> N_p=250 poisons, y_adv=5(dog) target_class=2(bird)
[2026-09-16 08:10:43] === surrogates (30 x ResNet20BN, trained on the full real set) ===
[2026-09-16 08:10:43]   crafting on 5/30 surrogates
[2026-09-16 08:10:43] === selection surrogates (30 x ConvNetBN, cross-architecture) ===
[2026-09-16 08:10:44] === clean victims (6 x ResNet20BN) ===
[2026-09-16 08:10:45]   clean baseline CTA = 0.8354 +/- 0.0043
[2026-09-16 08:10:45]   target pool 1000 -> eligible 978 (22 already predicted as y_adv or dropped)
[2026-09-16 08:10:45]   chosen 10 targets (file), p_adv range 0.0001..0.3539
[2026-09-16 08:10:45]   targets: [5118, 8740, 5324, 4630, 833, 2065, 7056, 9059, 6707, 9874]
[2026-09-16 08:10:45] === target 5118 (1/10) ===
[2026-09-16 08:18:29]   target 5118: crafted 250 poisons in 463 s, obj=0.18503
[2026-09-16 08:18:29]   target 5118: realized linf = 0.03137 (8.00/255), budget = 8.00/255
[2026-09-16 08:20:05]   [t5118 v1/6] SUCCESS (pred=dog) CTA=0.8348
[2026-09-16 08:21:40]   [t5118 v2/6] SUCCESS (pred=dog) CTA=0.8373
[2026-09-16 08:23:16]   [t5118 v3/6] SUCCESS (pred=dog) CTA=0.8351
[2026-09-16 08:24:51]   [t5118 v4/6] SUCCESS (pred=dog) CTA=0.8353
[2026-09-16 08:26:26]   [t5118 v5/6] SUCCESS (pred=dog) CTA=0.8401
[2026-09-16 08:28:02]   [t5118 v6/6] SUCCESS (pred=dog) CTA=0.8345
[2026-09-16 08:28:02]   target 5118, 6 victims on this gpu: ASR=100.0% CTA=0.8362 +/- 0.0020
[2026-09-16 08:28:02] === target 8740 (2/10) ===
[2026-09-16 08:35:46]   target 8740: crafted 250 poisons in 463 s, obj=0.17823
[2026-09-16 08:35:46]   target 8740: realized linf = 0.03137 (8.00/255), budget = 8.00/255
[2026-09-16 08:37:22]   [t8740 v1/6] SUCCESS (pred=dog) CTA=0.8400
[2026-09-16 08:38:57]   [t8740 v2/6] SUCCESS (pred=dog) CTA=0.8406
[2026-09-16 08:40:33]   [t8740 v3/6] SUCCESS (pred=dog) CTA=0.8316
[2026-09-16 08:42:08]   [t8740 v4/6] fail (pred=bird) CTA=0.8337
[2026-09-16 08:43:43]   [t8740 v5/6] SUCCESS (pred=dog) CTA=0.8371
[2026-09-16 08:45:19]   [t8740 v6/6] SUCCESS (pred=dog) CTA=0.8370
[2026-09-16 08:45:19]   target 8740, 6 victims on this gpu: ASR=83.3% CTA=0.8367 +/- 0.0032
[2026-09-16 08:45:19] === target 5324 (3/10) ===
[2026-09-16 08:53:03]   target 5324: crafted 250 poisons in 463 s, obj=0.21420
[2026-09-16 08:53:03]   target 5324: realized linf = 0.03137 (8.00/255), budget = 8.00/255
[2026-09-16 08:54:39]   [t5324 v1/6] SUCCESS (pred=dog) CTA=0.8437
[2026-09-16 08:56:14]   [t5324 v2/6] fail (pred=ship) CTA=0.8339
[2026-09-16 08:57:50]   [t5324 v3/6] SUCCESS (pred=dog) CTA=0.8387
[2026-09-16 08:59:25]   [t5324 v4/6] fail (pred=ship) CTA=0.8338
[2026-09-16 09:01:00]   [t5324 v5/6] fail (pred=truck) CTA=0.8405
[2026-09-16 09:02:36]   [t5324 v6/6] fail (pred=horse) CTA=0.8368
[2026-09-16 09:02:36]   target 5324, 6 victims on this gpu: ASR=33.3% CTA=0.8379 +/- 0.0035
[2026-09-16 09:02:36] === target 4630 (4/10) ===
[2026-09-16 09:10:19]   target 4630: crafted 250 poisons in 463 s, obj=0.17462
[2026-09-16 09:10:19]   target 4630: realized linf = 0.03137 (8.00/255), budget = 8.00/255
[2026-09-16 09:11:55]   [t4630 v1/6] SUCCESS (pred=dog) CTA=0.8338
[2026-09-16 09:13:31]   [t4630 v2/6] fail (pred=cat) CTA=0.8395
[2026-09-16 09:15:06]   [t4630 v3/6] fail (pred=cat) CTA=0.8410
[2026-09-16 09:16:42]   [t4630 v4/6] fail (pred=cat) CTA=0.8408
[2026-09-16 09:18:17]   [t4630 v5/6] fail (pred=bird) CTA=0.8346
[2026-09-16 09:19:52]   [t4630 v6/6] SUCCESS (pred=dog) CTA=0.8343
[2026-09-16 09:19:52]   target 4630, 6 victims on this gpu: ASR=33.3% CTA=0.8373 +/- 0.0031
[2026-09-16 09:19:52] === target 833 (5/10) ===
[2026-09-16 09:27:36]   target 833: crafted 250 poisons in 463 s, obj=0.18133
[2026-09-16 09:27:36]   target 833: realized linf = 0.03137 (8.00/255), budget = 8.00/255
[2026-09-16 09:29:12]   [t833 v1/6] SUCCESS (pred=dog) CTA=0.8384
[2026-09-16 09:30:48]   [t833 v2/6] SUCCESS (pred=dog) CTA=0.8384
[2026-09-16 09:32:23]   [t833 v3/6] SUCCESS (pred=dog) CTA=0.8339
[2026-09-16 09:33:58]   [t833 v4/6] fail (pred=bird) CTA=0.8391
[2026-09-16 09:35:34]   [t833 v5/6] SUCCESS (pred=dog) CTA=0.8336
[2026-09-16 09:37:09]   [t833 v6/6] fail (pred=cat) CTA=0.8364
[2026-09-16 09:37:09]   target 833, 6 victims on this gpu: ASR=66.7% CTA=0.8366 +/- 0.0022
[2026-09-16 09:37:09] === target 2065 (6/10) ===
[2026-09-16 09:44:53]   target 2065: crafted 250 poisons in 463 s, obj=0.18042
[2026-09-16 09:44:53]   target 2065: realized linf = 0.03137 (8.00/255), budget = 8.00/255
[2026-09-16 09:46:29]   [t2065 v1/6] SUCCESS (pred=dog) CTA=0.8381
[2026-09-16 09:48:04]   [t2065 v2/6] SUCCESS (pred=dog) CTA=0.8365
[2026-09-16 09:49:40]   [t2065 v3/6] SUCCESS (pred=dog) CTA=0.8405
[2026-09-16 09:51:15]   [t2065 v4/6] SUCCESS (pred=dog) CTA=0.8325
[2026-09-16 09:52:50]   [t2065 v5/6] SUCCESS (pred=dog) CTA=0.8374
[2026-09-16 09:54:26]   [t2065 v6/6] SUCCESS (pred=dog) CTA=0.8405
[2026-09-16 09:54:26]   target 2065, 6 victims on this gpu: ASR=100.0% CTA=0.8376 +/- 0.0027
[2026-09-16 09:54:26] === target 7056 (7/10) ===
[2026-09-16 10:02:10]   target 7056: crafted 250 poisons in 463 s, obj=0.20739
[2026-09-16 10:02:10]   target 7056: realized linf = 0.03137 (8.00/255), budget = 8.00/255
[2026-09-16 10:03:46]   [t7056 v1/6] fail (pred=bird) CTA=0.8325
[2026-09-16 10:05:21]   [t7056 v2/6] fail (pred=bird) CTA=0.8358
[2026-09-16 10:06:57]   [t7056 v3/6] fail (pred=bird) CTA=0.8438
[2026-09-16 10:08:32]   [t7056 v4/6] fail (pred=cat) CTA=0.8427
[2026-09-16 10:10:07]   [t7056 v5/6] fail (pred=bird) CTA=0.8366
[2026-09-16 10:11:43]   [t7056 v6/6] SUCCESS (pred=dog) CTA=0.8396
[2026-09-16 10:11:43]   target 7056, 6 victims on this gpu: ASR=16.7% CTA=0.8385 +/- 0.0040
[2026-09-16 10:11:43] === target 9059 (8/10) ===
[2026-09-16 10:19:27]   target 9059: crafted 250 poisons in 463 s, obj=0.19601
[2026-09-16 10:19:27]   target 9059: realized linf = 0.03137 (8.00/255), budget = 8.00/255
[2026-09-16 10:21:03]   [t9059 v1/6] fail (pred=cat) CTA=0.8301
[2026-09-16 10:22:38]   [t9059 v2/6] SUCCESS (pred=dog) CTA=0.8382
[2026-09-16 10:24:13]   [t9059 v3/6] fail (pred=bird) CTA=0.8407
[2026-09-16 10:25:49]   [t9059 v4/6] SUCCESS (pred=dog) CTA=0.8409
[2026-09-16 10:27:24]   [t9059 v5/6] SUCCESS (pred=dog) CTA=0.8353
[2026-09-16 10:28:59]   [t9059 v6/6] SUCCESS (pred=dog) CTA=0.8415
[2026-09-16 10:28:59]   target 9059, 6 victims on this gpu: ASR=66.7% CTA=0.8378 +/- 0.0040
[2026-09-16 10:28:59] === target 6707 (9/10) ===
[2026-09-16 10:36:43]   target 6707: crafted 250 poisons in 463 s, obj=0.19402
[2026-09-16 10:36:43]   target 6707: realized linf = 0.03137 (8.00/255), budget = 8.00/255
[2026-09-16 10:38:19]   [t6707 v1/6] SUCCESS (pred=dog) CTA=0.8360
[2026-09-16 10:39:54]   [t6707 v2/6] SUCCESS (pred=dog) CTA=0.8402
[2026-09-16 10:41:30]   [t6707 v3/6] SUCCESS (pred=dog) CTA=0.8411
[2026-09-16 10:43:05]   [t6707 v4/6] SUCCESS (pred=dog) CTA=0.8342
[2026-09-16 10:44:41]   [t6707 v5/6] SUCCESS (pred=dog) CTA=0.8349
[2026-09-16 10:46:16]   [t6707 v6/6] SUCCESS (pred=dog) CTA=0.8376
[2026-09-16 10:46:16]   target 6707, 6 victims on this gpu: ASR=100.0% CTA=0.8373 +/- 0.0026
[2026-09-16 10:46:16] === target 9874 (10/10) ===
[2026-09-16 10:54:00]   target 9874: crafted 250 poisons in 463 s, obj=0.16243
[2026-09-16 10:54:00]   target 9874: realized linf = 0.03137 (8.00/255), budget = 8.00/255
[2026-09-16 10:55:36]   [t9874 v1/6] SUCCESS (pred=dog) CTA=0.8376
[2026-09-16 10:57:11]   [t9874 v2/6] SUCCESS (pred=dog) CTA=0.8347
[2026-09-16 10:58:47]   [t9874 v3/6] SUCCESS (pred=dog) CTA=0.8375
[2026-09-16 11:00:22]   [t9874 v4/6] SUCCESS (pred=dog) CTA=0.8426
[2026-09-16 11:01:57]   [t9874 v5/6] SUCCESS (pred=dog) CTA=0.8353
[2026-09-16 11:03:33]   [t9874 v6/6] fail (pred=deer) CTA=0.8294
[2026-09-16 11:03:33]   target 9874, 6 victims on this gpu: ASR=83.3% CTA=0.8362 +/- 0.0040
[2026-09-16 11:03:33] ==== CIFAR10_ResNet20BN_gradmatch_ours_dog-bird_b0.005_eps8_seed42_lam1_cosine_selarchConvNetBN_K10_ce5_tgt14 : ASR = 68.3% +/- 29.3% | CTA = 0.8372 (baseline 0.8354) ====
[2026-09-16 11:03:33]   target-prediction tally ['airplane', 'automobile', 'bird', 'cat', 'deer', 'dog', 'frog', 'horse', 'ship', 'truck']: [0, 0, 8, 6, 1, 41, 0, 1, 2, 1]
verified: 10 targets x 6 victims = 60 unique evaluations
sync: CIFAR10_ResNet20BN_gradmatch_ours_dog-bird_b0.005_eps8_seed42_lam1_cosine_selarchConvNetBN_K10_ce5_tgt14 -> /home/mmoslem3/scratch/PoisonBase/cross_arch_k_10x6_result
sync: complete
