gpu: NVIDIA L40S
cache: waiting for shared VGG13BN checkpoint lock
cache: VGG13BN checkpoints ready
cache: waiting for shared ConvNetBN checkpoint lock
cache: ConvNetBN checkpoints ready
run: waiting for duplicate-submission lock
targets: 10 unique pinned indices: 630 409 2270 9870 1656 5022 9090 6033 7940 9731
job: 932749 xb135_gm_b0005_vvgg_sconv_k10 on rack05-12
config: attack=gradmatch budget=0.005 A=V=VGG13BN S=ConvNetBN K=10 base=ours jacobian=off craft_steps=250 targets=10 victims=6 replacement_for=927223
protocol: method=ours Jacobian=off targets=10 victims=6 selector_K=10
protocol: 30 shared surrogates available; crafting always uses V checkpoints 0..4
output: /home/mmoslem3/scratch/PoisonBase/cross_arch_k_10x6_result/CIFAR10_VGG13BN_gradmatch_ours_dog-bird_b0.005_eps8_seed42_lam1_cosine_selarchConvNetBN_K10_ce5_tgt50
[2026-09-16 08:30:23] === run start: CIFAR10_VGG13BN_gradmatch_ours_dog-bird_b0.005_eps8_seed42_lam1_cosine_selarchConvNetBN_K10_ce5_tgt50 on cuda [0] ===
[2026-09-16 08:30:23] args: {"FORCE": false, "attack": "gradmatch", "base": "ours", "base_dist": "cosine", "base_topr": null, "budget": 0.005, "cache_dir": "/tmp/PoisonBase_cross_arch_k_10x6/cache", "class_pair": "dog-bird", "clean_baseline": true, "craft_alpha": 0.0039216, "craft_aug": true, "craft_batch": 256, "craft_ensemble": 5, "craft_lowmem": true, "craft_schedule": false, "craft_steps": 250, "data_path": "/tmp/PoisonBase_cross_arch_k_10x6/data", "dataset": "CIFAR10", "distance_margin_coef": null, "dsa_strategy": "color_crop_cutout_flip_scale_rotate", "epsilon": 0.0313725, "fast_gradmatch": true, "fc_mode": "sample", "fc_restarts": 1, "gpus": "all", "jacobian_batch_size": 64, "jacobian_weight": 1.0, "lambda_margin": 1.0, "model": "VGG13BN", "no_resume": false, "num_poisons": 500, "num_surrogates": 30, "num_targets": 10, "num_victims": 6, "out_dir": "/tmp/PoisonBase_cross_arch_k_10x6/cross_arch_k_10x6_result", "pair_order": "poison-target", "parallel_pretrain": true, "parallel_targets": true, "precompute_id": null, "precompute_only": false, "precompute_part": "both", "rank_on_victims": true, "recompute_deltas": false, "require_correct_target": false, "restarts": 8, "seed": 42, "sel_K": 10, "sel_alpha": 1.0, "sel_criterion": null, "sel_dpp": false, "sel_filter": false, "sel_mmr": false, "sel_mode": null, "sel_model": "ConvNetBN", "sel_mu": 1.0, "sel_pca": false, "sel_pool": 3.0, "sharp_mode": "worst", "sharp_samples": 20, "sharp_sigma": 0.05, "steal_timeout": 7200.0, "surrogate_aug": false, "surrogate_bs": 128, "surrogate_decay": [35, 45], "surrogate_epochs": 60, "surrogate_lr": 0.1, "surrogate_wd": 0.0, "target_idx_file": "/tmp/PoisonBase_cross_arch_k_10x6/target_sets/VGG13BN_gradmatch_dog-bird.json", "target_select": 50, "use_jacobian_score": false, "victim_aug": false, "victim_bs": 125, "victim_decay": [40], "victim_epochs": 50, "victim_lr": 0.1, "victim_wd": 0.0}
[2026-09-16 08:30:23] Jacobian score: disabled
[2026-09-16 08:30:23] N_total=50000 budget=0.005 -> N_p=250 poisons, y_adv=5(dog) target_class=2(bird)
[2026-09-16 08:30:23] === surrogates (30 x VGG13BN, trained on the full real set) ===
[2026-09-16 08:30:24]   crafting on 5/30 surrogates
[2026-09-16 08:30:24] === selection surrogates (30 x ConvNetBN, cross-architecture) ===
[2026-09-16 08:30:25] === clean victims (6 x VGG13BN) ===
[2026-09-16 08:30:27]   clean baseline CTA = 0.8476 +/- 0.0158
[2026-09-16 08:30:27]   target pool 1000 -> eligible 970 (30 already predicted as y_adv or dropped)
[2026-09-16 08:30:27]   chosen 10 targets (file), p_adv range 0.0000..0.0000
[2026-09-16 08:30:27]   targets: [630, 409, 2270, 9870, 1656, 5022, 9090, 6033, 7940, 9731]
[2026-09-16 08:30:27] === target 630 (1/10) ===
[2026-09-16 08:37:53]   target 630: crafted 250 poisons in 445 s, obj=0.29071
[2026-09-16 08:37:53]   target 630: realized linf = 0.03137 (8.00/255), budget = 8.00/255
[2026-09-16 08:39:35]   [t630 v1/6] SUCCESS (pred=dog) CTA=0.8649
[2026-09-16 08:41:16]   [t630 v2/6] fail (pred=airplane) CTA=0.8358
[2026-09-16 08:42:56]   [t630 v3/6] SUCCESS (pred=dog) CTA=0.8616
[2026-09-16 08:44:37]   [t630 v4/6] fail (pred=bird) CTA=0.8575
[2026-09-16 08:46:18]   [t630 v5/6] fail (pred=bird) CTA=0.8538
[2026-09-16 08:47:58]   [t630 v6/6] fail (pred=bird) CTA=0.8538
[2026-09-16 08:47:58]   target 630, 6 victims on this gpu: ASR=33.3% CTA=0.8546 +/- 0.0093
[2026-09-16 08:47:58] === target 409 (2/10) ===
[2026-09-16 08:55:26]   target 409: crafted 250 poisons in 447 s, obj=0.22506
[2026-09-16 08:55:26]   target 409: realized linf = 0.03137 (8.00/255), budget = 8.00/255
[2026-09-16 08:57:08]   [t409 v1/6] SUCCESS (pred=dog) CTA=0.8588
[2026-09-16 08:58:49]   [t409 v2/6] SUCCESS (pred=dog) CTA=0.8626
[2026-09-16 09:00:29]   [t409 v3/6] SUCCESS (pred=dog) CTA=0.8599
[2026-09-16 09:02:09]   [t409 v4/6] SUCCESS (pred=dog) CTA=0.8684
[2026-09-16 09:03:49]   [t409 v5/6] SUCCESS (pred=dog) CTA=0.8581
[2026-09-16 09:05:29]   [t409 v6/6] SUCCESS (pred=dog) CTA=0.8447
[2026-09-16 09:05:29]   target 409, 6 victims on this gpu: ASR=100.0% CTA=0.8588 +/- 0.0072
[2026-09-16 09:05:29] === target 2270 (3/10) ===
[2026-09-16 09:12:57]   target 2270: crafted 250 poisons in 447 s, obj=0.24949
[2026-09-16 09:12:57]   target 2270: realized linf = 0.03137 (8.00/255), budget = 8.00/255
[2026-09-16 09:14:39]   [t2270 v1/6] SUCCESS (pred=dog) CTA=0.8588
[2026-09-16 09:16:20]   [t2270 v2/6] SUCCESS (pred=dog) CTA=0.8614
[2026-09-16 09:18:02]   [t2270 v3/6] SUCCESS (pred=dog) CTA=0.8258
[2026-09-16 09:19:44]   [t2270 v4/6] SUCCESS (pred=dog) CTA=0.8628
[2026-09-16 09:21:26]   [t2270 v5/6] SUCCESS (pred=dog) CTA=0.8486
[2026-09-16 09:23:07]   [t2270 v6/6] SUCCESS (pred=dog) CTA=0.8467
[2026-09-16 09:23:07]   target 2270, 6 victims on this gpu: ASR=100.0% CTA=0.8507 +/- 0.0127
[2026-09-16 09:23:07] === target 9870 (4/10) ===
[2026-09-16 09:30:35]   target 9870: crafted 250 poisons in 447 s, obj=0.23256
[2026-09-16 09:30:35]   target 9870: realized linf = 0.03137 (8.00/255), budget = 8.00/255
[2026-09-16 09:32:16]   [t9870 v1/6] SUCCESS (pred=dog) CTA=0.8373
[2026-09-16 09:33:58]   [t9870 v2/6] SUCCESS (pred=dog) CTA=0.8437
[2026-09-16 09:35:39]   [t9870 v3/6] SUCCESS (pred=dog) CTA=0.8483
[2026-09-16 09:37:21]   [t9870 v4/6] SUCCESS (pred=dog) CTA=0.8490
[2026-09-16 09:39:03]   [t9870 v5/6] SUCCESS (pred=dog) CTA=0.8503
[2026-09-16 09:40:44]   [t9870 v6/6] SUCCESS (pred=dog) CTA=0.8554
[2026-09-16 09:40:44]   target 9870, 6 victims on this gpu: ASR=100.0% CTA=0.8473 +/- 0.0056
[2026-09-16 09:40:44] === target 1656 (5/10) ===
[2026-09-16 09:48:12]   target 1656: crafted 250 poisons in 447 s, obj=0.23042
[2026-09-16 09:48:12]   target 1656: realized linf = 0.03137 (8.00/255), budget = 8.00/255
[2026-09-16 09:49:53]   [t1656 v1/6] SUCCESS (pred=dog) CTA=0.8519
[2026-09-16 09:51:35]   [t1656 v2/6] SUCCESS (pred=dog) CTA=0.8506
[2026-09-16 09:53:17]   [t1656 v3/6] SUCCESS (pred=dog) CTA=0.8540
[2026-09-16 09:54:58]   [t1656 v4/6] SUCCESS (pred=dog) CTA=0.8631
[2026-09-16 09:56:40]   [t1656 v5/6] SUCCESS (pred=dog) CTA=0.8489
[2026-09-16 09:58:22]   [t1656 v6/6] SUCCESS (pred=dog) CTA=0.8529
[2026-09-16 09:58:22]   target 1656, 6 victims on this gpu: ASR=100.0% CTA=0.8536 +/- 0.0046
[2026-09-16 09:58:22] === target 5022 (6/10) ===
[2026-09-16 10:05:49]   target 5022: crafted 250 poisons in 447 s, obj=0.23892
[2026-09-16 10:05:49]   target 5022: realized linf = 0.03137 (8.00/255), budget = 8.00/255
[2026-09-16 10:07:31]   [t5022 v1/6] SUCCESS (pred=dog) CTA=0.8625
[2026-09-16 10:09:13]   [t5022 v2/6] SUCCESS (pred=dog) CTA=0.8470
[2026-09-16 10:10:54]   [t5022 v3/6] SUCCESS (pred=dog) CTA=0.8485
[2026-09-16 10:12:36]   [t5022 v4/6] SUCCESS (pred=dog) CTA=0.8605
[2026-09-16 10:14:17]   [t5022 v5/6] SUCCESS (pred=dog) CTA=0.8516
[2026-09-16 10:15:58]   [t5022 v6/6] SUCCESS (pred=dog) CTA=0.8571
[2026-09-16 10:15:58]   target 5022, 6 victims on this gpu: ASR=100.0% CTA=0.8545 +/- 0.0059
[2026-09-16 10:15:58] === target 9090 (7/10) ===
[2026-09-16 10:23:26]   target 9090: crafted 250 poisons in 447 s, obj=0.23501
[2026-09-16 10:23:26]   target 9090: realized linf = 0.03137 (8.00/255), budget = 8.00/255
[2026-09-16 10:25:08]   [t9090 v1/6] SUCCESS (pred=dog) CTA=0.8624
[2026-09-16 10:26:48]   [t9090 v2/6] SUCCESS (pred=dog) CTA=0.8464
[2026-09-16 10:28:28]   [t9090 v3/6] SUCCESS (pred=dog) CTA=0.8556
[2026-09-16 10:30:08]   [t9090 v4/6] SUCCESS (pred=dog) CTA=0.8531
[2026-09-16 10:31:48]   [t9090 v5/6] SUCCESS (pred=dog) CTA=0.8537
[2026-09-16 10:33:28]   [t9090 v6/6] SUCCESS (pred=dog) CTA=0.8526
[2026-09-16 10:33:28]   target 9090, 6 victims on this gpu: ASR=100.0% CTA=0.8540 +/- 0.0047
[2026-09-16 10:33:28] === target 6033 (8/10) ===
[2026-09-16 10:40:55]   target 6033: crafted 250 poisons in 447 s, obj=0.21044
[2026-09-16 10:40:55]   target 6033: realized linf = 0.03137 (8.00/255), budget = 8.00/255
[2026-09-16 10:42:37]   [t6033 v1/6] SUCCESS (pred=dog) CTA=0.8486
[2026-09-16 10:44:17]   [t6033 v2/6] SUCCESS (pred=dog) CTA=0.8607
[2026-09-16 10:45:57]   [t6033 v3/6] SUCCESS (pred=dog) CTA=0.8383
[2026-09-16 10:47:37]   [t6033 v4/6] SUCCESS (pred=dog) CTA=0.8649
[2026-09-16 10:49:17]   [t6033 v5/6] SUCCESS (pred=dog) CTA=0.8525
[2026-09-16 10:50:58]   [t6033 v6/6] SUCCESS (pred=dog) CTA=0.8639
[2026-09-16 10:50:58]   target 6033, 6 victims on this gpu: ASR=100.0% CTA=0.8548 +/- 0.0094
[2026-09-16 10:50:58] === target 7940 (9/10) ===
[2026-09-16 10:58:25]   target 7940: crafted 250 poisons in 447 s, obj=0.27699
[2026-09-16 10:58:25]   target 7940: realized linf = 0.03137 (8.00/255), budget = 8.00/255
[2026-09-16 11:00:07]   [t7940 v1/6] SUCCESS (pred=dog) CTA=0.8521
[2026-09-16 11:01:47]   [t7940 v2/6] SUCCESS (pred=dog) CTA=0.8632
[2026-09-16 11:03:28]   [t7940 v3/6] SUCCESS (pred=dog) CTA=0.8516
[2026-09-16 11:05:08]   [t7940 v4/6] SUCCESS (pred=dog) CTA=0.8647
[2026-09-16 11:06:49]   [t7940 v5/6] SUCCESS (pred=dog) CTA=0.8586
[2026-09-16 11:08:29]   [t7940 v6/6] SUCCESS (pred=dog) CTA=0.8553
[2026-09-16 11:08:29]   target 7940, 6 victims on this gpu: ASR=100.0% CTA=0.8576 +/- 0.0051
[2026-09-16 11:08:29] === target 9731 (10/10) ===
[2026-09-16 11:15:56]   target 9731: crafted 250 poisons in 446 s, obj=0.28106
[2026-09-16 11:15:56]   target 9731: realized linf = 0.03137 (8.00/255), budget = 8.00/255
[2026-09-16 11:17:38]   [t9731 v1/6] SUCCESS (pred=dog) CTA=0.8569
[2026-09-16 11:19:19]   [t9731 v2/6] SUCCESS (pred=dog) CTA=0.8550
[2026-09-16 11:21:01]   [t9731 v3/6] SUCCESS (pred=dog) CTA=0.8429
[2026-09-16 11:22:43]   [t9731 v4/6] SUCCESS (pred=dog) CTA=0.8415
[2026-09-16 11:24:25]   [t9731 v5/6] SUCCESS (pred=dog) CTA=0.8406
[2026-09-16 11:26:06]   [t9731 v6/6] SUCCESS (pred=dog) CTA=0.8590
[2026-09-16 11:26:06]   target 9731, 6 victims on this gpu: ASR=100.0% CTA=0.8493 +/- 0.0078
[2026-09-16 11:26:06] ==== CIFAR10_VGG13BN_gradmatch_ours_dog-bird_b0.005_eps8_seed42_lam1_cosine_selarchConvNetBN_K10_ce5_tgt50 : ASR = 93.3% +/- 20.0% | CTA = 0.8535 (baseline 0.8476) ====
[2026-09-16 11:26:06]   target-prediction tally ['airplane', 'automobile', 'bird', 'cat', 'deer', 'dog', 'frog', 'horse', 'ship', 'truck']: [1, 0, 3, 0, 0, 56, 0, 0, 0, 0]
verified: 10 targets x 6 victims = 60 unique evaluations
sync: CIFAR10_VGG13BN_gradmatch_ours_dog-bird_b0.005_eps8_seed42_lam1_cosine_selarchConvNetBN_K10_ce5_tgt50 -> /home/mmoslem3/scratch/PoisonBase/cross_arch_k_10x6_result
sync: complete
