gpu: NVIDIA L40S
cache: waiting for shared ResNet20BN checkpoint lock
cache: ResNet20BN checkpoints ready
cache: waiting for shared VGG13BN checkpoint lock
cache: VGG13BN checkpoints ready
run: waiting for duplicate-submission lock
targets: 10 unique pinned indices: 5118 8740 5324 4630 833 2065 7056 9059 6707 9874
job: 932755 xb168_sapa_b0002_vr20_svgg_k30 on rack06-12
config: attack=sapa budget=0.002 A=V=ResNet20BN S=VGG13BN K=30 base=ours jacobian=off craft_steps=250 targets=10 victims=6 replacement_for=927256
protocol: method=ours Jacobian=off targets=10 victims=6 selector_K=30
protocol: 30 shared surrogates available; crafting always uses V checkpoints 0..4
output: /home/mmoslem3/scratch/PoisonBase/cross_arch_k_10x6_result/CIFAR10_ResNet20BN_sapa_ours_dog-bird_b0.002_eps8_seed42_lam1_cosine_selarchVGG13BN_K30_worst0.05_ce5_tgt14
[2026-09-16 09:14:29] === run start: CIFAR10_ResNet20BN_sapa_ours_dog-bird_b0.002_eps8_seed42_lam1_cosine_selarchVGG13BN_K30_worst0.05_ce5_tgt14 on cuda [0] ===
[2026-09-16 09:14:29] args: {"FORCE": false, "attack": "sapa", "base": "ours", "base_dist": "cosine", "base_topr": null, "budget": 0.002, "cache_dir": "/tmp/PoisonBase_cross_arch_k_10x6/cache", "class_pair": "dog-bird", "clean_baseline": true, "craft_alpha": 0.0039216, "craft_aug": true, "craft_batch": 256, "craft_ensemble": 5, "craft_lowmem": false, "craft_schedule": false, "craft_steps": 250, "data_path": "/tmp/PoisonBase_cross_arch_k_10x6/data", "dataset": "CIFAR10", "distance_margin_coef": null, "dsa_strategy": "color_crop_cutout_flip_scale_rotate", "epsilon": 0.0313725, "fast_gradmatch": false, "fc_mode": "sample", "fc_restarts": 1, "gpus": "all", "jacobian_batch_size": 64, "jacobian_weight": 1.0, "lambda_margin": 1.0, "model": "ResNet20BN", "no_resume": false, "num_poisons": 500, "num_surrogates": 30, "num_targets": 10, "num_victims": 6, "out_dir": "/tmp/PoisonBase_cross_arch_k_10x6/cross_arch_k_10x6_result", "pair_order": "poison-target", "parallel_pretrain": true, "parallel_targets": true, "precompute_id": null, "precompute_only": false, "precompute_part": "both", "rank_on_victims": true, "recompute_deltas": false, "require_correct_target": false, "restarts": 8, "seed": 42, "sel_K": 30, "sel_alpha": 1.0, "sel_criterion": null, "sel_dpp": false, "sel_filter": false, "sel_mmr": false, "sel_mode": null, "sel_model": "VGG13BN", "sel_mu": 1.0, "sel_pca": false, "sel_pool": 3.0, "sharp_mode": "worst", "sharp_samples": 20, "sharp_sigma": 0.05, "steal_timeout": 7200.0, "surrogate_aug": false, "surrogate_bs": 128, "surrogate_decay": [35, 45], "surrogate_epochs": 60, "surrogate_lr": 0.1, "surrogate_wd": 0.0, "target_idx_file": "/tmp/PoisonBase_cross_arch_k_10x6/target_sets/ResNet20BN_gradmatch_dog-bird.json", "target_select": 14, "use_jacobian_score": false, "victim_aug": false, "victim_bs": 125, "victim_decay": [40], "victim_epochs": 50, "victim_lr": 0.1, "victim_wd": 0.0}
[2026-09-16 09:14:29] Jacobian score: disabled
[2026-09-16 09:14:29] N_total=50000 budget=0.002 -> N_p=100 poisons, y_adv=5(dog) target_class=2(bird)
[2026-09-16 09:14:29] === surrogates (30 x ResNet20BN, trained on the full real set) ===
[2026-09-16 09:14:30]   crafting on 5/30 surrogates
[2026-09-16 09:14:30] === selection surrogates (30 x VGG13BN, cross-architecture) ===
[2026-09-16 09:14:31] === clean victims (6 x ResNet20BN) ===
[2026-09-16 09:14:32]   clean baseline CTA = 0.8354 +/- 0.0043
[2026-09-16 09:14:32]   target pool 1000 -> eligible 978 (22 already predicted as y_adv or dropped)
[2026-09-16 09:14:32]   chosen 10 targets (file), p_adv range 0.0001..0.3539
[2026-09-16 09:14:32]   targets: [5118, 8740, 5324, 4630, 833, 2065, 7056, 9059, 6707, 9874]
[2026-09-16 09:14:33] === target 5118 (1/10) ===
[2026-09-16 09:18:32]   target 5118: crafted 100 poisons in 235 s, obj=0.21411
[2026-09-16 09:18:32]   target 5118: realized linf = 0.03137 (8.00/255), budget = 8.00/255
[2026-09-16 09:20:08]   [t5118 v1/6] SUCCESS (pred=dog) CTA=0.8384
[2026-09-16 09:21:44]   [t5118 v2/6] SUCCESS (pred=dog) CTA=0.8389
[2026-09-16 09:23:21]   [t5118 v3/6] SUCCESS (pred=dog) CTA=0.8323
[2026-09-16 09:24:57]   [t5118 v4/6] SUCCESS (pred=dog) CTA=0.8343
[2026-09-16 09:26:33]   [t5118 v5/6] SUCCESS (pred=dog) CTA=0.8403
[2026-09-16 09:28:09]   [t5118 v6/6] SUCCESS (pred=dog) CTA=0.8362
[2026-09-16 09:28:09]   target 5118, 6 victims on this gpu: ASR=100.0% CTA=0.8367 +/- 0.0028
[2026-09-16 09:28:09] === target 8740 (2/10) ===
[2026-09-16 09:32:08]   target 8740: crafted 100 poisons in 234 s, obj=0.19318
[2026-09-16 09:32:08]   target 8740: realized linf = 0.03137 (8.00/255), budget = 8.00/255
[2026-09-16 09:33:44]   [t8740 v1/6] SUCCESS (pred=dog) CTA=0.8463
[2026-09-16 09:35:20]   [t8740 v2/6] SUCCESS (pred=dog) CTA=0.8356
[2026-09-16 09:36:56]   [t8740 v3/6] SUCCESS (pred=dog) CTA=0.8367
[2026-09-16 09:38:33]   [t8740 v4/6] SUCCESS (pred=dog) CTA=0.8300
[2026-09-16 09:40:09]   [t8740 v5/6] SUCCESS (pred=dog) CTA=0.8423
[2026-09-16 09:41:45]   [t8740 v6/6] fail (pred=bird) CTA=0.8312
[2026-09-16 09:41:45]   target 8740, 6 victims on this gpu: ASR=83.3% CTA=0.8370 +/- 0.0058
[2026-09-16 09:41:45] === target 5324 (3/10) ===
[2026-09-16 09:45:44]   target 5324: crafted 100 poisons in 234 s, obj=0.21609
[2026-09-16 09:45:44]   target 5324: realized linf = 0.03137 (8.00/255), budget = 8.00/255
[2026-09-16 09:47:20]   [t5324 v1/6] fail (pred=cat) CTA=0.8427
[2026-09-16 09:48:56]   [t5324 v2/6] fail (pred=ship) CTA=0.8327
[2026-09-16 09:50:32]   [t5324 v3/6] fail (pred=cat) CTA=0.8328
[2026-09-16 09:52:09]   [t5324 v4/6] fail (pred=ship) CTA=0.8343
[2026-09-16 09:53:45]   [t5324 v5/6] fail (pred=ship) CTA=0.8416
[2026-09-16 09:55:21]   [t5324 v6/6] SUCCESS (pred=dog) CTA=0.8328
[2026-09-16 09:55:21]   target 5324, 6 victims on this gpu: ASR=16.7% CTA=0.8361 +/- 0.0043
[2026-09-16 09:55:21] === target 4630 (4/10) ===
[2026-09-16 09:59:20]   target 4630: crafted 100 poisons in 234 s, obj=0.18484
[2026-09-16 09:59:20]   target 4630: realized linf = 0.03137 (8.00/255), budget = 8.00/255
[2026-09-16 10:00:56]   [t4630 v1/6] fail (pred=deer) CTA=0.8419
[2026-09-16 10:02:32]   [t4630 v2/6] SUCCESS (pred=dog) CTA=0.8384
[2026-09-16 10:04:08]   [t4630 v3/6] fail (pred=bird) CTA=0.8449
[2026-09-16 10:05:44]   [t4630 v4/6] fail (pred=frog) CTA=0.8343
[2026-09-16 10:07:21]   [t4630 v5/6] fail (pred=frog) CTA=0.8346
[2026-09-16 10:08:57]   [t4630 v6/6] fail (pred=frog) CTA=0.8436
[2026-09-16 10:08:57]   target 4630, 6 victims on this gpu: ASR=16.7% CTA=0.8396 +/- 0.0042
[2026-09-16 10:08:57] === target 833 (5/10) ===
[2026-09-16 10:12:55]   target 833: crafted 100 poisons in 234 s, obj=0.20384
[2026-09-16 10:12:55]   target 833: realized linf = 0.03137 (8.00/255), budget = 8.00/255
[2026-09-16 10:14:31]   [t833 v1/6] fail (pred=horse) CTA=0.8429
[2026-09-16 10:16:08]   [t833 v2/6] SUCCESS (pred=dog) CTA=0.8425
[2026-09-16 10:17:44]   [t833 v3/6] SUCCESS (pred=dog) CTA=0.8367
[2026-09-16 10:19:20]   [t833 v4/6] SUCCESS (pred=dog) CTA=0.8399
[2026-09-16 10:20:56]   [t833 v5/6] fail (pred=bird) CTA=0.8379
[2026-09-16 10:22:33]   [t833 v6/6] SUCCESS (pred=dog) CTA=0.8418
[2026-09-16 10:22:33]   target 833, 6 victims on this gpu: ASR=66.7% CTA=0.8403 +/- 0.0023
[2026-09-16 10:22:33] === target 2065 (6/10) ===
[2026-09-16 10:26:32]   target 2065: crafted 100 poisons in 235 s, obj=0.19376
[2026-09-16 10:26:32]   target 2065: realized linf = 0.03137 (8.00/255), budget = 8.00/255
[2026-09-16 10:28:08]   [t2065 v1/6] SUCCESS (pred=dog) CTA=0.8393
[2026-09-16 10:29:45]   [t2065 v2/6] SUCCESS (pred=dog) CTA=0.8349
[2026-09-16 10:31:21]   [t2065 v3/6] SUCCESS (pred=dog) CTA=0.8367
[2026-09-16 10:32:57]   [t2065 v4/6] SUCCESS (pred=dog) CTA=0.8281
[2026-09-16 10:34:33]   [t2065 v5/6] SUCCESS (pred=dog) CTA=0.8418
[2026-09-16 10:36:10]   [t2065 v6/6] SUCCESS (pred=dog) CTA=0.8393
[2026-09-16 10:36:10]   target 2065, 6 victims on this gpu: ASR=100.0% CTA=0.8367 +/- 0.0044
[2026-09-16 10:36:10] === target 7056 (7/10) ===
[2026-09-16 10:40:08]   target 7056: crafted 100 poisons in 234 s, obj=0.24214
[2026-09-16 10:40:08]   target 7056: realized linf = 0.03137 (8.00/255), budget = 8.00/255
[2026-09-16 10:41:44]   [t7056 v1/6] SUCCESS (pred=dog) CTA=0.8320
[2026-09-16 10:43:21]   [t7056 v2/6] fail (pred=bird) CTA=0.8330
[2026-09-16 10:44:57]   [t7056 v3/6] fail (pred=bird) CTA=0.8403
[2026-09-16 10:46:33]   [t7056 v4/6] fail (pred=bird) CTA=0.8426
[2026-09-16 10:48:09]   [t7056 v5/6] fail (pred=bird) CTA=0.8373
[2026-09-16 10:49:46]   [t7056 v6/6] fail (pred=bird) CTA=0.8368
[2026-09-16 10:49:46]   target 7056, 6 victims on this gpu: ASR=16.7% CTA=0.8370 +/- 0.0037
[2026-09-16 10:49:46] === target 9059 (8/10) ===
[2026-09-16 10:53:44]   target 9059: crafted 100 poisons in 234 s, obj=0.23130
[2026-09-16 10:53:44]   target 9059: realized linf = 0.03137 (8.00/255), budget = 8.00/255
[2026-09-16 10:55:21]   [t9059 v1/6] fail (pred=cat) CTA=0.8344
[2026-09-16 10:56:57]   [t9059 v2/6] fail (pred=frog) CTA=0.8413
[2026-09-16 10:58:33]   [t9059 v3/6] fail (pred=cat) CTA=0.8361
[2026-09-16 11:00:09]   [t9059 v4/6] SUCCESS (pred=dog) CTA=0.8373
[2026-09-16 11:01:45]   [t9059 v5/6] fail (pred=bird) CTA=0.8367
[2026-09-16 11:03:22]   [t9059 v6/6] fail (pred=bird) CTA=0.8415
[2026-09-16 11:03:22]   target 9059, 6 victims on this gpu: ASR=16.7% CTA=0.8379 +/- 0.0026
[2026-09-16 11:03:22] === target 6707 (9/10) ===
[2026-09-16 11:07:20]   target 6707: crafted 100 poisons in 234 s, obj=0.20259
[2026-09-16 11:07:20]   target 6707: realized linf = 0.03137 (8.00/255), budget = 8.00/255
[2026-09-16 11:08:56]   [t6707 v1/6] SUCCESS (pred=dog) CTA=0.8374
[2026-09-16 11:10:33]   [t6707 v2/6] SUCCESS (pred=dog) CTA=0.8356
[2026-09-16 11:12:09]   [t6707 v3/6] SUCCESS (pred=dog) CTA=0.8383
[2026-09-16 11:13:45]   [t6707 v4/6] SUCCESS (pred=dog) CTA=0.8379
[2026-09-16 11:15:21]   [t6707 v5/6] SUCCESS (pred=dog) CTA=0.8426
[2026-09-16 11:16:57]   [t6707 v6/6] fail (pred=bird) CTA=0.8341
[2026-09-16 11:16:57]   target 6707, 6 victims on this gpu: ASR=83.3% CTA=0.8377 +/- 0.0026
[2026-09-16 11:16:57] === target 9874 (10/10) ===
[2026-09-16 11:20:56]   target 9874: crafted 100 poisons in 234 s, obj=0.18339
[2026-09-16 11:20:56]   target 9874: realized linf = 0.03137 (8.00/255), budget = 8.00/255
[2026-09-16 11:22:32]   [t9874 v1/6] SUCCESS (pred=dog) CTA=0.8374
[2026-09-16 11:24:09]   [t9874 v2/6] SUCCESS (pred=dog) CTA=0.8266
[2026-09-16 11:25:45]   [t9874 v3/6] SUCCESS (pred=dog) CTA=0.8375
[2026-09-16 11:27:21]   [t9874 v4/6] SUCCESS (pred=dog) CTA=0.8297
