gpu: NVIDIA L40S
cache: waiting for shared VGG13BN checkpoint lock
cache: VGG13BN checkpoints ready
cache: waiting for shared ConvNetBN checkpoint lock
cache: ConvNetBN checkpoints ready
run: waiting for duplicate-submission lock
targets: 10 unique pinned indices: 630 409 2270 9870 1656 5022 9090 6033 7940 9731
job: 932756 xb171_sapa_b0002_vvgg_sconv_k10 on rack13-15
config: attack=sapa budget=0.002 A=V=VGG13BN S=ConvNetBN K=10 base=ours jacobian=off craft_steps=250 targets=10 victims=6 replacement_for=927259
protocol: method=ours Jacobian=off targets=10 victims=6 selector_K=10
protocol: 30 shared surrogates available; crafting always uses V checkpoints 0..4
output: /home/mmoslem3/scratch/PoisonBase/cross_arch_k_10x6_result/CIFAR10_VGG13BN_sapa_ours_dog-bird_b0.002_eps8_seed42_lam1_cosine_selarchConvNetBN_K10_worst0.05_ce5_tgt50
[2026-09-16 09:17:17] === run start: CIFAR10_VGG13BN_sapa_ours_dog-bird_b0.002_eps8_seed42_lam1_cosine_selarchConvNetBN_K10_worst0.05_ce5_tgt50 on cuda [0] ===
[2026-09-16 09:17:17] args: {"FORCE": false, "attack": "sapa", "base": "ours", "base_dist": "cosine", "base_topr": null, "budget": 0.002, "cache_dir": "/tmp/PoisonBase_cross_arch_k_10x6/cache", "class_pair": "dog-bird", "clean_baseline": true, "craft_alpha": 0.0039216, "craft_aug": true, "craft_batch": 256, "craft_ensemble": 5, "craft_lowmem": true, "craft_schedule": false, "craft_steps": 250, "data_path": "/tmp/PoisonBase_cross_arch_k_10x6/data", "dataset": "CIFAR10", "distance_margin_coef": null, "dsa_strategy": "color_crop_cutout_flip_scale_rotate", "epsilon": 0.0313725, "fast_gradmatch": true, "fc_mode": "sample", "fc_restarts": 1, "gpus": "all", "jacobian_batch_size": 64, "jacobian_weight": 1.0, "lambda_margin": 1.0, "model": "VGG13BN", "no_resume": false, "num_poisons": 500, "num_surrogates": 30, "num_targets": 10, "num_victims": 6, "out_dir": "/tmp/PoisonBase_cross_arch_k_10x6/cross_arch_k_10x6_result", "pair_order": "poison-target", "parallel_pretrain": true, "parallel_targets": true, "precompute_id": null, "precompute_only": false, "precompute_part": "both", "rank_on_victims": true, "recompute_deltas": false, "require_correct_target": false, "restarts": 8, "seed": 42, "sel_K": 10, "sel_alpha": 1.0, "sel_criterion": null, "sel_dpp": false, "sel_filter": false, "sel_mmr": false, "sel_mode": null, "sel_model": "ConvNetBN", "sel_mu": 1.0, "sel_pca": false, "sel_pool": 3.0, "sharp_mode": "worst", "sharp_samples": 20, "sharp_sigma": 0.05, "steal_timeout": 7200.0, "surrogate_aug": false, "surrogate_bs": 128, "surrogate_decay": [35, 45], "surrogate_epochs": 60, "surrogate_lr": 0.1, "surrogate_wd": 0.0, "target_idx_file": "/tmp/PoisonBase_cross_arch_k_10x6/target_sets/VGG13BN_gradmatch_dog-bird.json", "target_select": 50, "use_jacobian_score": false, "victim_aug": false, "victim_bs": 125, "victim_decay": [40], "victim_epochs": 50, "victim_lr": 0.1, "victim_wd": 0.0}
[2026-09-16 09:17:17] Jacobian score: disabled
[2026-09-16 09:17:17] N_total=50000 budget=0.002 -> N_p=100 poisons, y_adv=5(dog) target_class=2(bird)
[2026-09-16 09:17:17] === surrogates (30 x VGG13BN, trained on the full real set) ===
[2026-09-16 09:17:18]   crafting on 5/30 surrogates
[2026-09-16 09:17:18] === selection surrogates (30 x ConvNetBN, cross-architecture) ===
[2026-09-16 09:17:19] === clean victims (6 x VGG13BN) ===
[2026-09-16 09:17:20]   clean baseline CTA = 0.8476 +/- 0.0158
[2026-09-16 09:17:20]   target pool 1000 -> eligible 970 (30 already predicted as y_adv or dropped)
[2026-09-16 09:17:20]   chosen 10 targets (file), p_adv range 0.0000..0.0000
[2026-09-16 09:17:20]   targets: [630, 409, 2270, 9870, 1656, 5022, 9090, 6033, 7940, 9731]
[2026-09-16 09:17:21] === target 630 (1/10) ===
[2026-09-16 09:20:27]   target 630: crafted 100 poisons in 186 s, obj=0.27295
[2026-09-16 09:20:27]   target 630: realized linf = 0.03137 (8.00/255), budget = 8.00/255
[2026-09-16 09:22:09]   [t630 v1/6] SUCCESS (pred=dog) CTA=0.8594
[2026-09-16 09:23:50]   [t630 v2/6] SUCCESS (pred=dog) CTA=0.8522
[2026-09-16 09:25:32]   [t630 v3/6] SUCCESS (pred=dog) CTA=0.8551
[2026-09-16 09:27:14]   [t630 v4/6] SUCCESS (pred=dog) CTA=0.8515
[2026-09-16 09:28:55]   [t630 v5/6] SUCCESS (pred=dog) CTA=0.8482
[2026-09-16 09:30:37]   [t630 v6/6] SUCCESS (pred=dog) CTA=0.8524
[2026-09-16 09:30:37]   target 630, 6 victims on this gpu: ASR=100.0% CTA=0.8531 +/- 0.0035
[2026-09-16 09:30:37] === target 409 (2/10) ===
[2026-09-16 09:33:42]   target 409: crafted 100 poisons in 185 s, obj=0.24092
[2026-09-16 09:33:42]   target 409: realized linf = 0.03137 (8.00/255), budget = 8.00/255
[2026-09-16 09:35:23]   [t409 v1/6] SUCCESS (pred=dog) CTA=0.8574
[2026-09-16 09:37:04]   [t409 v2/6] SUCCESS (pred=dog) CTA=0.8434
[2026-09-16 09:38:46]   [t409 v3/6] SUCCESS (pred=dog) CTA=0.8592
[2026-09-16 09:40:28]   [t409 v4/6] SUCCESS (pred=dog) CTA=0.8531
[2026-09-16 09:42:09]   [t409 v5/6] SUCCESS (pred=dog) CTA=0.8642
[2026-09-16 09:43:51]   [t409 v6/6] SUCCESS (pred=dog) CTA=0.8452
[2026-09-16 09:43:51]   target 409, 6 victims on this gpu: ASR=100.0% CTA=0.8538 +/- 0.0074
[2026-09-16 09:43:51] === target 2270 (3/10) ===
[2026-09-16 09:46:56]   target 2270: crafted 100 poisons in 184 s, obj=0.27169
[2026-09-16 09:46:56]   target 2270: realized linf = 0.03137 (8.00/255), budget = 8.00/255
[2026-09-16 09:48:36]   [t2270 v1/6] fail (pred=cat) CTA=0.8588
[2026-09-16 09:50:18]   [t2270 v2/6] SUCCESS (pred=dog) CTA=0.8539
[2026-09-16 09:52:00]   [t2270 v3/6] SUCCESS (pred=dog) CTA=0.8425
[2026-09-16 09:53:41]   [t2270 v4/6] SUCCESS (pred=dog) CTA=0.8630
[2026-09-16 09:55:23]   [t2270 v5/6] SUCCESS (pred=dog) CTA=0.8522
[2026-09-16 09:57:05]   [t2270 v6/6] fail (pred=cat) CTA=0.8524
[2026-09-16 09:57:05]   target 2270, 6 victims on this gpu: ASR=66.7% CTA=0.8538 +/- 0.0063
[2026-09-16 09:57:05] === target 9870 (4/10) ===
[2026-09-16 10:00:10]   target 9870: crafted 100 poisons in 185 s, obj=0.24413
[2026-09-16 10:00:10]   target 9870: realized linf = 0.03137 (8.00/255), budget = 8.00/255
[2026-09-16 10:01:50]   [t9870 v1/6] SUCCESS (pred=dog) CTA=0.8487
[2026-09-16 10:03:32]   [t9870 v2/6] SUCCESS (pred=dog) CTA=0.8442
[2026-09-16 10:05:13]   [t9870 v3/6] SUCCESS (pred=dog) CTA=0.8501
[2026-09-16 10:06:55]   [t9870 v4/6] SUCCESS (pred=dog) CTA=0.8470
[2026-09-16 10:08:36]   [t9870 v5/6] fail (pred=cat) CTA=0.8567
[2026-09-16 10:10:18]   [t9870 v6/6] SUCCESS (pred=dog) CTA=0.8558
[2026-09-16 10:10:18]   target 9870, 6 victims on this gpu: ASR=83.3% CTA=0.8504 +/- 0.0045
[2026-09-16 10:10:18] === target 1656 (5/10) ===
[2026-09-16 10:13:23]   target 1656: crafted 100 poisons in 185 s, obj=0.25085
[2026-09-16 10:13:23]   target 1656: realized linf = 0.03137 (8.00/255), budget = 8.00/255
[2026-09-16 10:15:04]   [t1656 v1/6] SUCCESS (pred=dog) CTA=0.8435
[2026-09-16 10:16:46]   [t1656 v2/6] SUCCESS (pred=dog) CTA=0.8515
[2026-09-16 10:18:27]   [t1656 v3/6] SUCCESS (pred=dog) CTA=0.8586
[2026-09-16 10:20:09]   [t1656 v4/6] SUCCESS (pred=dog) CTA=0.8592
[2026-09-16 10:21:51]   [t1656 v5/6] SUCCESS (pred=dog) CTA=0.8480
[2026-09-16 10:23:32]   [t1656 v6/6] SUCCESS (pred=dog) CTA=0.8495
[2026-09-16 10:23:32]   target 1656, 6 victims on this gpu: ASR=100.0% CTA=0.8517 +/- 0.0056
[2026-09-16 10:23:32] === target 5022 (6/10) ===
[2026-09-16 10:26:43]   target 5022: crafted 100 poisons in 190 s, obj=0.25591
[2026-09-16 10:26:43]   target 5022: realized linf = 0.03137 (8.00/255), budget = 8.00/255
[2026-09-16 10:28:23]   [t5022 v1/6] SUCCESS (pred=dog) CTA=0.8637
[2026-09-16 10:30:05]   [t5022 v2/6] SUCCESS (pred=dog) CTA=0.8597
[2026-09-16 10:31:47]   [t5022 v3/6] SUCCESS (pred=dog) CTA=0.8501
[2026-09-16 10:33:28]   [t5022 v4/6] SUCCESS (pred=dog) CTA=0.8563
[2026-09-16 10:35:10]   [t5022 v5/6] SUCCESS (pred=dog) CTA=0.8552
[2026-09-16 10:36:52]   [t5022 v6/6] SUCCESS (pred=dog) CTA=0.8545
[2026-09-16 10:36:52]   target 5022, 6 victims on this gpu: ASR=100.0% CTA=0.8566 +/- 0.0043
[2026-09-16 10:36:52] === target 9090 (7/10) ===
[2026-09-16 10:39:57]   target 9090: crafted 100 poisons in 185 s, obj=0.23641
[2026-09-16 10:39:57]   target 9090: realized linf = 0.03137 (8.00/255), budget = 8.00/255
[2026-09-16 10:41:38]   [t9090 v1/6] SUCCESS (pred=dog) CTA=0.8636
[2026-09-16 10:43:19]   [t9090 v2/6] SUCCESS (pred=dog) CTA=0.8543
[2026-09-16 10:45:01]   [t9090 v3/6] SUCCESS (pred=dog) CTA=0.8581
[2026-09-16 10:46:42]   [t9090 v4/6] SUCCESS (pred=dog) CTA=0.8526
[2026-09-16 10:48:24]   [t9090 v5/6] SUCCESS (pred=dog) CTA=0.8492
[2026-09-16 10:50:05]   [t9090 v6/6] SUCCESS (pred=dog) CTA=0.8566
[2026-09-16 10:50:05]   target 9090, 6 victims on this gpu: ASR=100.0% CTA=0.8557 +/- 0.0045
[2026-09-16 10:50:05] === target 6033 (8/10) ===
[2026-09-16 10:53:11]   target 6033: crafted 100 poisons in 185 s, obj=0.21279
[2026-09-16 10:53:11]   target 6033: realized linf = 0.03137 (8.00/255), budget = 8.00/255
[2026-09-16 10:54:51]   [t6033 v1/6] SUCCESS (pred=dog) CTA=0.8449
[2026-09-16 10:56:33]   [t6033 v2/6] SUCCESS (pred=dog) CTA=0.8641
[2026-09-16 10:58:14]   [t6033 v3/6] SUCCESS (pred=dog) CTA=0.8465
[2026-09-16 10:59:56]   [t6033 v4/6] SUCCESS (pred=dog) CTA=0.8655
[2026-09-16 11:01:38]   [t6033 v5/6] SUCCESS (pred=dog) CTA=0.8655
[2026-09-16 11:03:19]   [t6033 v6/6] SUCCESS (pred=dog) CTA=0.8604
[2026-09-16 11:03:19]   target 6033, 6 victims on this gpu: ASR=100.0% CTA=0.8578 +/- 0.0087
[2026-09-16 11:03:19] === target 7940 (9/10) ===
[2026-09-16 11:06:25]   target 7940: crafted 100 poisons in 185 s, obj=0.29324
[2026-09-16 11:06:25]   target 7940: realized linf = 0.03137 (8.00/255), budget = 8.00/255
[2026-09-16 11:08:05]   [t7940 v1/6] SUCCESS (pred=dog) CTA=0.8639
[2026-09-16 11:09:47]   [t7940 v2/6] SUCCESS (pred=dog) CTA=0.8621
[2026-09-16 11:11:29]   [t7940 v3/6] SUCCESS (pred=dog) CTA=0.8579
[2026-09-16 11:13:10]   [t7940 v4/6] SUCCESS (pred=dog) CTA=0.8625
[2026-09-16 11:14:52]   [t7940 v5/6] SUCCESS (pred=dog) CTA=0.8600
[2026-09-16 11:16:34]   [t7940 v6/6] SUCCESS (pred=dog) CTA=0.8583
[2026-09-16 11:16:34]   target 7940, 6 victims on this gpu: ASR=100.0% CTA=0.8608 +/- 0.0022
[2026-09-16 11:16:34] === target 9731 (10/10) ===
[2026-09-16 11:19:39]   target 9731: crafted 100 poisons in 185 s, obj=0.28867
[2026-09-16 11:19:39]   target 9731: realized linf = 0.03137 (8.00/255), budget = 8.00/255
[2026-09-16 11:21:20]   [t9731 v1/6] SUCCESS (pred=dog) CTA=0.8547
[2026-09-16 11:23:01]   [t9731 v2/6] SUCCESS (pred=dog) CTA=0.8525
[2026-09-16 11:24:43]   [t9731 v3/6] SUCCESS (pred=dog) CTA=0.8575
[2026-09-16 11:26:24]   [t9731 v4/6] SUCCESS (pred=dog) CTA=0.8550
[2026-09-16 11:28:06]   [t9731 v5/6] SUCCESS (pred=dog) CTA=0.8387
[2026-09-16 11:29:47]   [t9731 v6/6] SUCCESS (pred=dog) CTA=0.8504
[2026-09-16 11:29:47]   target 9731, 6 victims on this gpu: ASR=100.0% CTA=0.8515 +/- 0.0061
[2026-09-16 11:29:47] ==== CIFAR10_VGG13BN_sapa_ours_dog-bird_b0.002_eps8_seed42_lam1_cosine_selarchConvNetBN_K10_worst0.05_ce5_tgt50 : ASR = 95.0% +/- 10.7% | CTA = 0.8545 (baseline 0.8476) ====
[2026-09-16 11:29:47]   target-prediction tally ['airplane', 'automobile', 'bird', 'cat', 'deer', 'dog', 'frog', 'horse', 'ship', 'truck']: [0, 0, 0, 3, 0, 57, 0, 0, 0, 0]
verified: 10 targets x 6 victims = 60 unique evaluations
sync: CIFAR10_VGG13BN_sapa_ours_dog-bird_b0.002_eps8_seed42_lam1_cosine_selarchConvNetBN_K10_worst0.05_ce5_tgt50 -> /home/mmoslem3/scratch/PoisonBase/cross_arch_k_10x6_result
sync: complete
