gpu: NVIDIA L40S
cache: waiting for shared ResNet20BN checkpoint lock
cache: ResNet20BN checkpoints ready
cache: waiting for shared VGG13BN checkpoint lock
cache: VGG13BN checkpoints ready
run: waiting for duplicate-submission lock
targets: 10 unique pinned indices: 5118 8740 5324 4630 833 2065 7056 9059 6707 9874
job: 932767 xb204_sapa_b0005_vr20_svgg_k30 on rack10-04
config: attack=sapa budget=0.005 A=V=ResNet20BN S=VGG13BN K=30 base=ours jacobian=off craft_steps=250 targets=10 victims=6 replacement_for=927292
protocol: method=ours Jacobian=off targets=10 victims=6 selector_K=30
protocol: 30 shared surrogates available; crafting always uses V checkpoints 0..4
output: /home/mmoslem3/scratch/PoisonBase/cross_arch_k_10x6_result/CIFAR10_ResNet20BN_sapa_ours_dog-bird_b0.005_eps8_seed42_lam1_cosine_selarchVGG13BN_K30_worst0.05_ce5_tgt14
[2026-09-16 12:47:53] === run start: CIFAR10_ResNet20BN_sapa_ours_dog-bird_b0.005_eps8_seed42_lam1_cosine_selarchVGG13BN_K30_worst0.05_ce5_tgt14 on cuda [0] ===
[2026-09-16 12:47:53] args: {"FORCE": false, "attack": "sapa", "base": "ours", "base_dist": "cosine", "base_topr": null, "budget": 0.005, "cache_dir": "/tmp/PoisonBase_cross_arch_k_10x6/cache", "class_pair": "dog-bird", "clean_baseline": true, "craft_alpha": 0.0039216, "craft_aug": true, "craft_batch": 256, "craft_ensemble": 5, "craft_lowmem": false, "craft_schedule": false, "craft_steps": 250, "data_path": "/tmp/PoisonBase_cross_arch_k_10x6/data", "dataset": "CIFAR10", "distance_margin_coef": null, "dsa_strategy": "color_crop_cutout_flip_scale_rotate", "epsilon": 0.0313725, "fast_gradmatch": false, "fc_mode": "sample", "fc_restarts": 1, "gpus": "all", "jacobian_batch_size": 64, "jacobian_weight": 1.0, "lambda_margin": 1.0, "model": "ResNet20BN", "no_resume": false, "num_poisons": 500, "num_surrogates": 30, "num_targets": 10, "num_victims": 6, "out_dir": "/tmp/PoisonBase_cross_arch_k_10x6/cross_arch_k_10x6_result", "pair_order": "poison-target", "parallel_pretrain": true, "parallel_targets": true, "precompute_id": null, "precompute_only": false, "precompute_part": "both", "rank_on_victims": true, "recompute_deltas": false, "require_correct_target": false, "restarts": 8, "seed": 42, "sel_K": 30, "sel_alpha": 1.0, "sel_criterion": null, "sel_dpp": false, "sel_filter": false, "sel_mmr": false, "sel_mode": null, "sel_model": "VGG13BN", "sel_mu": 1.0, "sel_pca": false, "sel_pool": 3.0, "sharp_mode": "worst", "sharp_samples": 20, "sharp_sigma": 0.05, "steal_timeout": 7200.0, "surrogate_aug": false, "surrogate_bs": 128, "surrogate_decay": [35, 45], "surrogate_epochs": 60, "surrogate_lr": 0.1, "surrogate_wd": 0.0, "target_idx_file": "/tmp/PoisonBase_cross_arch_k_10x6/target_sets/ResNet20BN_gradmatch_dog-bird.json", "target_select": 14, "use_jacobian_score": false, "victim_aug": false, "victim_bs": 125, "victim_decay": [40], "victim_epochs": 50, "victim_lr": 0.1, "victim_wd": 0.0}
[2026-09-16 12:47:53] Jacobian score: disabled
[2026-09-16 12:47:53] N_total=50000 budget=0.005 -> N_p=250 poisons, y_adv=5(dog) target_class=2(bird)
[2026-09-16 12:47:53] === surrogates (30 x ResNet20BN, trained on the full real set) ===
[2026-09-16 12:47:54]   crafting on 5/30 surrogates
[2026-09-16 12:47:54] === selection surrogates (30 x VGG13BN, cross-architecture) ===
[2026-09-16 12:47:56] === clean victims (6 x ResNet20BN) ===
[2026-09-16 12:47:57]   clean baseline CTA = 0.8354 +/- 0.0043
[2026-09-16 12:47:57]   target pool 1000 -> eligible 978 (22 already predicted as y_adv or dropped)
[2026-09-16 12:47:57]   chosen 10 targets (file), p_adv range 0.0001..0.3539
[2026-09-16 12:47:57]   targets: [5118, 8740, 5324, 4630, 833, 2065, 7056, 9059, 6707, 9874]
[2026-09-16 12:47:58] === target 5118 (1/10) ===
[2026-09-16 12:55:50]   target 5118: crafted 250 poisons in 468 s, obj=0.20344
[2026-09-16 12:55:50]   target 5118: realized linf = 0.03137 (8.00/255), budget = 8.00/255
[2026-09-16 12:57:27]   [t5118 v1/6] SUCCESS (pred=dog) CTA=0.8382
[2026-09-16 12:59:02]   [t5118 v2/6] SUCCESS (pred=dog) CTA=0.8440
[2026-09-16 13:00:38]   [t5118 v3/6] SUCCESS (pred=dog) CTA=0.8331
[2026-09-16 13:02:14]   [t5118 v4/6] SUCCESS (pred=dog) CTA=0.8358
[2026-09-16 13:03:50]   [t5118 v5/6] SUCCESS (pred=dog) CTA=0.8403
[2026-09-16 13:05:26]   [t5118 v6/6] SUCCESS (pred=dog) CTA=0.8432
[2026-09-16 13:05:26]   target 5118, 6 victims on this gpu: ASR=100.0% CTA=0.8391 +/- 0.0039
[2026-09-16 13:05:26] === target 8740 (2/10) ===
[2026-09-16 13:13:18]   target 8740: crafted 250 poisons in 468 s, obj=0.18561
[2026-09-16 13:13:18]   target 8740: realized linf = 0.03137 (8.00/255), budget = 8.00/255
[2026-09-16 13:14:54]   [t8740 v1/6] fail (pred=cat) CTA=0.8351
[2026-09-16 13:16:30]   [t8740 v2/6] SUCCESS (pred=dog) CTA=0.8379
[2026-09-16 13:18:06]   [t8740 v3/6] SUCCESS (pred=dog) CTA=0.8324
[2026-09-16 13:19:42]   [t8740 v4/6] SUCCESS (pred=dog) CTA=0.8309
[2026-09-16 13:21:18]   [t8740 v5/6] SUCCESS (pred=dog) CTA=0.8330
[2026-09-16 13:22:54]   [t8740 v6/6] SUCCESS (pred=dog) CTA=0.8337
[2026-09-16 13:22:54]   target 8740, 6 victims on this gpu: ASR=83.3% CTA=0.8338 +/- 0.0022
[2026-09-16 13:22:54] === target 5324 (3/10) ===
[2026-09-16 13:30:46]   target 5324: crafted 250 poisons in 468 s, obj=0.21255
[2026-09-16 13:30:46]   target 5324: realized linf = 0.03137 (8.00/255), budget = 8.00/255
[2026-09-16 13:32:22]   [t5324 v1/6] SUCCESS (pred=dog) CTA=0.8401
[2026-09-16 13:33:58]   [t5324 v2/6] fail (pred=cat) CTA=0.8338
[2026-09-16 13:35:33]   [t5324 v3/6] SUCCESS (pred=dog) CTA=0.8413
[2026-09-16 13:37:09]   [t5324 v4/6] fail (pred=truck) CTA=0.8347
[2026-09-16 13:38:45]   [t5324 v5/6] SUCCESS (pred=dog) CTA=0.8426
[2026-09-16 13:40:21]   [t5324 v6/6] SUCCESS (pred=dog) CTA=0.8408
[2026-09-16 13:40:21]   target 5324, 6 victims on this gpu: ASR=66.7% CTA=0.8389 +/- 0.0034
[2026-09-16 13:40:21] === target 4630 (4/10) ===
[2026-09-16 13:48:13]   target 4630: crafted 250 poisons in 467 s, obj=0.17623
[2026-09-16 13:48:13]   target 4630: realized linf = 0.03137 (8.00/255), budget = 8.00/255
[2026-09-16 13:49:49]   [t4630 v1/6] fail (pred=bird) CTA=0.8336
[2026-09-16 13:51:25]   [t4630 v2/6] SUCCESS (pred=dog) CTA=0.8416
[2026-09-16 13:53:01]   [t4630 v3/6] SUCCESS (pred=dog) CTA=0.8325
[2026-09-16 13:54:36]   [t4630 v4/6] SUCCESS (pred=dog) CTA=0.8372
[2026-09-16 13:56:12]   [t4630 v5/6] SUCCESS (pred=dog) CTA=0.8368
[2026-09-16 13:57:48]   [t4630 v6/6] SUCCESS (pred=dog) CTA=0.8404
[2026-09-16 13:57:48]   target 4630, 6 victims on this gpu: ASR=83.3% CTA=0.8370 +/- 0.0033
[2026-09-16 13:57:48] === target 833 (5/10) ===
[2026-09-16 14:05:39]   target 833: crafted 250 poisons in 467 s, obj=0.19313
[2026-09-16 14:05:39]   target 833: realized linf = 0.03137 (8.00/255), budget = 8.00/255
[2026-09-16 14:07:15]   [t833 v1/6] SUCCESS (pred=dog) CTA=0.8370
[2026-09-16 14:08:51]   [t833 v2/6] SUCCESS (pred=dog) CTA=0.8443
[2026-09-16 14:10:27]   [t833 v3/6] SUCCESS (pred=dog) CTA=0.8368
[2026-09-16 14:12:02]   [t833 v4/6] SUCCESS (pred=dog) CTA=0.8397
[2026-09-16 14:13:38]   [t833 v5/6] SUCCESS (pred=dog) CTA=0.8276
[2026-09-16 14:15:14]   [t833 v6/6] SUCCESS (pred=dog) CTA=0.8376
[2026-09-16 14:15:14]   target 833, 6 victims on this gpu: ASR=100.0% CTA=0.8372 +/- 0.0050
[2026-09-16 14:15:14] === target 2065 (6/10) ===
[2026-09-16 14:23:05]   target 2065: crafted 250 poisons in 467 s, obj=0.18366
[2026-09-16 14:23:05]   target 2065: realized linf = 0.03137 (8.00/255), budget = 8.00/255
[2026-09-16 14:24:41]   [t2065 v1/6] SUCCESS (pred=dog) CTA=0.8361
[2026-09-16 14:26:17]   [t2065 v2/6] SUCCESS (pred=dog) CTA=0.8409
[2026-09-16 14:27:53]   [t2065 v3/6] SUCCESS (pred=dog) CTA=0.8297
[2026-09-16 14:29:28]   [t2065 v4/6] fail (pred=frog) CTA=0.8326
[2026-09-16 14:31:04]   [t2065 v5/6] SUCCESS (pred=dog) CTA=0.8378
[2026-09-16 14:32:40]   [t2065 v6/6] SUCCESS (pred=dog) CTA=0.8438
[2026-09-16 14:32:40]   target 2065, 6 victims on this gpu: ASR=83.3% CTA=0.8368 +/- 0.0047
[2026-09-16 14:32:40] === target 7056 (7/10) ===
[2026-09-16 14:40:33]   target 7056: crafted 250 poisons in 468 s, obj=0.22395
[2026-09-16 14:40:33]   target 7056: realized linf = 0.03137 (8.00/255), budget = 8.00/255
[2026-09-16 14:42:09]   [t7056 v1/6] fail (pred=cat) CTA=0.8368
[2026-09-16 14:43:45]   [t7056 v2/6] fail (pred=bird) CTA=0.8378
[2026-09-16 14:45:21]   [t7056 v3/6] SUCCESS (pred=dog) CTA=0.8429
[2026-09-16 14:46:56]   [t7056 v4/6] fail (pred=bird) CTA=0.8349
[2026-09-16 14:48:32]   [t7056 v5/6] SUCCESS (pred=dog) CTA=0.8376
[2026-09-16 14:50:08]   [t7056 v6/6] fail (pred=bird) CTA=0.8355
[2026-09-16 14:50:08]   target 7056, 6 victims on this gpu: ASR=33.3% CTA=0.8376 +/- 0.0026
[2026-09-16 14:50:08] === target 9059 (8/10) ===
[2026-09-16 14:58:00]   target 9059: crafted 250 poisons in 467 s, obj=0.20591
[2026-09-16 14:58:00]   target 9059: realized linf = 0.03137 (8.00/255), budget = 8.00/255
[2026-09-16 14:59:36]   [t9059 v1/6] SUCCESS (pred=dog) CTA=0.8294
[2026-09-16 15:01:12]   [t9059 v2/6] fail (pred=cat) CTA=0.8428
[2026-09-16 15:02:47]   [t9059 v3/6] SUCCESS (pred=dog) CTA=0.8406
[2026-09-16 15:04:23]   [t9059 v4/6] SUCCESS (pred=dog) CTA=0.8358
[2026-09-16 15:05:59]   [t9059 v5/6] SUCCESS (pred=dog) CTA=0.8414
[2026-09-16 15:07:35]   [t9059 v6/6] SUCCESS (pred=dog) CTA=0.8377
[2026-09-16 15:07:35]   target 9059, 6 victims on this gpu: ASR=83.3% CTA=0.8380 +/- 0.0045
[2026-09-16 15:07:35] === target 6707 (9/10) ===
[2026-09-16 15:15:26]   target 6707: crafted 250 poisons in 467 s, obj=0.19884
[2026-09-16 15:15:26]   target 6707: realized linf = 0.03137 (8.00/255), budget = 8.00/255
[2026-09-16 15:17:03]   [t6707 v1/6] SUCCESS (pred=dog) CTA=0.8369
[2026-09-16 15:18:38]   [t6707 v2/6] SUCCESS (pred=dog) CTA=0.8354
[2026-09-16 15:20:14]   [t6707 v3/6] SUCCESS (pred=dog) CTA=0.8365
[2026-09-16 15:21:50]   [t6707 v4/6] fail (pred=bird) CTA=0.8455
[2026-09-16 15:23:26]   [t6707 v5/6] SUCCESS (pred=dog) CTA=0.8447
[2026-09-16 15:25:02]   [t6707 v6/6] SUCCESS (pred=dog) CTA=0.8452
[2026-09-16 15:25:02]   target 6707, 6 victims on this gpu: ASR=83.3% CTA=0.8407 +/- 0.0045
[2026-09-16 15:25:02] === target 9874 (10/10) ===
[2026-09-16 15:32:54]   target 9874: crafted 250 poisons in 468 s, obj=0.17726
[2026-09-16 15:32:54]   target 9874: realized linf = 0.03137 (8.00/255), budget = 8.00/255
[2026-09-16 15:34:30]   [t9874 v1/6] SUCCESS (pred=dog) CTA=0.8460
[2026-09-16 15:36:06]   [t9874 v2/6] SUCCESS (pred=dog) CTA=0.8359
[2026-09-16 15:37:42]   [t9874 v3/6] SUCCESS (pred=dog) CTA=0.8391
[2026-09-16 15:39:18]   [t9874 v4/6] SUCCESS (pred=dog) CTA=0.8372
[2026-09-16 15:40:54]   [t9874 v5/6] SUCCESS (pred=dog) CTA=0.8390
[2026-09-16 15:42:29]   [t9874 v6/6] SUCCESS (pred=dog) CTA=0.8341
[2026-09-16 15:42:29]   target 9874, 6 victims on this gpu: ASR=100.0% CTA=0.8386 +/- 0.0038
[2026-09-16 15:42:29] ==== CIFAR10_ResNet20BN_sapa_ours_dog-bird_b0.005_eps8_seed42_lam1_cosine_selarchVGG13BN_K30_worst0.05_ce5_tgt14 : ASR = 81.7% +/- 18.9% | CTA = 0.8378 (baseline 0.8354) ====
[2026-09-16 15:42:29]   target-prediction tally ['airplane', 'automobile', 'bird', 'cat', 'deer', 'dog', 'frog', 'horse', 'ship', 'truck']: [0, 0, 5, 4, 0, 49, 1, 0, 0, 1]
verified: 10 targets x 6 victims = 60 unique evaluations
sync: CIFAR10_ResNet20BN_sapa_ours_dog-bird_b0.005_eps8_seed42_lam1_cosine_selarchVGG13BN_K30_worst0.05_ce5_tgt14 -> /home/mmoslem3/scratch/PoisonBase/cross_arch_k_10x6_result
sync: complete
