pinned targets: [3818, 9643, 6367, 9785]
job: 637486 xdata_r025_cifar100_fc_sea_willow_tree_b0_005_random on rack07-03
cell: dataset=CIFAR100 model=ResNet18BN pair=sea-willow_tree budget=0.005 attack=fc selection=random jacobian=off
protocol: 4 pinned targets x 4 victims; run=CIFAR100_ResNet18BN_fc_random_sea-willow_tree_b0.005_eps8_seed42_ce5
gpu: NVIDIA L40S
[2026-08-27 11:03:23] === run start: CIFAR100_ResNet18BN_fc_random_sea-willow_tree_b0.005_eps8_seed42_ce5 on cuda [0] ===
[2026-08-27 11:03:23] args: {"FORCE": false, "attack": "fc", "base": "random", "base_dist": "cosine", "base_topr": null, "budget": 0.005, "cache_dir": "/tmp/extra_data_if/cache", "class_pair": "sea-willow_tree", "clean_baseline": true, "craft_alpha": 0.0039216, "craft_aug": true, "craft_batch": 256, "craft_ensemble": 5, "craft_lowmem": false, "craft_schedule": false, "craft_steps": 250, "data_path": "/tmp/extra_data", "dataset": "CIFAR100", "dsa_strategy": "color_crop_cutout_flip_scale_rotate", "epsilon": 0.0313725, "fast_gradmatch": false, "fc_mode": "sample", "fc_restarts": 1, "gpus": "all", "jacobian_batch_size": 64, "jacobian_weight": 1.0, "lambda_margin": 1.0, "model": "ResNet18BN", "no_resume": false, "num_poisons": 500, "num_surrogates": 20, "num_targets": 4, "num_victims": 4, "out_dir": "/tmp/extra_data_if/extra_data_result", "pair_order": "poison-target", "parallel_pretrain": true, "parallel_targets": true, "precompute_id": null, "precompute_only": false, "precompute_part": "both", "rank_on_victims": true, "recompute_deltas": false, "require_correct_target": false, "restarts": 8, "seed": 42, "sel_K": null, "sel_alpha": 1.0, "sel_criterion": null, "sel_dpp": false, "sel_filter": false, "sel_mmr": false, "sel_mode": null, "sel_model": null, "sel_mu": 1.0, "sel_pca": false, "sel_pool": 3.0, "sharp_mode": "worst", "sharp_samples": 20, "sharp_sigma": 0.05, "steal_timeout": 7200.0, "surrogate_aug": false, "surrogate_bs": 128, "surrogate_decay": [35, 45], "surrogate_epochs": 60, "surrogate_lr": 0.1, "surrogate_wd": 0.0, "target_idx_file": "/tmp/extra_data_if/target_sets/xdata_CIFAR100_ResNet18BN_sea-willow_tree.json", "target_select": "random", "use_jacobian_score": false, "victim_aug": false, "victim_bs": 125, "victim_decay": [40], "victim_epochs": 50, "victim_lr": 0.1, "victim_wd": 0.0}
[2026-08-27 11:03:23] Jacobian score: disabled
[2026-08-27 11:03:23] N_total=50000 budget=0.005 -> N_p=250 poisons, y_adv=71(sea) target_class=96(willow_tree)
[2026-08-27 11:03:23] === surrogates (20 x ResNet18BN, trained on the full real set) ===
[2026-08-27 11:03:28]   crafting on 5/20 surrogates
[2026-08-27 11:03:28] === clean victims (4 x ResNet18BN) ===
[2026-08-27 11:03:33]   clean baseline CTA = 0.5613 +/- 0.0060
[2026-08-27 11:03:33]   target pool 100 -> eligible 100 (0 already predicted as y_adv or dropped)
[2026-08-27 11:03:33]   chosen 4 targets (file), p_adv range 0.0000..0.0000
[2026-08-27 11:03:33]   targets: [3818, 9643, 6367, 9785]
[2026-08-27 11:03:33] === target 3818 (1/4) ===
[2026-08-27 11:04:28]   target 3818: crafted 250 poisons in 55 s, obj=0.08711
[2026-08-27 11:04:28]   target 3818: realized linf = 0.03137 (8.00/255), budget = 8.00/255
[2026-08-27 11:15:38]   [t3818 v1/4] SUCCESS (pred=sea) CTA=0.5716
[2026-08-27 11:26:46]   [t3818 v2/4] fail (pred=willow_tree) CTA=0.5911
[2026-08-27 11:37:54]   [t3818 v3/4] fail (pred=willow_tree) CTA=0.5910
[2026-08-27 11:49:02]   [t3818 v4/4] fail (pred=willow_tree) CTA=0.5763
[2026-08-27 11:49:02]   target 3818, 4 victims on this gpu: ASR=25.0% CTA=0.5825 +/- 0.0087
[2026-08-27 11:49:02] === target 9643 (2/4) ===
[2026-08-27 11:49:57]   target 9643: crafted 250 poisons in 55 s, obj=0.09071
[2026-08-27 11:49:57]   target 9643: realized linf = 0.03137 (8.00/255), budget = 8.00/255
