pinned targets: [4276, 9426, 6645, 9780]
job: 631557 xdata_040_cifar100_sapa_sunflower_cattle_b0_002_greedy on rack14-13
cell: dataset=CIFAR100 model=ResNet18BN pair=sunflower-cattle budget=0.002 attack=sapa selection=greedy jacobian=off
protocol: 4 pinned targets x 4 victims; run=CIFAR100_ResNet18BN_sapa_ours_sunflower-cattle_b0.002_eps8_seed42_lam1_cosine_worst0.05_ce5
gpu: NVIDIA L40S
[2026-08-26 20:06:19] === run start: CIFAR100_ResNet18BN_sapa_ours_sunflower-cattle_b0.002_eps8_seed42_lam1_cosine_worst0.05_ce5 on cuda [0] ===
[2026-08-26 20:06:19] args: {"FORCE": false, "attack": "sapa", "base": "ours", "base_dist": "cosine", "base_topr": null, "budget": 0.002, "cache_dir": "/tmp/extra_data_if/cache", "class_pair": "sunflower-cattle", "clean_baseline": true, "craft_alpha": 0.0039216, "craft_aug": true, "craft_batch": 256, "craft_ensemble": 5, "craft_lowmem": false, "craft_schedule": false, "craft_steps": 250, "data_path": "/tmp/extra_data", "dataset": "CIFAR100", "dsa_strategy": "color_crop_cutout_flip_scale_rotate", "epsilon": 0.0313725, "fast_gradmatch": false, "fc_mode": "sample", "fc_restarts": 1, "gpus": "all", "jacobian_batch_size": 64, "jacobian_weight": 1.0, "lambda_margin": 1.0, "model": "ResNet18BN", "no_resume": false, "num_poisons": 500, "num_surrogates": 20, "num_targets": 4, "num_victims": 4, "out_dir": "/tmp/extra_data_if/extra_data_result", "pair_order": "poison-target", "parallel_pretrain": true, "parallel_targets": true, "precompute_id": null, "precompute_only": false, "precompute_part": "both", "rank_on_victims": true, "recompute_deltas": false, "require_correct_target": false, "restarts": 8, "seed": 42, "sel_K": null, "sel_alpha": 1.0, "sel_criterion": null, "sel_dpp": false, "sel_filter": false, "sel_mmr": false, "sel_mode": null, "sel_model": null, "sel_mu": 1.0, "sel_pca": false, "sel_pool": 3.0, "sharp_mode": "worst", "sharp_samples": 20, "sharp_sigma": 0.05, "steal_timeout": 7200.0, "surrogate_aug": false, "surrogate_bs": 128, "surrogate_decay": [35, 45], "surrogate_epochs": 60, "surrogate_lr": 0.1, "surrogate_wd": 0.0, "target_idx_file": "/tmp/extra_data_if/target_sets/xdata_CIFAR100_ResNet18BN_sunflower-cattle.json", "target_select": "random", "use_jacobian_score": false, "victim_aug": false, "victim_bs": 125, "victim_decay": [40], "victim_epochs": 50, "victim_lr": 0.1, "victim_wd": 0.0}
[2026-08-26 20:06:19] Jacobian score: disabled
[2026-08-26 20:06:19] N_total=50000 budget=0.002 -> N_p=100 poisons, y_adv=82(sunflower) target_class=19(cattle)
[2026-08-26 20:06:19] === surrogates (20 x ResNet18BN, trained on the full real set) ===
[2026-08-26 20:06:21]   crafting on 5/20 surrogates
[2026-08-26 20:06:21] === clean victims (4 x ResNet18BN) ===
[2026-08-26 20:06:23]   clean baseline CTA = 0.5613 +/- 0.0060
[2026-08-26 20:06:23]   target pool 100 -> eligible 100 (0 already predicted as y_adv or dropped)
[2026-08-26 20:06:23]   chosen 4 targets (file), p_adv range 0.0000..0.0000
[2026-08-26 20:06:23]   targets: [4276, 9426, 6645, 9780]
[2026-08-26 20:06:23] === target 4276 (1/4) ===
[2026-08-26 20:13:42]   target 4276: crafted 100 poisons in 438 s, obj=0.35169
[2026-08-26 20:13:42]   target 4276: realized linf = 0.03137 (8.00/255), budget = 8.00/255
[2026-08-26 20:17:38]   [t4276 v1/4] fail (pred=cattle) CTA=0.5539
[2026-08-26 20:21:32]   [t4276 v2/4] fail (pred=cattle) CTA=0.5442
[2026-08-26 20:25:27]   [t4276 v3/4] fail (pred=cattle) CTA=0.5823
[2026-08-26 20:29:22]   [t4276 v4/4] fail (pred=cattle) CTA=0.5821
[2026-08-26 20:29:22]   target 4276, 4 victims on this gpu: ASR=0.0% CTA=0.5656 +/- 0.0169
[2026-08-26 20:29:22] === target 9426 (2/4) ===
[2026-08-26 20:36:42]   target 9426: crafted 100 poisons in 440 s, obj=0.38018
[2026-08-26 20:36:42]   target 9426: realized linf = 0.03137 (8.00/255), budget = 8.00/255
[2026-08-26 20:40:40]   [t9426 v1/4] fail (pred=tractor) CTA=0.5779
[2026-08-26 20:44:35]   [t9426 v2/4] fail (pred=camel) CTA=0.5742
[2026-08-26 20:48:29]   [t9426 v3/4] fail (pred=camel) CTA=0.5692
[2026-08-26 20:52:23]   [t9426 v4/4] fail (pred=tractor) CTA=0.5825
[2026-08-26 20:52:24]   target 9426, 4 victims on this gpu: ASR=0.0% CTA=0.5759 +/- 0.0049
[2026-08-26 20:52:24] === target 6645 (3/4) ===
[2026-08-26 20:59:43]   target 6645: crafted 100 poisons in 438 s, obj=0.42962
[2026-08-26 20:59:43]   target 6645: realized linf = 0.03137 (8.00/255), budget = 8.00/255
[2026-08-26 21:03:40]   [t6645 v1/4] fail (pred=motorcycle) CTA=0.5700
[2026-08-26 21:07:35]   [t6645 v2/4] SUCCESS (pred=sunflower) CTA=0.5829
