pinned targets: [16479, 8189, 17114, 13151, 4867, 18264]
job: 637505 xdata_r043_svhn_sapa_9_2_b0_01_random on rack04-16
cell: dataset=SVHN model=ConvNetBN pair=9-2 budget=0.01 attack=sapa selection=random jacobian=off
protocol: 6 pinned targets x 5 victims; run=SVHN_ConvNetBN_sapa_random_9-2_b0.01_eps8_seed42_worst0.05_ce5
gpu: NVIDIA L40S
[2026-08-27 11:25:23] === run start: SVHN_ConvNetBN_sapa_random_9-2_b0.01_eps8_seed42_worst0.05_ce5 on cuda [0] ===
[2026-08-27 11:25:23] args: {"FORCE": false, "attack": "sapa", "base": "random", "base_dist": "cosine", "base_topr": null, "budget": 0.01, "cache_dir": "/tmp/extra_data_if/cache", "class_pair": "9-2", "clean_baseline": true, "craft_alpha": 0.0039216, "craft_aug": true, "craft_batch": 256, "craft_ensemble": 5, "craft_lowmem": true, "craft_schedule": false, "craft_steps": 250, "data_path": "/tmp/extra_data", "dataset": "SVHN", "dsa_strategy": "color_crop_cutout_flip_scale_rotate", "epsilon": 0.0313725, "fast_gradmatch": false, "fc_mode": "sample", "fc_restarts": 1, "gpus": "all", "jacobian_batch_size": 64, "jacobian_weight": 1.0, "lambda_margin": 1.0, "model": "ConvNetBN", "no_resume": false, "num_poisons": 500, "num_surrogates": 20, "num_targets": 6, "num_victims": 5, "out_dir": "/tmp/extra_data_if/extra_data_result", "pair_order": "poison-target", "parallel_pretrain": true, "parallel_targets": true, "precompute_id": null, "precompute_only": false, "precompute_part": "both", "rank_on_victims": true, "recompute_deltas": false, "require_correct_target": false, "restarts": 8, "seed": 42, "sel_K": null, "sel_alpha": 1.0, "sel_criterion": null, "sel_dpp": false, "sel_filter": false, "sel_mmr": false, "sel_mode": null, "sel_model": null, "sel_mu": 1.0, "sel_pca": false, "sel_pool": 3.0, "sharp_mode": "worst", "sharp_samples": 20, "sharp_sigma": 0.05, "steal_timeout": 7200.0, "surrogate_aug": false, "surrogate_bs": 128, "surrogate_decay": [35, 45], "surrogate_epochs": 60, "surrogate_lr": 0.1, "surrogate_wd": 0.0, "target_idx_file": "/tmp/extra_data_if/target_sets/xdata_SVHN_ConvNetBN_9-2.json", "target_select": "random", "use_jacobian_score": false, "victim_aug": false, "victim_bs": 125, "victim_decay": [40], "victim_epochs": 50, "victim_lr": 0.01, "victim_wd": 0.0}
[2026-08-27 11:25:23] Jacobian score: disabled
[2026-08-27 11:25:23] N_total=73257 budget=0.01 -> N_p=733 poisons, y_adv=9(9) target_class=2(2)
[2026-08-27 11:25:23] === surrogates (20 x ConvNetBN, trained on the full real set) ===
[2026-08-27 11:25:24]   crafting on 5/20 surrogates
[2026-08-27 11:25:24] === clean victims (5 x ConvNetBN) ===
[2026-08-27 11:25:25]   clean baseline CTA = 0.9226 +/- 0.0015
[2026-08-27 11:25:25]   target pool 4149 -> eligible 4135 (14 already predicted as y_adv or dropped)
[2026-08-27 11:25:25]   chosen 6 targets (file), p_adv range 0.0000..0.0000
[2026-08-27 11:25:25]   targets: [16479, 8189, 17114, 13151, 4867, 18264]
[2026-08-27 11:25:25] === target 16479 (1/6) ===
[2026-08-27 11:40:25]   target 16479: crafted 733 poisons in 900 s, obj=0.29872
[2026-08-27 11:40:25]   target 16479: realized linf = 0.03137 (8.00/255), budget = 8.00/255
[2026-08-27 11:41:39]   [t16479 v1/5] fail (pred=2) CTA=0.9223
[2026-08-27 11:42:53]   [t16479 v2/5] fail (pred=2) CTA=0.9209
[2026-08-27 11:44:07]   [t16479 v3/5] fail (pred=2) CTA=0.9220
[2026-08-27 11:45:21]   [t16479 v4/5] fail (pred=2) CTA=0.9208
[2026-08-27 11:46:35]   [t16479 v5/5] fail (pred=2) CTA=0.9239
[2026-08-27 11:46:35]   target 16479, 5 victims on this gpu: ASR=0.0% CTA=0.9220 +/- 0.0011
[2026-08-27 11:46:35] === target 8189 (2/6) ===
