pinned targets: [15532, 3205, 2223, 21346, 20410, 6452]
job: 637465 xdata_r003_svhn_fc_7_5_b0_002_random on rack10-06
cell: dataset=SVHN model=ConvNetBN pair=7-5 budget=0.002 attack=fc selection=random jacobian=off
protocol: 6 pinned targets x 5 victims; run=SVHN_ConvNetBN_fc_random_7-5_b0.002_eps8_seed42_ce5
gpu: NVIDIA L40S
[2026-08-27 10:38:35] === run start: SVHN_ConvNetBN_fc_random_7-5_b0.002_eps8_seed42_ce5 on cuda [0] ===
[2026-08-27 10:38:35] args: {"FORCE": false, "attack": "fc", "base": "random", "base_dist": "cosine", "base_topr": null, "budget": 0.002, "cache_dir": "/tmp/extra_data_if/cache", "class_pair": "7-5", "clean_baseline": true, "craft_alpha": 0.0039216, "craft_aug": true, "craft_batch": 256, "craft_ensemble": 5, "craft_lowmem": false, "craft_schedule": false, "craft_steps": 250, "data_path": "/tmp/extra_data", "dataset": "SVHN", "dsa_strategy": "color_crop_cutout_flip_scale_rotate", "epsilon": 0.0313725, "fast_gradmatch": false, "fc_mode": "sample", "fc_restarts": 1, "gpus": "all", "jacobian_batch_size": 64, "jacobian_weight": 1.0, "lambda_margin": 1.0, "model": "ConvNetBN", "no_resume": false, "num_poisons": 500, "num_surrogates": 20, "num_targets": 6, "num_victims": 5, "out_dir": "/tmp/extra_data_if/extra_data_result", "pair_order": "poison-target", "parallel_pretrain": true, "parallel_targets": true, "precompute_id": null, "precompute_only": false, "precompute_part": "both", "rank_on_victims": true, "recompute_deltas": false, "require_correct_target": false, "restarts": 8, "seed": 42, "sel_K": null, "sel_alpha": 1.0, "sel_criterion": null, "sel_dpp": false, "sel_filter": false, "sel_mmr": false, "sel_mode": null, "sel_model": null, "sel_mu": 1.0, "sel_pca": false, "sel_pool": 3.0, "sharp_mode": "worst", "sharp_samples": 20, "sharp_sigma": 0.05, "steal_timeout": 7200.0, "surrogate_aug": false, "surrogate_bs": 128, "surrogate_decay": [35, 45], "surrogate_epochs": 60, "surrogate_lr": 0.1, "surrogate_wd": 0.0, "target_idx_file": "/tmp/extra_data_if/target_sets/xdata_SVHN_ConvNetBN_7-5.json", "target_select": "random", "use_jacobian_score": false, "victim_aug": false, "victim_bs": 125, "victim_decay": [40], "victim_epochs": 50, "victim_lr": 0.01, "victim_wd": 0.0}
[2026-08-27 10:38:35] Jacobian score: disabled
[2026-08-27 10:38:35] N_total=73257 budget=0.002 -> N_p=147 poisons, y_adv=7(7) target_class=5(5)
[2026-08-27 10:38:35] === surrogates (20 x ConvNetBN, trained on the full real set) ===
[2026-08-27 10:38:36]   crafting on 5/20 surrogates
[2026-08-27 10:38:36] === clean victims (5 x ConvNetBN) ===
[2026-08-27 10:38:37]   clean baseline CTA = 0.9226 +/- 0.0015
[2026-08-27 10:38:37]   target pool 2384 -> eligible 2378 (6 already predicted as y_adv or dropped)
[2026-08-27 10:38:37]   chosen 6 targets (file), p_adv range 0.0000..0.0000
[2026-08-27 10:38:37]   targets: [15532, 3205, 2223, 21346, 20410, 6452]
[2026-08-27 10:38:37] === target 15532 (1/6) ===
[2026-08-27 10:38:40]   target 15532: crafted 147 poisons in 3 s, obj=0.11345
[2026-08-27 10:38:40]   target 15532: realized linf = 0.03137 (8.00/255), budget = 8.00/255
[2026-08-27 10:39:53]   [t15532 v1/5] fail (pred=5) CTA=0.9223
[2026-08-27 10:41:06]   [t15532 v2/5] fail (pred=5) CTA=0.9214
[2026-08-27 10:42:18]   [t15532 v3/5] fail (pred=5) CTA=0.9201
[2026-08-27 10:43:31]   [t15532 v4/5] fail (pred=5) CTA=0.9200
[2026-08-27 10:44:44]   [t15532 v5/5] fail (pred=5) CTA=0.9217
[2026-08-27 10:44:44]   target 15532, 5 victims on this gpu: ASR=0.0% CTA=0.9211 +/- 0.0009
[2026-08-27 10:44:44] === target 3205 (2/6) ===
[2026-08-27 10:44:47]   target 3205: crafted 147 poisons in 3 s, obj=0.08431
[2026-08-27 10:44:47]   target 3205: realized linf = 0.03137 (8.00/255), budget = 8.00/255
[2026-08-27 10:46:02]   [t3205 v1/5] fail (pred=5) CTA=0.9229
[2026-08-27 10:47:16]   [t3205 v2/5] fail (pred=5) CTA=0.9230
[2026-08-27 10:48:29]   [t3205 v3/5] fail (pred=5) CTA=0.9222
[2026-08-27 10:49:43]   [t3205 v4/5] fail (pred=5) CTA=0.9216
[2026-08-27 10:50:56]   [t3205 v5/5] fail (pred=5) CTA=0.9223
[2026-08-27 10:50:56]   target 3205, 5 victims on this gpu: ASR=0.0% CTA=0.9224 +/- 0.0005
[2026-08-27 10:50:56] === target 2223 (3/6) ===
[2026-08-27 10:50:59]   target 2223: crafted 147 poisons in 3 s, obj=0.10842
[2026-08-27 10:50:59]   target 2223: realized linf = 0.03137 (8.00/255), budget = 8.00/255
[2026-08-27 10:52:14]   [t2223 v1/5] fail (pred=5) CTA=0.9209
[2026-08-27 10:53:27]   [t2223 v2/5] fail (pred=5) CTA=0.9242
[2026-08-27 10:54:40]   [t2223 v3/5] fail (pred=5) CTA=0.9219
[2026-08-27 10:55:53]   [t2223 v4/5] fail (pred=5) CTA=0.9211
[2026-08-27 10:57:06]   [t2223 v5/5] fail (pred=5) CTA=0.9212
[2026-08-27 10:57:06]   target 2223, 5 victims on this gpu: ASR=0.0% CTA=0.9219 +/- 0.0012
[2026-08-27 10:57:06] === target 21346 (4/6) ===
[2026-08-27 10:57:08]   target 21346: crafted 147 poisons in 3 s, obj=0.11087
[2026-08-27 10:57:08]   target 21346: realized linf = 0.03137 (8.00/255), budget = 8.00/255
[2026-08-27 10:58:23]   [t21346 v1/5] fail (pred=5) CTA=0.9219
[2026-08-27 10:59:36]   [t21346 v2/5] fail (pred=5) CTA=0.9227
[2026-08-27 11:00:49]   [t21346 v3/5] fail (pred=5) CTA=0.9210
[2026-08-27 11:02:02]   [t21346 v4/5] fail (pred=5) CTA=0.9230
[2026-08-27 11:03:15]   [t21346 v5/5] fail (pred=5) CTA=0.9213
[2026-08-27 11:03:15]   target 21346, 5 victims on this gpu: ASR=0.0% CTA=0.9220 +/- 0.0008
[2026-08-27 11:03:15] === target 20410 (5/6) ===
[2026-08-27 11:03:17]   target 20410: crafted 147 poisons in 3 s, obj=0.07593
[2026-08-27 11:03:17]   target 20410: realized linf = 0.03137 (8.00/255), budget = 8.00/255
[2026-08-27 11:04:32]   [t20410 v1/5] fail (pred=5) CTA=0.9235
[2026-08-27 11:05:45]   [t20410 v2/5] fail (pred=5) CTA=0.9242
[2026-08-27 11:06:58]   [t20410 v3/5] fail (pred=5) CTA=0.9239
[2026-08-27 11:08:11]   [t20410 v4/5] fail (pred=5) CTA=0.9209
[2026-08-27 11:09:24]   [t20410 v5/5] fail (pred=5) CTA=0.9227
[2026-08-27 11:09:24]   target 20410, 5 victims on this gpu: ASR=0.0% CTA=0.9230 +/- 0.0012
[2026-08-27 11:09:24] === target 6452 (6/6) ===
[2026-08-27 11:09:26]   target 6452: crafted 147 poisons in 3 s, obj=0.08057
[2026-08-27 11:09:26]   target 6452: realized linf = 0.03137 (8.00/255), budget = 8.00/255
[2026-08-27 11:10:42]   [t6452 v1/5] fail (pred=5) CTA=0.9227
[2026-08-27 11:11:55]   [t6452 v2/5] fail (pred=5) CTA=0.9204
[2026-08-27 11:13:08]   [t6452 v3/5] fail (pred=5) CTA=0.9209
[2026-08-27 11:14:20]   [t6452 v4/5] fail (pred=5) CTA=0.9263
[2026-08-27 11:15:33]   [t6452 v5/5] fail (pred=5) CTA=0.9225
[2026-08-27 11:15:33]   target 6452, 5 victims on this gpu: ASR=0.0% CTA=0.9226 +/- 0.0021
[2026-08-27 11:15:33] ==== SVHN_ConvNetBN_fc_random_7-5_b0.002_eps8_seed42_ce5 : ASR = 0.0% +/- 0.0% | CTA = 0.9222 (baseline 0.9226) ====
[2026-08-27 11:15:33]   target-prediction tally ['0', '1', '2', '3', '4', '5', '6', '7', '8', '9']: [0, 0, 0, 0, 0, 30, 0, 0, 0, 0]
sync: extra-data cell -> /home/mmoslem3/scratch/PoisonBase/extra_data_result/SVHN_ConvNetBN_fc_random_7-5_b0.002_eps8_seed42_ce5
