pinned targets: [1896, 1072, 7861, 15745, 14118, 1426]
job: 637470 xdata_r008_svhn_gradmatch_0_4_b0_002_random on rack04-05
cell: dataset=SVHN model=ConvNetBN pair=0-4 budget=0.002 attack=gradmatch selection=random jacobian=off
protocol: 6 pinned targets x 5 victims; run=SVHN_ConvNetBN_gradmatch_random_0-4_b0.002_eps8_seed42_ce5
gpu: NVIDIA L40S
[2026-08-27 10:40:15] === run start: SVHN_ConvNetBN_gradmatch_random_0-4_b0.002_eps8_seed42_ce5 on cuda [0] ===
[2026-08-27 10:40:15] args: {"FORCE": false, "attack": "gradmatch", "base": "random", "base_dist": "cosine", "base_topr": null, "budget": 0.002, "cache_dir": "/tmp/extra_data_if/cache", "class_pair": "0-4", "clean_baseline": true, "craft_alpha": 0.0039216, "craft_aug": true, "craft_batch": 256, "craft_ensemble": 5, "craft_lowmem": false, "craft_schedule": false, "craft_steps": 250, "data_path": "/tmp/extra_data", "dataset": "SVHN", "dsa_strategy": "color_crop_cutout_flip_scale_rotate", "epsilon": 0.0313725, "fast_gradmatch": false, "fc_mode": "sample", "fc_restarts": 1, "gpus": "all", "jacobian_batch_size": 64, "jacobian_weight": 1.0, "lambda_margin": 1.0, "model": "ConvNetBN", "no_resume": false, "num_poisons": 500, "num_surrogates": 20, "num_targets": 6, "num_victims": 5, "out_dir": "/tmp/extra_data_if/extra_data_result", "pair_order": "poison-target", "parallel_pretrain": true, "parallel_targets": true, "precompute_id": null, "precompute_only": false, "precompute_part": "both", "rank_on_victims": true, "recompute_deltas": false, "require_correct_target": false, "restarts": 8, "seed": 42, "sel_K": null, "sel_alpha": 1.0, "sel_criterion": null, "sel_dpp": false, "sel_filter": false, "sel_mmr": false, "sel_mode": null, "sel_model": null, "sel_mu": 1.0, "sel_pca": false, "sel_pool": 3.0, "sharp_mode": "worst", "sharp_samples": 20, "sharp_sigma": 0.05, "steal_timeout": 7200.0, "surrogate_aug": false, "surrogate_bs": 128, "surrogate_decay": [35, 45], "surrogate_epochs": 60, "surrogate_lr": 0.1, "surrogate_wd": 0.0, "target_idx_file": "/tmp/extra_data_if/target_sets/xdata_SVHN_ConvNetBN_0-4.json", "target_select": "random", "use_jacobian_score": false, "victim_aug": false, "victim_bs": 125, "victim_decay": [40], "victim_epochs": 50, "victim_lr": 0.01, "victim_wd": 0.0}
[2026-08-27 10:40:15] Jacobian score: disabled
[2026-08-27 10:40:15] N_total=73257 budget=0.002 -> N_p=147 poisons, y_adv=0(0) target_class=4(4)
[2026-08-27 10:40:15] === surrogates (20 x ConvNetBN, trained on the full real set) ===
[2026-08-27 10:40:15]   crafting on 5/20 surrogates
[2026-08-27 10:40:15] === clean victims (5 x ConvNetBN) ===
[2026-08-27 10:40:17]   clean baseline CTA = 0.9226 +/- 0.0015
[2026-08-27 10:40:17]   target pool 2523 -> eligible 2517 (6 already predicted as y_adv or dropped)
[2026-08-27 10:40:17]   chosen 6 targets (file), p_adv range 0.0000..0.1434
[2026-08-27 10:40:17]   targets: [1896, 1072, 7861, 15745, 14118, 1426]
[2026-08-27 10:40:17] === target 1896 (1/6) ===
[2026-08-27 10:42:27]   target 1896: crafted 147 poisons in 130 s, obj=0.32154
[2026-08-27 10:42:27]   target 1896: realized linf = 0.03137 (8.00/255), budget = 8.00/255
[2026-08-27 10:43:42]   [t1896 v1/5] fail (pred=4) CTA=0.9224
[2026-08-27 10:44:56]   [t1896 v2/5] fail (pred=4) CTA=0.9206
[2026-08-27 10:46:09]   [t1896 v3/5] fail (pred=4) CTA=0.9226
[2026-08-27 10:47:23]   [t1896 v4/5] fail (pred=4) CTA=0.9214
[2026-08-27 10:48:36]   [t1896 v5/5] fail (pred=4) CTA=0.9239
[2026-08-27 10:48:36]   target 1896, 5 victims on this gpu: ASR=0.0% CTA=0.9222 +/- 0.0011
[2026-08-27 10:48:36] === target 1072 (2/6) ===
[2026-08-27 10:50:48]   target 1072: crafted 147 poisons in 131 s, obj=0.27740
[2026-08-27 10:50:48]   target 1072: realized linf = 0.03137 (8.00/255), budget = 8.00/255
[2026-08-27 10:52:04]   [t1072 v1/5] fail (pred=4) CTA=0.9219
[2026-08-27 10:53:17]   [t1072 v2/5] fail (pred=4) CTA=0.9207
[2026-08-27 10:54:31]   [t1072 v3/5] fail (pred=4) CTA=0.9233
[2026-08-27 10:55:44]   [t1072 v4/5] fail (pred=4) CTA=0.9199
[2026-08-27 10:56:58]   [t1072 v5/5] fail (pred=4) CTA=0.9216
[2026-08-27 10:56:58]   target 1072, 5 victims on this gpu: ASR=0.0% CTA=0.9215 +/- 0.0011
[2026-08-27 10:56:58] === target 7861 (3/6) ===
[2026-08-27 10:59:09]   target 7861: crafted 147 poisons in 131 s, obj=0.35131
[2026-08-27 10:59:09]   target 7861: realized linf = 0.03137 (8.00/255), budget = 8.00/255
[2026-08-27 11:00:25]   [t7861 v1/5] fail (pred=4) CTA=0.9222
[2026-08-27 11:01:39]   [t7861 v2/5] fail (pred=4) CTA=0.9218
[2026-08-27 11:02:52]   [t7861 v3/5] fail (pred=4) CTA=0.9204
[2026-08-27 11:04:06]   [t7861 v4/5] fail (pred=4) CTA=0.9216
[2026-08-27 11:05:20]   [t7861 v5/5] fail (pred=4) CTA=0.9213
[2026-08-27 11:05:20]   target 7861, 5 victims on this gpu: ASR=0.0% CTA=0.9215 +/- 0.0006
[2026-08-27 11:05:20] === target 15745 (4/6) ===
[2026-08-27 11:07:31]   target 15745: crafted 147 poisons in 131 s, obj=0.33621
[2026-08-27 11:07:31]   target 15745: realized linf = 0.03137 (8.00/255), budget = 8.00/255
[2026-08-27 11:08:47]   [t15745 v1/5] SUCCESS (pred=0) CTA=0.9216
[2026-08-27 11:10:00]   [t15745 v2/5] SUCCESS (pred=0) CTA=0.9206
[2026-08-27 11:11:14]   [t15745 v3/5] SUCCESS (pred=0) CTA=0.9226
[2026-08-27 11:12:27]   [t15745 v4/5] SUCCESS (pred=0) CTA=0.9229
[2026-08-27 11:13:41]   [t15745 v5/5] SUCCESS (pred=0) CTA=0.9215
[2026-08-27 11:13:41]   target 15745, 5 victims on this gpu: ASR=100.0% CTA=0.9218 +/- 0.0008
[2026-08-27 11:13:41] === target 14118 (5/6) ===
[2026-08-27 11:15:51]   target 14118: crafted 147 poisons in 130 s, obj=0.24388
[2026-08-27 11:15:51]   target 14118: realized linf = 0.03137 (8.00/255), budget = 8.00/255
[2026-08-27 11:17:07]   [t14118 v1/5] fail (pred=4) CTA=0.9236
