pinned targets: [7977, 3357, 5846, 6295]
job: 631566 xdata_048_tiny_gradmatch_n01443537_n01629819_b0_0005_greedy on rack14-12
cell: dataset=TinyImageNet model=ResNet18BN pair=n01443537-n01629819 budget=0.0005 attack=gradmatch selection=greedy jacobian=off
protocol: 4 pinned targets x 4 victims; run=TinyImageNet_ResNet18BN_gradmatch_ours_n01443537-n01629819_b0.0005_eps8_seed42_lam1_cosine_ce5
gpu: NVIDIA L40S
[2026-08-26 20:13:15] === run start: TinyImageNet_ResNet18BN_gradmatch_ours_n01443537-n01629819_b0.0005_eps8_seed42_lam1_cosine_ce5 on cuda [0] ===
[2026-08-26 20:13:15] args: {"FORCE": false, "attack": "gradmatch", "base": "ours", "base_dist": "cosine", "base_topr": null, "budget": 0.0005, "cache_dir": "/tmp/extra_data_if/cache", "class_pair": "n01443537-n01629819", "clean_baseline": true, "craft_alpha": 0.0039216, "craft_aug": true, "craft_batch": 256, "craft_ensemble": 5, "craft_lowmem": true, "craft_schedule": false, "craft_steps": 250, "data_path": "/tmp/extra_data", "dataset": "TinyImageNet", "dsa_strategy": "color_crop_cutout_flip_scale_rotate", "epsilon": 0.0313725, "fast_gradmatch": false, "fc_mode": "sample", "fc_restarts": 1, "gpus": "all", "jacobian_batch_size": 64, "jacobian_weight": 1.0, "lambda_margin": 1.0, "model": "ResNet18BN", "no_resume": false, "num_poisons": 500, "num_surrogates": 20, "num_targets": 4, "num_victims": 4, "out_dir": "/tmp/extra_data_if/extra_data_result", "pair_order": "poison-target", "parallel_pretrain": true, "parallel_targets": true, "precompute_id": null, "precompute_only": false, "precompute_part": "both", "rank_on_victims": true, "recompute_deltas": false, "require_correct_target": false, "restarts": 8, "seed": 42, "sel_K": null, "sel_alpha": 1.0, "sel_criterion": null, "sel_dpp": false, "sel_filter": false, "sel_mmr": false, "sel_mode": null, "sel_model": null, "sel_mu": 1.0, "sel_pca": false, "sel_pool": 3.0, "sharp_mode": "worst", "sharp_samples": 20, "sharp_sigma": 0.05, "steal_timeout": 7200.0, "surrogate_aug": false, "surrogate_bs": 128, "surrogate_decay": [35, 45], "surrogate_epochs": 60, "surrogate_lr": 0.1, "surrogate_wd": 0.0, "target_idx_file": "/tmp/extra_data_if/target_sets/appx_tiny_ResNet18BN_n01443537-n01629819.json", "target_select": "random", "use_jacobian_score": false, "victim_aug": false, "victim_bs": 125, "victim_decay": [40], "victim_epochs": 50, "victim_lr": 0.1, "victim_wd": 0.0}
[2026-08-26 20:13:15] Jacobian score: disabled
[2026-08-26 20:13:15] N_total=100000 budget=0.0005 -> N_p=50 poisons, y_adv=0(n01443537) target_class=1(n01629819)
[2026-08-26 20:13:15] === surrogates (20 x ResNet18BN, trained on the full real set) ===
[2026-08-26 20:13:17]   crafting on 5/20 surrogates
[2026-08-26 20:13:17] === clean victims (4 x ResNet18BN) ===
[2026-08-26 20:13:23]   clean baseline CTA = 0.4863 +/- 0.0064
[2026-08-26 20:13:23]   target pool 50 -> eligible 50 (0 already predicted as y_adv or dropped)
[2026-08-26 20:13:23]   chosen 4 targets (file), p_adv range 0.0000..0.0000
[2026-08-26 20:13:23]   targets: [7977, 3357, 5846, 6295]
[2026-08-26 20:13:23] === target 7977 (1/4) ===
[2026-08-26 20:27:51]   target 7977: crafted 50 poisons in 865 s, obj=0.33671
[2026-08-26 20:27:51]   target 7977: realized linf = 0.03137 (8.00/255), budget = 8.00/255
[2026-08-26 21:06:33]   [t7977 v1/4] fail (pred=n01629819) CTA=0.4944
[2026-08-26 21:45:23]   [t7977 v2/4] fail (pred=n01629819) CTA=0.4916
[2026-08-26 22:24:14]   [t7977 v3/4] fail (pred=n01629819) CTA=0.4945
[2026-08-26 23:03:05]   [t7977 v4/4] fail (pred=n01629819) CTA=0.4832
[2026-08-26 23:03:06]   target 7977, 4 victims on this gpu: ASR=0.0% CTA=0.4909 +/- 0.0046
[2026-08-26 23:03:06] === target 3357 (2/4) ===
[2026-08-26 23:17:42]   target 3357: crafted 50 poisons in 874 s, obj=0.36651
[2026-08-26 23:17:42]   target 3357: realized linf = 0.03137 (8.00/255), budget = 8.00/255
[2026-08-26 23:56:32]   [t3357 v1/4] fail (pred=n02841315) CTA=0.4952
[2026-08-27 00:35:27]   [t3357 v2/4] fail (pred=n02815834) CTA=0.4984
[2026-08-27 01:14:22]   [t3357 v3/4] fail (pred=n09428293) CTA=0.4846
[2026-08-27 01:53:13]   [t3357 v4/4] fail (pred=n02795169) CTA=0.4870
[2026-08-27 01:53:13]   target 3357, 4 victims on this gpu: ASR=0.0% CTA=0.4913 +/- 0.0057
[2026-08-27 01:53:13] === target 5846 (3/4) ===
[2026-08-27 02:07:49]   target 5846: crafted 50 poisons in 874 s, obj=0.32972
[2026-08-27 02:07:49]   target 5846: realized linf = 0.03137 (8.00/255), budget = 8.00/255
[2026-08-27 02:46:39]   [t5846 v1/4] fail (pred=n01629819) CTA=0.5026
[2026-08-27 03:25:31]   [t5846 v2/4] fail (pred=n01629819) CTA=0.4995
[2026-08-27 04:04:20]   [t5846 v3/4] fail (pred=n01629819) CTA=0.4908
[2026-08-27 04:43:12]   [t5846 v4/4] fail (pred=n04067472) CTA=0.4857
[2026-08-27 04:43:12]   target 5846, 4 victims on this gpu: ASR=0.0% CTA=0.4947 +/- 0.0067
[2026-08-27 04:43:12] === target 6295 (4/4) ===
[2026-08-27 04:57:47]   target 6295: crafted 50 poisons in 873 s, obj=0.35371
[2026-08-27 04:57:47]   target 6295: realized linf = 0.03137 (8.00/255), budget = 8.00/255
[2026-08-27 05:36:37]   [t6295 v1/4] fail (pred=n01629819) CTA=0.4828
[2026-08-27 06:15:29]   [t6295 v2/4] fail (pred=n01629819) CTA=0.4930
[2026-08-27 06:54:22]   [t6295 v3/4] fail (pred=n01629819) CTA=0.4909
