pinned targets: [4167, 9210, 5660, 9923]
job: 631547 xdata_030_cifar100_gradmatch_bottle_road_b0_002_greedy on rack15-06
cell: dataset=CIFAR100 model=ResNet18BN pair=bottle-road budget=0.002 attack=gradmatch selection=greedy jacobian=off
protocol: 4 pinned targets x 4 victims; run=CIFAR100_ResNet18BN_gradmatch_ours_bottle-road_b0.002_eps8_seed42_lam1_cosine_ce5
gpu: NVIDIA L40S
[2026-08-26 20:01:03] === run start: CIFAR100_ResNet18BN_gradmatch_ours_bottle-road_b0.002_eps8_seed42_lam1_cosine_ce5 on cuda [0] ===
[2026-08-26 20:01:03] args: {"FORCE": false, "attack": "gradmatch", "base": "ours", "base_dist": "cosine", "base_topr": null, "budget": 0.002, "cache_dir": "/tmp/extra_data_if/cache", "class_pair": "bottle-road", "clean_baseline": true, "craft_alpha": 0.0039216, "craft_aug": true, "craft_batch": 256, "craft_ensemble": 5, "craft_lowmem": false, "craft_schedule": false, "craft_steps": 250, "data_path": "/tmp/extra_data", "dataset": "CIFAR100", "dsa_strategy": "color_crop_cutout_flip_scale_rotate", "epsilon": 0.0313725, "fast_gradmatch": false, "fc_mode": "sample", "fc_restarts": 1, "gpus": "all", "jacobian_batch_size": 64, "jacobian_weight": 1.0, "lambda_margin": 1.0, "model": "ResNet18BN", "no_resume": false, "num_poisons": 500, "num_surrogates": 20, "num_targets": 4, "num_victims": 4, "out_dir": "/tmp/extra_data_if/extra_data_result", "pair_order": "poison-target", "parallel_pretrain": true, "parallel_targets": true, "precompute_id": null, "precompute_only": false, "precompute_part": "both", "rank_on_victims": true, "recompute_deltas": false, "require_correct_target": false, "restarts": 8, "seed": 42, "sel_K": null, "sel_alpha": 1.0, "sel_criterion": null, "sel_dpp": false, "sel_filter": false, "sel_mmr": false, "sel_mode": null, "sel_model": null, "sel_mu": 1.0, "sel_pca": false, "sel_pool": 3.0, "sharp_mode": "worst", "sharp_samples": 20, "sharp_sigma": 0.05, "steal_timeout": 7200.0, "surrogate_aug": false, "surrogate_bs": 128, "surrogate_decay": [35, 45], "surrogate_epochs": 60, "surrogate_lr": 0.1, "surrogate_wd": 0.0, "target_idx_file": "/tmp/extra_data_if/target_sets/xdata_CIFAR100_ResNet18BN_bottle-road.json", "target_select": "random", "use_jacobian_score": false, "victim_aug": false, "victim_bs": 125, "victim_decay": [40], "victim_epochs": 50, "victim_lr": 0.1, "victim_wd": 0.0}
[2026-08-26 20:01:03] Jacobian score: disabled
[2026-08-26 20:01:03] N_total=50000 budget=0.002 -> N_p=100 poisons, y_adv=9(bottle) target_class=68(road)
[2026-08-26 20:01:03] === surrogates (20 x ResNet18BN, trained on the full real set) ===
[2026-08-26 20:01:04]   crafting on 5/20 surrogates
[2026-08-26 20:01:04] === clean victims (4 x ResNet18BN) ===
[2026-08-26 20:01:07]   clean baseline CTA = 0.5613 +/- 0.0060
[2026-08-26 20:01:07]   target pool 100 -> eligible 100 (0 already predicted as y_adv or dropped)
[2026-08-26 20:01:07]   chosen 4 targets (file), p_adv range 0.0000..0.0000
[2026-08-26 20:01:07]   targets: [4167, 9210, 5660, 9923]
[2026-08-26 20:01:07] === target 4167 (1/4) ===
[2026-08-26 20:08:28]   target 4167: crafted 100 poisons in 440 s, obj=0.34377
[2026-08-26 20:08:28]   target 4167: realized linf = 0.03137 (8.00/255), budget = 8.00/255
[2026-08-26 20:12:22]   [t4167 v1/4] fail (pred=road) CTA=0.6003
[2026-08-26 20:16:15]   [t4167 v2/4] SUCCESS (pred=bottle) CTA=0.5881
[2026-08-26 20:20:08]   [t4167 v3/4] SUCCESS (pred=bottle) CTA=0.5836
[2026-08-26 20:24:01]   [t4167 v4/4] fail (pred=road) CTA=0.5823
[2026-08-26 20:24:01]   target 4167, 4 victims on this gpu: ASR=50.0% CTA=0.5886 +/- 0.0071
[2026-08-26 20:24:01] === target 9210 (2/4) ===
[2026-08-26 20:31:21]   target 9210: crafted 100 poisons in 440 s, obj=0.30122
[2026-08-26 20:31:21]   target 9210: realized linf = 0.03137 (8.00/255), budget = 8.00/255
[2026-08-26 20:35:17]   [t9210 v1/4] SUCCESS (pred=bottle) CTA=0.5661
[2026-08-26 20:39:10]   [t9210 v2/4] SUCCESS (pred=bottle) CTA=0.5764
[2026-08-26 20:43:02]   [t9210 v3/4] fail (pred=road) CTA=0.5880
[2026-08-26 20:46:55]   [t9210 v4/4] fail (pred=road) CTA=0.5844
[2026-08-26 20:46:55]   target 9210, 4 victims on this gpu: ASR=50.0% CTA=0.5787 +/- 0.0084
[2026-08-26 20:46:55] === target 5660 (3/4) ===
[2026-08-26 20:54:12]   target 5660: crafted 100 poisons in 436 s, obj=0.32034
[2026-08-26 20:54:12]   target 5660: realized linf = 0.03137 (8.00/255), budget = 8.00/255
[2026-08-26 20:58:08]   [t5660 v1/4] SUCCESS (pred=bottle) CTA=0.6015
[2026-08-26 21:02:01]   [t5660 v2/4] SUCCESS (pred=bottle) CTA=0.5569
[2026-08-26 21:05:53]   [t5660 v3/4] SUCCESS (pred=bottle) CTA=0.5554
[2026-08-26 21:09:46]   [t5660 v4/4] fail (pred=road) CTA=0.5646
[2026-08-26 21:09:46]   target 5660, 4 victims on this gpu: ASR=75.0% CTA=0.5696 +/- 0.0187
[2026-08-26 21:09:46] === target 9923 (4/4) ===
