pinned targets: [7977, 3357, 5846, 6295]
job: 631921 xdata_053_tiny_gradmatch_n01443537_n01629819_b0_002_greedy on rack02-11
cell: dataset=TinyImageNet model=ResNet18BN pair=n01443537-n01629819 budget=0.002 attack=gradmatch selection=greedy jacobian=off
protocol: 4 pinned targets x 4 victims; run=TinyImageNet_ResNet18BN_gradmatch_ours_n01443537-n01629819_b0.002_eps8_seed42_lam1_cosine_ce5
gpu: NVIDIA L40S
[2026-08-26 20:40:12] === run start: TinyImageNet_ResNet18BN_gradmatch_ours_n01443537-n01629819_b0.002_eps8_seed42_lam1_cosine_ce5 on cuda [0] ===
[2026-08-26 20:40:12] args: {"FORCE": false, "attack": "gradmatch", "base": "ours", "base_dist": "cosine", "base_topr": null, "budget": 0.002, "cache_dir": "/tmp/extra_data_if/cache", "class_pair": "n01443537-n01629819", "clean_baseline": true, "craft_alpha": 0.0039216, "craft_aug": true, "craft_batch": 256, "craft_ensemble": 5, "craft_lowmem": true, "craft_schedule": false, "craft_steps": 250, "data_path": "/tmp/extra_data", "dataset": "TinyImageNet", "dsa_strategy": "color_crop_cutout_flip_scale_rotate", "epsilon": 0.0313725, "fast_gradmatch": false, "fc_mode": "sample", "fc_restarts": 1, "gpus": "all", "jacobian_batch_size": 64, "jacobian_weight": 1.0, "lambda_margin": 1.0, "model": "ResNet18BN", "no_resume": false, "num_poisons": 500, "num_surrogates": 20, "num_targets": 4, "num_victims": 4, "out_dir": "/tmp/extra_data_if/extra_data_result", "pair_order": "poison-target", "parallel_pretrain": true, "parallel_targets": true, "precompute_id": null, "precompute_only": false, "precompute_part": "both", "rank_on_victims": true, "recompute_deltas": false, "require_correct_target": false, "restarts": 8, "seed": 42, "sel_K": null, "sel_alpha": 1.0, "sel_criterion": null, "sel_dpp": false, "sel_filter": false, "sel_mmr": false, "sel_mode": null, "sel_model": null, "sel_mu": 1.0, "sel_pca": false, "sel_pool": 3.0, "sharp_mode": "worst", "sharp_samples": 20, "sharp_sigma": 0.05, "steal_timeout": 7200.0, "surrogate_aug": false, "surrogate_bs": 128, "surrogate_decay": [35, 45], "surrogate_epochs": 60, "surrogate_lr": 0.1, "surrogate_wd": 0.0, "target_idx_file": "/tmp/extra_data_if/target_sets/appx_tiny_ResNet18BN_n01443537-n01629819.json", "target_select": "random", "use_jacobian_score": false, "victim_aug": false, "victim_bs": 125, "victim_decay": [40], "victim_epochs": 50, "victim_lr": 0.1, "victim_wd": 0.0}
[2026-08-26 20:40:12] Jacobian score: disabled
[2026-08-26 20:40:12] N_total=100000 budget=0.002 -> N_p=200 poisons, y_adv=0(n01443537) target_class=1(n01629819)
[2026-08-26 20:40:12] === surrogates (20 x ResNet18BN, trained on the full real set) ===
[2026-08-26 20:40:13]   crafting on 5/20 surrogates
[2026-08-26 20:40:13] === clean victims (4 x ResNet18BN) ===
[2026-08-26 20:40:20]   clean baseline CTA = 0.4863 +/- 0.0064
[2026-08-26 20:40:20]   target pool 50 -> eligible 50 (0 already predicted as y_adv or dropped)
[2026-08-26 20:40:20]   chosen 4 targets (file), p_adv range 0.0000..0.0000
[2026-08-26 20:40:20]   targets: [7977, 3357, 5846, 6295]
[2026-08-26 20:40:20] === target 7977 (1/4) ===
[2026-08-26 21:59:20]   target 7977: crafted 200 poisons in 4737 s, obj=0.34385
[2026-08-26 21:59:20]   target 7977: realized linf = 0.03137 (8.00/255), budget = 8.00/255
[2026-08-26 22:38:03]   [t7977 v1/4] fail (pred=n01629819) CTA=0.4824
[2026-08-26 23:16:48]   [t7977 v2/4] fail (pred=n01629819) CTA=0.4976
[2026-08-26 23:55:32]   [t7977 v3/4] fail (pred=n01629819) CTA=0.4943
[2026-08-27 00:34:19]   [t7977 v4/4] fail (pred=n01629819) CTA=0.4906
[2026-08-27 00:34:19]   target 7977, 4 victims on this gpu: ASR=0.0% CTA=0.4912 +/- 0.0057
[2026-08-27 00:34:19] === target 3357 (2/4) ===
[2026-08-27 01:53:23]   target 3357: crafted 200 poisons in 4742 s, obj=0.35218
[2026-08-27 01:53:23]   target 3357: realized linf = 0.03137 (8.00/255), budget = 8.00/255
[2026-08-27 02:32:03]   [t3357 v1/4] fail (pred=n02909870) CTA=0.4945
[2026-08-27 03:10:45]   [t3357 v2/4] fail (pred=n01644900) CTA=0.4909
[2026-08-27 03:49:29]   [t3357 v3/4] fail (pred=n04251144) CTA=0.4937
[2026-08-27 04:28:14]   [t3357 v4/4] fail (pred=n09428293) CTA=0.4814
[2026-08-27 04:28:14]   target 3357, 4 victims on this gpu: ASR=0.0% CTA=0.4901 +/- 0.0052
[2026-08-27 04:28:14] === target 5846 (3/4) ===
[2026-08-27 05:47:21]   target 5846: crafted 200 poisons in 4745 s, obj=0.31831
[2026-08-27 05:47:21]   target 5846: realized linf = 0.03137 (8.00/255), budget = 8.00/255
[2026-08-27 06:26:02]   [t5846 v1/4] fail (pred=n01629819) CTA=0.4931
[2026-08-27 07:04:47]   [t5846 v2/4] fail (pred=n01629819) CTA=0.4977
[2026-08-27 07:43:30]   [t5846 v3/4] SUCCESS (pred=n01443537) CTA=0.4903
[2026-08-27 08:22:12]   [t5846 v4/4] fail (pred=n01629819) CTA=0.4958
[2026-08-27 08:22:12]   target 5846, 4 victims on this gpu: ASR=25.0% CTA=0.4942 +/- 0.0028
[2026-08-27 08:22:12] === target 6295 (4/4) ===
[2026-08-27 09:41:20]   target 6295: crafted 200 poisons in 4745 s, obj=0.34541
[2026-08-27 09:41:20]   target 6295: realized linf = 0.03137 (8.00/255), budget = 8.00/255
[2026-08-27 10:19:56]   [t6295 v1/4] fail (pred=n01629819) CTA=0.4991
[2026-08-27 10:58:38]   [t6295 v2/4] fail (pred=n01629819) CTA=0.4972
[2026-08-27 11:37:24]   [t6295 v3/4] fail (pred=n01629819) CTA=0.5047
