pinned targets: [4167, 9210, 5660, 9923]
job: 637492 xdata_r030_cifar100_gradmatch_bottle_road_b0_002_random on rack01-06
cell: dataset=CIFAR100 model=ResNet18BN pair=bottle-road budget=0.002 attack=gradmatch selection=random jacobian=off
protocol: 4 pinned targets x 4 victims; run=CIFAR100_ResNet18BN_gradmatch_random_bottle-road_b0.002_eps8_seed42_ce5
gpu: NVIDIA L40S
[2026-08-27 10:48:42] === run start: CIFAR100_ResNet18BN_gradmatch_random_bottle-road_b0.002_eps8_seed42_ce5 on cuda [0] ===
[2026-08-27 10:48:42] args: {"FORCE": false, "attack": "gradmatch", "base": "random", "base_dist": "cosine", "base_topr": null, "budget": 0.002, "cache_dir": "/tmp/extra_data_if/cache", "class_pair": "bottle-road", "clean_baseline": true, "craft_alpha": 0.0039216, "craft_aug": true, "craft_batch": 256, "craft_ensemble": 5, "craft_lowmem": false, "craft_schedule": false, "craft_steps": 250, "data_path": "/tmp/extra_data", "dataset": "CIFAR100", "dsa_strategy": "color_crop_cutout_flip_scale_rotate", "epsilon": 0.0313725, "fast_gradmatch": false, "fc_mode": "sample", "fc_restarts": 1, "gpus": "all", "jacobian_batch_size": 64, "jacobian_weight": 1.0, "lambda_margin": 1.0, "model": "ResNet18BN", "no_resume": false, "num_poisons": 500, "num_surrogates": 20, "num_targets": 4, "num_victims": 4, "out_dir": "/tmp/extra_data_if/extra_data_result", "pair_order": "poison-target", "parallel_pretrain": true, "parallel_targets": true, "precompute_id": null, "precompute_only": false, "precompute_part": "both", "rank_on_victims": true, "recompute_deltas": false, "require_correct_target": false, "restarts": 8, "seed": 42, "sel_K": null, "sel_alpha": 1.0, "sel_criterion": null, "sel_dpp": false, "sel_filter": false, "sel_mmr": false, "sel_mode": null, "sel_model": null, "sel_mu": 1.0, "sel_pca": false, "sel_pool": 3.0, "sharp_mode": "worst", "sharp_samples": 20, "sharp_sigma": 0.05, "steal_timeout": 7200.0, "surrogate_aug": false, "surrogate_bs": 128, "surrogate_decay": [35, 45], "surrogate_epochs": 60, "surrogate_lr": 0.1, "surrogate_wd": 0.0, "target_idx_file": "/tmp/extra_data_if/target_sets/xdata_CIFAR100_ResNet18BN_bottle-road.json", "target_select": "random", "use_jacobian_score": false, "victim_aug": false, "victim_bs": 125, "victim_decay": [40], "victim_epochs": 50, "victim_lr": 0.1, "victim_wd": 0.0}
[2026-08-27 10:48:42] Jacobian score: disabled
[2026-08-27 10:48:42] N_total=50000 budget=0.002 -> N_p=100 poisons, y_adv=9(bottle) target_class=68(road)
[2026-08-27 10:48:42] === surrogates (20 x ResNet18BN, trained on the full real set) ===
[2026-08-27 10:48:44]   crafting on 5/20 surrogates
[2026-08-27 10:48:44] === clean victims (4 x ResNet18BN) ===
[2026-08-27 10:48:46]   clean baseline CTA = 0.5613 +/- 0.0060
[2026-08-27 10:48:46]   target pool 100 -> eligible 100 (0 already predicted as y_adv or dropped)
[2026-08-27 10:48:46]   chosen 4 targets (file), p_adv range 0.0000..0.0000
[2026-08-27 10:48:46]   targets: [4167, 9210, 5660, 9923]
[2026-08-27 10:48:46] === target 4167 (1/4) ===
[2026-08-27 10:56:09]   target 4167: crafted 100 poisons in 443 s, obj=0.41993
[2026-08-27 10:56:09]   target 4167: realized linf = 0.03137 (8.00/255), budget = 8.00/255
[2026-08-27 11:00:07]   [t4167 v1/4] fail (pred=road) CTA=0.5693
[2026-08-27 11:04:04]   [t4167 v2/4] fail (pred=road) CTA=0.5727
[2026-08-27 11:08:01]   [t4167 v3/4] fail (pred=road) CTA=0.5515
[2026-08-27 11:11:57]   [t4167 v4/4] fail (pred=road) CTA=0.5526
[2026-08-27 11:11:57]   target 4167, 4 victims on this gpu: ASR=0.0% CTA=0.5615 +/- 0.0096
[2026-08-27 11:11:57] === target 9210 (2/4) ===
