pinned targets: [16479, 8189, 17114, 13151, 4867, 18264]
job: 637490 xdata_r028_svhn_gradmatch_9_2_b0_005_random on rack07-14
cell: dataset=SVHN model=ConvNetBN pair=9-2 budget=0.005 attack=gradmatch selection=random jacobian=off
protocol: 6 pinned targets x 5 victims; run=SVHN_ConvNetBN_gradmatch_random_9-2_b0.005_eps8_seed42_ce5
gpu: NVIDIA L40S
[2026-08-27 10:49:27] === run start: SVHN_ConvNetBN_gradmatch_random_9-2_b0.005_eps8_seed42_ce5 on cuda [0] ===
[2026-08-27 10:49:27] args: {"FORCE": false, "attack": "gradmatch", "base": "random", "base_dist": "cosine", "base_topr": null, "budget": 0.005, "cache_dir": "/tmp/extra_data_if/cache", "class_pair": "9-2", "clean_baseline": true, "craft_alpha": 0.0039216, "craft_aug": true, "craft_batch": 256, "craft_ensemble": 5, "craft_lowmem": false, "craft_schedule": false, "craft_steps": 250, "data_path": "/tmp/extra_data", "dataset": "SVHN", "dsa_strategy": "color_crop_cutout_flip_scale_rotate", "epsilon": 0.0313725, "fast_gradmatch": false, "fc_mode": "sample", "fc_restarts": 1, "gpus": "all", "jacobian_batch_size": 64, "jacobian_weight": 1.0, "lambda_margin": 1.0, "model": "ConvNetBN", "no_resume": false, "num_poisons": 500, "num_surrogates": 20, "num_targets": 6, "num_victims": 5, "out_dir": "/tmp/extra_data_if/extra_data_result", "pair_order": "poison-target", "parallel_pretrain": true, "parallel_targets": true, "precompute_id": null, "precompute_only": false, "precompute_part": "both", "rank_on_victims": true, "recompute_deltas": false, "require_correct_target": false, "restarts": 8, "seed": 42, "sel_K": null, "sel_alpha": 1.0, "sel_criterion": null, "sel_dpp": false, "sel_filter": false, "sel_mmr": false, "sel_mode": null, "sel_model": null, "sel_mu": 1.0, "sel_pca": false, "sel_pool": 3.0, "sharp_mode": "worst", "sharp_samples": 20, "sharp_sigma": 0.05, "steal_timeout": 7200.0, "surrogate_aug": false, "surrogate_bs": 128, "surrogate_decay": [35, 45], "surrogate_epochs": 60, "surrogate_lr": 0.1, "surrogate_wd": 0.0, "target_idx_file": "/tmp/extra_data_if/target_sets/xdata_SVHN_ConvNetBN_9-2.json", "target_select": "random", "use_jacobian_score": false, "victim_aug": false, "victim_bs": 125, "victim_decay": [40], "victim_epochs": 50, "victim_lr": 0.01, "victim_wd": 0.0}
[2026-08-27 10:49:27] Jacobian score: disabled
[2026-08-27 10:49:27] N_total=73257 budget=0.005 -> N_p=366 poisons, y_adv=9(9) target_class=2(2)
[2026-08-27 10:49:27] === surrogates (20 x ConvNetBN, trained on the full real set) ===
[2026-08-27 10:49:27]   crafting on 5/20 surrogates
[2026-08-27 10:49:27] === clean victims (5 x ConvNetBN) ===
[2026-08-27 10:49:30]   clean baseline CTA = 0.9226 +/- 0.0015
[2026-08-27 10:49:30]   target pool 4149 -> eligible 4135 (14 already predicted as y_adv or dropped)
[2026-08-27 10:49:30]   chosen 6 targets (file), p_adv range 0.0000..0.0000
[2026-08-27 10:49:30]   targets: [16479, 8189, 17114, 13151, 4867, 18264]
[2026-08-27 10:49:30] === target 16479 (1/6) ===
[2026-08-27 11:00:33]   target 16479: crafted 366 poisons in 662 s, obj=0.34507
[2026-08-27 11:00:33]   target 16479: realized linf = 0.03137 (8.00/255), budget = 8.00/255
[2026-08-27 11:03:35]   [t16479 v1/5] fail (pred=2) CTA=0.9224
[2026-08-27 11:06:37]   [t16479 v2/5] fail (pred=2) CTA=0.9215
[2026-08-27 11:09:39]   [t16479 v3/5] fail (pred=2) CTA=0.9215
[2026-08-27 11:12:41]   [t16479 v4/5] fail (pred=2) CTA=0.9229
[2026-08-27 11:15:43]   [t16479 v5/5] fail (pred=2) CTA=0.9236
[2026-08-27 11:15:43]   target 16479, 5 victims on this gpu: ASR=0.0% CTA=0.9224 +/- 0.0008
[2026-08-27 11:15:43] === target 8189 (2/6) ===
[2026-08-27 11:26:46]   target 8189: crafted 366 poisons in 663 s, obj=0.32976
[2026-08-27 11:26:46]   target 8189: realized linf = 0.03137 (8.00/255), budget = 8.00/255
[2026-08-27 11:29:49]   [t8189 v1/5] SUCCESS (pred=9) CTA=0.9214
[2026-08-27 11:32:51]   [t8189 v2/5] SUCCESS (pred=9) CTA=0.9218
[2026-08-27 11:35:53]   [t8189 v3/5] SUCCESS (pred=9) CTA=0.9222
[2026-08-27 11:38:55]   [t8189 v4/5] SUCCESS (pred=9) CTA=0.9225
[2026-08-27 11:41:57]   [t8189 v5/5] SUCCESS (pred=9) CTA=0.9225
[2026-08-27 11:41:57]   target 8189, 5 victims on this gpu: ASR=100.0% CTA=0.9221 +/- 0.0004
[2026-08-27 11:41:57] === target 17114 (3/6) ===
[2026-08-27 11:53:00]   target 17114: crafted 366 poisons in 663 s, obj=0.26124
[2026-08-27 11:53:00]   target 17114: realized linf = 0.03137 (8.00/255), budget = 8.00/255
[2026-08-27 11:56:03]   [t17114 v1/5] fail (pred=2) CTA=0.9215
[2026-08-27 11:59:05]   [t17114 v2/5] fail (pred=2) CTA=0.9241
[2026-08-27 12:02:07]   [t17114 v3/5] fail (pred=2) CTA=0.9187
[2026-08-27 12:05:08]   [t17114 v4/5] fail (pred=2) CTA=0.9232
[2026-08-27 12:08:10]   [t17114 v5/5] fail (pred=2) CTA=0.9225
[2026-08-27 12:08:10]   target 17114, 5 victims on this gpu: ASR=0.0% CTA=0.9220 +/- 0.0018
[2026-08-27 12:08:10] === target 13151 (4/6) ===
[2026-08-27 12:19:13]   target 13151: crafted 366 poisons in 663 s, obj=0.26838
[2026-08-27 12:19:13]   target 13151: realized linf = 0.03137 (8.00/255), budget = 8.00/255
[2026-08-27 12:22:16]   [t13151 v1/5] SUCCESS (pred=9) CTA=0.9200
[2026-08-27 12:25:18]   [t13151 v2/5] fail (pred=2) CTA=0.9214
[2026-08-27 12:28:20]   [t13151 v3/5] fail (pred=2) CTA=0.9226
[2026-08-27 12:31:22]   [t13151 v4/5] fail (pred=2) CTA=0.9218
[2026-08-27 12:34:24]   [t13151 v5/5] SUCCESS (pred=9) CTA=0.9209
[2026-08-27 12:34:24]   target 13151, 5 victims on this gpu: ASR=40.0% CTA=0.9213 +/- 0.0009
[2026-08-27 12:34:24] === target 4867 (5/6) ===
[2026-08-27 12:45:26]   target 4867: crafted 366 poisons in 662 s, obj=0.31979
[2026-08-27 12:45:26]   target 4867: realized linf = 0.03137 (8.00/255), budget = 8.00/255
