pinned targets: [16479, 8189, 17114, 13151, 4867, 18264]
job: 631896 xdata_028_svhn_gradmatch_9_2_b0_005_greedy on rack09-11
cell: dataset=SVHN model=ConvNetBN pair=9-2 budget=0.005 attack=gradmatch selection=greedy jacobian=off
protocol: 6 pinned targets x 5 victims; run=SVHN_ConvNetBN_gradmatch_ours_9-2_b0.005_eps8_seed42_lam1_cosine_ce5
gpu: NVIDIA L40S
[2026-08-26 20:44:01] === run start: SVHN_ConvNetBN_gradmatch_ours_9-2_b0.005_eps8_seed42_lam1_cosine_ce5 on cuda [0] ===
[2026-08-26 20:44:01] args: {"FORCE": false, "attack": "gradmatch", "base": "ours", "base_dist": "cosine", "base_topr": null, "budget": 0.005, "cache_dir": "/tmp/extra_data_if/cache", "class_pair": "9-2", "clean_baseline": true, "craft_alpha": 0.0039216, "craft_aug": true, "craft_batch": 256, "craft_ensemble": 5, "craft_lowmem": false, "craft_schedule": false, "craft_steps": 250, "data_path": "/tmp/extra_data", "dataset": "SVHN", "dsa_strategy": "color_crop_cutout_flip_scale_rotate", "epsilon": 0.0313725, "fast_gradmatch": false, "fc_mode": "sample", "fc_restarts": 1, "gpus": "all", "jacobian_batch_size": 64, "jacobian_weight": 1.0, "lambda_margin": 1.0, "model": "ConvNetBN", "no_resume": false, "num_poisons": 500, "num_surrogates": 20, "num_targets": 6, "num_victims": 5, "out_dir": "/tmp/extra_data_if/extra_data_result", "pair_order": "poison-target", "parallel_pretrain": true, "parallel_targets": true, "precompute_id": null, "precompute_only": false, "precompute_part": "both", "rank_on_victims": true, "recompute_deltas": false, "require_correct_target": false, "restarts": 8, "seed": 42, "sel_K": null, "sel_alpha": 1.0, "sel_criterion": null, "sel_dpp": false, "sel_filter": false, "sel_mmr": false, "sel_mode": null, "sel_model": null, "sel_mu": 1.0, "sel_pca": false, "sel_pool": 3.0, "sharp_mode": "worst", "sharp_samples": 20, "sharp_sigma": 0.05, "steal_timeout": 7200.0, "surrogate_aug": false, "surrogate_bs": 128, "surrogate_decay": [35, 45], "surrogate_epochs": 60, "surrogate_lr": 0.1, "surrogate_wd": 0.0, "target_idx_file": "/tmp/extra_data_if/target_sets/xdata_SVHN_ConvNetBN_9-2.json", "target_select": "random", "use_jacobian_score": false, "victim_aug": false, "victim_bs": 125, "victim_decay": [40], "victim_epochs": 50, "victim_lr": 0.01, "victim_wd": 0.0}
[2026-08-26 20:44:01] Jacobian score: disabled
[2026-08-26 20:44:01] N_total=73257 budget=0.005 -> N_p=366 poisons, y_adv=9(9) target_class=2(2)
[2026-08-26 20:44:01] === surrogates (20 x ConvNetBN, trained on the full real set) ===
[2026-08-26 20:44:01]   crafting on 5/20 surrogates
[2026-08-26 20:44:01] === clean victims (5 x ConvNetBN) ===
[2026-08-26 20:44:03]   clean baseline CTA = 0.9226 +/- 0.0015
[2026-08-26 20:44:03]   target pool 4149 -> eligible 4135 (14 already predicted as y_adv or dropped)
[2026-08-26 20:44:03]   chosen 6 targets (file), p_adv range 0.0000..0.0000
[2026-08-26 20:44:03]   targets: [16479, 8189, 17114, 13151, 4867, 18264]
[2026-08-26 20:44:03] === target 16479 (1/6) ===
[2026-08-26 20:50:07]   target 16479: crafted 366 poisons in 362 s, obj=0.27613
[2026-08-26 20:50:07]   target 16479: realized linf = 0.03137 (8.00/255), budget = 8.00/255
[2026-08-26 20:51:21]   [t16479 v1/5] fail (pred=2) CTA=0.9209
[2026-08-26 20:52:35]   [t16479 v2/5] fail (pred=2) CTA=0.9234
[2026-08-26 20:53:48]   [t16479 v3/5] fail (pred=2) CTA=0.9229
[2026-08-26 20:55:01]   [t16479 v4/5] fail (pred=2) CTA=0.9218
[2026-08-26 20:56:14]   [t16479 v5/5] fail (pred=2) CTA=0.9238
[2026-08-26 20:56:14]   target 16479, 5 victims on this gpu: ASR=0.0% CTA=0.9226 +/- 0.0011
[2026-08-26 20:56:14] === target 8189 (2/6) ===
[2026-08-26 21:02:18]   target 8189: crafted 366 poisons in 363 s, obj=0.29940
[2026-08-26 21:02:18]   target 8189: realized linf = 0.03137 (8.00/255), budget = 8.00/255
[2026-08-26 21:03:32]   [t8189 v1/5] SUCCESS (pred=9) CTA=0.9213
[2026-08-26 21:04:46]   [t8189 v2/5] SUCCESS (pred=9) CTA=0.9219
[2026-08-26 21:06:00]   [t8189 v3/5] SUCCESS (pred=9) CTA=0.9226
[2026-08-26 21:07:14]   [t8189 v4/5] SUCCESS (pred=9) CTA=0.9221
[2026-08-26 21:08:27]   [t8189 v5/5] SUCCESS (pred=9) CTA=0.9227
[2026-08-26 21:08:27]   target 8189, 5 victims on this gpu: ASR=100.0% CTA=0.9221 +/- 0.0005
[2026-08-26 21:08:27] === target 17114 (3/6) ===
[2026-08-26 21:14:32]   target 17114: crafted 366 poisons in 363 s, obj=0.19466
[2026-08-26 21:14:32]   target 17114: realized linf = 0.03137 (8.00/255), budget = 8.00/255
[2026-08-26 21:15:46]   [t17114 v1/5] SUCCESS (pred=9) CTA=0.9200
[2026-08-26 21:16:59]   [t17114 v2/5] fail (pred=2) CTA=0.9227
