pinned targets: [4933, 14102, 7079, 22348, 19041, 21052]
job: 637464 xdata_r002_svhn_fc_6_1_b0_002_random on rack15-09
cell: dataset=SVHN model=ConvNetBN pair=6-1 budget=0.002 attack=fc selection=random jacobian=off
protocol: 6 pinned targets x 5 victims; run=SVHN_ConvNetBN_fc_random_6-1_b0.002_eps8_seed42_ce5
gpu: NVIDIA L40S
[2026-08-27 10:37:30] === run start: SVHN_ConvNetBN_fc_random_6-1_b0.002_eps8_seed42_ce5 on cuda [0] ===
[2026-08-27 10:37:30] args: {"FORCE": false, "attack": "fc", "base": "random", "base_dist": "cosine", "base_topr": null, "budget": 0.002, "cache_dir": "/tmp/extra_data_if/cache", "class_pair": "6-1", "clean_baseline": true, "craft_alpha": 0.0039216, "craft_aug": true, "craft_batch": 256, "craft_ensemble": 5, "craft_lowmem": false, "craft_schedule": false, "craft_steps": 250, "data_path": "/tmp/extra_data", "dataset": "SVHN", "dsa_strategy": "color_crop_cutout_flip_scale_rotate", "epsilon": 0.0313725, "fast_gradmatch": false, "fc_mode": "sample", "fc_restarts": 1, "gpus": "all", "jacobian_batch_size": 64, "jacobian_weight": 1.0, "lambda_margin": 1.0, "model": "ConvNetBN", "no_resume": false, "num_poisons": 500, "num_surrogates": 20, "num_targets": 6, "num_victims": 5, "out_dir": "/tmp/extra_data_if/extra_data_result", "pair_order": "poison-target", "parallel_pretrain": true, "parallel_targets": true, "precompute_id": null, "precompute_only": false, "precompute_part": "both", "rank_on_victims": true, "recompute_deltas": false, "require_correct_target": false, "restarts": 8, "seed": 42, "sel_K": null, "sel_alpha": 1.0, "sel_criterion": null, "sel_dpp": false, "sel_filter": false, "sel_mmr": false, "sel_mode": null, "sel_model": null, "sel_mu": 1.0, "sel_pca": false, "sel_pool": 3.0, "sharp_mode": "worst", "sharp_samples": 20, "sharp_sigma": 0.05, "steal_timeout": 7200.0, "surrogate_aug": false, "surrogate_bs": 128, "surrogate_decay": [35, 45], "surrogate_epochs": 60, "surrogate_lr": 0.1, "surrogate_wd": 0.0, "target_idx_file": "/tmp/extra_data_if/target_sets/xdata_SVHN_ConvNetBN_6-1.json", "target_select": "random", "use_jacobian_score": false, "victim_aug": false, "victim_bs": 125, "victim_decay": [40], "victim_epochs": 50, "victim_lr": 0.01, "victim_wd": 0.0}
[2026-08-27 10:37:30] Jacobian score: disabled
[2026-08-27 10:37:30] N_total=73257 budget=0.002 -> N_p=147 poisons, y_adv=6(6) target_class=1(1)
[2026-08-27 10:37:30] === surrogates (20 x ConvNetBN, trained on the full real set) ===
[2026-08-27 10:37:31]   crafting on 5/20 surrogates
[2026-08-27 10:37:31] === clean victims (5 x ConvNetBN) ===
[2026-08-27 10:37:32]   clean baseline CTA = 0.9226 +/- 0.0015
[2026-08-27 10:37:32]   target pool 5099 -> eligible 5087 (12 already predicted as y_adv or dropped)
[2026-08-27 10:37:32]   chosen 6 targets (file), p_adv range 0.0000..0.0001
[2026-08-27 10:37:32]   targets: [4933, 14102, 7079, 22348, 19041, 21052]
[2026-08-27 10:37:32] === target 4933 (1/6) ===
[2026-08-27 10:37:35]   target 4933: crafted 147 poisons in 3 s, obj=0.10253
[2026-08-27 10:37:35]   target 4933: realized linf = 0.03137 (8.00/255), budget = 8.00/255
[2026-08-27 10:38:48]   [t4933 v1/5] fail (pred=1) CTA=0.9217
[2026-08-27 10:40:01]   [t4933 v2/5] SUCCESS (pred=6) CTA=0.9218
[2026-08-27 10:41:15]   [t4933 v3/5] fail (pred=1) CTA=0.9203
[2026-08-27 10:42:28]   [t4933 v4/5] SUCCESS (pred=6) CTA=0.9231
[2026-08-27 10:43:41]   [t4933 v5/5] fail (pred=1) CTA=0.9209
[2026-08-27 10:43:41]   target 4933, 5 victims on this gpu: ASR=40.0% CTA=0.9216 +/- 0.0009
[2026-08-27 10:43:41] === target 14102 (2/6) ===
[2026-08-27 10:43:44]   target 14102: crafted 147 poisons in 3 s, obj=0.06754
[2026-08-27 10:43:44]   target 14102: realized linf = 0.03137 (8.00/255), budget = 8.00/255
[2026-08-27 10:44:59]   [t14102 v1/5] fail (pred=1) CTA=0.9218
[2026-08-27 10:46:13]   [t14102 v2/5] fail (pred=1) CTA=0.9199
[2026-08-27 10:47:27]   [t14102 v3/5] fail (pred=1) CTA=0.9226
[2026-08-27 10:48:41]   [t14102 v4/5] fail (pred=1) CTA=0.9243
[2026-08-27 10:49:54]   [t14102 v5/5] fail (pred=1) CTA=0.9216
[2026-08-27 10:49:54]   target 14102, 5 victims on this gpu: ASR=0.0% CTA=0.9220 +/- 0.0014
[2026-08-27 10:49:54] === target 7079 (3/6) ===
[2026-08-27 10:49:57]   target 7079: crafted 147 poisons in 3 s, obj=0.06223
[2026-08-27 10:49:57]   target 7079: realized linf = 0.03137 (8.00/255), budget = 8.00/255
[2026-08-27 10:51:12]   [t7079 v1/5] fail (pred=1) CTA=0.9244
[2026-08-27 10:52:25]   [t7079 v2/5] fail (pred=1) CTA=0.9226
[2026-08-27 10:53:39]   [t7079 v3/5] fail (pred=1) CTA=0.9235
[2026-08-27 10:54:52]   [t7079 v4/5] fail (pred=1) CTA=0.9231
[2026-08-27 10:56:05]   [t7079 v5/5] fail (pred=1) CTA=0.9213
[2026-08-27 10:56:05]   target 7079, 5 victims on this gpu: ASR=0.0% CTA=0.9230 +/- 0.0010
[2026-08-27 10:56:05] === target 22348 (4/6) ===
[2026-08-27 10:56:07]   target 22348: crafted 147 poisons in 3 s, obj=0.10145
[2026-08-27 10:56:07]   target 22348: realized linf = 0.03137 (8.00/255), budget = 8.00/255
[2026-08-27 10:57:23]   [t22348 v1/5] fail (pred=1) CTA=0.9213
[2026-08-27 10:58:36]   [t22348 v2/5] fail (pred=1) CTA=0.9215
[2026-08-27 10:59:50]   [t22348 v3/5] fail (pred=1) CTA=0.9201
[2026-08-27 11:01:04]   [t22348 v4/5] fail (pred=1) CTA=0.9193
[2026-08-27 11:02:18]   [t22348 v5/5] fail (pred=1) CTA=0.9217
[2026-08-27 11:02:18]   target 22348, 5 victims on this gpu: ASR=0.0% CTA=0.9208 +/- 0.0009
[2026-08-27 11:02:18] === target 19041 (5/6) ===
[2026-08-27 11:02:20]   target 19041: crafted 147 poisons in 3 s, obj=0.07081
[2026-08-27 11:02:20]   target 19041: realized linf = 0.03137 (8.00/255), budget = 8.00/255
[2026-08-27 11:03:36]   [t19041 v1/5] fail (pred=1) CTA=0.9238
[2026-08-27 11:04:49]   [t19041 v2/5] fail (pred=1) CTA=0.9217
[2026-08-27 11:06:02]   [t19041 v3/5] fail (pred=1) CTA=0.9206
[2026-08-27 11:07:15]   [t19041 v4/5] fail (pred=1) CTA=0.9227
[2026-08-27 11:08:28]   [t19041 v5/5] fail (pred=1) CTA=0.9226
[2026-08-27 11:08:28]   target 19041, 5 victims on this gpu: ASR=0.0% CTA=0.9223 +/- 0.0011
[2026-08-27 11:08:28] === target 21052 (6/6) ===
[2026-08-27 11:08:31]   target 21052: crafted 147 poisons in 3 s, obj=0.07567
[2026-08-27 11:08:31]   target 21052: realized linf = 0.03137 (8.00/255), budget = 8.00/255
[2026-08-27 11:09:46]   [t21052 v1/5] fail (pred=1) CTA=0.9218
[2026-08-27 11:11:00]   [t21052 v2/5] fail (pred=1) CTA=0.9223
[2026-08-27 11:12:13]   [t21052 v3/5] fail (pred=1) CTA=0.9206
[2026-08-27 11:13:26]   [t21052 v4/5] fail (pred=1) CTA=0.9203
[2026-08-27 11:14:39]   [t21052 v5/5] fail (pred=1) CTA=0.9221
[2026-08-27 11:14:39]   target 21052, 5 victims on this gpu: ASR=0.0% CTA=0.9214 +/- 0.0008
[2026-08-27 11:14:39] ==== SVHN_ConvNetBN_fc_random_6-1_b0.002_eps8_seed42_ce5 : ASR = 6.7% +/- 14.9% | CTA = 0.9218 (baseline 0.9226) ====
[2026-08-27 11:14:39]   target-prediction tally ['0', '1', '2', '3', '4', '5', '6', '7', '8', '9']: [0, 28, 0, 0, 0, 0, 2, 0, 0, 0]
sync: extra-data cell -> /home/mmoslem3/scratch/PoisonBase/extra_data_result/SVHN_ConvNetBN_fc_random_6-1_b0.002_eps8_seed42_ce5
