pinned targets: [16479, 8189, 17114, 13151, 4867, 18264]
job: 637480 xdata_r018_svhn_sapa_9_2_b0_001_random on rack04-09
cell: dataset=SVHN model=ConvNetBN pair=9-2 budget=0.001 attack=sapa selection=random jacobian=off
protocol: 6 pinned targets x 5 victims; run=SVHN_ConvNetBN_sapa_random_9-2_b0.001_eps8_seed42_worst0.05_ce5
gpu: NVIDIA L40S
[2026-08-27 10:47:44] === run start: SVHN_ConvNetBN_sapa_random_9-2_b0.001_eps8_seed42_worst0.05_ce5 on cuda [0] ===
[2026-08-27 10:47:44] args: {"FORCE": false, "attack": "sapa", "base": "random", "base_dist": "cosine", "base_topr": null, "budget": 0.001, "cache_dir": "/tmp/extra_data_if/cache", "class_pair": "9-2", "clean_baseline": true, "craft_alpha": 0.0039216, "craft_aug": true, "craft_batch": 256, "craft_ensemble": 5, "craft_lowmem": false, "craft_schedule": false, "craft_steps": 250, "data_path": "/tmp/extra_data", "dataset": "SVHN", "dsa_strategy": "color_crop_cutout_flip_scale_rotate", "epsilon": 0.0313725, "fast_gradmatch": false, "fc_mode": "sample", "fc_restarts": 1, "gpus": "all", "jacobian_batch_size": 64, "jacobian_weight": 1.0, "lambda_margin": 1.0, "model": "ConvNetBN", "no_resume": false, "num_poisons": 500, "num_surrogates": 20, "num_targets": 6, "num_victims": 5, "out_dir": "/tmp/extra_data_if/extra_data_result", "pair_order": "poison-target", "parallel_pretrain": true, "parallel_targets": true, "precompute_id": null, "precompute_only": false, "precompute_part": "both", "rank_on_victims": true, "recompute_deltas": false, "require_correct_target": false, "restarts": 8, "seed": 42, "sel_K": null, "sel_alpha": 1.0, "sel_criterion": null, "sel_dpp": false, "sel_filter": false, "sel_mmr": false, "sel_mode": null, "sel_model": null, "sel_mu": 1.0, "sel_pca": false, "sel_pool": 3.0, "sharp_mode": "worst", "sharp_samples": 20, "sharp_sigma": 0.05, "steal_timeout": 7200.0, "surrogate_aug": false, "surrogate_bs": 128, "surrogate_decay": [35, 45], "surrogate_epochs": 60, "surrogate_lr": 0.1, "surrogate_wd": 0.0, "target_idx_file": "/tmp/extra_data_if/target_sets/xdata_SVHN_ConvNetBN_9-2.json", "target_select": "random", "use_jacobian_score": false, "victim_aug": false, "victim_bs": 125, "victim_decay": [40], "victim_epochs": 50, "victim_lr": 0.01, "victim_wd": 0.0}
[2026-08-27 10:47:44] Jacobian score: disabled
[2026-08-27 10:47:44] N_total=73257 budget=0.001 -> N_p=73 poisons, y_adv=9(9) target_class=2(2)
[2026-08-27 10:47:44] === surrogates (20 x ConvNetBN, trained on the full real set) ===
[2026-08-27 10:47:44]   crafting on 5/20 surrogates
[2026-08-27 10:47:44] === clean victims (5 x ConvNetBN) ===
[2026-08-27 10:47:45]   clean baseline CTA = 0.9226 +/- 0.0015
[2026-08-27 10:47:45]   target pool 4149 -> eligible 4135 (14 already predicted as y_adv or dropped)
[2026-08-27 10:47:45]   chosen 6 targets (file), p_adv range 0.0000..0.0000
[2026-08-27 10:47:45]   targets: [16479, 8189, 17114, 13151, 4867, 18264]
[2026-08-27 10:47:45] === target 16479 (1/6) ===
[2026-08-27 10:48:42]   target 16479: crafted 73 poisons in 56 s, obj=0.42159
[2026-08-27 10:48:42]   target 16479: realized linf = 0.03137 (8.00/255), budget = 8.00/255
[2026-08-27 10:49:54]   [t16479 v1/5] fail (pred=2) CTA=0.9211
[2026-08-27 10:51:07]   [t16479 v2/5] fail (pred=2) CTA=0.9215
[2026-08-27 10:52:20]   [t16479 v3/5] fail (pred=2) CTA=0.9220
[2026-08-27 10:53:33]   [t16479 v4/5] fail (pred=2) CTA=0.9212
[2026-08-27 10:54:46]   [t16479 v5/5] fail (pred=2) CTA=0.9238
[2026-08-27 10:54:46]   target 16479, 5 victims on this gpu: ASR=0.0% CTA=0.9219 +/- 0.0010
[2026-08-27 10:54:46] === target 8189 (2/6) ===
[2026-08-27 10:55:42]   target 8189: crafted 73 poisons in 56 s, obj=0.39505
[2026-08-27 10:55:42]   target 8189: realized linf = 0.03137 (8.00/255), budget = 8.00/255
[2026-08-27 10:56:57]   [t8189 v1/5] fail (pred=2) CTA=0.9216
[2026-08-27 10:58:10]   [t8189 v2/5] fail (pred=4) CTA=0.9218
[2026-08-27 10:59:22]   [t8189 v3/5] fail (pred=4) CTA=0.9236
[2026-08-27 11:00:35]   [t8189 v4/5] SUCCESS (pred=9) CTA=0.9237
[2026-08-27 11:01:48]   [t8189 v5/5] fail (pred=4) CTA=0.9228
[2026-08-27 11:01:48]   target 8189, 5 victims on this gpu: ASR=20.0% CTA=0.9227 +/- 0.0009
[2026-08-27 11:01:48] === target 17114 (3/6) ===
[2026-08-27 11:02:44]   target 17114: crafted 73 poisons in 56 s, obj=0.35472
[2026-08-27 11:02:44]   target 17114: realized linf = 0.03137 (8.00/255), budget = 8.00/255
[2026-08-27 11:03:59]   [t17114 v1/5] fail (pred=2) CTA=0.9223
[2026-08-27 11:05:12]   [t17114 v2/5] fail (pred=2) CTA=0.9234
[2026-08-27 11:06:25]   [t17114 v3/5] fail (pred=2) CTA=0.9227
[2026-08-27 11:07:38]   [t17114 v4/5] fail (pred=2) CTA=0.9215
[2026-08-27 11:08:51]   [t17114 v5/5] fail (pred=2) CTA=0.9230
[2026-08-27 11:08:51]   target 17114, 5 victims on this gpu: ASR=0.0% CTA=0.9226 +/- 0.0007
[2026-08-27 11:08:51] === target 13151 (4/6) ===
[2026-08-27 11:09:47]   target 13151: crafted 73 poisons in 56 s, obj=0.35351
[2026-08-27 11:09:47]   target 13151: realized linf = 0.03137 (8.00/255), budget = 8.00/255
[2026-08-27 11:11:02]   [t13151 v1/5] fail (pred=2) CTA=0.9183
[2026-08-27 11:12:15]   [t13151 v2/5] fail (pred=2) CTA=0.9219
[2026-08-27 11:13:28]   [t13151 v3/5] fail (pred=2) CTA=0.9213
[2026-08-27 11:14:40]   [t13151 v4/5] fail (pred=2) CTA=0.9220
[2026-08-27 11:15:53]   [t13151 v5/5] fail (pred=2) CTA=0.9213
[2026-08-27 11:15:53]   target 13151, 5 victims on this gpu: ASR=0.0% CTA=0.9210 +/- 0.0014
[2026-08-27 11:15:53] === target 4867 (5/6) ===
[2026-08-27 11:16:49]   target 4867: crafted 73 poisons in 56 s, obj=0.33750
[2026-08-27 11:16:49]   target 4867: realized linf = 0.03137 (8.00/255), budget = 8.00/255
