pinned targets: [16479, 8189, 17114, 13151, 4867, 18264]
job: 631887 xdata_019_svhn_sapa_9_2_b0_002_greedy on rack05-06
cell: dataset=SVHN model=ConvNetBN pair=9-2 budget=0.002 attack=sapa selection=greedy jacobian=off
protocol: 6 pinned targets x 5 victims; run=SVHN_ConvNetBN_sapa_ours_9-2_b0.002_eps8_seed42_lam1_cosine_worst0.05_ce5
gpu: NVIDIA L40S
[2026-08-26 20:43:44] === run start: SVHN_ConvNetBN_sapa_ours_9-2_b0.002_eps8_seed42_lam1_cosine_worst0.05_ce5 on cuda [0] ===
[2026-08-26 20:43:44] args: {"FORCE": false, "attack": "sapa", "base": "ours", "base_dist": "cosine", "base_topr": null, "budget": 0.002, "cache_dir": "/tmp/extra_data_if/cache", "class_pair": "9-2", "clean_baseline": true, "craft_alpha": 0.0039216, "craft_aug": true, "craft_batch": 256, "craft_ensemble": 5, "craft_lowmem": false, "craft_schedule": false, "craft_steps": 250, "data_path": "/tmp/extra_data", "dataset": "SVHN", "dsa_strategy": "color_crop_cutout_flip_scale_rotate", "epsilon": 0.0313725, "fast_gradmatch": false, "fc_mode": "sample", "fc_restarts": 1, "gpus": "all", "jacobian_batch_size": 64, "jacobian_weight": 1.0, "lambda_margin": 1.0, "model": "ConvNetBN", "no_resume": false, "num_poisons": 500, "num_surrogates": 20, "num_targets": 6, "num_victims": 5, "out_dir": "/tmp/extra_data_if/extra_data_result", "pair_order": "poison-target", "parallel_pretrain": true, "parallel_targets": true, "precompute_id": null, "precompute_only": false, "precompute_part": "both", "rank_on_victims": true, "recompute_deltas": false, "require_correct_target": false, "restarts": 8, "seed": 42, "sel_K": null, "sel_alpha": 1.0, "sel_criterion": null, "sel_dpp": false, "sel_filter": false, "sel_mmr": false, "sel_mode": null, "sel_model": null, "sel_mu": 1.0, "sel_pca": false, "sel_pool": 3.0, "sharp_mode": "worst", "sharp_samples": 20, "sharp_sigma": 0.05, "steal_timeout": 7200.0, "surrogate_aug": false, "surrogate_bs": 128, "surrogate_decay": [35, 45], "surrogate_epochs": 60, "surrogate_lr": 0.1, "surrogate_wd": 0.0, "target_idx_file": "/tmp/extra_data_if/target_sets/xdata_SVHN_ConvNetBN_9-2.json", "target_select": "random", "use_jacobian_score": false, "victim_aug": false, "victim_bs": 125, "victim_decay": [40], "victim_epochs": 50, "victim_lr": 0.01, "victim_wd": 0.0}
[2026-08-26 20:43:44] Jacobian score: disabled
[2026-08-26 20:43:44] N_total=73257 budget=0.002 -> N_p=147 poisons, y_adv=9(9) target_class=2(2)
[2026-08-26 20:43:44] === surrogates (20 x ConvNetBN, trained on the full real set) ===
[2026-08-26 20:43:45]   crafting on 5/20 surrogates
[2026-08-26 20:43:45] === clean victims (5 x ConvNetBN) ===
[2026-08-26 20:43:46]   clean baseline CTA = 0.9226 +/- 0.0015
[2026-08-26 20:43:46]   target pool 4149 -> eligible 4135 (14 already predicted as y_adv or dropped)
[2026-08-26 20:43:46]   chosen 6 targets (file), p_adv range 0.0000..0.0000
[2026-08-26 20:43:46]   targets: [16479, 8189, 17114, 13151, 4867, 18264]
[2026-08-26 20:43:46] === target 16479 (1/6) ===
[2026-08-26 20:45:58]   target 16479: crafted 147 poisons in 130 s, obj=0.26556
[2026-08-26 20:45:58]   target 16479: realized linf = 0.03137 (8.00/255), budget = 8.00/255
[2026-08-26 20:47:14]   [t16479 v1/5] fail (pred=2) CTA=0.9219
[2026-08-26 20:48:28]   [t16479 v2/5] fail (pred=2) CTA=0.9217
[2026-08-26 20:49:41]   [t16479 v3/5] fail (pred=2) CTA=0.9219
[2026-08-26 20:50:55]   [t16479 v4/5] fail (pred=2) CTA=0.9187
[2026-08-26 20:52:08]   [t16479 v5/5] fail (pred=2) CTA=0.9240
[2026-08-26 20:52:08]   target 16479, 5 victims on this gpu: ASR=0.0% CTA=0.9216 +/- 0.0017
[2026-08-26 20:52:08] === target 8189 (2/6) ===
[2026-08-26 20:54:20]   target 8189: crafted 147 poisons in 131 s, obj=0.31200
[2026-08-26 20:54:20]   target 8189: realized linf = 0.03137 (8.00/255), budget = 8.00/255
[2026-08-26 20:55:36]   [t8189 v1/5] SUCCESS (pred=9) CTA=0.9204
[2026-08-26 20:56:49]   [t8189 v2/5] SUCCESS (pred=9) CTA=0.9222
[2026-08-26 20:58:02]   [t8189 v3/5] SUCCESS (pred=9) CTA=0.9209
[2026-08-26 20:59:15]   [t8189 v4/5] SUCCESS (pred=9) CTA=0.9236
[2026-08-26 21:00:28]   [t8189 v5/5] SUCCESS (pred=9) CTA=0.9226
[2026-08-26 21:00:28]   target 8189, 5 victims on this gpu: ASR=100.0% CTA=0.9220 +/- 0.0012
[2026-08-26 21:00:28] === target 17114 (3/6) ===
[2026-08-26 21:02:41]   target 17114: crafted 147 poisons in 131 s, obj=0.20576
[2026-08-26 21:02:41]   target 17114: realized linf = 0.03137 (8.00/255), budget = 8.00/255
[2026-08-26 21:03:57]   [t17114 v1/5] SUCCESS (pred=9) CTA=0.9203
[2026-08-26 21:05:11]   [t17114 v2/5] fail (pred=2) CTA=0.9228
[2026-08-26 21:06:24]   [t17114 v3/5] fail (pred=2) CTA=0.9216
[2026-08-26 21:07:38]   [t17114 v4/5] fail (pred=2) CTA=0.9218
[2026-08-26 21:08:52]   [t17114 v5/5] fail (pred=2) CTA=0.9214
[2026-08-26 21:08:52]   target 17114, 5 victims on this gpu: ASR=20.0% CTA=0.9216 +/- 0.0008
[2026-08-26 21:08:52] === target 13151 (4/6) ===
[2026-08-26 21:11:04]   target 13151: crafted 147 poisons in 130 s, obj=0.23354
[2026-08-26 21:11:04]   target 13151: realized linf = 0.03137 (8.00/255), budget = 8.00/255
[2026-08-26 21:12:20]   [t13151 v1/5] SUCCESS (pred=9) CTA=0.9194
[2026-08-26 21:13:33]   [t13151 v2/5] fail (pred=2) CTA=0.9218
[2026-08-26 21:14:46]   [t13151 v3/5] SUCCESS (pred=9) CTA=0.9207
[2026-08-26 21:15:58]   [t13151 v4/5] SUCCESS (pred=9) CTA=0.9228
[2026-08-26 21:17:11]   [t13151 v5/5] SUCCESS (pred=9) CTA=0.9202
[2026-08-26 21:17:11]   target 13151, 5 victims on this gpu: ASR=80.0% CTA=0.9210 +/- 0.0012
[2026-08-26 21:17:11] === target 4867 (5/6) ===
[2026-08-26 21:19:23]   target 4867: crafted 147 poisons in 130 s, obj=0.24442
[2026-08-26 21:19:23]   target 4867: realized linf = 0.03137 (8.00/255), budget = 8.00/255
[2026-08-26 21:20:39]   [t4867 v1/5] SUCCESS (pred=9) CTA=0.9242
[2026-08-26 21:21:53]   [t4867 v2/5] SUCCESS (pred=9) CTA=0.9199
[2026-08-26 21:23:07]   [t4867 v3/5] SUCCESS (pred=9) CTA=0.9205
[2026-08-26 21:24:21]   [t4867 v4/5] fail (pred=2) CTA=0.9200
[2026-08-26 21:25:34]   [t4867 v5/5] SUCCESS (pred=9) CTA=0.9237
[2026-08-26 21:25:34]   target 4867, 5 victims on this gpu: ASR=80.0% CTA=0.9217 +/- 0.0019
[2026-08-26 21:25:34] === target 18264 (6/6) ===
[2026-08-26 21:27:46]   target 18264: crafted 147 poisons in 130 s, obj=0.22195
[2026-08-26 21:27:46]   target 18264: realized linf = 0.03137 (8.00/255), budget = 8.00/255
[2026-08-26 21:29:02]   [t18264 v1/5] SUCCESS (pred=9) CTA=0.9212
[2026-08-26 21:30:15]   [t18264 v2/5] SUCCESS (pred=9) CTA=0.9207
[2026-08-26 21:31:28]   [t18264 v3/5] SUCCESS (pred=9) CTA=0.9213
[2026-08-26 21:32:41]   [t18264 v4/5] SUCCESS (pred=9) CTA=0.9213
[2026-08-26 21:33:54]   [t18264 v5/5] SUCCESS (pred=9) CTA=0.9216
[2026-08-26 21:33:54]   target 18264, 5 victims on this gpu: ASR=100.0% CTA=0.9212 +/- 0.0003
[2026-08-26 21:33:54] ==== SVHN_ConvNetBN_sapa_ours_9-2_b0.002_eps8_seed42_lam1_cosine_worst0.05_ce5 : ASR = 63.3% +/- 39.0% | CTA = 0.9215 (baseline 0.9226) ====
[2026-08-26 21:33:54]   target-prediction tally ['0', '1', '2', '3', '4', '5', '6', '7', '8', '9']: [0, 0, 11, 0, 0, 0, 0, 0, 0, 19]
sync: extra-data cell -> /home/mmoslem3/scratch/PoisonBase/extra_data_result/SVHN_ConvNetBN_sapa_ours_9-2_b0.002_eps8_seed42_lam1_cosine_worst0.05_ce5
