pinned targets: [4276, 9426, 6645, 9780]
job: 637502 xdata_r040_cifar100_sapa_sunflower_cattle_b0_002_random on rack10-07
cell: dataset=CIFAR100 model=ResNet18BN pair=sunflower-cattle budget=0.002 attack=sapa selection=random jacobian=off
protocol: 4 pinned targets x 4 victims; run=CIFAR100_ResNet18BN_sapa_random_sunflower-cattle_b0.002_eps8_seed42_worst0.05_ce5
gpu: NVIDIA L40S
[2026-08-27 11:00:50] === run start: CIFAR100_ResNet18BN_sapa_random_sunflower-cattle_b0.002_eps8_seed42_worst0.05_ce5 on cuda [0] ===
[2026-08-27 11:00:50] args: {"FORCE": false, "attack": "sapa", "base": "random", "base_dist": "cosine", "base_topr": null, "budget": 0.002, "cache_dir": "/tmp/extra_data_if/cache", "class_pair": "sunflower-cattle", "clean_baseline": true, "craft_alpha": 0.0039216, "craft_aug": true, "craft_batch": 256, "craft_ensemble": 5, "craft_lowmem": false, "craft_schedule": false, "craft_steps": 250, "data_path": "/tmp/extra_data", "dataset": "CIFAR100", "dsa_strategy": "color_crop_cutout_flip_scale_rotate", "epsilon": 0.0313725, "fast_gradmatch": false, "fc_mode": "sample", "fc_restarts": 1, "gpus": "all", "jacobian_batch_size": 64, "jacobian_weight": 1.0, "lambda_margin": 1.0, "model": "ResNet18BN", "no_resume": false, "num_poisons": 500, "num_surrogates": 20, "num_targets": 4, "num_victims": 4, "out_dir": "/tmp/extra_data_if/extra_data_result", "pair_order": "poison-target", "parallel_pretrain": true, "parallel_targets": true, "precompute_id": null, "precompute_only": false, "precompute_part": "both", "rank_on_victims": true, "recompute_deltas": false, "require_correct_target": false, "restarts": 8, "seed": 42, "sel_K": null, "sel_alpha": 1.0, "sel_criterion": null, "sel_dpp": false, "sel_filter": false, "sel_mmr": false, "sel_mode": null, "sel_model": null, "sel_mu": 1.0, "sel_pca": false, "sel_pool": 3.0, "sharp_mode": "worst", "sharp_samples": 20, "sharp_sigma": 0.05, "steal_timeout": 7200.0, "surrogate_aug": false, "surrogate_bs": 128, "surrogate_decay": [35, 45], "surrogate_epochs": 60, "surrogate_lr": 0.1, "surrogate_wd": 0.0, "target_idx_file": "/tmp/extra_data_if/target_sets/xdata_CIFAR100_ResNet18BN_sunflower-cattle.json", "target_select": "random", "use_jacobian_score": false, "victim_aug": false, "victim_bs": 125, "victim_decay": [40], "victim_epochs": 50, "victim_lr": 0.1, "victim_wd": 0.0}
[2026-08-27 11:00:50] Jacobian score: disabled
[2026-08-27 11:00:50] N_total=50000 budget=0.002 -> N_p=100 poisons, y_adv=82(sunflower) target_class=19(cattle)
[2026-08-27 11:00:50] === surrogates (20 x ResNet18BN, trained on the full real set) ===
[2026-08-27 11:00:52]   crafting on 5/20 surrogates
[2026-08-27 11:00:52] === clean victims (4 x ResNet18BN) ===
[2026-08-27 11:00:54]   clean baseline CTA = 0.5613 +/- 0.0060
[2026-08-27 11:00:54]   target pool 100 -> eligible 100 (0 already predicted as y_adv or dropped)
[2026-08-27 11:00:54]   chosen 4 targets (file), p_adv range 0.0000..0.0000
[2026-08-27 11:00:54]   targets: [4276, 9426, 6645, 9780]
[2026-08-27 11:00:54] === target 4276 (1/4) ===
[2026-08-27 11:08:09]   target 4276: crafted 100 poisons in 435 s, obj=0.40187
[2026-08-27 11:08:09]   target 4276: realized linf = 0.03137 (8.00/255), budget = 8.00/255
[2026-08-27 11:12:02]   [t4276 v1/4] fail (pred=cattle) CTA=0.5761
[2026-08-27 11:15:54]   [t4276 v2/4] fail (pred=cattle) CTA=0.5639
[2026-08-27 11:19:45]   [t4276 v3/4] fail (pred=cattle) CTA=0.5924
[2026-08-27 11:23:37]   [t4276 v4/4] fail (pred=cattle) CTA=0.5501
[2026-08-27 11:23:37]   target 4276, 4 victims on this gpu: ASR=0.0% CTA=0.5706 +/- 0.0156
[2026-08-27 11:23:37] === target 9426 (2/4) ===
[2026-08-27 11:30:52]   target 9426: crafted 100 poisons in 435 s, obj=0.40019
[2026-08-27 11:30:52]   target 9426: realized linf = 0.03137 (8.00/255), budget = 8.00/255
[2026-08-27 11:34:46]   [t9426 v1/4] fail (pred=dinosaur) CTA=0.5577
[2026-08-27 11:38:38]   [t9426 v2/4] fail (pred=camel) CTA=0.5867
[2026-08-27 11:42:30]   [t9426 v3/4] fail (pred=camel) CTA=0.5882
[2026-08-27 11:46:22]   [t9426 v4/4] fail (pred=camel) CTA=0.5780
[2026-08-27 11:46:22]   target 9426, 4 victims on this gpu: ASR=0.0% CTA=0.5776 +/- 0.0122
[2026-08-27 11:46:22] === target 6645 (3/4) ===
