pinned targets: [4933, 14102, 7079, 22348, 19041, 21052]
job: 631526 xdata_009_svhn_gradmatch_6_1_b0_002_greedy on rack02-10
cell: dataset=SVHN model=ConvNetBN pair=6-1 budget=0.002 attack=gradmatch selection=greedy jacobian=off
protocol: 6 pinned targets x 5 victims; run=SVHN_ConvNetBN_gradmatch_ours_6-1_b0.002_eps8_seed42_lam1_cosine_ce5
gpu: NVIDIA L40S
[2026-08-26 20:09:32] === run start: SVHN_ConvNetBN_gradmatch_ours_6-1_b0.002_eps8_seed42_lam1_cosine_ce5 on cuda [0] ===
[2026-08-26 20:09:32] args: {"FORCE": false, "attack": "gradmatch", "base": "ours", "base_dist": "cosine", "base_topr": null, "budget": 0.002, "cache_dir": "/tmp/extra_data_if/cache", "class_pair": "6-1", "clean_baseline": true, "craft_alpha": 0.0039216, "craft_aug": true, "craft_batch": 256, "craft_ensemble": 5, "craft_lowmem": false, "craft_schedule": false, "craft_steps": 250, "data_path": "/tmp/extra_data", "dataset": "SVHN", "dsa_strategy": "color_crop_cutout_flip_scale_rotate", "epsilon": 0.0313725, "fast_gradmatch": false, "fc_mode": "sample", "fc_restarts": 1, "gpus": "all", "jacobian_batch_size": 64, "jacobian_weight": 1.0, "lambda_margin": 1.0, "model": "ConvNetBN", "no_resume": false, "num_poisons": 500, "num_surrogates": 20, "num_targets": 6, "num_victims": 5, "out_dir": "/tmp/extra_data_if/extra_data_result", "pair_order": "poison-target", "parallel_pretrain": true, "parallel_targets": true, "precompute_id": null, "precompute_only": false, "precompute_part": "both", "rank_on_victims": true, "recompute_deltas": false, "require_correct_target": false, "restarts": 8, "seed": 42, "sel_K": null, "sel_alpha": 1.0, "sel_criterion": null, "sel_dpp": false, "sel_filter": false, "sel_mmr": false, "sel_mode": null, "sel_model": null, "sel_mu": 1.0, "sel_pca": false, "sel_pool": 3.0, "sharp_mode": "worst", "sharp_samples": 20, "sharp_sigma": 0.05, "steal_timeout": 7200.0, "surrogate_aug": false, "surrogate_bs": 128, "surrogate_decay": [35, 45], "surrogate_epochs": 60, "surrogate_lr": 0.1, "surrogate_wd": 0.0, "target_idx_file": "/tmp/extra_data_if/target_sets/xdata_SVHN_ConvNetBN_6-1.json", "target_select": "random", "use_jacobian_score": false, "victim_aug": false, "victim_bs": 125, "victim_decay": [40], "victim_epochs": 50, "victim_lr": 0.01, "victim_wd": 0.0}
[2026-08-26 20:09:32] Jacobian score: disabled
[2026-08-26 20:09:32] N_total=73257 budget=0.002 -> N_p=147 poisons, y_adv=6(6) target_class=1(1)
[2026-08-26 20:09:32] === surrogates (20 x ConvNetBN, trained on the full real set) ===
[2026-08-26 20:09:32]   crafting on 5/20 surrogates
[2026-08-26 20:09:32] === clean victims (5 x ConvNetBN) ===
[2026-08-26 20:09:34]   clean baseline CTA = 0.9226 +/- 0.0015
[2026-08-26 20:09:34]   target pool 5099 -> eligible 5087 (12 already predicted as y_adv or dropped)
[2026-08-26 20:09:34]   chosen 6 targets (file), p_adv range 0.0000..0.0001
[2026-08-26 20:09:34]   targets: [4933, 14102, 7079, 22348, 19041, 21052]
[2026-08-26 20:09:34] === target 4933 (1/6) ===
[2026-08-26 20:11:47]   target 4933: crafted 147 poisons in 131 s, obj=0.27588
[2026-08-26 20:11:47]   target 4933: realized linf = 0.03137 (8.00/255), budget = 8.00/255
[2026-08-26 20:13:03]   [t4933 v1/5] SUCCESS (pred=6) CTA=0.9208
[2026-08-26 20:14:17]   [t4933 v2/5] SUCCESS (pred=6) CTA=0.9216
[2026-08-26 20:15:30]   [t4933 v3/5] SUCCESS (pred=6) CTA=0.9195
[2026-08-26 20:16:44]   [t4933 v4/5] SUCCESS (pred=6) CTA=0.9228
[2026-08-26 20:17:58]   [t4933 v5/5] SUCCESS (pred=6) CTA=0.9205
[2026-08-26 20:17:58]   target 4933, 5 victims on this gpu: ASR=100.0% CTA=0.9211 +/- 0.0011
[2026-08-26 20:17:58] === target 14102 (2/6) ===
[2026-08-26 20:20:11]   target 14102: crafted 147 poisons in 131 s, obj=0.22727
[2026-08-26 20:20:11]   target 14102: realized linf = 0.03137 (8.00/255), budget = 8.00/255
[2026-08-26 20:21:27]   [t14102 v1/5] SUCCESS (pred=6) CTA=0.9225
[2026-08-26 20:22:41]   [t14102 v2/5] SUCCESS (pred=6) CTA=0.9211
[2026-08-26 20:23:55]   [t14102 v3/5] SUCCESS (pred=6) CTA=0.9213
[2026-08-26 20:25:08]   [t14102 v4/5] SUCCESS (pred=6) CTA=0.9236
[2026-08-26 20:26:22]   [t14102 v5/5] SUCCESS (pred=6) CTA=0.9199
[2026-08-26 20:26:22]   target 14102, 5 victims on this gpu: ASR=100.0% CTA=0.9217 +/- 0.0013
[2026-08-26 20:26:22] === target 7079 (3/6) ===
[2026-08-26 20:28:36]   target 7079: crafted 147 poisons in 132 s, obj=0.12730
[2026-08-26 20:28:36]   target 7079: realized linf = 0.03137 (8.00/255), budget = 8.00/255
[2026-08-26 20:29:52]   [t7079 v1/5] SUCCESS (pred=6) CTA=0.9227
[2026-08-26 20:31:06]   [t7079 v2/5] SUCCESS (pred=6) CTA=0.9206
[2026-08-26 20:32:20]   [t7079 v3/5] SUCCESS (pred=6) CTA=0.9234
[2026-08-26 20:33:34]   [t7079 v4/5] SUCCESS (pred=6) CTA=0.9220
[2026-08-26 20:34:47]   [t7079 v5/5] SUCCESS (pred=6) CTA=0.9219
[2026-08-26 20:34:47]   target 7079, 5 victims on this gpu: ASR=100.0% CTA=0.9221 +/- 0.0009
[2026-08-26 20:34:47] === target 22348 (4/6) ===
[2026-08-26 20:37:01]   target 22348: crafted 147 poisons in 132 s, obj=0.26792
[2026-08-26 20:37:01]   target 22348: realized linf = 0.03137 (8.00/255), budget = 8.00/255
[2026-08-26 20:38:18]   [t22348 v1/5] fail (pred=1) CTA=0.9226
[2026-08-26 20:39:31]   [t22348 v2/5] fail (pred=1) CTA=0.9244
[2026-08-26 20:40:45]   [t22348 v3/5] fail (pred=1) CTA=0.9194
[2026-08-26 20:41:59]   [t22348 v4/5] SUCCESS (pred=6) CTA=0.9205
[2026-08-26 20:43:13]   [t22348 v5/5] SUCCESS (pred=6) CTA=0.9215
[2026-08-26 20:43:13]   target 22348, 5 victims on this gpu: ASR=40.0% CTA=0.9217 +/- 0.0017
[2026-08-26 20:43:13] === target 19041 (5/6) ===
[2026-08-26 20:45:27]   target 19041: crafted 147 poisons in 132 s, obj=0.22825
[2026-08-26 20:45:27]   target 19041: realized linf = 0.03137 (8.00/255), budget = 8.00/255
[2026-08-26 20:46:43]   [t19041 v1/5] SUCCESS (pred=6) CTA=0.9225
[2026-08-26 20:47:56]   [t19041 v2/5] SUCCESS (pred=6) CTA=0.9211
[2026-08-26 20:49:10]   [t19041 v3/5] SUCCESS (pred=6) CTA=0.9224
[2026-08-26 20:50:24]   [t19041 v4/5] SUCCESS (pred=6) CTA=0.9224
[2026-08-26 20:51:38]   [t19041 v5/5] SUCCESS (pred=6) CTA=0.9222
[2026-08-26 20:51:38]   target 19041, 5 victims on this gpu: ASR=100.0% CTA=0.9221 +/- 0.0005
[2026-08-26 20:51:38] === target 21052 (6/6) ===
[2026-08-26 20:53:51]   target 21052: crafted 147 poisons in 131 s, obj=0.20683
[2026-08-26 20:53:51]   target 21052: realized linf = 0.03137 (8.00/255), budget = 8.00/255
[2026-08-26 20:55:07]   [t21052 v1/5] SUCCESS (pred=6) CTA=0.9214
[2026-08-26 20:56:20]   [t21052 v2/5] SUCCESS (pred=6) CTA=0.9223
[2026-08-26 20:57:33]   [t21052 v3/5] SUCCESS (pred=6) CTA=0.9203
[2026-08-26 20:58:45]   [t21052 v4/5] SUCCESS (pred=6) CTA=0.9219
[2026-08-26 20:59:58]   [t21052 v5/5] SUCCESS (pred=6) CTA=0.9221
[2026-08-26 20:59:58]   target 21052, 5 victims on this gpu: ASR=100.0% CTA=0.9216 +/- 0.0007
[2026-08-26 20:59:58] ==== SVHN_ConvNetBN_gradmatch_ours_6-1_b0.002_eps8_seed42_lam1_cosine_ce5 : ASR = 90.0% +/- 22.4% | CTA = 0.9217 (baseline 0.9226) ====
[2026-08-26 20:59:58]   target-prediction tally ['0', '1', '2', '3', '4', '5', '6', '7', '8', '9']: [0, 3, 0, 0, 0, 0, 27, 0, 0, 0]
sync: extra-data cell -> /home/mmoslem3/scratch/PoisonBase/extra_data_result/SVHN_ConvNetBN_gradmatch_ours_6-1_b0.002_eps8_seed42_lam1_cosine_ce5
