pinned targets: [443, 18513, 6810, 1601, 13728, 18767]
job: 637479 xdata_r017_svhn_sapa_8_3_b0_002_random on rack12-02
cell: dataset=SVHN model=ConvNetBN pair=8-3 budget=0.002 attack=sapa selection=random jacobian=off
protocol: 6 pinned targets x 5 victims; run=SVHN_ConvNetBN_sapa_random_8-3_b0.002_eps8_seed42_worst0.05_ce5
gpu: NVIDIA L40S
[2026-08-27 10:46:10] === run start: SVHN_ConvNetBN_sapa_random_8-3_b0.002_eps8_seed42_worst0.05_ce5 on cuda [0] ===
[2026-08-27 10:46:10] args: {"FORCE": false, "attack": "sapa", "base": "random", "base_dist": "cosine", "base_topr": null, "budget": 0.002, "cache_dir": "/tmp/extra_data_if/cache", "class_pair": "8-3", "clean_baseline": true, "craft_alpha": 0.0039216, "craft_aug": true, "craft_batch": 256, "craft_ensemble": 5, "craft_lowmem": false, "craft_schedule": false, "craft_steps": 250, "data_path": "/tmp/extra_data", "dataset": "SVHN", "dsa_strategy": "color_crop_cutout_flip_scale_rotate", "epsilon": 0.0313725, "fast_gradmatch": false, "fc_mode": "sample", "fc_restarts": 1, "gpus": "all", "jacobian_batch_size": 64, "jacobian_weight": 1.0, "lambda_margin": 1.0, "model": "ConvNetBN", "no_resume": false, "num_poisons": 500, "num_surrogates": 20, "num_targets": 6, "num_victims": 5, "out_dir": "/tmp/extra_data_if/extra_data_result", "pair_order": "poison-target", "parallel_pretrain": true, "parallel_targets": true, "precompute_id": null, "precompute_only": false, "precompute_part": "both", "rank_on_victims": true, "recompute_deltas": false, "require_correct_target": false, "restarts": 8, "seed": 42, "sel_K": null, "sel_alpha": 1.0, "sel_criterion": null, "sel_dpp": false, "sel_filter": false, "sel_mmr": false, "sel_mode": null, "sel_model": null, "sel_mu": 1.0, "sel_pca": false, "sel_pool": 3.0, "sharp_mode": "worst", "sharp_samples": 20, "sharp_sigma": 0.05, "steal_timeout": 7200.0, "surrogate_aug": false, "surrogate_bs": 128, "surrogate_decay": [35, 45], "surrogate_epochs": 60, "surrogate_lr": 0.1, "surrogate_wd": 0.0, "target_idx_file": "/tmp/extra_data_if/target_sets/xdata_SVHN_ConvNetBN_8-3.json", "target_select": "random", "use_jacobian_score": false, "victim_aug": false, "victim_bs": 125, "victim_decay": [40], "victim_epochs": 50, "victim_lr": 0.01, "victim_wd": 0.0}
[2026-08-27 10:46:10] Jacobian score: disabled
[2026-08-27 10:46:10] N_total=73257 budget=0.002 -> N_p=147 poisons, y_adv=8(8) target_class=3(3)
[2026-08-27 10:46:10] === surrogates (20 x ConvNetBN, trained on the full real set) ===
[2026-08-27 10:46:10]   crafting on 5/20 surrogates
[2026-08-27 10:46:10] === clean victims (5 x ConvNetBN) ===
[2026-08-27 10:46:12]   clean baseline CTA = 0.9226 +/- 0.0015
[2026-08-27 10:46:12]   target pool 2882 -> eligible 2844 (38 already predicted as y_adv or dropped)
[2026-08-27 10:46:12]   chosen 6 targets (file), p_adv range 0.0000..0.0001
[2026-08-27 10:46:12]   targets: [443, 18513, 6810, 1601, 13728, 18767]
[2026-08-27 10:46:12] === target 443 (1/6) ===
[2026-08-27 10:48:23]   target 443: crafted 147 poisons in 131 s, obj=0.21523
[2026-08-27 10:48:23]   target 443: realized linf = 0.03137 (8.00/255), budget = 8.00/255
[2026-08-27 10:49:38]   [t443 v1/5] SUCCESS (pred=8) CTA=0.9221
[2026-08-27 10:50:52]   [t443 v2/5] SUCCESS (pred=8) CTA=0.9218
[2026-08-27 10:52:05]   [t443 v3/5] fail (pred=3) CTA=0.9206
[2026-08-27 10:53:19]   [t443 v4/5] SUCCESS (pred=8) CTA=0.9200
[2026-08-27 10:54:33]   [t443 v5/5] SUCCESS (pred=8) CTA=0.9228
[2026-08-27 10:54:33]   target 443, 5 victims on this gpu: ASR=80.0% CTA=0.9215 +/- 0.0010
[2026-08-27 10:54:33] === target 18513 (2/6) ===
[2026-08-27 10:56:42]   target 18513: crafted 147 poisons in 130 s, obj=0.29166
[2026-08-27 10:56:42]   target 18513: realized linf = 0.03137 (8.00/255), budget = 8.00/255
[2026-08-27 10:57:58]   [t18513 v1/5] SUCCESS (pred=8) CTA=0.9231
[2026-08-27 10:59:12]   [t18513 v2/5] SUCCESS (pred=8) CTA=0.9215
[2026-08-27 11:00:25]   [t18513 v3/5] SUCCESS (pred=8) CTA=0.9220
[2026-08-27 11:01:39]   [t18513 v4/5] SUCCESS (pred=8) CTA=0.9222
[2026-08-27 11:02:53]   [t18513 v5/5] SUCCESS (pred=8) CTA=0.9234
[2026-08-27 11:02:53]   target 18513, 5 victims on this gpu: ASR=100.0% CTA=0.9225 +/- 0.0007
[2026-08-27 11:02:53] === target 6810 (3/6) ===
[2026-08-27 11:05:03]   target 6810: crafted 147 poisons in 130 s, obj=0.23776
[2026-08-27 11:05:03]   target 6810: realized linf = 0.03137 (8.00/255), budget = 8.00/255
[2026-08-27 11:06:18]   [t6810 v1/5] fail (pred=3) CTA=0.9227
[2026-08-27 11:07:32]   [t6810 v2/5] fail (pred=3) CTA=0.9196
[2026-08-27 11:08:45]   [t6810 v3/5] fail (pred=3) CTA=0.9208
[2026-08-27 11:09:59]   [t6810 v4/5] fail (pred=3) CTA=0.9229
[2026-08-27 11:11:13]   [t6810 v5/5] fail (pred=3) CTA=0.9232
[2026-08-27 11:11:13]   target 6810, 5 victims on this gpu: ASR=0.0% CTA=0.9218 +/- 0.0014
[2026-08-27 11:11:13] === target 1601 (4/6) ===
[2026-08-27 11:13:24]   target 1601: crafted 147 poisons in 131 s, obj=0.37817
[2026-08-27 11:13:24]   target 1601: realized linf = 0.03137 (8.00/255), budget = 8.00/255
[2026-08-27 11:14:39]   [t1601 v1/5] fail (pred=3) CTA=0.9225
[2026-08-27 11:15:53]   [t1601 v2/5] fail (pred=3) CTA=0.9222
[2026-08-27 11:17:07]   [t1601 v3/5] fail (pred=3) CTA=0.9215
