pinned targets: [3576, 9581, 5222, 9746]
job: 637488 xdata_r027_cifar100_fc_wardrobe_lawn_mower_b0_002_random on rack04-10
cell: dataset=CIFAR100 model=ResNet18BN pair=wardrobe-lawn_mower budget=0.002 attack=fc selection=random jacobian=off
protocol: 4 pinned targets x 4 victims; run=CIFAR100_ResNet18BN_fc_random_wardrobe-lawn_mower_b0.002_eps8_seed42_ce5
gpu: NVIDIA L40S
[2026-08-27 11:03:28] === run start: CIFAR100_ResNet18BN_fc_random_wardrobe-lawn_mower_b0.002_eps8_seed42_ce5 on cuda [0] ===
[2026-08-27 11:03:28] args: {"FORCE": false, "attack": "fc", "base": "random", "base_dist": "cosine", "base_topr": null, "budget": 0.002, "cache_dir": "/tmp/extra_data_if/cache", "class_pair": "wardrobe-lawn_mower", "clean_baseline": true, "craft_alpha": 0.0039216, "craft_aug": true, "craft_batch": 256, "craft_ensemble": 5, "craft_lowmem": false, "craft_schedule": false, "craft_steps": 250, "data_path": "/tmp/extra_data", "dataset": "CIFAR100", "dsa_strategy": "color_crop_cutout_flip_scale_rotate", "epsilon": 0.0313725, "fast_gradmatch": false, "fc_mode": "sample", "fc_restarts": 1, "gpus": "all", "jacobian_batch_size": 64, "jacobian_weight": 1.0, "lambda_margin": 1.0, "model": "ResNet18BN", "no_resume": false, "num_poisons": 500, "num_surrogates": 20, "num_targets": 4, "num_victims": 4, "out_dir": "/tmp/extra_data_if/extra_data_result", "pair_order": "poison-target", "parallel_pretrain": true, "parallel_targets": true, "precompute_id": null, "precompute_only": false, "precompute_part": "both", "rank_on_victims": true, "recompute_deltas": false, "require_correct_target": false, "restarts": 8, "seed": 42, "sel_K": null, "sel_alpha": 1.0, "sel_criterion": null, "sel_dpp": false, "sel_filter": false, "sel_mmr": false, "sel_mode": null, "sel_model": null, "sel_mu": 1.0, "sel_pca": false, "sel_pool": 3.0, "sharp_mode": "worst", "sharp_samples": 20, "sharp_sigma": 0.05, "steal_timeout": 7200.0, "surrogate_aug": false, "surrogate_bs": 128, "surrogate_decay": [35, 45], "surrogate_epochs": 60, "surrogate_lr": 0.1, "surrogate_wd": 0.0, "target_idx_file": "/tmp/extra_data_if/target_sets/xdata_CIFAR100_ResNet18BN_wardrobe-lawn_mower.json", "target_select": "random", "use_jacobian_score": false, "victim_aug": false, "victim_bs": 125, "victim_decay": [40], "victim_epochs": 50, "victim_lr": 0.1, "victim_wd": 0.0}
[2026-08-27 11:03:28] Jacobian score: disabled
[2026-08-27 11:03:28] N_total=50000 budget=0.002 -> N_p=100 poisons, y_adv=94(wardrobe) target_class=41(lawn_mower)
[2026-08-27 11:03:28] === surrogates (20 x ResNet18BN, trained on the full real set) ===
[2026-08-27 11:03:29]   crafting on 5/20 surrogates
[2026-08-27 11:03:29] === clean victims (4 x ResNet18BN) ===
[2026-08-27 11:03:31]   clean baseline CTA = 0.5613 +/- 0.0060
[2026-08-27 11:03:31]   target pool 100 -> eligible 100 (0 already predicted as y_adv or dropped)
[2026-08-27 11:03:31]   chosen 4 targets (file), p_adv range 0.0000..0.0000
[2026-08-27 11:03:31]   targets: [3576, 9581, 5222, 9746]
[2026-08-27 11:03:31] === target 3576 (1/4) ===
[2026-08-27 11:03:38]   target 3576: crafted 100 poisons in 7 s, obj=0.20281
[2026-08-27 11:03:38]   target 3576: realized linf = 0.03137 (8.00/255), budget = 8.00/255
[2026-08-27 11:07:33]   [t3576 v1/4] fail (pred=lawn_mower) CTA=0.5891
[2026-08-27 11:11:29]   [t3576 v2/4] fail (pred=lawn_mower) CTA=0.5873
[2026-08-27 11:15:24]   [t3576 v3/4] fail (pred=lawn_mower) CTA=0.5837
[2026-08-27 11:19:20]   [t3576 v4/4] fail (pred=lawn_mower) CTA=0.5901
[2026-08-27 11:19:20]   target 3576, 4 victims on this gpu: ASR=0.0% CTA=0.5876 +/- 0.0024
[2026-08-27 11:19:20] === target 9581 (2/4) ===
[2026-08-27 11:19:27]   target 9581: crafted 100 poisons in 7 s, obj=0.12678
[2026-08-27 11:19:27]   target 9581: realized linf = 0.03137 (8.00/255), budget = 8.00/255
[2026-08-27 11:23:23]   [t9581 v1/4] fail (pred=kangaroo) CTA=0.5744
[2026-08-27 11:27:19]   [t9581 v2/4] fail (pred=kangaroo) CTA=0.5808
[2026-08-27 11:31:16]   [t9581 v3/4] fail (pred=kangaroo) CTA=0.5812
[2026-08-27 11:35:11]   [t9581 v4/4] fail (pred=kangaroo) CTA=0.5771
[2026-08-27 11:35:11]   target 9581, 4 victims on this gpu: ASR=0.0% CTA=0.5784 +/- 0.0028
[2026-08-27 11:35:11] === target 5222 (3/4) ===
[2026-08-27 11:35:18]   target 5222: crafted 100 poisons in 7 s, obj=0.12734
[2026-08-27 11:35:18]   target 5222: realized linf = 0.03137 (8.00/255), budget = 8.00/255
[2026-08-27 11:39:14]   [t5222 v1/4] SUCCESS (pred=wardrobe) CTA=0.5892
[2026-08-27 11:43:10]   [t5222 v2/4] fail (pred=tractor) CTA=0.6091
[2026-08-27 11:47:06]   [t5222 v3/4] fail (pred=dinosaur) CTA=0.5761
[2026-08-27 11:51:01]   [t5222 v4/4] fail (pred=beaver) CTA=0.5795
[2026-08-27 11:51:01]   target 5222, 4 victims on this gpu: ASR=25.0% CTA=0.5885 +/- 0.0128
[2026-08-27 11:51:01] === target 9746 (4/4) ===
[2026-08-27 11:51:08]   target 9746: crafted 100 poisons in 7 s, obj=0.23714
[2026-08-27 11:51:08]   target 9746: realized linf = 0.03137 (8.00/255), budget = 8.00/255
[2026-08-27 11:55:05]   [t9746 v1/4] fail (pred=lawn_mower) CTA=0.5771
[2026-08-27 11:59:00]   [t9746 v2/4] fail (pred=lawn_mower) CTA=0.5711
[2026-08-27 12:02:56]   [t9746 v3/4] fail (pred=lawn_mower) CTA=0.5729
[2026-08-27 12:06:51]   [t9746 v4/4] fail (pred=lawn_mower) CTA=0.5673
[2026-08-27 12:06:51]   target 9746, 4 victims on this gpu: ASR=0.0% CTA=0.5721 +/- 0.0035
[2026-08-27 12:06:51] ==== CIFAR100_ResNet18BN_fc_random_wardrobe-lawn_mower_b0.002_eps8_seed42_ce5 : ASR = 6.2% +/- 10.8% | CTA = 0.5816 (baseline 0.5613) ====
[2026-08-27 12:06:51]   target-prediction tally ['apple', 'aquarium_fish', 'baby', 'bear', 'beaver', 'bed', 'bee', 'beetle', 'bicycle', 'bottle', 'bowl', 'boy', 'bridge', 'bus', 'butterfly', 'camel', 'can', 'castle', 'caterpillar', 'cattle', 'chair', 'chimpanzee', 'clock', 'cloud', 'cockroach', 'couch', 'crab', 'crocodile', 'cup', 'dinosaur', 'dolphin', 'elephant', 'flatfish', 'forest', 'fox', 'girl', 'hamster', 'house', 'kangaroo', 'keyboard', 'lamp', 'lawn_mower', 'leopard', 'lion', 'lizard', 'lobster', 'man', 'maple_tree', 'motorcycle', 'mountain', 'mouse', 'mushroom', 'oak_tree', 'orange', 'orchid', 'otter', 'palm_tree', 'pear', 'pickup_truck', 'pine_tree', 'plain', 'plate', 'poppy', 'porcupine', 'possum', 'rabbit', 'raccoon', 'ray', 'road', 'rocket', 'rose', 'sea', 'seal', 'shark', 'shrew', 'skunk', 'skyscraper', 'snail', 'snake', 'spider', 'squirrel', 'streetcar', 'sunflower', 'sweet_pepper', 'table', 'tank', 'telephone', 'television', 'tiger', 'tractor', 'train', 'trout', 'tulip', 'turtle', 'wardrobe', 'whale', 'willow_tree', 'wolf', 'woman', 'worm']: [0, 0, 0, 0, 1, 0, 0, 0, 0, 0, 0, 0, 0, 0, 0, 0, 0, 0, 0, 0, 0, 0, 0, 0, 0, 0, 0, 0, 0, 1, 0, 0, 0, 0, 0, 0, 0, 0, 4, 0, 0, 8, 0, 0, 0, 0, 0, 0, 0, 0, 0, 0, 0, 0, 0, 0, 0, 0, 0, 0, 0, 0, 0, 0, 0, 0, 0, 0, 0, 0, 0, 0, 0, 0, 0, 0, 0, 0, 0, 0, 0, 0, 0, 0, 0, 0, 0, 0, 0, 1, 0, 0, 0, 0, 1, 0, 0, 0, 0, 0]
sync: extra-data cell -> /home/mmoslem3/scratch/PoisonBase/extra_data_result/CIFAR100_ResNet18BN_fc_random_wardrobe-lawn_mower_b0.002_eps8_seed42_ce5
