job: 628754 xdata_033_cifar100_gradmatch_sea_willow_tree_b0_002_greedy on rack04-05
cell: dataset=CIFAR100 model=ResNet18BN pair=sea-willow_tree budget=0.002 attack=gradmatch selection=greedy jacobian=off
protocol: 1 pinned target x 5 victims; run=CIFAR100_ResNet18BN_gradmatch_ours_sea-willow_tree_b0.002_eps8_seed42_lam1_cosine_ce5
gpu: NVIDIA L40S
[2026-08-26 18:35:05] === run start: CIFAR100_ResNet18BN_gradmatch_ours_sea-willow_tree_b0.002_eps8_seed42_lam1_cosine_ce5 on cuda [0] ===
[2026-08-26 18:35:05] args: {"FORCE": false, "attack": "gradmatch", "base": "ours", "base_dist": "cosine", "base_topr": null, "budget": 0.002, "cache_dir": "/tmp/extra_data_if/cache", "class_pair": "sea-willow_tree", "clean_baseline": true, "craft_alpha": 0.0039216, "craft_aug": true, "craft_batch": 256, "craft_ensemble": 5, "craft_lowmem": false, "craft_schedule": false, "craft_steps": 250, "data_path": "/tmp/extra_data", "dataset": "CIFAR100", "dsa_strategy": "color_crop_cutout_flip_scale_rotate", "epsilon": 0.0313725, "fast_gradmatch": false, "fc_mode": "sample", "fc_restarts": 1, "gpus": "all", "jacobian_batch_size": 64, "jacobian_weight": 1.0, "lambda_margin": 1.0, "model": "ResNet18BN", "no_resume": false, "num_poisons": 500, "num_surrogates": 20, "num_targets": 1, "num_victims": 5, "out_dir": "/tmp/extra_data_if/ours_result", "pair_order": "poison-target", "parallel_pretrain": true, "parallel_targets": true, "precompute_id": null, "precompute_only": false, "precompute_part": "both", "rank_on_victims": true, "recompute_deltas": false, "require_correct_target": false, "restarts": 8, "seed": 42, "sel_K": null, "sel_alpha": 1.0, "sel_criterion": null, "sel_dpp": false, "sel_filter": false, "sel_mmr": false, "sel_mode": null, "sel_model": null, "sel_mu": 1.0, "sel_pca": false, "sel_pool": 3.0, "sharp_mode": "worst", "sharp_samples": 20, "sharp_sigma": 0.05, "steal_timeout": 7200.0, "surrogate_aug": false, "surrogate_bs": 128, "surrogate_decay": [35, 45], "surrogate_epochs": 60, "surrogate_lr": 0.1, "surrogate_wd": 0.0, "target_idx_file": "/tmp/extra_data_if/target_sets/xdata_CIFAR100_ResNet18BN_sea-willow_tree.json", "target_select": "random", "use_jacobian_score": false, "victim_aug": false, "victim_bs": 125, "victim_decay": [40], "victim_epochs": 50, "victim_lr": 0.1, "victim_wd": 0.0}
[2026-08-26 18:35:05] Jacobian score: disabled
[2026-08-26 18:35:05] N_total=50000 budget=0.002 -> N_p=100 poisons, y_adv=71(sea) target_class=96(willow_tree)
[2026-08-26 18:35:05] === surrogates (20 x ResNet18BN, trained on the full real set) ===
[2026-08-26 18:35:07]   crafting on 5/20 surrogates
[2026-08-26 18:35:07] === clean victims (5 x ResNet18BN) ===
[2026-08-26 18:35:09]   clean baseline CTA = 0.5663 +/- 0.0114
[2026-08-26 18:35:09]   target pool 100 -> eligible 100 (0 already predicted as y_adv or dropped)
[2026-08-26 18:35:09]   chosen 1 targets (file), p_adv range 0.0000..0.0000
[2026-08-26 18:35:09]   targets: [3818]
[2026-08-26 18:35:09] === target 3818 (1/1) ===
[2026-08-26 18:42:28]   target 3818: crafted 100 poisons in 438 s, obj=0.31384
[2026-08-26 18:42:28]   target 3818: realized linf = 0.03137 (8.00/255), budget = 8.00/255
[2026-08-26 18:46:22]   [t3818 v1/5] SUCCESS (pred=sea) CTA=0.5769
[2026-08-26 18:50:15]   [t3818 v2/5] fail (pred=oak_tree) CTA=0.5335
[2026-08-26 18:54:08]   [t3818 v3/5] SUCCESS (pred=sea) CTA=0.5924
[2026-08-26 18:58:01]   [t3818 v4/5] SUCCESS (pred=sea) CTA=0.5688
[2026-08-26 19:01:53]   [t3818 v5/5] fail (pred=train) CTA=0.5908
[2026-08-26 19:01:53]   target 3818, 5 victims on this gpu: ASR=60.0% CTA=0.5725 +/- 0.0214
[2026-08-26 19:01:53] ==== CIFAR100_ResNet18BN_gradmatch_ours_sea-willow_tree_b0.002_eps8_seed42_lam1_cosine_ce5 : ASR = 60.0% +/- 0.0% | CTA = 0.5725 (baseline 0.5663) ====
[2026-08-26 19:01:53]   target-prediction tally ['apple', 'aquarium_fish', 'baby', 'bear', 'beaver', 'bed', 'bee', 'beetle', 'bicycle', 'bottle', 'bowl', 'boy', 'bridge', 'bus', 'butterfly', 'camel', 'can', 'castle', 'caterpillar', 'cattle', 'chair', 'chimpanzee', 'clock', 'cloud', 'cockroach', 'couch', 'crab', 'crocodile', 'cup', 'dinosaur', 'dolphin', 'elephant', 'flatfish', 'forest', 'fox', 'girl', 'hamster', 'house', 'kangaroo', 'keyboard', 'lamp', 'lawn_mower', 'leopard', 'lion', 'lizard', 'lobster', 'man', 'maple_tree', 'motorcycle', 'mountain', 'mouse', 'mushroom', 'oak_tree', 'orange', 'orchid', 'otter', 'palm_tree', 'pear', 'pickup_truck', 'pine_tree', 'plain', 'plate', 'poppy', 'porcupine', 'possum', 'rabbit', 'raccoon', 'ray', 'road', 'rocket', 'rose', 'sea', 'seal', 'shark', 'shrew', 'skunk', 'skyscraper', 'snail', 'snake', 'spider', 'squirrel', 'streetcar', 'sunflower', 'sweet_pepper', 'table', 'tank', 'telephone', 'television', 'tiger', 'tractor', 'train', 'trout', 'tulip', 'turtle', 'wardrobe', 'whale', 'willow_tree', 'wolf', 'woman', 'worm']: [0, 0, 0, 0, 0, 0, 0, 0, 0, 0, 0, 0, 0, 0, 0, 0, 0, 0, 0, 0, 0, 0, 0, 0, 0, 0, 0, 0, 0, 0, 0, 0, 0, 0, 0, 0, 0, 0, 0, 0, 0, 0, 0, 0, 0, 0, 0, 0, 0, 0, 0, 0, 1, 0, 0, 0, 0, 0, 0, 0, 0, 0, 0, 0, 0, 0, 0, 0, 0, 0, 0, 3, 0, 0, 0, 0, 0, 0, 0, 0, 0, 0, 0, 0, 0, 0, 0, 0, 0, 0, 1, 0, 0, 0, 0, 0, 0, 0, 0, 0]
sync: extra-data cell -> /home/mmoslem3/scratch/PoisonBase/ours_result/CIFAR100_ResNet18BN_gradmatch_ours_sea-willow_tree_b0.002_eps8_seed42_lam1_cosine_ce5
