pinned targets: [16479, 8189, 17114, 13151, 4867, 18264]
job: 631559 xdata_042_svhn_gradmatch_9_2_b0_01_greedy on rack07-08
cell: dataset=SVHN model=ConvNetBN pair=9-2 budget=0.01 attack=gradmatch selection=greedy jacobian=off
protocol: 6 pinned targets x 5 victims; run=SVHN_ConvNetBN_gradmatch_ours_9-2_b0.01_eps8_seed42_lam1_cosine_ce5
gpu: NVIDIA L40S
[2026-08-26 20:03:30] === run start: SVHN_ConvNetBN_gradmatch_ours_9-2_b0.01_eps8_seed42_lam1_cosine_ce5 on cuda [0] ===
[2026-08-26 20:03:30] args: {"FORCE": false, "attack": "gradmatch", "base": "ours", "base_dist": "cosine", "base_topr": null, "budget": 0.01, "cache_dir": "/tmp/extra_data_if/cache", "class_pair": "9-2", "clean_baseline": true, "craft_alpha": 0.0039216, "craft_aug": true, "craft_batch": 256, "craft_ensemble": 5, "craft_lowmem": true, "craft_schedule": false, "craft_steps": 250, "data_path": "/tmp/extra_data", "dataset": "SVHN", "dsa_strategy": "color_crop_cutout_flip_scale_rotate", "epsilon": 0.0313725, "fast_gradmatch": false, "fc_mode": "sample", "fc_restarts": 1, "gpus": "all", "jacobian_batch_size": 64, "jacobian_weight": 1.0, "lambda_margin": 1.0, "model": "ConvNetBN", "no_resume": false, "num_poisons": 500, "num_surrogates": 20, "num_targets": 6, "num_victims": 5, "out_dir": "/tmp/extra_data_if/extra_data_result", "pair_order": "poison-target", "parallel_pretrain": true, "parallel_targets": true, "precompute_id": null, "precompute_only": false, "precompute_part": "both", "rank_on_victims": true, "recompute_deltas": false, "require_correct_target": false, "restarts": 8, "seed": 42, "sel_K": null, "sel_alpha": 1.0, "sel_criterion": null, "sel_dpp": false, "sel_filter": false, "sel_mmr": false, "sel_mode": null, "sel_model": null, "sel_mu": 1.0, "sel_pca": false, "sel_pool": 3.0, "sharp_mode": "worst", "sharp_samples": 20, "sharp_sigma": 0.05, "steal_timeout": 7200.0, "surrogate_aug": false, "surrogate_bs": 128, "surrogate_decay": [35, 45], "surrogate_epochs": 60, "surrogate_lr": 0.1, "surrogate_wd": 0.0, "target_idx_file": "/tmp/extra_data_if/target_sets/xdata_SVHN_ConvNetBN_9-2.json", "target_select": "random", "use_jacobian_score": false, "victim_aug": false, "victim_bs": 125, "victim_decay": [40], "victim_epochs": 50, "victim_lr": 0.01, "victim_wd": 0.0}
[2026-08-26 20:03:30] Jacobian score: disabled
[2026-08-26 20:03:30] N_total=73257 budget=0.01 -> N_p=733 poisons, y_adv=9(9) target_class=2(2)
[2026-08-26 20:03:30] === surrogates (20 x ConvNetBN, trained on the full real set) ===
[2026-08-26 20:03:30]   crafting on 5/20 surrogates
[2026-08-26 20:03:30] === clean victims (5 x ConvNetBN) ===
[2026-08-26 20:03:32]   clean baseline CTA = 0.9226 +/- 0.0015
[2026-08-26 20:03:32]   target pool 4149 -> eligible 4135 (14 already predicted as y_adv or dropped)
[2026-08-26 20:03:32]   chosen 6 targets (file), p_adv range 0.0000..0.0000
[2026-08-26 20:03:32]   targets: [16479, 8189, 17114, 13151, 4867, 18264]
[2026-08-26 20:03:32] === target 16479 (1/6) ===
[2026-08-26 20:18:25]   target 16479: crafted 733 poisons in 891 s, obj=0.26631
[2026-08-26 20:18:25]   target 16479: realized linf = 0.03137 (8.00/255), budget = 8.00/255
[2026-08-26 20:19:39]   [t16479 v1/5] fail (pred=2) CTA=0.9209
[2026-08-26 20:20:54]   [t16479 v2/5] SUCCESS (pred=9) CTA=0.9213
[2026-08-26 20:22:08]   [t16479 v3/5] fail (pred=2) CTA=0.9232
[2026-08-26 20:23:22]   [t16479 v4/5] fail (pred=2) CTA=0.9210
[2026-08-26 20:24:37]   [t16479 v5/5] fail (pred=2) CTA=0.9229
[2026-08-26 20:24:37]   target 16479, 5 victims on this gpu: ASR=20.0% CTA=0.9219 +/- 0.0010
[2026-08-26 20:24:37] === target 8189 (2/6) ===
[2026-08-26 20:39:32]   target 8189: crafted 733 poisons in 893 s, obj=0.29126
[2026-08-26 20:39:32]   target 8189: realized linf = 0.03137 (8.00/255), budget = 8.00/255
[2026-08-26 20:40:46]   [t8189 v1/5] SUCCESS (pred=9) CTA=0.9218
[2026-08-26 20:42:00]   [t8189 v2/5] SUCCESS (pred=9) CTA=0.9200
[2026-08-26 20:43:15]   [t8189 v3/5] SUCCESS (pred=9) CTA=0.9204
[2026-08-26 20:44:29]   [t8189 v4/5] SUCCESS (pred=9) CTA=0.9208
[2026-08-26 20:45:43]   [t8189 v5/5] SUCCESS (pred=9) CTA=0.9244
[2026-08-26 20:45:43]   target 8189, 5 victims on this gpu: ASR=100.0% CTA=0.9215 +/- 0.0016
[2026-08-26 20:45:43] === target 17114 (3/6) ===
[2026-08-26 21:00:37]   target 17114: crafted 733 poisons in 893 s, obj=0.19066
[2026-08-26 21:00:37]   target 17114: realized linf = 0.03137 (8.00/255), budget = 8.00/255
[2026-08-26 21:01:52]   [t17114 v1/5] SUCCESS (pred=9) CTA=0.9205
[2026-08-26 21:03:06]   [t17114 v2/5] SUCCESS (pred=9) CTA=0.9243
[2026-08-26 21:04:20]   [t17114 v3/5] SUCCESS (pred=9) CTA=0.9195
[2026-08-26 21:05:35]   [t17114 v4/5] SUCCESS (pred=9) CTA=0.9208
[2026-08-26 21:06:49]   [t17114 v5/5] SUCCESS (pred=9) CTA=0.9202
[2026-08-26 21:06:49]   target 17114, 5 victims on this gpu: ASR=100.0% CTA=0.9211 +/- 0.0017
[2026-08-26 21:06:49] === target 13151 (4/6) ===
[2026-08-26 21:21:43]   target 13151: crafted 733 poisons in 893 s, obj=0.23114
[2026-08-26 21:21:43]   target 13151: realized linf = 0.03137 (8.00/255), budget = 8.00/255
[2026-08-26 21:22:57]   [t13151 v1/5] SUCCESS (pred=9) CTA=0.9213
[2026-08-26 21:24:12]   [t13151 v2/5] SUCCESS (pred=9) CTA=0.9187
[2026-08-26 21:25:26]   [t13151 v3/5] SUCCESS (pred=9) CTA=0.9196
[2026-08-26 21:26:40]   [t13151 v4/5] SUCCESS (pred=9) CTA=0.9221
[2026-08-26 21:27:54]   [t13151 v5/5] SUCCESS (pred=9) CTA=0.9207
[2026-08-26 21:27:54]   target 13151, 5 victims on this gpu: ASR=100.0% CTA=0.9205 +/- 0.0012
[2026-08-26 21:27:54] === target 4867 (5/6) ===
[2026-08-26 21:42:40]   target 4867: crafted 733 poisons in 885 s, obj=0.22887
[2026-08-26 21:42:40]   target 4867: realized linf = 0.03137 (8.00/255), budget = 8.00/255
[2026-08-26 21:43:55]   [t4867 v1/5] SUCCESS (pred=9) CTA=0.9206
[2026-08-26 21:45:09]   [t4867 v2/5] SUCCESS (pred=9) CTA=0.9183
[2026-08-26 21:46:23]   [t4867 v3/5] SUCCESS (pred=9) CTA=0.9204
[2026-08-26 21:47:37]   [t4867 v4/5] SUCCESS (pred=9) CTA=0.9208
[2026-08-26 21:48:51]   [t4867 v5/5] SUCCESS (pred=9) CTA=0.9203
[2026-08-26 21:48:51]   target 4867, 5 victims on this gpu: ASR=100.0% CTA=0.9201 +/- 0.0009
[2026-08-26 21:48:51] === target 18264 (6/6) ===
[2026-08-26 22:03:47]   target 18264: crafted 733 poisons in 894 s, obj=0.20463
[2026-08-26 22:03:47]   target 18264: realized linf = 0.03137 (8.00/255), budget = 8.00/255
[2026-08-26 22:05:01]   [t18264 v1/5] SUCCESS (pred=9) CTA=0.9217
[2026-08-26 22:06:15]   [t18264 v2/5] SUCCESS (pred=9) CTA=0.9216
[2026-08-26 22:07:30]   [t18264 v3/5] SUCCESS (pred=9) CTA=0.9201
[2026-08-26 22:08:44]   [t18264 v4/5] SUCCESS (pred=9) CTA=0.9215
[2026-08-26 22:09:58]   [t18264 v5/5] SUCCESS (pred=9) CTA=0.9212
[2026-08-26 22:09:58]   target 18264, 5 victims on this gpu: ASR=100.0% CTA=0.9212 +/- 0.0006
[2026-08-26 22:09:58] ==== SVHN_ConvNetBN_gradmatch_ours_9-2_b0.01_eps8_seed42_lam1_cosine_ce5 : ASR = 86.7% +/- 29.8% | CTA = 0.9210 (baseline 0.9226) ====
[2026-08-26 22:09:58]   target-prediction tally ['0', '1', '2', '3', '4', '5', '6', '7', '8', '9']: [0, 0, 4, 0, 0, 0, 0, 0, 0, 26]
sync: extra-data cell -> /home/mmoslem3/scratch/PoisonBase/extra_data_result/SVHN_ConvNetBN_gradmatch_ours_9-2_b0.01_eps8_seed42_lam1_cosine_ce5
