pinned targets: [1896, 1072, 7861, 15745, 14118, 1426]
job: 637463 xdata_r001_svhn_fc_0_4_b0_002_random on rack03-12
cell: dataset=SVHN model=ConvNetBN pair=0-4 budget=0.002 attack=fc selection=random jacobian=off
protocol: 6 pinned targets x 5 victims; run=SVHN_ConvNetBN_fc_random_0-4_b0.002_eps8_seed42_ce5
gpu: NVIDIA L40S
[2026-08-27 10:37:33] === run start: SVHN_ConvNetBN_fc_random_0-4_b0.002_eps8_seed42_ce5 on cuda [0] ===
[2026-08-27 10:37:33] args: {"FORCE": false, "attack": "fc", "base": "random", "base_dist": "cosine", "base_topr": null, "budget": 0.002, "cache_dir": "/tmp/extra_data_if/cache", "class_pair": "0-4", "clean_baseline": true, "craft_alpha": 0.0039216, "craft_aug": true, "craft_batch": 256, "craft_ensemble": 5, "craft_lowmem": false, "craft_schedule": false, "craft_steps": 250, "data_path": "/tmp/extra_data", "dataset": "SVHN", "dsa_strategy": "color_crop_cutout_flip_scale_rotate", "epsilon": 0.0313725, "fast_gradmatch": false, "fc_mode": "sample", "fc_restarts": 1, "gpus": "all", "jacobian_batch_size": 64, "jacobian_weight": 1.0, "lambda_margin": 1.0, "model": "ConvNetBN", "no_resume": false, "num_poisons": 500, "num_surrogates": 20, "num_targets": 6, "num_victims": 5, "out_dir": "/tmp/extra_data_if/extra_data_result", "pair_order": "poison-target", "parallel_pretrain": true, "parallel_targets": true, "precompute_id": null, "precompute_only": false, "precompute_part": "both", "rank_on_victims": true, "recompute_deltas": false, "require_correct_target": false, "restarts": 8, "seed": 42, "sel_K": null, "sel_alpha": 1.0, "sel_criterion": null, "sel_dpp": false, "sel_filter": false, "sel_mmr": false, "sel_mode": null, "sel_model": null, "sel_mu": 1.0, "sel_pca": false, "sel_pool": 3.0, "sharp_mode": "worst", "sharp_samples": 20, "sharp_sigma": 0.05, "steal_timeout": 7200.0, "surrogate_aug": false, "surrogate_bs": 128, "surrogate_decay": [35, 45], "surrogate_epochs": 60, "surrogate_lr": 0.1, "surrogate_wd": 0.0, "target_idx_file": "/tmp/extra_data_if/target_sets/xdata_SVHN_ConvNetBN_0-4.json", "target_select": "random", "use_jacobian_score": false, "victim_aug": false, "victim_bs": 125, "victim_decay": [40], "victim_epochs": 50, "victim_lr": 0.01, "victim_wd": 0.0}
[2026-08-27 10:37:33] Jacobian score: disabled
[2026-08-27 10:37:33] N_total=73257 budget=0.002 -> N_p=147 poisons, y_adv=0(0) target_class=4(4)
[2026-08-27 10:37:33] === surrogates (20 x ConvNetBN, trained on the full real set) ===
[2026-08-27 10:37:33]   crafting on 5/20 surrogates
[2026-08-27 10:37:33] === clean victims (5 x ConvNetBN) ===
[2026-08-27 10:37:35]   clean baseline CTA = 0.9226 +/- 0.0015
[2026-08-27 10:37:35]   target pool 2523 -> eligible 2517 (6 already predicted as y_adv or dropped)
[2026-08-27 10:37:35]   chosen 6 targets (file), p_adv range 0.0000..0.1434
[2026-08-27 10:37:35]   targets: [1896, 1072, 7861, 15745, 14118, 1426]
[2026-08-27 10:37:35] === target 1896 (1/6) ===
[2026-08-27 10:37:37]   target 1896: crafted 147 poisons in 3 s, obj=0.08640
[2026-08-27 10:37:37]   target 1896: realized linf = 0.03137 (8.00/255), budget = 8.00/255
[2026-08-27 10:38:51]   [t1896 v1/5] fail (pred=4) CTA=0.9223
[2026-08-27 10:40:04]   [t1896 v2/5] fail (pred=4) CTA=0.9209
[2026-08-27 10:41:18]   [t1896 v3/5] fail (pred=4) CTA=0.9223
[2026-08-27 10:42:31]   [t1896 v4/5] fail (pred=4) CTA=0.9228
[2026-08-27 10:43:44]   [t1896 v5/5] fail (pred=4) CTA=0.9221
[2026-08-27 10:43:44]   target 1896, 5 victims on this gpu: ASR=0.0% CTA=0.9221 +/- 0.0006
[2026-08-27 10:43:44] === target 1072 (2/6) ===
[2026-08-27 10:43:47]   target 1072: crafted 147 poisons in 3 s, obj=0.07726
[2026-08-27 10:43:47]   target 1072: realized linf = 0.03137 (8.00/255), budget = 8.00/255
[2026-08-27 10:45:02]   [t1072 v1/5] fail (pred=4) CTA=0.9227
[2026-08-27 10:46:16]   [t1072 v2/5] fail (pred=4) CTA=0.9208
[2026-08-27 10:47:29]   [t1072 v3/5] fail (pred=4) CTA=0.9233
[2026-08-27 10:48:42]   [t1072 v4/5] fail (pred=4) CTA=0.9219
[2026-08-27 10:49:55]   [t1072 v5/5] fail (pred=4) CTA=0.9209
[2026-08-27 10:49:55]   target 1072, 5 victims on this gpu: ASR=0.0% CTA=0.9219 +/- 0.0010
[2026-08-27 10:49:55] === target 7861 (3/6) ===
[2026-08-27 10:49:58]   target 7861: crafted 147 poisons in 3 s, obj=0.09802
[2026-08-27 10:49:58]   target 7861: realized linf = 0.03137 (8.00/255), budget = 8.00/255
[2026-08-27 10:51:14]   [t7861 v1/5] fail (pred=4) CTA=0.9223
[2026-08-27 10:52:27]   [t7861 v2/5] fail (pred=4) CTA=0.9211
[2026-08-27 10:53:41]   [t7861 v3/5] fail (pred=4) CTA=0.9228
[2026-08-27 10:54:55]   [t7861 v4/5] fail (pred=4) CTA=0.9236
[2026-08-27 10:56:09]   [t7861 v5/5] fail (pred=4) CTA=0.9204
[2026-08-27 10:56:09]   target 7861, 5 victims on this gpu: ASR=0.0% CTA=0.9221 +/- 0.0012
[2026-08-27 10:56:09] === target 15745 (4/6) ===
[2026-08-27 10:56:12]   target 15745: crafted 147 poisons in 3 s, obj=0.06426
[2026-08-27 10:56:12]   target 15745: realized linf = 0.03137 (8.00/255), budget = 8.00/255
[2026-08-27 10:57:27]   [t15745 v1/5] fail (pred=6) CTA=0.9209
[2026-08-27 10:58:41]   [t15745 v2/5] SUCCESS (pred=0) CTA=0.9243
[2026-08-27 10:59:55]   [t15745 v3/5] SUCCESS (pred=0) CTA=0.9231
[2026-08-27 11:01:09]   [t15745 v4/5] SUCCESS (pred=0) CTA=0.9205
[2026-08-27 11:02:22]   [t15745 v5/5] SUCCESS (pred=0) CTA=0.9216
[2026-08-27 11:02:22]   target 15745, 5 victims on this gpu: ASR=80.0% CTA=0.9221 +/- 0.0014
[2026-08-27 11:02:22] === target 14118 (5/6) ===
[2026-08-27 11:02:25]   target 14118: crafted 147 poisons in 3 s, obj=0.07237
[2026-08-27 11:02:25]   target 14118: realized linf = 0.03137 (8.00/255), budget = 8.00/255
[2026-08-27 11:03:41]   [t14118 v1/5] fail (pred=4) CTA=0.9224
[2026-08-27 11:04:54]   [t14118 v2/5] fail (pred=4) CTA=0.9200
[2026-08-27 11:06:07]   [t14118 v3/5] fail (pred=4) CTA=0.9224
[2026-08-27 11:07:20]   [t14118 v4/5] fail (pred=4) CTA=0.9222
[2026-08-27 11:08:34]   [t14118 v5/5] fail (pred=4) CTA=0.9226
[2026-08-27 11:08:34]   target 14118, 5 victims on this gpu: ASR=0.0% CTA=0.9219 +/- 0.0010
[2026-08-27 11:08:34] === target 1426 (6/6) ===
[2026-08-27 11:08:36]   target 1426: crafted 147 poisons in 3 s, obj=0.08130
[2026-08-27 11:08:36]   target 1426: realized linf = 0.03137 (8.00/255), budget = 8.00/255
[2026-08-27 11:09:52]   [t1426 v1/5] fail (pred=4) CTA=0.9225
[2026-08-27 11:11:06]   [t1426 v2/5] fail (pred=4) CTA=0.9216
[2026-08-27 11:12:20]   [t1426 v3/5] fail (pred=4) CTA=0.9218
[2026-08-27 11:13:34]   [t1426 v4/5] fail (pred=4) CTA=0.9234
[2026-08-27 11:14:47]   [t1426 v5/5] fail (pred=4) CTA=0.9232
[2026-08-27 11:14:47]   target 1426, 5 victims on this gpu: ASR=0.0% CTA=0.9225 +/- 0.0007
[2026-08-27 11:14:47] ==== SVHN_ConvNetBN_fc_random_0-4_b0.002_eps8_seed42_ce5 : ASR = 13.3% +/- 29.8% | CTA = 0.9221 (baseline 0.9226) ====
[2026-08-27 11:14:47]   target-prediction tally ['0', '1', '2', '3', '4', '5', '6', '7', '8', '9']: [4, 0, 0, 0, 25, 0, 1, 0, 0, 0]
sync: extra-data cell -> /home/mmoslem3/scratch/PoisonBase/extra_data_result/SVHN_ConvNetBN_fc_random_0-4_b0.002_eps8_seed42_ce5
