pinned targets: [4646, 9646, 6799, 9928]
job: 631554 xdata_037_cifar100_sapa_plain_bicycle_b0_002_greedy on rack14-12
cell: dataset=CIFAR100 model=ResNet18BN pair=plain-bicycle budget=0.002 attack=sapa selection=greedy jacobian=off
protocol: 4 pinned targets x 4 victims; run=CIFAR100_ResNet18BN_sapa_ours_plain-bicycle_b0.002_eps8_seed42_lam1_cosine_worst0.05_ce5
gpu: NVIDIA L40S
[2026-08-26 20:05:26] === run start: CIFAR100_ResNet18BN_sapa_ours_plain-bicycle_b0.002_eps8_seed42_lam1_cosine_worst0.05_ce5 on cuda [0] ===
[2026-08-26 20:05:26] args: {"FORCE": false, "attack": "sapa", "base": "ours", "base_dist": "cosine", "base_topr": null, "budget": 0.002, "cache_dir": "/tmp/extra_data_if/cache", "class_pair": "plain-bicycle", "clean_baseline": true, "craft_alpha": 0.0039216, "craft_aug": true, "craft_batch": 256, "craft_ensemble": 5, "craft_lowmem": false, "craft_schedule": false, "craft_steps": 250, "data_path": "/tmp/extra_data", "dataset": "CIFAR100", "dsa_strategy": "color_crop_cutout_flip_scale_rotate", "epsilon": 0.0313725, "fast_gradmatch": false, "fc_mode": "sample", "fc_restarts": 1, "gpus": "all", "jacobian_batch_size": 64, "jacobian_weight": 1.0, "lambda_margin": 1.0, "model": "ResNet18BN", "no_resume": false, "num_poisons": 500, "num_surrogates": 20, "num_targets": 4, "num_victims": 4, "out_dir": "/tmp/extra_data_if/extra_data_result", "pair_order": "poison-target", "parallel_pretrain": true, "parallel_targets": true, "precompute_id": null, "precompute_only": false, "precompute_part": "both", "rank_on_victims": true, "recompute_deltas": false, "require_correct_target": false, "restarts": 8, "seed": 42, "sel_K": null, "sel_alpha": 1.0, "sel_criterion": null, "sel_dpp": false, "sel_filter": false, "sel_mmr": false, "sel_mode": null, "sel_model": null, "sel_mu": 1.0, "sel_pca": false, "sel_pool": 3.0, "sharp_mode": "worst", "sharp_samples": 20, "sharp_sigma": 0.05, "steal_timeout": 7200.0, "surrogate_aug": false, "surrogate_bs": 128, "surrogate_decay": [35, 45], "surrogate_epochs": 60, "surrogate_lr": 0.1, "surrogate_wd": 0.0, "target_idx_file": "/tmp/extra_data_if/target_sets/xdata_CIFAR100_ResNet18BN_plain-bicycle.json", "target_select": "random", "use_jacobian_score": false, "victim_aug": false, "victim_bs": 125, "victim_decay": [40], "victim_epochs": 50, "victim_lr": 0.1, "victim_wd": 0.0}
[2026-08-26 20:05:26] Jacobian score: disabled
[2026-08-26 20:05:26] N_total=50000 budget=0.002 -> N_p=100 poisons, y_adv=60(plain) target_class=8(bicycle)
[2026-08-26 20:05:26] === surrogates (20 x ResNet18BN, trained on the full real set) ===
[2026-08-26 20:05:27]   crafting on 5/20 surrogates
[2026-08-26 20:05:27] === clean victims (4 x ResNet18BN) ===
[2026-08-26 20:05:30]   clean baseline CTA = 0.5613 +/- 0.0060
[2026-08-26 20:05:30]   target pool 100 -> eligible 100 (0 already predicted as y_adv or dropped)
[2026-08-26 20:05:30]   chosen 4 targets (file), p_adv range 0.0000..0.0000
[2026-08-26 20:05:30]   targets: [4646, 9646, 6799, 9928]
[2026-08-26 20:05:30] === target 4646 (1/4) ===
[2026-08-26 20:12:50]   target 4646: crafted 100 poisons in 440 s, obj=0.34945
[2026-08-26 20:12:50]   target 4646: realized linf = 0.03137 (8.00/255), budget = 8.00/255
[2026-08-26 20:16:48]   [t4646 v1/4] fail (pred=keyboard) CTA=0.5743
[2026-08-26 20:20:44]   [t4646 v2/4] fail (pred=couch) CTA=0.5851
[2026-08-26 20:24:40]   [t4646 v3/4] fail (pred=couch) CTA=0.5806
[2026-08-26 20:28:35]   [t4646 v4/4] fail (pred=bicycle) CTA=0.5786
[2026-08-26 20:28:35]   target 4646, 4 victims on this gpu: ASR=0.0% CTA=0.5796 +/- 0.0039
[2026-08-26 20:28:35] === target 9646 (2/4) ===
[2026-08-26 20:35:55]   target 9646: crafted 100 poisons in 439 s, obj=0.29796
[2026-08-26 20:35:55]   target 9646: realized linf = 0.03137 (8.00/255), budget = 8.00/255
[2026-08-26 20:39:54]   [t9646 v1/4] fail (pred=bicycle) CTA=0.5718
[2026-08-26 20:43:50]   [t9646 v2/4] fail (pred=bicycle) CTA=0.5933
[2026-08-26 20:47:46]   [t9646 v3/4] fail (pred=bicycle) CTA=0.5634
[2026-08-26 20:51:42]   [t9646 v4/4] fail (pred=bicycle) CTA=0.5987
[2026-08-26 20:51:42]   target 9646, 4 victims on this gpu: ASR=0.0% CTA=0.5818 +/- 0.0146
[2026-08-26 20:51:42] === target 6799 (3/4) ===
[2026-08-26 20:59:02]   target 6799: crafted 100 poisons in 440 s, obj=0.30734
[2026-08-26 20:59:02]   target 6799: realized linf = 0.03137 (8.00/255), budget = 8.00/255
[2026-08-26 21:03:01]   [t6799 v1/4] fail (pred=motorcycle) CTA=0.5783
[2026-08-26 21:06:57]   [t6799 v2/4] fail (pred=bicycle) CTA=0.5583
[2026-08-26 21:10:53]   [t6799 v3/4] fail (pred=motorcycle) CTA=0.5702
[2026-08-26 21:14:49]   [t6799 v4/4] fail (pred=motorcycle) CTA=0.5987
[2026-08-26 21:14:49]   target 6799, 4 victims on this gpu: ASR=0.0% CTA=0.5764 +/- 0.0147
[2026-08-26 21:14:49] === target 9928 (4/4) ===
[2026-08-26 21:22:11]   target 9928: crafted 100 poisons in 441 s, obj=0.27896
[2026-08-26 21:22:11]   target 9928: realized linf = 0.03137 (8.00/255), budget = 8.00/255
[2026-08-26 21:26:10]   [t9928 v1/4] fail (pred=bicycle) CTA=0.5709
[2026-08-26 21:30:06]   [t9928 v2/4] fail (pred=bicycle) CTA=0.5686
[2026-08-26 21:34:02]   [t9928 v3/4] fail (pred=bicycle) CTA=0.5944
[2026-08-26 21:37:58]   [t9928 v4/4] fail (pred=bicycle) CTA=0.5825
[2026-08-26 21:37:58]   target 9928, 4 victims on this gpu: ASR=0.0% CTA=0.5791 +/- 0.0103
[2026-08-26 21:37:58] ==== CIFAR100_ResNet18BN_sapa_ours_plain-bicycle_b0.002_eps8_seed42_lam1_cosine_worst0.05_ce5 : ASR = 0.0% +/- 0.0% | CTA = 0.5792 (baseline 0.5613) ====
[2026-08-26 21:37:58]   target-prediction tally ['apple', 'aquarium_fish', 'baby', 'bear', 'beaver', 'bed', 'bee', 'beetle', 'bicycle', 'bottle', 'bowl', 'boy', 'bridge', 'bus', 'butterfly', 'camel', 'can', 'castle', 'caterpillar', 'cattle', 'chair', 'chimpanzee', 'clock', 'cloud', 'cockroach', 'couch', 'crab', 'crocodile', 'cup', 'dinosaur', 'dolphin', 'elephant', 'flatfish', 'forest', 'fox', 'girl', 'hamster', 'house', 'kangaroo', 'keyboard', 'lamp', 'lawn_mower', 'leopard', 'lion', 'lizard', 'lobster', 'man', 'maple_tree', 'motorcycle', 'mountain', 'mouse', 'mushroom', 'oak_tree', 'orange', 'orchid', 'otter', 'palm_tree', 'pear', 'pickup_truck', 'pine_tree', 'plain', 'plate', 'poppy', 'porcupine', 'possum', 'rabbit', 'raccoon', 'ray', 'road', 'rocket', 'rose', 'sea', 'seal', 'shark', 'shrew', 'skunk', 'skyscraper', 'snail', 'snake', 'spider', 'squirrel', 'streetcar', 'sunflower', 'sweet_pepper', 'table', 'tank', 'telephone', 'television', 'tiger', 'tractor', 'train', 'trout', 'tulip', 'turtle', 'wardrobe', 'whale', 'willow_tree', 'wolf', 'woman', 'worm']: [0, 0, 0, 0, 0, 0, 0, 0, 10, 0, 0, 0, 0, 0, 0, 0, 0, 0, 0, 0, 0, 0, 0, 0, 0, 2, 0, 0, 0, 0, 0, 0, 0, 0, 0, 0, 0, 0, 0, 1, 0, 0, 0, 0, 0, 0, 0, 0, 3, 0, 0, 0, 0, 0, 0, 0, 0, 0, 0, 0, 0, 0, 0, 0, 0, 0, 0, 0, 0, 0, 0, 0, 0, 0, 0, 0, 0, 0, 0, 0, 0, 0, 0, 0, 0, 0, 0, 0, 0, 0, 0, 0, 0, 0, 0, 0, 0, 0, 0, 0]
sync: extra-data cell -> /home/mmoslem3/scratch/PoisonBase/extra_data_result/CIFAR100_ResNet18BN_sapa_ours_plain-bicycle_b0.002_eps8_seed42_lam1_cosine_worst0.05_ce5
