pinned targets: [3818, 9643, 6367, 9785]
job: 631541 xdata_025_cifar100_fc_sea_willow_tree_b0_005_greedy on rack16-12
cell: dataset=CIFAR100 model=ResNet18BN pair=sea-willow_tree budget=0.005 attack=fc selection=greedy jacobian=off
protocol: 4 pinned targets x 4 victims; run=CIFAR100_ResNet18BN_fc_ours_sea-willow_tree_b0.005_eps8_seed42_lam1_cosine_ce5
gpu: NVIDIA L40S
[2026-08-26 20:12:04] === run start: CIFAR100_ResNet18BN_fc_ours_sea-willow_tree_b0.005_eps8_seed42_lam1_cosine_ce5 on cuda [0] ===
[2026-08-26 20:12:04] args: {"FORCE": false, "attack": "fc", "base": "ours", "base_dist": "cosine", "base_topr": null, "budget": 0.005, "cache_dir": "/tmp/extra_data_if/cache", "class_pair": "sea-willow_tree", "clean_baseline": true, "craft_alpha": 0.0039216, "craft_aug": true, "craft_batch": 256, "craft_ensemble": 5, "craft_lowmem": false, "craft_schedule": false, "craft_steps": 250, "data_path": "/tmp/extra_data", "dataset": "CIFAR100", "dsa_strategy": "color_crop_cutout_flip_scale_rotate", "epsilon": 0.0313725, "fast_gradmatch": false, "fc_mode": "sample", "fc_restarts": 1, "gpus": "all", "jacobian_batch_size": 64, "jacobian_weight": 1.0, "lambda_margin": 1.0, "model": "ResNet18BN", "no_resume": false, "num_poisons": 500, "num_surrogates": 20, "num_targets": 4, "num_victims": 4, "out_dir": "/tmp/extra_data_if/extra_data_result", "pair_order": "poison-target", "parallel_pretrain": true, "parallel_targets": true, "precompute_id": null, "precompute_only": false, "precompute_part": "both", "rank_on_victims": true, "recompute_deltas": false, "require_correct_target": false, "restarts": 8, "seed": 42, "sel_K": null, "sel_alpha": 1.0, "sel_criterion": null, "sel_dpp": false, "sel_filter": false, "sel_mmr": false, "sel_mode": null, "sel_model": null, "sel_mu": 1.0, "sel_pca": false, "sel_pool": 3.0, "sharp_mode": "worst", "sharp_samples": 20, "sharp_sigma": 0.05, "steal_timeout": 7200.0, "surrogate_aug": false, "surrogate_bs": 128, "surrogate_decay": [35, 45], "surrogate_epochs": 60, "surrogate_lr": 0.1, "surrogate_wd": 0.0, "target_idx_file": "/tmp/extra_data_if/target_sets/xdata_CIFAR100_ResNet18BN_sea-willow_tree.json", "target_select": "random", "use_jacobian_score": false, "victim_aug": false, "victim_bs": 125, "victim_decay": [40], "victim_epochs": 50, "victim_lr": 0.1, "victim_wd": 0.0}
[2026-08-26 20:12:04] Jacobian score: disabled
[2026-08-26 20:12:04] N_total=50000 budget=0.005 -> N_p=250 poisons, y_adv=71(sea) target_class=96(willow_tree)
[2026-08-26 20:12:04] === surrogates (20 x ResNet18BN, trained on the full real set) ===
[2026-08-26 20:12:05]   crafting on 5/20 surrogates
[2026-08-26 20:12:05] === clean victims (4 x ResNet18BN) ===
[2026-08-26 20:12:08]   clean baseline CTA = 0.5613 +/- 0.0060
[2026-08-26 20:12:08]   target pool 100 -> eligible 100 (0 already predicted as y_adv or dropped)
[2026-08-26 20:12:08]   chosen 4 targets (file), p_adv range 0.0000..0.0000
[2026-08-26 20:12:08]   targets: [3818, 9643, 6367, 9785]
[2026-08-26 20:12:08] === target 3818 (1/4) ===
[2026-08-26 20:12:30]   target 3818: crafted 250 poisons in 21 s, obj=0.08700
[2026-08-26 20:12:30]   target 3818: realized linf = 0.03137 (8.00/255), budget = 8.00/255
[2026-08-26 20:16:28]   [t3818 v1/4] fail (pred=willow_tree) CTA=0.5919
[2026-08-26 20:20:24]   [t3818 v2/4] fail (pred=dinosaur) CTA=0.5776
[2026-08-26 20:24:20]   [t3818 v3/4] fail (pred=willow_tree) CTA=0.5704
[2026-08-26 20:28:15]   [t3818 v4/4] fail (pred=willow_tree) CTA=0.5781
[2026-08-26 20:28:15]   target 3818, 4 victims on this gpu: ASR=0.0% CTA=0.5795 +/- 0.0078
[2026-08-26 20:28:15] === target 9643 (2/4) ===
[2026-08-26 20:28:37]   target 9643: crafted 250 poisons in 21 s, obj=0.09548
[2026-08-26 20:28:37]   target 9643: realized linf = 0.03137 (8.00/255), budget = 8.00/255
[2026-08-26 20:32:34]   [t9643 v1/4] fail (pred=willow_tree) CTA=0.5790
[2026-08-26 20:36:29]   [t9643 v2/4] fail (pred=willow_tree) CTA=0.5817
[2026-08-26 20:40:25]   [t9643 v3/4] fail (pred=house) CTA=0.5778
[2026-08-26 20:44:20]   [t9643 v4/4] SUCCESS (pred=sea) CTA=0.5847
[2026-08-26 20:44:20]   target 9643, 4 victims on this gpu: ASR=25.0% CTA=0.5808 +/- 0.0027
[2026-08-26 20:44:20] === target 6367 (3/4) ===
[2026-08-26 20:44:42]   target 6367: crafted 250 poisons in 21 s, obj=0.06954
[2026-08-26 20:44:42]   target 6367: realized linf = 0.03137 (8.00/255), budget = 8.00/255
[2026-08-26 20:48:39]   [t6367 v1/4] SUCCESS (pred=sea) CTA=0.5969
[2026-08-26 20:52:34]   [t6367 v2/4] fail (pred=willow_tree) CTA=0.5590
[2026-08-26 20:56:28]   [t6367 v3/4] fail (pred=willow_tree) CTA=0.5683
[2026-08-26 21:00:22]   [t6367 v4/4] fail (pred=willow_tree) CTA=0.5856
[2026-08-26 21:00:22]   target 6367, 4 victims on this gpu: ASR=25.0% CTA=0.5775 +/- 0.0147
[2026-08-26 21:00:22] === target 9785 (4/4) ===
[2026-08-26 21:00:43]   target 9785: crafted 250 poisons in 21 s, obj=0.06995
[2026-08-26 21:00:43]   target 9785: realized linf = 0.03137 (8.00/255), budget = 8.00/255
[2026-08-26 21:04:41]   [t9785 v1/4] fail (pred=willow_tree) CTA=0.5907
[2026-08-26 21:08:37]   [t9785 v2/4] fail (pred=willow_tree) CTA=0.5760
[2026-08-26 21:12:32]   [t9785 v3/4] fail (pred=willow_tree) CTA=0.5798
[2026-08-26 21:16:27]   [t9785 v4/4] fail (pred=willow_tree) CTA=0.5800
[2026-08-26 21:16:27]   target 9785, 4 victims on this gpu: ASR=0.0% CTA=0.5816 +/- 0.0055
[2026-08-26 21:16:27] ==== CIFAR100_ResNet18BN_fc_ours_sea-willow_tree_b0.005_eps8_seed42_lam1_cosine_ce5 : ASR = 12.5% +/- 12.5% | CTA = 0.5798 (baseline 0.5613) ====
[2026-08-26 21:16:27]   target-prediction tally ['apple', 'aquarium_fish', 'baby', 'bear', 'beaver', 'bed', 'bee', 'beetle', 'bicycle', 'bottle', 'bowl', 'boy', 'bridge', 'bus', 'butterfly', 'camel', 'can', 'castle', 'caterpillar', 'cattle', 'chair', 'chimpanzee', 'clock', 'cloud', 'cockroach', 'couch', 'crab', 'crocodile', 'cup', 'dinosaur', 'dolphin', 'elephant', 'flatfish', 'forest', 'fox', 'girl', 'hamster', 'house', 'kangaroo', 'keyboard', 'lamp', 'lawn_mower', 'leopard', 'lion', 'lizard', 'lobster', 'man', 'maple_tree', 'motorcycle', 'mountain', 'mouse', 'mushroom', 'oak_tree', 'orange', 'orchid', 'otter', 'palm_tree', 'pear', 'pickup_truck', 'pine_tree', 'plain', 'plate', 'poppy', 'porcupine', 'possum', 'rabbit', 'raccoon', 'ray', 'road', 'rocket', 'rose', 'sea', 'seal', 'shark', 'shrew', 'skunk', 'skyscraper', 'snail', 'snake', 'spider', 'squirrel', 'streetcar', 'sunflower', 'sweet_pepper', 'table', 'tank', 'telephone', 'television', 'tiger', 'tractor', 'train', 'trout', 'tulip', 'turtle', 'wardrobe', 'whale', 'willow_tree', 'wolf', 'woman', 'worm']: [0, 0, 0, 0, 0, 0, 0, 0, 0, 0, 0, 0, 0, 0, 0, 0, 0, 0, 0, 0, 0, 0, 0, 0, 0, 0, 0, 0, 0, 1, 0, 0, 0, 0, 0, 0, 0, 1, 0, 0, 0, 0, 0, 0, 0, 0, 0, 0, 0, 0, 0, 0, 0, 0, 0, 0, 0, 0, 0, 0, 0, 0, 0, 0, 0, 0, 0, 0, 0, 0, 0, 2, 0, 0, 0, 0, 0, 0, 0, 0, 0, 0, 0, 0, 0, 0, 0, 0, 0, 0, 0, 0, 0, 0, 0, 0, 12, 0, 0, 0]
sync: extra-data cell -> /home/mmoslem3/scratch/PoisonBase/extra_data_result/CIFAR100_ResNet18BN_fc_ours_sea-willow_tree_b0.005_eps8_seed42_lam1_cosine_ce5
