pinned targets: [7977, 3357, 5846, 6295]
job: 631567 xdata_049_tiny_sapa_n01443537_n01629819_b0_0005_greedy on rack10-10
cell: dataset=TinyImageNet model=ResNet18BN pair=n01443537-n01629819 budget=0.0005 attack=sapa selection=greedy jacobian=off
protocol: 4 pinned targets x 4 victims; run=TinyImageNet_ResNet18BN_sapa_ours_n01443537-n01629819_b0.0005_eps8_seed42_lam1_cosine_worst0.05_ce5
gpu: NVIDIA L40S
[2026-08-26 20:14:12] === run start: TinyImageNet_ResNet18BN_sapa_ours_n01443537-n01629819_b0.0005_eps8_seed42_lam1_cosine_worst0.05_ce5 on cuda [0] ===
[2026-08-26 20:14:12] args: {"FORCE": false, "attack": "sapa", "base": "ours", "base_dist": "cosine", "base_topr": null, "budget": 0.0005, "cache_dir": "/tmp/extra_data_if/cache", "class_pair": "n01443537-n01629819", "clean_baseline": true, "craft_alpha": 0.0039216, "craft_aug": true, "craft_batch": 256, "craft_ensemble": 5, "craft_lowmem": true, "craft_schedule": false, "craft_steps": 250, "data_path": "/tmp/extra_data", "dataset": "TinyImageNet", "dsa_strategy": "color_crop_cutout_flip_scale_rotate", "epsilon": 0.0313725, "fast_gradmatch": false, "fc_mode": "sample", "fc_restarts": 1, "gpus": "all", "jacobian_batch_size": 64, "jacobian_weight": 1.0, "lambda_margin": 1.0, "model": "ResNet18BN", "no_resume": false, "num_poisons": 500, "num_surrogates": 20, "num_targets": 4, "num_victims": 4, "out_dir": "/tmp/extra_data_if/extra_data_result", "pair_order": "poison-target", "parallel_pretrain": true, "parallel_targets": true, "precompute_id": null, "precompute_only": false, "precompute_part": "both", "rank_on_victims": true, "recompute_deltas": false, "require_correct_target": false, "restarts": 8, "seed": 42, "sel_K": null, "sel_alpha": 1.0, "sel_criterion": null, "sel_dpp": false, "sel_filter": false, "sel_mmr": false, "sel_mode": null, "sel_model": null, "sel_mu": 1.0, "sel_pca": false, "sel_pool": 3.0, "sharp_mode": "worst", "sharp_samples": 20, "sharp_sigma": 0.05, "steal_timeout": 7200.0, "surrogate_aug": false, "surrogate_bs": 128, "surrogate_decay": [35, 45], "surrogate_epochs": 60, "surrogate_lr": 0.1, "surrogate_wd": 0.0, "target_idx_file": "/tmp/extra_data_if/target_sets/appx_tiny_ResNet18BN_n01443537-n01629819.json", "target_select": "random", "use_jacobian_score": false, "victim_aug": false, "victim_bs": 125, "victim_decay": [40], "victim_epochs": 50, "victim_lr": 0.1, "victim_wd": 0.0}
[2026-08-26 20:14:12] Jacobian score: disabled
[2026-08-26 20:14:12] N_total=100000 budget=0.0005 -> N_p=50 poisons, y_adv=0(n01443537) target_class=1(n01629819)
[2026-08-26 20:14:12] === surrogates (20 x ResNet18BN, trained on the full real set) ===
[2026-08-26 20:14:14]   crafting on 5/20 surrogates
[2026-08-26 20:14:14] === clean victims (4 x ResNet18BN) ===
[2026-08-26 20:14:20]   clean baseline CTA = 0.4863 +/- 0.0064
[2026-08-26 20:14:20]   target pool 50 -> eligible 50 (0 already predicted as y_adv or dropped)
[2026-08-26 20:14:20]   chosen 4 targets (file), p_adv range 0.0000..0.0000
[2026-08-26 20:14:20]   targets: [7977, 3357, 5846, 6295]
[2026-08-26 20:14:20] === target 7977 (1/4) ===
[2026-08-26 20:28:45]   target 7977: crafted 50 poisons in 862 s, obj=0.33017
[2026-08-26 20:28:45]   target 7977: realized linf = 0.03137 (8.00/255), budget = 8.00/255
[2026-08-26 21:07:23]   [t7977 v1/4] fail (pred=n01629819) CTA=0.4927
[2026-08-26 21:46:08]   [t7977 v2/4] fail (pred=n01629819) CTA=0.5073
[2026-08-26 22:24:54]   [t7977 v3/4] fail (pred=n01629819) CTA=0.4974
[2026-08-26 23:03:43]   [t7977 v4/4] fail (pred=n01629819) CTA=0.4902
[2026-08-26 23:03:43]   target 7977, 4 victims on this gpu: ASR=0.0% CTA=0.4969 +/- 0.0065
[2026-08-26 23:03:43] === target 3357 (2/4) ===
[2026-08-26 23:18:09]   target 3357: crafted 50 poisons in 863 s, obj=0.36875
[2026-08-26 23:18:09]   target 3357: realized linf = 0.03137 (8.00/255), budget = 8.00/255
[2026-08-26 23:56:48]   [t3357 v1/4] fail (pred=n03089624) CTA=0.4886
[2026-08-27 00:35:36]   [t3357 v2/4] fail (pred=n02917067) CTA=0.4972
[2026-08-27 01:14:23]   [t3357 v3/4] fail (pred=n03992509) CTA=0.4920
[2026-08-27 01:53:13]   [t3357 v4/4] fail (pred=n02056570) CTA=0.4891
[2026-08-27 01:53:13]   target 3357, 4 victims on this gpu: ASR=0.0% CTA=0.4917 +/- 0.0034
[2026-08-27 01:53:13] === target 5846 (3/4) ===
[2026-08-27 02:07:42]   target 5846: crafted 50 poisons in 867 s, obj=0.31913
[2026-08-27 02:07:42]   target 5846: realized linf = 0.03137 (8.00/255), budget = 8.00/255
[2026-08-27 02:46:23]   [t5846 v1/4] fail (pred=n02190166) CTA=0.4985
[2026-08-27 03:25:07]   [t5846 v2/4] fail (pred=n01629819) CTA=0.4972
[2026-08-27 04:03:52]   [t5846 v3/4] fail (pred=n02236044) CTA=0.5023
[2026-08-27 04:42:38]   [t5846 v4/4] fail (pred=n01629819) CTA=0.4892
[2026-08-27 04:42:38]   target 5846, 4 victims on this gpu: ASR=0.0% CTA=0.4968 +/- 0.0048
[2026-08-27 04:42:38] === target 6295 (4/4) ===
[2026-08-27 04:57:04]   target 6295: crafted 50 poisons in 863 s, obj=0.34606
[2026-08-27 04:57:04]   target 6295: realized linf = 0.03137 (8.00/255), budget = 8.00/255
[2026-08-27 05:35:44]   [t6295 v1/4] fail (pred=n01629819) CTA=0.4967
[2026-08-27 06:14:30]   [t6295 v2/4] fail (pred=n01629819) CTA=0.4936
[2026-08-27 06:53:20]   [t6295 v3/4] fail (pred=n01629819) CTA=0.4933
