stage: optional directory absent: /home/mmoslem3/scratch/PoisonBase/ours_result/CIFAR10_ConvNetBN_gradmatch_random_dog-bird_b0.002_eps8_seed42_K20_ce5_tgt70
job: 867652 xfer_gm_b0002_rand on rack11-15
config: A=V=ConvNetBN S=shared K=20 attack=gradmatch selection=RAND budget=0.002 targets=6 victims=6
pairing: A=V=ConvNetBN, S=shared, K=20, 6 targets x 6 victims
gpu: NVIDIA L40S
[2026-09-10 16:17:56] === run start: CIFAR10_ConvNetBN_gradmatch_random_dog-bird_b0.002_eps8_seed42_K20_ce5_tgt70 on cuda [0] ===
[2026-09-10 16:17:56] args: {"FORCE": false, "attack": "gradmatch", "base": "random", "base_dist": "l2", "base_topr": null, "budget": 0.002, "cache_dir": "/tmp/PoisonBase/cache", "class_pair": "dog-bird", "clean_baseline": true, "craft_alpha": 0.0039216, "craft_aug": true, "craft_batch": 256, "craft_ensemble": 5, "craft_lowmem": false, "craft_schedule": false, "craft_steps": 750, "data_path": "/tmp/PoisonBase/data", "dataset": "CIFAR10", "distance_margin_coef": null, "dsa_strategy": "color_crop_cutout_flip_scale_rotate", "epsilon": 0.0313725, "fast_gradmatch": false, "fc_mode": "sample", "fc_restarts": 1, "gpus": "all", "jacobian_batch_size": 64, "jacobian_weight": 1.0, "lambda_margin": 1.0, "model": "ConvNetBN", "no_resume": false, "num_poisons": 500, "num_surrogates": 20, "num_targets": 6, "num_victims": 6, "out_dir": "/tmp/PoisonBase/ours_result", "pair_order": "poison-target", "parallel_pretrain": true, "parallel_targets": true, "precompute_id": null, "precompute_only": false, "precompute_part": "both", "rank_on_victims": true, "recompute_deltas": false, "require_correct_target": false, "restarts": 8, "seed": 42, "sel_K": 20, "sel_alpha": 1.0, "sel_criterion": null, "sel_dpp": false, "sel_filter": false, "sel_mmr": false, "sel_mode": null, "sel_model": null, "sel_mu": 1.0, "sel_pca": false, "sel_pool": 3.0, "sharp_mode": "worst", "sharp_samples": 20, "sharp_sigma": 0.05, "steal_timeout": 7200.0, "surrogate_aug": false, "surrogate_bs": 128, "surrogate_decay": [35, 45], "surrogate_epochs": 60, "surrogate_lr": 0.1, "surrogate_wd": 0.0, "target_idx_file": "/tmp/PoisonBase/target_sets/ConvNetBN_gradmatch_dog-bird.json", "target_select": 70, "use_jacobian_score": false, "victim_aug": false, "victim_bs": 125, "victim_decay": [40], "victim_epochs": 50, "victim_lr": 0.1, "victim_wd": 0.0}
[2026-09-10 16:17:56] Jacobian score: disabled
[2026-09-10 16:17:56] N_total=50000 budget=0.002 -> N_p=100 poisons, y_adv=5(dog) target_class=2(bird)
[2026-09-10 16:17:56] === surrogates (20 x ConvNetBN, trained on the full real set) ===
[2026-09-10 16:17:56]   crafting on 5/20 surrogates
[2026-09-10 16:17:56] === clean victims (6 x ConvNetBN) ===
[2026-09-10 16:17:57]   clean baseline CTA = 0.8127 +/- 0.0074
[2026-09-10 16:17:57]   target pool 1000 -> eligible 963 (37 already predicted as y_adv or dropped)
[2026-09-10 16:17:57]   chosen 6 targets (file), p_adv range 0.0000..0.0000
[2026-09-10 16:17:57]   targets: [843, 1257, 8252, 8730, 8055, 5859]
[2026-09-10 16:17:57] === target 843 (1/6) ===
[2026-09-10 16:21:52]   target 843: crafted 100 poisons in 235 s, obj=0.37095
[2026-09-10 16:21:52]   target 843: realized linf = 0.03137 (8.00/255), budget = 8.00/255
[2026-09-10 16:22:44]   [t843 v1/6] fail (pred=bird) CTA=0.8027
[2026-09-10 16:23:34]   [t843 v2/6] fail (pred=bird) CTA=0.8046
[2026-09-10 16:24:24]   [t843 v3/6] fail (pred=bird) CTA=0.8062
[2026-09-10 16:25:14]   [t843 v4/6] fail (pred=bird) CTA=0.8120
[2026-09-10 16:26:04]   [t843 v5/6] fail (pred=bird) CTA=0.8001
[2026-09-10 16:26:54]   [t843 v6/6] fail (pred=bird) CTA=0.7796
[2026-09-10 16:26:54]   target 843, 6 victims on this gpu: ASR=0.0% CTA=0.8009 +/- 0.0102
[2026-09-10 16:26:54] === target 1257 (2/6) ===
[2026-09-10 16:30:48]   target 1257: crafted 100 poisons in 234 s, obj=0.29903
[2026-09-10 16:30:48]   target 1257: realized linf = 0.03137 (8.00/255), budget = 8.00/255
[2026-09-10 16:31:40]   [t1257 v1/6] fail (pred=bird) CTA=0.8005
[2026-09-10 16:32:29]   [t1257 v2/6] fail (pred=bird) CTA=0.8032
[2026-09-10 16:33:19]   [t1257 v3/6] fail (pred=bird) CTA=0.8075
[2026-09-10 16:34:09]   [t1257 v4/6] fail (pred=bird) CTA=0.8017
[2026-09-10 16:34:59]   [t1257 v5/6] fail (pred=bird) CTA=0.8047
[2026-09-10 16:35:48]   [t1257 v6/6] fail (pred=bird) CTA=0.7987
[2026-09-10 16:35:48]   target 1257, 6 victims on this gpu: ASR=0.0% CTA=0.8027 +/- 0.0029
[2026-09-10 16:35:48] === target 8252 (3/6) ===
[2026-09-10 16:39:42]   target 8252: crafted 100 poisons in 233 s, obj=0.30386
[2026-09-10 16:39:42]   target 8252: realized linf = 0.03137 (8.00/255), budget = 8.00/255
[2026-09-10 16:40:34]   [t8252 v1/6] fail (pred=bird) CTA=0.7996
[2026-09-10 16:41:24]   [t8252 v2/6] fail (pred=bird) CTA=0.8161
[2026-09-10 16:42:13]   [t8252 v3/6] fail (pred=bird) CTA=0.7999
[2026-09-10 16:43:03]   [t8252 v4/6] fail (pred=cat) CTA=0.7937
[2026-09-10 16:43:53]   [t8252 v5/6] fail (pred=bird) CTA=0.7968
[2026-09-10 16:44:43]   [t8252 v6/6] fail (pred=bird) CTA=0.8108
[2026-09-10 16:44:43]   target 8252, 6 victims on this gpu: ASR=0.0% CTA=0.8028 +/- 0.0079
[2026-09-10 16:44:43] === target 8730 (4/6) ===
[2026-09-10 16:48:36]   target 8730: crafted 100 poisons in 233 s, obj=0.28993
[2026-09-10 16:48:36]   target 8730: realized linf = 0.03137 (8.00/255), budget = 8.00/255
[2026-09-10 16:49:28]   [t8730 v1/6] fail (pred=bird) CTA=0.8076
[2026-09-10 16:50:18]   [t8730 v2/6] fail (pred=bird) CTA=0.8138
[2026-09-10 16:51:07]   [t8730 v3/6] fail (pred=bird) CTA=0.8202
[2026-09-10 16:51:57]   [t8730 v4/6] fail (pred=bird) CTA=0.8059
[2026-09-10 16:52:47]   [t8730 v5/6] fail (pred=bird) CTA=0.8031
[2026-09-10 16:53:36]   [t8730 v6/6] fail (pred=bird) CTA=0.8042
[2026-09-10 16:53:37]   target 8730, 6 victims on this gpu: ASR=0.0% CTA=0.8091 +/- 0.0060
[2026-09-10 16:53:37] === target 8055 (5/6) ===
[2026-09-10 16:57:31]   target 8055: crafted 100 poisons in 234 s, obj=0.37355
[2026-09-10 16:57:31]   target 8055: realized linf = 0.03137 (8.00/255), budget = 8.00/255
[2026-09-10 16:58:23]   [t8055 v1/6] fail (pred=bird) CTA=0.8070
[2026-09-10 16:59:12]   [t8055 v2/6] fail (pred=bird) CTA=0.8020
[2026-09-10 17:00:02]   [t8055 v3/6] fail (pred=bird) CTA=0.8152
[2026-09-10 17:00:52]   [t8055 v4/6] fail (pred=bird) CTA=0.8003
[2026-09-10 17:01:41]   [t8055 v5/6] fail (pred=bird) CTA=0.8161
[2026-09-10 17:02:31]   [t8055 v6/6] fail (pred=bird) CTA=0.8026
[2026-09-10 17:02:31]   target 8055, 6 victims on this gpu: ASR=0.0% CTA=0.8072 +/- 0.0063
[2026-09-10 17:02:31] === target 5859 (6/6) ===
[2026-09-10 17:06:25]   target 5859: crafted 100 poisons in 234 s, obj=0.30871
[2026-09-10 17:06:25]   target 5859: realized linf = 0.03137 (8.00/255), budget = 8.00/255
[2026-09-10 17:07:16]   [t5859 v1/6] fail (pred=bird) CTA=0.8018
[2026-09-10 17:08:06]   [t5859 v2/6] fail (pred=bird) CTA=0.8082
[2026-09-10 17:08:56]   [t5859 v3/6] fail (pred=bird) CTA=0.8033
[2026-09-10 17:09:46]   [t5859 v4/6] fail (pred=bird) CTA=0.8017
[2026-09-10 17:10:36]   [t5859 v5/6] fail (pred=bird) CTA=0.8048
[2026-09-10 17:11:25]   [t5859 v6/6] fail (pred=bird) CTA=0.7932
[2026-09-10 17:11:25]   target 5859, 6 victims on this gpu: ASR=0.0% CTA=0.8022 +/- 0.0046
[2026-09-10 17:11:25] ==== CIFAR10_ConvNetBN_gradmatch_random_dog-bird_b0.002_eps8_seed42_K20_ce5_tgt70 : ASR = 0.0% +/- 0.0% | CTA = 0.8042 (baseline 0.8127) ====
[2026-09-10 17:11:25]   target-prediction tally ['airplane', 'automobile', 'bird', 'cat', 'deer', 'dog', 'frog', 'horse', 'ship', 'truck']: [0, 0, 35, 1, 0, 0, 0, 0, 0, 0]
sync: paired architecture-transfer output -> /home/mmoslem3/scratch/PoisonBase
sync: complete
