stage: optional directory absent: /home/mmoslem3/scratch/PoisonBase/ours_result/CIFAR10_ConvNetBN_gradmatch_ours_dog-bird_b0.002_eps8_seed42_lam1_cosine_selarchVGG13BN_K20_ce5_tgt70
job: 867651 xfer_gm_b0002_basis_svgg on rack08-03
config: A=V=ConvNetBN S=VGG13BN K=20 attack=gradmatch selection=BASIS budget=0.002 targets=6 victims=6
pairing: A=V=ConvNetBN, S=VGG13BN, K=20, 6 targets x 6 victims
gpu: NVIDIA L40S
[2026-09-10 16:17:29] === run start: CIFAR10_ConvNetBN_gradmatch_ours_dog-bird_b0.002_eps8_seed42_lam1_cosine_selarchVGG13BN_K20_ce5_tgt70 on cuda [0] ===
[2026-09-10 16:17:29] args: {"FORCE": false, "attack": "gradmatch", "base": "ours", "base_dist": "cosine", "base_topr": null, "budget": 0.002, "cache_dir": "/tmp/PoisonBase/cache", "class_pair": "dog-bird", "clean_baseline": true, "craft_alpha": 0.0039216, "craft_aug": true, "craft_batch": 256, "craft_ensemble": 5, "craft_lowmem": false, "craft_schedule": false, "craft_steps": 750, "data_path": "/tmp/PoisonBase/data", "dataset": "CIFAR10", "distance_margin_coef": null, "dsa_strategy": "color_crop_cutout_flip_scale_rotate", "epsilon": 0.0313725, "fast_gradmatch": false, "fc_mode": "sample", "fc_restarts": 1, "gpus": "all", "jacobian_batch_size": 64, "jacobian_weight": 1.0, "lambda_margin": 1.0, "model": "ConvNetBN", "no_resume": false, "num_poisons": 500, "num_surrogates": 20, "num_targets": 6, "num_victims": 6, "out_dir": "/tmp/PoisonBase/ours_result", "pair_order": "poison-target", "parallel_pretrain": true, "parallel_targets": true, "precompute_id": null, "precompute_only": false, "precompute_part": "both", "rank_on_victims": true, "recompute_deltas": false, "require_correct_target": false, "restarts": 8, "seed": 42, "sel_K": 20, "sel_alpha": 1.0, "sel_criterion": null, "sel_dpp": false, "sel_filter": false, "sel_mmr": false, "sel_mode": null, "sel_model": "VGG13BN", "sel_mu": 1.0, "sel_pca": false, "sel_pool": 3.0, "sharp_mode": "worst", "sharp_samples": 20, "sharp_sigma": 0.05, "steal_timeout": 7200.0, "surrogate_aug": false, "surrogate_bs": 128, "surrogate_decay": [35, 45], "surrogate_epochs": 60, "surrogate_lr": 0.1, "surrogate_wd": 0.0, "target_idx_file": "/tmp/PoisonBase/target_sets/ConvNetBN_gradmatch_dog-bird.json", "target_select": 70, "use_jacobian_score": false, "victim_aug": false, "victim_bs": 125, "victim_decay": [40], "victim_epochs": 50, "victim_lr": 0.1, "victim_wd": 0.0}
[2026-09-10 16:17:29] Jacobian score: disabled
[2026-09-10 16:17:29] N_total=50000 budget=0.002 -> N_p=100 poisons, y_adv=5(dog) target_class=2(bird)
[2026-09-10 16:17:29] === surrogates (20 x ConvNetBN, trained on the full real set) ===
[2026-09-10 16:17:29]   crafting on 5/20 surrogates
[2026-09-10 16:17:29] === selection surrogates (20 x VGG13BN, cross-architecture) ===
[2026-09-10 16:17:30] === clean victims (6 x ConvNetBN) ===
[2026-09-10 16:17:31]   clean baseline CTA = 0.8127 +/- 0.0074
[2026-09-10 16:17:31]   target pool 1000 -> eligible 963 (37 already predicted as y_adv or dropped)
[2026-09-10 16:17:31]   chosen 6 targets (file), p_adv range 0.0000..0.0000
[2026-09-10 16:17:31]   targets: [843, 1257, 8252, 8730, 8055, 5859]
[2026-09-10 16:17:31] === target 843 (1/6) ===
[2026-09-10 16:21:28]   target 843: crafted 100 poisons in 234 s, obj=0.33519
[2026-09-10 16:21:28]   target 843: realized linf = 0.03137 (8.00/255), budget = 8.00/255
[2026-09-10 16:22:20]   [t843 v1/6] fail (pred=bird) CTA=0.8108
[2026-09-10 16:23:11]   [t843 v2/6] fail (pred=bird) CTA=0.8056
[2026-09-10 16:24:03]   [t843 v3/6] SUCCESS (pred=dog) CTA=0.8033
[2026-09-10 16:24:54]   [t843 v4/6] fail (pred=bird) CTA=0.8086
[2026-09-10 16:25:45]   [t843 v5/6] fail (pred=bird) CTA=0.8016
[2026-09-10 16:26:37]   [t843 v6/6] fail (pred=bird) CTA=0.7890
[2026-09-10 16:26:37]   target 843, 6 victims on this gpu: ASR=16.7% CTA=0.8031 +/- 0.0070
[2026-09-10 16:26:37] === target 1257 (2/6) ===
[2026-09-10 16:30:35]   target 1257: crafted 100 poisons in 235 s, obj=0.29261
[2026-09-10 16:30:35]   target 1257: realized linf = 0.03137 (8.00/255), budget = 8.00/255
[2026-09-10 16:31:27]   [t1257 v1/6] SUCCESS (pred=dog) CTA=0.8002
[2026-09-10 16:32:18]   [t1257 v2/6] fail (pred=bird) CTA=0.8106
[2026-09-10 16:33:10]   [t1257 v3/6] fail (pred=bird) CTA=0.8071
[2026-09-10 16:34:01]   [t1257 v4/6] fail (pred=bird) CTA=0.7996
[2026-09-10 16:34:53]   [t1257 v5/6] fail (pred=bird) CTA=0.7959
[2026-09-10 16:35:44]   [t1257 v6/6] fail (pred=bird) CTA=0.7950
[2026-09-10 16:35:44]   target 1257, 6 victims on this gpu: ASR=16.7% CTA=0.8014 +/- 0.0057
[2026-09-10 16:35:44] === target 8252 (3/6) ===
[2026-09-10 16:39:42]   target 8252: crafted 100 poisons in 235 s, obj=0.25097
[2026-09-10 16:39:42]   target 8252: realized linf = 0.03137 (8.00/255), budget = 8.00/255
[2026-09-10 16:40:34]   [t8252 v1/6] SUCCESS (pred=dog) CTA=0.8027
[2026-09-10 16:41:25]   [t8252 v2/6] SUCCESS (pred=dog) CTA=0.8118
[2026-09-10 16:42:17]   [t8252 v3/6] SUCCESS (pred=dog) CTA=0.8071
[2026-09-10 16:43:08]   [t8252 v4/6] SUCCESS (pred=dog) CTA=0.7952
[2026-09-10 16:44:00]   [t8252 v5/6] SUCCESS (pred=dog) CTA=0.7931
[2026-09-10 16:44:51]   [t8252 v6/6] fail (pred=bird) CTA=0.8112
[2026-09-10 16:44:51]   target 8252, 6 victims on this gpu: ASR=83.3% CTA=0.8035 +/- 0.0073
[2026-09-10 16:44:51] === target 8730 (4/6) ===
[2026-09-10 16:48:48]   target 8730: crafted 100 poisons in 234 s, obj=0.26673
[2026-09-10 16:48:48]   target 8730: realized linf = 0.03137 (8.00/255), budget = 8.00/255
[2026-09-10 16:49:40]   [t8730 v1/6] fail (pred=bird) CTA=0.8105
[2026-09-10 16:50:32]   [t8730 v2/6] fail (pred=bird) CTA=0.8151
[2026-09-10 16:51:24]   [t8730 v3/6] fail (pred=bird) CTA=0.8132
[2026-09-10 16:52:15]   [t8730 v4/6] fail (pred=bird) CTA=0.8011
[2026-09-10 16:53:07]   [t8730 v5/6] fail (pred=bird) CTA=0.7984
[2026-09-10 16:53:58]   [t8730 v6/6] fail (pred=bird) CTA=0.8125
[2026-09-10 16:53:58]   target 8730, 6 victims on this gpu: ASR=0.0% CTA=0.8085 +/- 0.0064
[2026-09-10 16:53:58] === target 8055 (5/6) ===
[2026-09-10 16:57:55]   target 8055: crafted 100 poisons in 234 s, obj=0.36332
[2026-09-10 16:57:55]   target 8055: realized linf = 0.03137 (8.00/255), budget = 8.00/255
[2026-09-10 16:58:47]   [t8055 v1/6] fail (pred=bird) CTA=0.8092
[2026-09-10 16:59:39]   [t8055 v2/6] fail (pred=bird) CTA=0.8032
[2026-09-10 17:00:31]   [t8055 v3/6] fail (pred=bird) CTA=0.8155
[2026-09-10 17:01:22]   [t8055 v4/6] fail (pred=bird) CTA=0.7934
[2026-09-10 17:02:14]   [t8055 v5/6] fail (pred=bird) CTA=0.8111
[2026-09-10 17:03:05]   [t8055 v6/6] fail (pred=bird) CTA=0.7987
[2026-09-10 17:03:05]   target 8055, 6 victims on this gpu: ASR=0.0% CTA=0.8052 +/- 0.0076
[2026-09-10 17:03:05] === target 5859 (6/6) ===
[2026-09-10 17:07:02]   target 5859: crafted 100 poisons in 234 s, obj=0.28946
[2026-09-10 17:07:02]   target 5859: realized linf = 0.03137 (8.00/255), budget = 8.00/255
[2026-09-10 17:07:54]   [t5859 v1/6] fail (pred=bird) CTA=0.7983
[2026-09-10 17:08:46]   [t5859 v2/6] SUCCESS (pred=dog) CTA=0.8070
[2026-09-10 17:09:38]   [t5859 v3/6] fail (pred=bird) CTA=0.8062
[2026-09-10 17:10:29]   [t5859 v4/6] fail (pred=bird) CTA=0.7969
[2026-09-10 17:11:21]   [t5859 v5/6] fail (pred=bird) CTA=0.8070
[2026-09-10 17:12:12]   [t5859 v6/6] fail (pred=bird) CTA=0.8034
[2026-09-10 17:12:12]   target 5859, 6 victims on this gpu: ASR=16.7% CTA=0.8031 +/- 0.0041
[2026-09-10 17:12:12] ==== CIFAR10_ConvNetBN_gradmatch_ours_dog-bird_b0.002_eps8_seed42_lam1_cosine_selarchVGG13BN_K20_ce5_tgt70 : ASR = 22.2% +/- 28.3% | CTA = 0.8041 (baseline 0.8127) ====
[2026-09-10 17:12:12]   target-prediction tally ['airplane', 'automobile', 'bird', 'cat', 'deer', 'dog', 'frog', 'horse', 'ship', 'truck']: [0, 0, 28, 0, 0, 8, 0, 0, 0, 0]
sync: paired architecture-transfer output -> /home/mmoslem3/scratch/PoisonBase
sync: complete
