stage: optional directory absent: /home/mmoslem3/scratch/PoisonBase/ours_result/CIFAR10_ConvNetBN_gradmatch_random_dog-bird_b0.001_eps8_seed42_K20_ce5_tgt70
job: 867648 xfer_gm_b0001_rand on rack09-13
config: A=V=ConvNetBN S=shared K=20 attack=gradmatch selection=RAND budget=0.001 targets=6 victims=6
pairing: A=V=ConvNetBN, S=shared, K=20, 6 targets x 6 victims
gpu: NVIDIA L40S
[2026-09-10 16:16:53] === run start: CIFAR10_ConvNetBN_gradmatch_random_dog-bird_b0.001_eps8_seed42_K20_ce5_tgt70 on cuda [0] ===
[2026-09-10 16:16:53] args: {"FORCE": false, "attack": "gradmatch", "base": "random", "base_dist": "l2", "base_topr": null, "budget": 0.001, "cache_dir": "/tmp/PoisonBase/cache", "class_pair": "dog-bird", "clean_baseline": true, "craft_alpha": 0.0039216, "craft_aug": true, "craft_batch": 256, "craft_ensemble": 5, "craft_lowmem": false, "craft_schedule": false, "craft_steps": 750, "data_path": "/tmp/PoisonBase/data", "dataset": "CIFAR10", "distance_margin_coef": null, "dsa_strategy": "color_crop_cutout_flip_scale_rotate", "epsilon": 0.0313725, "fast_gradmatch": false, "fc_mode": "sample", "fc_restarts": 1, "gpus": "all", "jacobian_batch_size": 64, "jacobian_weight": 1.0, "lambda_margin": 1.0, "model": "ConvNetBN", "no_resume": false, "num_poisons": 500, "num_surrogates": 20, "num_targets": 6, "num_victims": 6, "out_dir": "/tmp/PoisonBase/ours_result", "pair_order": "poison-target", "parallel_pretrain": true, "parallel_targets": true, "precompute_id": null, "precompute_only": false, "precompute_part": "both", "rank_on_victims": true, "recompute_deltas": false, "require_correct_target": false, "restarts": 8, "seed": 42, "sel_K": 20, "sel_alpha": 1.0, "sel_criterion": null, "sel_dpp": false, "sel_filter": false, "sel_mmr": false, "sel_mode": null, "sel_model": null, "sel_mu": 1.0, "sel_pca": false, "sel_pool": 3.0, "sharp_mode": "worst", "sharp_samples": 20, "sharp_sigma": 0.05, "steal_timeout": 7200.0, "surrogate_aug": false, "surrogate_bs": 128, "surrogate_decay": [35, 45], "surrogate_epochs": 60, "surrogate_lr": 0.1, "surrogate_wd": 0.0, "target_idx_file": "/tmp/PoisonBase/target_sets/ConvNetBN_gradmatch_dog-bird.json", "target_select": 70, "use_jacobian_score": false, "victim_aug": false, "victim_bs": 125, "victim_decay": [40], "victim_epochs": 50, "victim_lr": 0.1, "victim_wd": 0.0}
[2026-09-10 16:16:53] Jacobian score: disabled
[2026-09-10 16:16:53] N_total=50000 budget=0.001 -> N_p=50 poisons, y_adv=5(dog) target_class=2(bird)
[2026-09-10 16:16:53] === surrogates (20 x ConvNetBN, trained on the full real set) ===
[2026-09-10 16:16:53]   crafting on 5/20 surrogates
[2026-09-10 16:16:53] === clean victims (6 x ConvNetBN) ===
[2026-09-10 16:16:54]   clean baseline CTA = 0.8127 +/- 0.0074
[2026-09-10 16:16:54]   target pool 1000 -> eligible 963 (37 already predicted as y_adv or dropped)
[2026-09-10 16:16:54]   chosen 6 targets (file), p_adv range 0.0000..0.0000
[2026-09-10 16:16:54]   targets: [843, 1257, 8252, 8730, 8055, 5859]
[2026-09-10 16:16:54] === target 843 (1/6) ===
[2026-09-10 16:18:56]   target 843: crafted 50 poisons in 122 s, obj=0.39931
[2026-09-10 16:18:56]   target 843: realized linf = 0.03137 (8.00/255), budget = 8.00/255
[2026-09-10 16:19:46]   [t843 v1/6] fail (pred=bird) CTA=0.8081
[2026-09-10 16:20:36]   [t843 v2/6] fail (pred=bird) CTA=0.8044
[2026-09-10 16:21:25]   [t843 v3/6] SUCCESS (pred=dog) CTA=0.8110
[2026-09-10 16:22:15]   [t843 v4/6] fail (pred=bird) CTA=0.8077
[2026-09-10 16:23:05]   [t843 v5/6] fail (pred=bird) CTA=0.8041
[2026-09-10 16:23:54]   [t843 v6/6] fail (pred=bird) CTA=0.7893
[2026-09-10 16:23:54]   target 843, 6 victims on this gpu: ASR=16.7% CTA=0.8041 +/- 0.0070
[2026-09-10 16:23:54] === target 1257 (2/6) ===
[2026-09-10 16:25:57]   target 1257: crafted 50 poisons in 122 s, obj=0.31707
[2026-09-10 16:25:57]   target 1257: realized linf = 0.03137 (8.00/255), budget = 8.00/255
[2026-09-10 16:26:47]   [t1257 v1/6] fail (pred=bird) CTA=0.8004
[2026-09-10 16:27:37]   [t1257 v2/6] fail (pred=bird) CTA=0.8080
[2026-09-10 16:28:27]   [t1257 v3/6] fail (pred=bird) CTA=0.8158
[2026-09-10 16:29:17]   [t1257 v4/6] fail (pred=bird) CTA=0.7959
[2026-09-10 16:30:06]   [t1257 v5/6] fail (pred=bird) CTA=0.8011
[2026-09-10 16:30:56]   [t1257 v6/6] fail (pred=bird) CTA=0.7978
[2026-09-10 16:30:56]   target 1257, 6 victims on this gpu: ASR=0.0% CTA=0.8032 +/- 0.0068
[2026-09-10 16:30:56] === target 8252 (3/6) ===
[2026-09-10 16:32:59]   target 8252: crafted 50 poisons in 123 s, obj=0.32835
[2026-09-10 16:32:59]   target 8252: realized linf = 0.03137 (8.00/255), budget = 8.00/255
[2026-09-10 16:33:49]   [t8252 v1/6] fail (pred=cat) CTA=0.8015
[2026-09-10 16:34:39]   [t8252 v2/6] fail (pred=bird) CTA=0.8170
[2026-09-10 16:35:29]   [t8252 v3/6] fail (pred=cat) CTA=0.8022
[2026-09-10 16:36:19]   [t8252 v4/6] fail (pred=bird) CTA=0.7964
[2026-09-10 16:37:08]   [t8252 v5/6] fail (pred=cat) CTA=0.7962
[2026-09-10 16:37:58]   [t8252 v6/6] fail (pred=horse) CTA=0.8058
[2026-09-10 16:37:58]   target 8252, 6 victims on this gpu: ASR=0.0% CTA=0.8032 +/- 0.0070
[2026-09-10 16:37:58] === target 8730 (4/6) ===
[2026-09-10 16:40:01]   target 8730: crafted 50 poisons in 123 s, obj=0.31670
[2026-09-10 16:40:01]   target 8730: realized linf = 0.03137 (8.00/255), budget = 8.00/255
[2026-09-10 16:40:51]   [t8730 v1/6] fail (pred=cat) CTA=0.8102
[2026-09-10 16:41:41]   [t8730 v2/6] fail (pred=bird) CTA=0.8118
[2026-09-10 16:42:31]   [t8730 v3/6] fail (pred=bird) CTA=0.8148
[2026-09-10 16:43:21]   [t8730 v4/6] fail (pred=bird) CTA=0.8005
[2026-09-10 16:44:10]   [t8730 v5/6] fail (pred=bird) CTA=0.8049
[2026-09-10 16:45:00]   [t8730 v6/6] fail (pred=bird) CTA=0.8084
[2026-09-10 16:45:00]   target 8730, 6 victims on this gpu: ASR=0.0% CTA=0.8084 +/- 0.0047
[2026-09-10 16:45:00] === target 8055 (5/6) ===
[2026-09-10 16:47:03]   target 8055: crafted 50 poisons in 123 s, obj=0.39794
[2026-09-10 16:47:03]   target 8055: realized linf = 0.03137 (8.00/255), budget = 8.00/255
[2026-09-10 16:47:53]   [t8055 v1/6] fail (pred=bird) CTA=0.8091
[2026-09-10 16:48:43]   [t8055 v2/6] fail (pred=bird) CTA=0.8038
[2026-09-10 16:49:33]   [t8055 v3/6] fail (pred=bird) CTA=0.8082
[2026-09-10 16:50:22]   [t8055 v4/6] fail (pred=bird) CTA=0.7950
[2026-09-10 16:51:12]   [t8055 v5/6] fail (pred=bird) CTA=0.8127
[2026-09-10 16:52:02]   [t8055 v6/6] fail (pred=bird) CTA=0.7986
[2026-09-10 16:52:02]   target 8055, 6 victims on this gpu: ASR=0.0% CTA=0.8046 +/- 0.0062
[2026-09-10 16:52:02] === target 5859 (6/6) ===
[2026-09-10 16:54:04]   target 5859: crafted 50 poisons in 123 s, obj=0.34301
[2026-09-10 16:54:04]   target 5859: realized linf = 0.03137 (8.00/255), budget = 8.00/255
[2026-09-10 16:54:55]   [t5859 v1/6] fail (pred=bird) CTA=0.8055
[2026-09-10 16:55:45]   [t5859 v2/6] fail (pred=bird) CTA=0.8055
[2026-09-10 16:56:34]   [t5859 v3/6] fail (pred=bird) CTA=0.8056
[2026-09-10 16:57:24]   [t5859 v4/6] fail (pred=bird) CTA=0.7997
[2026-09-10 16:58:14]   [t5859 v5/6] fail (pred=bird) CTA=0.8068
[2026-09-10 16:59:04]   [t5859 v6/6] fail (pred=bird) CTA=0.8022
[2026-09-10 16:59:04]   target 5859, 6 victims on this gpu: ASR=0.0% CTA=0.8042 +/- 0.0025
[2026-09-10 16:59:04] ==== CIFAR10_ConvNetBN_gradmatch_random_dog-bird_b0.001_eps8_seed42_K20_ce5_tgt70 : ASR = 2.8% +/- 6.2% | CTA = 0.8046 (baseline 0.8127) ====
[2026-09-10 16:59:04]   target-prediction tally ['airplane', 'automobile', 'bird', 'cat', 'deer', 'dog', 'frog', 'horse', 'ship', 'truck']: [0, 0, 30, 4, 0, 1, 0, 1, 0, 0]
sync: paired architecture-transfer output -> /home/mmoslem3/scratch/PoisonBase
sync: complete
