stage: optional directory absent: /home/mmoslem3/scratch/PoisonBase/ours_result/CIFAR10_ConvNetBN_gradmatch_ours_dog-bird_b0.001_eps8_seed42_lam1_cosine_K20_ce5_tgt70
job: 867645 xfer_gm_b0001_basis_sconv on rack13-06
config: A=V=ConvNetBN S=ConvNetBN K=20 attack=gradmatch selection=BASIS budget=0.001 targets=6 victims=6
pairing: A=V=ConvNetBN, S=ConvNetBN, K=20, 6 targets x 6 victims
gpu: NVIDIA L40S
[2026-09-10 16:15:54] === run start: CIFAR10_ConvNetBN_gradmatch_ours_dog-bird_b0.001_eps8_seed42_lam1_cosine_K20_ce5_tgt70 on cuda [0] ===
[2026-09-10 16:15:54] args: {"FORCE": false, "attack": "gradmatch", "base": "ours", "base_dist": "cosine", "base_topr": null, "budget": 0.001, "cache_dir": "/tmp/PoisonBase/cache", "class_pair": "dog-bird", "clean_baseline": true, "craft_alpha": 0.0039216, "craft_aug": true, "craft_batch": 256, "craft_ensemble": 5, "craft_lowmem": false, "craft_schedule": false, "craft_steps": 750, "data_path": "/tmp/PoisonBase/data", "dataset": "CIFAR10", "distance_margin_coef": null, "dsa_strategy": "color_crop_cutout_flip_scale_rotate", "epsilon": 0.0313725, "fast_gradmatch": false, "fc_mode": "sample", "fc_restarts": 1, "gpus": "all", "jacobian_batch_size": 64, "jacobian_weight": 1.0, "lambda_margin": 1.0, "model": "ConvNetBN", "no_resume": false, "num_poisons": 500, "num_surrogates": 20, "num_targets": 6, "num_victims": 6, "out_dir": "/tmp/PoisonBase/ours_result", "pair_order": "poison-target", "parallel_pretrain": true, "parallel_targets": true, "precompute_id": null, "precompute_only": false, "precompute_part": "both", "rank_on_victims": true, "recompute_deltas": false, "require_correct_target": false, "restarts": 8, "seed": 42, "sel_K": 20, "sel_alpha": 1.0, "sel_criterion": null, "sel_dpp": false, "sel_filter": false, "sel_mmr": false, "sel_mode": null, "sel_model": "ConvNetBN", "sel_mu": 1.0, "sel_pca": false, "sel_pool": 3.0, "sharp_mode": "worst", "sharp_samples": 20, "sharp_sigma": 0.05, "steal_timeout": 7200.0, "surrogate_aug": false, "surrogate_bs": 128, "surrogate_decay": [35, 45], "surrogate_epochs": 60, "surrogate_lr": 0.1, "surrogate_wd": 0.0, "target_idx_file": "/tmp/PoisonBase/target_sets/ConvNetBN_gradmatch_dog-bird.json", "target_select": 70, "use_jacobian_score": false, "victim_aug": false, "victim_bs": 125, "victim_decay": [40], "victim_epochs": 50, "victim_lr": 0.1, "victim_wd": 0.0}
[2026-09-10 16:15:54] Jacobian score: disabled
[2026-09-10 16:15:54] N_total=50000 budget=0.001 -> N_p=50 poisons, y_adv=5(dog) target_class=2(bird)
[2026-09-10 16:15:54] === surrogates (20 x ConvNetBN, trained on the full real set) ===
[2026-09-10 16:15:54]   crafting on 5/20 surrogates
[2026-09-10 16:15:54] === clean victims (6 x ConvNetBN) ===
[2026-09-10 16:15:55]   clean baseline CTA = 0.8127 +/- 0.0074
[2026-09-10 16:15:55]   target pool 1000 -> eligible 963 (37 already predicted as y_adv or dropped)
[2026-09-10 16:15:55]   chosen 6 targets (file), p_adv range 0.0000..0.0000
[2026-09-10 16:15:55]   targets: [843, 1257, 8252, 8730, 8055, 5859]
[2026-09-10 16:15:55] === target 843 (1/6) ===
[2026-09-10 16:18:00]   target 843: crafted 50 poisons in 123 s, obj=0.28699
[2026-09-10 16:18:00]   target 843: realized linf = 0.03137 (8.00/255), budget = 8.00/255
[2026-09-10 16:18:50]   [t843 v1/6] fail (pred=bird) CTA=0.8092
[2026-09-10 16:19:40]   [t843 v2/6] fail (pred=bird) CTA=0.8029
[2026-09-10 16:20:29]   [t843 v3/6] fail (pred=bird) CTA=0.8146
[2026-09-10 16:21:19]   [t843 v4/6] fail (pred=bird) CTA=0.8103
[2026-09-10 16:22:09]   [t843 v5/6] fail (pred=bird) CTA=0.8025
[2026-09-10 16:22:59]   [t843 v6/6] fail (pred=bird) CTA=0.7849
[2026-09-10 16:22:59]   target 843, 6 victims on this gpu: ASR=0.0% CTA=0.8041 +/- 0.0096
[2026-09-10 16:22:59] === target 1257 (2/6) ===
[2026-09-10 16:25:03]   target 1257: crafted 50 poisons in 123 s, obj=0.23802
[2026-09-10 16:25:03]   target 1257: realized linf = 0.03137 (8.00/255), budget = 8.00/255
[2026-09-10 16:25:54]   [t1257 v1/6] SUCCESS (pred=dog) CTA=0.8024
[2026-09-10 16:26:44]   [t1257 v2/6] fail (pred=bird) CTA=0.8111
[2026-09-10 16:27:34]   [t1257 v3/6] fail (pred=bird) CTA=0.8100
[2026-09-10 16:28:23]   [t1257 v4/6] SUCCESS (pred=dog) CTA=0.8076
[2026-09-10 16:29:13]   [t1257 v5/6] fail (pred=bird) CTA=0.8059
[2026-09-10 16:30:03]   [t1257 v6/6] fail (pred=bird) CTA=0.8033
[2026-09-10 16:30:03]   target 1257, 6 victims on this gpu: ASR=33.3% CTA=0.8067 +/- 0.0032
[2026-09-10 16:30:03] === target 8252 (3/6) ===
[2026-09-10 16:32:08]   target 8252: crafted 50 poisons in 123 s, obj=0.23749
[2026-09-10 16:32:08]   target 8252: realized linf = 0.03137 (8.00/255), budget = 8.00/255
[2026-09-10 16:32:59]   [t8252 v1/6] fail (pred=horse) CTA=0.7957
[2026-09-10 16:33:49]   [t8252 v2/6] SUCCESS (pred=dog) CTA=0.8118
[2026-09-10 16:34:38]   [t8252 v3/6] fail (pred=cat) CTA=0.7976
[2026-09-10 16:35:28]   [t8252 v4/6] fail (pred=horse) CTA=0.7977
[2026-09-10 16:36:18]   [t8252 v5/6] fail (pred=bird) CTA=0.7943
[2026-09-10 16:37:08]   [t8252 v6/6] fail (pred=bird) CTA=0.8110
[2026-09-10 16:37:08]   target 8252, 6 victims on this gpu: ASR=16.7% CTA=0.8013 +/- 0.0072
[2026-09-10 16:37:08] === target 8730 (4/6) ===
[2026-09-10 16:39:12]   target 8730: crafted 50 poisons in 123 s, obj=0.23473
[2026-09-10 16:39:12]   target 8730: realized linf = 0.03137 (8.00/255), budget = 8.00/255
[2026-09-10 16:40:03]   [t8730 v1/6] fail (pred=bird) CTA=0.8080
[2026-09-10 16:40:53]   [t8730 v2/6] fail (pred=bird) CTA=0.8111
[2026-09-10 16:41:43]   [t8730 v3/6] fail (pred=bird) CTA=0.8181
[2026-09-10 16:42:33]   [t8730 v4/6] fail (pred=bird) CTA=0.8020
[2026-09-10 16:43:22]   [t8730 v5/6] fail (pred=bird) CTA=0.7970
[2026-09-10 16:44:12]   [t8730 v6/6] fail (pred=bird) CTA=0.8133
[2026-09-10 16:44:12]   target 8730, 6 victims on this gpu: ASR=0.0% CTA=0.8083 +/- 0.0070
[2026-09-10 16:44:12] === target 8055 (5/6) ===
[2026-09-10 16:46:17]   target 8055: crafted 50 poisons in 123 s, obj=0.26781
[2026-09-10 16:46:17]   target 8055: realized linf = 0.03137 (8.00/255), budget = 8.00/255
[2026-09-10 16:47:08]   [t8055 v1/6] fail (pred=bird) CTA=0.8083
[2026-09-10 16:47:58]   [t8055 v2/6] fail (pred=frog) CTA=0.8022
[2026-09-10 16:48:47]   [t8055 v3/6] fail (pred=bird) CTA=0.8142
[2026-09-10 16:49:37]   [t8055 v4/6] fail (pred=bird) CTA=0.7953
[2026-09-10 16:50:27]   [t8055 v5/6] fail (pred=bird) CTA=0.8114
[2026-09-10 16:51:17]   [t8055 v6/6] fail (pred=bird) CTA=0.8021
[2026-09-10 16:51:17]   target 8055, 6 victims on this gpu: ASR=0.0% CTA=0.8056 +/- 0.0064
[2026-09-10 16:51:17] === target 5859 (6/6) ===
[2026-09-10 16:53:22]   target 5859: crafted 50 poisons in 123 s, obj=0.25356
[2026-09-10 16:53:22]   target 5859: realized linf = 0.03137 (8.00/255), budget = 8.00/255
[2026-09-10 16:54:12]   [t5859 v1/6] fail (pred=horse) CTA=0.7983
[2026-09-10 16:55:02]   [t5859 v2/6] fail (pred=bird) CTA=0.7999
[2026-09-10 16:55:52]   [t5859 v3/6] fail (pred=bird) CTA=0.8036
[2026-09-10 16:56:42]   [t5859 v4/6] fail (pred=bird) CTA=0.7997
[2026-09-10 16:57:31]   [t5859 v5/6] fail (pred=bird) CTA=0.8030
[2026-09-10 16:58:21]   [t5859 v6/6] fail (pred=bird) CTA=0.7972
[2026-09-10 16:58:21]   target 5859, 6 victims on this gpu: ASR=0.0% CTA=0.8003 +/- 0.0023
[2026-09-10 16:58:21] ==== CIFAR10_ConvNetBN_gradmatch_ours_dog-bird_b0.001_eps8_seed42_lam1_cosine_K20_ce5_tgt70 : ASR = 8.3% +/- 12.7% | CTA = 0.8044 (baseline 0.8127) ====
[2026-09-10 16:58:21]   target-prediction tally ['airplane', 'automobile', 'bird', 'cat', 'deer', 'dog', 'frog', 'horse', 'ship', 'truck']: [0, 0, 28, 1, 0, 3, 1, 3, 0, 0]
sync: paired architecture-transfer output -> /home/mmoslem3/scratch/PoisonBase
sync: complete
