stage: optional directory absent: /home/mmoslem3/scratch/PoisonBase/ours_result/CIFAR10_ConvNetBN_gradmatch_ours_dog-bird_b0.001_eps8_seed42_lam1_cosine_selarchVGG13BN_K20_ce5_tgt70
job: 867647 xfer_gm_b0001_basis_svgg on rack01-16
config: A=V=ConvNetBN S=VGG13BN K=20 attack=gradmatch selection=BASIS budget=0.001 targets=6 victims=6
pairing: A=V=ConvNetBN, S=VGG13BN, K=20, 6 targets x 6 victims
gpu: NVIDIA L40S
[2026-09-10 16:16:59] === run start: CIFAR10_ConvNetBN_gradmatch_ours_dog-bird_b0.001_eps8_seed42_lam1_cosine_selarchVGG13BN_K20_ce5_tgt70 on cuda [0] ===
[2026-09-10 16:16:59] args: {"FORCE": false, "attack": "gradmatch", "base": "ours", "base_dist": "cosine", "base_topr": null, "budget": 0.001, "cache_dir": "/tmp/PoisonBase/cache", "class_pair": "dog-bird", "clean_baseline": true, "craft_alpha": 0.0039216, "craft_aug": true, "craft_batch": 256, "craft_ensemble": 5, "craft_lowmem": false, "craft_schedule": false, "craft_steps": 750, "data_path": "/tmp/PoisonBase/data", "dataset": "CIFAR10", "distance_margin_coef": null, "dsa_strategy": "color_crop_cutout_flip_scale_rotate", "epsilon": 0.0313725, "fast_gradmatch": false, "fc_mode": "sample", "fc_restarts": 1, "gpus": "all", "jacobian_batch_size": 64, "jacobian_weight": 1.0, "lambda_margin": 1.0, "model": "ConvNetBN", "no_resume": false, "num_poisons": 500, "num_surrogates": 20, "num_targets": 6, "num_victims": 6, "out_dir": "/tmp/PoisonBase/ours_result", "pair_order": "poison-target", "parallel_pretrain": true, "parallel_targets": true, "precompute_id": null, "precompute_only": false, "precompute_part": "both", "rank_on_victims": true, "recompute_deltas": false, "require_correct_target": false, "restarts": 8, "seed": 42, "sel_K": 20, "sel_alpha": 1.0, "sel_criterion": null, "sel_dpp": false, "sel_filter": false, "sel_mmr": false, "sel_mode": null, "sel_model": "VGG13BN", "sel_mu": 1.0, "sel_pca": false, "sel_pool": 3.0, "sharp_mode": "worst", "sharp_samples": 20, "sharp_sigma": 0.05, "steal_timeout": 7200.0, "surrogate_aug": false, "surrogate_bs": 128, "surrogate_decay": [35, 45], "surrogate_epochs": 60, "surrogate_lr": 0.1, "surrogate_wd": 0.0, "target_idx_file": "/tmp/PoisonBase/target_sets/ConvNetBN_gradmatch_dog-bird.json", "target_select": 70, "use_jacobian_score": false, "victim_aug": false, "victim_bs": 125, "victim_decay": [40], "victim_epochs": 50, "victim_lr": 0.1, "victim_wd": 0.0}
[2026-09-10 16:16:59] Jacobian score: disabled
[2026-09-10 16:16:59] N_total=50000 budget=0.001 -> N_p=50 poisons, y_adv=5(dog) target_class=2(bird)
[2026-09-10 16:16:59] === surrogates (20 x ConvNetBN, trained on the full real set) ===
[2026-09-10 16:16:59]   crafting on 5/20 surrogates
[2026-09-10 16:16:59] === selection surrogates (20 x VGG13BN, cross-architecture) ===
[2026-09-10 16:17:00] === clean victims (6 x ConvNetBN) ===
[2026-09-10 16:17:01]   clean baseline CTA = 0.8127 +/- 0.0074
[2026-09-10 16:17:01]   target pool 1000 -> eligible 963 (37 already predicted as y_adv or dropped)
[2026-09-10 16:17:01]   chosen 6 targets (file), p_adv range 0.0000..0.0000
[2026-09-10 16:17:01]   targets: [843, 1257, 8252, 8730, 8055, 5859]
[2026-09-10 16:17:01] === target 843 (1/6) ===
[2026-09-10 16:19:11]   target 843: crafted 50 poisons in 127 s, obj=0.37297
[2026-09-10 16:19:11]   target 843: realized linf = 0.03137 (8.00/255), budget = 8.00/255
[2026-09-10 16:20:01]   [t843 v1/6] fail (pred=bird) CTA=0.8041
[2026-09-10 16:20:52]   [t843 v2/6] fail (pred=bird) CTA=0.8044
[2026-09-10 16:21:44]   [t843 v3/6] fail (pred=bird) CTA=0.8089
[2026-09-10 16:22:36]   [t843 v4/6] fail (pred=bird) CTA=0.8158
[2026-09-10 16:23:27]   [t843 v5/6] fail (pred=bird) CTA=0.8029
[2026-09-10 16:24:19]   [t843 v6/6] fail (pred=bird) CTA=0.7801
[2026-09-10 16:24:19]   target 843, 6 victims on this gpu: ASR=0.0% CTA=0.8027 +/- 0.0110
[2026-09-10 16:24:19] === target 1257 (2/6) ===
[2026-09-10 16:26:28]   target 1257: crafted 50 poisons in 126 s, obj=0.31545
[2026-09-10 16:26:28]   target 1257: realized linf = 0.03137 (8.00/255), budget = 8.00/255
[2026-09-10 16:27:19]   [t1257 v1/6] fail (pred=bird) CTA=0.7968
[2026-09-10 16:28:11]   [t1257 v2/6] fail (pred=bird) CTA=0.8113
[2026-09-10 16:29:02]   [t1257 v3/6] fail (pred=bird) CTA=0.8115
[2026-09-10 16:29:54]   [t1257 v4/6] fail (pred=bird) CTA=0.8038
[2026-09-10 16:30:46]   [t1257 v5/6] fail (pred=bird) CTA=0.8038
[2026-09-10 16:31:37]   [t1257 v6/6] fail (pred=bird) CTA=0.7980
[2026-09-10 16:31:37]   target 1257, 6 victims on this gpu: ASR=0.0% CTA=0.8042 +/- 0.0057
[2026-09-10 16:31:37] === target 8252 (3/6) ===
[2026-09-10 16:33:46]   target 8252: crafted 50 poisons in 126 s, obj=0.27281
[2026-09-10 16:33:46]   target 8252: realized linf = 0.03137 (8.00/255), budget = 8.00/255
[2026-09-10 16:34:37]   [t8252 v1/6] fail (pred=bird) CTA=0.8007
[2026-09-10 16:35:29]   [t8252 v2/6] SUCCESS (pred=dog) CTA=0.8183
[2026-09-10 16:36:20]   [t8252 v3/6] fail (pred=frog) CTA=0.7988
[2026-09-10 16:37:12]   [t8252 v4/6] fail (pred=cat) CTA=0.7961
[2026-09-10 16:38:03]   [t8252 v5/6] fail (pred=bird) CTA=0.7977
[2026-09-10 16:38:55]   [t8252 v6/6] SUCCESS (pred=dog) CTA=0.8066
[2026-09-10 16:38:55]   target 8252, 6 victims on this gpu: ASR=33.3% CTA=0.8030 +/- 0.0076
[2026-09-10 16:38:55] === target 8730 (4/6) ===
[2026-09-10 16:41:03]   target 8730: crafted 50 poisons in 126 s, obj=0.28630
[2026-09-10 16:41:03]   target 8730: realized linf = 0.03137 (8.00/255), budget = 8.00/255
[2026-09-10 16:41:55]   [t8730 v1/6] fail (pred=bird) CTA=0.8115
[2026-09-10 16:42:46]   [t8730 v2/6] fail (pred=bird) CTA=0.8118
[2026-09-10 16:43:38]   [t8730 v3/6] fail (pred=bird) CTA=0.8175
[2026-09-10 16:44:29]   [t8730 v4/6] fail (pred=bird) CTA=0.8027
[2026-09-10 16:45:21]   [t8730 v5/6] fail (pred=deer) CTA=0.8030
[2026-09-10 16:46:12]   [t8730 v6/6] fail (pred=bird) CTA=0.8082
[2026-09-10 16:46:12]   target 8730, 6 victims on this gpu: ASR=0.0% CTA=0.8091 +/- 0.0052
[2026-09-10 16:46:12] === target 8055 (5/6) ===
[2026-09-10 16:48:21]   target 8055: crafted 50 poisons in 126 s, obj=0.40657
[2026-09-10 16:48:21]   target 8055: realized linf = 0.03137 (8.00/255), budget = 8.00/255
[2026-09-10 16:49:12]   [t8055 v1/6] fail (pred=bird) CTA=0.8057
[2026-09-10 16:50:03]   [t8055 v2/6] fail (pred=bird) CTA=0.8006
[2026-09-10 16:50:55]   [t8055 v3/6] fail (pred=bird) CTA=0.8149
[2026-09-10 16:51:47]   [t8055 v4/6] fail (pred=bird) CTA=0.7976
[2026-09-10 16:52:38]   [t8055 v5/6] fail (pred=bird) CTA=0.8139
[2026-09-10 16:53:30]   [t8055 v6/6] fail (pred=bird) CTA=0.7990
[2026-09-10 16:53:30]   target 8055, 6 victims on this gpu: ASR=0.0% CTA=0.8053 +/- 0.0069
[2026-09-10 16:53:30] === target 5859 (6/6) ===
[2026-09-10 16:55:38]   target 5859: crafted 50 poisons in 125 s, obj=0.32644
[2026-09-10 16:55:38]   target 5859: realized linf = 0.03137 (8.00/255), budget = 8.00/255
[2026-09-10 16:56:29]   [t5859 v1/6] fail (pred=bird) CTA=0.8038
[2026-09-10 16:57:21]   [t5859 v2/6] fail (pred=bird) CTA=0.8031
[2026-09-10 16:58:12]   [t5859 v3/6] fail (pred=bird) CTA=0.8029
[2026-09-10 16:59:04]   [t5859 v4/6] fail (pred=bird) CTA=0.8010
[2026-09-10 16:59:55]   [t5859 v5/6] fail (pred=bird) CTA=0.8062
[2026-09-10 17:00:47]   [t5859 v6/6] fail (pred=bird) CTA=0.7908
[2026-09-10 17:00:47]   target 5859, 6 victims on this gpu: ASR=0.0% CTA=0.8013 +/- 0.0049
[2026-09-10 17:00:47] ==== CIFAR10_ConvNetBN_gradmatch_ours_dog-bird_b0.001_eps8_seed42_lam1_cosine_selarchVGG13BN_K20_ce5_tgt70 : ASR = 5.6% +/- 12.4% | CTA = 0.8043 (baseline 0.8127) ====
[2026-09-10 17:00:47]   target-prediction tally ['airplane', 'automobile', 'bird', 'cat', 'deer', 'dog', 'frog', 'horse', 'ship', 'truck']: [0, 0, 31, 1, 1, 2, 1, 0, 0, 0]
sync: paired architecture-transfer output -> /home/mmoslem3/scratch/PoisonBase
sync: complete
