stage: optional directory absent: /home/mmoslem3/scratch/PoisonBase/ours_result/CIFAR10_ConvNetBN_gradmatch_ours_dog-bird_b0.001_eps8_seed42_lam1_cosine_selarchResNet20BN_K20_ce5_tgt70
job: 867646 xfer_gm_b0001_basis_sr20 on rack04-02
config: A=V=ConvNetBN S=ResNet20BN K=20 attack=gradmatch selection=BASIS budget=0.001 targets=6 victims=6
pairing: A=V=ConvNetBN, S=ResNet20BN, K=20, 6 targets x 6 victims
gpu: NVIDIA L40S
[2026-09-10 16:16:11] === run start: CIFAR10_ConvNetBN_gradmatch_ours_dog-bird_b0.001_eps8_seed42_lam1_cosine_selarchResNet20BN_K20_ce5_tgt70 on cuda [0] ===
[2026-09-10 16:16:11] args: {"FORCE": false, "attack": "gradmatch", "base": "ours", "base_dist": "cosine", "base_topr": null, "budget": 0.001, "cache_dir": "/tmp/PoisonBase/cache", "class_pair": "dog-bird", "clean_baseline": true, "craft_alpha": 0.0039216, "craft_aug": true, "craft_batch": 256, "craft_ensemble": 5, "craft_lowmem": false, "craft_schedule": false, "craft_steps": 750, "data_path": "/tmp/PoisonBase/data", "dataset": "CIFAR10", "distance_margin_coef": null, "dsa_strategy": "color_crop_cutout_flip_scale_rotate", "epsilon": 0.0313725, "fast_gradmatch": false, "fc_mode": "sample", "fc_restarts": 1, "gpus": "all", "jacobian_batch_size": 64, "jacobian_weight": 1.0, "lambda_margin": 1.0, "model": "ConvNetBN", "no_resume": false, "num_poisons": 500, "num_surrogates": 20, "num_targets": 6, "num_victims": 6, "out_dir": "/tmp/PoisonBase/ours_result", "pair_order": "poison-target", "parallel_pretrain": true, "parallel_targets": true, "precompute_id": null, "precompute_only": false, "precompute_part": "both", "rank_on_victims": true, "recompute_deltas": false, "require_correct_target": false, "restarts": 8, "seed": 42, "sel_K": 20, "sel_alpha": 1.0, "sel_criterion": null, "sel_dpp": false, "sel_filter": false, "sel_mmr": false, "sel_mode": null, "sel_model": "ResNet20BN", "sel_mu": 1.0, "sel_pca": false, "sel_pool": 3.0, "sharp_mode": "worst", "sharp_samples": 20, "sharp_sigma": 0.05, "steal_timeout": 7200.0, "surrogate_aug": false, "surrogate_bs": 128, "surrogate_decay": [35, 45], "surrogate_epochs": 60, "surrogate_lr": 0.1, "surrogate_wd": 0.0, "target_idx_file": "/tmp/PoisonBase/target_sets/ConvNetBN_gradmatch_dog-bird.json", "target_select": 70, "use_jacobian_score": false, "victim_aug": false, "victim_bs": 125, "victim_decay": [40], "victim_epochs": 50, "victim_lr": 0.1, "victim_wd": 0.0}
[2026-09-10 16:16:11] Jacobian score: disabled
[2026-09-10 16:16:11] N_total=50000 budget=0.001 -> N_p=50 poisons, y_adv=5(dog) target_class=2(bird)
[2026-09-10 16:16:11] === surrogates (20 x ConvNetBN, trained on the full real set) ===
[2026-09-10 16:16:11]   crafting on 5/20 surrogates
[2026-09-10 16:16:11] === selection surrogates (20 x ResNet20BN, cross-architecture) ===
[2026-09-10 16:16:12] === clean victims (6 x ConvNetBN) ===
[2026-09-10 16:16:13]   clean baseline CTA = 0.8127 +/- 0.0074
[2026-09-10 16:16:13]   target pool 1000 -> eligible 963 (37 already predicted as y_adv or dropped)
[2026-09-10 16:16:13]   chosen 6 targets (file), p_adv range 0.0000..0.0000
[2026-09-10 16:16:13]   targets: [843, 1257, 8252, 8730, 8055, 5859]
[2026-09-10 16:16:13] === target 843 (1/6) ===
[2026-09-10 16:18:17]   target 843: crafted 50 poisons in 123 s, obj=0.33845
[2026-09-10 16:18:17]   target 843: realized linf = 0.03137 (8.00/255), budget = 8.00/255
[2026-09-10 16:19:07]   [t843 v1/6] fail (pred=bird) CTA=0.8124
[2026-09-10 16:19:56]   [t843 v2/6] fail (pred=bird) CTA=0.8045
[2026-09-10 16:20:46]   [t843 v3/6] fail (pred=bird) CTA=0.8085
[2026-09-10 16:21:35]   [t843 v4/6] fail (pred=bird) CTA=0.8123
[2026-09-10 16:22:25]   [t843 v5/6] fail (pred=bird) CTA=0.7988
[2026-09-10 16:23:14]   [t843 v6/6] fail (pred=bird) CTA=0.7902
[2026-09-10 16:23:14]   target 843, 6 victims on this gpu: ASR=0.0% CTA=0.8045 +/- 0.0079
[2026-09-10 16:23:14] === target 1257 (2/6) ===
[2026-09-10 16:25:19]   target 1257: crafted 50 poisons in 123 s, obj=0.29702
[2026-09-10 16:25:19]   target 1257: realized linf = 0.03137 (8.00/255), budget = 8.00/255
[2026-09-10 16:26:10]   [t1257 v1/6] fail (pred=bird) CTA=0.7999
[2026-09-10 16:26:59]   [t1257 v2/6] fail (pred=bird) CTA=0.8117
[2026-09-10 16:27:49]   [t1257 v3/6] fail (pred=bird) CTA=0.8102
[2026-09-10 16:28:38]   [t1257 v4/6] fail (pred=bird) CTA=0.8009
[2026-09-10 16:29:28]   [t1257 v5/6] fail (pred=bird) CTA=0.7962
[2026-09-10 16:30:17]   [t1257 v6/6] fail (pred=bird) CTA=0.7920
[2026-09-10 16:30:17]   target 1257, 6 victims on this gpu: ASR=0.0% CTA=0.8018 +/- 0.0071
[2026-09-10 16:30:17] === target 8252 (3/6) ===
[2026-09-10 16:32:22]   target 8252: crafted 50 poisons in 123 s, obj=0.27108
[2026-09-10 16:32:22]   target 8252: realized linf = 0.03137 (8.00/255), budget = 8.00/255
[2026-09-10 16:33:13]   [t8252 v1/6] fail (pred=horse) CTA=0.8052
[2026-09-10 16:34:02]   [t8252 v2/6] fail (pred=bird) CTA=0.8148
[2026-09-10 16:34:52]   [t8252 v3/6] fail (pred=bird) CTA=0.8034
[2026-09-10 16:35:41]   [t8252 v4/6] fail (pred=bird) CTA=0.7906
[2026-09-10 16:36:31]   [t8252 v5/6] fail (pred=cat) CTA=0.7896
[2026-09-10 16:37:20]   [t8252 v6/6] fail (pred=cat) CTA=0.8082
[2026-09-10 16:37:20]   target 8252, 6 victims on this gpu: ASR=0.0% CTA=0.8020 +/- 0.0091
[2026-09-10 16:37:20] === target 8730 (4/6) ===
[2026-09-10 16:39:25]   target 8730: crafted 50 poisons in 123 s, obj=0.29256
[2026-09-10 16:39:25]   target 8730: realized linf = 0.03137 (8.00/255), budget = 8.00/255
[2026-09-10 16:40:16]   [t8730 v1/6] fail (pred=cat) CTA=0.8052
[2026-09-10 16:41:05]   [t8730 v2/6] fail (pred=bird) CTA=0.8083
[2026-09-10 16:41:55]   [t8730 v3/6] fail (pred=bird) CTA=0.8140
[2026-09-10 16:42:44]   [t8730 v4/6] fail (pred=bird) CTA=0.8021
[2026-09-10 16:43:34]   [t8730 v5/6] fail (pred=bird) CTA=0.7982
[2026-09-10 16:44:23]   [t8730 v6/6] fail (pred=bird) CTA=0.8046
[2026-09-10 16:44:23]   target 8730, 6 victims on this gpu: ASR=0.0% CTA=0.8054 +/- 0.0049
[2026-09-10 16:44:23] === target 8055 (5/6) ===
[2026-09-10 16:46:28]   target 8055: crafted 50 poisons in 123 s, obj=0.37378
[2026-09-10 16:46:28]   target 8055: realized linf = 0.03137 (8.00/255), budget = 8.00/255
[2026-09-10 16:47:19]   [t8055 v1/6] fail (pred=bird) CTA=0.8091
[2026-09-10 16:48:08]   [t8055 v2/6] fail (pred=bird) CTA=0.8092
[2026-09-10 16:48:58]   [t8055 v3/6] fail (pred=bird) CTA=0.8095
[2026-09-10 16:49:47]   [t8055 v4/6] fail (pred=bird) CTA=0.7966
[2026-09-10 16:50:37]   [t8055 v5/6] fail (pred=bird) CTA=0.8144
[2026-09-10 16:51:26]   [t8055 v6/6] fail (pred=bird) CTA=0.7974
[2026-09-10 16:51:26]   target 8055, 6 victims on this gpu: ASR=0.0% CTA=0.8060 +/- 0.0066
[2026-09-10 16:51:26] === target 5859 (6/6) ===
[2026-09-10 16:53:31]   target 5859: crafted 50 poisons in 123 s, obj=0.29613
[2026-09-10 16:53:31]   target 5859: realized linf = 0.03137 (8.00/255), budget = 8.00/255
[2026-09-10 16:54:22]   [t5859 v1/6] fail (pred=bird) CTA=0.8077
[2026-09-10 16:55:11]   [t5859 v2/6] SUCCESS (pred=dog) CTA=0.8017
[2026-09-10 16:56:01]   [t5859 v3/6] fail (pred=bird) CTA=0.8085
[2026-09-10 16:56:50]   [t5859 v4/6] fail (pred=bird) CTA=0.8015
[2026-09-10 16:57:40]   [t5859 v5/6] fail (pred=bird) CTA=0.8061
[2026-09-10 16:58:29]   [t5859 v6/6] fail (pred=bird) CTA=0.7920
[2026-09-10 16:58:29]   target 5859, 6 victims on this gpu: ASR=16.7% CTA=0.8029 +/- 0.0056
[2026-09-10 16:58:29] ==== CIFAR10_ConvNetBN_gradmatch_ours_dog-bird_b0.001_eps8_seed42_lam1_cosine_selarchResNet20BN_K20_ce5_tgt70 : ASR = 2.8% +/- 6.2% | CTA = 0.8038 (baseline 0.8127) ====
[2026-09-10 16:58:29]   target-prediction tally ['airplane', 'automobile', 'bird', 'cat', 'deer', 'dog', 'frog', 'horse', 'ship', 'truck']: [0, 0, 31, 3, 0, 1, 0, 1, 0, 0]
sync: paired architecture-transfer output -> /home/mmoslem3/scratch/PoisonBase
sync: complete
