stage: optional directory absent: /home/mmoslem3/scratch/PoisonBase/ours_result/CIFAR10_ConvNetBN_sapa_random_dog-bird_b0.001_eps8_seed42_K20_worst0.05_ce5_tgt70
job: 867661 xfer_sapa_b0001_rand on rack04-14
config: A=V=ConvNetBN S=shared K=20 attack=sapa selection=RAND budget=0.001 targets=6 victims=6
pairing: A=V=ConvNetBN, S=shared, K=20, 6 targets x 6 victims
gpu: NVIDIA L40S
[2026-09-10 16:18:58] === run start: CIFAR10_ConvNetBN_sapa_random_dog-bird_b0.001_eps8_seed42_K20_worst0.05_ce5_tgt70 on cuda [0] ===
[2026-09-10 16:18:58] args: {"FORCE": false, "attack": "sapa", "base": "random", "base_dist": "l2", "base_topr": null, "budget": 0.001, "cache_dir": "/tmp/PoisonBase/cache", "class_pair": "dog-bird", "clean_baseline": true, "craft_alpha": 0.0039216, "craft_aug": true, "craft_batch": 256, "craft_ensemble": 5, "craft_lowmem": false, "craft_schedule": false, "craft_steps": 750, "data_path": "/tmp/PoisonBase/data", "dataset": "CIFAR10", "distance_margin_coef": null, "dsa_strategy": "color_crop_cutout_flip_scale_rotate", "epsilon": 0.0313725, "fast_gradmatch": false, "fc_mode": "sample", "fc_restarts": 1, "gpus": "all", "jacobian_batch_size": 64, "jacobian_weight": 1.0, "lambda_margin": 1.0, "model": "ConvNetBN", "no_resume": false, "num_poisons": 500, "num_surrogates": 20, "num_targets": 6, "num_victims": 6, "out_dir": "/tmp/PoisonBase/ours_result", "pair_order": "poison-target", "parallel_pretrain": true, "parallel_targets": true, "precompute_id": null, "precompute_only": false, "precompute_part": "both", "rank_on_victims": true, "recompute_deltas": false, "require_correct_target": false, "restarts": 8, "seed": 42, "sel_K": 20, "sel_alpha": 1.0, "sel_criterion": null, "sel_dpp": false, "sel_filter": false, "sel_mmr": false, "sel_mode": null, "sel_model": null, "sel_mu": 1.0, "sel_pca": false, "sel_pool": 3.0, "sharp_mode": "worst", "sharp_samples": 20, "sharp_sigma": 0.05, "steal_timeout": 7200.0, "surrogate_aug": false, "surrogate_bs": 128, "surrogate_decay": [35, 45], "surrogate_epochs": 60, "surrogate_lr": 0.1, "surrogate_wd": 0.0, "target_idx_file": "/tmp/PoisonBase/target_sets/ConvNetBN_gradmatch_dog-bird.json", "target_select": 70, "use_jacobian_score": false, "victim_aug": false, "victim_bs": 125, "victim_decay": [40], "victim_epochs": 50, "victim_lr": 0.1, "victim_wd": 0.0}
[2026-09-10 16:18:58] Jacobian score: disabled
[2026-09-10 16:18:58] N_total=50000 budget=0.001 -> N_p=50 poisons, y_adv=5(dog) target_class=2(bird)
[2026-09-10 16:18:58] === surrogates (20 x ConvNetBN, trained on the full real set) ===
[2026-09-10 16:18:58]   crafting on 5/20 surrogates
[2026-09-10 16:18:58] === clean victims (6 x ConvNetBN) ===
[2026-09-10 16:18:59]   clean baseline CTA = 0.8127 +/- 0.0074
[2026-09-10 16:18:59]   target pool 1000 -> eligible 963 (37 already predicted as y_adv or dropped)
[2026-09-10 16:18:59]   chosen 6 targets (file), p_adv range 0.0000..0.0000
[2026-09-10 16:18:59]   targets: [843, 1257, 8252, 8730, 8055, 5859]
[2026-09-10 16:18:59] === target 843 (1/6) ===
[2026-09-10 16:21:02]   target 843: crafted 50 poisons in 123 s, obj=0.40175
[2026-09-10 16:21:02]   target 843: realized linf = 0.03137 (8.00/255), budget = 8.00/255
[2026-09-10 16:21:51]   [t843 v1/6] fail (pred=bird) CTA=0.8092
[2026-09-10 16:22:41]   [t843 v2/6] fail (pred=bird) CTA=0.7982
[2026-09-10 16:23:30]   [t843 v3/6] fail (pred=bird) CTA=0.8094
[2026-09-10 16:24:20]   [t843 v4/6] fail (pred=bird) CTA=0.8045
[2026-09-10 16:25:09]   [t843 v5/6] fail (pred=bird) CTA=0.8077
[2026-09-10 16:25:58]   [t843 v6/6] fail (pred=bird) CTA=0.7753
[2026-09-10 16:25:58]   target 843, 6 victims on this gpu: ASR=0.0% CTA=0.8007 +/- 0.0120
[2026-09-10 16:25:58] === target 1257 (2/6) ===
[2026-09-10 16:28:01]   target 1257: crafted 50 poisons in 123 s, obj=0.32314
[2026-09-10 16:28:01]   target 1257: realized linf = 0.03137 (8.00/255), budget = 8.00/255
[2026-09-10 16:28:52]   [t1257 v1/6] fail (pred=bird) CTA=0.7985
[2026-09-10 16:29:42]   [t1257 v2/6] fail (pred=bird) CTA=0.8131
[2026-09-10 16:30:31]   [t1257 v3/6] fail (pred=bird) CTA=0.8086
[2026-09-10 16:31:20]   [t1257 v4/6] fail (pred=bird) CTA=0.8000
[2026-09-10 16:32:10]   [t1257 v5/6] fail (pred=bird) CTA=0.8028
[2026-09-10 16:32:59]   [t1257 v6/6] fail (pred=bird) CTA=0.7924
[2026-09-10 16:32:59]   target 1257, 6 victims on this gpu: ASR=0.0% CTA=0.8026 +/- 0.0068
[2026-09-10 16:32:59] === target 8252 (3/6) ===
[2026-09-10 16:35:02]   target 8252: crafted 50 poisons in 123 s, obj=0.32175
[2026-09-10 16:35:02]   target 8252: realized linf = 0.03137 (8.00/255), budget = 8.00/255
[2026-09-10 16:35:53]   [t8252 v1/6] fail (pred=bird) CTA=0.8044
[2026-09-10 16:36:42]   [t8252 v2/6] fail (pred=bird) CTA=0.8135
[2026-09-10 16:37:32]   [t8252 v3/6] fail (pred=bird) CTA=0.8019
[2026-09-10 16:38:21]   [t8252 v4/6] fail (pred=deer) CTA=0.7908
[2026-09-10 16:39:10]   [t8252 v5/6] fail (pred=cat) CTA=0.7884
[2026-09-10 16:40:00]   [t8252 v6/6] fail (pred=bird) CTA=0.8080
[2026-09-10 16:40:00]   target 8252, 6 victims on this gpu: ASR=0.0% CTA=0.8012 +/- 0.0089
[2026-09-10 16:40:00] === target 8730 (4/6) ===
[2026-09-10 16:42:03]   target 8730: crafted 50 poisons in 123 s, obj=0.31839
[2026-09-10 16:42:03]   target 8730: realized linf = 0.03137 (8.00/255), budget = 8.00/255
[2026-09-10 16:42:54]   [t8730 v1/6] fail (pred=bird) CTA=0.8031
[2026-09-10 16:43:43]   [t8730 v2/6] fail (pred=bird) CTA=0.8103
[2026-09-10 16:44:32]   [t8730 v3/6] fail (pred=bird) CTA=0.8141
[2026-09-10 16:45:22]   [t8730 v4/6] fail (pred=bird) CTA=0.8053
[2026-09-10 16:46:11]   [t8730 v5/6] fail (pred=bird) CTA=0.7956
[2026-09-10 16:47:01]   [t8730 v6/6] fail (pred=bird) CTA=0.8101
[2026-09-10 16:47:01]   target 8730, 6 victims on this gpu: ASR=0.0% CTA=0.8064 +/- 0.0060
[2026-09-10 16:47:01] === target 8055 (5/6) ===
[2026-09-10 16:49:04]   target 8055: crafted 50 poisons in 123 s, obj=0.39588
[2026-09-10 16:49:04]   target 8055: realized linf = 0.03137 (8.00/255), budget = 8.00/255
[2026-09-10 16:49:54]   [t8055 v1/6] fail (pred=bird) CTA=0.8014
[2026-09-10 16:50:44]   [t8055 v2/6] fail (pred=bird) CTA=0.8036
[2026-09-10 16:51:33]   [t8055 v3/6] fail (pred=bird) CTA=0.8105
[2026-09-10 16:52:23]   [t8055 v4/6] fail (pred=bird) CTA=0.8005
[2026-09-10 16:53:12]   [t8055 v5/6] fail (pred=bird) CTA=0.8101
[2026-09-10 16:54:01]   [t8055 v6/6] fail (pred=bird) CTA=0.8028
[2026-09-10 16:54:01]   target 8055, 6 victims on this gpu: ASR=0.0% CTA=0.8048 +/- 0.0040
[2026-09-10 16:54:01] === target 5859 (6/6) ===
[2026-09-10 16:56:04]   target 5859: crafted 50 poisons in 123 s, obj=0.34542
[2026-09-10 16:56:04]   target 5859: realized linf = 0.03137 (8.00/255), budget = 8.00/255
[2026-09-10 16:56:55]   [t5859 v1/6] fail (pred=bird) CTA=0.8007
[2026-09-10 16:57:45]   [t5859 v2/6] fail (pred=bird) CTA=0.8120
[2026-09-10 16:58:34]   [t5859 v3/6] fail (pred=bird) CTA=0.8039
[2026-09-10 16:59:23]   [t5859 v4/6] fail (pred=bird) CTA=0.8009
[2026-09-10 17:00:13]   [t5859 v5/6] fail (pred=bird) CTA=0.8044
[2026-09-10 17:01:02]   [t5859 v6/6] fail (pred=bird) CTA=0.7967
[2026-09-10 17:01:02]   target 5859, 6 victims on this gpu: ASR=0.0% CTA=0.8031 +/- 0.0047
[2026-09-10 17:01:02] ==== CIFAR10_ConvNetBN_sapa_random_dog-bird_b0.001_eps8_seed42_K20_worst0.05_ce5_tgt70 : ASR = 0.0% +/- 0.0% | CTA = 0.8031 (baseline 0.8127) ====
[2026-09-10 17:01:02]   target-prediction tally ['airplane', 'automobile', 'bird', 'cat', 'deer', 'dog', 'frog', 'horse', 'ship', 'truck']: [0, 0, 34, 1, 1, 0, 0, 0, 0, 0]
sync: paired architecture-transfer output -> /home/mmoslem3/scratch/PoisonBase
sync: complete
