stage: optional directory absent: /home/mmoslem3/scratch/PoisonBase/ours_result/CIFAR10_ConvNetBN_sapa_random_dog-bird_b0.005_eps8_seed42_K20_worst0.05_ce5_tgt70
job: 867669 xfer_sapa_b0005_rand on rack13-06
config: A=V=ConvNetBN S=shared K=20 attack=sapa selection=RAND budget=0.005 targets=6 victims=6
pairing: A=V=ConvNetBN, S=shared, K=20, 6 targets x 6 victims
gpu: NVIDIA L40S
[2026-09-10 16:58:44] === run start: CIFAR10_ConvNetBN_sapa_random_dog-bird_b0.005_eps8_seed42_K20_worst0.05_ce5_tgt70 on cuda [0] ===
[2026-09-10 16:58:44] args: {"FORCE": false, "attack": "sapa", "base": "random", "base_dist": "l2", "base_topr": null, "budget": 0.005, "cache_dir": "/tmp/PoisonBase/cache", "class_pair": "dog-bird", "clean_baseline": true, "craft_alpha": 0.0039216, "craft_aug": true, "craft_batch": 256, "craft_ensemble": 5, "craft_lowmem": false, "craft_schedule": false, "craft_steps": 750, "data_path": "/tmp/PoisonBase/data", "dataset": "CIFAR10", "distance_margin_coef": null, "dsa_strategy": "color_crop_cutout_flip_scale_rotate", "epsilon": 0.0313725, "fast_gradmatch": false, "fc_mode": "sample", "fc_restarts": 1, "gpus": "all", "jacobian_batch_size": 64, "jacobian_weight": 1.0, "lambda_margin": 1.0, "model": "ConvNetBN", "no_resume": false, "num_poisons": 500, "num_surrogates": 20, "num_targets": 6, "num_victims": 6, "out_dir": "/tmp/PoisonBase/ours_result", "pair_order": "poison-target", "parallel_pretrain": true, "parallel_targets": true, "precompute_id": null, "precompute_only": false, "precompute_part": "both", "rank_on_victims": true, "recompute_deltas": false, "require_correct_target": false, "restarts": 8, "seed": 42, "sel_K": 20, "sel_alpha": 1.0, "sel_criterion": null, "sel_dpp": false, "sel_filter": false, "sel_mmr": false, "sel_mode": null, "sel_model": null, "sel_mu": 1.0, "sel_pca": false, "sel_pool": 3.0, "sharp_mode": "worst", "sharp_samples": 20, "sharp_sigma": 0.05, "steal_timeout": 7200.0, "surrogate_aug": false, "surrogate_bs": 128, "surrogate_decay": [35, 45], "surrogate_epochs": 60, "surrogate_lr": 0.1, "surrogate_wd": 0.0, "target_idx_file": "/tmp/PoisonBase/target_sets/ConvNetBN_gradmatch_dog-bird.json", "target_select": 70, "use_jacobian_score": false, "victim_aug": false, "victim_bs": 125, "victim_decay": [40], "victim_epochs": 50, "victim_lr": 0.1, "victim_wd": 0.0}
[2026-09-10 16:58:44] Jacobian score: disabled
[2026-09-10 16:58:44] N_total=50000 budget=0.005 -> N_p=250 poisons, y_adv=5(dog) target_class=2(bird)
[2026-09-10 16:58:44] === surrogates (20 x ConvNetBN, trained on the full real set) ===
[2026-09-10 16:58:44]   crafting on 5/20 surrogates
[2026-09-10 16:58:44] === clean victims (6 x ConvNetBN) ===
[2026-09-10 16:58:45]   clean baseline CTA = 0.8127 +/- 0.0074
[2026-09-10 16:58:45]   target pool 1000 -> eligible 963 (37 already predicted as y_adv or dropped)
[2026-09-10 16:58:45]   chosen 6 targets (file), p_adv range 0.0000..0.0000
[2026-09-10 16:58:45]   targets: [843, 1257, 8252, 8730, 8055, 5859]
[2026-09-10 16:58:45] === target 843 (1/6) ===
[2026-09-10 17:10:45]   target 843: crafted 250 poisons in 720 s, obj=0.34314
[2026-09-10 17:10:45]   target 843: realized linf = 0.03137 (8.00/255), budget = 8.00/255
[2026-09-10 17:11:36]   [t843 v1/6] fail (pred=bird) CTA=0.8076
[2026-09-10 17:12:26]   [t843 v2/6] fail (pred=bird) CTA=0.8024
[2026-09-10 17:13:16]   [t843 v3/6] fail (pred=bird) CTA=0.8076
[2026-09-10 17:14:06]   [t843 v4/6] fail (pred=bird) CTA=0.8136
[2026-09-10 17:14:56]   [t843 v5/6] fail (pred=bird) CTA=0.8000
[2026-09-10 17:15:46]   [t843 v6/6] fail (pred=bird) CTA=0.7843
[2026-09-10 17:15:46]   target 843, 6 victims on this gpu: ASR=0.0% CTA=0.8026 +/- 0.0092
[2026-09-10 17:15:46] === target 1257 (2/6) ===
[2026-09-10 17:27:44]   target 1257: crafted 250 poisons in 718 s, obj=0.27453
[2026-09-10 17:27:44]   target 1257: realized linf = 0.03137 (8.00/255), budget = 8.00/255
[2026-09-10 17:28:36]   [t1257 v1/6] fail (pred=bird) CTA=0.8048
[2026-09-10 17:29:26]   [t1257 v2/6] fail (pred=bird) CTA=0.8056
[2026-09-10 17:30:16]   [t1257 v3/6] fail (pred=bird) CTA=0.8152
[2026-09-10 17:31:06]   [t1257 v4/6] fail (pred=bird) CTA=0.8061
[2026-09-10 17:31:56]   [t1257 v5/6] fail (pred=bird) CTA=0.8091
[2026-09-10 17:32:46]   [t1257 v6/6] fail (pred=bird) CTA=0.7927
[2026-09-10 17:32:46]   target 1257, 6 victims on this gpu: ASR=0.0% CTA=0.8056 +/- 0.0067
[2026-09-10 17:32:46] === target 8252 (3/6) ===
[2026-09-10 17:44:43]   target 8252: crafted 250 poisons in 718 s, obj=0.24341
[2026-09-10 17:44:43]   target 8252: realized linf = 0.03137 (8.00/255), budget = 8.00/255
[2026-09-10 17:45:35]   [t8252 v1/6] fail (pred=bird) CTA=0.8051
[2026-09-10 17:46:25]   [t8252 v2/6] fail (pred=bird) CTA=0.8122
[2026-09-10 17:47:14]   [t8252 v3/6] fail (pred=cat) CTA=0.8007
[2026-09-10 17:48:04]   [t8252 v4/6] fail (pred=cat) CTA=0.7978
[2026-09-10 17:48:54]   [t8252 v5/6] fail (pred=cat) CTA=0.7906
[2026-09-10 17:49:44]   [t8252 v6/6] SUCCESS (pred=dog) CTA=0.8086
[2026-09-10 17:49:44]   target 8252, 6 victims on this gpu: ASR=16.7% CTA=0.8025 +/- 0.0071
[2026-09-10 17:49:44] === target 8730 (4/6) ===
[2026-09-10 18:01:43]   target 8730: crafted 250 poisons in 718 s, obj=0.26975
[2026-09-10 18:01:43]   target 8730: realized linf = 0.03137 (8.00/255), budget = 8.00/255
[2026-09-10 18:02:34]   [t8730 v1/6] fail (pred=bird) CTA=0.8061
[2026-09-10 18:03:24]   [t8730 v2/6] fail (pred=airplane) CTA=0.8149
[2026-09-10 18:04:14]   [t8730 v3/6] fail (pred=bird) CTA=0.8105
[2026-09-10 18:05:04]   [t8730 v4/6] fail (pred=bird) CTA=0.8041
[2026-09-10 18:05:53]   [t8730 v5/6] fail (pred=bird) CTA=0.8023
[2026-09-10 18:06:43]   [t8730 v6/6] fail (pred=bird) CTA=0.8067
[2026-09-10 18:06:43]   target 8730, 6 victims on this gpu: ASR=0.0% CTA=0.8074 +/- 0.0042
[2026-09-10 18:06:43] === target 8055 (5/6) ===
[2026-09-10 18:18:42]   target 8055: crafted 250 poisons in 719 s, obj=0.34270
[2026-09-10 18:18:42]   target 8055: realized linf = 0.03137 (8.00/255), budget = 8.00/255
[2026-09-10 18:19:33]   [t8055 v1/6] fail (pred=bird) CTA=0.8087
[2026-09-10 18:20:23]   [t8055 v2/6] fail (pred=bird) CTA=0.8019
[2026-09-10 18:21:13]   [t8055 v3/6] fail (pred=bird) CTA=0.8197
[2026-09-10 18:22:03]   [t8055 v4/6] fail (pred=bird) CTA=0.7986
[2026-09-10 18:22:53]   [t8055 v5/6] fail (pred=bird) CTA=0.8086
[2026-09-10 18:23:43]   [t8055 v6/6] fail (pred=bird) CTA=0.8014
[2026-09-10 18:23:43]   target 8055, 6 victims on this gpu: ASR=0.0% CTA=0.8065 +/- 0.0070
[2026-09-10 18:23:43] === target 5859 (6/6) ===
[2026-09-10 18:35:42]   target 5859: crafted 250 poisons in 719 s, obj=0.27370
[2026-09-10 18:35:42]   target 5859: realized linf = 0.03137 (8.00/255), budget = 8.00/255
[2026-09-10 18:36:33]   [t5859 v1/6] fail (pred=bird) CTA=0.8036
[2026-09-10 18:37:23]   [t5859 v2/6] fail (pred=bird) CTA=0.8058
[2026-09-10 18:38:13]   [t5859 v3/6] fail (pred=bird) CTA=0.8087
[2026-09-10 18:39:02]   [t5859 v4/6] fail (pred=bird) CTA=0.8000
[2026-09-10 18:39:52]   [t5859 v5/6] fail (pred=bird) CTA=0.8053
[2026-09-10 18:40:42]   [t5859 v6/6] fail (pred=bird) CTA=0.7910
[2026-09-10 18:40:42]   target 5859, 6 victims on this gpu: ASR=0.0% CTA=0.8024 +/- 0.0057
[2026-09-10 18:40:42] ==== CIFAR10_ConvNetBN_sapa_random_dog-bird_b0.005_eps8_seed42_K20_worst0.05_ce5_tgt70 : ASR = 2.8% +/- 6.2% | CTA = 0.8045 (baseline 0.8127) ====
[2026-09-10 18:40:42]   target-prediction tally ['airplane', 'automobile', 'bird', 'cat', 'deer', 'dog', 'frog', 'horse', 'ship', 'truck']: [1, 0, 31, 3, 0, 1, 0, 0, 0, 0]
sync: paired architecture-transfer output -> /home/mmoslem3/scratch/PoisonBase
sync: complete
