stage: optional directory absent: /home/mmoslem3/scratch/PoisonBase/ours_result/CIFAR10_ConvNetBN_gradmatch_ours_dog-bird_b0.005_eps8_seed42_lam1_cosine_selarchVGG13BN_K20_ce5_tgt70
job: 867655 xfer_gm_b0005_basis_svgg on rack08-03
config: A=V=ConvNetBN S=VGG13BN K=20 attack=gradmatch selection=BASIS budget=0.005 targets=6 victims=6
pairing: A=V=ConvNetBN, S=VGG13BN, K=20, 6 targets x 6 victims
gpu: NVIDIA L40S
[2026-09-10 16:17:57] === run start: CIFAR10_ConvNetBN_gradmatch_ours_dog-bird_b0.005_eps8_seed42_lam1_cosine_selarchVGG13BN_K20_ce5_tgt70 on cuda [0] ===
[2026-09-10 16:17:57] args: {"FORCE": false, "attack": "gradmatch", "base": "ours", "base_dist": "cosine", "base_topr": null, "budget": 0.005, "cache_dir": "/tmp/PoisonBase/cache", "class_pair": "dog-bird", "clean_baseline": true, "craft_alpha": 0.0039216, "craft_aug": true, "craft_batch": 256, "craft_ensemble": 5, "craft_lowmem": false, "craft_schedule": false, "craft_steps": 750, "data_path": "/tmp/PoisonBase/data", "dataset": "CIFAR10", "distance_margin_coef": null, "dsa_strategy": "color_crop_cutout_flip_scale_rotate", "epsilon": 0.0313725, "fast_gradmatch": false, "fc_mode": "sample", "fc_restarts": 1, "gpus": "all", "jacobian_batch_size": 64, "jacobian_weight": 1.0, "lambda_margin": 1.0, "model": "ConvNetBN", "no_resume": false, "num_poisons": 500, "num_surrogates": 20, "num_targets": 6, "num_victims": 6, "out_dir": "/tmp/PoisonBase/ours_result", "pair_order": "poison-target", "parallel_pretrain": true, "parallel_targets": true, "precompute_id": null, "precompute_only": false, "precompute_part": "both", "rank_on_victims": true, "recompute_deltas": false, "require_correct_target": false, "restarts": 8, "seed": 42, "sel_K": 20, "sel_alpha": 1.0, "sel_criterion": null, "sel_dpp": false, "sel_filter": false, "sel_mmr": false, "sel_mode": null, "sel_model": "VGG13BN", "sel_mu": 1.0, "sel_pca": false, "sel_pool": 3.0, "sharp_mode": "worst", "sharp_samples": 20, "sharp_sigma": 0.05, "steal_timeout": 7200.0, "surrogate_aug": false, "surrogate_bs": 128, "surrogate_decay": [35, 45], "surrogate_epochs": 60, "surrogate_lr": 0.1, "surrogate_wd": 0.0, "target_idx_file": "/tmp/PoisonBase/target_sets/ConvNetBN_gradmatch_dog-bird.json", "target_select": 70, "use_jacobian_score": false, "victim_aug": false, "victim_bs": 125, "victim_decay": [40], "victim_epochs": 50, "victim_lr": 0.1, "victim_wd": 0.0}
[2026-09-10 16:17:57] Jacobian score: disabled
[2026-09-10 16:17:57] N_total=50000 budget=0.005 -> N_p=250 poisons, y_adv=5(dog) target_class=2(bird)
[2026-09-10 16:17:57] === surrogates (20 x ConvNetBN, trained on the full real set) ===
[2026-09-10 16:17:57]   crafting on 5/20 surrogates
[2026-09-10 16:17:57] === selection surrogates (20 x VGG13BN, cross-architecture) ===
[2026-09-10 16:17:59] === clean victims (6 x ConvNetBN) ===
[2026-09-10 16:17:59]   clean baseline CTA = 0.8127 +/- 0.0074
[2026-09-10 16:17:59]   target pool 1000 -> eligible 963 (37 already predicted as y_adv or dropped)
[2026-09-10 16:17:59]   chosen 6 targets (file), p_adv range 0.0000..0.0000
[2026-09-10 16:17:59]   targets: [843, 1257, 8252, 8730, 8055, 5859]
[2026-09-10 16:18:00] === target 843 (1/6) ===
[2026-09-10 16:30:03]   target 843: crafted 250 poisons in 720 s, obj=0.31144
[2026-09-10 16:30:03]   target 843: realized linf = 0.03137 (8.00/255), budget = 8.00/255
[2026-09-10 16:30:53]   [t843 v1/6] fail (pred=bird) CTA=0.8076
[2026-09-10 16:31:45]   [t843 v2/6] fail (pred=bird) CTA=0.8070
[2026-09-10 16:32:36]   [t843 v3/6] SUCCESS (pred=dog) CTA=0.8113
[2026-09-10 16:33:28]   [t843 v4/6] SUCCESS (pred=dog) CTA=0.8138
[2026-09-10 16:34:19]   [t843 v5/6] fail (pred=bird) CTA=0.8045
[2026-09-10 16:35:11]   [t843 v6/6] fail (pred=bird) CTA=0.7911
[2026-09-10 16:35:11]   target 843, 6 victims on this gpu: ASR=33.3% CTA=0.8059 +/- 0.0073
[2026-09-10 16:35:11] === target 1257 (2/6) ===
[2026-09-10 16:47:14]   target 1257: crafted 250 poisons in 720 s, obj=0.25068
[2026-09-10 16:47:14]   target 1257: realized linf = 0.03137 (8.00/255), budget = 8.00/255
[2026-09-10 16:48:05]   [t1257 v1/6] fail (pred=bird) CTA=0.7985
[2026-09-10 16:48:57]   [t1257 v2/6] fail (pred=bird) CTA=0.8101
[2026-09-10 16:49:49]   [t1257 v3/6] fail (pred=bird) CTA=0.8106
[2026-09-10 16:50:41]   [t1257 v4/6] SUCCESS (pred=dog) CTA=0.8049
[2026-09-10 16:51:33]   [t1257 v5/6] fail (pred=bird) CTA=0.8054
[2026-09-10 16:52:24]   [t1257 v6/6] fail (pred=bird) CTA=0.7941
[2026-09-10 16:52:24]   target 1257, 6 victims on this gpu: ASR=16.7% CTA=0.8039 +/- 0.0059
[2026-09-10 16:52:24] === target 8252 (3/6) ===
[2026-09-10 17:04:27]   target 8252: crafted 250 poisons in 720 s, obj=0.22133
[2026-09-10 17:04:27]   target 8252: realized linf = 0.03137 (8.00/255), budget = 8.00/255
[2026-09-10 17:05:18]   [t8252 v1/6] SUCCESS (pred=dog) CTA=0.8035
[2026-09-10 17:06:10]   [t8252 v2/6] SUCCESS (pred=dog) CTA=0.8117
[2026-09-10 17:07:01]   [t8252 v3/6] SUCCESS (pred=dog) CTA=0.8033
[2026-09-10 17:07:53]   [t8252 v4/6] fail (pred=cat) CTA=0.7974
[2026-09-10 17:08:45]   [t8252 v5/6] SUCCESS (pred=dog) CTA=0.7968
[2026-09-10 17:09:36]   [t8252 v6/6] SUCCESS (pred=dog) CTA=0.8050
[2026-09-10 17:09:36]   target 8252, 6 victims on this gpu: ASR=83.3% CTA=0.8029 +/- 0.0050
[2026-09-10 17:09:36] === target 8730 (4/6) ===
[2026-09-10 17:21:39]   target 8730: crafted 250 poisons in 720 s, obj=0.24179
[2026-09-10 17:21:39]   target 8730: realized linf = 0.03137 (8.00/255), budget = 8.00/255
[2026-09-10 17:22:31]   [t8730 v1/6] fail (pred=bird) CTA=0.8077
[2026-09-10 17:23:22]   [t8730 v2/6] fail (pred=bird) CTA=0.8127
[2026-09-10 17:24:14]   [t8730 v3/6] SUCCESS (pred=dog) CTA=0.8155
[2026-09-10 17:25:06]   [t8730 v4/6] fail (pred=cat) CTA=0.7989
[2026-09-10 17:25:57]   [t8730 v5/6] SUCCESS (pred=dog) CTA=0.8039
[2026-09-10 17:26:49]   [t8730 v6/6] fail (pred=bird) CTA=0.8082
[2026-09-10 17:26:49]   target 8730, 6 victims on this gpu: ASR=33.3% CTA=0.8078 +/- 0.0054
[2026-09-10 17:26:49] === target 8055 (5/6) ===
[2026-09-10 17:38:53]   target 8055: crafted 250 poisons in 721 s, obj=0.31857
[2026-09-10 17:38:53]   target 8055: realized linf = 0.03137 (8.00/255), budget = 8.00/255
[2026-09-10 17:39:44]   [t8055 v1/6] fail (pred=bird) CTA=0.8070
[2026-09-10 17:40:35]   [t8055 v2/6] fail (pred=bird) CTA=0.7982
[2026-09-10 17:41:27]   [t8055 v3/6] SUCCESS (pred=dog) CTA=0.8096
[2026-09-10 17:42:18]   [t8055 v4/6] fail (pred=bird) CTA=0.8005
[2026-09-10 17:43:10]   [t8055 v5/6] fail (pred=bird) CTA=0.8162
[2026-09-10 17:44:01]   [t8055 v6/6] fail (pred=bird) CTA=0.8027
[2026-09-10 17:44:01]   target 8055, 6 victims on this gpu: ASR=16.7% CTA=0.8057 +/- 0.0060
[2026-09-10 17:44:01] === target 5859 (6/6) ===
[2026-09-10 17:56:05]   target 5859: crafted 250 poisons in 721 s, obj=0.25501
[2026-09-10 17:56:05]   target 5859: realized linf = 0.03137 (8.00/255), budget = 8.00/255
[2026-09-10 17:56:56]   [t5859 v1/6] fail (pred=bird) CTA=0.7987
[2026-09-10 17:57:47]   [t5859 v2/6] SUCCESS (pred=dog) CTA=0.8113
[2026-09-10 17:58:39]   [t5859 v3/6] SUCCESS (pred=dog) CTA=0.8099
[2026-09-10 17:59:31]   [t5859 v4/6] fail (pred=horse) CTA=0.8021
[2026-09-10 18:00:22]   [t5859 v5/6] SUCCESS (pred=dog) CTA=0.8098
[2026-09-10 18:01:14]   [t5859 v6/6] fail (pred=bird) CTA=0.8027
[2026-09-10 18:01:14]   target 5859, 6 victims on this gpu: ASR=50.0% CTA=0.8057 +/- 0.0048
[2026-09-10 18:01:14] ==== CIFAR10_ConvNetBN_gradmatch_ours_dog-bird_b0.005_eps8_seed42_lam1_cosine_selarchVGG13BN_K20_ce5_tgt70 : ASR = 38.9% +/- 22.9% | CTA = 0.8053 (baseline 0.8127) ====
[2026-09-10 18:01:14]   target-prediction tally ['airplane', 'automobile', 'bird', 'cat', 'deer', 'dog', 'frog', 'horse', 'ship', 'truck']: [0, 0, 19, 2, 0, 14, 0, 1, 0, 0]
sync: paired architecture-transfer output -> /home/mmoslem3/scratch/PoisonBase
sync: complete
