stage: optional directory absent: /home/mmoslem3/scratch/PoisonBase/ours_result/CIFAR10_ConvNetBN_gradmatch_ours_dog-bird_b0.005_eps8_seed42_lam1_cosine_selarchResNet20BN_K20_ce5_tgt70
job: 867654 xfer_gm_b0005_basis_sr20 on rack02-09
config: A=V=ConvNetBN S=ResNet20BN K=20 attack=gradmatch selection=BASIS budget=0.005 targets=6 victims=6
pairing: A=V=ConvNetBN, S=ResNet20BN, K=20, 6 targets x 6 victims
gpu: NVIDIA L40S
[2026-09-10 16:17:57] === run start: CIFAR10_ConvNetBN_gradmatch_ours_dog-bird_b0.005_eps8_seed42_lam1_cosine_selarchResNet20BN_K20_ce5_tgt70 on cuda [0] ===
[2026-09-10 16:17:57] args: {"FORCE": false, "attack": "gradmatch", "base": "ours", "base_dist": "cosine", "base_topr": null, "budget": 0.005, "cache_dir": "/tmp/PoisonBase/cache", "class_pair": "dog-bird", "clean_baseline": true, "craft_alpha": 0.0039216, "craft_aug": true, "craft_batch": 256, "craft_ensemble": 5, "craft_lowmem": false, "craft_schedule": false, "craft_steps": 750, "data_path": "/tmp/PoisonBase/data", "dataset": "CIFAR10", "distance_margin_coef": null, "dsa_strategy": "color_crop_cutout_flip_scale_rotate", "epsilon": 0.0313725, "fast_gradmatch": false, "fc_mode": "sample", "fc_restarts": 1, "gpus": "all", "jacobian_batch_size": 64, "jacobian_weight": 1.0, "lambda_margin": 1.0, "model": "ConvNetBN", "no_resume": false, "num_poisons": 500, "num_surrogates": 20, "num_targets": 6, "num_victims": 6, "out_dir": "/tmp/PoisonBase/ours_result", "pair_order": "poison-target", "parallel_pretrain": true, "parallel_targets": true, "precompute_id": null, "precompute_only": false, "precompute_part": "both", "rank_on_victims": true, "recompute_deltas": false, "require_correct_target": false, "restarts": 8, "seed": 42, "sel_K": 20, "sel_alpha": 1.0, "sel_criterion": null, "sel_dpp": false, "sel_filter": false, "sel_mmr": false, "sel_mode": null, "sel_model": "ResNet20BN", "sel_mu": 1.0, "sel_pca": false, "sel_pool": 3.0, "sharp_mode": "worst", "sharp_samples": 20, "sharp_sigma": 0.05, "steal_timeout": 7200.0, "surrogate_aug": false, "surrogate_bs": 128, "surrogate_decay": [35, 45], "surrogate_epochs": 60, "surrogate_lr": 0.1, "surrogate_wd": 0.0, "target_idx_file": "/tmp/PoisonBase/target_sets/ConvNetBN_gradmatch_dog-bird.json", "target_select": 70, "use_jacobian_score": false, "victim_aug": false, "victim_bs": 125, "victim_decay": [40], "victim_epochs": 50, "victim_lr": 0.1, "victim_wd": 0.0}
[2026-09-10 16:17:57] Jacobian score: disabled
[2026-09-10 16:17:57] N_total=50000 budget=0.005 -> N_p=250 poisons, y_adv=5(dog) target_class=2(bird)
[2026-09-10 16:17:57] === surrogates (20 x ConvNetBN, trained on the full real set) ===
[2026-09-10 16:17:57]   crafting on 5/20 surrogates
[2026-09-10 16:17:57] === selection surrogates (20 x ResNet20BN, cross-architecture) ===
[2026-09-10 16:17:57] === clean victims (6 x ConvNetBN) ===
[2026-09-10 16:17:58]   clean baseline CTA = 0.8127 +/- 0.0074
[2026-09-10 16:17:58]   target pool 1000 -> eligible 963 (37 already predicted as y_adv or dropped)
[2026-09-10 16:17:58]   chosen 6 targets (file), p_adv range 0.0000..0.0000
[2026-09-10 16:17:58]   targets: [843, 1257, 8252, 8730, 8055, 5859]
[2026-09-10 16:17:58] === target 843 (1/6) ===
[2026-09-10 16:30:02]   target 843: crafted 250 poisons in 723 s, obj=0.29278
[2026-09-10 16:30:02]   target 843: realized linf = 0.03137 (8.00/255), budget = 8.00/255
[2026-09-10 16:30:53]   [t843 v1/6] SUCCESS (pred=dog) CTA=0.8086
[2026-09-10 16:31:43]   [t843 v2/6] fail (pred=bird) CTA=0.8100
[2026-09-10 16:32:33]   [t843 v3/6] SUCCESS (pred=dog) CTA=0.8055
[2026-09-10 16:33:23]   [t843 v4/6] SUCCESS (pred=dog) CTA=0.8096
[2026-09-10 16:34:13]   [t843 v5/6] SUCCESS (pred=dog) CTA=0.7982
[2026-09-10 16:35:03]   [t843 v6/6] fail (pred=bird) CTA=0.7845
[2026-09-10 16:35:03]   target 843, 6 victims on this gpu: ASR=66.7% CTA=0.8027 +/- 0.0091
[2026-09-10 16:35:03] === target 1257 (2/6) ===
[2026-09-10 16:47:04]   target 1257: crafted 250 poisons in 720 s, obj=0.25383
[2026-09-10 16:47:04]   target 1257: realized linf = 0.03137 (8.00/255), budget = 8.00/255
[2026-09-10 16:47:55]   [t1257 v1/6] SUCCESS (pred=dog) CTA=0.7940
[2026-09-10 16:48:45]   [t1257 v2/6] SUCCESS (pred=dog) CTA=0.8096
[2026-09-10 16:49:34]   [t1257 v3/6] fail (pred=bird) CTA=0.8114
[2026-09-10 16:50:24]   [t1257 v4/6] fail (pred=bird) CTA=0.8009
[2026-09-10 16:51:13]   [t1257 v5/6] SUCCESS (pred=dog) CTA=0.7997
[2026-09-10 16:52:03]   [t1257 v6/6] SUCCESS (pred=dog) CTA=0.7928
[2026-09-10 16:52:03]   target 1257, 6 victims on this gpu: ASR=66.7% CTA=0.8014 +/- 0.0071
[2026-09-10 16:52:03] === target 8252 (3/6) ===
[2026-09-10 17:04:02]   target 8252: crafted 250 poisons in 718 s, obj=0.21722
[2026-09-10 17:04:02]   target 8252: realized linf = 0.03137 (8.00/255), budget = 8.00/255
[2026-09-10 17:04:53]   [t8252 v1/6] SUCCESS (pred=dog) CTA=0.8009
[2026-09-10 17:05:43]   [t8252 v2/6] SUCCESS (pred=dog) CTA=0.8165
[2026-09-10 17:06:33]   [t8252 v3/6] SUCCESS (pred=dog) CTA=0.8100
[2026-09-10 17:07:22]   [t8252 v4/6] SUCCESS (pred=dog) CTA=0.7920
[2026-09-10 17:08:12]   [t8252 v5/6] SUCCESS (pred=dog) CTA=0.7880
[2026-09-10 17:09:02]   [t8252 v6/6] SUCCESS (pred=dog) CTA=0.8088
[2026-09-10 17:09:02]   target 8252, 6 victims on this gpu: ASR=100.0% CTA=0.8027 +/- 0.0101
[2026-09-10 17:09:02] === target 8730 (4/6) ===
[2026-09-10 17:21:01]   target 8730: crafted 250 poisons in 718 s, obj=0.23333
[2026-09-10 17:21:01]   target 8730: realized linf = 0.03137 (8.00/255), budget = 8.00/255
[2026-09-10 17:21:52]   [t8730 v1/6] fail (pred=bird) CTA=0.8073
[2026-09-10 17:22:42]   [t8730 v2/6] fail (pred=bird) CTA=0.8118
[2026-09-10 17:23:32]   [t8730 v3/6] fail (pred=bird) CTA=0.8190
[2026-09-10 17:24:21]   [t8730 v4/6] fail (pred=bird) CTA=0.7986
[2026-09-10 17:25:11]   [t8730 v5/6] SUCCESS (pred=dog) CTA=0.8036
[2026-09-10 17:26:01]   [t8730 v6/6] fail (pred=bird) CTA=0.8057
[2026-09-10 17:26:01]   target 8730, 6 victims on this gpu: ASR=16.7% CTA=0.8077 +/- 0.0064
[2026-09-10 17:26:01] === target 8055 (5/6) ===
[2026-09-10 17:38:01]   target 8055: crafted 250 poisons in 719 s, obj=0.28972
[2026-09-10 17:38:01]   target 8055: realized linf = 0.03137 (8.00/255), budget = 8.00/255
[2026-09-10 17:38:52]   [t8055 v1/6] fail (pred=frog) CTA=0.8064
[2026-09-10 17:39:42]   [t8055 v2/6] fail (pred=bird) CTA=0.8025
[2026-09-10 17:40:32]   [t8055 v3/6] fail (pred=bird) CTA=0.8172
[2026-09-10 17:41:22]   [t8055 v4/6] fail (pred=bird) CTA=0.7981
[2026-09-10 17:42:12]   [t8055 v5/6] fail (pred=bird) CTA=0.8095
[2026-09-10 17:43:01]   [t8055 v6/6] fail (pred=bird) CTA=0.8077
[2026-09-10 17:43:01]   target 8055, 6 victims on this gpu: ASR=0.0% CTA=0.8069 +/- 0.0059
[2026-09-10 17:43:01] === target 5859 (6/6) ===
[2026-09-10 17:55:00]   target 5859: crafted 250 poisons in 717 s, obj=0.24937
[2026-09-10 17:55:00]   target 5859: realized linf = 0.03137 (8.00/255), budget = 8.00/255
[2026-09-10 17:55:51]   [t5859 v1/6] fail (pred=bird) CTA=0.7993
[2026-09-10 17:56:41]   [t5859 v2/6] SUCCESS (pred=dog) CTA=0.8023
[2026-09-10 17:57:31]   [t5859 v3/6] SUCCESS (pred=dog) CTA=0.8038
[2026-09-10 17:58:21]   [t5859 v4/6] fail (pred=deer) CTA=0.8080
[2026-09-10 17:59:11]   [t5859 v5/6] SUCCESS (pred=dog) CTA=0.8101
[2026-09-10 18:00:00]   [t5859 v6/6] fail (pred=frog) CTA=0.7952
[2026-09-10 18:00:00]   target 5859, 6 victims on this gpu: ASR=50.0% CTA=0.8031 +/- 0.0050
[2026-09-10 18:00:00] ==== CIFAR10_ConvNetBN_gradmatch_ours_dog-bird_b0.005_eps8_seed42_lam1_cosine_selarchResNet20BN_K20_ce5_tgt70 : ASR = 50.0% +/- 33.3% | CTA = 0.8041 (baseline 0.8127) ====
[2026-09-10 18:00:00]   target-prediction tally ['airplane', 'automobile', 'bird', 'cat', 'deer', 'dog', 'frog', 'horse', 'ship', 'truck']: [0, 0, 15, 0, 1, 18, 2, 0, 0, 0]
sync: paired architecture-transfer output -> /home/mmoslem3/scratch/PoisonBase
sync: complete
