stage: optional directory absent: /home/mmoslem3/scratch/PoisonBase/ours_result/CIFAR10_ConvNetBN_sapa_ours_dog-bird_b0.005_eps8_seed42_lam1_cosine_selarchResNet20BN_K20_worst0.05_ce5_tgt70
job: 867667 xfer_sapa_b0005_basis_sr20 on rack13-02
config: A=V=ConvNetBN S=ResNet20BN K=20 attack=sapa selection=BASIS budget=0.005 targets=6 victims=6
pairing: A=V=ConvNetBN, S=ResNet20BN, K=20, 6 targets x 6 victims
gpu: NVIDIA L40S
[2026-09-10 16:23:40] === run start: CIFAR10_ConvNetBN_sapa_ours_dog-bird_b0.005_eps8_seed42_lam1_cosine_selarchResNet20BN_K20_worst0.05_ce5_tgt70 on cuda [0] ===
[2026-09-10 16:23:40] args: {"FORCE": false, "attack": "sapa", "base": "ours", "base_dist": "cosine", "base_topr": null, "budget": 0.005, "cache_dir": "/tmp/PoisonBase/cache", "class_pair": "dog-bird", "clean_baseline": true, "craft_alpha": 0.0039216, "craft_aug": true, "craft_batch": 256, "craft_ensemble": 5, "craft_lowmem": false, "craft_schedule": false, "craft_steps": 750, "data_path": "/tmp/PoisonBase/data", "dataset": "CIFAR10", "distance_margin_coef": null, "dsa_strategy": "color_crop_cutout_flip_scale_rotate", "epsilon": 0.0313725, "fast_gradmatch": false, "fc_mode": "sample", "fc_restarts": 1, "gpus": "all", "jacobian_batch_size": 64, "jacobian_weight": 1.0, "lambda_margin": 1.0, "model": "ConvNetBN", "no_resume": false, "num_poisons": 500, "num_surrogates": 20, "num_targets": 6, "num_victims": 6, "out_dir": "/tmp/PoisonBase/ours_result", "pair_order": "poison-target", "parallel_pretrain": true, "parallel_targets": true, "precompute_id": null, "precompute_only": false, "precompute_part": "both", "rank_on_victims": true, "recompute_deltas": false, "require_correct_target": false, "restarts": 8, "seed": 42, "sel_K": 20, "sel_alpha": 1.0, "sel_criterion": null, "sel_dpp": false, "sel_filter": false, "sel_mmr": false, "sel_mode": null, "sel_model": "ResNet20BN", "sel_mu": 1.0, "sel_pca": false, "sel_pool": 3.0, "sharp_mode": "worst", "sharp_samples": 20, "sharp_sigma": 0.05, "steal_timeout": 7200.0, "surrogate_aug": false, "surrogate_bs": 128, "surrogate_decay": [35, 45], "surrogate_epochs": 60, "surrogate_lr": 0.1, "surrogate_wd": 0.0, "target_idx_file": "/tmp/PoisonBase/target_sets/ConvNetBN_gradmatch_dog-bird.json", "target_select": 70, "use_jacobian_score": false, "victim_aug": false, "victim_bs": 125, "victim_decay": [40], "victim_epochs": 50, "victim_lr": 0.1, "victim_wd": 0.0}
[2026-09-10 16:23:40] Jacobian score: disabled
[2026-09-10 16:23:40] N_total=50000 budget=0.005 -> N_p=250 poisons, y_adv=5(dog) target_class=2(bird)
[2026-09-10 16:23:40] === surrogates (20 x ConvNetBN, trained on the full real set) ===
[2026-09-10 16:23:40]   crafting on 5/20 surrogates
[2026-09-10 16:23:40] === selection surrogates (20 x ResNet20BN, cross-architecture) ===
[2026-09-10 16:23:41] === clean victims (6 x ConvNetBN) ===
[2026-09-10 16:23:42]   clean baseline CTA = 0.8127 +/- 0.0074
[2026-09-10 16:23:42]   target pool 1000 -> eligible 963 (37 already predicted as y_adv or dropped)
[2026-09-10 16:23:42]   chosen 6 targets (file), p_adv range 0.0000..0.0000
[2026-09-10 16:23:42]   targets: [843, 1257, 8252, 8730, 8055, 5859]
[2026-09-10 16:23:42] === target 843 (1/6) ===
[2026-09-10 16:35:41]   target 843: crafted 250 poisons in 718 s, obj=0.29580
[2026-09-10 16:35:41]   target 843: realized linf = 0.03137 (8.00/255), budget = 8.00/255
[2026-09-10 16:36:32]   [t843 v1/6] SUCCESS (pred=dog) CTA=0.8103
[2026-09-10 16:37:22]   [t843 v2/6] SUCCESS (pred=dog) CTA=0.8066
[2026-09-10 16:38:12]   [t843 v3/6] SUCCESS (pred=dog) CTA=0.8071
[2026-09-10 16:39:01]   [t843 v4/6] SUCCESS (pred=dog) CTA=0.8080
[2026-09-10 16:39:51]   [t843 v5/6] fail (pred=bird) CTA=0.7988
[2026-09-10 16:40:41]   [t843 v6/6] fail (pred=bird) CTA=0.7881
[2026-09-10 16:40:41]   target 843, 6 victims on this gpu: ASR=66.7% CTA=0.8032 +/- 0.0076
[2026-09-10 16:40:41] === target 1257 (2/6) ===
[2026-09-10 16:52:38]   target 1257: crafted 250 poisons in 715 s, obj=0.25784
[2026-09-10 16:52:38]   target 1257: realized linf = 0.03137 (8.00/255), budget = 8.00/255
[2026-09-10 16:53:29]   [t1257 v1/6] fail (pred=bird) CTA=0.7996
[2026-09-10 16:54:19]   [t1257 v2/6] SUCCESS (pred=dog) CTA=0.8095
[2026-09-10 16:55:08]   [t1257 v3/6] SUCCESS (pred=dog) CTA=0.8099
[2026-09-10 16:55:58]   [t1257 v4/6] fail (pred=bird) CTA=0.7983
[2026-09-10 16:56:48]   [t1257 v5/6] fail (pred=bird) CTA=0.8018
[2026-09-10 16:57:37]   [t1257 v6/6] fail (pred=bird) CTA=0.7946
[2026-09-10 16:57:38]   target 1257, 6 victims on this gpu: ASR=33.3% CTA=0.8023 +/- 0.0057
[2026-09-10 16:57:38] === target 8252 (3/6) ===
[2026-09-10 17:09:35]   target 8252: crafted 250 poisons in 716 s, obj=0.21562
[2026-09-10 17:09:35]   target 8252: realized linf = 0.03137 (8.00/255), budget = 8.00/255
[2026-09-10 17:10:25]   [t8252 v1/6] SUCCESS (pred=dog) CTA=0.7993
[2026-09-10 17:11:15]   [t8252 v2/6] SUCCESS (pred=dog) CTA=0.8131
[2026-09-10 17:12:05]   [t8252 v3/6] SUCCESS (pred=dog) CTA=0.8028
[2026-09-10 17:12:55]   [t8252 v4/6] fail (pred=cat) CTA=0.7937
[2026-09-10 17:13:45]   [t8252 v5/6] fail (pred=horse) CTA=0.7937
[2026-09-10 17:14:34]   [t8252 v6/6] SUCCESS (pred=dog) CTA=0.8102
[2026-09-10 17:14:35]   target 8252, 6 victims on this gpu: ASR=66.7% CTA=0.8021 +/- 0.0075
[2026-09-10 17:14:35] === target 8730 (4/6) ===
[2026-09-10 17:26:32]   target 8730: crafted 250 poisons in 716 s, obj=0.23858
[2026-09-10 17:26:32]   target 8730: realized linf = 0.03137 (8.00/255), budget = 8.00/255
[2026-09-10 17:27:23]   [t8730 v1/6] fail (pred=bird) CTA=0.8067
[2026-09-10 17:28:13]   [t8730 v2/6] SUCCESS (pred=dog) CTA=0.8090
[2026-09-10 17:29:02]   [t8730 v3/6] fail (pred=bird) CTA=0.8123
[2026-09-10 17:29:52]   [t8730 v4/6] SUCCESS (pred=dog) CTA=0.8130
[2026-09-10 17:30:42]   [t8730 v5/6] fail (pred=bird) CTA=0.8058
[2026-09-10 17:31:32]   [t8730 v6/6] fail (pred=bird) CTA=0.8131
[2026-09-10 17:31:32]   target 8730, 6 victims on this gpu: ASR=33.3% CTA=0.8100 +/- 0.0030
[2026-09-10 17:31:32] === target 8055 (5/6) ===
[2026-09-10 17:43:30]   target 8055: crafted 250 poisons in 717 s, obj=0.28259
[2026-09-10 17:43:30]   target 8055: realized linf = 0.03137 (8.00/255), budget = 8.00/255
[2026-09-10 17:44:21]   [t8055 v1/6] fail (pred=bird) CTA=0.8059
[2026-09-10 17:45:11]   [t8055 v2/6] SUCCESS (pred=dog) CTA=0.7967
[2026-09-10 17:46:01]   [t8055 v3/6] fail (pred=bird) CTA=0.8151
[2026-09-10 17:46:51]   [t8055 v4/6] fail (pred=frog) CTA=0.7944
[2026-09-10 17:47:40]   [t8055 v5/6] fail (pred=bird) CTA=0.8144
[2026-09-10 17:48:30]   [t8055 v6/6] fail (pred=frog) CTA=0.8002
[2026-09-10 17:48:30]   target 8055, 6 victims on this gpu: ASR=16.7% CTA=0.8045 +/- 0.0081
[2026-09-10 17:48:30] === target 5859 (6/6) ===
[2026-09-10 18:00:29]   target 5859: crafted 250 poisons in 717 s, obj=0.25112
[2026-09-10 18:00:29]   target 5859: realized linf = 0.03137 (8.00/255), budget = 8.00/255
[2026-09-10 18:01:19]   [t5859 v1/6] fail (pred=bird) CTA=0.8065
[2026-09-10 18:02:09]   [t5859 v2/6] fail (pred=bird) CTA=0.8013
[2026-09-10 18:02:59]   [t5859 v3/6] fail (pred=horse) CTA=0.8078
[2026-09-10 18:03:49]   [t5859 v4/6] SUCCESS (pred=dog) CTA=0.8075
[2026-09-10 18:04:39]   [t5859 v5/6] fail (pred=bird) CTA=0.8081
[2026-09-10 18:05:28]   [t5859 v6/6] fail (pred=bird) CTA=0.8003
[2026-09-10 18:05:28]   target 5859, 6 victims on this gpu: ASR=16.7% CTA=0.8053 +/- 0.0032
[2026-09-10 18:05:28] ==== CIFAR10_ConvNetBN_sapa_ours_dog-bird_b0.005_eps8_seed42_lam1_cosine_selarchResNet20BN_K20_worst0.05_ce5_tgt70 : ASR = 38.9% +/- 20.8% | CTA = 0.8045 (baseline 0.8127) ====
[2026-09-10 18:05:28]   target-prediction tally ['airplane', 'automobile', 'bird', 'cat', 'deer', 'dog', 'frog', 'horse', 'ship', 'truck']: [0, 0, 17, 1, 0, 14, 2, 2, 0, 0]
sync: paired architecture-transfer output -> /home/mmoslem3/scratch/PoisonBase
sync: complete
