gpu: NVIDIA L40S
cache: waiting for shared ConvNetBN checkpoint lock
cache: ConvNetBN checkpoints ready
cache: waiting for shared VGG13BN checkpoint lock
cache: VGG13BN checkpoints ready
run: waiting for duplicate-submission lock
targets: 10 unique pinned indices: 2540 8129 3725 5705 7663 3875 5169 6335 7488 9831
job: 927097 xk009_bp_b0002_vconv_svgg_k1 on rack13-13
config: attack=fc budget=0.002 A=V=ConvNetBN S=VGG13BN K=1 base=ours jacobian=off craft_steps=250 targets=10 victims=6
protocol: method=ours Jacobian=off targets=10 victims=6 selector_K=1
protocol: 30 shared surrogates available; crafting always uses V checkpoints 0..4
output: /home/mmoslem3/scratch/PoisonBase/cross_arch_k_10x6_result/CIFAR10_ConvNetBN_fc_ours_dog-bird_b0.002_eps8_seed42_lam1_cosine_selarchVGG13BN_K1_ce5_tgt50
[2026-09-15 05:05:09] === run start: CIFAR10_ConvNetBN_fc_ours_dog-bird_b0.002_eps8_seed42_lam1_cosine_selarchVGG13BN_K1_ce5_tgt50 on cuda [0] ===
[2026-09-15 05:05:09] args: {"FORCE": false, "attack": "fc", "base": "ours", "base_dist": "cosine", "base_topr": null, "budget": 0.002, "cache_dir": "/tmp/PoisonBase_cross_arch_k_10x6/cache", "class_pair": "dog-bird", "clean_baseline": true, "craft_alpha": 0.0039216, "craft_aug": true, "craft_batch": 256, "craft_ensemble": 5, "craft_lowmem": false, "craft_schedule": false, "craft_steps": 250, "data_path": "/tmp/PoisonBase_cross_arch_k_10x6/data", "dataset": "CIFAR10", "distance_margin_coef": null, "dsa_strategy": "color_crop_cutout_flip_scale_rotate", "epsilon": 0.0313725, "fast_gradmatch": false, "fc_mode": "sample", "fc_restarts": 1, "gpus": "all", "jacobian_batch_size": 64, "jacobian_weight": 1.0, "lambda_margin": 1.0, "model": "ConvNetBN", "no_resume": false, "num_poisons": 500, "num_surrogates": 30, "num_targets": 10, "num_victims": 6, "out_dir": "/tmp/PoisonBase_cross_arch_k_10x6/cross_arch_k_10x6_result", "pair_order": "poison-target", "parallel_pretrain": true, "parallel_targets": true, "precompute_id": null, "precompute_only": false, "precompute_part": "both", "rank_on_victims": true, "recompute_deltas": false, "require_correct_target": false, "restarts": 8, "seed": 42, "sel_K": 1, "sel_alpha": 1.0, "sel_criterion": null, "sel_dpp": false, "sel_filter": false, "sel_mmr": false, "sel_mode": null, "sel_model": "VGG13BN", "sel_mu": 1.0, "sel_pca": false, "sel_pool": 3.0, "sharp_mode": "worst", "sharp_samples": 20, "sharp_sigma": 0.05, "steal_timeout": 7200.0, "surrogate_aug": false, "surrogate_bs": 128, "surrogate_decay": [35, 45], "surrogate_epochs": 60, "surrogate_lr": 0.1, "surrogate_wd": 0.0, "target_idx_file": "/tmp/PoisonBase_cross_arch_k_10x6/target_sets/ConvNetBN_fc_dog-bird.json", "target_select": 50, "use_jacobian_score": false, "victim_aug": false, "victim_bs": 125, "victim_decay": [40], "victim_epochs": 50, "victim_lr": 0.1, "victim_wd": 0.0}
[2026-09-15 05:05:09] Jacobian score: disabled
[2026-09-15 05:05:09] N_total=50000 budget=0.002 -> N_p=100 poisons, y_adv=5(dog) target_class=2(bird)
[2026-09-15 05:05:09] === surrogates (30 x ConvNetBN, trained on the full real set) ===
[2026-09-15 05:05:09]   crafting on 5/30 surrogates
[2026-09-15 05:05:09] === selection surrogates (30 x VGG13BN, cross-architecture) ===
[2026-09-15 05:05:11] === clean victims (6 x ConvNetBN) ===
[2026-09-15 05:05:11]   clean baseline CTA = 0.8127 +/- 0.0074
[2026-09-15 05:05:11]   target pool 1000 -> eligible 963 (37 already predicted as y_adv or dropped)
[2026-09-15 05:05:11]   chosen 10 targets (file), p_adv range 0.0000..0.0069
[2026-09-15 05:05:11]   targets: [2540, 8129, 3725, 5705, 7663, 3875, 5169, 6335, 7488, 9831]
[2026-09-15 05:05:11] === target 2540 (1/10) ===
[2026-09-15 05:05:13]   target 2540: crafted 100 poisons in 2 s, obj=0.16352
[2026-09-15 05:05:13]   target 2540: realized linf = 0.03137 (8.00/255), budget = 8.00/255
[2026-09-15 05:06:03]   [t2540 v1/6] SUCCESS (pred=dog) CTA=0.8086
[2026-09-15 05:06:55]   [t2540 v2/6] SUCCESS (pred=dog) CTA=0.7720
[2026-09-15 05:07:46]   [t2540 v3/6] SUCCESS (pred=dog) CTA=0.8034
[2026-09-15 05:08:38]   [t2540 v4/6] fail (pred=bird) CTA=0.8025
[2026-09-15 05:09:30]   [t2540 v5/6] fail (pred=bird) CTA=0.7977
[2026-09-15 05:10:21]   [t2540 v6/6] fail (pred=bird) CTA=0.8055
[2026-09-15 05:10:21]   target 2540, 6 victims on this gpu: ASR=50.0% CTA=0.7983 +/- 0.0122
[2026-09-15 05:10:21] === target 8129 (2/10) ===
[2026-09-15 05:10:23]   target 8129: crafted 100 poisons in 2 s, obj=0.13271
[2026-09-15 05:10:23]   target 8129: realized linf = 0.03137 (8.00/255), budget = 8.00/255
[2026-09-15 05:11:14]   [t8129 v1/6] fail (pred=bird) CTA=0.8092
[2026-09-15 05:12:06]   [t8129 v2/6] fail (pred=bird) CTA=0.8016
[2026-09-15 05:12:57]   [t8129 v3/6] fail (pred=bird) CTA=0.7949
[2026-09-15 05:13:49]   [t8129 v4/6] fail (pred=bird) CTA=0.7978
[2026-09-15 05:14:40]   [t8129 v5/6] fail (pred=bird) CTA=0.7876
[2026-09-15 05:15:32]   [t8129 v6/6] SUCCESS (pred=dog) CTA=0.8083
[2026-09-15 05:15:32]   target 8129, 6 victims on this gpu: ASR=16.7% CTA=0.7999 +/- 0.0075
[2026-09-15 05:15:32] === target 3725 (3/10) ===
[2026-09-15 05:15:34]   target 3725: crafted 100 poisons in 2 s, obj=0.21286
[2026-09-15 05:15:34]   target 3725: realized linf = 0.03137 (8.00/255), budget = 8.00/255
[2026-09-15 05:16:25]   [t3725 v1/6] fail (pred=bird) CTA=0.8008
[2026-09-15 05:17:17]   [t3725 v2/6] SUCCESS (pred=dog) CTA=0.8025
[2026-09-15 05:18:08]   [t3725 v3/6] fail (pred=bird) CTA=0.7995
[2026-09-15 05:19:00]   [t3725 v4/6] fail (pred=bird) CTA=0.7981
[2026-09-15 05:19:51]   [t3725 v5/6] SUCCESS (pred=dog) CTA=0.8038
[2026-09-15 05:20:43]   [t3725 v6/6] fail (pred=bird) CTA=0.8122
[2026-09-15 05:20:43]   target 3725, 6 victims on this gpu: ASR=33.3% CTA=0.8028 +/- 0.0046
[2026-09-15 05:20:43] === target 5705 (4/10) ===
[2026-09-15 05:20:45]   target 5705: crafted 100 poisons in 2 s, obj=0.10645
[2026-09-15 05:20:45]   target 5705: realized linf = 0.03137 (8.00/255), budget = 8.00/255
[2026-09-15 05:21:36]   [t5705 v1/6] fail (pred=bird) CTA=0.8085
[2026-09-15 05:22:28]   [t5705 v2/6] fail (pred=bird) CTA=0.8147
[2026-09-15 05:23:19]   [t5705 v3/6] SUCCESS (pred=dog) CTA=0.7894
[2026-09-15 05:24:11]   [t5705 v4/6] fail (pred=bird) CTA=0.8116
[2026-09-15 05:25:02]   [t5705 v5/6] fail (pred=bird) CTA=0.7997
[2026-09-15 05:25:54]   [t5705 v6/6] fail (pred=bird) CTA=0.7989
[2026-09-15 05:25:54]   target 5705, 6 victims on this gpu: ASR=16.7% CTA=0.8038 +/- 0.0087
[2026-09-15 05:25:54] === target 7663 (5/10) ===
[2026-09-15 05:25:55]   target 7663: crafted 100 poisons in 2 s, obj=0.11581
[2026-09-15 05:25:55]   target 7663: realized linf = 0.03137 (8.00/255), budget = 8.00/255
[2026-09-15 05:26:47]   [t7663 v1/6] fail (pred=bird) CTA=0.8115
[2026-09-15 05:27:39]   [t7663 v2/6] fail (pred=bird) CTA=0.8086
[2026-09-15 05:28:30]   [t7663 v3/6] fail (pred=bird) CTA=0.7974
[2026-09-15 05:29:22]   [t7663 v4/6] fail (pred=frog) CTA=0.8122
[2026-09-15 05:30:13]   [t7663 v5/6] fail (pred=bird) CTA=0.8026
[2026-09-15 05:31:05]   [t7663 v6/6] fail (pred=bird) CTA=0.8095
[2026-09-15 05:31:05]   target 7663, 6 victims on this gpu: ASR=0.0% CTA=0.8070 +/- 0.0053
[2026-09-15 05:31:05] === target 3875 (6/10) ===
[2026-09-15 05:31:06]   target 3875: crafted 100 poisons in 2 s, obj=0.18896
[2026-09-15 05:31:06]   target 3875: realized linf = 0.03137 (8.00/255), budget = 8.00/255
[2026-09-15 05:31:58]   [t3875 v1/6] fail (pred=bird) CTA=0.7990
[2026-09-15 05:32:50]   [t3875 v2/6] fail (pred=bird) CTA=0.8017
[2026-09-15 05:33:41]   [t3875 v3/6] fail (pred=bird) CTA=0.8080
[2026-09-15 05:34:33]   [t3875 v4/6] fail (pred=horse) CTA=0.7960
[2026-09-15 05:35:24]   [t3875 v5/6] fail (pred=truck) CTA=0.7965
[2026-09-15 05:36:16]   [t3875 v6/6] fail (pred=bird) CTA=0.8040
[2026-09-15 05:36:16]   target 3875, 6 victims on this gpu: ASR=0.0% CTA=0.8009 +/- 0.0042
[2026-09-15 05:36:16] === target 5169 (7/10) ===
[2026-09-15 05:36:17]   target 5169: crafted 100 poisons in 2 s, obj=0.11258
[2026-09-15 05:36:17]   target 5169: realized linf = 0.03137 (8.00/255), budget = 8.00/255
[2026-09-15 05:37:09]   [t5169 v1/6] fail (pred=bird) CTA=0.7910
[2026-09-15 05:38:00]   [t5169 v2/6] fail (pred=bird) CTA=0.7931
[2026-09-15 05:38:52]   [t5169 v3/6] SUCCESS (pred=dog) CTA=0.7986
[2026-09-15 05:39:43]   [t5169 v4/6] fail (pred=bird) CTA=0.8191
[2026-09-15 05:40:35]   [t5169 v5/6] SUCCESS (pred=dog) CTA=0.7993
[2026-09-15 05:41:26]   [t5169 v6/6] fail (pred=bird) CTA=0.7875
[2026-09-15 05:41:26]   target 5169, 6 victims on this gpu: ASR=33.3% CTA=0.7981 +/- 0.0103
[2026-09-15 05:41:26] === target 6335 (8/10) ===
[2026-09-15 05:41:28]   target 6335: crafted 100 poisons in 2 s, obj=0.14098
[2026-09-15 05:41:28]   target 6335: realized linf = 0.03137 (8.00/255), budget = 8.00/255
[2026-09-15 05:42:20]   [t6335 v1/6] fail (pred=bird) CTA=0.8031
[2026-09-15 05:43:11]   [t6335 v2/6] fail (pred=bird) CTA=0.7985
[2026-09-15 05:44:03]   [t6335 v3/6] fail (pred=bird) CTA=0.8079
[2026-09-15 05:44:54]   [t6335 v4/6] fail (pred=bird) CTA=0.8052
[2026-09-15 05:45:46]   [t6335 v5/6] fail (pred=bird) CTA=0.8135
[2026-09-15 05:46:37]   [t6335 v6/6] fail (pred=bird) CTA=0.8043
[2026-09-15 05:46:37]   target 6335, 6 victims on this gpu: ASR=0.0% CTA=0.8054 +/- 0.0046
[2026-09-15 05:46:37] === target 7488 (9/10) ===
[2026-09-15 05:46:39]   target 7488: crafted 100 poisons in 2 s, obj=0.14518
[2026-09-15 05:46:39]   target 7488: realized linf = 0.03137 (8.00/255), budget = 8.00/255
[2026-09-15 05:47:30]   [t7488 v1/6] fail (pred=bird) CTA=0.8154
[2026-09-15 05:48:22]   [t7488 v2/6] fail (pred=bird) CTA=0.7474
[2026-09-15 05:49:13]   [t7488 v3/6] fail (pred=bird) CTA=0.8031
[2026-09-15 05:50:05]   [t7488 v4/6] fail (pred=bird) CTA=0.8030
[2026-09-15 05:50:56]   [t7488 v5/6] fail (pred=bird) CTA=0.8095
[2026-09-15 05:51:48]   [t7488 v6/6] fail (pred=bird) CTA=0.7963
[2026-09-15 05:51:48]   target 7488, 6 victims on this gpu: ASR=0.0% CTA=0.7958 +/- 0.0224
[2026-09-15 05:51:48] === target 9831 (10/10) ===
[2026-09-15 05:51:50]   target 9831: crafted 100 poisons in 2 s, obj=0.24367
[2026-09-15 05:51:50]   target 9831: realized linf = 0.03137 (8.00/255), budget = 8.00/255
[2026-09-15 05:52:41]   [t9831 v1/6] fail (pred=airplane) CTA=0.8000
[2026-09-15 05:53:33]   [t9831 v2/6] fail (pred=bird) CTA=0.8107
[2026-09-15 05:54:24]   [t9831 v3/6] fail (pred=frog) CTA=0.8075
[2026-09-15 05:55:16]   [t9831 v4/6] fail (pred=bird) CTA=0.8021
[2026-09-15 05:56:07]   [t9831 v5/6] SUCCESS (pred=dog) CTA=0.8053
[2026-09-15 05:56:59]   [t9831 v6/6] fail (pred=bird) CTA=0.8016
[2026-09-15 05:56:59]   target 9831, 6 victims on this gpu: ASR=16.7% CTA=0.8045 +/- 0.0037
[2026-09-15 05:56:59] ==== CIFAR10_ConvNetBN_fc_ours_dog-bird_b0.002_eps8_seed42_lam1_cosine_selarchVGG13BN_K1_ce5_tgt50 : ASR = 16.7% +/- 16.7% | CTA = 0.8016 (baseline 0.8127) ====
[2026-09-15 05:56:59]   target-prediction tally ['airplane', 'automobile', 'bird', 'cat', 'deer', 'dog', 'frog', 'horse', 'ship', 'truck']: [1, 0, 45, 0, 0, 10, 2, 1, 0, 1]
verified: 10 targets x 6 victims = 60 unique evaluations
sync: CIFAR10_ConvNetBN_fc_ours_dog-bird_b0.002_eps8_seed42_lam1_cosine_selarchVGG13BN_K1_ce5_tgt50 -> /home/mmoslem3/scratch/PoisonBase/cross_arch_k_10x6_result
sync: complete
