gpu: NVIDIA L40S
cache: waiting for shared ConvNetBN checkpoint lock
cache: ConvNetBN checkpoints ready
run: waiting for duplicate-submission lock
targets: 10 unique pinned indices: 2540 8129 3725 5705 7663 3875 5169 6335 7488 9831
job: 927090 xk002_bp_b0002_vconv_sconv_k3 on rack04-05
config: attack=fc budget=0.002 A=V=ConvNetBN S=ConvNetBN K=3 base=ours jacobian=off craft_steps=250 targets=10 victims=6
protocol: method=ours Jacobian=off targets=10 victims=6 selector_K=3
protocol: 30 shared surrogates available; crafting always uses V checkpoints 0..4
output: /home/mmoslem3/scratch/PoisonBase/cross_arch_k_10x6_result/CIFAR10_ConvNetBN_fc_ours_dog-bird_b0.002_eps8_seed42_lam1_cosine_K3_ce5_tgt50
[2026-09-14 23:20:27] === run start: CIFAR10_ConvNetBN_fc_ours_dog-bird_b0.002_eps8_seed42_lam1_cosine_K3_ce5_tgt50 on cuda [0] ===
[2026-09-14 23:20:27] args: {"FORCE": false, "attack": "fc", "base": "ours", "base_dist": "cosine", "base_topr": null, "budget": 0.002, "cache_dir": "/tmp/PoisonBase_cross_arch_k_10x6/cache", "class_pair": "dog-bird", "clean_baseline": true, "craft_alpha": 0.0039216, "craft_aug": true, "craft_batch": 256, "craft_ensemble": 5, "craft_lowmem": false, "craft_schedule": false, "craft_steps": 250, "data_path": "/tmp/PoisonBase_cross_arch_k_10x6/data", "dataset": "CIFAR10", "distance_margin_coef": null, "dsa_strategy": "color_crop_cutout_flip_scale_rotate", "epsilon": 0.0313725, "fast_gradmatch": false, "fc_mode": "sample", "fc_restarts": 1, "gpus": "all", "jacobian_batch_size": 64, "jacobian_weight": 1.0, "lambda_margin": 1.0, "model": "ConvNetBN", "no_resume": false, "num_poisons": 500, "num_surrogates": 30, "num_targets": 10, "num_victims": 6, "out_dir": "/tmp/PoisonBase_cross_arch_k_10x6/cross_arch_k_10x6_result", "pair_order": "poison-target", "parallel_pretrain": true, "parallel_targets": true, "precompute_id": null, "precompute_only": false, "precompute_part": "both", "rank_on_victims": true, "recompute_deltas": false, "require_correct_target": false, "restarts": 8, "seed": 42, "sel_K": 3, "sel_alpha": 1.0, "sel_criterion": null, "sel_dpp": false, "sel_filter": false, "sel_mmr": false, "sel_mode": null, "sel_model": "ConvNetBN", "sel_mu": 1.0, "sel_pca": false, "sel_pool": 3.0, "sharp_mode": "worst", "sharp_samples": 20, "sharp_sigma": 0.05, "steal_timeout": 7200.0, "surrogate_aug": false, "surrogate_bs": 128, "surrogate_decay": [35, 45], "surrogate_epochs": 60, "surrogate_lr": 0.1, "surrogate_wd": 0.0, "target_idx_file": "/tmp/PoisonBase_cross_arch_k_10x6/target_sets/ConvNetBN_fc_dog-bird.json", "target_select": 50, "use_jacobian_score": false, "victim_aug": false, "victim_bs": 125, "victim_decay": [40], "victim_epochs": 50, "victim_lr": 0.1, "victim_wd": 0.0}
[2026-09-14 23:20:27] Jacobian score: disabled
[2026-09-14 23:20:27] N_total=50000 budget=0.002 -> N_p=100 poisons, y_adv=5(dog) target_class=2(bird)
[2026-09-14 23:20:27] === surrogates (30 x ConvNetBN, trained on the full real set) ===
[2026-09-14 23:20:28]   crafting on 5/30 surrogates
[2026-09-14 23:20:28] === clean victims (6 x ConvNetBN) ===
[2026-09-14 23:20:29]   clean baseline CTA = 0.8127 +/- 0.0074
[2026-09-14 23:20:29]   target pool 1000 -> eligible 963 (37 already predicted as y_adv or dropped)
[2026-09-14 23:20:29]   chosen 10 targets (file), p_adv range 0.0000..0.0069
[2026-09-14 23:20:29]   targets: [2540, 8129, 3725, 5705, 7663, 3875, 5169, 6335, 7488, 9831]
[2026-09-14 23:20:29] === target 2540 (1/10) ===
[2026-09-14 23:20:31]   target 2540: crafted 100 poisons in 2 s, obj=0.14737
[2026-09-14 23:20:31]   target 2540: realized linf = 0.03137 (8.00/255), budget = 8.00/255
[2026-09-14 23:21:21]   [t2540 v1/6] SUCCESS (pred=dog) CTA=0.8006
[2026-09-14 23:22:11]   [t2540 v2/6] fail (pred=bird) CTA=0.7813
[2026-09-14 23:23:01]   [t2540 v3/6] fail (pred=bird) CTA=0.8041
[2026-09-14 23:23:51]   [t2540 v4/6] fail (pred=bird) CTA=0.8052
[2026-09-14 23:24:41]   [t2540 v5/6] fail (pred=bird) CTA=0.8001
[2026-09-14 23:25:31]   [t2540 v6/6] SUCCESS (pred=dog) CTA=0.8050
[2026-09-14 23:25:31]   target 2540, 6 victims on this gpu: ASR=33.3% CTA=0.7994 +/- 0.0083
[2026-09-14 23:25:31] === target 8129 (2/10) ===
[2026-09-14 23:25:33]   target 8129: crafted 100 poisons in 2 s, obj=0.10991
[2026-09-14 23:25:33]   target 8129: realized linf = 0.03137 (8.00/255), budget = 8.00/255
[2026-09-14 23:26:24]   [t8129 v1/6] fail (pred=bird) CTA=0.8048
[2026-09-14 23:27:14]   [t8129 v2/6] SUCCESS (pred=dog) CTA=0.8006
[2026-09-14 23:28:04]   [t8129 v3/6] SUCCESS (pred=dog) CTA=0.7916
[2026-09-14 23:28:54]   [t8129 v4/6] SUCCESS (pred=dog) CTA=0.8017
[2026-09-14 23:29:44]   [t8129 v5/6] fail (pred=bird) CTA=0.7953
[2026-09-14 23:30:34]   [t8129 v6/6] SUCCESS (pred=dog) CTA=0.8042
[2026-09-14 23:30:34]   target 8129, 6 victims on this gpu: ASR=66.7% CTA=0.7997 +/- 0.0048
[2026-09-14 23:30:34] === target 3725 (3/10) ===
[2026-09-14 23:30:36]   target 3725: crafted 100 poisons in 2 s, obj=0.17441
[2026-09-14 23:30:36]   target 3725: realized linf = 0.03137 (8.00/255), budget = 8.00/255
[2026-09-14 23:31:27]   [t3725 v1/6] SUCCESS (pred=dog) CTA=0.8039
[2026-09-14 23:32:17]   [t3725 v2/6] SUCCESS (pred=dog) CTA=0.7986
[2026-09-14 23:33:07]   [t3725 v3/6] fail (pred=bird) CTA=0.7995
[2026-09-14 23:33:57]   [t3725 v4/6] SUCCESS (pred=dog) CTA=0.7959
[2026-09-14 23:34:47]   [t3725 v5/6] SUCCESS (pred=dog) CTA=0.8067
[2026-09-14 23:35:37]   [t3725 v6/6] SUCCESS (pred=dog) CTA=0.8089
[2026-09-14 23:35:37]   target 3725, 6 victims on this gpu: ASR=83.3% CTA=0.8022 +/- 0.0046
[2026-09-14 23:35:37] === target 5705 (4/10) ===
[2026-09-14 23:35:39]   target 5705: crafted 100 poisons in 2 s, obj=0.07502
[2026-09-14 23:35:39]   target 5705: realized linf = 0.03137 (8.00/255), budget = 8.00/255
[2026-09-14 23:36:30]   [t5705 v1/6] SUCCESS (pred=dog) CTA=0.7993
[2026-09-14 23:37:20]   [t5705 v2/6] SUCCESS (pred=dog) CTA=0.8174
[2026-09-14 23:38:09]   [t5705 v3/6] SUCCESS (pred=dog) CTA=0.7950
[2026-09-14 23:38:59]   [t5705 v4/6] fail (pred=bird) CTA=0.8091
[2026-09-14 23:39:49]   [t5705 v5/6] SUCCESS (pred=dog) CTA=0.8040
[2026-09-14 23:40:39]   [t5705 v6/6] fail (pred=bird) CTA=0.7984
[2026-09-14 23:40:39]   target 5705, 6 victims on this gpu: ASR=66.7% CTA=0.8039 +/- 0.0075
[2026-09-14 23:40:39] === target 7663 (5/10) ===
[2026-09-14 23:40:41]   target 7663: crafted 100 poisons in 2 s, obj=0.08108
[2026-09-14 23:40:41]   target 7663: realized linf = 0.03137 (8.00/255), budget = 8.00/255
[2026-09-14 23:41:32]   [t7663 v1/6] SUCCESS (pred=dog) CTA=0.8078
[2026-09-14 23:42:22]   [t7663 v2/6] SUCCESS (pred=dog) CTA=0.8026
[2026-09-14 23:43:12]   [t7663 v3/6] SUCCESS (pred=dog) CTA=0.8027
[2026-09-14 23:44:02]   [t7663 v4/6] SUCCESS (pred=dog) CTA=0.8145
[2026-09-14 23:44:52]   [t7663 v5/6] fail (pred=bird) CTA=0.8084
[2026-09-14 23:45:42]   [t7663 v6/6] SUCCESS (pred=dog) CTA=0.8106
[2026-09-14 23:45:42]   target 7663, 6 victims on this gpu: ASR=83.3% CTA=0.8078 +/- 0.0042
[2026-09-14 23:45:42] === target 3875 (6/10) ===
[2026-09-14 23:45:44]   target 3875: crafted 100 poisons in 2 s, obj=0.15980
[2026-09-14 23:45:44]   target 3875: realized linf = 0.03137 (8.00/255), budget = 8.00/255
[2026-09-14 23:46:34]   [t3875 v1/6] SUCCESS (pred=dog) CTA=0.8021
[2026-09-14 23:47:24]   [t3875 v2/6] fail (pred=bird) CTA=0.8003
[2026-09-14 23:48:14]   [t3875 v3/6] fail (pred=bird) CTA=0.8041
[2026-09-14 23:49:04]   [t3875 v4/6] SUCCESS (pred=dog) CTA=0.7923
[2026-09-14 23:49:54]   [t3875 v5/6] SUCCESS (pred=dog) CTA=0.7929
[2026-09-14 23:50:44]   [t3875 v6/6] fail (pred=horse) CTA=0.8071
[2026-09-14 23:50:44]   target 3875, 6 victims on this gpu: ASR=50.0% CTA=0.7998 +/- 0.0055
[2026-09-14 23:50:44] === target 5169 (7/10) ===
[2026-09-14 23:50:46]   target 5169: crafted 100 poisons in 2 s, obj=0.07631
[2026-09-14 23:50:46]   target 5169: realized linf = 0.03137 (8.00/255), budget = 8.00/255
[2026-09-14 23:51:37]   [t5169 v1/6] SUCCESS (pred=dog) CTA=0.7895
[2026-09-14 23:52:27]   [t5169 v2/6] SUCCESS (pred=dog) CTA=0.7922
[2026-09-14 23:53:16]   [t5169 v3/6] SUCCESS (pred=dog) CTA=0.8048
[2026-09-14 23:54:06]   [t5169 v4/6] SUCCESS (pred=dog) CTA=0.8148
[2026-09-14 23:54:56]   [t5169 v5/6] SUCCESS (pred=dog) CTA=0.8073
[2026-09-14 23:55:46]   [t5169 v6/6] SUCCESS (pred=dog) CTA=0.7900
[2026-09-14 23:55:46]   target 5169, 6 victims on this gpu: ASR=100.0% CTA=0.7998 +/- 0.0097
[2026-09-14 23:55:46] === target 6335 (8/10) ===
[2026-09-14 23:55:48]   target 6335: crafted 100 poisons in 2 s, obj=0.10901
[2026-09-14 23:55:48]   target 6335: realized linf = 0.03137 (8.00/255), budget = 8.00/255
[2026-09-14 23:56:39]   [t6335 v1/6] fail (pred=bird) CTA=0.7972
[2026-09-14 23:57:29]   [t6335 v2/6] SUCCESS (pred=dog) CTA=0.7952
[2026-09-14 23:58:19]   [t6335 v3/6] fail (pred=bird) CTA=0.8042
[2026-09-14 23:59:09]   [t6335 v4/6] SUCCESS (pred=dog) CTA=0.7970
[2026-09-14 23:59:59]   [t6335 v5/6] fail (pred=bird) CTA=0.8123
[2026-09-15 00:00:49]   [t6335 v6/6] fail (pred=bird) CTA=0.8086
[2026-09-15 00:00:49]   target 6335, 6 victims on this gpu: ASR=33.3% CTA=0.8024 +/- 0.0064
[2026-09-15 00:00:49] === target 7488 (9/10) ===
[2026-09-15 00:00:50]   target 7488: crafted 100 poisons in 2 s, obj=0.11559
[2026-09-15 00:00:50]   target 7488: realized linf = 0.03137 (8.00/255), budget = 8.00/255
[2026-09-15 00:01:41]   [t7488 v1/6] SUCCESS (pred=dog) CTA=0.8105
[2026-09-15 00:02:31]   [t7488 v2/6] fail (pred=bird) CTA=0.7596
[2026-09-15 00:03:21]   [t7488 v3/6] fail (pred=bird) CTA=0.8022
[2026-09-15 00:04:11]   [t7488 v4/6] SUCCESS (pred=dog) CTA=0.8044
[2026-09-15 00:05:01]   [t7488 v5/6] fail (pred=bird) CTA=0.8112
[2026-09-15 00:05:51]   [t7488 v6/6] fail (pred=bird) CTA=0.7976
[2026-09-15 00:05:51]   target 7488, 6 victims on this gpu: ASR=33.3% CTA=0.7976 +/- 0.0176
[2026-09-15 00:05:51] === target 9831 (10/10) ===
[2026-09-15 00:05:53]   target 9831: crafted 100 poisons in 2 s, obj=0.21176
[2026-09-15 00:05:53]   target 9831: realized linf = 0.03137 (8.00/255), budget = 8.00/255
[2026-09-15 00:06:44]   [t9831 v1/6] fail (pred=bird) CTA=0.8028
[2026-09-15 00:07:33]   [t9831 v2/6] SUCCESS (pred=dog) CTA=0.8106
[2026-09-15 00:08:23]   [t9831 v3/6] SUCCESS (pred=dog) CTA=0.8120
[2026-09-15 00:09:13]   [t9831 v4/6] fail (pred=bird) CTA=0.8038
[2026-09-15 00:10:03]   [t9831 v5/6] SUCCESS (pred=dog) CTA=0.7953
[2026-09-15 00:10:53]   [t9831 v6/6] SUCCESS (pred=dog) CTA=0.8067
[2026-09-15 00:10:53]   target 9831, 6 victims on this gpu: ASR=66.7% CTA=0.8052 +/- 0.0055
[2026-09-15 00:10:53] ==== CIFAR10_ConvNetBN_fc_ours_dog-bird_b0.002_eps8_seed42_lam1_cosine_K3_ce5_tgt50 : ASR = 61.7% +/- 22.4% | CTA = 0.8018 (baseline 0.8127) ====
[2026-09-15 00:10:53]   target-prediction tally ['airplane', 'automobile', 'bird', 'cat', 'deer', 'dog', 'frog', 'horse', 'ship', 'truck']: [0, 0, 22, 0, 0, 37, 0, 1, 0, 0]
verified: 10 targets x 6 victims = 60 unique evaluations
sync: CIFAR10_ConvNetBN_fc_ours_dog-bird_b0.002_eps8_seed42_lam1_cosine_K3_ce5_tgt50 -> /home/mmoslem3/scratch/PoisonBase/cross_arch_k_10x6_result
sync: complete
