gpu: NVIDIA L40S
cache: waiting for shared ResNet20BN checkpoint lock
cache: completing surrogate checkpoints for ResNet20BN
[2026-09-14 23:17:49] precompute: ResNet20BN part=surrogate id=None on cuda:0
[2026-09-14 23:19:43]   trained surrogate 20 (ResNet20BN): test acc = 0.8375 (114 s)
[2026-09-14 23:21:36]   trained surrogate 21 (ResNet20BN): test acc = 0.8269 (113 s)
[2026-09-14 23:23:29]   trained surrogate 22 (ResNet20BN): test acc = 0.8385 (113 s)
[2026-09-14 23:25:22]   trained surrogate 23 (ResNet20BN): test acc = 0.8345 (113 s)
[2026-09-14 23:27:15]   trained surrogate 24 (ResNet20BN): test acc = 0.8334 (113 s)
[2026-09-14 23:29:08]   trained surrogate 25 (ResNet20BN): test acc = 0.8348 (113 s)
[2026-09-14 23:31:00]   trained surrogate 26 (ResNet20BN): test acc = 0.8423 (113 s)
[2026-09-14 23:32:53]   trained surrogate 27 (ResNet20BN): test acc = 0.8352 (113 s)
[2026-09-14 23:34:46]   trained surrogate 28 (ResNet20BN): test acc = 0.8376 (113 s)
[2026-09-14 23:36:39]   trained surrogate 29 (ResNet20BN): test acc = 0.8427 (113 s)
[2026-09-14 23:36:39] precompute done.
cache: ResNet20BN checkpoints ready
cache: waiting for shared ConvNetBN checkpoint lock
cache: ConvNetBN checkpoints ready
run: waiting for duplicate-submission lock
targets: 10 unique pinned indices: 3495 2903 6697 2315 6899 2312 6353 4421 2242 6768
job: 927101 xk013_bp_b0002_vr20_sconv_k1 on rack08-05
config: attack=fc budget=0.002 A=V=ResNet20BN S=ConvNetBN K=1 base=ours jacobian=off craft_steps=250 targets=10 victims=6
protocol: method=ours Jacobian=off targets=10 victims=6 selector_K=1
protocol: 30 shared surrogates available; crafting always uses V checkpoints 0..4
output: /home/mmoslem3/scratch/PoisonBase/cross_arch_k_10x6_result/CIFAR10_ResNet20BN_fc_ours_dog-bird_b0.002_eps8_seed42_lam1_cosine_selarchConvNetBN_K1_ce5_tgt10
[2026-09-14 23:36:56] === run start: CIFAR10_ResNet20BN_fc_ours_dog-bird_b0.002_eps8_seed42_lam1_cosine_selarchConvNetBN_K1_ce5_tgt10 on cuda [0] ===
[2026-09-14 23:36:56] args: {"FORCE": false, "attack": "fc", "base": "ours", "base_dist": "cosine", "base_topr": null, "budget": 0.002, "cache_dir": "/tmp/PoisonBase_cross_arch_k_10x6/cache", "class_pair": "dog-bird", "clean_baseline": true, "craft_alpha": 0.0039216, "craft_aug": true, "craft_batch": 256, "craft_ensemble": 5, "craft_lowmem": false, "craft_schedule": false, "craft_steps": 250, "data_path": "/tmp/PoisonBase_cross_arch_k_10x6/data", "dataset": "CIFAR10", "distance_margin_coef": null, "dsa_strategy": "color_crop_cutout_flip_scale_rotate", "epsilon": 0.0313725, "fast_gradmatch": false, "fc_mode": "sample", "fc_restarts": 1, "gpus": "all", "jacobian_batch_size": 64, "jacobian_weight": 1.0, "lambda_margin": 1.0, "model": "ResNet20BN", "no_resume": false, "num_poisons": 500, "num_surrogates": 30, "num_targets": 10, "num_victims": 6, "out_dir": "/tmp/PoisonBase_cross_arch_k_10x6/cross_arch_k_10x6_result", "pair_order": "poison-target", "parallel_pretrain": true, "parallel_targets": true, "precompute_id": null, "precompute_only": false, "precompute_part": "both", "rank_on_victims": true, "recompute_deltas": false, "require_correct_target": false, "restarts": 8, "seed": 42, "sel_K": 1, "sel_alpha": 1.0, "sel_criterion": null, "sel_dpp": false, "sel_filter": false, "sel_mmr": false, "sel_mode": null, "sel_model": "ConvNetBN", "sel_mu": 1.0, "sel_pca": false, "sel_pool": 3.0, "sharp_mode": "worst", "sharp_samples": 20, "sharp_sigma": 0.05, "steal_timeout": 7200.0, "surrogate_aug": false, "surrogate_bs": 128, "surrogate_decay": [35, 45], "surrogate_epochs": 60, "surrogate_lr": 0.1, "surrogate_wd": 0.0, "target_idx_file": "/tmp/PoisonBase_cross_arch_k_10x6/target_sets/ResNet20BN_fc_dog-bird.json", "target_select": 10, "use_jacobian_score": false, "victim_aug": false, "victim_bs": 125, "victim_decay": [40], "victim_epochs": 50, "victim_lr": 0.1, "victim_wd": 0.0}
[2026-09-14 23:36:56] Jacobian score: disabled
[2026-09-14 23:36:56] N_total=50000 budget=0.002 -> N_p=100 poisons, y_adv=5(dog) target_class=2(bird)
[2026-09-14 23:36:56] === surrogates (30 x ResNet20BN, trained on the full real set) ===
[2026-09-14 23:36:57]   crafting on 5/30 surrogates
[2026-09-14 23:36:57] === selection surrogates (30 x ConvNetBN, cross-architecture) ===
[2026-09-14 23:36:57] === clean victims (6 x ResNet20BN) ===
[2026-09-14 23:36:58]   clean baseline CTA = 0.8354 +/- 0.0043
[2026-09-14 23:36:58]   target pool 1000 -> eligible 978 (22 already predicted as y_adv or dropped)
[2026-09-14 23:36:58]   chosen 10 targets (file), p_adv range 0.0001..0.3564
[2026-09-14 23:36:58]   targets: [3495, 2903, 6697, 2315, 6899, 2312, 6353, 4421, 2242, 6768]
[2026-09-14 23:36:58] === target 3495 (1/10) ===
[2026-09-14 23:37:01]   target 3495: crafted 100 poisons in 3 s, obj=0.01445
[2026-09-14 23:37:01]   target 3495: realized linf = 0.03137 (8.00/255), budget = 8.00/255
[2026-09-14 23:38:37]   [t3495 v1/6] fail (pred=horse) CTA=0.8344
[2026-09-14 23:40:12]   [t3495 v2/6] fail (pred=bird) CTA=0.8397
[2026-09-14 23:41:48]   [t3495 v3/6] fail (pred=bird) CTA=0.8328
[2026-09-14 23:43:23]   [t3495 v4/6] fail (pred=bird) CTA=0.8432
[2026-09-14 23:44:58]   [t3495 v5/6] SUCCESS (pred=dog) CTA=0.8409
[2026-09-14 23:46:34]   [t3495 v6/6] fail (pred=bird) CTA=0.8398
[2026-09-14 23:46:34]   target 3495, 6 victims on this gpu: ASR=16.7% CTA=0.8385 +/- 0.0037
[2026-09-14 23:46:34] === target 2903 (2/10) ===
[2026-09-14 23:46:37]   target 2903: crafted 100 poisons in 3 s, obj=0.01962
[2026-09-14 23:46:37]   target 2903: realized linf = 0.03137 (8.00/255), budget = 8.00/255
[2026-09-14 23:48:12]   [t2903 v1/6] fail (pred=bird) CTA=0.8321
[2026-09-14 23:49:48]   [t2903 v2/6] fail (pred=bird) CTA=0.8442
[2026-09-14 23:51:23]   [t2903 v3/6] SUCCESS (pred=dog) CTA=0.8398
[2026-09-14 23:52:59]   [t2903 v4/6] fail (pred=bird) CTA=0.8435
[2026-09-14 23:54:34]   [t2903 v5/6] fail (pred=bird) CTA=0.8407
[2026-09-14 23:56:10]   [t2903 v6/6] fail (pred=bird) CTA=0.8435
[2026-09-14 23:56:10]   target 2903, 6 victims on this gpu: ASR=16.7% CTA=0.8406 +/- 0.0041
[2026-09-14 23:56:10] === target 6697 (3/10) ===
[2026-09-14 23:56:13]   target 6697: crafted 100 poisons in 3 s, obj=0.01680
[2026-09-14 23:56:13]   target 6697: realized linf = 0.03137 (8.00/255), budget = 8.00/255
[2026-09-14 23:57:48]   [t6697 v1/6] fail (pred=horse) CTA=0.8355
[2026-09-14 23:59:24]   [t6697 v2/6] fail (pred=horse) CTA=0.8421
[2026-09-15 00:00:59]   [t6697 v3/6] SUCCESS (pred=dog) CTA=0.8313
[2026-09-15 00:02:35]   [t6697 v4/6] fail (pred=horse) CTA=0.8426
[2026-09-15 00:04:10]   [t6697 v5/6] fail (pred=horse) CTA=0.8412
[2026-09-15 00:05:46]   [t6697 v6/6] SUCCESS (pred=dog) CTA=0.8431
[2026-09-15 00:05:46]   target 6697, 6 victims on this gpu: ASR=33.3% CTA=0.8393 +/- 0.0044
[2026-09-15 00:05:46] === target 2315 (4/10) ===
[2026-09-15 00:05:49]   target 2315: crafted 100 poisons in 3 s, obj=0.01724
[2026-09-15 00:05:49]   target 2315: realized linf = 0.03137 (8.00/255), budget = 8.00/255
[2026-09-15 00:07:24]   [t2315 v1/6] fail (pred=bird) CTA=0.8325
[2026-09-15 00:09:00]   [t2315 v2/6] fail (pred=bird) CTA=0.8350
[2026-09-15 00:10:36]   [t2315 v3/6] fail (pred=bird) CTA=0.8422
[2026-09-15 00:12:12]   [t2315 v4/6] fail (pred=bird) CTA=0.8389
[2026-09-15 00:13:47]   [t2315 v5/6] fail (pred=bird) CTA=0.8385
[2026-09-15 00:15:23]   [t2315 v6/6] SUCCESS (pred=dog) CTA=0.8351
[2026-09-15 00:15:23]   target 2315, 6 victims on this gpu: ASR=16.7% CTA=0.8370 +/- 0.0032
[2026-09-15 00:15:23] === target 6899 (5/10) ===
[2026-09-15 00:15:26]   target 6899: crafted 100 poisons in 3 s, obj=0.01693
[2026-09-15 00:15:26]   target 6899: realized linf = 0.03137 (8.00/255), budget = 8.00/255
[2026-09-15 00:17:02]   [t6899 v1/6] SUCCESS (pred=dog) CTA=0.8386
[2026-09-15 00:18:38]   [t6899 v2/6] SUCCESS (pred=dog) CTA=0.8393
[2026-09-15 00:20:14]   [t6899 v3/6] SUCCESS (pred=dog) CTA=0.8352
[2026-09-15 00:21:49]   [t6899 v4/6] SUCCESS (pred=dog) CTA=0.8367
[2026-09-15 00:23:25]   [t6899 v5/6] SUCCESS (pred=dog) CTA=0.8398
[2026-09-15 00:25:01]   [t6899 v6/6] SUCCESS (pred=dog) CTA=0.8321
[2026-09-15 00:25:01]   target 6899, 6 victims on this gpu: ASR=100.0% CTA=0.8369 +/- 0.0027
[2026-09-15 00:25:01] === target 2312 (6/10) ===
[2026-09-15 00:25:04]   target 2312: crafted 100 poisons in 3 s, obj=0.01553
[2026-09-15 00:25:04]   target 2312: realized linf = 0.03137 (8.00/255), budget = 8.00/255
[2026-09-15 00:26:39]   [t2312 v1/6] fail (pred=bird) CTA=0.8363
[2026-09-15 00:28:15]   [t2312 v2/6] fail (pred=bird) CTA=0.8375
[2026-09-15 00:29:51]   [t2312 v3/6] fail (pred=bird) CTA=0.8347
[2026-09-15 00:31:26]   [t2312 v4/6] fail (pred=bird) CTA=0.8394
[2026-09-15 00:33:02]   [t2312 v5/6] fail (pred=bird) CTA=0.8429
[2026-09-15 00:34:37]   [t2312 v6/6] fail (pred=bird) CTA=0.8332
[2026-09-15 00:34:37]   target 2312, 6 victims on this gpu: ASR=0.0% CTA=0.8373 +/- 0.0032
[2026-09-15 00:34:37] === target 6353 (7/10) ===
[2026-09-15 00:34:40]   target 6353: crafted 100 poisons in 3 s, obj=0.02100
[2026-09-15 00:34:40]   target 6353: realized linf = 0.03137 (8.00/255), budget = 8.00/255
[2026-09-15 00:36:16]   [t6353 v1/6] fail (pred=airplane) CTA=0.8432
[2026-09-15 00:37:51]   [t6353 v2/6] fail (pred=airplane) CTA=0.8342
[2026-09-15 00:39:27]   [t6353 v3/6] fail (pred=airplane) CTA=0.8401
[2026-09-15 00:41:03]   [t6353 v4/6] SUCCESS (pred=dog) CTA=0.8378
[2026-09-15 00:42:38]   [t6353 v5/6] fail (pred=bird) CTA=0.8303
[2026-09-15 00:44:14]   [t6353 v6/6] fail (pred=airplane) CTA=0.8405
[2026-09-15 00:44:14]   target 6353, 6 victims on this gpu: ASR=16.7% CTA=0.8377 +/- 0.0043
[2026-09-15 00:44:14] === target 4421 (8/10) ===
[2026-09-15 00:44:17]   target 4421: crafted 100 poisons in 3 s, obj=0.02292
[2026-09-15 00:44:17]   target 4421: realized linf = 0.03137 (8.00/255), budget = 8.00/255
[2026-09-15 00:45:52]   [t4421 v1/6] fail (pred=bird) CTA=0.8321
[2026-09-15 00:47:28]   [t4421 v2/6] fail (pred=bird) CTA=0.8350
[2026-09-15 00:49:03]   [t4421 v3/6] SUCCESS (pred=dog) CTA=0.8392
[2026-09-15 00:50:39]   [t4421 v4/6] fail (pred=bird) CTA=0.8378
[2026-09-15 00:52:15]   [t4421 v5/6] fail (pred=bird) CTA=0.8406
[2026-09-15 00:53:50]   [t4421 v6/6] fail (pred=bird) CTA=0.8429
[2026-09-15 00:53:50]   target 4421, 6 victims on this gpu: ASR=16.7% CTA=0.8379 +/- 0.0036
[2026-09-15 00:53:50] === target 2242 (9/10) ===
[2026-09-15 00:53:53]   target 2242: crafted 100 poisons in 3 s, obj=0.01732
[2026-09-15 00:53:53]   target 2242: realized linf = 0.03137 (8.00/255), budget = 8.00/255
[2026-09-15 00:55:29]   [t2242 v1/6] fail (pred=bird) CTA=0.8415
[2026-09-15 00:57:05]   [t2242 v2/6] fail (pred=cat) CTA=0.8421
[2026-09-15 00:58:40]   [t2242 v3/6] fail (pred=cat) CTA=0.8391
[2026-09-15 01:00:16]   [t2242 v4/6] fail (pred=deer) CTA=0.8277
[2026-09-15 01:01:51]   [t2242 v5/6] SUCCESS (pred=dog) CTA=0.8422
[2026-09-15 01:03:27]   [t2242 v6/6] SUCCESS (pred=dog) CTA=0.8343
[2026-09-15 01:03:27]   target 2242, 6 victims on this gpu: ASR=33.3% CTA=0.8378 +/- 0.0053
[2026-09-15 01:03:27] === target 6768 (10/10) ===
[2026-09-15 01:03:30]   target 6768: crafted 100 poisons in 3 s, obj=0.01381
[2026-09-15 01:03:30]   target 6768: realized linf = 0.03137 (8.00/255), budget = 8.00/255
[2026-09-15 01:05:05]   [t6768 v1/6] SUCCESS (pred=dog) CTA=0.8365
[2026-09-15 01:06:41]   [t6768 v2/6] fail (pred=bird) CTA=0.8355
[2026-09-15 01:08:17]   [t6768 v3/6] SUCCESS (pred=dog) CTA=0.8396
[2026-09-15 01:09:52]   [t6768 v4/6] fail (pred=bird) CTA=0.8314
[2026-09-15 01:11:28]   [t6768 v5/6] fail (pred=bird) CTA=0.8363
[2026-09-15 01:13:03]   [t6768 v6/6] SUCCESS (pred=dog) CTA=0.8390
[2026-09-15 01:13:03]   target 6768, 6 victims on this gpu: ASR=50.0% CTA=0.8364 +/- 0.0027
[2026-09-15 01:13:03] ==== CIFAR10_ResNet20BN_fc_ours_dog-bird_b0.002_eps8_seed42_lam1_cosine_selarchConvNetBN_K1_ce5_tgt10 : ASR = 30.0% +/- 26.7% | CTA = 0.8380 (baseline 0.8354) ====
[2026-09-15 01:13:03]   target-prediction tally ['airplane', 'automobile', 'bird', 'cat', 'deer', 'dog', 'frog', 'horse', 'ship', 'truck']: [4, 0, 30, 2, 1, 18, 0, 5, 0, 0]
verified: 10 targets x 6 victims = 60 unique evaluations
sync: CIFAR10_ResNet20BN_fc_ours_dog-bird_b0.002_eps8_seed42_lam1_cosine_selarchConvNetBN_K1_ce5_tgt10 -> /home/mmoslem3/scratch/PoisonBase/cross_arch_k_10x6_result
sync: complete
