gpu: NVIDIA L40S
cache: waiting for shared ConvNetBN checkpoint lock
cache: ConvNetBN checkpoints ready
cache: waiting for shared VGG13BN checkpoint lock
cache: VGG13BN checkpoints ready
run: waiting for duplicate-submission lock
targets: 10 unique pinned indices: 2540 8129 3725 5705 7663 3875 5169 6335 7488 9831
job: 927099 xk011_bp_b0002_vconv_svgg_k10 on rack07-05
config: attack=fc budget=0.002 A=V=ConvNetBN S=VGG13BN K=10 base=ours jacobian=off craft_steps=250 targets=10 victims=6
protocol: method=ours Jacobian=off targets=10 victims=6 selector_K=10
protocol: 30 shared surrogates available; crafting always uses V checkpoints 0..4
output: /home/mmoslem3/scratch/PoisonBase/cross_arch_k_10x6_result/CIFAR10_ConvNetBN_fc_ours_dog-bird_b0.002_eps8_seed42_lam1_cosine_selarchVGG13BN_K10_ce5_tgt50
[2026-09-14 23:40:55] === run start: CIFAR10_ConvNetBN_fc_ours_dog-bird_b0.002_eps8_seed42_lam1_cosine_selarchVGG13BN_K10_ce5_tgt50 on cuda [0] ===
[2026-09-14 23:40:55] args: {"FORCE": false, "attack": "fc", "base": "ours", "base_dist": "cosine", "base_topr": null, "budget": 0.002, "cache_dir": "/tmp/PoisonBase_cross_arch_k_10x6/cache", "class_pair": "dog-bird", "clean_baseline": true, "craft_alpha": 0.0039216, "craft_aug": true, "craft_batch": 256, "craft_ensemble": 5, "craft_lowmem": false, "craft_schedule": false, "craft_steps": 250, "data_path": "/tmp/PoisonBase_cross_arch_k_10x6/data", "dataset": "CIFAR10", "distance_margin_coef": null, "dsa_strategy": "color_crop_cutout_flip_scale_rotate", "epsilon": 0.0313725, "fast_gradmatch": false, "fc_mode": "sample", "fc_restarts": 1, "gpus": "all", "jacobian_batch_size": 64, "jacobian_weight": 1.0, "lambda_margin": 1.0, "model": "ConvNetBN", "no_resume": false, "num_poisons": 500, "num_surrogates": 30, "num_targets": 10, "num_victims": 6, "out_dir": "/tmp/PoisonBase_cross_arch_k_10x6/cross_arch_k_10x6_result", "pair_order": "poison-target", "parallel_pretrain": true, "parallel_targets": true, "precompute_id": null, "precompute_only": false, "precompute_part": "both", "rank_on_victims": true, "recompute_deltas": false, "require_correct_target": false, "restarts": 8, "seed": 42, "sel_K": 10, "sel_alpha": 1.0, "sel_criterion": null, "sel_dpp": false, "sel_filter": false, "sel_mmr": false, "sel_mode": null, "sel_model": "VGG13BN", "sel_mu": 1.0, "sel_pca": false, "sel_pool": 3.0, "sharp_mode": "worst", "sharp_samples": 20, "sharp_sigma": 0.05, "steal_timeout": 7200.0, "surrogate_aug": false, "surrogate_bs": 128, "surrogate_decay": [35, 45], "surrogate_epochs": 60, "surrogate_lr": 0.1, "surrogate_wd": 0.0, "target_idx_file": "/tmp/PoisonBase_cross_arch_k_10x6/target_sets/ConvNetBN_fc_dog-bird.json", "target_select": 50, "use_jacobian_score": false, "victim_aug": false, "victim_bs": 125, "victim_decay": [40], "victim_epochs": 50, "victim_lr": 0.1, "victim_wd": 0.0}
[2026-09-14 23:40:55] Jacobian score: disabled
[2026-09-14 23:40:55] N_total=50000 budget=0.002 -> N_p=100 poisons, y_adv=5(dog) target_class=2(bird)
[2026-09-14 23:40:55] === surrogates (30 x ConvNetBN, trained on the full real set) ===
[2026-09-14 23:40:55]   crafting on 5/30 surrogates
[2026-09-14 23:40:55] === selection surrogates (30 x VGG13BN, cross-architecture) ===
[2026-09-14 23:40:56] === clean victims (6 x ConvNetBN) ===
[2026-09-14 23:40:57]   clean baseline CTA = 0.8127 +/- 0.0074
[2026-09-14 23:40:57]   target pool 1000 -> eligible 963 (37 already predicted as y_adv or dropped)
[2026-09-14 23:40:57]   chosen 10 targets (file), p_adv range 0.0000..0.0069
[2026-09-14 23:40:57]   targets: [2540, 8129, 3725, 5705, 7663, 3875, 5169, 6335, 7488, 9831]
[2026-09-14 23:40:57] === target 2540 (1/10) ===
[2026-09-14 23:41:00]   target 2540: crafted 100 poisons in 2 s, obj=0.16364
[2026-09-14 23:41:00]   target 2540: realized linf = 0.03137 (8.00/255), budget = 8.00/255
[2026-09-14 23:41:50]   [t2540 v1/6] fail (pred=bird) CTA=0.8063
[2026-09-14 23:42:42]   [t2540 v2/6] fail (pred=bird) CTA=0.7751
[2026-09-14 23:43:33]   [t2540 v3/6] SUCCESS (pred=dog) CTA=0.8096
[2026-09-14 23:44:25]   [t2540 v4/6] SUCCESS (pred=dog) CTA=0.8065
[2026-09-14 23:45:16]   [t2540 v5/6] SUCCESS (pred=dog) CTA=0.8007
[2026-09-14 23:46:07]   [t2540 v6/6] SUCCESS (pred=dog) CTA=0.8075
[2026-09-14 23:46:07]   target 2540, 6 victims on this gpu: ASR=66.7% CTA=0.8009 +/- 0.0119
[2026-09-14 23:46:07] === target 8129 (2/10) ===
[2026-09-14 23:46:10]   target 8129: crafted 100 poisons in 2 s, obj=0.12983
[2026-09-14 23:46:10]   target 8129: realized linf = 0.03137 (8.00/255), budget = 8.00/255
[2026-09-14 23:47:02]   [t8129 v1/6] fail (pred=bird) CTA=0.8078
[2026-09-14 23:47:53]   [t8129 v2/6] SUCCESS (pred=dog) CTA=0.8075
[2026-09-14 23:48:45]   [t8129 v3/6] SUCCESS (pred=dog) CTA=0.8003
[2026-09-14 23:49:36]   [t8129 v4/6] fail (pred=bird) CTA=0.8013
[2026-09-14 23:50:28]   [t8129 v5/6] fail (pred=bird) CTA=0.8005
[2026-09-14 23:51:19]   [t8129 v6/6] SUCCESS (pred=dog) CTA=0.8003
[2026-09-14 23:51:19]   target 8129, 6 victims on this gpu: ASR=50.0% CTA=0.8030 +/- 0.0033
[2026-09-14 23:51:19] === target 3725 (3/10) ===
[2026-09-14 23:51:22]   target 3725: crafted 100 poisons in 2 s, obj=0.21741
[2026-09-14 23:51:22]   target 3725: realized linf = 0.03137 (8.00/255), budget = 8.00/255
[2026-09-14 23:52:14]   [t3725 v1/6] fail (pred=bird) CTA=0.7980
[2026-09-14 23:53:05]   [t3725 v2/6] SUCCESS (pred=dog) CTA=0.7992
[2026-09-14 23:53:56]   [t3725 v3/6] fail (pred=bird) CTA=0.7964
[2026-09-14 23:54:48]   [t3725 v4/6] fail (pred=bird) CTA=0.7974
[2026-09-14 23:55:39]   [t3725 v5/6] fail (pred=bird) CTA=0.8127
[2026-09-14 23:56:31]   [t3725 v6/6] fail (pred=bird) CTA=0.8087
[2026-09-14 23:56:31]   target 3725, 6 victims on this gpu: ASR=16.7% CTA=0.8021 +/- 0.0063
[2026-09-14 23:56:31] === target 5705 (4/10) ===
[2026-09-14 23:56:34]   target 5705: crafted 100 poisons in 2 s, obj=0.10405
[2026-09-14 23:56:34]   target 5705: realized linf = 0.03137 (8.00/255), budget = 8.00/255
[2026-09-14 23:57:25]   [t5705 v1/6] fail (pred=bird) CTA=0.8098
[2026-09-14 23:58:17]   [t5705 v2/6] fail (pred=bird) CTA=0.8133
[2026-09-14 23:59:08]   [t5705 v3/6] fail (pred=bird) CTA=0.7955
[2026-09-15 00:00:00]   [t5705 v4/6] fail (pred=bird) CTA=0.8087
[2026-09-15 00:00:51]   [t5705 v5/6] SUCCESS (pred=dog) CTA=0.8031
[2026-09-15 00:01:43]   [t5705 v6/6] fail (pred=bird) CTA=0.7941
[2026-09-15 00:01:43]   target 5705, 6 victims on this gpu: ASR=16.7% CTA=0.8041 +/- 0.0072
[2026-09-15 00:01:43] === target 7663 (5/10) ===
[2026-09-15 00:01:45]   target 7663: crafted 100 poisons in 2 s, obj=0.11569
[2026-09-15 00:01:45]   target 7663: realized linf = 0.03137 (8.00/255), budget = 8.00/255
[2026-09-15 00:02:37]   [t7663 v1/6] fail (pred=bird) CTA=0.8077
[2026-09-15 00:03:28]   [t7663 v2/6] fail (pred=bird) CTA=0.8095
[2026-09-15 00:04:20]   [t7663 v3/6] fail (pred=bird) CTA=0.7992
[2026-09-15 00:05:11]   [t7663 v4/6] fail (pred=bird) CTA=0.8162
[2026-09-15 00:06:03]   [t7663 v5/6] fail (pred=bird) CTA=0.8075
[2026-09-15 00:06:54]   [t7663 v6/6] fail (pred=bird) CTA=0.8056
[2026-09-15 00:06:54]   target 7663, 6 victims on this gpu: ASR=0.0% CTA=0.8076 +/- 0.0050
[2026-09-15 00:06:54] === target 3875 (6/10) ===
[2026-09-15 00:06:57]   target 3875: crafted 100 poisons in 2 s, obj=0.19094
[2026-09-15 00:06:57]   target 3875: realized linf = 0.03137 (8.00/255), budget = 8.00/255
[2026-09-15 00:07:49]   [t3875 v1/6] SUCCESS (pred=dog) CTA=0.7996
[2026-09-15 00:08:40]   [t3875 v2/6] fail (pred=bird) CTA=0.7941
[2026-09-15 00:09:32]   [t3875 v3/6] fail (pred=bird) CTA=0.8079
[2026-09-15 00:10:23]   [t3875 v4/6] fail (pred=horse) CTA=0.7927
[2026-09-15 00:11:15]   [t3875 v5/6] fail (pred=bird) CTA=0.7971
[2026-09-15 00:12:06]   [t3875 v6/6] SUCCESS (pred=dog) CTA=0.8001
[2026-09-15 00:12:06]   target 3875, 6 victims on this gpu: ASR=33.3% CTA=0.7986 +/- 0.0050
[2026-09-15 00:12:06] === target 5169 (7/10) ===
[2026-09-15 00:12:09]   target 5169: crafted 100 poisons in 2 s, obj=0.11389
[2026-09-15 00:12:09]   target 5169: realized linf = 0.03137 (8.00/255), budget = 8.00/255
[2026-09-15 00:13:01]   [t5169 v1/6] fail (pred=bird) CTA=0.7849
[2026-09-15 00:13:52]   [t5169 v2/6] fail (pred=bird) CTA=0.7928
[2026-09-15 00:14:43]   [t5169 v3/6] SUCCESS (pred=dog) CTA=0.8089
[2026-09-15 00:15:35]   [t5169 v4/6] SUCCESS (pred=dog) CTA=0.8143
[2026-09-15 00:16:26]   [t5169 v5/6] SUCCESS (pred=dog) CTA=0.8056
[2026-09-15 00:17:18]   [t5169 v6/6] SUCCESS (pred=dog) CTA=0.7851
[2026-09-15 00:17:18]   target 5169, 6 victims on this gpu: ASR=66.7% CTA=0.7986 +/- 0.0116
[2026-09-15 00:17:18] === target 6335 (8/10) ===
[2026-09-15 00:17:21]   target 6335: crafted 100 poisons in 2 s, obj=0.14237
[2026-09-15 00:17:21]   target 6335: realized linf = 0.03137 (8.00/255), budget = 8.00/255
[2026-09-15 00:18:12]   [t6335 v1/6] fail (pred=bird) CTA=0.7889
[2026-09-15 00:19:04]   [t6335 v2/6] fail (pred=bird) CTA=0.8020
[2026-09-15 00:19:55]   [t6335 v3/6] SUCCESS (pred=dog) CTA=0.8031
[2026-09-15 00:20:47]   [t6335 v4/6] fail (pred=bird) CTA=0.8037
[2026-09-15 00:21:38]   [t6335 v5/6] fail (pred=bird) CTA=0.8118
[2026-09-15 00:22:30]   [t6335 v6/6] fail (pred=bird) CTA=0.8006
[2026-09-15 00:22:30]   target 6335, 6 victims on this gpu: ASR=16.7% CTA=0.8017 +/- 0.0067
[2026-09-15 00:22:30] === target 7488 (9/10) ===
[2026-09-15 00:22:32]   target 7488: crafted 100 poisons in 2 s, obj=0.14496
[2026-09-15 00:22:32]   target 7488: realized linf = 0.03137 (8.00/255), budget = 8.00/255
[2026-09-15 00:23:24]   [t7488 v1/6] fail (pred=bird) CTA=0.8148
[2026-09-15 00:24:16]   [t7488 v2/6] fail (pred=bird) CTA=0.7555
[2026-09-15 00:25:07]   [t7488 v3/6] fail (pred=bird) CTA=0.8002
[2026-09-15 00:25:58]   [t7488 v4/6] fail (pred=bird) CTA=0.8060
[2026-09-15 00:26:50]   [t7488 v5/6] fail (pred=bird) CTA=0.8047
[2026-09-15 00:27:41]   [t7488 v6/6] fail (pred=bird) CTA=0.8034
[2026-09-15 00:27:41]   target 7488, 6 victims on this gpu: ASR=0.0% CTA=0.7974 +/- 0.0193
[2026-09-15 00:27:41] === target 9831 (10/10) ===
[2026-09-15 00:27:44]   target 9831: crafted 100 poisons in 2 s, obj=0.24748
[2026-09-15 00:27:44]   target 9831: realized linf = 0.03137 (8.00/255), budget = 8.00/255
[2026-09-15 00:28:36]   [t9831 v1/6] fail (pred=bird) CTA=0.8012
[2026-09-15 00:29:27]   [t9831 v2/6] SUCCESS (pred=dog) CTA=0.8090
[2026-09-15 00:30:19]   [t9831 v3/6] fail (pred=bird) CTA=0.8158
[2026-09-15 00:31:10]   [t9831 v4/6] fail (pred=bird) CTA=0.8047
[2026-09-15 00:32:02]   [t9831 v5/6] fail (pred=bird) CTA=0.8043
[2026-09-15 00:32:53]   [t9831 v6/6] fail (pred=bird) CTA=0.8052
[2026-09-15 00:32:53]   target 9831, 6 victims on this gpu: ASR=16.7% CTA=0.8067 +/- 0.0047
[2026-09-15 00:32:53] ==== CIFAR10_ConvNetBN_fc_ours_dog-bird_b0.002_eps8_seed42_lam1_cosine_selarchVGG13BN_K10_ce5_tgt50 : ASR = 28.3% +/- 23.6% | CTA = 0.8021 (baseline 0.8127) ====
[2026-09-15 00:32:53]   target-prediction tally ['airplane', 'automobile', 'bird', 'cat', 'deer', 'dog', 'frog', 'horse', 'ship', 'truck']: [0, 0, 42, 0, 0, 17, 0, 1, 0, 0]
verified: 10 targets x 6 victims = 60 unique evaluations
sync: CIFAR10_ConvNetBN_fc_ours_dog-bird_b0.002_eps8_seed42_lam1_cosine_selarchVGG13BN_K10_ce5_tgt50 -> /home/mmoslem3/scratch/PoisonBase/cross_arch_k_10x6_result
sync: complete
