gpu: NVIDIA L40S
cache: waiting for shared ConvNetBN checkpoint lock
cache: ConvNetBN checkpoints ready
run: waiting for duplicate-submission lock
targets: 10 unique pinned indices: 2540 8129 3725 5705 7663 3875 5169 6335 7488 9831
job: 927125 xk037_bp_b0005_vconv_sconv_k1 on rack12-05
config: attack=fc budget=0.005 A=V=ConvNetBN S=ConvNetBN K=1 base=ours jacobian=off craft_steps=250 targets=10 victims=6
protocol: method=ours Jacobian=off targets=10 victims=6 selector_K=1
protocol: 30 shared surrogates available; crafting always uses V checkpoints 0..4
output: /home/mmoslem3/scratch/PoisonBase/cross_arch_k_10x6_result/CIFAR10_ConvNetBN_fc_ours_dog-bird_b0.005_eps8_seed42_lam1_cosine_K1_ce5_tgt50
[2026-09-14 23:27:51] === run start: CIFAR10_ConvNetBN_fc_ours_dog-bird_b0.005_eps8_seed42_lam1_cosine_K1_ce5_tgt50 on cuda [0] ===
[2026-09-14 23:27:51] args: {"FORCE": false, "attack": "fc", "base": "ours", "base_dist": "cosine", "base_topr": null, "budget": 0.005, "cache_dir": "/tmp/PoisonBase_cross_arch_k_10x6/cache", "class_pair": "dog-bird", "clean_baseline": true, "craft_alpha": 0.0039216, "craft_aug": true, "craft_batch": 256, "craft_ensemble": 5, "craft_lowmem": false, "craft_schedule": false, "craft_steps": 250, "data_path": "/tmp/PoisonBase_cross_arch_k_10x6/data", "dataset": "CIFAR10", "distance_margin_coef": null, "dsa_strategy": "color_crop_cutout_flip_scale_rotate", "epsilon": 0.0313725, "fast_gradmatch": false, "fc_mode": "sample", "fc_restarts": 1, "gpus": "all", "jacobian_batch_size": 64, "jacobian_weight": 1.0, "lambda_margin": 1.0, "model": "ConvNetBN", "no_resume": false, "num_poisons": 500, "num_surrogates": 30, "num_targets": 10, "num_victims": 6, "out_dir": "/tmp/PoisonBase_cross_arch_k_10x6/cross_arch_k_10x6_result", "pair_order": "poison-target", "parallel_pretrain": true, "parallel_targets": true, "precompute_id": null, "precompute_only": false, "precompute_part": "both", "rank_on_victims": true, "recompute_deltas": false, "require_correct_target": false, "restarts": 8, "seed": 42, "sel_K": 1, "sel_alpha": 1.0, "sel_criterion": null, "sel_dpp": false, "sel_filter": false, "sel_mmr": false, "sel_mode": null, "sel_model": "ConvNetBN", "sel_mu": 1.0, "sel_pca": false, "sel_pool": 3.0, "sharp_mode": "worst", "sharp_samples": 20, "sharp_sigma": 0.05, "steal_timeout": 7200.0, "surrogate_aug": false, "surrogate_bs": 128, "surrogate_decay": [35, 45], "surrogate_epochs": 60, "surrogate_lr": 0.1, "surrogate_wd": 0.0, "target_idx_file": "/tmp/PoisonBase_cross_arch_k_10x6/target_sets/ConvNetBN_fc_dog-bird.json", "target_select": 50, "use_jacobian_score": false, "victim_aug": false, "victim_bs": 125, "victim_decay": [40], "victim_epochs": 50, "victim_lr": 0.1, "victim_wd": 0.0}
[2026-09-14 23:27:51] Jacobian score: disabled
[2026-09-14 23:27:51] N_total=50000 budget=0.005 -> N_p=250 poisons, y_adv=5(dog) target_class=2(bird)
[2026-09-14 23:27:51] === surrogates (30 x ConvNetBN, trained on the full real set) ===
[2026-09-14 23:27:51]   crafting on 5/30 surrogates
[2026-09-14 23:27:51] === clean victims (6 x ConvNetBN) ===
[2026-09-14 23:27:53]   clean baseline CTA = 0.8127 +/- 0.0074
[2026-09-14 23:27:53]   target pool 1000 -> eligible 963 (37 already predicted as y_adv or dropped)
[2026-09-14 23:27:53]   chosen 10 targets (file), p_adv range 0.0000..0.0069
[2026-09-14 23:27:53]   targets: [2540, 8129, 3725, 5705, 7663, 3875, 5169, 6335, 7488, 9831]
[2026-09-14 23:27:53] === target 2540 (1/10) ===
[2026-09-14 23:27:58]   target 2540: crafted 250 poisons in 5 s, obj=0.15648
[2026-09-14 23:27:58]   target 2540: realized linf = 0.03137 (8.00/255), budget = 8.00/255
[2026-09-14 23:28:49]   [t2540 v1/6] SUCCESS (pred=dog) CTA=0.8079
[2026-09-14 23:29:40]   [t2540 v2/6] SUCCESS (pred=dog) CTA=0.7632
[2026-09-14 23:30:30]   [t2540 v3/6] SUCCESS (pred=dog) CTA=0.8034
[2026-09-14 23:31:21]   [t2540 v4/6] SUCCESS (pred=dog) CTA=0.8026
[2026-09-14 23:32:11]   [t2540 v5/6] SUCCESS (pred=dog) CTA=0.7967
[2026-09-14 23:33:01]   [t2540 v6/6] SUCCESS (pred=dog) CTA=0.8117
[2026-09-14 23:33:01]   target 2540, 6 victims on this gpu: ASR=100.0% CTA=0.7976 +/- 0.0161
[2026-09-14 23:33:01] === target 8129 (2/10) ===
[2026-09-14 23:33:07]   target 8129: crafted 250 poisons in 5 s, obj=0.11832
[2026-09-14 23:33:07]   target 8129: realized linf = 0.03137 (8.00/255), budget = 8.00/255
[2026-09-14 23:33:58]   [t8129 v1/6] SUCCESS (pred=dog) CTA=0.8064
[2026-09-14 23:34:48]   [t8129 v2/6] SUCCESS (pred=dog) CTA=0.8028
[2026-09-14 23:35:39]   [t8129 v3/6] SUCCESS (pred=dog) CTA=0.7945
[2026-09-14 23:36:29]   [t8129 v4/6] fail (pred=bird) CTA=0.7943
[2026-09-14 23:37:19]   [t8129 v5/6] SUCCESS (pred=dog) CTA=0.7895
[2026-09-14 23:38:10]   [t8129 v6/6] SUCCESS (pred=dog) CTA=0.8039
[2026-09-14 23:38:10]   target 8129, 6 victims on this gpu: ASR=83.3% CTA=0.7986 +/- 0.0061
[2026-09-14 23:38:10] === target 3725 (3/10) ===
[2026-09-14 23:38:15]   target 3725: crafted 250 poisons in 5 s, obj=0.18609
[2026-09-14 23:38:15]   target 3725: realized linf = 0.03137 (8.00/255), budget = 8.00/255
[2026-09-14 23:39:06]   [t3725 v1/6] fail (pred=bird) CTA=0.8042
[2026-09-14 23:39:57]   [t3725 v2/6] SUCCESS (pred=dog) CTA=0.8005
[2026-09-14 23:40:47]   [t3725 v3/6] SUCCESS (pred=dog) CTA=0.7933
[2026-09-14 23:41:37]   [t3725 v4/6] SUCCESS (pred=dog) CTA=0.7909
[2026-09-14 23:42:28]   [t3725 v5/6] SUCCESS (pred=dog) CTA=0.8060
[2026-09-14 23:43:18]   [t3725 v6/6] SUCCESS (pred=dog) CTA=0.8004
[2026-09-14 23:43:18]   target 3725, 6 victims on this gpu: ASR=83.3% CTA=0.7992 +/- 0.0054
[2026-09-14 23:43:18] === target 5705 (4/10) ===
[2026-09-14 23:43:23]   target 5705: crafted 250 poisons in 5 s, obj=0.08213
[2026-09-14 23:43:23]   target 5705: realized linf = 0.03137 (8.00/255), budget = 8.00/255
[2026-09-14 23:44:15]   [t5705 v1/6] SUCCESS (pred=dog) CTA=0.8045
[2026-09-14 23:45:05]   [t5705 v2/6] SUCCESS (pred=dog) CTA=0.8159
[2026-09-14 23:45:56]   [t5705 v3/6] fail (pred=bird) CTA=0.7964
[2026-09-14 23:46:46]   [t5705 v4/6] SUCCESS (pred=dog) CTA=0.8084
[2026-09-14 23:47:36]   [t5705 v5/6] SUCCESS (pred=dog) CTA=0.8043
[2026-09-14 23:48:27]   [t5705 v6/6] SUCCESS (pred=dog) CTA=0.7868
[2026-09-14 23:48:27]   target 5705, 6 victims on this gpu: ASR=83.3% CTA=0.8027 +/- 0.0092
[2026-09-14 23:48:27] === target 7663 (5/10) ===
[2026-09-14 23:48:32]   target 7663: crafted 250 poisons in 5 s, obj=0.08738
[2026-09-14 23:48:32]   target 7663: realized linf = 0.03137 (8.00/255), budget = 8.00/255
[2026-09-14 23:49:23]   [t7663 v1/6] fail (pred=bird) CTA=0.8023
[2026-09-14 23:50:14]   [t7663 v2/6] fail (pred=bird) CTA=0.8039
[2026-09-14 23:51:04]   [t7663 v3/6] SUCCESS (pred=dog) CTA=0.8009
[2026-09-14 23:51:54]   [t7663 v4/6] SUCCESS (pred=dog) CTA=0.8122
[2026-09-14 23:52:44]   [t7663 v5/6] SUCCESS (pred=dog) CTA=0.8005
[2026-09-14 23:53:35]   [t7663 v6/6] SUCCESS (pred=dog) CTA=0.8076
[2026-09-14 23:53:35]   target 7663, 6 victims on this gpu: ASR=66.7% CTA=0.8046 +/- 0.0041
[2026-09-14 23:53:35] === target 3875 (6/10) ===
[2026-09-14 23:53:40]   target 3875: crafted 250 poisons in 5 s, obj=0.16948
[2026-09-14 23:53:40]   target 3875: realized linf = 0.03137 (8.00/255), budget = 8.00/255
[2026-09-14 23:54:31]   [t3875 v1/6] fail (pred=bird) CTA=0.8021
[2026-09-14 23:55:21]   [t3875 v2/6] fail (pred=bird) CTA=0.8043
[2026-09-14 23:56:11]   [t3875 v3/6] SUCCESS (pred=dog) CTA=0.8130
[2026-09-14 23:57:02]   [t3875 v4/6] SUCCESS (pred=dog) CTA=0.8003
[2026-09-14 23:57:52]   [t3875 v5/6] fail (pred=airplane) CTA=0.7969
[2026-09-14 23:58:42]   [t3875 v6/6] SUCCESS (pred=dog) CTA=0.7984
[2026-09-14 23:58:42]   target 3875, 6 victims on this gpu: ASR=50.0% CTA=0.8025 +/- 0.0053
[2026-09-14 23:58:42] === target 5169 (7/10) ===
[2026-09-14 23:58:47]   target 5169: crafted 250 poisons in 5 s, obj=0.08532
[2026-09-14 23:58:47]   target 5169: realized linf = 0.03137 (8.00/255), budget = 8.00/255
[2026-09-14 23:59:38]   [t5169 v1/6] SUCCESS (pred=dog) CTA=0.7910
[2026-09-15 00:00:29]   [t5169 v2/6] SUCCESS (pred=dog) CTA=0.7945
[2026-09-15 00:01:19]   [t5169 v3/6] SUCCESS (pred=dog) CTA=0.8015
[2026-09-15 00:02:10]   [t5169 v4/6] SUCCESS (pred=dog) CTA=0.8147
[2026-09-15 00:03:00]   [t5169 v5/6] SUCCESS (pred=dog) CTA=0.8029
[2026-09-15 00:03:50]   [t5169 v6/6] SUCCESS (pred=dog) CTA=0.7855
[2026-09-15 00:03:50]   target 5169, 6 victims on this gpu: ASR=100.0% CTA=0.7984 +/- 0.0094
[2026-09-15 00:03:50] === target 6335 (8/10) ===
[2026-09-15 00:03:56]   target 6335: crafted 250 poisons in 5 s, obj=0.11607
[2026-09-15 00:03:56]   target 6335: realized linf = 0.03137 (8.00/255), budget = 8.00/255
[2026-09-15 00:04:47]   [t6335 v1/6] SUCCESS (pred=dog) CTA=0.7970
[2026-09-15 00:05:36]   [t6335 v2/6] SUCCESS (pred=dog) CTA=0.7992
[2026-09-15 00:06:26]   [t6335 v3/6] SUCCESS (pred=dog) CTA=0.8120
[2026-09-15 00:07:15]   [t6335 v4/6] SUCCESS (pred=dog) CTA=0.8070
[2026-09-15 00:08:05]   [t6335 v5/6] SUCCESS (pred=dog) CTA=0.8159
[2026-09-15 00:08:54]   [t6335 v6/6] SUCCESS (pred=dog) CTA=0.8024
[2026-09-15 00:08:54]   target 6335, 6 victims on this gpu: ASR=100.0% CTA=0.8056 +/- 0.0068
[2026-09-15 00:08:54] === target 7488 (9/10) ===
[2026-09-15 00:09:00]   target 7488: crafted 250 poisons in 5 s, obj=0.12569
[2026-09-15 00:09:00]   target 7488: realized linf = 0.03137 (8.00/255), budget = 8.00/255
[2026-09-15 00:09:51]   [t7488 v1/6] SUCCESS (pred=dog) CTA=0.8110
[2026-09-15 00:10:40]   [t7488 v2/6] fail (pred=bird) CTA=0.7738
[2026-09-15 00:11:30]   [t7488 v3/6] fail (pred=bird) CTA=0.7957
[2026-09-15 00:12:19]   [t7488 v4/6] SUCCESS (pred=dog) CTA=0.8026
[2026-09-15 00:13:09]   [t7488 v5/6] SUCCESS (pred=dog) CTA=0.8052
[2026-09-15 00:13:58]   [t7488 v6/6] fail (pred=bird) CTA=0.7985
[2026-09-15 00:13:58]   target 7488, 6 victims on this gpu: ASR=50.0% CTA=0.7978 +/- 0.0118
[2026-09-15 00:13:58] === target 9831 (10/10) ===
[2026-09-15 00:14:03]   target 9831: crafted 250 poisons in 5 s, obj=0.22038
[2026-09-15 00:14:03]   target 9831: realized linf = 0.03137 (8.00/255), budget = 8.00/255
[2026-09-15 00:14:54]   [t9831 v1/6] SUCCESS (pred=dog) CTA=0.7982
[2026-09-15 00:15:44]   [t9831 v2/6] SUCCESS (pred=dog) CTA=0.8089
[2026-09-15 00:16:33]   [t9831 v3/6] SUCCESS (pred=dog) CTA=0.8111
[2026-09-15 00:17:23]   [t9831 v4/6] SUCCESS (pred=dog) CTA=0.8045
[2026-09-15 00:18:12]   [t9831 v5/6] fail (pred=bird) CTA=0.7989
[2026-09-15 00:19:02]   [t9831 v6/6] SUCCESS (pred=dog) CTA=0.8018
[2026-09-15 00:19:02]   target 9831, 6 victims on this gpu: ASR=83.3% CTA=0.8039 +/- 0.0048
[2026-09-15 00:19:02] ==== CIFAR10_ConvNetBN_fc_ours_dog-bird_b0.005_eps8_seed42_lam1_cosine_K1_ce5_tgt50 : ASR = 80.0% +/- 18.0% | CTA = 0.8011 (baseline 0.8127) ====
[2026-09-15 00:19:02]   target-prediction tally ['airplane', 'automobile', 'bird', 'cat', 'deer', 'dog', 'frog', 'horse', 'ship', 'truck']: [1, 0, 11, 0, 0, 48, 0, 0, 0, 0]
verified: 10 targets x 6 victims = 60 unique evaluations
sync: CIFAR10_ConvNetBN_fc_ours_dog-bird_b0.005_eps8_seed42_lam1_cosine_K1_ce5_tgt50 -> /home/mmoslem3/scratch/PoisonBase/cross_arch_k_10x6_result
sync: complete
