gpu: NVIDIA L40S
cache: waiting for shared VGG13BN checkpoint lock
cache: VGG13BN checkpoints ready
cache: waiting for shared ResNet20BN checkpoint lock
cache: ResNet20BN checkpoints ready
run: waiting for duplicate-submission lock
targets: 10 unique pinned indices: 3728 5640 6922 7855 2127 7586 7360 2171 4462 2597
job: 927118 xk030_bp_b0002_vvgg_sr20_k3 on rack16-04
config: attack=fc budget=0.002 A=V=VGG13BN S=ResNet20BN K=3 base=ours jacobian=off craft_steps=250 targets=10 victims=6
protocol: method=ours Jacobian=off targets=10 victims=6 selector_K=3
protocol: 30 shared surrogates available; crafting always uses V checkpoints 0..4
output: /home/mmoslem3/scratch/PoisonBase/cross_arch_k_10x6_result/CIFAR10_VGG13BN_fc_ours_dog-bird_b0.002_eps8_seed42_lam1_cosine_selarchResNet20BN_K3_ce5_tgt3
[2026-09-15 07:31:17] === run start: CIFAR10_VGG13BN_fc_ours_dog-bird_b0.002_eps8_seed42_lam1_cosine_selarchResNet20BN_K3_ce5_tgt3 on cuda [0] ===
[2026-09-15 07:31:17] args: {"FORCE": false, "attack": "fc", "base": "ours", "base_dist": "cosine", "base_topr": null, "budget": 0.002, "cache_dir": "/tmp/PoisonBase_cross_arch_k_10x6/cache", "class_pair": "dog-bird", "clean_baseline": true, "craft_alpha": 0.0039216, "craft_aug": true, "craft_batch": 256, "craft_ensemble": 5, "craft_lowmem": false, "craft_schedule": false, "craft_steps": 250, "data_path": "/tmp/PoisonBase_cross_arch_k_10x6/data", "dataset": "CIFAR10", "distance_margin_coef": null, "dsa_strategy": "color_crop_cutout_flip_scale_rotate", "epsilon": 0.0313725, "fast_gradmatch": false, "fc_mode": "sample", "fc_restarts": 1, "gpus": "all", "jacobian_batch_size": 64, "jacobian_weight": 1.0, "lambda_margin": 1.0, "model": "VGG13BN", "no_resume": false, "num_poisons": 500, "num_surrogates": 30, "num_targets": 10, "num_victims": 6, "out_dir": "/tmp/PoisonBase_cross_arch_k_10x6/cross_arch_k_10x6_result", "pair_order": "poison-target", "parallel_pretrain": true, "parallel_targets": true, "precompute_id": null, "precompute_only": false, "precompute_part": "both", "rank_on_victims": true, "recompute_deltas": false, "require_correct_target": false, "restarts": 8, "seed": 42, "sel_K": 3, "sel_alpha": 1.0, "sel_criterion": null, "sel_dpp": false, "sel_filter": false, "sel_mmr": false, "sel_mode": null, "sel_model": "ResNet20BN", "sel_mu": 1.0, "sel_pca": false, "sel_pool": 3.0, "sharp_mode": "worst", "sharp_samples": 20, "sharp_sigma": 0.05, "steal_timeout": 7200.0, "surrogate_aug": false, "surrogate_bs": 128, "surrogate_decay": [35, 45], "surrogate_epochs": 60, "surrogate_lr": 0.1, "surrogate_wd": 0.0, "target_idx_file": "/tmp/PoisonBase_cross_arch_k_10x6/target_sets/VGG13BN_fc_dog-bird.json", "target_select": 3, "use_jacobian_score": false, "victim_aug": false, "victim_bs": 125, "victim_decay": [40], "victim_epochs": 50, "victim_lr": 0.1, "victim_wd": 0.0}
[2026-09-15 07:31:17] Jacobian score: disabled
[2026-09-15 07:31:17] N_total=50000 budget=0.002 -> N_p=100 poisons, y_adv=5(dog) target_class=2(bird)
[2026-09-15 07:31:17] === surrogates (30 x VGG13BN, trained on the full real set) ===
[2026-09-15 07:31:18]   crafting on 5/30 surrogates
[2026-09-15 07:31:18] === selection surrogates (30 x ResNet20BN, cross-architecture) ===
[2026-09-15 07:31:19] === clean victims (6 x VGG13BN) ===
[2026-09-15 07:31:21]   clean baseline CTA = 0.8476 +/- 0.0158
[2026-09-15 07:31:21]   target pool 1000 -> eligible 970 (30 already predicted as y_adv or dropped)
[2026-09-15 07:31:21]   chosen 10 targets (file), p_adv range 0.1680..0.1985
[2026-09-15 07:31:21]   targets: [3728, 5640, 6922, 7855, 2127, 7586, 7360, 2171, 4462, 2597]
[2026-09-15 07:31:21] === target 3728 (1/10) ===
[2026-09-15 07:31:25]   target 3728: crafted 100 poisons in 4 s, obj=0.00214
[2026-09-15 07:31:25]   target 3728: realized linf = 0.03137 (8.00/255), budget = 8.00/255
[2026-09-15 07:33:09]   [t3728 v1/6] SUCCESS (pred=dog) CTA=0.8532
[2026-09-15 07:34:53]   [t3728 v2/6] fail (pred=deer) CTA=0.8546
[2026-09-15 07:36:36]   [t3728 v3/6] fail (pred=deer) CTA=0.8470
[2026-09-15 07:38:19]   [t3728 v4/6] fail (pred=bird) CTA=0.8640
[2026-09-15 07:40:02]   [t3728 v5/6] fail (pred=bird) CTA=0.8607
[2026-09-15 07:41:45]   [t3728 v6/6] fail (pred=bird) CTA=0.8378
[2026-09-15 07:41:45]   target 3728, 6 victims on this gpu: ASR=16.7% CTA=0.8529 +/- 0.0087
[2026-09-15 07:41:45] === target 5640 (2/10) ===
[2026-09-15 07:41:49]   target 5640: crafted 100 poisons in 3 s, obj=0.00193
[2026-09-15 07:41:49]   target 5640: realized linf = 0.03137 (8.00/255), budget = 8.00/255
[2026-09-15 07:43:33]   [t5640 v1/6] fail (pred=bird) CTA=0.8468
[2026-09-15 07:45:16]   [t5640 v2/6] fail (pred=bird) CTA=0.8450
[2026-09-15 07:46:59]   [t5640 v3/6] fail (pred=cat) CTA=0.8448
[2026-09-15 07:48:43]   [t5640 v4/6] SUCCESS (pred=dog) CTA=0.8616
[2026-09-15 07:50:26]   [t5640 v5/6] fail (pred=bird) CTA=0.8572
[2026-09-15 07:52:10]   [t5640 v6/6] fail (pred=cat) CTA=0.8677
[2026-09-15 07:52:10]   target 5640, 6 victims on this gpu: ASR=16.7% CTA=0.8538 +/- 0.0089
[2026-09-15 07:52:10] === target 6922 (3/10) ===
[2026-09-15 07:52:13]   target 6922: crafted 100 poisons in 3 s, obj=0.00201
[2026-09-15 07:52:13]   target 6922: realized linf = 0.03137 (8.00/255), budget = 8.00/255
[2026-09-15 07:53:58]   [t6922 v1/6] fail (pred=frog) CTA=0.8571
[2026-09-15 07:55:41]   [t6922 v2/6] fail (pred=bird) CTA=0.8505
[2026-09-15 07:57:25]   [t6922 v3/6] fail (pred=frog) CTA=0.8513
[2026-09-15 07:59:08]   [t6922 v4/6] SUCCESS (pred=dog) CTA=0.8497
[2026-09-15 08:00:51]   [t6922 v5/6] SUCCESS (pred=dog) CTA=0.8268
[2026-09-15 08:02:34]   [t6922 v6/6] fail (pred=frog) CTA=0.8447
[2026-09-15 08:02:34]   target 6922, 6 victims on this gpu: ASR=33.3% CTA=0.8467 +/- 0.0096
[2026-09-15 08:02:34] === target 7855 (4/10) ===
[2026-09-15 08:02:38]   target 7855: crafted 100 poisons in 3 s, obj=0.00188
[2026-09-15 08:02:38]   target 7855: realized linf = 0.03137 (8.00/255), budget = 8.00/255
[2026-09-15 08:04:22]   [t7855 v1/6] fail (pred=bird) CTA=0.8625
[2026-09-15 08:06:05]   [t7855 v2/6] fail (pred=bird) CTA=0.8498
[2026-09-15 08:07:49]   [t7855 v3/6] SUCCESS (pred=dog) CTA=0.8614
[2026-09-15 08:09:32]   [t7855 v4/6] fail (pred=bird) CTA=0.8506
[2026-09-15 08:11:15]   [t7855 v5/6] SUCCESS (pred=dog) CTA=0.8679
[2026-09-15 08:12:58]   [t7855 v6/6] SUCCESS (pred=dog) CTA=0.8565
[2026-09-15 08:12:58]   target 7855, 6 victims on this gpu: ASR=50.0% CTA=0.8581 +/- 0.0065
[2026-09-15 08:12:58] === target 2127 (5/10) ===
[2026-09-15 08:13:02]   target 2127: crafted 100 poisons in 3 s, obj=0.00192
[2026-09-15 08:13:02]   target 2127: realized linf = 0.03137 (8.00/255), budget = 8.00/255
[2026-09-15 08:14:46]   [t2127 v1/6] fail (pred=deer) CTA=0.8522
[2026-09-15 08:16:30]   [t2127 v2/6] SUCCESS (pred=dog) CTA=0.8384
[2026-09-15 08:18:13]   [t2127 v3/6] SUCCESS (pred=dog) CTA=0.8662
[2026-09-15 08:19:56]   [t2127 v4/6] fail (pred=bird) CTA=0.8561
[2026-09-15 08:21:39]   [t2127 v5/6] fail (pred=deer) CTA=0.8634
[2026-09-15 08:23:23]   [t2127 v6/6] SUCCESS (pred=dog) CTA=0.8578
[2026-09-15 08:23:23]   target 2127, 6 victims on this gpu: ASR=50.0% CTA=0.8557 +/- 0.0090
[2026-09-15 08:23:23] === target 7586 (6/10) ===
[2026-09-15 08:23:26]   target 7586: crafted 100 poisons in 3 s, obj=0.00204
[2026-09-15 08:23:26]   target 7586: realized linf = 0.03137 (8.00/255), budget = 8.00/255
[2026-09-15 08:25:11]   [t7586 v1/6] SUCCESS (pred=dog) CTA=0.8575
[2026-09-15 08:26:54]   [t7586 v2/6] SUCCESS (pred=dog) CTA=0.8581
[2026-09-15 08:28:37]   [t7586 v3/6] SUCCESS (pred=dog) CTA=0.8644
[2026-09-15 08:30:21]   [t7586 v4/6] fail (pred=horse) CTA=0.8607
[2026-09-15 08:32:04]   [t7586 v5/6] fail (pred=horse) CTA=0.8453
[2026-09-15 08:33:47]   [t7586 v6/6] SUCCESS (pred=dog) CTA=0.8606
[2026-09-15 08:33:47]   target 7586, 6 victims on this gpu: ASR=66.7% CTA=0.8578 +/- 0.0060
[2026-09-15 08:33:47] === target 7360 (7/10) ===
[2026-09-15 08:33:51]   target 7360: crafted 100 poisons in 3 s, obj=0.00216
[2026-09-15 08:33:51]   target 7360: realized linf = 0.03137 (8.00/255), budget = 8.00/255
[2026-09-15 08:35:35]   [t7360 v1/6] fail (pred=bird) CTA=0.8570
[2026-09-15 08:37:18]   [t7360 v2/6] fail (pred=bird) CTA=0.8421
[2026-09-15 08:39:02]   [t7360 v3/6] fail (pred=bird) CTA=0.8555
[2026-09-15 08:40:45]   [t7360 v4/6] SUCCESS (pred=dog) CTA=0.8636
[2026-09-15 08:42:29]   [t7360 v5/6] fail (pred=cat) CTA=0.8406
[2026-09-15 08:44:12]   [t7360 v6/6] fail (pred=bird) CTA=0.8395
[2026-09-15 08:44:12]   target 7360, 6 victims on this gpu: ASR=16.7% CTA=0.8497 +/- 0.0094
[2026-09-15 08:44:12] === target 2171 (8/10) ===
[2026-09-15 08:44:16]   target 2171: crafted 100 poisons in 3 s, obj=0.00218
[2026-09-15 08:44:16]   target 2171: realized linf = 0.03137 (8.00/255), budget = 8.00/255
[2026-09-15 08:46:00]   [t2171 v1/6] SUCCESS (pred=dog) CTA=0.8519
[2026-09-15 08:47:44]   [t2171 v2/6] SUCCESS (pred=dog) CTA=0.8583
[2026-09-15 08:49:27]   [t2171 v3/6] fail (pred=bird) CTA=0.8629
[2026-09-15 08:51:10]   [t2171 v4/6] SUCCESS (pred=dog) CTA=0.8406
[2026-09-15 08:52:53]   [t2171 v5/6] fail (pred=bird) CTA=0.8629
[2026-09-15 08:54:36]   [t2171 v6/6] fail (pred=bird) CTA=0.8675
[2026-09-15 08:54:36]   target 2171, 6 victims on this gpu: ASR=50.0% CTA=0.8573 +/- 0.0089
[2026-09-15 08:54:36] === target 4462 (9/10) ===
[2026-09-15 08:54:40]   target 4462: crafted 100 poisons in 3 s, obj=0.00289
[2026-09-15 08:54:40]   target 4462: realized linf = 0.03137 (8.00/255), budget = 8.00/255
[2026-09-15 08:56:24]   [t4462 v1/6] fail (pred=bird) CTA=0.8568
[2026-09-15 08:58:08]   [t4462 v2/6] fail (pred=bird) CTA=0.8561
[2026-09-15 08:59:51]   [t4462 v3/6] SUCCESS (pred=dog) CTA=0.8452
[2026-09-15 09:01:34]   [t4462 v4/6] SUCCESS (pred=dog) CTA=0.8481
[2026-09-15 09:03:18]   [t4462 v5/6] SUCCESS (pred=dog) CTA=0.8620
[2026-09-15 09:05:01]   [t4462 v6/6] SUCCESS (pred=dog) CTA=0.8371
[2026-09-15 09:05:01]   target 4462, 6 victims on this gpu: ASR=66.7% CTA=0.8509 +/- 0.0083
[2026-09-15 09:05:01] === target 2597 (10/10) ===
[2026-09-15 09:05:05]   target 2597: crafted 100 poisons in 3 s, obj=0.00220
[2026-09-15 09:05:05]   target 2597: realized linf = 0.03137 (8.00/255), budget = 8.00/255
[2026-09-15 09:06:49]   [t2597 v1/6] fail (pred=bird) CTA=0.8394
[2026-09-15 09:08:32]   [t2597 v2/6] SUCCESS (pred=dog) CTA=0.8631
[2026-09-15 09:10:15]   [t2597 v3/6] fail (pred=bird) CTA=0.8448
[2026-09-15 09:11:58]   [t2597 v4/6] fail (pred=cat) CTA=0.8459
[2026-09-15 09:13:42]   [t2597 v5/6] fail (pred=bird) CTA=0.8596
[2026-09-15 09:15:25]   [t2597 v6/6] fail (pred=horse) CTA=0.8440
[2026-09-15 09:15:25]   target 2597, 6 victims on this gpu: ASR=16.7% CTA=0.8495 +/- 0.0087
[2026-09-15 09:15:25] ==== CIFAR10_VGG13BN_fc_ours_dog-bird_b0.002_eps8_seed42_lam1_cosine_selarchResNet20BN_K3_ce5_tgt3 : ASR = 38.3% +/- 19.8% | CTA = 0.8532 (baseline 0.8476) ====
[2026-09-15 09:15:25]   target-prediction tally ['airplane', 'automobile', 'bird', 'cat', 'deer', 'dog', 'frog', 'horse', 'ship', 'truck']: [0, 0, 23, 4, 4, 23, 3, 3, 0, 0]
verified: 10 targets x 6 victims = 60 unique evaluations
sync: CIFAR10_VGG13BN_fc_ours_dog-bird_b0.002_eps8_seed42_lam1_cosine_selarchResNet20BN_K3_ce5_tgt3 -> /home/mmoslem3/scratch/PoisonBase/cross_arch_k_10x6_result
sync: complete
