gpu: NVIDIA L40S
cache: waiting for shared VGG13BN checkpoint lock
cache: VGG13BN checkpoints ready
run: waiting for duplicate-submission lock
targets: 10 unique pinned indices: 3728 5640 6922 7855 2127 7586 7360 2171 4462 2597
job: 927158 xk070_bp_b0005_vvgg_svgg_k3 on rack01-08
config: attack=fc budget=0.005 A=V=VGG13BN S=VGG13BN K=3 base=ours jacobian=off craft_steps=250 targets=10 victims=6
protocol: method=ours Jacobian=off targets=10 victims=6 selector_K=3
protocol: 30 shared surrogates available; crafting always uses V checkpoints 0..4
output: /home/mmoslem3/scratch/PoisonBase/cross_arch_k_10x6_result/CIFAR10_VGG13BN_fc_ours_dog-bird_b0.005_eps8_seed42_lam1_cosine_K3_ce5_tgt3
[2026-09-14 23:42:13] === run start: CIFAR10_VGG13BN_fc_ours_dog-bird_b0.005_eps8_seed42_lam1_cosine_K3_ce5_tgt3 on cuda [0] ===
[2026-09-14 23:42:13] args: {"FORCE": false, "attack": "fc", "base": "ours", "base_dist": "cosine", "base_topr": null, "budget": 0.005, "cache_dir": "/tmp/PoisonBase_cross_arch_k_10x6/cache", "class_pair": "dog-bird", "clean_baseline": true, "craft_alpha": 0.0039216, "craft_aug": true, "craft_batch": 256, "craft_ensemble": 5, "craft_lowmem": false, "craft_schedule": false, "craft_steps": 250, "data_path": "/tmp/PoisonBase_cross_arch_k_10x6/data", "dataset": "CIFAR10", "distance_margin_coef": null, "dsa_strategy": "color_crop_cutout_flip_scale_rotate", "epsilon": 0.0313725, "fast_gradmatch": false, "fc_mode": "sample", "fc_restarts": 1, "gpus": "all", "jacobian_batch_size": 64, "jacobian_weight": 1.0, "lambda_margin": 1.0, "model": "VGG13BN", "no_resume": false, "num_poisons": 500, "num_surrogates": 30, "num_targets": 10, "num_victims": 6, "out_dir": "/tmp/PoisonBase_cross_arch_k_10x6/cross_arch_k_10x6_result", "pair_order": "poison-target", "parallel_pretrain": true, "parallel_targets": true, "precompute_id": null, "precompute_only": false, "precompute_part": "both", "rank_on_victims": true, "recompute_deltas": false, "require_correct_target": false, "restarts": 8, "seed": 42, "sel_K": 3, "sel_alpha": 1.0, "sel_criterion": null, "sel_dpp": false, "sel_filter": false, "sel_mmr": false, "sel_mode": null, "sel_model": "VGG13BN", "sel_mu": 1.0, "sel_pca": false, "sel_pool": 3.0, "sharp_mode": "worst", "sharp_samples": 20, "sharp_sigma": 0.05, "steal_timeout": 7200.0, "surrogate_aug": false, "surrogate_bs": 128, "surrogate_decay": [35, 45], "surrogate_epochs": 60, "surrogate_lr": 0.1, "surrogate_wd": 0.0, "target_idx_file": "/tmp/PoisonBase_cross_arch_k_10x6/target_sets/VGG13BN_fc_dog-bird.json", "target_select": 3, "use_jacobian_score": false, "victim_aug": false, "victim_bs": 125, "victim_decay": [40], "victim_epochs": 50, "victim_lr": 0.1, "victim_wd": 0.0}
[2026-09-14 23:42:13] Jacobian score: disabled
[2026-09-14 23:42:13] N_total=50000 budget=0.005 -> N_p=250 poisons, y_adv=5(dog) target_class=2(bird)
[2026-09-14 23:42:13] === surrogates (30 x VGG13BN, trained on the full real set) ===
[2026-09-14 23:42:15]   crafting on 5/30 surrogates
[2026-09-14 23:42:15] === clean victims (6 x VGG13BN) ===
[2026-09-14 23:42:17]   clean baseline CTA = 0.8476 +/- 0.0158
[2026-09-14 23:42:17]   target pool 1000 -> eligible 970 (30 already predicted as y_adv or dropped)
[2026-09-14 23:42:17]   chosen 10 targets (file), p_adv range 0.1680..0.1985
[2026-09-14 23:42:17]   targets: [3728, 5640, 6922, 7855, 2127, 7586, 7360, 2171, 4462, 2597]
[2026-09-14 23:42:17] === target 3728 (1/10) ===
[2026-09-14 23:42:26]   target 3728: crafted 250 poisons in 9 s, obj=0.00224
[2026-09-14 23:42:26]   target 3728: realized linf = 0.03137 (8.00/255), budget = 8.00/255
[2026-09-14 23:44:10]   [t3728 v1/6] fail (pred=bird) CTA=0.8494
[2026-09-14 23:45:51]   [t3728 v2/6] SUCCESS (pred=dog) CTA=0.8473
[2026-09-14 23:47:32]   [t3728 v3/6] SUCCESS (pred=dog) CTA=0.8475
[2026-09-14 23:49:14]   [t3728 v4/6] SUCCESS (pred=dog) CTA=0.8515
[2026-09-14 23:50:55]   [t3728 v5/6] SUCCESS (pred=dog) CTA=0.8547
[2026-09-14 23:52:36]   [t3728 v6/6] SUCCESS (pred=dog) CTA=0.8426
[2026-09-14 23:52:36]   target 3728, 6 victims on this gpu: ASR=83.3% CTA=0.8488 +/- 0.0038
[2026-09-14 23:52:36] === target 5640 (2/10) ===
[2026-09-14 23:52:45]   target 5640: crafted 250 poisons in 9 s, obj=0.00205
[2026-09-14 23:52:45]   target 5640: realized linf = 0.03137 (8.00/255), budget = 8.00/255
[2026-09-14 23:54:29]   [t5640 v1/6] fail (pred=bird) CTA=0.8360
[2026-09-14 23:56:12]   [t5640 v2/6] fail (pred=bird) CTA=0.8508
[2026-09-14 23:57:55]   [t5640 v3/6] fail (pred=bird) CTA=0.8510
[2026-09-14 23:59:38]   [t5640 v4/6] fail (pred=cat) CTA=0.8608
[2026-09-15 00:01:20]   [t5640 v5/6] SUCCESS (pred=dog) CTA=0.8626
[2026-09-15 00:03:03]   [t5640 v6/6] SUCCESS (pred=dog) CTA=0.8548
[2026-09-15 00:03:03]   target 5640, 6 victims on this gpu: ASR=33.3% CTA=0.8527 +/- 0.0087
[2026-09-15 00:03:03] === target 6922 (3/10) ===
[2026-09-15 00:03:12]   target 6922: crafted 250 poisons in 9 s, obj=0.00218
[2026-09-15 00:03:12]   target 6922: realized linf = 0.03137 (8.00/255), budget = 8.00/255
[2026-09-15 00:04:57]   [t6922 v1/6] SUCCESS (pred=dog) CTA=0.8665
[2026-09-15 00:06:39]   [t6922 v2/6] SUCCESS (pred=dog) CTA=0.8561
[2026-09-15 00:08:21]   [t6922 v3/6] fail (pred=bird) CTA=0.8515
[2026-09-15 00:10:03]   [t6922 v4/6] SUCCESS (pred=dog) CTA=0.8557
[2026-09-15 00:11:44]   [t6922 v5/6] fail (pred=frog) CTA=0.8342
[2026-09-15 00:13:26]   [t6922 v6/6] SUCCESS (pred=dog) CTA=0.8581
[2026-09-15 00:13:26]   target 6922, 6 victims on this gpu: ASR=66.7% CTA=0.8537 +/- 0.0098
[2026-09-15 00:13:26] === target 7855 (4/10) ===
[2026-09-15 00:13:35]   target 7855: crafted 250 poisons in 9 s, obj=0.00200
[2026-09-15 00:13:35]   target 7855: realized linf = 0.03137 (8.00/255), budget = 8.00/255
[2026-09-15 00:15:19]   [t7855 v1/6] SUCCESS (pred=dog) CTA=0.8602
[2026-09-15 00:17:01]   [t7855 v2/6] fail (pred=bird) CTA=0.8498
[2026-09-15 00:18:44]   [t7855 v3/6] SUCCESS (pred=dog) CTA=0.8542
[2026-09-15 00:20:26]   [t7855 v4/6] SUCCESS (pred=dog) CTA=0.8600
[2026-09-15 00:22:08]   [t7855 v5/6] SUCCESS (pred=dog) CTA=0.8631
[2026-09-15 00:23:49]   [t7855 v6/6] SUCCESS (pred=dog) CTA=0.8138
[2026-09-15 00:23:49]   target 7855, 6 victims on this gpu: ASR=83.3% CTA=0.8502 +/- 0.0169
[2026-09-15 00:23:49] === target 2127 (5/10) ===
[2026-09-15 00:23:58]   target 2127: crafted 250 poisons in 9 s, obj=0.00203
[2026-09-15 00:23:58]   target 2127: realized linf = 0.03137 (8.00/255), budget = 8.00/255
[2026-09-15 00:25:42]   [t2127 v1/6] fail (pred=deer) CTA=0.8595
[2026-09-15 00:27:25]   [t2127 v2/6] SUCCESS (pred=dog) CTA=0.8396
[2026-09-15 00:29:08]   [t2127 v3/6] fail (pred=deer) CTA=0.8479
[2026-09-15 00:30:50]   [t2127 v4/6] fail (pred=deer) CTA=0.8548
[2026-09-15 00:32:33]   [t2127 v5/6] fail (pred=deer) CTA=0.8585
[2026-09-15 00:34:16]   [t2127 v6/6] fail (pred=airplane) CTA=0.8545
[2026-09-15 00:34:16]   target 2127, 6 victims on this gpu: ASR=16.7% CTA=0.8525 +/- 0.0069
[2026-09-15 00:34:16] === target 7586 (6/10) ===
[2026-09-15 00:34:25]   target 7586: crafted 250 poisons in 9 s, obj=0.00205
[2026-09-15 00:34:25]   target 7586: realized linf = 0.03137 (8.00/255), budget = 8.00/255
[2026-09-15 00:36:10]   [t7586 v1/6] fail (pred=bird) CTA=0.8593
[2026-09-15 00:37:53]   [t7586 v2/6] fail (pred=bird) CTA=0.8545
[2026-09-15 00:39:36]   [t7586 v3/6] SUCCESS (pred=dog) CTA=0.8549
[2026-09-15 00:41:19]   [t7586 v4/6] fail (pred=bird) CTA=0.8571
[2026-09-15 00:43:02]   [t7586 v5/6] fail (pred=bird) CTA=0.8531
[2026-09-15 00:44:44]   [t7586 v6/6] fail (pred=bird) CTA=0.8578
[2026-09-15 00:44:44]   target 7586, 6 victims on this gpu: ASR=16.7% CTA=0.8561 +/- 0.0021
[2026-09-15 00:44:44] === target 7360 (7/10) ===
[2026-09-15 00:44:53]   target 7360: crafted 250 poisons in 9 s, obj=0.00219
[2026-09-15 00:44:53]   target 7360: realized linf = 0.03137 (8.00/255), budget = 8.00/255
[2026-09-15 00:46:37]   [t7360 v1/6] SUCCESS (pred=dog) CTA=0.8470
[2026-09-15 00:48:20]   [t7360 v2/6] SUCCESS (pred=dog) CTA=0.8457
[2026-09-15 00:50:03]   [t7360 v3/6] SUCCESS (pred=dog) CTA=0.8580
[2026-09-15 00:51:46]   [t7360 v4/6] fail (pred=bird) CTA=0.8587
[2026-09-15 00:53:28]   [t7360 v5/6] SUCCESS (pred=dog) CTA=0.8426
[2026-09-15 00:55:12]   [t7360 v6/6] fail (pred=bird) CTA=0.8344
[2026-09-15 00:55:12]   target 7360, 6 victims on this gpu: ASR=66.7% CTA=0.8477 +/- 0.0085
[2026-09-15 00:55:12] === target 2171 (8/10) ===
[2026-09-15 00:55:21]   target 2171: crafted 250 poisons in 9 s, obj=0.00221
[2026-09-15 00:55:21]   target 2171: realized linf = 0.03137 (8.00/255), budget = 8.00/255
[2026-09-15 00:57:05]   [t2171 v1/6] SUCCESS (pred=dog) CTA=0.8586
[2026-09-15 00:58:48]   [t2171 v2/6] SUCCESS (pred=dog) CTA=0.8601
[2026-09-15 01:00:31]   [t2171 v3/6] SUCCESS (pred=dog) CTA=0.8526
[2026-09-15 01:02:14]   [t2171 v4/6] fail (pred=bird) CTA=0.8398
[2026-09-15 01:03:56]   [t2171 v5/6] fail (pred=bird) CTA=0.8689
[2026-09-15 01:05:39]   [t2171 v6/6] fail (pred=bird) CTA=0.8652
[2026-09-15 01:05:39]   target 2171, 6 victims on this gpu: ASR=50.0% CTA=0.8575 +/- 0.0094
[2026-09-15 01:05:39] === target 4462 (9/10) ===
[2026-09-15 01:05:48]   target 4462: crafted 250 poisons in 9 s, obj=0.00275
[2026-09-15 01:05:48]   target 4462: realized linf = 0.03137 (8.00/255), budget = 8.00/255
[2026-09-15 01:07:32]   [t4462 v1/6] fail (pred=bird) CTA=0.8520
[2026-09-15 01:09:13]   [t4462 v2/6] SUCCESS (pred=dog) CTA=0.8661
[2026-09-15 01:10:55]   [t4462 v3/6] SUCCESS (pred=dog) CTA=0.8510
[2026-09-15 01:12:36]   [t4462 v4/6] SUCCESS (pred=dog) CTA=0.8609
[2026-09-15 01:14:17]   [t4462 v5/6] SUCCESS (pred=dog) CTA=0.8524
[2026-09-15 01:15:59]   [t4462 v6/6] SUCCESS (pred=dog) CTA=0.8539
[2026-09-15 01:15:59]   target 4462, 6 victims on this gpu: ASR=83.3% CTA=0.8561 +/- 0.0055
[2026-09-15 01:15:59] === target 2597 (10/10) ===
[2026-09-15 01:16:08]   target 2597: crafted 250 poisons in 9 s, obj=0.00220
[2026-09-15 01:16:08]   target 2597: realized linf = 0.03137 (8.00/255), budget = 8.00/255
[2026-09-15 01:17:52]   [t2597 v1/6] fail (pred=horse) CTA=0.8495
[2026-09-15 01:19:34]   [t2597 v2/6] fail (pred=horse) CTA=0.8610
[2026-09-15 01:21:16]   [t2597 v3/6] fail (pred=bird) CTA=0.8473
[2026-09-15 01:22:57]   [t2597 v4/6] fail (pred=cat) CTA=0.8465
[2026-09-15 01:24:39]   [t2597 v5/6] fail (pred=horse) CTA=0.8643
[2026-09-15 01:26:21]   [t2597 v6/6] fail (pred=bird) CTA=0.8544
[2026-09-15 01:26:21]   target 2597, 6 victims on this gpu: ASR=0.0% CTA=0.8538 +/- 0.0068
[2026-09-15 01:26:21] ==== CIFAR10_VGG13BN_fc_ours_dog-bird_b0.005_eps8_seed42_lam1_cosine_K3_ce5_tgt3 : ASR = 50.0% +/- 29.8% | CTA = 0.8529 (baseline 0.8476) ====
[2026-09-15 01:26:21]   target-prediction tally ['airplane', 'automobile', 'bird', 'cat', 'deer', 'dog', 'frog', 'horse', 'ship', 'truck']: [1, 0, 19, 2, 4, 30, 1, 3, 0, 0]
verified: 10 targets x 6 victims = 60 unique evaluations
sync: CIFAR10_VGG13BN_fc_ours_dog-bird_b0.005_eps8_seed42_lam1_cosine_K3_ce5_tgt3 -> /home/mmoslem3/scratch/PoisonBase/cross_arch_k_10x6_result
sync: complete
