gpu: NVIDIA L40S
cache: waiting for shared ResNet20BN checkpoint lock
cache: ResNet20BN checkpoints ready
cache: waiting for shared ConvNetBN checkpoint lock
cache: ConvNetBN checkpoints ready
run: waiting for duplicate-submission lock
targets: 10 unique pinned indices: 5118 8740 5324 4630 833 2065 7056 9059 6707 9874
job: 927176 xk088_gm_b0002_vr20_sconv_k30 on rack13-04
config: attack=gradmatch budget=0.002 A=V=ResNet20BN S=ConvNetBN K=30 base=ours jacobian=off craft_steps=250 targets=10 victims=6
protocol: method=ours Jacobian=off targets=10 victims=6 selector_K=30
protocol: 30 shared surrogates available; crafting always uses V checkpoints 0..4
output: /home/mmoslem3/scratch/PoisonBase/cross_arch_k_10x6_result/CIFAR10_ResNet20BN_gradmatch_ours_dog-bird_b0.002_eps8_seed42_lam1_cosine_selarchConvNetBN_K30_ce5_tgt14
[2026-09-14 23:52:08] === run start: CIFAR10_ResNet20BN_gradmatch_ours_dog-bird_b0.002_eps8_seed42_lam1_cosine_selarchConvNetBN_K30_ce5_tgt14 on cuda [0] ===
[2026-09-14 23:52:08] args: {"FORCE": false, "attack": "gradmatch", "base": "ours", "base_dist": "cosine", "base_topr": null, "budget": 0.002, "cache_dir": "/tmp/PoisonBase_cross_arch_k_10x6/cache", "class_pair": "dog-bird", "clean_baseline": true, "craft_alpha": 0.0039216, "craft_aug": true, "craft_batch": 256, "craft_ensemble": 5, "craft_lowmem": false, "craft_schedule": false, "craft_steps": 250, "data_path": "/tmp/PoisonBase_cross_arch_k_10x6/data", "dataset": "CIFAR10", "distance_margin_coef": null, "dsa_strategy": "color_crop_cutout_flip_scale_rotate", "epsilon": 0.0313725, "fast_gradmatch": false, "fc_mode": "sample", "fc_restarts": 1, "gpus": "all", "jacobian_batch_size": 64, "jacobian_weight": 1.0, "lambda_margin": 1.0, "model": "ResNet20BN", "no_resume": false, "num_poisons": 500, "num_surrogates": 30, "num_targets": 10, "num_victims": 6, "out_dir": "/tmp/PoisonBase_cross_arch_k_10x6/cross_arch_k_10x6_result", "pair_order": "poison-target", "parallel_pretrain": true, "parallel_targets": true, "precompute_id": null, "precompute_only": false, "precompute_part": "both", "rank_on_victims": true, "recompute_deltas": false, "require_correct_target": false, "restarts": 8, "seed": 42, "sel_K": 30, "sel_alpha": 1.0, "sel_criterion": null, "sel_dpp": false, "sel_filter": false, "sel_mmr": false, "sel_mode": null, "sel_model": "ConvNetBN", "sel_mu": 1.0, "sel_pca": false, "sel_pool": 3.0, "sharp_mode": "worst", "sharp_samples": 20, "sharp_sigma": 0.05, "steal_timeout": 7200.0, "surrogate_aug": false, "surrogate_bs": 128, "surrogate_decay": [35, 45], "surrogate_epochs": 60, "surrogate_lr": 0.1, "surrogate_wd": 0.0, "target_idx_file": "/tmp/PoisonBase_cross_arch_k_10x6/target_sets/ResNet20BN_gradmatch_dog-bird.json", "target_select": 14, "use_jacobian_score": false, "victim_aug": false, "victim_bs": 125, "victim_decay": [40], "victim_epochs": 50, "victim_lr": 0.1, "victim_wd": 0.0}
[2026-09-14 23:52:08] Jacobian score: disabled
[2026-09-14 23:52:08] N_total=50000 budget=0.002 -> N_p=100 poisons, y_adv=5(dog) target_class=2(bird)
[2026-09-14 23:52:08] === surrogates (30 x ResNet20BN, trained on the full real set) ===
[2026-09-14 23:52:09]   crafting on 5/30 surrogates
[2026-09-14 23:52:09] === selection surrogates (30 x ConvNetBN, cross-architecture) ===
[2026-09-14 23:52:09] === clean victims (6 x ResNet20BN) ===
[2026-09-14 23:52:10]   clean baseline CTA = 0.8354 +/- 0.0043
[2026-09-14 23:52:10]   target pool 1000 -> eligible 978 (22 already predicted as y_adv or dropped)
[2026-09-14 23:52:10]   chosen 10 targets (file), p_adv range 0.0001..0.3539
[2026-09-14 23:52:10]   targets: [5118, 8740, 5324, 4630, 833, 2065, 7056, 9059, 6707, 9874]
[2026-09-14 23:52:10] === target 5118 (1/10) ===
[2026-09-14 23:56:07]   target 5118: crafted 100 poisons in 235 s, obj=0.19860
[2026-09-14 23:56:07]   target 5118: realized linf = 0.03137 (8.00/255), budget = 8.00/255
[2026-09-14 23:57:44]   [t5118 v1/6] SUCCESS (pred=dog) CTA=0.8346
[2026-09-14 23:59:19]   [t5118 v2/6] SUCCESS (pred=dog) CTA=0.8432
[2026-09-15 00:00:55]   [t5118 v3/6] SUCCESS (pred=dog) CTA=0.8352
[2026-09-15 00:02:31]   [t5118 v4/6] SUCCESS (pred=dog) CTA=0.8353
[2026-09-15 00:04:07]   [t5118 v5/6] SUCCESS (pred=dog) CTA=0.8374
[2026-09-15 00:05:42]   [t5118 v6/6] SUCCESS (pred=dog) CTA=0.8439
[2026-09-15 00:05:42]   target 5118, 6 victims on this gpu: ASR=100.0% CTA=0.8383 +/- 0.0038
[2026-09-15 00:05:42] === target 8740 (2/10) ===
[2026-09-15 00:09:39]   target 8740: crafted 100 poisons in 234 s, obj=0.18302
[2026-09-15 00:09:39]   target 8740: realized linf = 0.03137 (8.00/255), budget = 8.00/255
[2026-09-15 00:11:15]   [t8740 v1/6] SUCCESS (pred=dog) CTA=0.8402
[2026-09-15 00:12:51]   [t8740 v2/6] SUCCESS (pred=dog) CTA=0.8301
[2026-09-15 00:14:27]   [t8740 v3/6] SUCCESS (pred=dog) CTA=0.8347
[2026-09-15 00:16:02]   [t8740 v4/6] SUCCESS (pred=dog) CTA=0.8433
[2026-09-15 00:17:38]   [t8740 v5/6] SUCCESS (pred=dog) CTA=0.8423
[2026-09-15 00:19:14]   [t8740 v6/6] SUCCESS (pred=dog) CTA=0.8343
[2026-09-15 00:19:14]   target 8740, 6 victims on this gpu: ASR=100.0% CTA=0.8375 +/- 0.0048
[2026-09-15 00:19:14] === target 5324 (3/10) ===
[2026-09-15 00:23:10]   target 5324: crafted 100 poisons in 234 s, obj=0.22141
[2026-09-15 00:23:10]   target 5324: realized linf = 0.03137 (8.00/255), budget = 8.00/255
[2026-09-15 00:24:46]   [t5324 v1/6] fail (pred=deer) CTA=0.8394
[2026-09-15 00:26:22]   [t5324 v2/6] fail (pred=bird) CTA=0.8362
[2026-09-15 00:27:58]   [t5324 v3/6] fail (pred=cat) CTA=0.8348
[2026-09-15 00:29:34]   [t5324 v4/6] SUCCESS (pred=dog) CTA=0.8312
[2026-09-15 00:31:10]   [t5324 v5/6] fail (pred=cat) CTA=0.8371
[2026-09-15 00:32:45]   [t5324 v6/6] fail (pred=ship) CTA=0.8377
[2026-09-15 00:32:45]   target 5324, 6 victims on this gpu: ASR=16.7% CTA=0.8361 +/- 0.0026
[2026-09-15 00:32:45] === target 4630 (4/10) ===
[2026-09-15 00:36:42]   target 4630: crafted 100 poisons in 234 s, obj=0.18317
[2026-09-15 00:36:42]   target 4630: realized linf = 0.03137 (8.00/255), budget = 8.00/255
[2026-09-15 00:38:18]   [t4630 v1/6] fail (pred=cat) CTA=0.8359
[2026-09-15 00:39:54]   [t4630 v2/6] fail (pred=cat) CTA=0.8344
[2026-09-15 00:41:30]   [t4630 v3/6] SUCCESS (pred=dog) CTA=0.8339
[2026-09-15 00:43:06]   [t4630 v4/6] SUCCESS (pred=dog) CTA=0.8374
[2026-09-15 00:44:41]   [t4630 v5/6] SUCCESS (pred=dog) CTA=0.8404
[2026-09-15 00:46:17]   [t4630 v6/6] fail (pred=cat) CTA=0.8369
[2026-09-15 00:46:17]   target 4630, 6 victims on this gpu: ASR=50.0% CTA=0.8365 +/- 0.0021
[2026-09-15 00:46:17] === target 833 (5/10) ===
[2026-09-15 00:50:14]   target 833: crafted 100 poisons in 234 s, obj=0.18950
[2026-09-15 00:50:14]   target 833: realized linf = 0.03137 (8.00/255), budget = 8.00/255
[2026-09-15 00:51:50]   [t833 v1/6] fail (pred=bird) CTA=0.8405
[2026-09-15 00:53:26]   [t833 v2/6] fail (pred=bird) CTA=0.8331
[2026-09-15 00:55:01]   [t833 v3/6] fail (pred=bird) CTA=0.8389
[2026-09-15 00:56:37]   [t833 v4/6] fail (pred=cat) CTA=0.8429
[2026-09-15 00:58:13]   [t833 v5/6] SUCCESS (pred=dog) CTA=0.8295
[2026-09-15 00:59:49]   [t833 v6/6] SUCCESS (pred=dog) CTA=0.8372
[2026-09-15 00:59:49]   target 833, 6 victims on this gpu: ASR=33.3% CTA=0.8370 +/- 0.0045
[2026-09-15 00:59:49] === target 2065 (6/10) ===
[2026-09-15 01:03:46]   target 2065: crafted 100 poisons in 234 s, obj=0.19103
[2026-09-15 01:03:46]   target 2065: realized linf = 0.03137 (8.00/255), budget = 8.00/255
[2026-09-15 01:05:22]   [t2065 v1/6] SUCCESS (pred=dog) CTA=0.8384
[2026-09-15 01:06:57]   [t2065 v2/6] SUCCESS (pred=dog) CTA=0.8457
[2026-09-15 01:08:33]   [t2065 v3/6] fail (pred=bird) CTA=0.8419
[2026-09-15 01:10:09]   [t2065 v4/6] fail (pred=deer) CTA=0.8342
[2026-09-15 01:11:45]   [t2065 v5/6] SUCCESS (pred=dog) CTA=0.8326
[2026-09-15 01:13:20]   [t2065 v6/6] SUCCESS (pred=dog) CTA=0.8397
[2026-09-15 01:13:20]   target 2065, 6 victims on this gpu: ASR=66.7% CTA=0.8387 +/- 0.0044
[2026-09-15 01:13:20] === target 7056 (7/10) ===
[2026-09-15 01:17:17]   target 7056: crafted 100 poisons in 234 s, obj=0.22397
[2026-09-15 01:17:17]   target 7056: realized linf = 0.03137 (8.00/255), budget = 8.00/255
[2026-09-15 01:18:53]   [t7056 v1/6] fail (pred=bird) CTA=0.8326
[2026-09-15 01:20:29]   [t7056 v2/6] SUCCESS (pred=dog) CTA=0.8321
[2026-09-15 01:22:05]   [t7056 v3/6] fail (pred=bird) CTA=0.8466
[2026-09-15 01:23:41]   [t7056 v4/6] fail (pred=bird) CTA=0.8329
[2026-09-15 01:25:16]   [t7056 v5/6] fail (pred=cat) CTA=0.8360
[2026-09-15 01:26:52]   [t7056 v6/6] SUCCESS (pred=dog) CTA=0.8346
[2026-09-15 01:26:52]   target 7056, 6 victims on this gpu: ASR=33.3% CTA=0.8358 +/- 0.0050
[2026-09-15 01:26:52] === target 9059 (8/10) ===
[2026-09-15 01:30:49]   target 9059: crafted 100 poisons in 234 s, obj=0.21174
[2026-09-15 01:30:49]   target 9059: realized linf = 0.03137 (8.00/255), budget = 8.00/255
[2026-09-15 01:32:25]   [t9059 v1/6] SUCCESS (pred=dog) CTA=0.8417
[2026-09-15 01:34:01]   [t9059 v2/6] fail (pred=bird) CTA=0.8423
[2026-09-15 01:35:37]   [t9059 v3/6] fail (pred=bird) CTA=0.8373
[2026-09-15 01:37:12]   [t9059 v4/6] SUCCESS (pred=dog) CTA=0.8353
[2026-09-15 01:38:48]   [t9059 v5/6] fail (pred=frog) CTA=0.8389
[2026-09-15 01:40:24]   [t9059 v6/6] fail (pred=cat) CTA=0.8441
[2026-09-15 01:40:24]   target 9059, 6 victims on this gpu: ASR=33.3% CTA=0.8399 +/- 0.0030
[2026-09-15 01:40:24] === target 6707 (9/10) ===
[2026-09-15 01:44:21]   target 6707: crafted 100 poisons in 234 s, obj=0.19923
[2026-09-15 01:44:21]   target 6707: realized linf = 0.03137 (8.00/255), budget = 8.00/255
[2026-09-15 01:45:57]   [t6707 v1/6] SUCCESS (pred=dog) CTA=0.8370
[2026-09-15 01:47:32]   [t6707 v2/6] SUCCESS (pred=dog) CTA=0.8378
[2026-09-15 01:49:08]   [t6707 v3/6] SUCCESS (pred=dog) CTA=0.8315
[2026-09-15 01:50:44]   [t6707 v4/6] SUCCESS (pred=dog) CTA=0.8329
[2026-09-15 01:52:20]   [t6707 v5/6] fail (pred=bird) CTA=0.8421
[2026-09-15 01:53:56]   [t6707 v6/6] SUCCESS (pred=dog) CTA=0.8392
[2026-09-15 01:53:56]   target 6707, 6 victims on this gpu: ASR=83.3% CTA=0.8367 +/- 0.0036
[2026-09-15 01:53:56] === target 9874 (10/10) ===
[2026-09-15 01:57:52]   target 9874: crafted 100 poisons in 234 s, obj=0.16577
[2026-09-15 01:57:52]   target 9874: realized linf = 0.03137 (8.00/255), budget = 8.00/255
[2026-09-15 01:59:28]   [t9874 v1/6] SUCCESS (pred=dog) CTA=0.8403
[2026-09-15 02:01:04]   [t9874 v2/6] SUCCESS (pred=dog) CTA=0.8326
[2026-09-15 02:02:40]   [t9874 v3/6] SUCCESS (pred=dog) CTA=0.8415
[2026-09-15 02:04:16]   [t9874 v4/6] fail (pred=bird) CTA=0.8377
[2026-09-15 02:05:51]   [t9874 v5/6] SUCCESS (pred=dog) CTA=0.8379
[2026-09-15 02:07:27]   [t9874 v6/6] SUCCESS (pred=dog) CTA=0.8367
[2026-09-15 02:07:27]   target 9874, 6 victims on this gpu: ASR=83.3% CTA=0.8378 +/- 0.0028
[2026-09-15 02:07:27] ==== CIFAR10_ResNet20BN_gradmatch_ours_dog-bird_b0.002_eps8_seed42_lam1_cosine_selarchConvNetBN_K30_ce5_tgt14 : ASR = 60.0% +/- 29.1% | CTA = 0.8374 (baseline 0.8354) ====
[2026-09-15 02:07:27]   target-prediction tally ['airplane', 'automobile', 'bird', 'cat', 'deer', 'dog', 'frog', 'horse', 'ship', 'truck']: [0, 0, 12, 8, 2, 36, 1, 0, 1, 0]
verified: 10 targets x 6 victims = 60 unique evaluations
sync: CIFAR10_ResNet20BN_gradmatch_ours_dog-bird_b0.002_eps8_seed42_lam1_cosine_selarchConvNetBN_K30_ce5_tgt14 -> /home/mmoslem3/scratch/PoisonBase/cross_arch_k_10x6_result
sync: complete
