gpu: NVIDIA L40S
cache: waiting for shared ResNet20BN checkpoint lock
cache: ResNet20BN checkpoints ready
run: waiting for duplicate-submission lock
targets: 10 unique pinned indices: 5118 8740 5324 4630 833 2065 7056 9059 6707 9874
job: 927177 xk089_gm_b0002_vr20_sr20_k1 on rack04-10
config: attack=gradmatch budget=0.002 A=V=ResNet20BN S=ResNet20BN K=1 base=ours jacobian=off craft_steps=250 targets=10 victims=6
protocol: method=ours Jacobian=off targets=10 victims=6 selector_K=1
protocol: 30 shared surrogates available; crafting always uses V checkpoints 0..4
output: /home/mmoslem3/scratch/PoisonBase/cross_arch_k_10x6_result/CIFAR10_ResNet20BN_gradmatch_ours_dog-bird_b0.002_eps8_seed42_lam1_cosine_K1_ce5_tgt14
[2026-09-14 23:58:12] === run start: CIFAR10_ResNet20BN_gradmatch_ours_dog-bird_b0.002_eps8_seed42_lam1_cosine_K1_ce5_tgt14 on cuda [0] ===
[2026-09-14 23:58:12] args: {"FORCE": false, "attack": "gradmatch", "base": "ours", "base_dist": "cosine", "base_topr": null, "budget": 0.002, "cache_dir": "/tmp/PoisonBase_cross_arch_k_10x6/cache", "class_pair": "dog-bird", "clean_baseline": true, "craft_alpha": 0.0039216, "craft_aug": true, "craft_batch": 256, "craft_ensemble": 5, "craft_lowmem": false, "craft_schedule": false, "craft_steps": 250, "data_path": "/tmp/PoisonBase_cross_arch_k_10x6/data", "dataset": "CIFAR10", "distance_margin_coef": null, "dsa_strategy": "color_crop_cutout_flip_scale_rotate", "epsilon": 0.0313725, "fast_gradmatch": false, "fc_mode": "sample", "fc_restarts": 1, "gpus": "all", "jacobian_batch_size": 64, "jacobian_weight": 1.0, "lambda_margin": 1.0, "model": "ResNet20BN", "no_resume": false, "num_poisons": 500, "num_surrogates": 30, "num_targets": 10, "num_victims": 6, "out_dir": "/tmp/PoisonBase_cross_arch_k_10x6/cross_arch_k_10x6_result", "pair_order": "poison-target", "parallel_pretrain": true, "parallel_targets": true, "precompute_id": null, "precompute_only": false, "precompute_part": "both", "rank_on_victims": true, "recompute_deltas": false, "require_correct_target": false, "restarts": 8, "seed": 42, "sel_K": 1, "sel_alpha": 1.0, "sel_criterion": null, "sel_dpp": false, "sel_filter": false, "sel_mmr": false, "sel_mode": null, "sel_model": "ResNet20BN", "sel_mu": 1.0, "sel_pca": false, "sel_pool": 3.0, "sharp_mode": "worst", "sharp_samples": 20, "sharp_sigma": 0.05, "steal_timeout": 7200.0, "surrogate_aug": false, "surrogate_bs": 128, "surrogate_decay": [35, 45], "surrogate_epochs": 60, "surrogate_lr": 0.1, "surrogate_wd": 0.0, "target_idx_file": "/tmp/PoisonBase_cross_arch_k_10x6/target_sets/ResNet20BN_gradmatch_dog-bird.json", "target_select": 14, "use_jacobian_score": false, "victim_aug": false, "victim_bs": 125, "victim_decay": [40], "victim_epochs": 50, "victim_lr": 0.1, "victim_wd": 0.0}
[2026-09-14 23:58:12] Jacobian score: disabled
[2026-09-14 23:58:12] N_total=50000 budget=0.002 -> N_p=100 poisons, y_adv=5(dog) target_class=2(bird)
[2026-09-14 23:58:12] === surrogates (30 x ResNet20BN, trained on the full real set) ===
[2026-09-14 23:58:12]   crafting on 5/30 surrogates
[2026-09-14 23:58:12] === clean victims (6 x ResNet20BN) ===
[2026-09-14 23:58:13]   clean baseline CTA = 0.8354 +/- 0.0043
[2026-09-14 23:58:13]   target pool 1000 -> eligible 978 (22 already predicted as y_adv or dropped)
[2026-09-14 23:58:13]   chosen 10 targets (file), p_adv range 0.0001..0.3539
[2026-09-14 23:58:13]   targets: [5118, 8740, 5324, 4630, 833, 2065, 7056, 9059, 6707, 9874]
[2026-09-14 23:58:13] === target 5118 (1/10) ===
[2026-09-15 00:02:08]   target 5118: crafted 100 poisons in 235 s, obj=0.20743
[2026-09-15 00:02:08]   target 5118: realized linf = 0.03137 (8.00/255), budget = 8.00/255
[2026-09-15 00:03:44]   [t5118 v1/6] SUCCESS (pred=dog) CTA=0.8411
[2026-09-15 00:05:21]   [t5118 v2/6] fail (pred=bird) CTA=0.8367
[2026-09-15 00:06:57]   [t5118 v3/6] SUCCESS (pred=dog) CTA=0.8370
[2026-09-15 00:08:33]   [t5118 v4/6] fail (pred=bird) CTA=0.8370
[2026-09-15 00:10:10]   [t5118 v5/6] SUCCESS (pred=dog) CTA=0.8403
[2026-09-15 00:11:46]   [t5118 v6/6] fail (pred=bird) CTA=0.8376
[2026-09-15 00:11:46]   target 5118, 6 victims on this gpu: ASR=50.0% CTA=0.8383 +/- 0.0017
[2026-09-15 00:11:46] === target 8740 (2/10) ===
[2026-09-15 00:15:41]   target 8740: crafted 100 poisons in 235 s, obj=0.19707
[2026-09-15 00:15:41]   target 8740: realized linf = 0.03137 (8.00/255), budget = 8.00/255
[2026-09-15 00:17:17]   [t8740 v1/6] fail (pred=bird) CTA=0.8466
[2026-09-15 00:18:53]   [t8740 v2/6] fail (pred=bird) CTA=0.8294
[2026-09-15 00:20:30]   [t8740 v3/6] SUCCESS (pred=dog) CTA=0.8330
[2026-09-15 00:22:06]   [t8740 v4/6] SUCCESS (pred=dog) CTA=0.8387
[2026-09-15 00:23:42]   [t8740 v5/6] SUCCESS (pred=dog) CTA=0.8418
[2026-09-15 00:25:18]   [t8740 v6/6] SUCCESS (pred=dog) CTA=0.8348
[2026-09-15 00:25:18]   target 8740, 6 victims on this gpu: ASR=66.7% CTA=0.8374 +/- 0.0057
[2026-09-15 00:25:18] === target 5324 (3/10) ===
[2026-09-15 00:29:13]   target 5324: crafted 100 poisons in 235 s, obj=0.22594
[2026-09-15 00:29:13]   target 5324: realized linf = 0.03137 (8.00/255), budget = 8.00/255
[2026-09-15 00:30:50]   [t5324 v1/6] fail (pred=cat) CTA=0.8391
[2026-09-15 00:32:26]   [t5324 v2/6] fail (pred=cat) CTA=0.8368
[2026-09-15 00:34:02]   [t5324 v3/6] fail (pred=cat) CTA=0.8473
[2026-09-15 00:35:39]   [t5324 v4/6] fail (pred=truck) CTA=0.8362
[2026-09-15 00:37:15]   [t5324 v5/6] fail (pred=ship) CTA=0.8385
[2026-09-15 00:38:51]   [t5324 v6/6] SUCCESS (pred=dog) CTA=0.8354
[2026-09-15 00:38:51]   target 5324, 6 victims on this gpu: ASR=16.7% CTA=0.8389 +/- 0.0040
[2026-09-15 00:38:51] === target 4630 (4/10) ===
[2026-09-15 00:42:46]   target 4630: crafted 100 poisons in 235 s, obj=0.19132
[2026-09-15 00:42:46]   target 4630: realized linf = 0.03137 (8.00/255), budget = 8.00/255
[2026-09-15 00:44:22]   [t4630 v1/6] SUCCESS (pred=dog) CTA=0.8386
[2026-09-15 00:45:58]   [t4630 v2/6] fail (pred=frog) CTA=0.8359
[2026-09-15 00:47:34]   [t4630 v3/6] fail (pred=cat) CTA=0.8381
[2026-09-15 00:49:11]   [t4630 v4/6] fail (pred=frog) CTA=0.8417
[2026-09-15 00:50:47]   [t4630 v5/6] fail (pred=bird) CTA=0.8354
[2026-09-15 00:52:23]   [t4630 v6/6] fail (pred=bird) CTA=0.8351
[2026-09-15 00:52:23]   target 4630, 6 victims on this gpu: ASR=16.7% CTA=0.8375 +/- 0.0023
[2026-09-15 00:52:23] === target 833 (5/10) ===
[2026-09-15 00:56:17]   target 833: crafted 100 poisons in 234 s, obj=0.19760
[2026-09-15 00:56:17]   target 833: realized linf = 0.03137 (8.00/255), budget = 8.00/255
[2026-09-15 00:57:54]   [t833 v1/6] fail (pred=bird) CTA=0.8385
[2026-09-15 00:59:30]   [t833 v2/6] fail (pred=bird) CTA=0.8357
[2026-09-15 01:01:06]   [t833 v3/6] fail (pred=bird) CTA=0.8295
[2026-09-15 01:02:43]   [t833 v4/6] fail (pred=cat) CTA=0.8432
[2026-09-15 01:04:19]   [t833 v5/6] SUCCESS (pred=dog) CTA=0.8350
[2026-09-15 01:05:55]   [t833 v6/6] SUCCESS (pred=dog) CTA=0.8398
[2026-09-15 01:05:55]   target 833, 6 victims on this gpu: ASR=33.3% CTA=0.8369 +/- 0.0043
[2026-09-15 01:05:55] === target 2065 (6/10) ===
[2026-09-15 01:09:50]   target 2065: crafted 100 poisons in 234 s, obj=0.20677
[2026-09-15 01:09:50]   target 2065: realized linf = 0.03137 (8.00/255), budget = 8.00/255
[2026-09-15 01:11:26]   [t2065 v1/6] fail (pred=deer) CTA=0.8376
[2026-09-15 01:13:02]   [t2065 v2/6] fail (pred=deer) CTA=0.8355
[2026-09-15 01:14:39]   [t2065 v3/6] SUCCESS (pred=dog) CTA=0.8319
[2026-09-15 01:16:15]   [t2065 v4/6] SUCCESS (pred=dog) CTA=0.8359
[2026-09-15 01:17:51]   [t2065 v5/6] fail (pred=deer) CTA=0.8372
[2026-09-15 01:19:27]   [t2065 v6/6] fail (pred=deer) CTA=0.8368
[2026-09-15 01:19:27]   target 2065, 6 victims on this gpu: ASR=33.3% CTA=0.8358 +/- 0.0019
[2026-09-15 01:19:27] === target 7056 (7/10) ===
[2026-09-15 01:23:24]   target 7056: crafted 100 poisons in 236 s, obj=0.24026
[2026-09-15 01:23:24]   target 7056: realized linf = 0.03137 (8.00/255), budget = 8.00/255
[2026-09-15 01:25:00]   [t7056 v1/6] fail (pred=bird) CTA=0.8361
[2026-09-15 01:26:36]   [t7056 v2/6] fail (pred=bird) CTA=0.8336
[2026-09-15 01:28:12]   [t7056 v3/6] fail (pred=bird) CTA=0.8454
[2026-09-15 01:29:48]   [t7056 v4/6] fail (pred=bird) CTA=0.8372
[2026-09-15 01:31:25]   [t7056 v5/6] fail (pred=cat) CTA=0.8447
[2026-09-15 01:33:01]   [t7056 v6/6] fail (pred=bird) CTA=0.8380
[2026-09-15 01:33:01]   target 7056, 6 victims on this gpu: ASR=0.0% CTA=0.8392 +/- 0.0044
[2026-09-15 01:33:01] === target 9059 (8/10) ===
[2026-09-15 01:36:57]   target 9059: crafted 100 poisons in 236 s, obj=0.22524
[2026-09-15 01:36:57]   target 9059: realized linf = 0.03137 (8.00/255), budget = 8.00/255
[2026-09-15 01:38:34]   [t9059 v1/6] SUCCESS (pred=dog) CTA=0.8427
[2026-09-15 01:40:10]   [t9059 v2/6] SUCCESS (pred=dog) CTA=0.8348
[2026-09-15 01:41:46]   [t9059 v3/6] SUCCESS (pred=dog) CTA=0.8345
[2026-09-15 01:43:22]   [t9059 v4/6] fail (pred=bird) CTA=0.8305
[2026-09-15 01:44:58]   [t9059 v5/6] fail (pred=cat) CTA=0.8417
[2026-09-15 01:46:34]   [t9059 v6/6] fail (pred=bird) CTA=0.8394
[2026-09-15 01:46:35]   target 9059, 6 victims on this gpu: ASR=50.0% CTA=0.8373 +/- 0.0043
[2026-09-15 01:46:35] === target 6707 (9/10) ===
[2026-09-15 01:50:30]   target 6707: crafted 100 poisons in 236 s, obj=0.21158
[2026-09-15 01:50:30]   target 6707: realized linf = 0.03137 (8.00/255), budget = 8.00/255
[2026-09-15 01:52:07]   [t6707 v1/6] SUCCESS (pred=dog) CTA=0.8469
[2026-09-15 01:53:43]   [t6707 v2/6] SUCCESS (pred=dog) CTA=0.8407
[2026-09-15 01:55:19]   [t6707 v3/6] SUCCESS (pred=dog) CTA=0.8430
[2026-09-15 01:56:56]   [t6707 v4/6] SUCCESS (pred=dog) CTA=0.8394
[2026-09-15 01:58:32]   [t6707 v5/6] fail (pred=bird) CTA=0.8288
[2026-09-15 02:00:08]   [t6707 v6/6] SUCCESS (pred=dog) CTA=0.8373
[2026-09-15 02:00:08]   target 6707, 6 victims on this gpu: ASR=83.3% CTA=0.8393 +/- 0.0056
[2026-09-15 02:00:08] === target 9874 (10/10) ===
[2026-09-15 02:04:04]   target 9874: crafted 100 poisons in 236 s, obj=0.17718
[2026-09-15 02:04:04]   target 9874: realized linf = 0.03137 (8.00/255), budget = 8.00/255
[2026-09-15 02:05:41]   [t9874 v1/6] SUCCESS (pred=dog) CTA=0.8393
[2026-09-15 02:07:17]   [t9874 v2/6] SUCCESS (pred=dog) CTA=0.8334
[2026-09-15 02:08:54]   [t9874 v3/6] fail (pred=deer) CTA=0.8334
[2026-09-15 02:10:30]   [t9874 v4/6] SUCCESS (pred=dog) CTA=0.8308
[2026-09-15 02:12:06]   [t9874 v5/6] SUCCESS (pred=dog) CTA=0.8333
[2026-09-15 02:13:43]   [t9874 v6/6] SUCCESS (pred=dog) CTA=0.8359
[2026-09-15 02:13:43]   target 9874, 6 victims on this gpu: ASR=83.3% CTA=0.8344 +/- 0.0027
[2026-09-15 02:13:43] ==== CIFAR10_ResNet20BN_gradmatch_ours_dog-bird_b0.002_eps8_seed42_lam1_cosine_K1_ce5_tgt14 : ASR = 43.3% +/- 27.1% | CTA = 0.8375 (baseline 0.8354) ====
[2026-09-15 02:13:43]   target-prediction tally ['airplane', 'automobile', 'bird', 'cat', 'deer', 'dog', 'frog', 'horse', 'ship', 'truck']: [0, 0, 18, 7, 5, 26, 2, 0, 1, 1]
verified: 10 targets x 6 victims = 60 unique evaluations
sync: CIFAR10_ResNet20BN_gradmatch_ours_dog-bird_b0.002_eps8_seed42_lam1_cosine_K1_ce5_tgt14 -> /home/mmoslem3/scratch/PoisonBase/cross_arch_k_10x6_result
sync: complete
