gpu: NVIDIA L40S
cache: waiting for shared VGG13BN checkpoint lock
cache: VGG13BN checkpoints ready
cache: waiting for shared ResNet20BN checkpoint lock
cache: ResNet20BN checkpoints ready
run: waiting for duplicate-submission lock
targets: 10 unique pinned indices: 630 409 2270 9870 1656 5022 9090 6033 7940 9731
job: 927191 xk103_gm_b0002_vvgg_sr20_k10 on rack12-04
config: attack=gradmatch budget=0.002 A=V=VGG13BN S=ResNet20BN K=10 base=ours jacobian=off craft_steps=250 targets=10 victims=6
protocol: method=ours Jacobian=off targets=10 victims=6 selector_K=10
protocol: 30 shared surrogates available; crafting always uses V checkpoints 0..4
output: /home/mmoslem3/scratch/PoisonBase/cross_arch_k_10x6_result/CIFAR10_VGG13BN_gradmatch_ours_dog-bird_b0.002_eps8_seed42_lam1_cosine_selarchResNet20BN_K10_ce5_tgt50
[2026-09-15 00:03:27] === run start: CIFAR10_VGG13BN_gradmatch_ours_dog-bird_b0.002_eps8_seed42_lam1_cosine_selarchResNet20BN_K10_ce5_tgt50 on cuda [0] ===
[2026-09-15 00:03:27] args: {"FORCE": false, "attack": "gradmatch", "base": "ours", "base_dist": "cosine", "base_topr": null, "budget": 0.002, "cache_dir": "/tmp/PoisonBase_cross_arch_k_10x6/cache", "class_pair": "dog-bird", "clean_baseline": true, "craft_alpha": 0.0039216, "craft_aug": true, "craft_batch": 256, "craft_ensemble": 5, "craft_lowmem": true, "craft_schedule": false, "craft_steps": 250, "data_path": "/tmp/PoisonBase_cross_arch_k_10x6/data", "dataset": "CIFAR10", "distance_margin_coef": null, "dsa_strategy": "color_crop_cutout_flip_scale_rotate", "epsilon": 0.0313725, "fast_gradmatch": true, "fc_mode": "sample", "fc_restarts": 1, "gpus": "all", "jacobian_batch_size": 64, "jacobian_weight": 1.0, "lambda_margin": 1.0, "model": "VGG13BN", "no_resume": false, "num_poisons": 500, "num_surrogates": 30, "num_targets": 10, "num_victims": 6, "out_dir": "/tmp/PoisonBase_cross_arch_k_10x6/cross_arch_k_10x6_result", "pair_order": "poison-target", "parallel_pretrain": true, "parallel_targets": true, "precompute_id": null, "precompute_only": false, "precompute_part": "both", "rank_on_victims": true, "recompute_deltas": false, "require_correct_target": false, "restarts": 8, "seed": 42, "sel_K": 10, "sel_alpha": 1.0, "sel_criterion": null, "sel_dpp": false, "sel_filter": false, "sel_mmr": false, "sel_mode": null, "sel_model": "ResNet20BN", "sel_mu": 1.0, "sel_pca": false, "sel_pool": 3.0, "sharp_mode": "worst", "sharp_samples": 20, "sharp_sigma": 0.05, "steal_timeout": 7200.0, "surrogate_aug": false, "surrogate_bs": 128, "surrogate_decay": [35, 45], "surrogate_epochs": 60, "surrogate_lr": 0.1, "surrogate_wd": 0.0, "target_idx_file": "/tmp/PoisonBase_cross_arch_k_10x6/target_sets/VGG13BN_gradmatch_dog-bird.json", "target_select": 50, "use_jacobian_score": false, "victim_aug": false, "victim_bs": 125, "victim_decay": [40], "victim_epochs": 50, "victim_lr": 0.1, "victim_wd": 0.0}
[2026-09-15 00:03:27] Jacobian score: disabled
[2026-09-15 00:03:27] N_total=50000 budget=0.002 -> N_p=100 poisons, y_adv=5(dog) target_class=2(bird)
[2026-09-15 00:03:27] === surrogates (30 x VGG13BN, trained on the full real set) ===
[2026-09-15 00:03:29]   crafting on 5/30 surrogates
[2026-09-15 00:03:29] === selection surrogates (30 x ResNet20BN, cross-architecture) ===
[2026-09-15 00:03:30] === clean victims (6 x VGG13BN) ===
[2026-09-15 00:03:31]   clean baseline CTA = 0.8476 +/- 0.0158
[2026-09-15 00:03:31]   target pool 1000 -> eligible 970 (30 already predicted as y_adv or dropped)
[2026-09-15 00:03:31]   chosen 10 targets (file), p_adv range 0.0000..0.0000
[2026-09-15 00:03:31]   targets: [630, 409, 2270, 9870, 1656, 5022, 9090, 6033, 7940, 9731]
[2026-09-15 00:03:31] === target 630 (1/10) ===
[2026-09-15 00:06:40]   target 630: crafted 100 poisons in 188 s, obj=0.27822
[2026-09-15 00:06:40]   target 630: realized linf = 0.03137 (8.00/255), budget = 8.00/255
[2026-09-15 00:08:22]   [t630 v1/6] SUCCESS (pred=dog) CTA=0.8617
[2026-09-15 00:10:04]   [t630 v2/6] SUCCESS (pred=dog) CTA=0.8534
[2026-09-15 00:11:46]   [t630 v3/6] SUCCESS (pred=dog) CTA=0.8550
[2026-09-15 00:13:28]   [t630 v4/6] fail (pred=bird) CTA=0.8616
[2026-09-15 00:15:09]   [t630 v5/6] SUCCESS (pred=dog) CTA=0.8518
[2026-09-15 00:16:51]   [t630 v6/6] SUCCESS (pred=dog) CTA=0.8581
[2026-09-15 00:16:51]   target 630, 6 victims on this gpu: ASR=83.3% CTA=0.8569 +/- 0.0038
[2026-09-15 00:16:51] === target 409 (2/10) ===
[2026-09-15 00:20:01]   target 409: crafted 100 poisons in 189 s, obj=0.26065
[2026-09-15 00:20:01]   target 409: realized linf = 0.03137 (8.00/255), budget = 8.00/255
[2026-09-15 00:21:43]   [t409 v1/6] SUCCESS (pred=dog) CTA=0.8508
[2026-09-15 00:23:25]   [t409 v2/6] fail (pred=bird) CTA=0.8483
[2026-09-15 00:25:07]   [t409 v3/6] fail (pred=bird) CTA=0.8633
[2026-09-15 00:26:49]   [t409 v4/6] SUCCESS (pred=dog) CTA=0.8481
[2026-09-15 00:28:30]   [t409 v5/6] SUCCESS (pred=dog) CTA=0.8586
[2026-09-15 00:30:12]   [t409 v6/6] SUCCESS (pred=dog) CTA=0.8628
[2026-09-15 00:30:12]   target 409, 6 victims on this gpu: ASR=66.7% CTA=0.8553 +/- 0.0065
[2026-09-15 00:30:12] === target 2270 (3/10) ===
[2026-09-15 00:33:21]   target 2270: crafted 100 poisons in 189 s, obj=0.29314
[2026-09-15 00:33:21]   target 2270: realized linf = 0.03137 (8.00/255), budget = 8.00/255
[2026-09-15 00:35:03]   [t2270 v1/6] SUCCESS (pred=dog) CTA=0.8657
[2026-09-15 00:36:45]   [t2270 v2/6] SUCCESS (pred=dog) CTA=0.8561
[2026-09-15 00:38:27]   [t2270 v3/6] SUCCESS (pred=dog) CTA=0.8393
[2026-09-15 00:40:09]   [t2270 v4/6] SUCCESS (pred=dog) CTA=0.8614
[2026-09-15 00:41:51]   [t2270 v5/6] SUCCESS (pred=dog) CTA=0.8528
[2026-09-15 00:43:33]   [t2270 v6/6] SUCCESS (pred=dog) CTA=0.8588
[2026-09-15 00:43:33]   target 2270, 6 victims on this gpu: ASR=100.0% CTA=0.8557 +/- 0.0084
[2026-09-15 00:43:33] === target 9870 (4/10) ===
[2026-09-15 00:46:42]   target 9870: crafted 100 poisons in 188 s, obj=0.26376
[2026-09-15 00:46:42]   target 9870: realized linf = 0.03137 (8.00/255), budget = 8.00/255
[2026-09-15 00:48:24]   [t9870 v1/6] SUCCESS (pred=dog) CTA=0.8561
[2026-09-15 00:50:06]   [t9870 v2/6] SUCCESS (pred=dog) CTA=0.8374
[2026-09-15 00:51:48]   [t9870 v3/6] fail (pred=cat) CTA=0.8481
[2026-09-15 00:53:30]   [t9870 v4/6] SUCCESS (pred=dog) CTA=0.8503
[2026-09-15 00:55:11]   [t9870 v5/6] fail (pred=bird) CTA=0.8534
[2026-09-15 00:56:53]   [t9870 v6/6] fail (pred=cat) CTA=0.8568
[2026-09-15 00:56:53]   target 9870, 6 victims on this gpu: ASR=50.0% CTA=0.8503 +/- 0.0065
[2026-09-15 00:56:53] === target 1656 (5/10) ===
[2026-09-15 01:00:02]   target 1656: crafted 100 poisons in 188 s, obj=0.28356
[2026-09-15 01:00:02]   target 1656: realized linf = 0.03137 (8.00/255), budget = 8.00/255
[2026-09-15 01:01:44]   [t1656 v1/6] fail (pred=bird) CTA=0.8488
[2026-09-15 01:03:26]   [t1656 v2/6] SUCCESS (pred=dog) CTA=0.8398
[2026-09-15 01:05:08]   [t1656 v3/6] SUCCESS (pred=dog) CTA=0.8554
[2026-09-15 01:06:50]   [t1656 v4/6] SUCCESS (pred=dog) CTA=0.8645
[2026-09-15 01:08:32]   [t1656 v5/6] SUCCESS (pred=dog) CTA=0.8544
[2026-09-15 01:10:14]   [t1656 v6/6] SUCCESS (pred=dog) CTA=0.8513
[2026-09-15 01:10:14]   target 1656, 6 victims on this gpu: ASR=83.3% CTA=0.8524 +/- 0.0074
[2026-09-15 01:10:14] === target 5022 (6/10) ===
[2026-09-15 01:13:28]   target 5022: crafted 100 poisons in 193 s, obj=0.28873
[2026-09-15 01:13:28]   target 5022: realized linf = 0.03137 (8.00/255), budget = 8.00/255
[2026-09-15 01:15:10]   [t5022 v1/6] SUCCESS (pred=dog) CTA=0.8581
[2026-09-15 01:16:52]   [t5022 v2/6] fail (pred=bird) CTA=0.8513
[2026-09-15 01:18:34]   [t5022 v3/6] fail (pred=bird) CTA=0.8550
[2026-09-15 01:20:16]   [t5022 v4/6] SUCCESS (pred=dog) CTA=0.8540
[2026-09-15 01:21:58]   [t5022 v5/6] fail (pred=deer) CTA=0.8545
[2026-09-15 01:23:40]   [t5022 v6/6] SUCCESS (pred=dog) CTA=0.8563
[2026-09-15 01:23:40]   target 5022, 6 victims on this gpu: ASR=50.0% CTA=0.8549 +/- 0.0021
[2026-09-15 01:23:40] === target 9090 (7/10) ===
[2026-09-15 01:26:48]   target 9090: crafted 100 poisons in 188 s, obj=0.24776
[2026-09-15 01:26:48]   target 9090: realized linf = 0.03137 (8.00/255), budget = 8.00/255
[2026-09-15 01:28:30]   [t9090 v1/6] SUCCESS (pred=dog) CTA=0.8589
[2026-09-15 01:30:12]   [t9090 v2/6] SUCCESS (pred=dog) CTA=0.8400
[2026-09-15 01:31:54]   [t9090 v3/6] fail (pred=bird) CTA=0.8601
[2026-09-15 01:33:36]   [t9090 v4/6] SUCCESS (pred=dog) CTA=0.8528
[2026-09-15 01:35:18]   [t9090 v5/6] fail (pred=bird) CTA=0.8574
[2026-09-15 01:37:00]   [t9090 v6/6] SUCCESS (pred=dog) CTA=0.8543
[2026-09-15 01:37:00]   target 9090, 6 victims on this gpu: ASR=66.7% CTA=0.8539 +/- 0.0067
[2026-09-15 01:37:00] === target 6033 (8/10) ===
[2026-09-15 01:40:08]   target 6033: crafted 100 poisons in 188 s, obj=0.21851
[2026-09-15 01:40:08]   target 6033: realized linf = 0.03137 (8.00/255), budget = 8.00/255
[2026-09-15 01:41:50]   [t6033 v1/6] SUCCESS (pred=dog) CTA=0.8494
[2026-09-15 01:43:32]   [t6033 v2/6] SUCCESS (pred=dog) CTA=0.8557
[2026-09-15 01:45:14]   [t6033 v3/6] SUCCESS (pred=dog) CTA=0.8629
[2026-09-15 01:46:56]   [t6033 v4/6] SUCCESS (pred=dog) CTA=0.8691
[2026-09-15 01:48:38]   [t6033 v5/6] SUCCESS (pred=dog) CTA=0.8642
[2026-09-15 01:50:19]   [t6033 v6/6] SUCCESS (pred=dog) CTA=0.8619
[2026-09-15 01:50:19]   target 6033, 6 victims on this gpu: ASR=100.0% CTA=0.8605 +/- 0.0063
[2026-09-15 01:50:19] === target 7940 (9/10) ===
[2026-09-15 01:53:29]   target 7940: crafted 100 poisons in 189 s, obj=0.31824
[2026-09-15 01:53:29]   target 7940: realized linf = 0.03137 (8.00/255), budget = 8.00/255
[2026-09-15 01:55:11]   [t7940 v1/6] SUCCESS (pred=dog) CTA=0.8600
[2026-09-15 01:56:53]   [t7940 v2/6] SUCCESS (pred=dog) CTA=0.8605
[2026-09-15 01:58:35]   [t7940 v3/6] SUCCESS (pred=dog) CTA=0.8553
[2026-09-15 02:00:17]   [t7940 v4/6] SUCCESS (pred=dog) CTA=0.8680
[2026-09-15 02:01:59]   [t7940 v5/6] SUCCESS (pred=dog) CTA=0.8691
[2026-09-15 02:03:41]   [t7940 v6/6] fail (pred=frog) CTA=0.8557
[2026-09-15 02:03:41]   target 7940, 6 victims on this gpu: ASR=83.3% CTA=0.8614 +/- 0.0054
[2026-09-15 02:03:41] === target 9731 (10/10) ===
[2026-09-15 02:06:50]   target 9731: crafted 100 poisons in 189 s, obj=0.31085
[2026-09-15 02:06:50]   target 9731: realized linf = 0.03137 (8.00/255), budget = 8.00/255
[2026-09-15 02:08:32]   [t9731 v1/6] SUCCESS (pred=dog) CTA=0.8588
[2026-09-15 02:10:14]   [t9731 v2/6] fail (pred=bird) CTA=0.8542
[2026-09-15 02:11:56]   [t9731 v3/6] SUCCESS (pred=dog) CTA=0.8572
[2026-09-15 02:13:38]   [t9731 v4/6] SUCCESS (pred=dog) CTA=0.8502
[2026-09-15 02:15:20]   [t9731 v5/6] SUCCESS (pred=dog) CTA=0.8422
[2026-09-15 02:17:02]   [t9731 v6/6] SUCCESS (pred=dog) CTA=0.8540
[2026-09-15 02:17:02]   target 9731, 6 victims on this gpu: ASR=83.3% CTA=0.8528 +/- 0.0054
[2026-09-15 02:17:02] ==== CIFAR10_VGG13BN_gradmatch_ours_dog-bird_b0.002_eps8_seed42_lam1_cosine_selarchResNet20BN_K10_ce5_tgt50 : ASR = 76.7% +/- 17.0% | CTA = 0.8554 (baseline 0.8476) ====
[2026-09-15 02:17:02]   target-prediction tally ['airplane', 'automobile', 'bird', 'cat', 'deer', 'dog', 'frog', 'horse', 'ship', 'truck']: [0, 0, 10, 2, 1, 46, 1, 0, 0, 0]
verified: 10 targets x 6 victims = 60 unique evaluations
sync: CIFAR10_VGG13BN_gradmatch_ours_dog-bird_b0.002_eps8_seed42_lam1_cosine_selarchResNet20BN_K10_ce5_tgt50 -> /home/mmoslem3/scratch/PoisonBase/cross_arch_k_10x6_result
sync: complete
