gpu: NVIDIA L40S
cache: waiting for shared ConvNetBN checkpoint lock
cache: ConvNetBN checkpoints ready
run: waiting for duplicate-submission lock
targets: 10 unique pinned indices: 843 1257 8252 8730 8055 5859 8954 821 1547 4427
job: 927198 xk110_gm_b0005_vconv_sconv_k3 on rack11-16
config: attack=gradmatch budget=0.005 A=V=ConvNetBN S=ConvNetBN K=3 base=ours jacobian=off craft_steps=250 targets=10 victims=6
protocol: method=ours Jacobian=off targets=10 victims=6 selector_K=3
protocol: 30 shared surrogates available; crafting always uses V checkpoints 0..4
output: /home/mmoslem3/scratch/PoisonBase/cross_arch_k_10x6_result/CIFAR10_ConvNetBN_gradmatch_ours_dog-bird_b0.005_eps8_seed42_lam1_cosine_K3_ce5_tgt70
[2026-09-15 00:05:37] === run start: CIFAR10_ConvNetBN_gradmatch_ours_dog-bird_b0.005_eps8_seed42_lam1_cosine_K3_ce5_tgt70 on cuda [0] ===
[2026-09-15 00:05:37] args: {"FORCE": false, "attack": "gradmatch", "base": "ours", "base_dist": "cosine", "base_topr": null, "budget": 0.005, "cache_dir": "/tmp/PoisonBase_cross_arch_k_10x6/cache", "class_pair": "dog-bird", "clean_baseline": true, "craft_alpha": 0.0039216, "craft_aug": true, "craft_batch": 256, "craft_ensemble": 5, "craft_lowmem": false, "craft_schedule": false, "craft_steps": 250, "data_path": "/tmp/PoisonBase_cross_arch_k_10x6/data", "dataset": "CIFAR10", "distance_margin_coef": null, "dsa_strategy": "color_crop_cutout_flip_scale_rotate", "epsilon": 0.0313725, "fast_gradmatch": false, "fc_mode": "sample", "fc_restarts": 1, "gpus": "all", "jacobian_batch_size": 64, "jacobian_weight": 1.0, "lambda_margin": 1.0, "model": "ConvNetBN", "no_resume": false, "num_poisons": 500, "num_surrogates": 30, "num_targets": 10, "num_victims": 6, "out_dir": "/tmp/PoisonBase_cross_arch_k_10x6/cross_arch_k_10x6_result", "pair_order": "poison-target", "parallel_pretrain": true, "parallel_targets": true, "precompute_id": null, "precompute_only": false, "precompute_part": "both", "rank_on_victims": true, "recompute_deltas": false, "require_correct_target": false, "restarts": 8, "seed": 42, "sel_K": 3, "sel_alpha": 1.0, "sel_criterion": null, "sel_dpp": false, "sel_filter": false, "sel_mmr": false, "sel_mode": null, "sel_model": "ConvNetBN", "sel_mu": 1.0, "sel_pca": false, "sel_pool": 3.0, "sharp_mode": "worst", "sharp_samples": 20, "sharp_sigma": 0.05, "steal_timeout": 7200.0, "surrogate_aug": false, "surrogate_bs": 128, "surrogate_decay": [35, 45], "surrogate_epochs": 60, "surrogate_lr": 0.1, "surrogate_wd": 0.0, "target_idx_file": "/tmp/PoisonBase_cross_arch_k_10x6/target_sets/ConvNetBN_gradmatch_dog-bird.json", "target_select": 70, "use_jacobian_score": false, "victim_aug": false, "victim_bs": 125, "victim_decay": [40], "victim_epochs": 50, "victim_lr": 0.1, "victim_wd": 0.0}
[2026-09-15 00:05:37] Jacobian score: disabled
[2026-09-15 00:05:37] N_total=50000 budget=0.005 -> N_p=250 poisons, y_adv=5(dog) target_class=2(bird)
[2026-09-15 00:05:37] === surrogates (30 x ConvNetBN, trained on the full real set) ===
[2026-09-15 00:05:37]   crafting on 5/30 surrogates
[2026-09-15 00:05:37] === clean victims (6 x ConvNetBN) ===
[2026-09-15 00:05:38]   clean baseline CTA = 0.8127 +/- 0.0074
[2026-09-15 00:05:38]   target pool 1000 -> eligible 963 (37 already predicted as y_adv or dropped)
[2026-09-15 00:05:38]   chosen 10 targets (file), p_adv range 0.0000..0.0000
[2026-09-15 00:05:38]   targets: [843, 1257, 8252, 8730, 8055, 5859, 8954, 821, 1547, 4427]
[2026-09-15 00:05:38] === target 843 (1/10) ===
[2026-09-15 00:09:39]   target 843: crafted 250 poisons in 241 s, obj=0.27277
[2026-09-15 00:09:39]   target 843: realized linf = 0.03137 (8.00/255), budget = 8.00/255
[2026-09-15 00:10:30]   [t843 v1/6] SUCCESS (pred=dog) CTA=0.8075
[2026-09-15 00:11:20]   [t843 v2/6] SUCCESS (pred=dog) CTA=0.8070
[2026-09-15 00:12:10]   [t843 v3/6] SUCCESS (pred=dog) CTA=0.8040
[2026-09-15 00:12:59]   [t843 v4/6] SUCCESS (pred=dog) CTA=0.8139
[2026-09-15 00:13:49]   [t843 v5/6] SUCCESS (pred=dog) CTA=0.8021
[2026-09-15 00:14:38]   [t843 v6/6] fail (pred=airplane) CTA=0.7903
[2026-09-15 00:14:38]   target 843, 6 victims on this gpu: ASR=83.3% CTA=0.8041 +/- 0.0072
[2026-09-15 00:14:38] === target 1257 (2/10) ===
[2026-09-15 00:18:39]   target 1257: crafted 250 poisons in 240 s, obj=0.22767
[2026-09-15 00:18:39]   target 1257: realized linf = 0.03137 (8.00/255), budget = 8.00/255
[2026-09-15 00:19:30]   [t1257 v1/6] SUCCESS (pred=dog) CTA=0.7997
[2026-09-15 00:20:20]   [t1257 v2/6] fail (pred=bird) CTA=0.8077
[2026-09-15 00:21:09]   [t1257 v3/6] SUCCESS (pred=dog) CTA=0.8165
[2026-09-15 00:21:59]   [t1257 v4/6] SUCCESS (pred=dog) CTA=0.8046
[2026-09-15 00:22:49]   [t1257 v5/6] SUCCESS (pred=dog) CTA=0.8045
[2026-09-15 00:23:39]   [t1257 v6/6] fail (pred=bird) CTA=0.7952
[2026-09-15 00:23:39]   target 1257, 6 victims on this gpu: ASR=66.7% CTA=0.8047 +/- 0.0066
[2026-09-15 00:23:39] === target 8252 (3/10) ===
[2026-09-15 00:27:39]   target 8252: crafted 250 poisons in 240 s, obj=0.21165
[2026-09-15 00:27:39]   target 8252: realized linf = 0.03137 (8.00/255), budget = 8.00/255
[2026-09-15 00:28:30]   [t8252 v1/6] SUCCESS (pred=dog) CTA=0.7967
[2026-09-15 00:29:20]   [t8252 v2/6] SUCCESS (pred=dog) CTA=0.8115
[2026-09-15 00:30:10]   [t8252 v3/6] SUCCESS (pred=dog) CTA=0.7973
[2026-09-15 00:31:00]   [t8252 v4/6] fail (pred=cat) CTA=0.7868
[2026-09-15 00:31:50]   [t8252 v5/6] fail (pred=cat) CTA=0.7936
[2026-09-15 00:32:40]   [t8252 v6/6] SUCCESS (pred=dog) CTA=0.8075
[2026-09-15 00:32:40]   target 8252, 6 victims on this gpu: ASR=66.7% CTA=0.7989 +/- 0.0083
[2026-09-15 00:32:40] === target 8730 (4/10) ===
[2026-09-15 00:36:41]   target 8730: crafted 250 poisons in 240 s, obj=0.22465
[2026-09-15 00:36:41]   target 8730: realized linf = 0.03137 (8.00/255), budget = 8.00/255
[2026-09-15 00:37:32]   [t8730 v1/6] fail (pred=bird) CTA=0.8122
[2026-09-15 00:38:22]   [t8730 v2/6] SUCCESS (pred=dog) CTA=0.8134
[2026-09-15 00:39:12]   [t8730 v3/6] fail (pred=bird) CTA=0.8101
[2026-09-15 00:40:02]   [t8730 v4/6] SUCCESS (pred=dog) CTA=0.8019
[2026-09-15 00:40:52]   [t8730 v5/6] SUCCESS (pred=dog) CTA=0.8037
[2026-09-15 00:41:42]   [t8730 v6/6] fail (pred=bird) CTA=0.8063
[2026-09-15 00:41:42]   target 8730, 6 victims on this gpu: ASR=50.0% CTA=0.8079 +/- 0.0043
[2026-09-15 00:41:42] === target 8055 (5/10) ===
[2026-09-15 00:45:42]   target 8055: crafted 250 poisons in 240 s, obj=0.26708
[2026-09-15 00:45:42]   target 8055: realized linf = 0.03137 (8.00/255), budget = 8.00/255
[2026-09-15 00:46:33]   [t8055 v1/6] SUCCESS (pred=dog) CTA=0.8097
[2026-09-15 00:47:23]   [t8055 v2/6] SUCCESS (pred=dog) CTA=0.8022
[2026-09-15 00:48:13]   [t8055 v3/6] SUCCESS (pred=dog) CTA=0.8142
[2026-09-15 00:49:03]   [t8055 v4/6] fail (pred=bird) CTA=0.7968
[2026-09-15 00:49:53]   [t8055 v5/6] SUCCESS (pred=dog) CTA=0.8119
[2026-09-15 00:50:43]   [t8055 v6/6] SUCCESS (pred=dog) CTA=0.7991
[2026-09-15 00:50:43]   target 8055, 6 victims on this gpu: ASR=83.3% CTA=0.8056 +/- 0.0066
[2026-09-15 00:50:43] === target 5859 (6/10) ===
[2026-09-15 00:54:43]   target 5859: crafted 250 poisons in 240 s, obj=0.22445
[2026-09-15 00:54:43]   target 5859: realized linf = 0.03137 (8.00/255), budget = 8.00/255
[2026-09-15 00:55:34]   [t5859 v1/6] SUCCESS (pred=dog) CTA=0.8042
[2026-09-15 00:56:24]   [t5859 v2/6] SUCCESS (pred=dog) CTA=0.8080
[2026-09-15 00:57:14]   [t5859 v3/6] fail (pred=frog) CTA=0.8036
[2026-09-15 00:58:04]   [t5859 v4/6] fail (pred=bird) CTA=0.8018
[2026-09-15 00:58:54]   [t5859 v5/6] SUCCESS (pred=dog) CTA=0.8122
[2026-09-15 00:59:43]   [t5859 v6/6] fail (pred=bird) CTA=0.8007
[2026-09-15 00:59:43]   target 5859, 6 victims on this gpu: ASR=50.0% CTA=0.8051 +/- 0.0039
[2026-09-15 00:59:43] === target 8954 (7/10) ===
[2026-09-15 01:03:44]   target 8954: crafted 250 poisons in 240 s, obj=0.20875
[2026-09-15 01:03:44]   target 8954: realized linf = 0.03137 (8.00/255), budget = 8.00/255
[2026-09-15 01:04:35]   [t8954 v1/6] SUCCESS (pred=dog) CTA=0.7974
[2026-09-15 01:05:25]   [t8954 v2/6] SUCCESS (pred=dog) CTA=0.8067
[2026-09-15 01:06:15]   [t8954 v3/6] SUCCESS (pred=dog) CTA=0.8029
[2026-09-15 01:07:05]   [t8954 v4/6] SUCCESS (pred=dog) CTA=0.7990
[2026-09-15 01:07:55]   [t8954 v5/6] SUCCESS (pred=dog) CTA=0.8058
[2026-09-15 01:08:45]   [t8954 v6/6] fail (pred=bird) CTA=0.7965
[2026-09-15 01:08:45]   target 8954, 6 victims on this gpu: ASR=83.3% CTA=0.8014 +/- 0.0040
[2026-09-15 01:08:45] === target 821 (8/10) ===
[2026-09-15 01:12:45]   target 821: crafted 250 poisons in 240 s, obj=0.27491
[2026-09-15 01:12:45]   target 821: realized linf = 0.03137 (8.00/255), budget = 8.00/255
[2026-09-15 01:13:36]   [t821 v1/6] fail (pred=bird) CTA=0.8070
[2026-09-15 01:14:26]   [t821 v2/6] SUCCESS (pred=dog) CTA=0.8108
[2026-09-15 01:15:16]   [t821 v3/6] fail (pred=horse) CTA=0.7991
[2026-09-15 01:16:06]   [t821 v4/6] fail (pred=bird) CTA=0.8118
[2026-09-15 01:16:56]   [t821 v5/6] fail (pred=bird) CTA=0.8043
[2026-09-15 01:17:46]   [t821 v6/6] SUCCESS (pred=dog) CTA=0.8148
[2026-09-15 01:17:46]   target 821, 6 victims on this gpu: ASR=33.3% CTA=0.8080 +/- 0.0052
[2026-09-15 01:17:46] === target 1547 (9/10) ===
[2026-09-15 01:21:46]   target 1547: crafted 250 poisons in 240 s, obj=0.34266
[2026-09-15 01:21:46]   target 1547: realized linf = 0.03137 (8.00/255), budget = 8.00/255
[2026-09-15 01:22:37]   [t1547 v1/6] fail (pred=airplane) CTA=0.8055
[2026-09-15 01:23:27]   [t1547 v2/6] fail (pred=airplane) CTA=0.8123
[2026-09-15 01:24:17]   [t1547 v3/6] fail (pred=bird) CTA=0.7802
[2026-09-15 01:25:07]   [t1547 v4/6] fail (pred=bird) CTA=0.8107
[2026-09-15 01:25:57]   [t1547 v5/6] fail (pred=airplane) CTA=0.7936
[2026-09-15 01:26:47]   [t1547 v6/6] fail (pred=airplane) CTA=0.7986
[2026-09-15 01:26:47]   target 1547, 6 victims on this gpu: ASR=0.0% CTA=0.8001 +/- 0.0110
[2026-09-15 01:26:47] === target 4427 (10/10) ===
[2026-09-15 01:30:47]   target 4427: crafted 250 poisons in 240 s, obj=0.35568
[2026-09-15 01:30:47]   target 4427: realized linf = 0.03137 (8.00/255), budget = 8.00/255
[2026-09-15 01:31:39]   [t4427 v1/6] fail (pred=bird) CTA=0.8081
[2026-09-15 01:32:29]   [t4427 v2/6] fail (pred=bird) CTA=0.8113
[2026-09-15 01:33:18]   [t4427 v3/6] SUCCESS (pred=dog) CTA=0.7981
[2026-09-15 01:34:08]   [t4427 v4/6] fail (pred=bird) CTA=0.8100
[2026-09-15 01:34:58]   [t4427 v5/6] SUCCESS (pred=dog) CTA=0.8107
[2026-09-15 01:35:48]   [t4427 v6/6] SUCCESS (pred=dog) CTA=0.8056
[2026-09-15 01:35:48]   target 4427, 6 victims on this gpu: ASR=50.0% CTA=0.8073 +/- 0.0045
[2026-09-15 01:35:48] ==== CIFAR10_ConvNetBN_gradmatch_ours_dog-bird_b0.005_eps8_seed42_lam1_cosine_K3_ce5_tgt70 : ASR = 56.7% +/- 24.9% | CTA = 0.8043 (baseline 0.8127) ====
[2026-09-15 01:35:48]   target-prediction tally ['airplane', 'automobile', 'bird', 'cat', 'deer', 'dog', 'frog', 'horse', 'ship', 'truck']: [5, 0, 17, 2, 0, 34, 1, 1, 0, 0]
verified: 10 targets x 6 victims = 60 unique evaluations
sync: CIFAR10_ConvNetBN_gradmatch_ours_dog-bird_b0.005_eps8_seed42_lam1_cosine_K3_ce5_tgt70 -> /home/mmoslem3/scratch/PoisonBase/cross_arch_k_10x6_result
sync: complete
