gpu: NVIDIA L40S
cache: waiting for shared ResNet20BN checkpoint lock
cache: ResNet20BN checkpoints ready
run: waiting for duplicate-submission lock
targets: 10 unique pinned indices: 5118 8740 5324 4630 833 2065 7056 9059 6707 9874
job: 927216 xk128_gm_b0005_vr20_sr20_k30 on rack08-05
config: attack=gradmatch budget=0.005 A=V=ResNet20BN S=ResNet20BN K=30 base=ours jacobian=off craft_steps=250 targets=10 victims=6
protocol: method=ours Jacobian=off targets=10 victims=6 selector_K=30
protocol: 30 shared surrogates available; crafting always uses V checkpoints 0..4
output: /home/mmoslem3/scratch/PoisonBase/cross_arch_k_10x6_result/CIFAR10_ResNet20BN_gradmatch_ours_dog-bird_b0.005_eps8_seed42_lam1_cosine_K30_ce5_tgt14
[2026-09-15 00:16:08] === run start: CIFAR10_ResNet20BN_gradmatch_ours_dog-bird_b0.005_eps8_seed42_lam1_cosine_K30_ce5_tgt14 on cuda [0] ===
[2026-09-15 00:16:08] args: {"FORCE": false, "attack": "gradmatch", "base": "ours", "base_dist": "cosine", "base_topr": null, "budget": 0.005, "cache_dir": "/tmp/PoisonBase_cross_arch_k_10x6/cache", "class_pair": "dog-bird", "clean_baseline": true, "craft_alpha": 0.0039216, "craft_aug": true, "craft_batch": 256, "craft_ensemble": 5, "craft_lowmem": false, "craft_schedule": false, "craft_steps": 250, "data_path": "/tmp/PoisonBase_cross_arch_k_10x6/data", "dataset": "CIFAR10", "distance_margin_coef": null, "dsa_strategy": "color_crop_cutout_flip_scale_rotate", "epsilon": 0.0313725, "fast_gradmatch": false, "fc_mode": "sample", "fc_restarts": 1, "gpus": "all", "jacobian_batch_size": 64, "jacobian_weight": 1.0, "lambda_margin": 1.0, "model": "ResNet20BN", "no_resume": false, "num_poisons": 500, "num_surrogates": 30, "num_targets": 10, "num_victims": 6, "out_dir": "/tmp/PoisonBase_cross_arch_k_10x6/cross_arch_k_10x6_result", "pair_order": "poison-target", "parallel_pretrain": true, "parallel_targets": true, "precompute_id": null, "precompute_only": false, "precompute_part": "both", "rank_on_victims": true, "recompute_deltas": false, "require_correct_target": false, "restarts": 8, "seed": 42, "sel_K": 30, "sel_alpha": 1.0, "sel_criterion": null, "sel_dpp": false, "sel_filter": false, "sel_mmr": false, "sel_mode": null, "sel_model": "ResNet20BN", "sel_mu": 1.0, "sel_pca": false, "sel_pool": 3.0, "sharp_mode": "worst", "sharp_samples": 20, "sharp_sigma": 0.05, "steal_timeout": 7200.0, "surrogate_aug": false, "surrogate_bs": 128, "surrogate_decay": [35, 45], "surrogate_epochs": 60, "surrogate_lr": 0.1, "surrogate_wd": 0.0, "target_idx_file": "/tmp/PoisonBase_cross_arch_k_10x6/target_sets/ResNet20BN_gradmatch_dog-bird.json", "target_select": 14, "use_jacobian_score": false, "victim_aug": false, "victim_bs": 125, "victim_decay": [40], "victim_epochs": 50, "victim_lr": 0.1, "victim_wd": 0.0}
[2026-09-15 00:16:08] Jacobian score: disabled
[2026-09-15 00:16:08] N_total=50000 budget=0.005 -> N_p=250 poisons, y_adv=5(dog) target_class=2(bird)
[2026-09-15 00:16:08] === surrogates (30 x ResNet20BN, trained on the full real set) ===
[2026-09-15 00:16:09]   crafting on 5/30 surrogates
[2026-09-15 00:16:09] === clean victims (6 x ResNet20BN) ===
[2026-09-15 00:16:10]   clean baseline CTA = 0.8354 +/- 0.0043
[2026-09-15 00:16:10]   target pool 1000 -> eligible 978 (22 already predicted as y_adv or dropped)
[2026-09-15 00:16:10]   chosen 10 targets (file), p_adv range 0.0001..0.3539
[2026-09-15 00:16:10]   targets: [5118, 8740, 5324, 4630, 833, 2065, 7056, 9059, 6707, 9874]
[2026-09-15 00:16:10] === target 5118 (1/10) ===
[2026-09-15 00:23:58]   target 5118: crafted 250 poisons in 467 s, obj=0.19340
[2026-09-15 00:23:58]   target 5118: realized linf = 0.03137 (8.00/255), budget = 8.00/255
[2026-09-15 00:25:34]   [t5118 v1/6] SUCCESS (pred=dog) CTA=0.8367
[2026-09-15 00:27:10]   [t5118 v2/6] SUCCESS (pred=dog) CTA=0.8358
[2026-09-15 00:28:46]   [t5118 v3/6] SUCCESS (pred=dog) CTA=0.8351
[2026-09-15 00:30:21]   [t5118 v4/6] SUCCESS (pred=dog) CTA=0.8362
[2026-09-15 00:31:57]   [t5118 v5/6] SUCCESS (pred=dog) CTA=0.8417
[2026-09-15 00:33:33]   [t5118 v6/6] SUCCESS (pred=dog) CTA=0.8357
[2026-09-15 00:33:33]   target 5118, 6 victims on this gpu: ASR=100.0% CTA=0.8369 +/- 0.0022
[2026-09-15 00:33:33] === target 8740 (2/10) ===
[2026-09-15 00:41:21]   target 8740: crafted 250 poisons in 466 s, obj=0.18423
[2026-09-15 00:41:21]   target 8740: realized linf = 0.03137 (8.00/255), budget = 8.00/255
[2026-09-15 00:42:57]   [t8740 v1/6] SUCCESS (pred=dog) CTA=0.8420
[2026-09-15 00:44:33]   [t8740 v2/6] SUCCESS (pred=dog) CTA=0.8380
[2026-09-15 00:46:08]   [t8740 v3/6] SUCCESS (pred=dog) CTA=0.8357
[2026-09-15 00:47:44]   [t8740 v4/6] fail (pred=bird) CTA=0.8357
[2026-09-15 00:49:20]   [t8740 v5/6] SUCCESS (pred=dog) CTA=0.8361
[2026-09-15 00:50:56]   [t8740 v6/6] SUCCESS (pred=dog) CTA=0.8324
[2026-09-15 00:50:56]   target 8740, 6 victims on this gpu: ASR=83.3% CTA=0.8367 +/- 0.0029
[2026-09-15 00:50:56] === target 5324 (3/10) ===
[2026-09-15 00:58:44]   target 5324: crafted 250 poisons in 467 s, obj=0.22032
[2026-09-15 00:58:44]   target 5324: realized linf = 0.03137 (8.00/255), budget = 8.00/255
[2026-09-15 01:00:20]   [t5324 v1/6] fail (pred=ship) CTA=0.8395
[2026-09-15 01:01:56]   [t5324 v2/6] fail (pred=ship) CTA=0.8405
[2026-09-15 01:03:31]   [t5324 v3/6] SUCCESS (pred=dog) CTA=0.8347
[2026-09-15 01:05:07]   [t5324 v4/6] SUCCESS (pred=dog) CTA=0.8301
[2026-09-15 01:06:43]   [t5324 v5/6] SUCCESS (pred=dog) CTA=0.8410
[2026-09-15 01:08:18]   [t5324 v6/6] SUCCESS (pred=dog) CTA=0.8367
[2026-09-15 01:08:18]   target 5324, 6 victims on this gpu: ASR=66.7% CTA=0.8371 +/- 0.0038
[2026-09-15 01:08:18] === target 4630 (4/10) ===
[2026-09-15 01:16:07]   target 4630: crafted 250 poisons in 467 s, obj=0.17639
[2026-09-15 01:16:07]   target 4630: realized linf = 0.03137 (8.00/255), budget = 8.00/255
[2026-09-15 01:17:43]   [t4630 v1/6] SUCCESS (pred=dog) CTA=0.8352
[2026-09-15 01:19:18]   [t4630 v2/6] fail (pred=cat) CTA=0.8363
[2026-09-15 01:20:54]   [t4630 v3/6] fail (pred=cat) CTA=0.8350
[2026-09-15 01:22:30]   [t4630 v4/6] SUCCESS (pred=dog) CTA=0.8416
[2026-09-15 01:24:05]   [t4630 v5/6] SUCCESS (pred=dog) CTA=0.8430
[2026-09-15 01:25:41]   [t4630 v6/6] SUCCESS (pred=dog) CTA=0.8384
[2026-09-15 01:25:41]   target 4630, 6 victims on this gpu: ASR=66.7% CTA=0.8383 +/- 0.0031
[2026-09-15 01:25:41] === target 833 (5/10) ===
[2026-09-15 01:33:30]   target 833: crafted 250 poisons in 467 s, obj=0.18596
[2026-09-15 01:33:30]   target 833: realized linf = 0.03137 (8.00/255), budget = 8.00/255
[2026-09-15 01:35:06]   [t833 v1/6] SUCCESS (pred=dog) CTA=0.8412
[2026-09-15 01:36:41]   [t833 v2/6] SUCCESS (pred=dog) CTA=0.8418
[2026-09-15 01:38:17]   [t833 v3/6] SUCCESS (pred=dog) CTA=0.8372
[2026-09-15 01:39:53]   [t833 v4/6] SUCCESS (pred=dog) CTA=0.8414
[2026-09-15 01:41:28]   [t833 v5/6] SUCCESS (pred=dog) CTA=0.8311
[2026-09-15 01:43:04]   [t833 v6/6] SUCCESS (pred=dog) CTA=0.8320
[2026-09-15 01:43:04]   target 833, 6 victims on this gpu: ASR=100.0% CTA=0.8375 +/- 0.0044
[2026-09-15 01:43:04] === target 2065 (6/10) ===
[2026-09-15 01:50:53]   target 2065: crafted 250 poisons in 467 s, obj=0.18662
[2026-09-15 01:50:53]   target 2065: realized linf = 0.03137 (8.00/255), budget = 8.00/255
[2026-09-15 01:52:28]   [t2065 v1/6] SUCCESS (pred=dog) CTA=0.8341
[2026-09-15 01:54:04]   [t2065 v2/6] SUCCESS (pred=dog) CTA=0.8432
[2026-09-15 01:55:40]   [t2065 v3/6] SUCCESS (pred=dog) CTA=0.8361
[2026-09-15 01:57:16]   [t2065 v4/6] SUCCESS (pred=dog) CTA=0.8399
[2026-09-15 01:58:51]   [t2065 v5/6] SUCCESS (pred=dog) CTA=0.8370
[2026-09-15 02:00:27]   [t2065 v6/6] SUCCESS (pred=dog) CTA=0.8389
[2026-09-15 02:00:27]   target 2065, 6 victims on this gpu: ASR=100.0% CTA=0.8382 +/- 0.0029
[2026-09-15 02:00:27] === target 7056 (7/10) ===
[2026-09-15 02:08:16]   target 7056: crafted 250 poisons in 467 s, obj=0.21996
[2026-09-15 02:08:16]   target 7056: realized linf = 0.03137 (8.00/255), budget = 8.00/255
[2026-09-15 02:09:51]   [t7056 v1/6] fail (pred=bird) CTA=0.8365
[2026-09-15 02:11:27]   [t7056 v2/6] fail (pred=bird) CTA=0.8376
[2026-09-15 02:13:03]   [t7056 v3/6] fail (pred=bird) CTA=0.8399
[2026-09-15 02:14:38]   [t7056 v4/6] SUCCESS (pred=dog) CTA=0.8392
[2026-09-15 02:16:14]   [t7056 v5/6] fail (pred=bird) CTA=0.8395
[2026-09-15 02:17:50]   [t7056 v6/6] SUCCESS (pred=dog) CTA=0.8432
[2026-09-15 02:17:50]   target 7056, 6 victims on this gpu: ASR=33.3% CTA=0.8393 +/- 0.0021
[2026-09-15 02:17:50] === target 9059 (8/10) ===
[2026-09-15 02:25:38]   target 9059: crafted 250 poisons in 467 s, obj=0.20649
[2026-09-15 02:25:38]   target 9059: realized linf = 0.03137 (8.00/255), budget = 8.00/255
[2026-09-15 02:27:14]   [t9059 v1/6] SUCCESS (pred=dog) CTA=0.8364
[2026-09-15 02:28:50]   [t9059 v2/6] fail (pred=cat) CTA=0.8364
[2026-09-15 02:30:25]   [t9059 v3/6] SUCCESS (pred=dog) CTA=0.8374
[2026-09-15 02:32:01]   [t9059 v4/6] SUCCESS (pred=dog) CTA=0.8334
[2026-09-15 02:33:37]   [t9059 v5/6] SUCCESS (pred=dog) CTA=0.8425
[2026-09-15 02:35:12]   [t9059 v6/6] fail (pred=cat) CTA=0.8522
[2026-09-15 02:35:12]   target 9059, 6 victims on this gpu: ASR=66.7% CTA=0.8397 +/- 0.0062
[2026-09-15 02:35:12] === target 6707 (9/10) ===
[2026-09-15 02:43:01]   target 6707: crafted 250 poisons in 467 s, obj=0.19970
[2026-09-15 02:43:01]   target 6707: realized linf = 0.03137 (8.00/255), budget = 8.00/255
[2026-09-15 02:44:37]   [t6707 v1/6] fail (pred=bird) CTA=0.8367
[2026-09-15 02:46:13]   [t6707 v2/6] SUCCESS (pred=dog) CTA=0.8386
[2026-09-15 02:47:48]   [t6707 v3/6] SUCCESS (pred=dog) CTA=0.8374
[2026-09-15 02:49:24]   [t6707 v4/6] SUCCESS (pred=dog) CTA=0.8382
[2026-09-15 02:51:00]   [t6707 v5/6] SUCCESS (pred=dog) CTA=0.8454
[2026-09-15 02:52:36]   [t6707 v6/6] SUCCESS (pred=dog) CTA=0.8377
[2026-09-15 02:52:36]   target 6707, 6 victims on this gpu: ASR=83.3% CTA=0.8390 +/- 0.0029
[2026-09-15 02:52:36] === target 9874 (10/10) ===
[2026-09-15 03:00:24]   target 9874: crafted 250 poisons in 466 s, obj=0.16986
[2026-09-15 03:00:24]   target 9874: realized linf = 0.03137 (8.00/255), budget = 8.00/255
[2026-09-15 03:02:00]   [t9874 v1/6] SUCCESS (pred=dog) CTA=0.8385
[2026-09-15 03:03:35]   [t9874 v2/6] SUCCESS (pred=dog) CTA=0.8375
[2026-09-15 03:05:11]   [t9874 v3/6] SUCCESS (pred=dog) CTA=0.8349
[2026-09-15 03:06:47]   [t9874 v4/6] SUCCESS (pred=dog) CTA=0.8450
[2026-09-15 03:08:22]   [t9874 v5/6] SUCCESS (pred=dog) CTA=0.8398
[2026-09-15 03:09:58]   [t9874 v6/6] SUCCESS (pred=dog) CTA=0.8352
[2026-09-15 03:09:58]   target 9874, 6 victims on this gpu: ASR=100.0% CTA=0.8385 +/- 0.0034
[2026-09-15 03:09:58] ==== CIFAR10_ResNet20BN_gradmatch_ours_dog-bird_b0.005_eps8_seed42_lam1_cosine_K30_ce5_tgt14 : ASR = 80.0% +/- 20.8% | CTA = 0.8381 (baseline 0.8354) ====
[2026-09-15 03:09:58]   target-prediction tally ['airplane', 'automobile', 'bird', 'cat', 'deer', 'dog', 'frog', 'horse', 'ship', 'truck']: [0, 0, 6, 4, 0, 48, 0, 0, 2, 0]
verified: 10 targets x 6 victims = 60 unique evaluations
sync: CIFAR10_ResNet20BN_gradmatch_ours_dog-bird_b0.005_eps8_seed42_lam1_cosine_K30_ce5_tgt14 -> /home/mmoslem3/scratch/PoisonBase/cross_arch_k_10x6_result
sync: complete
