gpu: NVIDIA L40S
cache: waiting for shared VGG13BN checkpoint lock
cache: VGG13BN checkpoints ready
cache: waiting for shared ResNet20BN checkpoint lock
cache: ResNet20BN checkpoints ready
run: waiting for duplicate-submission lock
targets: 10 unique pinned indices: 630 409 2270 9870 1656 5022 9090 6033 7940 9731
job: 927225 xk137_gm_b0005_vvgg_sr20_k1 on rack12-05
config: attack=gradmatch budget=0.005 A=V=VGG13BN S=ResNet20BN K=1 base=ours jacobian=off craft_steps=250 targets=10 victims=6
protocol: method=ours Jacobian=off targets=10 victims=6 selector_K=1
protocol: 30 shared surrogates available; crafting always uses V checkpoints 0..4
output: /home/mmoslem3/scratch/PoisonBase/cross_arch_k_10x6_result/CIFAR10_VGG13BN_gradmatch_ours_dog-bird_b0.005_eps8_seed42_lam1_cosine_selarchResNet20BN_K1_ce5_tgt50
[2026-09-15 00:19:32] === run start: CIFAR10_VGG13BN_gradmatch_ours_dog-bird_b0.005_eps8_seed42_lam1_cosine_selarchResNet20BN_K1_ce5_tgt50 on cuda [0] ===
[2026-09-15 00:19:32] args: {"FORCE": false, "attack": "gradmatch", "base": "ours", "base_dist": "cosine", "base_topr": null, "budget": 0.005, "cache_dir": "/tmp/PoisonBase_cross_arch_k_10x6/cache", "class_pair": "dog-bird", "clean_baseline": true, "craft_alpha": 0.0039216, "craft_aug": true, "craft_batch": 256, "craft_ensemble": 5, "craft_lowmem": true, "craft_schedule": false, "craft_steps": 250, "data_path": "/tmp/PoisonBase_cross_arch_k_10x6/data", "dataset": "CIFAR10", "distance_margin_coef": null, "dsa_strategy": "color_crop_cutout_flip_scale_rotate", "epsilon": 0.0313725, "fast_gradmatch": true, "fc_mode": "sample", "fc_restarts": 1, "gpus": "all", "jacobian_batch_size": 64, "jacobian_weight": 1.0, "lambda_margin": 1.0, "model": "VGG13BN", "no_resume": false, "num_poisons": 500, "num_surrogates": 30, "num_targets": 10, "num_victims": 6, "out_dir": "/tmp/PoisonBase_cross_arch_k_10x6/cross_arch_k_10x6_result", "pair_order": "poison-target", "parallel_pretrain": true, "parallel_targets": true, "precompute_id": null, "precompute_only": false, "precompute_part": "both", "rank_on_victims": true, "recompute_deltas": false, "require_correct_target": false, "restarts": 8, "seed": 42, "sel_K": 1, "sel_alpha": 1.0, "sel_criterion": null, "sel_dpp": false, "sel_filter": false, "sel_mmr": false, "sel_mode": null, "sel_model": "ResNet20BN", "sel_mu": 1.0, "sel_pca": false, "sel_pool": 3.0, "sharp_mode": "worst", "sharp_samples": 20, "sharp_sigma": 0.05, "steal_timeout": 7200.0, "surrogate_aug": false, "surrogate_bs": 128, "surrogate_decay": [35, 45], "surrogate_epochs": 60, "surrogate_lr": 0.1, "surrogate_wd": 0.0, "target_idx_file": "/tmp/PoisonBase_cross_arch_k_10x6/target_sets/VGG13BN_gradmatch_dog-bird.json", "target_select": 50, "use_jacobian_score": false, "victim_aug": false, "victim_bs": 125, "victim_decay": [40], "victim_epochs": 50, "victim_lr": 0.1, "victim_wd": 0.0}
[2026-09-15 00:19:32] Jacobian score: disabled
[2026-09-15 00:19:32] N_total=50000 budget=0.005 -> N_p=250 poisons, y_adv=5(dog) target_class=2(bird)
[2026-09-15 00:19:32] === surrogates (30 x VGG13BN, trained on the full real set) ===
[2026-09-15 00:19:34]   crafting on 5/30 surrogates
[2026-09-15 00:19:34] === selection surrogates (30 x ResNet20BN, cross-architecture) ===
[2026-09-15 00:19:35] === clean victims (6 x VGG13BN) ===
[2026-09-15 00:19:37]   clean baseline CTA = 0.8476 +/- 0.0158
[2026-09-15 00:19:37]   target pool 1000 -> eligible 970 (30 already predicted as y_adv or dropped)
[2026-09-15 00:19:37]   chosen 10 targets (file), p_adv range 0.0000..0.0000
[2026-09-15 00:19:37]   targets: [630, 409, 2270, 9870, 1656, 5022, 9090, 6033, 7940, 9731]
[2026-09-15 00:19:37] === target 630 (1/10) ===
[2026-09-15 00:27:03]   target 630: crafted 250 poisons in 446 s, obj=0.29732
[2026-09-15 00:27:03]   target 630: realized linf = 0.03137 (8.00/255), budget = 8.00/255
[2026-09-15 00:28:44]   [t630 v1/6] SUCCESS (pred=dog) CTA=0.8611
[2026-09-15 00:30:25]   [t630 v2/6] fail (pred=bird) CTA=0.8527
[2026-09-15 00:32:05]   [t630 v3/6] SUCCESS (pred=dog) CTA=0.8542
[2026-09-15 00:33:45]   [t630 v4/6] SUCCESS (pred=dog) CTA=0.8487
[2026-09-15 00:35:25]   [t630 v5/6] SUCCESS (pred=dog) CTA=0.8570
[2026-09-15 00:37:05]   [t630 v6/6] fail (pred=bird) CTA=0.8561
[2026-09-15 00:37:05]   target 630, 6 victims on this gpu: ASR=66.7% CTA=0.8550 +/- 0.0038
[2026-09-15 00:37:05] === target 409 (2/10) ===
[2026-09-15 00:44:33]   target 409: crafted 250 poisons in 448 s, obj=0.24695
[2026-09-15 00:44:33]   target 409: realized linf = 0.03137 (8.00/255), budget = 8.00/255
[2026-09-15 00:46:14]   [t409 v1/6] fail (pred=bird) CTA=0.8401
[2026-09-15 00:47:54]   [t409 v2/6] SUCCESS (pred=dog) CTA=0.8489
[2026-09-15 00:49:34]   [t409 v3/6] SUCCESS (pred=dog) CTA=0.8557
[2026-09-15 00:51:14]   [t409 v4/6] SUCCESS (pred=dog) CTA=0.8483
[2026-09-15 00:52:54]   [t409 v5/6] SUCCESS (pred=dog) CTA=0.8602
[2026-09-15 00:54:34]   [t409 v6/6] SUCCESS (pred=dog) CTA=0.8477
[2026-09-15 00:54:34]   target 409, 6 victims on this gpu: ASR=83.3% CTA=0.8502 +/- 0.0064
[2026-09-15 00:54:34] === target 2270 (3/10) ===
[2026-09-15 01:02:01]   target 2270: crafted 250 poisons in 447 s, obj=0.26770
[2026-09-15 01:02:01]   target 2270: realized linf = 0.03137 (8.00/255), budget = 8.00/255
[2026-09-15 01:03:42]   [t2270 v1/6] SUCCESS (pred=dog) CTA=0.8554
[2026-09-15 01:05:22]   [t2270 v2/6] SUCCESS (pred=dog) CTA=0.8553
[2026-09-15 01:07:02]   [t2270 v3/6] SUCCESS (pred=dog) CTA=0.8511
[2026-09-15 01:08:42]   [t2270 v4/6] SUCCESS (pred=dog) CTA=0.8360
[2026-09-15 01:10:22]   [t2270 v5/6] SUCCESS (pred=dog) CTA=0.8588
[2026-09-15 01:12:02]   [t2270 v6/6] SUCCESS (pred=dog) CTA=0.8654
[2026-09-15 01:12:02]   target 2270, 6 victims on this gpu: ASR=100.0% CTA=0.8537 +/- 0.0090
[2026-09-15 01:12:02] === target 9870 (4/10) ===
[2026-09-15 01:19:29]   target 9870: crafted 250 poisons in 447 s, obj=0.26067
[2026-09-15 01:19:29]   target 9870: realized linf = 0.03137 (8.00/255), budget = 8.00/255
[2026-09-15 01:21:11]   [t9870 v1/6] SUCCESS (pred=dog) CTA=0.8613
[2026-09-15 01:22:51]   [t9870 v2/6] SUCCESS (pred=dog) CTA=0.8330
[2026-09-15 01:24:31]   [t9870 v3/6] SUCCESS (pred=dog) CTA=0.8537
[2026-09-15 01:26:11]   [t9870 v4/6] SUCCESS (pred=dog) CTA=0.8541
[2026-09-15 01:27:51]   [t9870 v5/6] SUCCESS (pred=dog) CTA=0.8585
[2026-09-15 01:29:31]   [t9870 v6/6] SUCCESS (pred=dog) CTA=0.8508
[2026-09-15 01:29:31]   target 9870, 6 victims on this gpu: ASR=100.0% CTA=0.8519 +/- 0.0091
[2026-09-15 01:29:31] === target 1656 (5/10) ===
[2026-09-15 01:36:58]   target 1656: crafted 250 poisons in 447 s, obj=0.26073
[2026-09-15 01:36:58]   target 1656: realized linf = 0.03137 (8.00/255), budget = 8.00/255
[2026-09-15 01:38:40]   [t1656 v1/6] SUCCESS (pred=dog) CTA=0.8511
[2026-09-15 01:40:20]   [t1656 v2/6] SUCCESS (pred=dog) CTA=0.8630
[2026-09-15 01:42:00]   [t1656 v3/6] SUCCESS (pred=dog) CTA=0.8506
[2026-09-15 01:43:40]   [t1656 v4/6] SUCCESS (pred=dog) CTA=0.8628
[2026-09-15 01:45:20]   [t1656 v5/6] SUCCESS (pred=dog) CTA=0.8570
[2026-09-15 01:47:01]   [t1656 v6/6] SUCCESS (pred=dog) CTA=0.8591
[2026-09-15 01:47:01]   target 1656, 6 victims on this gpu: ASR=100.0% CTA=0.8573 +/- 0.0050
[2026-09-15 01:47:01] === target 5022 (6/10) ===
[2026-09-15 01:54:27]   target 5022: crafted 250 poisons in 447 s, obj=0.28391
[2026-09-15 01:54:27]   target 5022: realized linf = 0.03137 (8.00/255), budget = 8.00/255
[2026-09-15 01:56:09]   [t5022 v1/6] SUCCESS (pred=dog) CTA=0.8624
[2026-09-15 01:57:50]   [t5022 v2/6] SUCCESS (pred=dog) CTA=0.8548
[2026-09-15 01:59:32]   [t5022 v3/6] fail (pred=bird) CTA=0.8501
[2026-09-15 02:01:13]   [t5022 v4/6] SUCCESS (pred=dog) CTA=0.8519
[2026-09-15 02:02:54]   [t5022 v5/6] SUCCESS (pred=dog) CTA=0.8532
[2026-09-15 02:04:35]   [t5022 v6/6] SUCCESS (pred=dog) CTA=0.8567
[2026-09-15 02:04:35]   target 5022, 6 victims on this gpu: ASR=83.3% CTA=0.8548 +/- 0.0040
[2026-09-15 02:04:35] === target 9090 (7/10) ===
[2026-09-15 02:12:02]   target 9090: crafted 250 poisons in 447 s, obj=0.24523
[2026-09-15 02:12:02]   target 9090: realized linf = 0.03137 (8.00/255), budget = 8.00/255
[2026-09-15 02:13:44]   [t9090 v1/6] SUCCESS (pred=dog) CTA=0.8631
[2026-09-15 02:15:24]   [t9090 v2/6] SUCCESS (pred=dog) CTA=0.8381
[2026-09-15 02:17:05]   [t9090 v3/6] SUCCESS (pred=dog) CTA=0.8691
[2026-09-15 02:18:45]   [t9090 v4/6] SUCCESS (pred=dog) CTA=0.8547
[2026-09-15 02:20:25]   [t9090 v5/6] SUCCESS (pred=dog) CTA=0.8599
[2026-09-15 02:22:05]   [t9090 v6/6] SUCCESS (pred=dog) CTA=0.8559
[2026-09-15 02:22:05]   target 9090, 6 victims on this gpu: ASR=100.0% CTA=0.8568 +/- 0.0096
[2026-09-15 02:22:05] === target 6033 (8/10) ===
[2026-09-15 02:29:32]   target 6033: crafted 250 poisons in 446 s, obj=0.22423
[2026-09-15 02:29:32]   target 6033: realized linf = 0.03137 (8.00/255), budget = 8.00/255
[2026-09-15 02:31:13]   [t6033 v1/6] SUCCESS (pred=dog) CTA=0.8536
[2026-09-15 02:32:54]   [t6033 v2/6] SUCCESS (pred=dog) CTA=0.8593
[2026-09-15 02:34:34]   [t6033 v3/6] SUCCESS (pred=dog) CTA=0.8561
[2026-09-15 02:36:14]   [t6033 v4/6] SUCCESS (pred=dog) CTA=0.8654
[2026-09-15 02:37:54]   [t6033 v5/6] SUCCESS (pred=dog) CTA=0.8630
[2026-09-15 02:39:35]   [t6033 v6/6] SUCCESS (pred=dog) CTA=0.8632
[2026-09-15 02:39:35]   target 6033, 6 victims on this gpu: ASR=100.0% CTA=0.8601 +/- 0.0042
[2026-09-15 02:39:35] === target 7940 (9/10) ===
[2026-09-15 02:47:03]   target 7940: crafted 250 poisons in 448 s, obj=0.31577
[2026-09-15 02:47:03]   target 7940: realized linf = 0.03137 (8.00/255), budget = 8.00/255
[2026-09-15 02:48:45]   [t7940 v1/6] SUCCESS (pred=dog) CTA=0.8559
[2026-09-15 02:50:26]   [t7940 v2/6] fail (pred=frog) CTA=0.8616
[2026-09-15 02:52:08]   [t7940 v3/6] fail (pred=bird) CTA=0.8591
[2026-09-15 02:53:50]   [t7940 v4/6] SUCCESS (pred=dog) CTA=0.8625
[2026-09-15 02:55:32]   [t7940 v5/6] SUCCESS (pred=dog) CTA=0.8607
[2026-09-15 02:57:13]   [t7940 v6/6] fail (pred=bird) CTA=0.8306
[2026-09-15 02:57:13]   target 7940, 6 victims on this gpu: ASR=50.0% CTA=0.8551 +/- 0.0111
[2026-09-15 02:57:13] === target 9731 (10/10) ===
[2026-09-15 03:04:44]   target 9731: crafted 250 poisons in 451 s, obj=0.30339
[2026-09-15 03:04:44]   target 9731: realized linf = 0.03137 (8.00/255), budget = 8.00/255
[2026-09-15 03:06:26]   [t9731 v1/6] SUCCESS (pred=dog) CTA=0.8574
[2026-09-15 03:08:07]   [t9731 v2/6] SUCCESS (pred=dog) CTA=0.8640
[2026-09-15 03:09:47]   [t9731 v3/6] SUCCESS (pred=dog) CTA=0.8556
[2026-09-15 03:11:27]   [t9731 v4/6] SUCCESS (pred=dog) CTA=0.8502
[2026-09-15 03:13:07]   [t9731 v5/6] SUCCESS (pred=dog) CTA=0.8402
[2026-09-15 03:14:48]   [t9731 v6/6] SUCCESS (pred=dog) CTA=0.8482
[2026-09-15 03:14:48]   target 9731, 6 victims on this gpu: ASR=100.0% CTA=0.8526 +/- 0.0075
[2026-09-15 03:14:48] ==== CIFAR10_VGG13BN_gradmatch_ours_dog-bird_b0.005_eps8_seed42_lam1_cosine_selarchResNet20BN_K1_ce5_tgt50 : ASR = 88.3% +/- 16.7% | CTA = 0.8547 (baseline 0.8476) ====
[2026-09-15 03:14:48]   target-prediction tally ['airplane', 'automobile', 'bird', 'cat', 'deer', 'dog', 'frog', 'horse', 'ship', 'truck']: [0, 0, 6, 0, 0, 53, 1, 0, 0, 0]
verified: 10 targets x 6 victims = 60 unique evaluations
sync: CIFAR10_VGG13BN_gradmatch_ours_dog-bird_b0.005_eps8_seed42_lam1_cosine_selarchResNet20BN_K1_ce5_tgt50 -> /home/mmoslem3/scratch/PoisonBase/cross_arch_k_10x6_result
sync: complete
