gpu: NVIDIA L40S
cache: waiting for shared VGG13BN checkpoint lock
cache: VGG13BN checkpoints ready
run: waiting for duplicate-submission lock
targets: 10 unique pinned indices: 630 409 2270 9870 1656 5022 9090 6033 7940 9731
job: 927231 xk143_gm_b0005_vvgg_svgg_k10 on rack11-03
config: attack=gradmatch budget=0.005 A=V=VGG13BN S=VGG13BN K=10 base=ours jacobian=off craft_steps=250 targets=10 victims=6
protocol: method=ours Jacobian=off targets=10 victims=6 selector_K=10
protocol: 30 shared surrogates available; crafting always uses V checkpoints 0..4
output: /home/mmoslem3/scratch/PoisonBase/cross_arch_k_10x6_result/CIFAR10_VGG13BN_gradmatch_ours_dog-bird_b0.005_eps8_seed42_lam1_cosine_K10_ce5_tgt50
[2026-09-15 00:35:40] === run start: CIFAR10_VGG13BN_gradmatch_ours_dog-bird_b0.005_eps8_seed42_lam1_cosine_K10_ce5_tgt50 on cuda [0] ===
[2026-09-15 00:35:40] args: {"FORCE": false, "attack": "gradmatch", "base": "ours", "base_dist": "cosine", "base_topr": null, "budget": 0.005, "cache_dir": "/tmp/PoisonBase_cross_arch_k_10x6/cache", "class_pair": "dog-bird", "clean_baseline": true, "craft_alpha": 0.0039216, "craft_aug": true, "craft_batch": 256, "craft_ensemble": 5, "craft_lowmem": true, "craft_schedule": false, "craft_steps": 250, "data_path": "/tmp/PoisonBase_cross_arch_k_10x6/data", "dataset": "CIFAR10", "distance_margin_coef": null, "dsa_strategy": "color_crop_cutout_flip_scale_rotate", "epsilon": 0.0313725, "fast_gradmatch": true, "fc_mode": "sample", "fc_restarts": 1, "gpus": "all", "jacobian_batch_size": 64, "jacobian_weight": 1.0, "lambda_margin": 1.0, "model": "VGG13BN", "no_resume": false, "num_poisons": 500, "num_surrogates": 30, "num_targets": 10, "num_victims": 6, "out_dir": "/tmp/PoisonBase_cross_arch_k_10x6/cross_arch_k_10x6_result", "pair_order": "poison-target", "parallel_pretrain": true, "parallel_targets": true, "precompute_id": null, "precompute_only": false, "precompute_part": "both", "rank_on_victims": true, "recompute_deltas": false, "require_correct_target": false, "restarts": 8, "seed": 42, "sel_K": 10, "sel_alpha": 1.0, "sel_criterion": null, "sel_dpp": false, "sel_filter": false, "sel_mmr": false, "sel_mode": null, "sel_model": "VGG13BN", "sel_mu": 1.0, "sel_pca": false, "sel_pool": 3.0, "sharp_mode": "worst", "sharp_samples": 20, "sharp_sigma": 0.05, "steal_timeout": 7200.0, "surrogate_aug": false, "surrogate_bs": 128, "surrogate_decay": [35, 45], "surrogate_epochs": 60, "surrogate_lr": 0.1, "surrogate_wd": 0.0, "target_idx_file": "/tmp/PoisonBase_cross_arch_k_10x6/target_sets/VGG13BN_gradmatch_dog-bird.json", "target_select": 50, "use_jacobian_score": false, "victim_aug": false, "victim_bs": 125, "victim_decay": [40], "victim_epochs": 50, "victim_lr": 0.1, "victim_wd": 0.0}
[2026-09-15 00:35:40] Jacobian score: disabled
[2026-09-15 00:35:40] N_total=50000 budget=0.005 -> N_p=250 poisons, y_adv=5(dog) target_class=2(bird)
[2026-09-15 00:35:40] === surrogates (30 x VGG13BN, trained on the full real set) ===
[2026-09-15 00:35:42]   crafting on 5/30 surrogates
[2026-09-15 00:35:42] === clean victims (6 x VGG13BN) ===
[2026-09-15 00:35:43]   clean baseline CTA = 0.8476 +/- 0.0158
[2026-09-15 00:35:44]   target pool 1000 -> eligible 970 (30 already predicted as y_adv or dropped)
[2026-09-15 00:35:44]   chosen 10 targets (file), p_adv range 0.0000..0.0000
[2026-09-15 00:35:44]   targets: [630, 409, 2270, 9870, 1656, 5022, 9090, 6033, 7940, 9731]
[2026-09-15 00:35:44] === target 630 (1/10) ===
[2026-09-15 00:43:11]   target 630: crafted 250 poisons in 446 s, obj=0.29713
[2026-09-15 00:43:11]   target 630: realized linf = 0.03137 (8.00/255), budget = 8.00/255
[2026-09-15 00:44:52]   [t630 v1/6] SUCCESS (pred=dog) CTA=0.8569
[2026-09-15 00:46:33]   [t630 v2/6] SUCCESS (pred=dog) CTA=0.8575
[2026-09-15 00:48:14]   [t630 v3/6] SUCCESS (pred=dog) CTA=0.8586
[2026-09-15 00:49:55]   [t630 v4/6] SUCCESS (pred=dog) CTA=0.8518
[2026-09-15 00:51:35]   [t630 v5/6] SUCCESS (pred=dog) CTA=0.8560
[2026-09-15 00:53:16]   [t630 v6/6] SUCCESS (pred=dog) CTA=0.8592
[2026-09-15 00:53:16]   target 630, 6 victims on this gpu: ASR=100.0% CTA=0.8567 +/- 0.0024
[2026-09-15 00:53:16] === target 409 (2/10) ===
[2026-09-15 01:00:48]   target 409: crafted 250 poisons in 451 s, obj=0.24758
[2026-09-15 01:00:48]   target 409: realized linf = 0.03137 (8.00/255), budget = 8.00/255
[2026-09-15 01:02:30]   [t409 v1/6] SUCCESS (pred=dog) CTA=0.8498
[2026-09-15 01:04:11]   [t409 v2/6] SUCCESS (pred=dog) CTA=0.8509
[2026-09-15 01:05:52]   [t409 v3/6] SUCCESS (pred=dog) CTA=0.8557
[2026-09-15 01:07:32]   [t409 v4/6] SUCCESS (pred=dog) CTA=0.8473
[2026-09-15 01:09:13]   [t409 v5/6] SUCCESS (pred=dog) CTA=0.8545
[2026-09-15 01:10:54]   [t409 v6/6] fail (pred=bird) CTA=0.8431
[2026-09-15 01:10:54]   target 409, 6 victims on this gpu: ASR=83.3% CTA=0.8502 +/- 0.0042
[2026-09-15 01:10:54] === target 2270 (3/10) ===
[2026-09-15 01:18:26]   target 2270: crafted 250 poisons in 451 s, obj=0.26581
[2026-09-15 01:18:26]   target 2270: realized linf = 0.03137 (8.00/255), budget = 8.00/255
[2026-09-15 01:20:08]   [t2270 v1/6] SUCCESS (pred=dog) CTA=0.8594
[2026-09-15 01:21:48]   [t2270 v2/6] SUCCESS (pred=dog) CTA=0.8563
[2026-09-15 01:23:29]   [t2270 v3/6] SUCCESS (pred=dog) CTA=0.8381
[2026-09-15 01:25:09]   [t2270 v4/6] SUCCESS (pred=dog) CTA=0.8469
[2026-09-15 01:26:49]   [t2270 v5/6] SUCCESS (pred=dog) CTA=0.8599
[2026-09-15 01:28:30]   [t2270 v6/6] SUCCESS (pred=dog) CTA=0.8498
[2026-09-15 01:28:30]   target 2270, 6 victims on this gpu: ASR=100.0% CTA=0.8517 +/- 0.0077
[2026-09-15 01:28:30] === target 9870 (4/10) ===
[2026-09-15 01:35:59]   target 9870: crafted 250 poisons in 448 s, obj=0.24597
[2026-09-15 01:35:59]   target 9870: realized linf = 0.03137 (8.00/255), budget = 8.00/255
[2026-09-15 01:37:42]   [t9870 v1/6] SUCCESS (pred=dog) CTA=0.8499
[2026-09-15 01:39:24]   [t9870 v2/6] SUCCESS (pred=dog) CTA=0.8415
[2026-09-15 01:41:06]   [t9870 v3/6] SUCCESS (pred=dog) CTA=0.8526
[2026-09-15 01:42:48]   [t9870 v4/6] fail (pred=bird) CTA=0.8429
[2026-09-15 01:44:30]   [t9870 v5/6] SUCCESS (pred=dog) CTA=0.8543
[2026-09-15 01:46:13]   [t9870 v6/6] SUCCESS (pred=dog) CTA=0.8617
[2026-09-15 01:46:13]   target 9870, 6 victims on this gpu: ASR=83.3% CTA=0.8505 +/- 0.0069
[2026-09-15 01:46:13] === target 1656 (5/10) ===
[2026-09-15 01:53:42]   target 1656: crafted 250 poisons in 448 s, obj=0.25040
[2026-09-15 01:53:42]   target 1656: realized linf = 0.03137 (8.00/255), budget = 8.00/255
[2026-09-15 01:55:24]   [t1656 v1/6] SUCCESS (pred=dog) CTA=0.8443
[2026-09-15 01:57:06]   [t1656 v2/6] SUCCESS (pred=dog) CTA=0.8450
[2026-09-15 01:58:47]   [t1656 v3/6] SUCCESS (pred=dog) CTA=0.8494
[2026-09-15 02:00:28]   [t1656 v4/6] SUCCESS (pred=dog) CTA=0.8670
[2026-09-15 02:02:10]   [t1656 v5/6] SUCCESS (pred=dog) CTA=0.8490
[2026-09-15 02:03:51]   [t1656 v6/6] SUCCESS (pred=dog) CTA=0.8590
[2026-09-15 02:03:51]   target 1656, 6 victims on this gpu: ASR=100.0% CTA=0.8523 +/- 0.0081
[2026-09-15 02:03:51] === target 5022 (6/10) ===
[2026-09-15 02:11:20]   target 5022: crafted 250 poisons in 447 s, obj=0.27976
[2026-09-15 02:11:20]   target 5022: realized linf = 0.03137 (8.00/255), budget = 8.00/255
[2026-09-15 02:13:02]   [t5022 v1/6] SUCCESS (pred=dog) CTA=0.8567
[2026-09-15 02:14:42]   [t5022 v2/6] fail (pred=bird) CTA=0.8653
[2026-09-15 02:16:23]   [t5022 v3/6] SUCCESS (pred=dog) CTA=0.8527
[2026-09-15 02:18:03]   [t5022 v4/6] SUCCESS (pred=dog) CTA=0.8596
[2026-09-15 02:19:43]   [t5022 v5/6] SUCCESS (pred=dog) CTA=0.8610
[2026-09-15 02:21:24]   [t5022 v6/6] SUCCESS (pred=dog) CTA=0.8511
[2026-09-15 02:21:24]   target 5022, 6 victims on this gpu: ASR=83.3% CTA=0.8577 +/- 0.0049
[2026-09-15 02:21:24] === target 9090 (7/10) ===
[2026-09-15 02:28:52]   target 9090: crafted 250 poisons in 447 s, obj=0.24085
[2026-09-15 02:28:52]   target 9090: realized linf = 0.03137 (8.00/255), budget = 8.00/255
[2026-09-15 02:30:35]   [t9090 v1/6] SUCCESS (pred=dog) CTA=0.8623
[2026-09-15 02:32:17]   [t9090 v2/6] SUCCESS (pred=dog) CTA=0.8583
[2026-09-15 02:33:59]   [t9090 v3/6] SUCCESS (pred=dog) CTA=0.8633
[2026-09-15 02:35:41]   [t9090 v4/6] SUCCESS (pred=dog) CTA=0.8567
[2026-09-15 02:37:23]   [t9090 v5/6] SUCCESS (pred=dog) CTA=0.8537
[2026-09-15 02:39:05]   [t9090 v6/6] SUCCESS (pred=dog) CTA=0.8559
[2026-09-15 02:39:05]   target 9090, 6 victims on this gpu: ASR=100.0% CTA=0.8584 +/- 0.0034
[2026-09-15 02:39:05] === target 6033 (8/10) ===
[2026-09-15 02:46:33]   target 6033: crafted 250 poisons in 446 s, obj=0.22163
[2026-09-15 02:46:33]   target 6033: realized linf = 0.03137 (8.00/255), budget = 8.00/255
[2026-09-15 02:48:14]   [t6033 v1/6] SUCCESS (pred=dog) CTA=0.8476
[2026-09-15 02:49:56]   [t6033 v2/6] SUCCESS (pred=dog) CTA=0.8586
[2026-09-15 02:51:38]   [t6033 v3/6] SUCCESS (pred=dog) CTA=0.8585
[2026-09-15 02:53:20]   [t6033 v4/6] SUCCESS (pred=dog) CTA=0.8588
[2026-09-15 02:55:01]   [t6033 v5/6] SUCCESS (pred=dog) CTA=0.8525
[2026-09-15 02:56:43]   [t6033 v6/6] SUCCESS (pred=dog) CTA=0.8642
[2026-09-15 02:56:43]   target 6033, 6 victims on this gpu: ASR=100.0% CTA=0.8567 +/- 0.0053
[2026-09-15 02:56:43] === target 7940 (9/10) ===
[2026-09-15 03:04:12]   target 7940: crafted 250 poisons in 447 s, obj=0.29918
[2026-09-15 03:04:12]   target 7940: realized linf = 0.03137 (8.00/255), budget = 8.00/255
[2026-09-15 03:05:54]   [t7940 v1/6] SUCCESS (pred=dog) CTA=0.8688
[2026-09-15 03:07:35]   [t7940 v2/6] SUCCESS (pred=dog) CTA=0.8641
[2026-09-15 03:09:15]   [t7940 v3/6] SUCCESS (pred=dog) CTA=0.8537
[2026-09-15 03:10:55]   [t7940 v4/6] SUCCESS (pred=dog) CTA=0.8505
[2026-09-15 03:12:35]   [t7940 v5/6] SUCCESS (pred=dog) CTA=0.8613
[2026-09-15 03:14:16]   [t7940 v6/6] SUCCESS (pred=dog) CTA=0.8493
[2026-09-15 03:14:16]   target 7940, 6 victims on this gpu: ASR=100.0% CTA=0.8580 +/- 0.0072
[2026-09-15 03:14:16] === target 9731 (10/10) ===
[2026-09-15 03:21:44]   target 9731: crafted 250 poisons in 447 s, obj=0.29585
[2026-09-15 03:21:44]   target 9731: realized linf = 0.03137 (8.00/255), budget = 8.00/255
[2026-09-15 03:23:27]   [t9731 v1/6] SUCCESS (pred=dog) CTA=0.8534
[2026-09-15 03:25:08]   [t9731 v2/6] SUCCESS (pred=dog) CTA=0.8568
[2026-09-15 03:26:50]   [t9731 v3/6] SUCCESS (pred=dog) CTA=0.8564
[2026-09-15 03:28:31]   [t9731 v4/6] SUCCESS (pred=dog) CTA=0.8395
[2026-09-15 03:30:12]   [t9731 v5/6] SUCCESS (pred=dog) CTA=0.8481
[2026-09-15 03:31:54]   [t9731 v6/6] SUCCESS (pred=dog) CTA=0.8528
[2026-09-15 03:31:54]   target 9731, 6 victims on this gpu: ASR=100.0% CTA=0.8512 +/- 0.0059
[2026-09-15 03:31:54] ==== CIFAR10_VGG13BN_gradmatch_ours_dog-bird_b0.005_eps8_seed42_lam1_cosine_K10_ce5_tgt50 : ASR = 95.0% +/- 7.6% | CTA = 0.8543 (baseline 0.8476) ====
[2026-09-15 03:31:54]   target-prediction tally ['airplane', 'automobile', 'bird', 'cat', 'deer', 'dog', 'frog', 'horse', 'ship', 'truck']: [0, 0, 3, 0, 0, 57, 0, 0, 0, 0]
verified: 10 targets x 6 victims = 60 unique evaluations
sync: CIFAR10_VGG13BN_gradmatch_ours_dog-bird_b0.005_eps8_seed42_lam1_cosine_K10_ce5_tgt50 -> /home/mmoslem3/scratch/PoisonBase/cross_arch_k_10x6_result
sync: complete
