gpu: NVIDIA L40S
cache: waiting for shared ConvNetBN checkpoint lock
cache: ConvNetBN checkpoints ready
run: waiting for duplicate-submission lock
targets: 10 unique pinned indices: 843 1257 8252 8730 8055 5859 8954 821 1547 4427
job: 927233 xk145_sapa_b0002_vconv_sconv_k1 on rack11-05
config: attack=sapa budget=0.002 A=V=ConvNetBN S=ConvNetBN K=1 base=ours jacobian=off craft_steps=250 targets=10 victims=6
protocol: method=ours Jacobian=off targets=10 victims=6 selector_K=1
protocol: 30 shared surrogates available; crafting always uses V checkpoints 0..4
output: /home/mmoslem3/scratch/PoisonBase/cross_arch_k_10x6_result/CIFAR10_ConvNetBN_sapa_ours_dog-bird_b0.002_eps8_seed42_lam1_cosine_K1_worst0.05_ce5_tgt70
[2026-09-15 00:16:07] === run start: CIFAR10_ConvNetBN_sapa_ours_dog-bird_b0.002_eps8_seed42_lam1_cosine_K1_worst0.05_ce5_tgt70 on cuda [0] ===
[2026-09-15 00:16:07] args: {"FORCE": false, "attack": "sapa", "base": "ours", "base_dist": "cosine", "base_topr": null, "budget": 0.002, "cache_dir": "/tmp/PoisonBase_cross_arch_k_10x6/cache", "class_pair": "dog-bird", "clean_baseline": true, "craft_alpha": 0.0039216, "craft_aug": true, "craft_batch": 256, "craft_ensemble": 5, "craft_lowmem": false, "craft_schedule": false, "craft_steps": 250, "data_path": "/tmp/PoisonBase_cross_arch_k_10x6/data", "dataset": "CIFAR10", "distance_margin_coef": null, "dsa_strategy": "color_crop_cutout_flip_scale_rotate", "epsilon": 0.0313725, "fast_gradmatch": false, "fc_mode": "sample", "fc_restarts": 1, "gpus": "all", "jacobian_batch_size": 64, "jacobian_weight": 1.0, "lambda_margin": 1.0, "model": "ConvNetBN", "no_resume": false, "num_poisons": 500, "num_surrogates": 30, "num_targets": 10, "num_victims": 6, "out_dir": "/tmp/PoisonBase_cross_arch_k_10x6/cross_arch_k_10x6_result", "pair_order": "poison-target", "parallel_pretrain": true, "parallel_targets": true, "precompute_id": null, "precompute_only": false, "precompute_part": "both", "rank_on_victims": true, "recompute_deltas": false, "require_correct_target": false, "restarts": 8, "seed": 42, "sel_K": 1, "sel_alpha": 1.0, "sel_criterion": null, "sel_dpp": false, "sel_filter": false, "sel_mmr": false, "sel_mode": null, "sel_model": "ConvNetBN", "sel_mu": 1.0, "sel_pca": false, "sel_pool": 3.0, "sharp_mode": "worst", "sharp_samples": 20, "sharp_sigma": 0.05, "steal_timeout": 7200.0, "surrogate_aug": false, "surrogate_bs": 128, "surrogate_decay": [35, 45], "surrogate_epochs": 60, "surrogate_lr": 0.1, "surrogate_wd": 0.0, "target_idx_file": "/tmp/PoisonBase_cross_arch_k_10x6/target_sets/ConvNetBN_gradmatch_dog-bird.json", "target_select": 70, "use_jacobian_score": false, "victim_aug": false, "victim_bs": 125, "victim_decay": [40], "victim_epochs": 50, "victim_lr": 0.1, "victim_wd": 0.0}
[2026-09-15 00:16:07] Jacobian score: disabled
[2026-09-15 00:16:07] N_total=50000 budget=0.002 -> N_p=100 poisons, y_adv=5(dog) target_class=2(bird)
[2026-09-15 00:16:07] === surrogates (30 x ConvNetBN, trained on the full real set) ===
[2026-09-15 00:16:07]   crafting on 5/30 surrogates
[2026-09-15 00:16:07] === clean victims (6 x ConvNetBN) ===
[2026-09-15 00:16:08]   clean baseline CTA = 0.8127 +/- 0.0074
[2026-09-15 00:16:08]   target pool 1000 -> eligible 963 (37 already predicted as y_adv or dropped)
[2026-09-15 00:16:08]   chosen 10 targets (file), p_adv range 0.0000..0.0000
[2026-09-15 00:16:08]   targets: [843, 1257, 8252, 8730, 8055, 5859, 8954, 821, 1547, 4427]
[2026-09-15 00:16:08] === target 843 (1/10) ===
[2026-09-15 00:17:27]   target 843: crafted 100 poisons in 78 s, obj=0.29030
[2026-09-15 00:17:27]   target 843: realized linf = 0.03137 (8.00/255), budget = 8.00/255
[2026-09-15 00:18:18]   [t843 v1/6] SUCCESS (pred=dog) CTA=0.8074
[2026-09-15 00:19:09]   [t843 v2/6] fail (pred=bird) CTA=0.8076
[2026-09-15 00:19:59]   [t843 v3/6] fail (pred=bird) CTA=0.8014
[2026-09-15 00:20:49]   [t843 v4/6] fail (pred=bird) CTA=0.8095
[2026-09-15 00:21:39]   [t843 v5/6] fail (pred=bird) CTA=0.8029
[2026-09-15 00:22:29]   [t843 v6/6] fail (pred=bird) CTA=0.7864
[2026-09-15 00:22:29]   target 843, 6 victims on this gpu: ASR=16.7% CTA=0.8025 +/- 0.0077
[2026-09-15 00:22:29] === target 1257 (2/10) ===
[2026-09-15 00:23:48]   target 1257: crafted 100 poisons in 78 s, obj=0.25242
[2026-09-15 00:23:48]   target 1257: realized linf = 0.03137 (8.00/255), budget = 8.00/255
[2026-09-15 00:24:40]   [t1257 v1/6] fail (pred=bird) CTA=0.8007
[2026-09-15 00:25:29]   [t1257 v2/6] fail (pred=bird) CTA=0.8028
[2026-09-15 00:26:19]   [t1257 v3/6] fail (pred=bird) CTA=0.8105
[2026-09-15 00:27:09]   [t1257 v4/6] fail (pred=bird) CTA=0.8032
[2026-09-15 00:27:59]   [t1257 v5/6] fail (pred=bird) CTA=0.8005
[2026-09-15 00:28:49]   [t1257 v6/6] fail (pred=bird) CTA=0.7967
[2026-09-15 00:28:49]   target 1257, 6 victims on this gpu: ASR=0.0% CTA=0.8024 +/- 0.0042
[2026-09-15 00:28:49] === target 8252 (3/10) ===
[2026-09-15 00:30:07]   target 8252: crafted 100 poisons in 78 s, obj=0.22797
[2026-09-15 00:30:07]   target 8252: realized linf = 0.03137 (8.00/255), budget = 8.00/255
[2026-09-15 00:30:58]   [t8252 v1/6] fail (pred=horse) CTA=0.8015
[2026-09-15 00:31:48]   [t8252 v2/6] SUCCESS (pred=dog) CTA=0.8208
[2026-09-15 00:32:38]   [t8252 v3/6] SUCCESS (pred=dog) CTA=0.8022
[2026-09-15 00:33:28]   [t8252 v4/6] SUCCESS (pred=dog) CTA=0.7962
[2026-09-15 00:34:17]   [t8252 v5/6] fail (pred=cat) CTA=0.7903
[2026-09-15 00:35:07]   [t8252 v6/6] fail (pred=horse) CTA=0.8077
[2026-09-15 00:35:07]   target 8252, 6 victims on this gpu: ASR=50.0% CTA=0.8031 +/- 0.0096
[2026-09-15 00:35:07] === target 8730 (4/10) ===
[2026-09-15 00:36:25]   target 8730: crafted 100 poisons in 78 s, obj=0.24497
[2026-09-15 00:36:25]   target 8730: realized linf = 0.03137 (8.00/255), budget = 8.00/255
[2026-09-15 00:37:17]   [t8730 v1/6] fail (pred=bird) CTA=0.8084
[2026-09-15 00:38:06]   [t8730 v2/6] fail (pred=bird) CTA=0.8142
[2026-09-15 00:38:56]   [t8730 v3/6] fail (pred=bird) CTA=0.8080
[2026-09-15 00:39:46]   [t8730 v4/6] fail (pred=frog) CTA=0.7977
[2026-09-15 00:40:35]   [t8730 v5/6] fail (pred=bird) CTA=0.7982
[2026-09-15 00:41:25]   [t8730 v6/6] fail (pred=bird) CTA=0.8127
[2026-09-15 00:41:25]   target 8730, 6 victims on this gpu: ASR=0.0% CTA=0.8065 +/- 0.0065
[2026-09-15 00:41:25] === target 8055 (5/10) ===
[2026-09-15 00:42:43]   target 8055: crafted 100 poisons in 78 s, obj=0.27221
[2026-09-15 00:42:43]   target 8055: realized linf = 0.03137 (8.00/255), budget = 8.00/255
[2026-09-15 00:43:35]   [t8055 v1/6] fail (pred=bird) CTA=0.8067
[2026-09-15 00:44:24]   [t8055 v2/6] SUCCESS (pred=dog) CTA=0.8064
[2026-09-15 00:45:14]   [t8055 v3/6] fail (pred=bird) CTA=0.8135
[2026-09-15 00:46:04]   [t8055 v4/6] fail (pred=bird) CTA=0.7966
[2026-09-15 00:46:54]   [t8055 v5/6] fail (pred=bird) CTA=0.8130
[2026-09-15 00:47:44]   [t8055 v6/6] fail (pred=bird) CTA=0.7965
[2026-09-15 00:47:44]   target 8055, 6 victims on this gpu: ASR=16.7% CTA=0.8054 +/- 0.0069
[2026-09-15 00:47:44] === target 5859 (6/10) ===
[2026-09-15 00:49:01]   target 5859: crafted 100 poisons in 78 s, obj=0.24259
[2026-09-15 00:49:01]   target 5859: realized linf = 0.03137 (8.00/255), budget = 8.00/255
[2026-09-15 00:49:53]   [t5859 v1/6] SUCCESS (pred=dog) CTA=0.7998
[2026-09-15 00:50:43]   [t5859 v2/6] SUCCESS (pred=dog) CTA=0.8057
[2026-09-15 00:51:33]   [t5859 v3/6] fail (pred=frog) CTA=0.8086
[2026-09-15 00:52:23]   [t5859 v4/6] fail (pred=bird) CTA=0.8006
[2026-09-15 00:53:13]   [t5859 v5/6] SUCCESS (pred=dog) CTA=0.8039
[2026-09-15 00:54:03]   [t5859 v6/6] fail (pred=bird) CTA=0.7938
[2026-09-15 00:54:03]   target 5859, 6 victims on this gpu: ASR=50.0% CTA=0.8021 +/- 0.0047
[2026-09-15 00:54:03] === target 8954 (7/10) ===
[2026-09-15 00:55:20]   target 8954: crafted 100 poisons in 78 s, obj=0.20522
[2026-09-15 00:55:20]   target 8954: realized linf = 0.03137 (8.00/255), budget = 8.00/255
[2026-09-15 00:56:12]   [t8954 v1/6] SUCCESS (pred=dog) CTA=0.8019
[2026-09-15 00:57:02]   [t8954 v2/6] SUCCESS (pred=dog) CTA=0.8097
[2026-09-15 00:57:52]   [t8954 v3/6] fail (pred=bird) CTA=0.8052
[2026-09-15 00:58:41]   [t8954 v4/6] SUCCESS (pred=dog) CTA=0.7903
[2026-09-15 00:59:31]   [t8954 v5/6] SUCCESS (pred=dog) CTA=0.8088
[2026-09-15 01:00:21]   [t8954 v6/6] fail (pred=deer) CTA=0.7964
[2026-09-15 01:00:21]   target 8954, 6 victims on this gpu: ASR=66.7% CTA=0.8020 +/- 0.0069
[2026-09-15 01:00:21] === target 821 (8/10) ===
[2026-09-15 01:01:39]   target 821: crafted 100 poisons in 78 s, obj=0.28963
[2026-09-15 01:01:39]   target 821: realized linf = 0.03137 (8.00/255), budget = 8.00/255
[2026-09-15 01:02:31]   [t821 v1/6] SUCCESS (pred=dog) CTA=0.8127
[2026-09-15 01:03:21]   [t821 v2/6] fail (pred=bird) CTA=0.8112
[2026-09-15 01:04:10]   [t821 v3/6] SUCCESS (pred=dog) CTA=0.7921
[2026-09-15 01:05:00]   [t821 v4/6] SUCCESS (pred=dog) CTA=0.8113
[2026-09-15 01:05:50]   [t821 v5/6] SUCCESS (pred=dog) CTA=0.8093
[2026-09-15 01:06:40]   [t821 v6/6] fail (pred=bird) CTA=0.8096
[2026-09-15 01:06:40]   target 821, 6 victims on this gpu: ASR=66.7% CTA=0.8077 +/- 0.0071
[2026-09-15 01:06:40] === target 1547 (9/10) ===
[2026-09-15 01:07:57]   target 1547: crafted 100 poisons in 78 s, obj=0.36623
[2026-09-15 01:07:57]   target 1547: realized linf = 0.03137 (8.00/255), budget = 8.00/255
[2026-09-15 01:08:49]   [t1547 v1/6] fail (pred=bird) CTA=0.8111
[2026-09-15 01:09:39]   [t1547 v2/6] fail (pred=bird) CTA=0.8114
[2026-09-15 01:10:29]   [t1547 v3/6] fail (pred=bird) CTA=0.7736
[2026-09-15 01:11:19]   [t1547 v4/6] fail (pred=bird) CTA=0.8075
[2026-09-15 01:12:08]   [t1547 v5/6] fail (pred=airplane) CTA=0.7972
[2026-09-15 01:12:58]   [t1547 v6/6] fail (pred=bird) CTA=0.8027
[2026-09-15 01:12:58]   target 1547, 6 victims on this gpu: ASR=0.0% CTA=0.8006 +/- 0.0130
[2026-09-15 01:12:58] === target 4427 (10/10) ===
[2026-09-15 01:14:16]   target 4427: crafted 100 poisons in 78 s, obj=0.38254
[2026-09-15 01:14:16]   target 4427: realized linf = 0.03137 (8.00/255), budget = 8.00/255
[2026-09-15 01:15:08]   [t4427 v1/6] fail (pred=bird) CTA=0.8184
[2026-09-15 01:15:58]   [t4427 v2/6] SUCCESS (pred=dog) CTA=0.8019
[2026-09-15 01:16:48]   [t4427 v3/6] fail (pred=bird) CTA=0.8058
[2026-09-15 01:17:37]   [t4427 v4/6] fail (pred=bird) CTA=0.8107
[2026-09-15 01:18:27]   [t4427 v5/6] fail (pred=bird) CTA=0.8229
[2026-09-15 01:19:17]   [t4427 v6/6] fail (pred=bird) CTA=0.8020
[2026-09-15 01:19:17]   target 4427, 6 victims on this gpu: ASR=16.7% CTA=0.8103 +/- 0.0080
[2026-09-15 01:19:17] ==== CIFAR10_ConvNetBN_sapa_ours_dog-bird_b0.002_eps8_seed42_lam1_cosine_K1_worst0.05_ce5_tgt70 : ASR = 28.3% +/- 25.9% | CTA = 0.8043 (baseline 0.8127) ====
[2026-09-15 01:19:17]   target-prediction tally ['airplane', 'automobile', 'bird', 'cat', 'deer', 'dog', 'frog', 'horse', 'ship', 'truck']: [1, 0, 36, 1, 1, 17, 2, 2, 0, 0]
verified: 10 targets x 6 victims = 60 unique evaluations
sync: CIFAR10_ConvNetBN_sapa_ours_dog-bird_b0.002_eps8_seed42_lam1_cosine_K1_worst0.05_ce5_tgt70 -> /home/mmoslem3/scratch/PoisonBase/cross_arch_k_10x6_result
sync: complete
