gpu: NVIDIA L40S
cache: waiting for shared ResNet20BN checkpoint lock
cache: ResNet20BN checkpoints ready
run: waiting for duplicate-submission lock
targets: 10 unique pinned indices: 5118 8740 5324 4630 833 2065 7056 9059 6707 9874
job: 927250 xk162_sapa_b0002_vr20_sr20_k3 on rack12-15
config: attack=sapa budget=0.002 A=V=ResNet20BN S=ResNet20BN K=3 base=ours jacobian=off craft_steps=250 targets=10 victims=6
protocol: method=ours Jacobian=off targets=10 victims=6 selector_K=3
protocol: 30 shared surrogates available; crafting always uses V checkpoints 0..4
output: /home/mmoslem3/scratch/PoisonBase/cross_arch_k_10x6_result/CIFAR10_ResNet20BN_sapa_ours_dog-bird_b0.002_eps8_seed42_lam1_cosine_K3_worst0.05_ce5_tgt14
[2026-09-15 17:59:40] === run start: CIFAR10_ResNet20BN_sapa_ours_dog-bird_b0.002_eps8_seed42_lam1_cosine_K3_worst0.05_ce5_tgt14 on cuda [0] ===
[2026-09-15 17:59:40] args: {"FORCE": false, "attack": "sapa", "base": "ours", "base_dist": "cosine", "base_topr": null, "budget": 0.002, "cache_dir": "/tmp/PoisonBase_cross_arch_k_10x6/cache", "class_pair": "dog-bird", "clean_baseline": true, "craft_alpha": 0.0039216, "craft_aug": true, "craft_batch": 256, "craft_ensemble": 5, "craft_lowmem": false, "craft_schedule": false, "craft_steps": 250, "data_path": "/tmp/PoisonBase_cross_arch_k_10x6/data", "dataset": "CIFAR10", "distance_margin_coef": null, "dsa_strategy": "color_crop_cutout_flip_scale_rotate", "epsilon": 0.0313725, "fast_gradmatch": false, "fc_mode": "sample", "fc_restarts": 1, "gpus": "all", "jacobian_batch_size": 64, "jacobian_weight": 1.0, "lambda_margin": 1.0, "model": "ResNet20BN", "no_resume": false, "num_poisons": 500, "num_surrogates": 30, "num_targets": 10, "num_victims": 6, "out_dir": "/tmp/PoisonBase_cross_arch_k_10x6/cross_arch_k_10x6_result", "pair_order": "poison-target", "parallel_pretrain": true, "parallel_targets": true, "precompute_id": null, "precompute_only": false, "precompute_part": "both", "rank_on_victims": true, "recompute_deltas": false, "require_correct_target": false, "restarts": 8, "seed": 42, "sel_K": 3, "sel_alpha": 1.0, "sel_criterion": null, "sel_dpp": false, "sel_filter": false, "sel_mmr": false, "sel_mode": null, "sel_model": "ResNet20BN", "sel_mu": 1.0, "sel_pca": false, "sel_pool": 3.0, "sharp_mode": "worst", "sharp_samples": 20, "sharp_sigma": 0.05, "steal_timeout": 7200.0, "surrogate_aug": false, "surrogate_bs": 128, "surrogate_decay": [35, 45], "surrogate_epochs": 60, "surrogate_lr": 0.1, "surrogate_wd": 0.0, "target_idx_file": "/tmp/PoisonBase_cross_arch_k_10x6/target_sets/ResNet20BN_gradmatch_dog-bird.json", "target_select": 14, "use_jacobian_score": false, "victim_aug": false, "victim_bs": 125, "victim_decay": [40], "victim_epochs": 50, "victim_lr": 0.1, "victim_wd": 0.0}
[2026-09-15 17:59:40] Jacobian score: disabled
[2026-09-15 17:59:40] N_total=50000 budget=0.002 -> N_p=100 poisons, y_adv=5(dog) target_class=2(bird)
[2026-09-15 17:59:40] === surrogates (30 x ResNet20BN, trained on the full real set) ===
[2026-09-15 17:59:40]   crafting on 5/30 surrogates
[2026-09-15 17:59:40] === clean victims (6 x ResNet20BN) ===
[2026-09-15 17:59:41]   clean baseline CTA = 0.8354 +/- 0.0043
[2026-09-15 17:59:41]   target pool 1000 -> eligible 978 (22 already predicted as y_adv or dropped)
[2026-09-15 17:59:41]   chosen 10 targets (file), p_adv range 0.0001..0.3539
[2026-09-15 17:59:41]   targets: [5118, 8740, 5324, 4630, 833, 2065, 7056, 9059, 6707, 9874]
[2026-09-15 17:59:41] === target 5118 (1/10) ===
[2026-09-15 18:03:40]   target 5118: crafted 100 poisons in 238 s, obj=0.20981
[2026-09-15 18:03:40]   target 5118: realized linf = 0.03137 (8.00/255), budget = 8.00/255
[2026-09-15 18:05:16]   [t5118 v1/6] SUCCESS (pred=dog) CTA=0.8391
[2026-09-15 18:06:51]   [t5118 v2/6] SUCCESS (pred=dog) CTA=0.8349
[2026-09-15 18:08:27]   [t5118 v3/6] SUCCESS (pred=dog) CTA=0.8390
[2026-09-15 18:10:02]   [t5118 v4/6] SUCCESS (pred=dog) CTA=0.8400
[2026-09-15 18:11:38]   [t5118 v5/6] SUCCESS (pred=dog) CTA=0.8436
[2026-09-15 18:13:13]   [t5118 v6/6] SUCCESS (pred=dog) CTA=0.8407
[2026-09-15 18:13:13]   target 5118, 6 victims on this gpu: ASR=100.0% CTA=0.8396 +/- 0.0026
[2026-09-15 18:13:13] === target 8740 (2/10) ===
[2026-09-15 18:17:11]   target 8740: crafted 100 poisons in 238 s, obj=0.19312
[2026-09-15 18:17:11]   target 8740: realized linf = 0.03137 (8.00/255), budget = 8.00/255
