gpu: NVIDIA L40S
cache: waiting for shared ResNet20BN checkpoint lock
cache: ResNet20BN checkpoints ready
cache: waiting for shared ConvNetBN checkpoint lock
cache: ConvNetBN checkpoints ready
run: waiting for duplicate-submission lock
targets: 10 unique pinned indices: 5118 8740 5324 4630 833 2065 7056 9059 6707 9874
job: 927248 xk160_sapa_b0002_vr20_sconv_k30 on rack13-02
config: attack=sapa budget=0.002 A=V=ResNet20BN S=ConvNetBN K=30 base=ours jacobian=off craft_steps=250 targets=10 victims=6
protocol: method=ours Jacobian=off targets=10 victims=6 selector_K=30
protocol: 30 shared surrogates available; crafting always uses V checkpoints 0..4
output: /home/mmoslem3/scratch/PoisonBase/cross_arch_k_10x6_result/CIFAR10_ResNet20BN_sapa_ours_dog-bird_b0.002_eps8_seed42_lam1_cosine_selarchConvNetBN_K30_worst0.05_ce5_tgt14
[2026-09-15 00:46:06] === run start: CIFAR10_ResNet20BN_sapa_ours_dog-bird_b0.002_eps8_seed42_lam1_cosine_selarchConvNetBN_K30_worst0.05_ce5_tgt14 on cuda [0] ===
[2026-09-15 00:46:06] args: {"FORCE": false, "attack": "sapa", "base": "ours", "base_dist": "cosine", "base_topr": null, "budget": 0.002, "cache_dir": "/tmp/PoisonBase_cross_arch_k_10x6/cache", "class_pair": "dog-bird", "clean_baseline": true, "craft_alpha": 0.0039216, "craft_aug": true, "craft_batch": 256, "craft_ensemble": 5, "craft_lowmem": false, "craft_schedule": false, "craft_steps": 250, "data_path": "/tmp/PoisonBase_cross_arch_k_10x6/data", "dataset": "CIFAR10", "distance_margin_coef": null, "dsa_strategy": "color_crop_cutout_flip_scale_rotate", "epsilon": 0.0313725, "fast_gradmatch": false, "fc_mode": "sample", "fc_restarts": 1, "gpus": "all", "jacobian_batch_size": 64, "jacobian_weight": 1.0, "lambda_margin": 1.0, "model": "ResNet20BN", "no_resume": false, "num_poisons": 500, "num_surrogates": 30, "num_targets": 10, "num_victims": 6, "out_dir": "/tmp/PoisonBase_cross_arch_k_10x6/cross_arch_k_10x6_result", "pair_order": "poison-target", "parallel_pretrain": true, "parallel_targets": true, "precompute_id": null, "precompute_only": false, "precompute_part": "both", "rank_on_victims": true, "recompute_deltas": false, "require_correct_target": false, "restarts": 8, "seed": 42, "sel_K": 30, "sel_alpha": 1.0, "sel_criterion": null, "sel_dpp": false, "sel_filter": false, "sel_mmr": false, "sel_mode": null, "sel_model": "ConvNetBN", "sel_mu": 1.0, "sel_pca": false, "sel_pool": 3.0, "sharp_mode": "worst", "sharp_samples": 20, "sharp_sigma": 0.05, "steal_timeout": 7200.0, "surrogate_aug": false, "surrogate_bs": 128, "surrogate_decay": [35, 45], "surrogate_epochs": 60, "surrogate_lr": 0.1, "surrogate_wd": 0.0, "target_idx_file": "/tmp/PoisonBase_cross_arch_k_10x6/target_sets/ResNet20BN_gradmatch_dog-bird.json", "target_select": 14, "use_jacobian_score": false, "victim_aug": false, "victim_bs": 125, "victim_decay": [40], "victim_epochs": 50, "victim_lr": 0.1, "victim_wd": 0.0}
[2026-09-15 00:46:06] Jacobian score: disabled
[2026-09-15 00:46:06] N_total=50000 budget=0.002 -> N_p=100 poisons, y_adv=5(dog) target_class=2(bird)
[2026-09-15 00:46:06] === surrogates (30 x ResNet20BN, trained on the full real set) ===
[2026-09-15 00:46:07]   crafting on 5/30 surrogates
[2026-09-15 00:46:07] === selection surrogates (30 x ConvNetBN, cross-architecture) ===
[2026-09-15 00:46:07] === clean victims (6 x ResNet20BN) ===
[2026-09-15 00:46:07]   clean baseline CTA = 0.8354 +/- 0.0043
[2026-09-15 00:46:07]   target pool 1000 -> eligible 978 (22 already predicted as y_adv or dropped)
[2026-09-15 00:46:07]   chosen 10 targets (file), p_adv range 0.0001..0.3539
[2026-09-15 00:46:07]   targets: [5118, 8740, 5324, 4630, 833, 2065, 7056, 9059, 6707, 9874]
[2026-09-15 00:46:08] === target 5118 (1/10) ===
[2026-09-15 00:50:04]   target 5118: crafted 100 poisons in 234 s, obj=0.20083
[2026-09-15 00:50:04]   target 5118: realized linf = 0.03137 (8.00/255), budget = 8.00/255
[2026-09-15 00:51:41]   [t5118 v1/6] SUCCESS (pred=dog) CTA=0.8361
[2026-09-15 00:53:17]   [t5118 v2/6] SUCCESS (pred=dog) CTA=0.8378
[2026-09-15 00:54:52]   [t5118 v3/6] SUCCESS (pred=dog) CTA=0.8297
[2026-09-15 00:56:28]   [t5118 v4/6] SUCCESS (pred=dog) CTA=0.8351
[2026-09-15 00:58:04]   [t5118 v5/6] SUCCESS (pred=dog) CTA=0.8377
[2026-09-15 00:59:40]   [t5118 v6/6] SUCCESS (pred=dog) CTA=0.8386
[2026-09-15 00:59:40]   target 5118, 6 victims on this gpu: ASR=100.0% CTA=0.8358 +/- 0.0030
[2026-09-15 00:59:40] === target 8740 (2/10) ===
[2026-09-15 01:03:37]   target 8740: crafted 100 poisons in 234 s, obj=0.18299
[2026-09-15 01:03:37]   target 8740: realized linf = 0.03137 (8.00/255), budget = 8.00/255
[2026-09-15 01:05:13]   [t8740 v1/6] fail (pred=bird) CTA=0.8404
[2026-09-15 01:06:49]   [t8740 v2/6] fail (pred=bird) CTA=0.8364
[2026-09-15 01:08:25]   [t8740 v3/6] SUCCESS (pred=dog) CTA=0.8321
[2026-09-15 01:10:00]   [t8740 v4/6] SUCCESS (pred=dog) CTA=0.8408
[2026-09-15 01:11:36]   [t8740 v5/6] SUCCESS (pred=dog) CTA=0.8338
[2026-09-15 01:13:12]   [t8740 v6/6] SUCCESS (pred=dog) CTA=0.8437
[2026-09-15 01:13:12]   target 8740, 6 victims on this gpu: ASR=66.7% CTA=0.8379 +/- 0.0041
[2026-09-15 01:13:12] === target 5324 (3/10) ===
[2026-09-15 01:17:09]   target 5324: crafted 100 poisons in 234 s, obj=0.20958
[2026-09-15 01:17:09]   target 5324: realized linf = 0.03137 (8.00/255), budget = 8.00/255
[2026-09-15 01:18:45]   [t5324 v1/6] fail (pred=horse) CTA=0.8400
[2026-09-15 01:20:21]   [t5324 v2/6] SUCCESS (pred=dog) CTA=0.8357
[2026-09-15 01:21:56]   [t5324 v3/6] fail (pred=cat) CTA=0.8377
[2026-09-15 01:23:32]   [t5324 v4/6] fail (pred=cat) CTA=0.8377
[2026-09-15 01:25:08]   [t5324 v5/6] fail (pred=ship) CTA=0.8440
[2026-09-15 01:26:44]   [t5324 v6/6] fail (pred=cat) CTA=0.8338
[2026-09-15 01:26:44]   target 5324, 6 victims on this gpu: ASR=16.7% CTA=0.8382 +/- 0.0032
[2026-09-15 01:26:44] === target 4630 (4/10) ===
[2026-09-15 01:30:42]   target 4630: crafted 100 poisons in 235 s, obj=0.18200
[2026-09-15 01:30:42]   target 4630: realized linf = 0.03137 (8.00/255), budget = 8.00/255
[2026-09-15 01:32:18]   [t4630 v1/6] SUCCESS (pred=dog) CTA=0.8438
[2026-09-15 01:33:54]   [t4630 v2/6] fail (pred=frog) CTA=0.8429
[2026-09-15 01:35:30]   [t4630 v3/6] fail (pred=cat) CTA=0.8365
[2026-09-15 01:37:06]   [t4630 v4/6] SUCCESS (pred=dog) CTA=0.8360
[2026-09-15 01:38:42]   [t4630 v5/6] SUCCESS (pred=dog) CTA=0.8379
[2026-09-15 01:40:18]   [t4630 v6/6] SUCCESS (pred=dog) CTA=0.8375
[2026-09-15 01:40:18]   target 4630, 6 victims on this gpu: ASR=66.7% CTA=0.8391 +/- 0.0031
[2026-09-15 01:40:18] === target 833 (5/10) ===
[2026-09-15 01:44:17]   target 833: crafted 100 poisons in 236 s, obj=0.18986
[2026-09-15 01:44:17]   target 833: realized linf = 0.03137 (8.00/255), budget = 8.00/255
[2026-09-15 01:45:53]   [t833 v1/6] SUCCESS (pred=dog) CTA=0.8387
[2026-09-15 01:47:29]   [t833 v2/6] fail (pred=bird) CTA=0.8347
[2026-09-15 01:49:05]   [t833 v3/6] fail (pred=bird) CTA=0.8340
[2026-09-15 01:50:41]   [t833 v4/6] SUCCESS (pred=dog) CTA=0.8415
[2026-09-15 01:52:17]   [t833 v5/6] SUCCESS (pred=dog) CTA=0.8365
[2026-09-15 01:53:53]   [t833 v6/6] SUCCESS (pred=dog) CTA=0.8406
[2026-09-15 01:53:53]   target 833, 6 victims on this gpu: ASR=66.7% CTA=0.8377 +/- 0.0028
[2026-09-15 01:53:53] === target 2065 (6/10) ===
[2026-09-15 01:57:52]   target 2065: crafted 100 poisons in 236 s, obj=0.18743
[2026-09-15 01:57:52]   target 2065: realized linf = 0.03137 (8.00/255), budget = 8.00/255
[2026-09-15 01:59:28]   [t2065 v1/6] SUCCESS (pred=dog) CTA=0.8356
[2026-09-15 02:01:04]   [t2065 v2/6] SUCCESS (pred=dog) CTA=0.8385
[2026-09-15 02:02:40]   [t2065 v3/6] SUCCESS (pred=dog) CTA=0.8324
[2026-09-15 02:04:16]   [t2065 v4/6] SUCCESS (pred=dog) CTA=0.8340
[2026-09-15 02:05:52]   [t2065 v5/6] SUCCESS (pred=dog) CTA=0.8342
[2026-09-15 02:07:28]   [t2065 v6/6] SUCCESS (pred=dog) CTA=0.8394
[2026-09-15 02:07:28]   target 2065, 6 victims on this gpu: ASR=100.0% CTA=0.8357 +/- 0.0025
[2026-09-15 02:07:28] === target 7056 (7/10) ===
[2026-09-15 02:11:26]   target 7056: crafted 100 poisons in 235 s, obj=0.22647
[2026-09-15 02:11:26]   target 7056: realized linf = 0.03137 (8.00/255), budget = 8.00/255
[2026-09-15 02:13:02]   [t7056 v1/6] fail (pred=bird) CTA=0.8404
[2026-09-15 02:14:38]   [t7056 v2/6] fail (pred=bird) CTA=0.8365
[2026-09-15 02:16:14]   [t7056 v3/6] fail (pred=cat) CTA=0.8430
[2026-09-15 02:17:50]   [t7056 v4/6] fail (pred=bird) CTA=0.8303
[2026-09-15 02:19:26]   [t7056 v5/6] SUCCESS (pred=dog) CTA=0.8385
[2026-09-15 02:21:02]   [t7056 v6/6] fail (pred=bird) CTA=0.8328
[2026-09-15 02:21:02]   target 7056, 6 victims on this gpu: ASR=16.7% CTA=0.8369 +/- 0.0043
[2026-09-15 02:21:02] === target 9059 (8/10) ===
[2026-09-15 02:25:00]   target 9059: crafted 100 poisons in 235 s, obj=0.21439
[2026-09-15 02:25:00]   target 9059: realized linf = 0.03137 (8.00/255), budget = 8.00/255
[2026-09-15 02:26:36]   [t9059 v1/6] SUCCESS (pred=dog) CTA=0.8368
[2026-09-15 02:28:12]   [t9059 v2/6] fail (pred=bird) CTA=0.8382
[2026-09-15 02:29:48]   [t9059 v3/6] SUCCESS (pred=dog) CTA=0.8373
[2026-09-15 02:31:24]   [t9059 v4/6] SUCCESS (pred=dog) CTA=0.8318
[2026-09-15 02:33:00]   [t9059 v5/6] fail (pred=bird) CTA=0.8328
[2026-09-15 02:34:37]   [t9059 v6/6] fail (pred=bird) CTA=0.8418
[2026-09-15 02:34:37]   target 9059, 6 victims on this gpu: ASR=50.0% CTA=0.8365 +/- 0.0034
[2026-09-15 02:34:37] === target 6707 (9/10) ===
[2026-09-15 02:38:34]   target 6707: crafted 100 poisons in 235 s, obj=0.19512
[2026-09-15 02:38:34]   target 6707: realized linf = 0.03137 (8.00/255), budget = 8.00/255
[2026-09-15 02:40:10]   [t6707 v1/6] SUCCESS (pred=dog) CTA=0.8375
[2026-09-15 02:41:46]   [t6707 v2/6] SUCCESS (pred=dog) CTA=0.8454
[2026-09-15 02:43:22]   [t6707 v3/6] SUCCESS (pred=dog) CTA=0.8406
[2026-09-15 02:44:58]   [t6707 v4/6] fail (pred=bird) CTA=0.8360
[2026-09-15 02:46:34]   [t6707 v5/6] SUCCESS (pred=dog) CTA=0.8367
[2026-09-15 02:48:11]   [t6707 v6/6] SUCCESS (pred=dog) CTA=0.8363
[2026-09-15 02:48:11]   target 6707, 6 victims on this gpu: ASR=83.3% CTA=0.8388 +/- 0.0033
[2026-09-15 02:48:11] === target 9874 (10/10) ===
[2026-09-15 02:52:08]   target 9874: crafted 100 poisons in 235 s, obj=0.17219
[2026-09-15 02:52:08]   target 9874: realized linf = 0.03137 (8.00/255), budget = 8.00/255
[2026-09-15 02:53:45]   [t9874 v1/6] SUCCESS (pred=dog) CTA=0.8393
[2026-09-15 02:55:21]   [t9874 v2/6] SUCCESS (pred=dog) CTA=0.8372
[2026-09-15 02:56:57]   [t9874 v3/6] SUCCESS (pred=dog) CTA=0.8349
[2026-09-15 02:58:33]   [t9874 v4/6] SUCCESS (pred=dog) CTA=0.8278
[2026-09-15 03:00:09]   [t9874 v5/6] SUCCESS (pred=dog) CTA=0.8347
[2026-09-15 03:01:45]   [t9874 v6/6] SUCCESS (pred=dog) CTA=0.8405
[2026-09-15 03:01:45]   target 9874, 6 victims on this gpu: ASR=100.0% CTA=0.8357 +/- 0.0041
[2026-09-15 03:01:45] ==== CIFAR10_ResNet20BN_sapa_ours_dog-bird_b0.002_eps8_seed42_lam1_cosine_selarchConvNetBN_K30_worst0.05_ce5_tgt14 : ASR = 66.7% +/- 29.8% | CTA = 0.8372 (baseline 0.8354) ====
[2026-09-15 03:01:45]   target-prediction tally ['airplane', 'automobile', 'bird', 'cat', 'deer', 'dog', 'frog', 'horse', 'ship', 'truck']: [0, 0, 12, 5, 0, 40, 1, 1, 1, 0]
verified: 10 targets x 6 victims = 60 unique evaluations
sync: CIFAR10_ResNet20BN_sapa_ours_dog-bird_b0.002_eps8_seed42_lam1_cosine_selarchConvNetBN_K30_worst0.05_ce5_tgt14 -> /home/mmoslem3/scratch/PoisonBase/cross_arch_k_10x6_result
sync: complete
