gpu: NVIDIA L40S
cache: waiting for shared VGG13BN checkpoint lock
cache: VGG13BN checkpoints ready
run: waiting for duplicate-submission lock
targets: 10 unique pinned indices: 630 409 2270 9870 1656 5022 9090 6033 7940 9731
job: 927266 xk178_sapa_b0002_vvgg_svgg_k3 on rack04-05
config: attack=sapa budget=0.002 A=V=VGG13BN S=VGG13BN K=3 base=ours jacobian=off craft_steps=250 targets=10 victims=6
protocol: method=ours Jacobian=off targets=10 victims=6 selector_K=3
protocol: 30 shared surrogates available; crafting always uses V checkpoints 0..4
output: /home/mmoslem3/scratch/PoisonBase/cross_arch_k_10x6_result/CIFAR10_VGG13BN_sapa_ours_dog-bird_b0.002_eps8_seed42_lam1_cosine_K3_worst0.05_ce5_tgt50
[2026-09-15 00:51:42] === run start: CIFAR10_VGG13BN_sapa_ours_dog-bird_b0.002_eps8_seed42_lam1_cosine_K3_worst0.05_ce5_tgt50 on cuda [0] ===
[2026-09-15 00:51:42] args: {"FORCE": false, "attack": "sapa", "base": "ours", "base_dist": "cosine", "base_topr": null, "budget": 0.002, "cache_dir": "/tmp/PoisonBase_cross_arch_k_10x6/cache", "class_pair": "dog-bird", "clean_baseline": true, "craft_alpha": 0.0039216, "craft_aug": true, "craft_batch": 256, "craft_ensemble": 5, "craft_lowmem": true, "craft_schedule": false, "craft_steps": 250, "data_path": "/tmp/PoisonBase_cross_arch_k_10x6/data", "dataset": "CIFAR10", "distance_margin_coef": null, "dsa_strategy": "color_crop_cutout_flip_scale_rotate", "epsilon": 0.0313725, "fast_gradmatch": true, "fc_mode": "sample", "fc_restarts": 1, "gpus": "all", "jacobian_batch_size": 64, "jacobian_weight": 1.0, "lambda_margin": 1.0, "model": "VGG13BN", "no_resume": false, "num_poisons": 500, "num_surrogates": 30, "num_targets": 10, "num_victims": 6, "out_dir": "/tmp/PoisonBase_cross_arch_k_10x6/cross_arch_k_10x6_result", "pair_order": "poison-target", "parallel_pretrain": true, "parallel_targets": true, "precompute_id": null, "precompute_only": false, "precompute_part": "both", "rank_on_victims": true, "recompute_deltas": false, "require_correct_target": false, "restarts": 8, "seed": 42, "sel_K": 3, "sel_alpha": 1.0, "sel_criterion": null, "sel_dpp": false, "sel_filter": false, "sel_mmr": false, "sel_mode": null, "sel_model": "VGG13BN", "sel_mu": 1.0, "sel_pca": false, "sel_pool": 3.0, "sharp_mode": "worst", "sharp_samples": 20, "sharp_sigma": 0.05, "steal_timeout": 7200.0, "surrogate_aug": false, "surrogate_bs": 128, "surrogate_decay": [35, 45], "surrogate_epochs": 60, "surrogate_lr": 0.1, "surrogate_wd": 0.0, "target_idx_file": "/tmp/PoisonBase_cross_arch_k_10x6/target_sets/VGG13BN_gradmatch_dog-bird.json", "target_select": 50, "use_jacobian_score": false, "victim_aug": false, "victim_bs": 125, "victim_decay": [40], "victim_epochs": 50, "victim_lr": 0.1, "victim_wd": 0.0}
[2026-09-15 00:51:42] Jacobian score: disabled
[2026-09-15 00:51:42] N_total=50000 budget=0.002 -> N_p=100 poisons, y_adv=5(dog) target_class=2(bird)
[2026-09-15 00:51:42] === surrogates (30 x VGG13BN, trained on the full real set) ===
[2026-09-15 00:51:44]   crafting on 5/30 surrogates
[2026-09-15 00:51:44] === clean victims (6 x VGG13BN) ===
[2026-09-15 00:51:45]   clean baseline CTA = 0.8476 +/- 0.0158
[2026-09-15 00:51:45]   target pool 1000 -> eligible 970 (30 already predicted as y_adv or dropped)
[2026-09-15 00:51:45]   chosen 10 targets (file), p_adv range 0.0000..0.0000
[2026-09-15 00:51:45]   targets: [630, 409, 2270, 9870, 1656, 5022, 9090, 6033, 7940, 9731]
[2026-09-15 00:51:45] === target 630 (1/10) ===
[2026-09-15 00:54:54]   target 630: crafted 100 poisons in 188 s, obj=0.31884
[2026-09-15 00:54:54]   target 630: realized linf = 0.03137 (8.00/255), budget = 8.00/255
[2026-09-15 00:56:36]   [t630 v1/6] SUCCESS (pred=dog) CTA=0.8617
[2026-09-15 00:58:17]   [t630 v2/6] fail (pred=airplane) CTA=0.8383
[2026-09-15 00:59:58]   [t630 v3/6] SUCCESS (pred=dog) CTA=0.8502
[2026-09-15 01:01:39]   [t630 v4/6] fail (pred=deer) CTA=0.8553
[2026-09-15 01:03:20]   [t630 v5/6] SUCCESS (pred=dog) CTA=0.8492
[2026-09-15 01:05:01]   [t630 v6/6] fail (pred=bird) CTA=0.8601
[2026-09-15 01:05:01]   target 630, 6 victims on this gpu: ASR=50.0% CTA=0.8525 +/- 0.0078
[2026-09-15 01:05:01] === target 409 (2/10) ===
[2026-09-15 01:08:10]   target 409: crafted 100 poisons in 188 s, obj=0.27557
[2026-09-15 01:08:10]   target 409: realized linf = 0.03137 (8.00/255), budget = 8.00/255
[2026-09-15 01:09:51]   [t409 v1/6] SUCCESS (pred=dog) CTA=0.8553
[2026-09-15 01:11:32]   [t409 v2/6] SUCCESS (pred=dog) CTA=0.8577
[2026-09-15 01:13:14]   [t409 v3/6] SUCCESS (pred=dog) CTA=0.8617
[2026-09-15 01:14:55]   [t409 v4/6] SUCCESS (pred=dog) CTA=0.8473
[2026-09-15 01:16:36]   [t409 v5/6] SUCCESS (pred=dog) CTA=0.8601
[2026-09-15 01:18:17]   [t409 v6/6] fail (pred=cat) CTA=0.8466
[2026-09-15 01:18:17]   target 409, 6 victims on this gpu: ASR=83.3% CTA=0.8548 +/- 0.0059
[2026-09-15 01:18:17] === target 2270 (3/10) ===
[2026-09-15 01:21:26]   target 2270: crafted 100 poisons in 188 s, obj=0.29250
[2026-09-15 01:21:26]   target 2270: realized linf = 0.03137 (8.00/255), budget = 8.00/255
[2026-09-15 01:23:07]   [t2270 v1/6] SUCCESS (pred=dog) CTA=0.8639
[2026-09-15 01:24:48]   [t2270 v2/6] SUCCESS (pred=dog) CTA=0.8498
[2026-09-15 01:26:29]   [t2270 v3/6] fail (pred=deer) CTA=0.8537
[2026-09-15 01:28:11]   [t2270 v4/6] SUCCESS (pred=dog) CTA=0.8512
[2026-09-15 01:29:52]   [t2270 v5/6] SUCCESS (pred=dog) CTA=0.8528
[2026-09-15 01:31:33]   [t2270 v6/6] SUCCESS (pred=dog) CTA=0.8530
[2026-09-15 01:31:33]   target 2270, 6 victims on this gpu: ASR=83.3% CTA=0.8541 +/- 0.0046
[2026-09-15 01:31:33] === target 9870 (4/10) ===
[2026-09-15 01:34:41]   target 9870: crafted 100 poisons in 188 s, obj=0.27055
[2026-09-15 01:34:41]   target 9870: realized linf = 0.03137 (8.00/255), budget = 8.00/255
[2026-09-15 01:36:22]   [t9870 v1/6] fail (pred=bird) CTA=0.8536
[2026-09-15 01:38:04]   [t9870 v2/6] fail (pred=bird) CTA=0.8497
[2026-09-15 01:39:45]   [t9870 v3/6] SUCCESS (pred=dog) CTA=0.8430
[2026-09-15 01:41:26]   [t9870 v4/6] fail (pred=bird) CTA=0.8247
[2026-09-15 01:43:07]   [t9870 v5/6] SUCCESS (pred=dog) CTA=0.8553
[2026-09-15 01:44:48]   [t9870 v6/6] SUCCESS (pred=dog) CTA=0.8519
[2026-09-15 01:44:48]   target 9870, 6 victims on this gpu: ASR=50.0% CTA=0.8464 +/- 0.0104
[2026-09-15 01:44:48] === target 1656 (5/10) ===
[2026-09-15 01:47:57]   target 1656: crafted 100 poisons in 189 s, obj=0.29093
[2026-09-15 01:47:57]   target 1656: realized linf = 0.03137 (8.00/255), budget = 8.00/255
[2026-09-15 01:49:38]   [t1656 v1/6] SUCCESS (pred=dog) CTA=0.8391
[2026-09-15 01:51:19]   [t1656 v2/6] SUCCESS (pred=dog) CTA=0.8466
[2026-09-15 01:53:00]   [t1656 v3/6] fail (pred=cat) CTA=0.8536
[2026-09-15 01:54:42]   [t1656 v4/6] SUCCESS (pred=dog) CTA=0.8642
[2026-09-15 01:56:23]   [t1656 v5/6] SUCCESS (pred=dog) CTA=0.8574
[2026-09-15 01:58:04]   [t1656 v6/6] SUCCESS (pred=dog) CTA=0.8544
[2026-09-15 01:58:04]   target 1656, 6 victims on this gpu: ASR=83.3% CTA=0.8525 +/- 0.0080
[2026-09-15 01:58:04] === target 5022 (6/10) ===
[2026-09-15 02:01:18]   target 5022: crafted 100 poisons in 194 s, obj=0.34813
[2026-09-15 02:01:18]   target 5022: realized linf = 0.03137 (8.00/255), budget = 8.00/255
[2026-09-15 02:02:59]   [t5022 v1/6] fail (pred=bird) CTA=0.8574
[2026-09-15 02:04:40]   [t5022 v2/6] SUCCESS (pred=dog) CTA=0.8574
[2026-09-15 02:06:22]   [t5022 v3/6] fail (pred=bird) CTA=0.8479
[2026-09-15 02:08:03]   [t5022 v4/6] fail (pred=bird) CTA=0.8515
[2026-09-15 02:09:44]   [t5022 v5/6] fail (pred=bird) CTA=0.8652
[2026-09-15 02:11:25]   [t5022 v6/6] SUCCESS (pred=dog) CTA=0.8682
[2026-09-15 02:11:25]   target 5022, 6 victims on this gpu: ASR=33.3% CTA=0.8579 +/- 0.0071
[2026-09-15 02:11:25] === target 9090 (7/10) ===
[2026-09-15 02:14:34]   target 9090: crafted 100 poisons in 188 s, obj=0.26326
[2026-09-15 02:14:34]   target 9090: realized linf = 0.03137 (8.00/255), budget = 8.00/255
[2026-09-15 02:16:15]   [t9090 v1/6] SUCCESS (pred=dog) CTA=0.8603
[2026-09-15 02:17:56]   [t9090 v2/6] SUCCESS (pred=dog) CTA=0.8600
[2026-09-15 02:19:37]   [t9090 v3/6] SUCCESS (pred=dog) CTA=0.8605
[2026-09-15 02:21:19]   [t9090 v4/6] SUCCESS (pred=dog) CTA=0.8549
[2026-09-15 02:23:00]   [t9090 v5/6] SUCCESS (pred=dog) CTA=0.8549
[2026-09-15 02:24:41]   [t9090 v6/6] SUCCESS (pred=dog) CTA=0.8565
[2026-09-15 02:24:41]   target 9090, 6 victims on this gpu: ASR=100.0% CTA=0.8579 +/- 0.0025
[2026-09-15 02:24:41] === target 6033 (8/10) ===
[2026-09-15 02:27:50]   target 6033: crafted 100 poisons in 188 s, obj=0.22944
[2026-09-15 02:27:50]   target 6033: realized linf = 0.03137 (8.00/255), budget = 8.00/255
[2026-09-15 02:29:30]   [t6033 v1/6] SUCCESS (pred=dog) CTA=0.8277
[2026-09-15 02:31:11]   [t6033 v2/6] SUCCESS (pred=dog) CTA=0.8591
[2026-09-15 02:32:52]   [t6033 v3/6] SUCCESS (pred=dog) CTA=0.8503
[2026-09-15 02:34:34]   [t6033 v4/6] SUCCESS (pred=dog) CTA=0.8614
[2026-09-15 02:36:15]   [t6033 v5/6] SUCCESS (pred=dog) CTA=0.8599
[2026-09-15 02:37:56]   [t6033 v6/6] SUCCESS (pred=dog) CTA=0.8633
[2026-09-15 02:37:56]   target 6033, 6 victims on this gpu: ASR=100.0% CTA=0.8536 +/- 0.0123
[2026-09-15 02:37:56] === target 7940 (9/10) ===
[2026-09-15 02:41:05]   target 7940: crafted 100 poisons in 188 s, obj=0.32669
[2026-09-15 02:41:05]   target 7940: realized linf = 0.03137 (8.00/255), budget = 8.00/255
[2026-09-15 02:42:46]   [t7940 v1/6] SUCCESS (pred=dog) CTA=0.8572
[2026-09-15 02:44:27]   [t7940 v2/6] SUCCESS (pred=dog) CTA=0.8653
[2026-09-15 02:46:08]   [t7940 v3/6] fail (pred=bird) CTA=0.8603
[2026-09-15 02:47:50]   [t7940 v4/6] SUCCESS (pred=dog) CTA=0.8551
[2026-09-15 02:49:31]   [t7940 v5/6] SUCCESS (pred=dog) CTA=0.8586
[2026-09-15 02:51:12]   [t7940 v6/6] fail (pred=frog) CTA=0.8547
[2026-09-15 02:51:12]   target 7940, 6 victims on this gpu: ASR=66.7% CTA=0.8585 +/- 0.0036
[2026-09-15 02:51:12] === target 9731 (10/10) ===
[2026-09-15 02:54:21]   target 9731: crafted 100 poisons in 188 s, obj=0.31250
[2026-09-15 02:54:21]   target 9731: realized linf = 0.03137 (8.00/255), budget = 8.00/255
[2026-09-15 02:56:02]   [t9731 v1/6] SUCCESS (pred=dog) CTA=0.8491
[2026-09-15 02:57:43]   [t9731 v2/6] fail (pred=bird) CTA=0.8502
[2026-09-15 02:59:24]   [t9731 v3/6] SUCCESS (pred=dog) CTA=0.8572
[2026-09-15 03:01:05]   [t9731 v4/6] SUCCESS (pred=dog) CTA=0.8386
[2026-09-15 03:02:46]   [t9731 v5/6] SUCCESS (pred=dog) CTA=0.8461
[2026-09-15 03:04:27]   [t9731 v6/6] fail (pred=bird) CTA=0.8448
[2026-09-15 03:04:27]   target 9731, 6 victims on this gpu: ASR=66.7% CTA=0.8477 +/- 0.0057
[2026-09-15 03:04:27] ==== CIFAR10_VGG13BN_sapa_ours_dog-bird_b0.002_eps8_seed42_lam1_cosine_K3_worst0.05_ce5_tgt50 : ASR = 71.7% +/- 21.1% | CTA = 0.8536 (baseline 0.8476) ====
[2026-09-15 03:04:27]   target-prediction tally ['airplane', 'automobile', 'bird', 'cat', 'deer', 'dog', 'frog', 'horse', 'ship', 'truck']: [1, 0, 11, 2, 2, 43, 1, 0, 0, 0]
verified: 10 targets x 6 victims = 60 unique evaluations
sync: CIFAR10_VGG13BN_sapa_ours_dog-bird_b0.002_eps8_seed42_lam1_cosine_K3_worst0.05_ce5_tgt50 -> /home/mmoslem3/scratch/PoisonBase/cross_arch_k_10x6_result
sync: complete
