gpu: NVIDIA L40S
cache: waiting for shared ConvNetBN checkpoint lock
cache: ConvNetBN checkpoints ready
cache: waiting for shared ResNet20BN checkpoint lock
cache: ResNet20BN checkpoints ready
run: waiting for duplicate-submission lock
targets: 10 unique pinned indices: 843 1257 8252 8730 8055 5859 8954 821 1547 4427
job: 927273 xk185_sapa_b0005_vconv_sr20_k1 on rack13-05
config: attack=sapa budget=0.005 A=V=ConvNetBN S=ResNet20BN K=1 base=ours jacobian=off craft_steps=250 targets=10 victims=6
protocol: method=ours Jacobian=off targets=10 victims=6 selector_K=1
protocol: 30 shared surrogates available; crafting always uses V checkpoints 0..4
output: /home/mmoslem3/scratch/PoisonBase/cross_arch_k_10x6_result/CIFAR10_ConvNetBN_sapa_ours_dog-bird_b0.005_eps8_seed42_lam1_cosine_selarchResNet20BN_K1_worst0.05_ce5_tgt70
[2026-09-15 00:55:26] === run start: CIFAR10_ConvNetBN_sapa_ours_dog-bird_b0.005_eps8_seed42_lam1_cosine_selarchResNet20BN_K1_worst0.05_ce5_tgt70 on cuda [0] ===
[2026-09-15 00:55:26] args: {"FORCE": false, "attack": "sapa", "base": "ours", "base_dist": "cosine", "base_topr": null, "budget": 0.005, "cache_dir": "/tmp/PoisonBase_cross_arch_k_10x6/cache", "class_pair": "dog-bird", "clean_baseline": true, "craft_alpha": 0.0039216, "craft_aug": true, "craft_batch": 256, "craft_ensemble": 5, "craft_lowmem": false, "craft_schedule": false, "craft_steps": 250, "data_path": "/tmp/PoisonBase_cross_arch_k_10x6/data", "dataset": "CIFAR10", "distance_margin_coef": null, "dsa_strategy": "color_crop_cutout_flip_scale_rotate", "epsilon": 0.0313725, "fast_gradmatch": false, "fc_mode": "sample", "fc_restarts": 1, "gpus": "all", "jacobian_batch_size": 64, "jacobian_weight": 1.0, "lambda_margin": 1.0, "model": "ConvNetBN", "no_resume": false, "num_poisons": 500, "num_surrogates": 30, "num_targets": 10, "num_victims": 6, "out_dir": "/tmp/PoisonBase_cross_arch_k_10x6/cross_arch_k_10x6_result", "pair_order": "poison-target", "parallel_pretrain": true, "parallel_targets": true, "precompute_id": null, "precompute_only": false, "precompute_part": "both", "rank_on_victims": true, "recompute_deltas": false, "require_correct_target": false, "restarts": 8, "seed": 42, "sel_K": 1, "sel_alpha": 1.0, "sel_criterion": null, "sel_dpp": false, "sel_filter": false, "sel_mmr": false, "sel_mode": null, "sel_model": "ResNet20BN", "sel_mu": 1.0, "sel_pca": false, "sel_pool": 3.0, "sharp_mode": "worst", "sharp_samples": 20, "sharp_sigma": 0.05, "steal_timeout": 7200.0, "surrogate_aug": false, "surrogate_bs": 128, "surrogate_decay": [35, 45], "surrogate_epochs": 60, "surrogate_lr": 0.1, "surrogate_wd": 0.0, "target_idx_file": "/tmp/PoisonBase_cross_arch_k_10x6/target_sets/ConvNetBN_gradmatch_dog-bird.json", "target_select": 70, "use_jacobian_score": false, "victim_aug": false, "victim_bs": 125, "victim_decay": [40], "victim_epochs": 50, "victim_lr": 0.1, "victim_wd": 0.0}
[2026-09-15 00:55:26] Jacobian score: disabled
[2026-09-15 00:55:26] N_total=50000 budget=0.005 -> N_p=250 poisons, y_adv=5(dog) target_class=2(bird)
[2026-09-15 00:55:26] === surrogates (30 x ConvNetBN, trained on the full real set) ===
[2026-09-15 00:55:26]   crafting on 5/30 surrogates
[2026-09-15 00:55:26] === selection surrogates (30 x ResNet20BN, cross-architecture) ===
[2026-09-15 00:55:27] === clean victims (6 x ConvNetBN) ===
[2026-09-15 00:55:28]   clean baseline CTA = 0.8127 +/- 0.0074
[2026-09-15 00:55:28]   target pool 1000 -> eligible 963 (37 already predicted as y_adv or dropped)
[2026-09-15 00:55:28]   chosen 10 targets (file), p_adv range 0.0000..0.0000
[2026-09-15 00:55:28]   targets: [843, 1257, 8252, 8730, 8055, 5859, 8954, 821, 1547, 4427]
[2026-09-15 00:55:28] === target 843 (1/10) ===
[2026-09-15 00:59:27]   target 843: crafted 250 poisons in 239 s, obj=0.32207
[2026-09-15 00:59:27]   target 843: realized linf = 0.03137 (8.00/255), budget = 8.00/255
[2026-09-15 01:00:19]   [t843 v1/6] fail (pred=bird) CTA=0.8107
[2026-09-15 01:01:09]   [t843 v2/6] SUCCESS (pred=dog) CTA=0.8056
[2026-09-15 01:01:59]   [t843 v3/6] fail (pred=bird) CTA=0.8083
[2026-09-15 01:02:48]   [t843 v4/6] fail (pred=bird) CTA=0.8074
[2026-09-15 01:03:38]   [t843 v5/6] fail (pred=bird) CTA=0.8018
[2026-09-15 01:04:28]   [t843 v6/6] fail (pred=bird) CTA=0.7851
[2026-09-15 01:04:28]   target 843, 6 victims on this gpu: ASR=16.7% CTA=0.8031 +/- 0.0085
[2026-09-15 01:04:28] === target 1257 (2/10) ===
[2026-09-15 01:08:27]   target 1257: crafted 250 poisons in 238 s, obj=0.29105
[2026-09-15 01:08:27]   target 1257: realized linf = 0.03137 (8.00/255), budget = 8.00/255
[2026-09-15 01:09:18]   [t1257 v1/6] fail (pred=bird) CTA=0.7945
[2026-09-15 01:10:07]   [t1257 v2/6] SUCCESS (pred=dog) CTA=0.8073
[2026-09-15 01:10:57]   [t1257 v3/6] fail (pred=bird) CTA=0.8174
[2026-09-15 01:11:47]   [t1257 v4/6] fail (pred=bird) CTA=0.8032
[2026-09-15 01:12:36]   [t1257 v5/6] fail (pred=bird) CTA=0.8011
[2026-09-15 01:13:26]   [t1257 v6/6] fail (pred=bird) CTA=0.7977
[2026-09-15 01:13:26]   target 1257, 6 victims on this gpu: ASR=16.7% CTA=0.8035 +/- 0.0074
[2026-09-15 01:13:26] === target 8252 (3/10) ===
[2026-09-15 01:17:25]   target 8252: crafted 250 poisons in 239 s, obj=0.23538
[2026-09-15 01:17:25]   target 8252: realized linf = 0.03137 (8.00/255), budget = 8.00/255
[2026-09-15 01:18:15]   [t8252 v1/6] fail (pred=bird) CTA=0.7988
[2026-09-15 01:19:05]   [t8252 v2/6] SUCCESS (pred=dog) CTA=0.8165
[2026-09-15 01:19:55]   [t8252 v3/6] SUCCESS (pred=dog) CTA=0.7995
[2026-09-15 01:20:45]   [t8252 v4/6] SUCCESS (pred=dog) CTA=0.7920
[2026-09-15 01:21:34]   [t8252 v5/6] fail (pred=cat) CTA=0.7877
[2026-09-15 01:22:24]   [t8252 v6/6] SUCCESS (pred=dog) CTA=0.8064
[2026-09-15 01:22:24]   target 8252, 6 victims on this gpu: ASR=66.7% CTA=0.8002 +/- 0.0094
[2026-09-15 01:22:24] === target 8730 (4/10) ===
[2026-09-15 01:26:23]   target 8730: crafted 250 poisons in 239 s, obj=0.25764
[2026-09-15 01:26:23]   target 8730: realized linf = 0.03137 (8.00/255), budget = 8.00/255
[2026-09-15 01:27:14]   [t8730 v1/6] fail (pred=bird) CTA=0.8059
[2026-09-15 01:28:03]   [t8730 v2/6] fail (pred=bird) CTA=0.8105
[2026-09-15 01:28:53]   [t8730 v3/6] fail (pred=bird) CTA=0.8165
[2026-09-15 01:29:43]   [t8730 v4/6] fail (pred=bird) CTA=0.8062
[2026-09-15 01:30:32]   [t8730 v5/6] fail (pred=bird) CTA=0.8042
[2026-09-15 01:31:22]   [t8730 v6/6] fail (pred=bird) CTA=0.8134
[2026-09-15 01:31:22]   target 8730, 6 victims on this gpu: ASR=0.0% CTA=0.8095 +/- 0.0044
[2026-09-15 01:31:22] === target 8055 (5/10) ===
[2026-09-15 01:35:21]   target 8055: crafted 250 poisons in 239 s, obj=0.34001
[2026-09-15 01:35:21]   target 8055: realized linf = 0.03137 (8.00/255), budget = 8.00/255
[2026-09-15 01:36:12]   [t8055 v1/6] fail (pred=bird) CTA=0.8065
[2026-09-15 01:37:02]   [t8055 v2/6] fail (pred=bird) CTA=0.8095
[2026-09-15 01:37:52]   [t8055 v3/6] fail (pred=bird) CTA=0.8147
[2026-09-15 01:38:42]   [t8055 v4/6] fail (pred=bird) CTA=0.8008
[2026-09-15 01:39:32]   [t8055 v5/6] fail (pred=bird) CTA=0.8116
[2026-09-15 01:40:21]   [t8055 v6/6] fail (pred=bird) CTA=0.7994
[2026-09-15 01:40:21]   target 8055, 6 victims on this gpu: ASR=0.0% CTA=0.8071 +/- 0.0055
[2026-09-15 01:40:21] === target 5859 (6/10) ===
[2026-09-15 01:44:21]   target 5859: crafted 250 poisons in 240 s, obj=0.26144
[2026-09-15 01:44:21]   target 5859: realized linf = 0.03137 (8.00/255), budget = 8.00/255
[2026-09-15 01:45:12]   [t5859 v1/6] SUCCESS (pred=dog) CTA=0.8038
[2026-09-15 01:46:01]   [t5859 v2/6] SUCCESS (pred=dog) CTA=0.8089
[2026-09-15 01:46:51]   [t5859 v3/6] SUCCESS (pred=dog) CTA=0.8077
[2026-09-15 01:47:41]   [t5859 v4/6] fail (pred=bird) CTA=0.8051
[2026-09-15 01:48:30]   [t5859 v5/6] SUCCESS (pred=dog) CTA=0.8121
[2026-09-15 01:49:20]   [t5859 v6/6] fail (pred=bird) CTA=0.7959
[2026-09-15 01:49:20]   target 5859, 6 victims on this gpu: ASR=66.7% CTA=0.8056 +/- 0.0051
[2026-09-15 01:49:20] === target 8954 (7/10) ===
[2026-09-15 01:53:20]   target 8954: crafted 250 poisons in 240 s, obj=0.28416
[2026-09-15 01:53:20]   target 8954: realized linf = 0.03137 (8.00/255), budget = 8.00/255
[2026-09-15 01:54:11]   [t8954 v1/6] fail (pred=deer) CTA=0.7987
[2026-09-15 01:55:00]   [t8954 v2/6] SUCCESS (pred=dog) CTA=0.8059
[2026-09-15 01:55:50]   [t8954 v3/6] fail (pred=bird) CTA=0.8085
[2026-09-15 01:56:40]   [t8954 v4/6] fail (pred=bird) CTA=0.7932
[2026-09-15 01:57:29]   [t8954 v5/6] fail (pred=deer) CTA=0.8024
[2026-09-15 01:58:19]   [t8954 v6/6] fail (pred=bird) CTA=0.7983
[2026-09-15 01:58:19]   target 8954, 6 victims on this gpu: ASR=16.7% CTA=0.8012 +/- 0.0051
[2026-09-15 01:58:19] === target 821 (8/10) ===
[2026-09-15 02:02:19]   target 821: crafted 250 poisons in 239 s, obj=0.32107
[2026-09-15 02:02:19]   target 821: realized linf = 0.03137 (8.00/255), budget = 8.00/255
[2026-09-15 02:03:10]   [t821 v1/6] fail (pred=bird) CTA=0.8079
[2026-09-15 02:03:59]   [t821 v2/6] fail (pred=bird) CTA=0.8104
[2026-09-15 02:04:49]   [t821 v3/6] fail (pred=horse) CTA=0.7985
[2026-09-15 02:05:39]   [t821 v4/6] fail (pred=horse) CTA=0.8060
[2026-09-15 02:06:29]   [t821 v5/6] fail (pred=bird) CTA=0.8051
[2026-09-15 02:07:18]   [t821 v6/6] fail (pred=bird) CTA=0.8131
[2026-09-15 02:07:18]   target 821, 6 victims on this gpu: ASR=0.0% CTA=0.8068 +/- 0.0046
[2026-09-15 02:07:18] === target 1547 (9/10) ===
[2026-09-15 02:11:18]   target 1547: crafted 250 poisons in 240 s, obj=0.39173
[2026-09-15 02:11:18]   target 1547: realized linf = 0.03137 (8.00/255), budget = 8.00/255
[2026-09-15 02:12:09]   [t1547 v1/6] fail (pred=airplane) CTA=0.8065
[2026-09-15 02:12:59]   [t1547 v2/6] fail (pred=airplane) CTA=0.8077
[2026-09-15 02:13:48]   [t1547 v3/6] fail (pred=bird) CTA=0.7733
[2026-09-15 02:14:38]   [t1547 v4/6] fail (pred=airplane) CTA=0.8074
[2026-09-15 02:15:28]   [t1547 v5/6] fail (pred=airplane) CTA=0.8001
[2026-09-15 02:16:18]   [t1547 v6/6] fail (pred=bird) CTA=0.8007
[2026-09-15 02:16:18]   target 1547, 6 victims on this gpu: ASR=0.0% CTA=0.7993 +/- 0.0120
[2026-09-15 02:16:18] === target 4427 (10/10) ===
[2026-09-15 02:20:17]   target 4427: crafted 250 poisons in 240 s, obj=0.40607
[2026-09-15 02:20:17]   target 4427: realized linf = 0.03137 (8.00/255), budget = 8.00/255
[2026-09-15 02:21:08]   [t4427 v1/6] fail (pred=bird) CTA=0.8126
[2026-09-15 02:21:58]   [t4427 v2/6] fail (pred=bird) CTA=0.8057
[2026-09-15 02:22:48]   [t4427 v3/6] fail (pred=bird) CTA=0.8054
[2026-09-15 02:23:37]   [t4427 v4/6] fail (pred=bird) CTA=0.7986
[2026-09-15 02:24:27]   [t4427 v5/6] fail (pred=bird) CTA=0.8110
[2026-09-15 02:25:17]   [t4427 v6/6] fail (pred=bird) CTA=0.8029
[2026-09-15 02:25:17]   target 4427, 6 victims on this gpu: ASR=0.0% CTA=0.8060 +/- 0.0047
[2026-09-15 02:25:17] ==== CIFAR10_ConvNetBN_sapa_ours_dog-bird_b0.005_eps8_seed42_lam1_cosine_selarchResNet20BN_K1_worst0.05_ce5_tgt70 : ASR = 18.3% +/- 25.2% | CTA = 0.8042 (baseline 0.8127) ====
[2026-09-15 02:25:17]   target-prediction tally ['airplane', 'automobile', 'bird', 'cat', 'deer', 'dog', 'frog', 'horse', 'ship', 'truck']: [4, 0, 40, 1, 2, 11, 0, 2, 0, 0]
verified: 10 targets x 6 victims = 60 unique evaluations
sync: CIFAR10_ConvNetBN_sapa_ours_dog-bird_b0.005_eps8_seed42_lam1_cosine_selarchResNet20BN_K1_worst0.05_ce5_tgt70 -> /home/mmoslem3/scratch/PoisonBase/cross_arch_k_10x6_result
sync: complete
