gpu: NVIDIA L40S
cache: waiting for shared VGG13BN checkpoint lock
cache: VGG13BN checkpoints ready
cache: waiting for shared ConvNetBN checkpoint lock
cache: ConvNetBN checkpoints ready
run: waiting for duplicate-submission lock
targets: 10 unique pinned indices: 630 409 2270 9870 1656 5022 9090 6033 7940 9731
job: 927293 xk205_sapa_b0005_vvgg_sconv_k1 on rack01-08
config: attack=sapa budget=0.005 A=V=VGG13BN S=ConvNetBN K=1 base=ours jacobian=off craft_steps=250 targets=10 victims=6
protocol: method=ours Jacobian=off targets=10 victims=6 selector_K=1
protocol: 30 shared surrogates available; crafting always uses V checkpoints 0..4
output: /home/mmoslem3/scratch/PoisonBase/cross_arch_k_10x6_result/CIFAR10_VGG13BN_sapa_ours_dog-bird_b0.005_eps8_seed42_lam1_cosine_selarchConvNetBN_K1_worst0.05_ce5_tgt50
[2026-09-15 04:03:32] === run start: CIFAR10_VGG13BN_sapa_ours_dog-bird_b0.005_eps8_seed42_lam1_cosine_selarchConvNetBN_K1_worst0.05_ce5_tgt50 on cuda [0] ===
[2026-09-15 04:03:32] args: {"FORCE": false, "attack": "sapa", "base": "ours", "base_dist": "cosine", "base_topr": null, "budget": 0.005, "cache_dir": "/tmp/PoisonBase_cross_arch_k_10x6/cache", "class_pair": "dog-bird", "clean_baseline": true, "craft_alpha": 0.0039216, "craft_aug": true, "craft_batch": 256, "craft_ensemble": 5, "craft_lowmem": true, "craft_schedule": false, "craft_steps": 250, "data_path": "/tmp/PoisonBase_cross_arch_k_10x6/data", "dataset": "CIFAR10", "distance_margin_coef": null, "dsa_strategy": "color_crop_cutout_flip_scale_rotate", "epsilon": 0.0313725, "fast_gradmatch": true, "fc_mode": "sample", "fc_restarts": 1, "gpus": "all", "jacobian_batch_size": 64, "jacobian_weight": 1.0, "lambda_margin": 1.0, "model": "VGG13BN", "no_resume": false, "num_poisons": 500, "num_surrogates": 30, "num_targets": 10, "num_victims": 6, "out_dir": "/tmp/PoisonBase_cross_arch_k_10x6/cross_arch_k_10x6_result", "pair_order": "poison-target", "parallel_pretrain": true, "parallel_targets": true, "precompute_id": null, "precompute_only": false, "precompute_part": "both", "rank_on_victims": true, "recompute_deltas": false, "require_correct_target": false, "restarts": 8, "seed": 42, "sel_K": 1, "sel_alpha": 1.0, "sel_criterion": null, "sel_dpp": false, "sel_filter": false, "sel_mmr": false, "sel_mode": null, "sel_model": "ConvNetBN", "sel_mu": 1.0, "sel_pca": false, "sel_pool": 3.0, "sharp_mode": "worst", "sharp_samples": 20, "sharp_sigma": 0.05, "steal_timeout": 7200.0, "surrogate_aug": false, "surrogate_bs": 128, "surrogate_decay": [35, 45], "surrogate_epochs": 60, "surrogate_lr": 0.1, "surrogate_wd": 0.0, "target_idx_file": "/tmp/PoisonBase_cross_arch_k_10x6/target_sets/VGG13BN_gradmatch_dog-bird.json", "target_select": 50, "use_jacobian_score": false, "victim_aug": false, "victim_bs": 125, "victim_decay": [40], "victim_epochs": 50, "victim_lr": 0.1, "victim_wd": 0.0}
[2026-09-15 04:03:32] Jacobian score: disabled
[2026-09-15 04:03:32] N_total=50000 budget=0.005 -> N_p=250 poisons, y_adv=5(dog) target_class=2(bird)
[2026-09-15 04:03:32] === surrogates (30 x VGG13BN, trained on the full real set) ===
[2026-09-15 04:03:34]   crafting on 5/30 surrogates
[2026-09-15 04:03:34] === selection surrogates (30 x ConvNetBN, cross-architecture) ===
[2026-09-15 04:03:34] === clean victims (6 x VGG13BN) ===
[2026-09-15 04:03:36]   clean baseline CTA = 0.8476 +/- 0.0158
[2026-09-15 04:03:36]   target pool 1000 -> eligible 970 (30 already predicted as y_adv or dropped)
[2026-09-15 04:03:36]   chosen 10 targets (file), p_adv range 0.0000..0.0000
[2026-09-15 04:03:36]   targets: [630, 409, 2270, 9870, 1656, 5022, 9090, 6033, 7940, 9731]
[2026-09-15 04:03:36] === target 630 (1/10) ===
[2026-09-15 04:11:01]   target 630: crafted 250 poisons in 445 s, obj=0.27783
[2026-09-15 04:11:01]   target 630: realized linf = 0.03137 (8.00/255), budget = 8.00/255
[2026-09-15 04:12:43]   [t630 v1/6] SUCCESS (pred=dog) CTA=0.8587
[2026-09-15 04:14:25]   [t630 v2/6] SUCCESS (pred=dog) CTA=0.8478
[2026-09-15 04:16:06]   [t630 v3/6] SUCCESS (pred=dog) CTA=0.8629
[2026-09-15 04:17:47]   [t630 v4/6] SUCCESS (pred=dog) CTA=0.8654
[2026-09-15 04:19:29]   [t630 v5/6] SUCCESS (pred=dog) CTA=0.8471
[2026-09-15 04:21:10]   [t630 v6/6] SUCCESS (pred=dog) CTA=0.8639
[2026-09-15 04:21:10]   target 630, 6 victims on this gpu: ASR=100.0% CTA=0.8576 +/- 0.0075
[2026-09-15 04:21:10] === target 409 (2/10) ===
[2026-09-15 04:28:36]   target 409: crafted 250 poisons in 445 s, obj=0.23420
[2026-09-15 04:28:36]   target 409: realized linf = 0.03137 (8.00/255), budget = 8.00/255
[2026-09-15 04:30:18]   [t409 v1/6] SUCCESS (pred=dog) CTA=0.8504
[2026-09-15 04:32:00]   [t409 v2/6] SUCCESS (pred=dog) CTA=0.8549
[2026-09-15 04:33:41]   [t409 v3/6] SUCCESS (pred=dog) CTA=0.8516
[2026-09-15 04:35:22]   [t409 v4/6] SUCCESS (pred=dog) CTA=0.8584
[2026-09-15 04:37:04]   [t409 v5/6] SUCCESS (pred=dog) CTA=0.8607
[2026-09-15 04:38:45]   [t409 v6/6] SUCCESS (pred=dog) CTA=0.8439
[2026-09-15 04:38:45]   target 409, 6 victims on this gpu: ASR=100.0% CTA=0.8533 +/- 0.0055
[2026-09-15 04:38:45] === target 2270 (3/10) ===
[2026-09-15 04:46:12]   target 2270: crafted 250 poisons in 447 s, obj=0.25731
[2026-09-15 04:46:12]   target 2270: realized linf = 0.03137 (8.00/255), budget = 8.00/255
[2026-09-15 04:47:54]   [t2270 v1/6] SUCCESS (pred=dog) CTA=0.8617
[2026-09-15 04:49:36]   [t2270 v2/6] SUCCESS (pred=dog) CTA=0.8580
[2026-09-15 04:51:17]   [t2270 v3/6] SUCCESS (pred=dog) CTA=0.8464
[2026-09-15 04:52:58]   [t2270 v4/6] SUCCESS (pred=dog) CTA=0.8528
[2026-09-15 04:54:40]   [t2270 v5/6] SUCCESS (pred=dog) CTA=0.8470
[2026-09-15 04:56:21]   [t2270 v6/6] SUCCESS (pred=dog) CTA=0.8421
[2026-09-15 04:56:21]   target 2270, 6 victims on this gpu: ASR=100.0% CTA=0.8513 +/- 0.0069
[2026-09-15 04:56:21] === target 9870 (4/10) ===
[2026-09-15 05:03:46]   target 9870: crafted 250 poisons in 446 s, obj=0.23314
[2026-09-15 05:03:46]   target 9870: realized linf = 0.03137 (8.00/255), budget = 8.00/255
[2026-09-15 05:05:29]   [t9870 v1/6] SUCCESS (pred=dog) CTA=0.8608
[2026-09-15 05:07:10]   [t9870 v2/6] SUCCESS (pred=dog) CTA=0.8328
[2026-09-15 05:08:51]   [t9870 v3/6] SUCCESS (pred=dog) CTA=0.8440
[2026-09-15 05:10:32]   [t9870 v4/6] SUCCESS (pred=dog) CTA=0.8613
[2026-09-15 05:12:13]   [t9870 v5/6] SUCCESS (pred=dog) CTA=0.8518
[2026-09-15 05:13:54]   [t9870 v6/6] SUCCESS (pred=dog) CTA=0.8537
[2026-09-15 05:13:54]   target 9870, 6 victims on this gpu: ASR=100.0% CTA=0.8507 +/- 0.0099
[2026-09-15 05:13:54] === target 1656 (5/10) ===
[2026-09-15 05:21:20]   target 1656: crafted 250 poisons in 446 s, obj=0.23995
[2026-09-15 05:21:20]   target 1656: realized linf = 0.03137 (8.00/255), budget = 8.00/255
[2026-09-15 05:23:03]   [t1656 v1/6] SUCCESS (pred=dog) CTA=0.8453
[2026-09-15 05:24:44]   [t1656 v2/6] SUCCESS (pred=dog) CTA=0.8442
[2026-09-15 05:26:26]   [t1656 v3/6] SUCCESS (pred=dog) CTA=0.8587
[2026-09-15 05:28:07]   [t1656 v4/6] SUCCESS (pred=dog) CTA=0.8607
[2026-09-15 05:29:48]   [t1656 v5/6] SUCCESS (pred=dog) CTA=0.8516
[2026-09-15 05:31:29]   [t1656 v6/6] SUCCESS (pred=dog) CTA=0.8574
[2026-09-15 05:31:29]   target 1656, 6 victims on this gpu: ASR=100.0% CTA=0.8530 +/- 0.0065
[2026-09-15 05:31:29] === target 5022 (6/10) ===
[2026-09-15 05:38:55]   target 5022: crafted 250 poisons in 446 s, obj=0.23588
[2026-09-15 05:38:55]   target 5022: realized linf = 0.03137 (8.00/255), budget = 8.00/255
[2026-09-15 05:40:37]   [t5022 v1/6] SUCCESS (pred=dog) CTA=0.8393
[2026-09-15 05:42:18]   [t5022 v2/6] SUCCESS (pred=dog) CTA=0.8498
[2026-09-15 05:44:00]   [t5022 v3/6] SUCCESS (pred=dog) CTA=0.8408
[2026-09-15 05:45:41]   [t5022 v4/6] SUCCESS (pred=dog) CTA=0.8487
[2026-09-15 05:47:23]   [t5022 v5/6] SUCCESS (pred=dog) CTA=0.8562
[2026-09-15 05:49:04]   [t5022 v6/6] SUCCESS (pred=dog) CTA=0.8526
[2026-09-15 05:49:04]   target 5022, 6 victims on this gpu: ASR=100.0% CTA=0.8479 +/- 0.0060
[2026-09-15 05:49:04] === target 9090 (7/10) ===
[2026-09-15 05:56:32]   target 9090: crafted 250 poisons in 447 s, obj=0.22955
[2026-09-15 05:56:32]   target 9090: realized linf = 0.03137 (8.00/255), budget = 8.00/255
[2026-09-15 05:58:14]   [t9090 v1/6] SUCCESS (pred=dog) CTA=0.8537
[2026-09-15 05:59:55]   [t9090 v2/6] SUCCESS (pred=dog) CTA=0.8386
[2026-09-15 06:01:36]   [t9090 v3/6] SUCCESS (pred=dog) CTA=0.8590
[2026-09-15 06:03:17]   [t9090 v4/6] SUCCESS (pred=dog) CTA=0.8391
[2026-09-15 06:04:59]   [t9090 v5/6] SUCCESS (pred=dog) CTA=0.8533
[2026-09-15 06:06:40]   [t9090 v6/6] SUCCESS (pred=dog) CTA=0.8500
[2026-09-15 06:06:40]   target 9090, 6 victims on this gpu: ASR=100.0% CTA=0.8489 +/- 0.0076
[2026-09-15 06:06:40] === target 6033 (8/10) ===
[2026-09-15 06:14:05]   target 6033: crafted 250 poisons in 446 s, obj=0.20819
[2026-09-15 06:14:05]   target 6033: realized linf = 0.03137 (8.00/255), budget = 8.00/255
[2026-09-15 06:15:48]   [t6033 v1/6] SUCCESS (pred=dog) CTA=0.8474
[2026-09-15 06:17:31]   [t6033 v2/6] SUCCESS (pred=dog) CTA=0.8551
[2026-09-15 06:19:13]   [t6033 v3/6] SUCCESS (pred=dog) CTA=0.8472
[2026-09-15 06:20:55]   [t6033 v4/6] SUCCESS (pred=dog) CTA=0.8586
[2026-09-15 06:22:38]   [t6033 v5/6] SUCCESS (pred=dog) CTA=0.8656
[2026-09-15 06:24:20]   [t6033 v6/6] SUCCESS (pred=dog) CTA=0.8584
[2026-09-15 06:24:20]   target 6033, 6 victims on this gpu: ASR=100.0% CTA=0.8554 +/- 0.0065
[2026-09-15 06:24:20] === target 7940 (9/10) ===
[2026-09-15 06:31:47]   target 7940: crafted 250 poisons in 447 s, obj=0.28203
[2026-09-15 06:31:47]   target 7940: realized linf = 0.03137 (8.00/255), budget = 8.00/255
[2026-09-15 06:33:30]   [t7940 v1/6] SUCCESS (pred=dog) CTA=0.8669
[2026-09-15 06:35:13]   [t7940 v2/6] SUCCESS (pred=dog) CTA=0.8613
[2026-09-15 06:36:55]   [t7940 v3/6] SUCCESS (pred=dog) CTA=0.8483
[2026-09-15 06:38:38]   [t7940 v4/6] SUCCESS (pred=dog) CTA=0.8631
[2026-09-15 06:40:20]   [t7940 v5/6] SUCCESS (pred=dog) CTA=0.8636
[2026-09-15 06:42:03]   [t7940 v6/6] SUCCESS (pred=dog) CTA=0.8578
[2026-09-15 06:42:03]   target 7940, 6 victims on this gpu: ASR=100.0% CTA=0.8602 +/- 0.0060
[2026-09-15 06:42:03] === target 9731 (10/10) ===
[2026-09-15 06:49:29]   target 9731: crafted 250 poisons in 446 s, obj=0.28009
[2026-09-15 06:49:29]   target 9731: realized linf = 0.03137 (8.00/255), budget = 8.00/255
[2026-09-15 06:51:12]   [t9731 v1/6] SUCCESS (pred=dog) CTA=0.8533
[2026-09-15 06:52:54]   [t9731 v2/6] SUCCESS (pred=dog) CTA=0.8556
[2026-09-15 06:54:37]   [t9731 v3/6] SUCCESS (pred=dog) CTA=0.8541
[2026-09-15 06:56:20]   [t9731 v4/6] SUCCESS (pred=dog) CTA=0.8348
[2026-09-15 06:58:02]   [t9731 v5/6] SUCCESS (pred=dog) CTA=0.8421
[2026-09-15 06:59:45]   [t9731 v6/6] SUCCESS (pred=dog) CTA=0.8486
[2026-09-15 06:59:45]   target 9731, 6 victims on this gpu: ASR=100.0% CTA=0.8481 +/- 0.0074
[2026-09-15 06:59:45] ==== CIFAR10_VGG13BN_sapa_ours_dog-bird_b0.005_eps8_seed42_lam1_cosine_selarchConvNetBN_K1_worst0.05_ce5_tgt50 : ASR = 100.0% +/- 0.0% | CTA = 0.8526 (baseline 0.8476) ====
[2026-09-15 06:59:45]   target-prediction tally ['airplane', 'automobile', 'bird', 'cat', 'deer', 'dog', 'frog', 'horse', 'ship', 'truck']: [0, 0, 0, 0, 0, 60, 0, 0, 0, 0]
verified: 10 targets x 6 victims = 60 unique evaluations
sync: CIFAR10_VGG13BN_sapa_ours_dog-bird_b0.005_eps8_seed42_lam1_cosine_selarchConvNetBN_K1_worst0.05_ce5_tgt50 -> /home/mmoslem3/scratch/PoisonBase/cross_arch_k_10x6_result
sync: complete
